OpenJDK 64-Bit Server VM (25.212-b04) for linux-amd64 JRE (1.8.0_212-b04), built on May  4 2019 17:56:12 by "buildozer" with gcc 8.3.0
Memory: 4k page, physical 4032816k(827184k free), swap 1048572k(710560k free)
CommandLine flags: -XX:+CMSClassUnloadingEnabled -XX:CMSFullGCsBeforeCompaction=9 -XX:CMSInitiatingOccupancyFraction=60 -XX:+CMSParallelRemarkEnabled -XX:+DisableExplicitGC -XX:+ExplicitGCInvokesConcurrent -XX:GCLogFileSize=5242880 -XX:+HeapDumpOnOutOfMemoryError -XX:HeapDumpPath=/opt/logs/100003173/HeapDumpOnOutOfMemoryError/ -XX:InitialHeapSize=64525056 -XX:MaxHeapSize=1032400896 -XX:MaxNewSize=343932928 -XX:MaxTenuringThreshold=9 -XX:NumberOfGCLogFiles=5 -XX:OldPLABSize=16 -XX:-OmitStackTraceInFastThrow -XX:ParallelGCThreads=4 -XX:+PrintGC -XX:+PrintGCApplicationConcurrentTime -XX:+PrintGCDateStamps -XX:+PrintGCDetails -XX:+PrintGCTimeStamps -XX:+PrintHeapAtGC -XX:+ScavengeBeforeFullGC -XX:SoftRefLRUPolicyMSPerMB=0 -XX:+UseCMSCompactAtFullCollection -XX:+UseCMSInitiatingOccupancyOnly -XX:+UseCompressedClassPointers -XX:+UseCompressedOops -XX:+UseConcMarkSweepGC -XX:+UseGCLogFileRotation -XX:+UseParNewGC 
2022-08-07T09:30:30.556+0000: 0.406: Application time: 0.2348651 seconds
2022-08-07T09:30:30.747+0000: 0.597: Application time: 0.1901631 seconds
{Heap before GC invocations=0 (full 0):
 par new generation   total 19008K, used 16896K [0x00000000c2600000, 0x00000000c3aa0000, 0x00000000d6e00000)
  eden space 16896K, 100% used [0x00000000c2600000, 0x00000000c3680000, 0x00000000c3680000)
  from space 2112K,   0% used [0x00000000c3680000, 0x00000000c3680000, 0x00000000c3890000)
  to   space 2112K,   0% used [0x00000000c3890000, 0x00000000c3890000, 0x00000000c3aa0000)
 concurrent mark-sweep generation total 42368K, used 0K [0x00000000d6e00000, 0x00000000d9760000, 0x0000000100000000)
 Metaspace       used 4766K, capacity 5262K, committed 5376K, reserved 1056768K
  class space    used 460K, capacity 502K, committed 512K, reserved 1048576K
2022-08-07T09:30:30.747+0000: 0.597: [GC (Allocation Failure) 2022-08-07T09:30:30.747+0000: 0.597: [ParNew: 16896K->2112K(19008K), 0.0697886 secs] 16896K->9261K(61376K), 0.0704558 secs] [Times: user=0.07 sys=0.02, real=0.07 secs] 
Heap after GC invocations=1 (full 0):
 par new generation   total 19008K, used 2112K [0x00000000c2600000, 0x00000000c3aa0000, 0x00000000d6e00000)
  eden space 16896K,   0% used [0x00000000c2600000, 0x00000000c2600000, 0x00000000c3680000)
  from space 2112K, 100% used [0x00000000c3890000, 0x00000000c3aa0000, 0x00000000c3aa0000)
  to   space 2112K,   0% used [0x00000000c3680000, 0x00000000c3680000, 0x00000000c3890000)
 concurrent mark-sweep generation total 42368K, used 7149K [0x00000000d6e00000, 0x00000000d9760000, 0x0000000100000000)
 Metaspace       used 4766K, capacity 5262K, committed 5376K, reserved 1056768K
  class space    used 460K, capacity 502K, committed 512K, reserved 1048576K
}
2022-08-07T09:30:30.829+0000: 0.679: Application time: 0.0105370 seconds
2022-08-07T09:30:30.968+0000: 0.818: Application time: 0.1389956 seconds
{Heap before GC invocations=1 (full 0):
 par new generation   total 19008K, used 19008K [0x00000000c2600000, 0x00000000c3aa0000, 0x00000000d6e00000)
  eden space 16896K, 100% used [0x00000000c2600000, 0x00000000c3680000, 0x00000000c3680000)
  from space 2112K, 100% used [0x00000000c3890000, 0x00000000c3aa0000, 0x00000000c3aa0000)
  to   space 2112K,   0% used [0x00000000c3680000, 0x00000000c3680000, 0x00000000c3890000)
 concurrent mark-sweep generation total 42368K, used 7149K [0x00000000d6e00000, 0x00000000d9760000, 0x0000000100000000)
 Metaspace       used 5611K, capacity 5792K, committed 6016K, reserved 1056768K
  class space    used 575K, capacity 632K, committed 640K, reserved 1048576K
2022-08-07T09:30:30.969+0000: 0.819: [GC (Allocation Failure) 2022-08-07T09:30:30.970+0000: 0.820: [ParNew: 19008K->2112K(19008K), 0.0097327 secs] 26157K->11527K(61376K), 0.0111089 secs] [Times: user=0.02 sys=0.00, real=0.02 secs] 
Heap after GC invocations=2 (full 0):
 par new generation   total 19008K, used 2112K [0x00000000c2600000, 0x00000000c3aa0000, 0x00000000d6e00000)
  eden space 16896K,   0% used [0x00000000c2600000, 0x00000000c2600000, 0x00000000c3680000)
  from space 2112K, 100% used [0x00000000c3680000, 0x00000000c3890000, 0x00000000c3890000)
  to   space 2112K,   0% used [0x00000000c3890000, 0x00000000c3890000, 0x00000000c3aa0000)
 concurrent mark-sweep generation total 42368K, used 9415K [0x00000000d6e00000, 0x00000000d9760000, 0x0000000100000000)
 Metaspace       used 5611K, capacity 5792K, committed 6016K, reserved 1056768K
  class space    used 575K, capacity 632K, committed 640K, reserved 1048576K
}
2022-08-07T09:30:30.997+0000: 0.847: Application time: 0.0170104 seconds
2022-08-07T09:30:31.155+0000: 1.005: Application time: 0.1572361 seconds
{Heap before GC invocations=2 (full 0):
 par new generation   total 19008K, used 19008K [0x00000000c2600000, 0x00000000c3aa0000, 0x00000000d6e00000)
  eden space 16896K, 100% used [0x00000000c2600000, 0x00000000c3680000, 0x00000000c3680000)
  from space 2112K, 100% used [0x00000000c3680000, 0x00000000c3890000, 0x00000000c3890000)
  to   space 2112K,   0% used [0x00000000c3890000, 0x00000000c3890000, 0x00000000c3aa0000)
 concurrent mark-sweep generation total 42368K, used 9415K [0x00000000d6e00000, 0x00000000d9760000, 0x0000000100000000)
 Metaspace       used 6961K, capacity 7104K, committed 7296K, reserved 1056768K
  class space    used 737K, capacity 792K, committed 896K, reserved 1048576K
2022-08-07T09:30:31.156+0000: 1.006: [GC (Allocation Failure) 2022-08-07T09:30:31.156+0000: 1.006: [ParNew: 19008K->810K(19008K), 0.0030539 secs] 28423K->10225K(61376K), 0.0038422 secs] [Times: user=0.01 sys=0.00, real=0.01 secs] 
Heap after GC invocations=3 (full 0):
 par new generation   total 19008K, used 810K [0x00000000c2600000, 0x00000000c3aa0000, 0x00000000d6e00000)
  eden space 16896K,   0% used [0x00000000c2600000, 0x00000000c2600000, 0x00000000c3680000)
  from space 2112K,  38% used [0x00000000c3890000, 0x00000000c395aa10, 0x00000000c3aa0000)
  to   space 2112K,   0% used [0x00000000c3680000, 0x00000000c3680000, 0x00000000c3890000)
 concurrent mark-sweep generation total 42368K, used 9415K [0x00000000d6e00000, 0x00000000d9760000, 0x0000000100000000)
 Metaspace       used 6961K, capacity 7104K, committed 7296K, reserved 1056768K
  class space    used 737K, capacity 792K, committed 896K, reserved 1048576K
}
2022-08-07T09:30:31.238+0000: 1.088: Application time: 0.0782154 seconds
{Heap before GC invocations=3 (full 0):
 par new generation   total 19008K, used 17706K [0x00000000c2600000, 0x00000000c3aa0000, 0x00000000d6e00000)
  eden space 16896K, 100% used [0x00000000c2600000, 0x00000000c3680000, 0x00000000c3680000)
  from space 2112K,  38% used [0x00000000c3890000, 0x00000000c395aa10, 0x00000000c3aa0000)
  to   space 2112K,   0% used [0x00000000c3680000, 0x00000000c3680000, 0x00000000c3890000)
 concurrent mark-sweep generation total 42368K, used 9415K [0x00000000d6e00000, 0x00000000d9760000, 0x0000000100000000)
 Metaspace       used 7323K, capacity 7488K, committed 7552K, reserved 1056768K
  class space    used 807K, capacity 856K, committed 896K, reserved 1048576K
2022-08-07T09:30:31.239+0000: 1.089: [GC (Allocation Failure) 2022-08-07T09:30:31.239+0000: 1.089: [ParNew: 17706K->954K(19008K), 0.0105446 secs] 27121K->10369K(61376K), 0.0112212 secs] [Times: user=0.01 sys=0.00, real=0.02 secs] 
Heap after GC invocations=4 (full 0):
 par new generation   total 19008K, used 954K [0x00000000c2600000, 0x00000000c3aa0000, 0x00000000d6e00000)
  eden space 16896K,   0% used [0x00000000c2600000, 0x00000000c2600000, 0x00000000c3680000)
  from space 2112K,  45% used [0x00000000c3680000, 0x00000000c376eb10, 0x00000000c3890000)
  to   space 2112K,   0% used [0x00000000c3890000, 0x00000000c3890000, 0x00000000c3aa0000)
 concurrent mark-sweep generation total 42368K, used 9415K [0x00000000d6e00000, 0x00000000d9760000, 0x0000000100000000)
 Metaspace       used 7323K, capacity 7488K, committed 7552K, reserved 1056768K
  class space    used 807K, capacity 856K, committed 896K, reserved 1048576K
}
2022-08-07T09:30:31.297+0000: 1.147: Application time: 0.0468348 seconds
2022-08-07T09:30:31.464+0000: 1.314: Application time: 0.1661397 seconds
2022-08-07T09:30:31.520+0000: 1.370: Application time: 0.0558629 seconds
{Heap before GC invocations=4 (full 0):
 par new generation   total 19008K, used 17850K [0x00000000c2600000, 0x00000000c3aa0000, 0x00000000d6e00000)
  eden space 16896K, 100% used [0x00000000c2600000, 0x00000000c3680000, 0x00000000c3680000)
  from space 2112K,  45% used [0x00000000c3680000, 0x00000000c376eb10, 0x00000000c3890000)
  to   space 2112K,   0% used [0x00000000c3890000, 0x00000000c3890000, 0x00000000c3aa0000)
 concurrent mark-sweep generation total 42368K, used 9415K [0x00000000d6e00000, 0x00000000d9760000, 0x0000000100000000)
 Metaspace       used 9498K, capacity 9712K, committed 9856K, reserved 1058816K
  class space    used 1045K, capacity 1152K, committed 1152K, reserved 1048576K
2022-08-07T09:30:31.520+0000: 1.370: [GC (Allocation Failure) 2022-08-07T09:30:31.521+0000: 1.371: [ParNew: 17850K->1714K(19008K), 0.0034612 secs] 27265K->11129K(61376K), 0.0041547 secs] [Times: user=0.01 sys=0.00, real=0.00 secs] 
Heap after GC invocations=5 (full 0):
 par new generation   total 19008K, used 1714K [0x00000000c2600000, 0x00000000c3aa0000, 0x00000000d6e00000)
  eden space 16896K,   0% used [0x00000000c2600000, 0x00000000c2600000, 0x00000000c3680000)
  from space 2112K,  81% used [0x00000000c3890000, 0x00000000c3a3ca00, 0x00000000c3aa0000)
  to   space 2112K,   0% used [0x00000000c3680000, 0x00000000c3680000, 0x00000000c3890000)
 concurrent mark-sweep generation total 42368K, used 9415K [0x00000000d6e00000, 0x00000000d9760000, 0x0000000100000000)
 Metaspace       used 9498K, capacity 9712K, committed 9856K, reserved 1058816K
  class space    used 1045K, capacity 1152K, committed 1152K, reserved 1048576K
}
2022-08-07T09:30:31.758+0000: 1.608: Application time: 0.2327296 seconds
{Heap before GC invocations=5 (full 0):
 par new generation   total 19008K, used 18610K [0x00000000c2600000, 0x00000000c3aa0000, 0x00000000d6e00000)
  eden space 16896K, 100% used [0x00000000c2600000, 0x00000000c3680000, 0x00000000c3680000)
  from space 2112K,  81% used [0x00000000c3890000, 0x00000000c3a3ca00, 0x00000000c3aa0000)
  to   space 2112K,   0% used [0x00000000c3680000, 0x00000000c3680000, 0x00000000c3890000)
 concurrent mark-sweep generation total 42368K, used 9415K [0x00000000d6e00000, 0x00000000d9760000, 0x0000000100000000)
 Metaspace       used 10755K, capacity 11036K, committed 11136K, reserved 1058816K
  class space    used 1217K, capacity 1338K, committed 1408K, reserved 1048576K
2022-08-07T09:30:31.759+0000: 1.609: [GC (Allocation Failure) 2022-08-07T09:30:31.759+0000: 1.609: [ParNew: 18610K->1425K(19008K), 0.0161105 secs] 28025K->12097K(61376K), 0.0178253 secs] [Times: user=0.03 sys=0.01, real=0.02 secs] 
Heap after GC invocations=6 (full 0):
 par new generation   total 19008K, used 1425K [0x00000000c2600000, 0x00000000c3aa0000, 0x00000000d6e00000)
  eden space 16896K,   0% used [0x00000000c2600000, 0x00000000c2600000, 0x00000000c3680000)
  from space 2112K,  67% used [0x00000000c3680000, 0x00000000c37e45c0, 0x00000000c3890000)
  to   space 2112K,   0% used [0x00000000c3890000, 0x00000000c3890000, 0x00000000c3aa0000)
 concurrent mark-sweep generation total 42368K, used 10672K [0x00000000d6e00000, 0x00000000d9760000, 0x0000000100000000)
 Metaspace       used 10755K, capacity 11036K, committed 11136K, reserved 1058816K
  class space    used 1217K, capacity 1338K, committed 1408K, reserved 1048576K
}
2022-08-07T09:30:31.914+0000: 1.764: Application time: 0.1370145 seconds
{Heap before GC invocations=6 (full 0):
 par new generation   total 19008K, used 18321K [0x00000000c2600000, 0x00000000c3aa0000, 0x00000000d6e00000)
  eden space 16896K, 100% used [0x00000000c2600000, 0x00000000c3680000, 0x00000000c3680000)
  from space 2112K,  67% used [0x00000000c3680000, 0x00000000c37e45c0, 0x00000000c3890000)
  to   space 2112K,   0% used [0x00000000c3890000, 0x00000000c3890000, 0x00000000c3aa0000)
 concurrent mark-sweep generation total 42368K, used 10672K [0x00000000d6e00000, 0x00000000d9760000, 0x0000000100000000)
 Metaspace       used 11850K, capacity 12146K, committed 12288K, reserved 1060864K
  class space    used 1352K, capacity 1469K, committed 1536K, reserved 1048576K
2022-08-07T09:30:31.915+0000: 1.765: [GC (Allocation Failure) 2022-08-07T09:30:31.916+0000: 1.766: [ParNew: 18321K->1181K(19008K), 0.0029146 secs] 28993K->11854K(61376K), 0.0034846 secs] [Times: user=0.01 sys=0.00, real=0.00 secs] 
Heap after GC invocations=7 (full 0):
 par new generation   total 19008K, used 1181K [0x00000000c2600000, 0x00000000c3aa0000, 0x00000000d6e00000)
  eden space 16896K,   0% used [0x00000000c2600000, 0x00000000c2600000, 0x00000000c3680000)
  from space 2112K,  55% used [0x00000000c3890000, 0x00000000c39b7670, 0x00000000c3aa0000)
  to   space 2112K,   0% used [0x00000000c3680000, 0x00000000c3680000, 0x00000000c3890000)
 concurrent mark-sweep generation total 42368K, used 10672K [0x00000000d6e00000, 0x00000000d9760000, 0x0000000100000000)
 Metaspace       used 11850K, capacity 12146K, committed 12288K, reserved 1060864K
  class space    used 1352K, capacity 1469K, committed 1536K, reserved 1048576K
}
2022-08-07T09:30:31.928+0000: 1.778: Application time: 0.0083734 seconds
2022-08-07T09:30:31.929+0000: 1.779: Application time: 0.0010197 seconds
2022-08-07T09:30:32.054+0000: 1.904: Application time: 0.1238763 seconds
{Heap before GC invocations=7 (full 0):
 par new generation   total 19008K, used 18077K [0x00000000c2600000, 0x00000000c3aa0000, 0x00000000d6e00000)
  eden space 16896K, 100% used [0x00000000c2600000, 0x00000000c3680000, 0x00000000c3680000)
  from space 2112K,  55% used [0x00000000c3890000, 0x00000000c39b7670, 0x00000000c3aa0000)
  to   space 2112K,   0% used [0x00000000c3680000, 0x00000000c3680000, 0x00000000c3890000)
 concurrent mark-sweep generation total 42368K, used 10672K [0x00000000d6e00000, 0x00000000d9760000, 0x0000000100000000)
 Metaspace       used 12928K, capacity 13250K, committed 13440K, reserved 1060864K
  class space    used 1468K, capacity 1579K, committed 1664K, reserved 1048576K
2022-08-07T09:30:32.054+0000: 1.904: [GC (Allocation Failure) 2022-08-07T09:30:32.055+0000: 1.905: [ParNew: 18077K->1274K(19008K), 0.0022261 secs] 28750K->11947K(61376K), 0.0028672 secs] [Times: user=0.00 sys=0.00, real=0.00 secs] 
Heap after GC invocations=8 (full 0):
 par new generation   total 19008K, used 1274K [0x00000000c2600000, 0x00000000c3aa0000, 0x00000000d6e00000)
  eden space 16896K,   0% used [0x00000000c2600000, 0x00000000c2600000, 0x00000000c3680000)
  from space 2112K,  60% used [0x00000000c3680000, 0x00000000c37beb40, 0x00000000c3890000)
  to   space 2112K,   0% used [0x00000000c3890000, 0x00000000c3890000, 0x00000000c3aa0000)
 concurrent mark-sweep generation total 42368K, used 10672K [0x00000000d6e00000, 0x00000000d9760000, 0x0000000100000000)
 Metaspace       used 12928K, capacity 13250K, committed 13440K, reserved 1060864K
  class space    used 1468K, capacity 1579K, committed 1664K, reserved 1048576K
}
2022-08-07T09:30:32.109+0000: 1.959: Application time: 0.0514117 seconds
{Heap before GC invocations=8 (full 0):
 par new generation   total 19008K, used 18170K [0x00000000c2600000, 0x00000000c3aa0000, 0x00000000d6e00000)
  eden space 16896K, 100% used [0x00000000c2600000, 0x00000000c3680000, 0x00000000c3680000)
  from space 2112K,  60% used [0x00000000c3680000, 0x00000000c37beb40, 0x00000000c3890000)
  to   space 2112K,   0% used [0x00000000c3890000, 0x00000000c3890000, 0x00000000c3aa0000)
 concurrent mark-sweep generation total 42368K, used 10672K [0x00000000d6e00000, 0x00000000d9760000, 0x0000000100000000)
 Metaspace       used 13641K, capacity 14036K, committed 14208K, reserved 1062912K
  class space    used 1548K, capacity 1664K, committed 1664K, reserved 1048576K
2022-08-07T09:30:32.110+0000: 1.960: [GC (Allocation Failure) 2022-08-07T09:30:32.110+0000: 1.960: [ParNew: 18170K->1299K(19008K), 0.0025550 secs] 28843K->12244K(61376K), 0.0034037 secs] [Times: user=0.01 sys=0.00, real=0.00 secs] 
Heap after GC invocations=9 (full 0):
 par new generation   total 19008K, used 1299K [0x00000000c2600000, 0x00000000c3aa0000, 0x00000000d6e00000)
  eden space 16896K,   0% used [0x00000000c2600000, 0x00000000c2600000, 0x00000000c3680000)
  from space 2112K,  61% used [0x00000000c3890000, 0x00000000c39d4da0, 0x00000000c3aa0000)
  to   space 2112K,   0% used [0x00000000c3680000, 0x00000000c3680000, 0x00000000c3890000)
 concurrent mark-sweep generation total 42368K, used 10945K [0x00000000d6e00000, 0x00000000d9760000, 0x0000000100000000)
 Metaspace       used 13641K, capacity 14036K, committed 14208K, reserved 1062912K
  class space    used 1548K, capacity 1664K, committed 1664K, reserved 1048576K
}
2022-08-07T09:30:32.176+0000: 2.026: Application time: 0.0624597 seconds
{Heap before GC invocations=9 (full 0):
 par new generation   total 19008K, used 18195K [0x00000000c2600000, 0x00000000c3aa0000, 0x00000000d6e00000)
  eden space 16896K, 100% used [0x00000000c2600000, 0x00000000c3680000, 0x00000000c3680000)
  from space 2112K,  61% used [0x00000000c3890000, 0x00000000c39d4da0, 0x00000000c3aa0000)
  to   space 2112K,   0% used [0x00000000c3680000, 0x00000000c3680000, 0x00000000c3890000)
 concurrent mark-sweep generation total 42368K, used 10945K [0x00000000d6e00000, 0x00000000d9760000, 0x0000000100000000)
 Metaspace       used 14183K, capacity 14516K, committed 14592K, reserved 1062912K
  class space    used 1620K, capacity 1760K, committed 1792K, reserved 1048576K
2022-08-07T09:30:32.177+0000: 2.027: [GC (Allocation Failure) 2022-08-07T09:30:32.178+0000: 2.028: [ParNew: 18195K->1462K(19008K), 0.0023032 secs] 29140K->12407K(61376K), 0.0029740 secs] [Times: user=0.00 sys=0.00, real=0.01 secs] 
Heap after GC invocations=10 (full 0):
 par new generation   total 19008K, used 1462K [0x00000000c2600000, 0x00000000c3aa0000, 0x00000000d6e00000)
  eden space 16896K,   0% used [0x00000000c2600000, 0x00000000c2600000, 0x00000000c3680000)
  from space 2112K,  69% used [0x00000000c3680000, 0x00000000c37edba0, 0x00000000c3890000)
  to   space 2112K,   0% used [0x00000000c3890000, 0x00000000c3890000, 0x00000000c3aa0000)
 concurrent mark-sweep generation total 42368K, used 10945K [0x00000000d6e00000, 0x00000000d9760000, 0x0000000100000000)
 Metaspace       used 14183K, capacity 14516K, committed 14592K, reserved 1062912K
  class space    used 1620K, capacity 1760K, committed 1792K, reserved 1048576K
}
2022-08-07T09:30:32.230+0000: 2.080: Application time: 0.0490371 seconds
2022-08-07T09:30:32.258+0000: 2.108: Application time: 0.0275863 seconds
{Heap before GC invocations=10 (full 0):
 par new generation   total 19008K, used 18358K [0x00000000c2600000, 0x00000000c3aa0000, 0x00000000d6e00000)
  eden space 16896K, 100% used [0x00000000c2600000, 0x00000000c3680000, 0x00000000c3680000)
  from space 2112K,  69% used [0x00000000c3680000, 0x00000000c37edba0, 0x00000000c3890000)
  to   space 2112K,   0% used [0x00000000c3890000, 0x00000000c3890000, 0x00000000c3aa0000)
 concurrent mark-sweep generation total 42368K, used 10945K [0x00000000d6e00000, 0x00000000d9760000, 0x0000000100000000)
 Metaspace       used 14793K, capacity 15248K, committed 15488K, reserved 1062912K
  class space    used 1729K, capacity 1884K, committed 1920K, reserved 1048576K
2022-08-07T09:30:32.259+0000: 2.109: [GC (Allocation Failure) 2022-08-07T09:30:32.259+0000: 2.109: [ParNew: 18358K->1559K(19008K), 0.0022987 secs] 29303K->12504K(61376K), 0.0030035 secs] [Times: user=0.00 sys=0.00, real=0.01 secs] 
Heap after GC invocations=11 (full 0):
 par new generation   total 19008K, used 1559K [0x00000000c2600000, 0x00000000c3aa0000, 0x00000000d6e00000)
  eden space 16896K,   0% used [0x00000000c2600000, 0x00000000c2600000, 0x00000000c3680000)
  from space 2112K,  73% used [0x00000000c3890000, 0x00000000c3a15cb8, 0x00000000c3aa0000)
  to   space 2112K,   0% used [0x00000000c3680000, 0x00000000c3680000, 0x00000000c3890000)
 concurrent mark-sweep generation total 42368K, used 10945K [0x00000000d6e00000, 0x00000000d9760000, 0x0000000100000000)
 Metaspace       used 14793K, capacity 15248K, committed 15488K, reserved 1062912K
  class space    used 1729K, capacity 1884K, committed 1920K, reserved 1048576K
}
2022-08-07T09:30:32.300+0000: 2.150: Application time: 0.0379213 seconds
{Heap before GC invocations=11 (full 0):
 par new generation   total 19008K, used 18455K [0x00000000c2600000, 0x00000000c3aa0000, 0x00000000d6e00000)
  eden space 16896K, 100% used [0x00000000c2600000, 0x00000000c3680000, 0x00000000c3680000)
  from space 2112K,  73% used [0x00000000c3890000, 0x00000000c3a15cb8, 0x00000000c3aa0000)
  to   space 2112K,   0% used [0x00000000c3680000, 0x00000000c3680000, 0x00000000c3890000)
 concurrent mark-sweep generation total 42368K, used 10945K [0x00000000d6e00000, 0x00000000d9760000, 0x0000000100000000)
 Metaspace       used 15123K, capacity 15556K, committed 15744K, reserved 1062912K
  class space    used 1785K, capacity 1920K, committed 1920K, reserved 1048576K
2022-08-07T09:30:32.301+0000: 2.151: [GC (Allocation Failure) 2022-08-07T09:30:32.301+0000: 2.151: [ParNew: 18455K->1187K(19008K), 0.0024624 secs] 29400K->12372K(61376K), 0.0030399 secs] [Times: user=0.01 sys=0.00, real=0.00 secs] 
Heap after GC invocations=12 (full 0):
 par new generation   total 19008K, used 1187K [0x00000000c2600000, 0x00000000c3aa0000, 0x00000000d6e00000)
  eden space 16896K,   0% used [0x00000000c2600000, 0x00000000c2600000, 0x00000000c3680000)
  from space 2112K,  56% used [0x00000000c3680000, 0x00000000c37a8ec0, 0x00000000c3890000)
  to   space 2112K,   0% used [0x00000000c3890000, 0x00000000c3890000, 0x00000000c3aa0000)
 concurrent mark-sweep generation total 42368K, used 11184K [0x00000000d6e00000, 0x00000000d9760000, 0x0000000100000000)
 Metaspace       used 15123K, capacity 15556K, committed 15744K, reserved 1062912K
  class space    used 1785K, capacity 1920K, committed 1920K, reserved 1048576K
}
2022-08-07T09:30:32.332+0000: 2.182: Application time: 0.0272958 seconds
{Heap before GC invocations=12 (full 0):
 par new generation   total 19008K, used 18083K [0x00000000c2600000, 0x00000000c3aa0000, 0x00000000d6e00000)
  eden space 16896K, 100% used [0x00000000c2600000, 0x00000000c3680000, 0x00000000c3680000)
  from space 2112K,  56% used [0x00000000c3680000, 0x00000000c37a8ec0, 0x00000000c3890000)
  to   space 2112K,   0% used [0x00000000c3890000, 0x00000000c3890000, 0x00000000c3aa0000)
 concurrent mark-sweep generation total 42368K, used 11184K [0x00000000d6e00000, 0x00000000d9760000, 0x0000000100000000)
 Metaspace       used 15276K, capacity 15740K, committed 15872K, reserved 1062912K
  class space    used 1818K, capacity 1960K, committed 2048K, reserved 1048576K
2022-08-07T09:30:32.333+0000: 2.183: [GC (Allocation Failure) 2022-08-07T09:30:32.333+0000: 2.183: [ParNew: 18083K->1353K(19008K), 0.0019728 secs] 29268K->12537K(61376K), 0.0025607 secs] [Times: user=0.01 sys=0.00, real=0.00 secs] 
Heap after GC invocations=13 (full 0):
 par new generation   total 19008K, used 1353K [0x00000000c2600000, 0x00000000c3aa0000, 0x00000000d6e00000)
  eden space 16896K,   0% used [0x00000000c2600000, 0x00000000c2600000, 0x00000000c3680000)
  from space 2112K,  64% used [0x00000000c3890000, 0x00000000c39e2658, 0x00000000c3aa0000)
  to   space 2112K,   0% used [0x00000000c3680000, 0x00000000c3680000, 0x00000000c3890000)
 concurrent mark-sweep generation total 42368K, used 11184K [0x00000000d6e00000, 0x00000000d9760000, 0x0000000100000000)
 Metaspace       used 15276K, capacity 15740K, committed 15872K, reserved 1062912K
  class space    used 1818K, capacity 1960K, committed 2048K, reserved 1048576K
}
2022-08-07T09:30:32.364+0000: 2.214: Application time: 0.0282926 seconds
2022-08-07T09:30:32.384+0000: 2.234: Application time: 0.0193826 seconds
{Heap before GC invocations=13 (full 0):
 par new generation   total 19008K, used 18249K [0x00000000c2600000, 0x00000000c3aa0000, 0x00000000d6e00000)
  eden space 16896K, 100% used [0x00000000c2600000, 0x00000000c3680000, 0x00000000c3680000)
  from space 2112K,  64% used [0x00000000c3890000, 0x00000000c39e2658, 0x00000000c3aa0000)
  to   space 2112K,   0% used [0x00000000c3680000, 0x00000000c3680000, 0x00000000c3890000)
 concurrent mark-sweep generation total 42368K, used 11184K [0x00000000d6e00000, 0x00000000d9760000, 0x0000000100000000)
 Metaspace       used 15658K, capacity 16150K, committed 16512K, reserved 1062912K
  class space    used 1894K, capacity 2067K, committed 2176K, reserved 1048576K
2022-08-07T09:30:32.385+0000: 2.235: [GC (Allocation Failure) 2022-08-07T09:30:32.385+0000: 2.235: [ParNew: 18249K->1528K(19008K), 0.0023611 secs] 29433K->12713K(61376K), 0.0030976 secs] [Times: user=0.01 sys=0.00, real=0.00 secs] 
Heap after GC invocations=14 (full 0):
 par new generation   total 19008K, used 1528K [0x00000000c2600000, 0x00000000c3aa0000, 0x00000000d6e00000)
  eden space 16896K,   0% used [0x00000000c2600000, 0x00000000c2600000, 0x00000000c3680000)
  from space 2112K,  72% used [0x00000000c3680000, 0x00000000c37fe350, 0x00000000c3890000)
  to   space 2112K,   0% used [0x00000000c3890000, 0x00000000c3890000, 0x00000000c3aa0000)
 concurrent mark-sweep generation total 42368K, used 11184K [0x00000000d6e00000, 0x00000000d9760000, 0x0000000100000000)
 Metaspace       used 15658K, capacity 16150K, committed 16512K, reserved 1062912K
  class space    used 1894K, capacity 2067K, committed 2176K, reserved 1048576K
}
2022-08-07T09:30:32.451+0000: 2.301: Application time: 0.0629342 seconds
{Heap before GC invocations=14 (full 0):
 par new generation   total 19008K, used 18424K [0x00000000c2600000, 0x00000000c3aa0000, 0x00000000d6e00000)
  eden space 16896K, 100% used [0x00000000c2600000, 0x00000000c3680000, 0x00000000c3680000)
  from space 2112K,  72% used [0x00000000c3680000, 0x00000000c37fe350, 0x00000000c3890000)
  to   space 2112K,   0% used [0x00000000c3890000, 0x00000000c3890000, 0x00000000c3aa0000)
 concurrent mark-sweep generation total 42368K, used 11184K [0x00000000d6e00000, 0x00000000d9760000, 0x0000000100000000)
 Metaspace       used 16071K, capacity 16626K, committed 16768K, reserved 1064960K
  class space    used 1974K, capacity 2135K, committed 2176K, reserved 1048576K
2022-08-07T09:30:32.452+0000: 2.302: [GC (Allocation Failure) 2022-08-07T09:30:32.452+0000: 2.302: [ParNew: 18424K->1736K(19008K), 0.0028952 secs] 29609K->13150K(61376K), 0.0036367 secs] [Times: user=0.01 sys=0.00, real=0.00 secs] 
Heap after GC invocations=15 (full 0):
 par new generation   total 19008K, used 1736K [0x00000000c2600000, 0x00000000c3aa0000, 0x00000000d6e00000)
  eden space 16896K,   0% used [0x00000000c2600000, 0x00000000c2600000, 0x00000000c3680000)
  from space 2112K,  82% used [0x00000000c3890000, 0x00000000c3a42378, 0x00000000c3aa0000)
  to   space 2112K,   0% used [0x00000000c3680000, 0x00000000c3680000, 0x00000000c3890000)
 concurrent mark-sweep generation total 42368K, used 11414K [0x00000000d6e00000, 0x00000000d9760000, 0x0000000100000000)
 Metaspace       used 16071K, capacity 16626K, committed 16768K, reserved 1064960K
  class space    used 1974K, capacity 2135K, committed 2176K, reserved 1048576K
}
2022-08-07T09:30:32.539+0000: 2.389: Application time: 0.0826682 seconds
{Heap before GC invocations=15 (full 0):
 par new generation   total 19008K, used 18632K [0x00000000c2600000, 0x00000000c3aa0000, 0x00000000d6e00000)
  eden space 16896K, 100% used [0x00000000c2600000, 0x00000000c3680000, 0x00000000c3680000)
  from space 2112K,  82% used [0x00000000c3890000, 0x00000000c3a42378, 0x00000000c3aa0000)
  to   space 2112K,   0% used [0x00000000c3680000, 0x00000000c3680000, 0x00000000c3890000)
 concurrent mark-sweep generation total 42368K, used 11414K [0x00000000d6e00000, 0x00000000d9760000, 0x0000000100000000)
 Metaspace       used 16772K, capacity 17298K, committed 17408K, reserved 1064960K
  class space    used 2065K, capacity 2231K, committed 2304K, reserved 1048576K
2022-08-07T09:30:32.540+0000: 2.390: [GC (Allocation Failure) 2022-08-07T09:30:32.541+0000: 2.391: [ParNew: 18632K->2107K(19008K), 0.0060231 secs] 30046K->13900K(61376K), 0.0066615 secs] [Times: user=0.01 sys=0.00, real=0.00 secs] 
Heap after GC invocations=16 (full 0):
 par new generation   total 19008K, used 2107K [0x00000000c2600000, 0x00000000c3aa0000, 0x00000000d6e00000)
  eden space 16896K,   0% used [0x00000000c2600000, 0x00000000c2600000, 0x00000000c3680000)
  from space 2112K,  99% used [0x00000000c3680000, 0x00000000c388ed18, 0x00000000c3890000)
  to   space 2112K,   0% used [0x00000000c3890000, 0x00000000c3890000, 0x00000000c3aa0000)
 concurrent mark-sweep generation total 42368K, used 11792K [0x00000000d6e00000, 0x00000000d9760000, 0x0000000100000000)
 Metaspace       used 16772K, capacity 17298K, committed 17408K, reserved 1064960K
  class space    used 2065K, capacity 2231K, committed 2304K, reserved 1048576K
}
2022-08-07T09:30:32.605+0000: 2.455: Application time: 0.0568210 seconds
{Heap before GC invocations=16 (full 0):
 par new generation   total 19008K, used 19003K [0x00000000c2600000, 0x00000000c3aa0000, 0x00000000d6e00000)
  eden space 16896K, 100% used [0x00000000c2600000, 0x00000000c3680000, 0x00000000c3680000)
  from space 2112K,  99% used [0x00000000c3680000, 0x00000000c388ed18, 0x00000000c3890000)
  to   space 2112K,   0% used [0x00000000c3890000, 0x00000000c3890000, 0x00000000c3aa0000)
 concurrent mark-sweep generation total 42368K, used 11792K [0x00000000d6e00000, 0x00000000d9760000, 0x0000000100000000)
 Metaspace       used 17191K, capacity 17718K, committed 17920K, reserved 1064960K
  class space    used 2120K, capacity 2265K, committed 2304K, reserved 1048576K
2022-08-07T09:30:32.606+0000: 2.456: [GC (Allocation Failure) 2022-08-07T09:30:32.606+0000: 2.456: [ParNew: 19003K->1180K(19008K), 0.0026957 secs] 30796K->13399K(61376K), 0.0034000 secs] [Times: user=0.01 sys=0.00, real=0.01 secs] 
Heap after GC invocations=17 (full 0):
 par new generation   total 19008K, used 1180K [0x00000000c2600000, 0x00000000c3aa0000, 0x00000000d6e00000)
  eden space 16896K,   0% used [0x00000000c2600000, 0x00000000c2600000, 0x00000000c3680000)
  from space 2112K,  55% used [0x00000000c3890000, 0x00000000c39b7290, 0x00000000c3aa0000)
  to   space 2112K,   0% used [0x00000000c3680000, 0x00000000c3680000, 0x00000000c3890000)
 concurrent mark-sweep generation total 42368K, used 12218K [0x00000000d6e00000, 0x00000000d9760000, 0x0000000100000000)
 Metaspace       used 17191K, capacity 17718K, committed 17920K, reserved 1064960K
  class space    used 2120K, capacity 2265K, committed 2304K, reserved 1048576K
}
2022-08-07T09:30:32.673+0000: 2.523: Application time: 0.0627245 seconds
{Heap before GC invocations=17 (full 0):
 par new generation   total 19008K, used 18076K [0x00000000c2600000, 0x00000000c3aa0000, 0x00000000d6e00000)
  eden space 16896K, 100% used [0x00000000c2600000, 0x00000000c3680000, 0x00000000c3680000)
  from space 2112K,  55% used [0x00000000c3890000, 0x00000000c39b7290, 0x00000000c3aa0000)
  to   space 2112K,   0% used [0x00000000c3680000, 0x00000000c3680000, 0x00000000c3890000)
 concurrent mark-sweep generation total 42368K, used 12218K [0x00000000d6e00000, 0x00000000d9760000, 0x0000000100000000)
 Metaspace       used 17555K, capacity 18144K, committed 18304K, reserved 1064960K
  class space    used 2168K, capacity 2342K, committed 2432K, reserved 1048576K
2022-08-07T09:30:32.674+0000: 2.524: [GC (Allocation Failure) 2022-08-07T09:30:32.674+0000: 2.524: [ParNew: 18076K->989K(19008K), 0.0034947 secs] 30295K->13208K(61376K), 0.0045307 secs] [Times: user=0.02 sys=0.00, real=0.00 secs] 
Heap after GC invocations=18 (full 0):
 par new generation   total 19008K, used 989K [0x00000000c2600000, 0x00000000c3aa0000, 0x00000000d6e00000)
  eden space 16896K,   0% used [0x00000000c2600000, 0x00000000c2600000, 0x00000000c3680000)
  from space 2112K,  46% used [0x00000000c3680000, 0x00000000c37775b8, 0x00000000c3890000)
  to   space 2112K,   0% used [0x00000000c3890000, 0x00000000c3890000, 0x00000000c3aa0000)
 concurrent mark-sweep generation total 42368K, used 12218K [0x00000000d6e00000, 0x00000000d9760000, 0x0000000100000000)
 Metaspace       used 17555K, capacity 18144K, committed 18304K, reserved 1064960K
  class space    used 2168K, capacity 2342K, committed 2432K, reserved 1048576K
}
2022-08-07T09:30:32.692+0000: 2.542: Application time: 0.0122798 seconds
2022-08-07T09:30:32.770+0000: 2.620: Application time: 0.0772591 seconds
2022-08-07T09:30:32.833+0000: 2.683: Application time: 0.0622992 seconds
{Heap before GC invocations=18 (full 0):
 par new generation   total 19008K, used 17885K [0x00000000c2600000, 0x00000000c3aa0000, 0x00000000d6e00000)
  eden space 16896K, 100% used [0x00000000c2600000, 0x00000000c3680000, 0x00000000c3680000)
  from space 2112K,  46% used [0x00000000c3680000, 0x00000000c37775b8, 0x00000000c3890000)
  to   space 2112K,   0% used [0x00000000c3890000, 0x00000000c3890000, 0x00000000c3aa0000)
 concurrent mark-sweep generation total 42368K, used 12218K [0x00000000d6e00000, 0x00000000d9760000, 0x0000000100000000)
 Metaspace       used 18386K, capacity 18994K, committed 19200K, reserved 1067008K
  class space    used 2278K, capacity 2453K, committed 2560K, reserved 1048576K
2022-08-07T09:30:32.834+0000: 2.684: [GC (Allocation Failure) 2022-08-07T09:30:32.834+0000: 2.684: [ParNew: 17885K->1422K(19008K), 0.0035167 secs] 30104K->13641K(61376K), 0.0041866 secs] [Times: user=0.01 sys=0.01, real=0.00 secs] 
Heap after GC invocations=19 (full 0):
 par new generation   total 19008K, used 1422K [0x00000000c2600000, 0x00000000c3aa0000, 0x00000000d6e00000)
  eden space 16896K,   0% used [0x00000000c2600000, 0x00000000c2600000, 0x00000000c3680000)
  from space 2112K,  67% used [0x00000000c3890000, 0x00000000c39f38e0, 0x00000000c3aa0000)
  to   space 2112K,   0% used [0x00000000c3680000, 0x00000000c3680000, 0x00000000c3890000)
 concurrent mark-sweep generation total 42368K, used 12218K [0x00000000d6e00000, 0x00000000d9760000, 0x0000000100000000)
 Metaspace       used 18386K, capacity 18994K, committed 19200K, reserved 1067008K
  class space    used 2278K, capacity 2453K, committed 2560K, reserved 1048576K
}
2022-08-07T09:30:32.943+0000: 2.793: Application time: 0.1043301 seconds
{Heap before GC invocations=19 (full 0):
 par new generation   total 19008K, used 18318K [0x00000000c2600000, 0x00000000c3aa0000, 0x00000000d6e00000)
  eden space 16896K, 100% used [0x00000000c2600000, 0x00000000c3680000, 0x00000000c3680000)
  from space 2112K,  67% used [0x00000000c3890000, 0x00000000c39f38e0, 0x00000000c3aa0000)
  to   space 2112K,   0% used [0x00000000c3680000, 0x00000000c3680000, 0x00000000c3890000)
 concurrent mark-sweep generation total 42368K, used 12218K [0x00000000d6e00000, 0x00000000d9760000, 0x0000000100000000)
 Metaspace       used 19615K, capacity 20230K, committed 20608K, reserved 1067008K
  class space    used 2411K, capacity 2585K, committed 2688K, reserved 1048576K
2022-08-07T09:30:32.944+0000: 2.794: [GC (Allocation Failure) 2022-08-07T09:30:32.944+0000: 2.794: [ParNew: 18318K->1841K(19008K), 0.0030776 secs] 30537K->14265K(61376K), 0.0037896 secs] [Times: user=0.01 sys=0.00, real=0.00 secs] 
Heap after GC invocations=20 (full 0):
 par new generation   total 19008K, used 1841K [0x00000000c2600000, 0x00000000c3aa0000, 0x00000000d6e00000)
  eden space 16896K,   0% used [0x00000000c2600000, 0x00000000c2600000, 0x00000000c3680000)
  from space 2112K,  87% used [0x00000000c3680000, 0x00000000c384c5f8, 0x00000000c3890000)
  to   space 2112K,   0% used [0x00000000c3890000, 0x00000000c3890000, 0x00000000c3aa0000)
 concurrent mark-sweep generation total 42368K, used 12424K [0x00000000d6e00000, 0x00000000d9760000, 0x0000000100000000)
 Metaspace       used 19615K, capacity 20230K, committed 20608K, reserved 1067008K
  class space    used 2411K, capacity 2585K, committed 2688K, reserved 1048576K
}
2022-08-07T09:30:33.020+0000: 2.870: Application time: 0.0718548 seconds
2022-08-07T09:30:33.035+0000: 2.885: Application time: 0.0145885 seconds
{Heap before GC invocations=20 (full 0):
 par new generation   total 19008K, used 18737K [0x00000000c2600000, 0x00000000c3aa0000, 0x00000000d6e00000)
  eden space 16896K, 100% used [0x00000000c2600000, 0x00000000c3680000, 0x00000000c3680000)
  from space 2112K,  87% used [0x00000000c3680000, 0x00000000c384c5f8, 0x00000000c3890000)
  to   space 2112K,   0% used [0x00000000c3890000, 0x00000000c3890000, 0x00000000c3aa0000)
 concurrent mark-sweep generation total 42368K, used 12424K [0x00000000d6e00000, 0x00000000d9760000, 0x0000000100000000)
 Metaspace       used 20773K, capacity 21368K, committed 21552K, reserved 1069056K
  class space    used 2514K, capacity 2688K, committed 2688K, reserved 1048576K
2022-08-07T09:30:33.036+0000: 2.886: [GC (Allocation Failure) 2022-08-07T09:30:33.036+0000: 2.886: [ParNew: 18737K->1660K(19008K), 0.0042163 secs] 31161K->14696K(61376K), 0.0051048 secs] [Times: user=0.01 sys=0.01, real=0.01 secs] 
Heap after GC invocations=21 (full 0):
 par new generation   total 19008K, used 1660K [0x00000000c2600000, 0x00000000c3aa0000, 0x00000000d6e00000)
  eden space 16896K,   0% used [0x00000000c2600000, 0x00000000c2600000, 0x00000000c3680000)
  from space 2112K,  78% used [0x00000000c3890000, 0x00000000c3a2f150, 0x00000000c3aa0000)
  to   space 2112K,   0% used [0x00000000c3680000, 0x00000000c3680000, 0x00000000c3890000)
 concurrent mark-sweep generation total 42368K, used 13036K [0x00000000d6e00000, 0x00000000d9760000, 0x0000000100000000)
 Metaspace       used 20773K, capacity 21368K, committed 21552K, reserved 1069056K
  class space    used 2514K, capacity 2688K, committed 2688K, reserved 1048576K
}
2022-08-07T09:30:33.042+0000: 2.892: Application time: 0.0005159 seconds
2022-08-07T09:30:33.042+0000: 2.892: [GC (CMS Initial Mark) [1 CMS-initial-mark: 13036K(42368K)] 14844K(61376K), 0.0037020 secs] [Times: user=0.01 sys=0.01, real=0.00 secs] 
2022-08-07T09:30:33.047+0000: 2.897: [CMS-concurrent-mark-start]
2022-08-07T09:30:33.058+0000: 2.908: Application time: 0.0113148 seconds
2022-08-07T09:30:33.069+0000: 2.919: [CMS-concurrent-mark: 0.021/0.022 secs] [Times: user=0.06 sys=0.02, real=0.02 secs] 
2022-08-07T09:30:33.070+0000: 2.920: [CMS-concurrent-preclean-start]
2022-08-07T09:30:33.076+0000: 2.926: [CMS-concurrent-preclean: 0.003/0.005 secs] [Times: user=0.01 sys=0.00, real=0.00 secs] 
2022-08-07T09:30:33.076+0000: 2.926: [CMS-concurrent-abortable-preclean-start]
2022-08-07T09:30:33.096+0000: 2.946: Application time: 0.0374255 seconds
2022-08-07T09:30:33.098+0000: 2.948: Application time: 0.0012906 seconds
{Heap before GC invocations=21 (full 1):
 par new generation   total 19008K, used 18541K [0x00000000c2600000, 0x00000000c3aa0000, 0x00000000d6e00000)
  eden space 16896K,  99% used [0x00000000c2600000, 0x00000000c367c570, 0x00000000c3680000)
  from space 2112K,  78% used [0x00000000c3890000, 0x00000000c3a2f150, 0x00000000c3aa0000)
  to   space 2112K,   0% used [0x00000000c3680000, 0x00000000c3680000, 0x00000000c3890000)
 concurrent mark-sweep generation total 42368K, used 13036K [0x00000000d6e00000, 0x00000000d9760000, 0x0000000100000000)
 Metaspace       used 21287K, capacity 21880K, committed 22216K, reserved 1069056K
  class space    used 2582K, capacity 2752K, committed 2764K, reserved 1048576K
2022-08-07T09:30:33.098+0000: 2.948: [GC (Allocation Failure) 2022-08-07T09:30:33.098+0000: 2.948: [ParNew: 18541K->705K(19008K), 0.0147004 secs] 31578K->13976K(61376K), 0.0157614 secs] [Times: user=0.03 sys=0.00, real=0.02 secs] 
Heap after GC invocations=22 (full 1):
 par new generation   total 19008K, used 705K [0x00000000c2600000, 0x00000000c3aa0000, 0x00000000d6e00000)
  eden space 16896K,   0% used [0x00000000c2600000, 0x00000000c2600000, 0x00000000c3680000)
  from space 2112K,  33% used [0x00000000c3680000, 0x00000000c3730650, 0x00000000c3890000)
  to   space 2112K,   0% used [0x00000000c3890000, 0x00000000c3890000, 0x00000000c3aa0000)
 concurrent mark-sweep generation total 42368K, used 13270K [0x00000000d6e00000, 0x00000000d9760000, 0x0000000100000000)
 Metaspace       used 21287K, capacity 21880K, committed 22216K, reserved 1069056K
  class space    used 2582K, capacity 2752K, committed 2764K, reserved 1048576K
}
2022-08-07T09:30:33.127+0000: 2.977: Application time: 0.0128050 seconds
{Heap before GC invocations=22 (full 1):
 par new generation   total 19008K, used 17601K [0x00000000c2600000, 0x00000000c3aa0000, 0x00000000d6e00000)
  eden space 16896K, 100% used [0x00000000c2600000, 0x00000000c3680000, 0x00000000c3680000)
  from space 2112K,  33% used [0x00000000c3680000, 0x00000000c3730650, 0x00000000c3890000)
  to   space 2112K,   0% used [0x00000000c3890000, 0x00000000c3890000, 0x00000000c3aa0000)
 concurrent mark-sweep generation total 42368K, used 13270K [0x00000000d6e00000, 0x00000000d9760000, 0x0000000100000000)
 Metaspace       used 21384K, capacity 21976K, committed 22292K, reserved 1069056K
  class space    used 2595K, capacity 2784K, committed 2840K, reserved 1048576K
2022-08-07T09:30:33.128+0000: 2.978: [GC (Allocation Failure) 2022-08-07T09:30:33.129+0000: 2.979: [ParNew: 17601K->442K(19008K), 0.0030570 secs] 30872K->13713K(61376K), 0.0039084 secs] [Times: user=0.00 sys=0.00, real=0.01 secs] 
Heap after GC invocations=23 (full 1):
 par new generation   total 19008K, used 442K [0x00000000c2600000, 0x00000000c3aa0000, 0x00000000d6e00000)
  eden space 16896K,   0% used [0x00000000c2600000, 0x00000000c2600000, 0x00000000c3680000)
  from space 2112K,  20% used [0x00000000c3890000, 0x00000000c38fea70, 0x00000000c3aa0000)
  to   space 2112K,   0% used [0x00000000c3680000, 0x00000000c3680000, 0x00000000c3890000)
 concurrent mark-sweep generation total 42368K, used 13270K [0x00000000d6e00000, 0x00000000d9760000, 0x0000000100000000)
 Metaspace       used 21384K, capacity 21976K, committed 22292K, reserved 1069056K
  class space    used 2595K, capacity 2784K, committed 2840K, reserved 1048576K
}
2022-08-07T09:30:33.150+0000: 3.000: Application time: 0.0177814 seconds
2022-08-07T09:30:33.151+0000: 3.001: Application time: 0.0001447 seconds
2022-08-07T09:30:33.155+0000: 3.005: [CMS-concurrent-abortable-preclean: 0.019/0.079 secs] [Times: user=0.15 sys=0.05, real=0.08 secs] 
2022-08-07T09:30:33.179+0000: 3.029: Application time: 0.0273729 seconds
2022-08-07T09:30:33.180+0000: 3.030: [GC (CMS Final Remark) [YG occupancy: 12181 K (19008 K)]2022-08-07T09:30:33.181+0000: 3.031: [Rescan (parallel) , 0.0053104 secs]2022-08-07T09:30:33.186+0000: 3.036: [weak refs processing, 0.0016041 secs]2022-08-07T09:30:33.188+0000: 3.038: [class unloading, 0.0039237 secs]2022-08-07T09:30:33.193+0000: 3.043: [scrub symbol table, 0.0031138 secs]2022-08-07T09:30:33.197+0000: 3.047: [scrub string table, 0.0006437 secs][1 CMS-remark: 13270K(42368K)] 25452K(61376K), 0.0182545 secs] [Times: user=0.02 sys=0.00, real=0.01 secs] 
2022-08-07T09:30:33.199+0000: 3.049: [CMS-concurrent-sweep-start]
2022-08-07T09:30:33.200+0000: 3.050: Application time: 0.0010385 seconds
2022-08-07T09:30:33.203+0000: 3.053: Application time: 0.0035330 seconds
2022-08-07T09:30:33.206+0000: 3.056: [CMS-concurrent-sweep: 0.006/0.007 secs] [Times: user=0.02 sys=0.00, real=0.01 secs] 
2022-08-07T09:30:33.208+0000: 3.058: [CMS-concurrent-reset-start]
2022-08-07T09:30:33.244+0000: 3.094: Application time: 0.0401540 seconds
{Heap before GC invocations=23 (full 1):
 par new generation   total 19008K, used 17338K [0x00000000c2600000, 0x00000000c3aa0000, 0x00000000d6e00000)
  eden space 16896K, 100% used [0x00000000c2600000, 0x00000000c3680000, 0x00000000c3680000)
  from space 2112K,  20% used [0x00000000c3890000, 0x00000000c38fea70, 0x00000000c3aa0000)
  to   space 2112K,   0% used [0x00000000c3680000, 0x00000000c3680000, 0x00000000c3890000)
 concurrent mark-sweep generation total 42368K, used 12016K [0x00000000d6e00000, 0x00000000d9760000, 0x0000000100000000)
 Metaspace       used 22136K, capacity 22750K, committed 23008K, reserved 1069056K
  class space    used 2684K, capacity 2869K, committed 2968K, reserved 1048576K
2022-08-07T09:30:33.250+0000: 3.100: [GC (Allocation Failure) 2022-08-07T09:30:33.251+0000: 3.101: [ParNew: 17338K->1222K(19008K), 0.0029055 secs] 29355K->13239K(61376K), 0.0037381 secs] [Times: user=0.00 sys=0.00, real=0.00 secs] 
Heap after GC invocations=24 (full 1):
 par new generation   total 19008K, used 1222K [0x00000000c2600000, 0x00000000c3aa0000, 0x00000000d6e00000)
  eden space 16896K,   0% used [0x00000000c2600000, 0x00000000c2600000, 0x00000000c3680000)
  from space 2112K,  57% used [0x00000000c3680000, 0x00000000c37b1ab0, 0x00000000c3890000)
  to   space 2112K,   0% used [0x00000000c3890000, 0x00000000c3890000, 0x00000000c3aa0000)
 concurrent mark-sweep generation total 42368K, used 12016K [0x00000000d6e00000, 0x00000000d9760000, 0x0000000100000000)
 Metaspace       used 22136K, capacity 22750K, committed 23008K, reserved 1069056K
  class space    used 2684K, capacity 2869K, committed 2968K, reserved 1048576K
}
2022-08-07T09:30:33.429+0000: 3.279: [CMS-concurrent-reset: 0.209/0.221 secs] [Times: user=0.48 sys=0.20, real=0.22 secs] 
2022-08-07T09:30:33.463+0000: 3.313: Application time: 0.2083688 seconds
{Heap before GC invocations=24 (full 1):
 par new generation   total 19008K, used 18118K [0x00000000c2600000, 0x00000000c3aa0000, 0x00000000d6e00000)
  eden space 16896K, 100% used [0x00000000c2600000, 0x00000000c3680000, 0x00000000c3680000)
  from space 2112K,  57% used [0x00000000c3680000, 0x00000000c37b1ab0, 0x00000000c3890000)
  to   space 2112K,   0% used [0x00000000c3890000, 0x00000000c3890000, 0x00000000c3aa0000)
 concurrent mark-sweep generation total 42368K, used 12016K [0x00000000d6e00000, 0x00000000d9760000, 0x0000000100000000)
 Metaspace       used 22768K, capacity 23398K, committed 23704K, reserved 1071104K
  class space    used 2787K, capacity 2961K, committed 2968K, reserved 1048576K
2022-08-07T09:30:33.464+0000: 3.314: [GC (Allocation Failure) 2022-08-07T09:30:33.464+0000: 3.314: [ParNew: 18118K->1686K(19008K), 0.0046818 secs] 30135K->13848K(61376K), 0.0056834 secs] [Times: user=0.01 sys=0.00, real=0.01 secs] 
Heap after GC invocations=25 (full 1):
 par new generation   total 19008K, used 1686K [0x00000000c2600000, 0x00000000c3aa0000, 0x00000000d6e00000)
  eden space 16896K,   0% used [0x00000000c2600000, 0x00000000c2600000, 0x00000000c3680000)
  from space 2112K,  79% used [0x00000000c3890000, 0x00000000c3a35bf0, 0x00000000c3aa0000)
  to   space 2112K,   0% used [0x00000000c3680000, 0x00000000c3680000, 0x00000000c3890000)
 concurrent mark-sweep generation total 42368K, used 12161K [0x00000000d6e00000, 0x00000000d9760000, 0x0000000100000000)
 Metaspace       used 22768K, capacity 23398K, committed 23704K, reserved 1071104K
  class space    used 2787K, capacity 2961K, committed 2968K, reserved 1048576K
}
2022-08-07T09:30:33.535+0000: 3.385: Application time: 0.0646945 seconds
2022-08-07T09:30:33.573+0000: 3.423: Application time: 0.0367944 seconds
{Heap before GC invocations=25 (full 1):
 par new generation   total 19008K, used 18582K [0x00000000c2600000, 0x00000000c3aa0000, 0x00000000d6e00000)
  eden space 16896K, 100% used [0x00000000c2600000, 0x00000000c3680000, 0x00000000c3680000)
  from space 2112K,  79% used [0x00000000c3890000, 0x00000000c3a35bf0, 0x00000000c3aa0000)
  to   space 2112K,   0% used [0x00000000c3680000, 0x00000000c3680000, 0x00000000c3890000)
 concurrent mark-sweep generation total 42368K, used 12161K [0x00000000d6e00000, 0x00000000d9760000, 0x0000000100000000)
 Metaspace       used 23407K, capacity 24066K, committed 24344K, reserved 1071104K
  class space    used 2867K, capacity 3031K, committed 3096K, reserved 1048576K
2022-08-07T09:30:33.574+0000: 3.424: [GC (Allocation Failure) 2022-08-07T09:30:33.574+0000: 3.424: [ParNew: 18582K->1725K(19008K), 0.0136521 secs] 30744K->14891K(61376K), 0.0147371 secs] [Times: user=0.02 sys=0.01, real=0.01 secs] 
Heap after GC invocations=26 (full 1):
 par new generation   total 19008K, used 1725K [0x00000000c2600000, 0x00000000c3aa0000, 0x00000000d6e00000)
  eden space 16896K,   0% used [0x00000000c2600000, 0x00000000c2600000, 0x00000000c3680000)
  from space 2112K,  81% used [0x00000000c3680000, 0x00000000c382f738, 0x00000000c3890000)
  to   space 2112K,   0% used [0x00000000c3890000, 0x00000000c3890000, 0x00000000c3aa0000)
 concurrent mark-sweep generation total 42368K, used 13166K [0x00000000d6e00000, 0x00000000d9760000, 0x0000000100000000)
 Metaspace       used 23407K, capacity 24066K, committed 24344K, reserved 1071104K
  class space    used 2867K, capacity 3031K, committed 3096K, reserved 1048576K
}
2022-08-07T09:30:33.734+0000: 3.584: Application time: 0.1449109 seconds
{Heap before GC invocations=26 (full 1):
 par new generation   total 19008K, used 18621K [0x00000000c2600000, 0x00000000c3aa0000, 0x00000000d6e00000)
  eden space 16896K, 100% used [0x00000000c2600000, 0x00000000c3680000, 0x00000000c3680000)
  from space 2112K,  81% used [0x00000000c3680000, 0x00000000c382f738, 0x00000000c3890000)
  to   space 2112K,   0% used [0x00000000c3890000, 0x00000000c3890000, 0x00000000c3aa0000)
 concurrent mark-sweep generation total 42368K, used 13166K [0x00000000d6e00000, 0x00000000d9760000, 0x0000000100000000)
 Metaspace       used 23704K, capacity 24402K, committed 24600K, reserved 1071104K
  class space    used 2887K, capacity 3053K, committed 3096K, reserved 1048576K
2022-08-07T09:30:33.735+0000: 3.585: [GC (Allocation Failure) 2022-08-07T09:30:33.735+0000: 3.586: [ParNew: 18621K->1933K(19008K), 0.0096368 secs] 31787K->15629K(61376K), 0.0104803 secs] [Times: user=0.03 sys=0.00, real=0.01 secs] 
Heap after GC invocations=27 (full 1):
 par new generation   total 19008K, used 1933K [0x00000000c2600000, 0x00000000c3aa0000, 0x00000000d6e00000)
  eden space 16896K,   0% used [0x00000000c2600000, 0x00000000c2600000, 0x00000000c3680000)
  from space 2112K,  91% used [0x00000000c3890000, 0x00000000c3a73600, 0x00000000c3aa0000)
  to   space 2112K,   0% used [0x00000000c3680000, 0x00000000c3680000, 0x00000000c3890000)
 concurrent mark-sweep generation total 42368K, used 13695K [0x00000000d6e00000, 0x00000000d9760000, 0x0000000100000000)
 Metaspace       used 23704K, capacity 24402K, committed 24600K, reserved 1071104K
  class space    used 2887K, capacity 3053K, committed 3096K, reserved 1048576K
}
2022-08-07T09:30:33.898+0000: 3.748: Application time: 0.1514121 seconds
{Heap before GC invocations=27 (full 1):
 par new generation   total 19008K, used 18829K [0x00000000c2600000, 0x00000000c3aa0000, 0x00000000d6e00000)
  eden space 16896K, 100% used [0x00000000c2600000, 0x00000000c3680000, 0x00000000c3680000)
  from space 2112K,  91% used [0x00000000c3890000, 0x00000000c3a73600, 0x00000000c3aa0000)
  to   space 2112K,   0% used [0x00000000c3680000, 0x00000000c3680000, 0x00000000c3890000)
 concurrent mark-sweep generation total 42368K, used 13695K [0x00000000d6e00000, 0x00000000d9760000, 0x0000000100000000)
 Metaspace       used 24224K, capacity 24958K, committed 25240K, reserved 1071104K
  class space    used 2939K, capacity 3151K, committed 3224K, reserved 1048576K
2022-08-07T09:30:33.905+0000: 3.755: [GC (Allocation Failure) 2022-08-07T09:30:33.905+0000: 3.755: [ParNew: 18829K->2111K(19008K), 0.0174822 secs] 32525K->16959K(61376K), 0.0203832 secs] [Times: user=0.03 sys=0.01, real=0.02 secs] 
Heap after GC invocations=28 (full 1):
 par new generation   total 19008K, used 2111K [0x00000000c2600000, 0x00000000c3aa0000, 0x00000000d6e00000)
  eden space 16896K,   0% used [0x00000000c2600000, 0x00000000c2600000, 0x00000000c3680000)
  from space 2112K,  99% used [0x00000000c3680000, 0x00000000c388fca0, 0x00000000c3890000)
  to   space 2112K,   0% used [0x00000000c3890000, 0x00000000c3890000, 0x00000000c3aa0000)
 concurrent mark-sweep generation total 42368K, used 14848K [0x00000000d6e00000, 0x00000000d9760000, 0x0000000100000000)
 Metaspace       used 24224K, capacity 24958K, committed 25240K, reserved 1071104K
  class space    used 2939K, capacity 3151K, committed 3224K, reserved 1048576K
}
2022-08-07T09:30:34.026+0000: 3.876: Application time: 0.0994938 seconds
{Heap before GC invocations=28 (full 1):
 par new generation   total 19008K, used 19007K [0x00000000c2600000, 0x00000000c3aa0000, 0x00000000d6e00000)
  eden space 16896K, 100% used [0x00000000c2600000, 0x00000000c3680000, 0x00000000c3680000)
  from space 2112K,  99% used [0x00000000c3680000, 0x00000000c388fca0, 0x00000000c3890000)
  to   space 2112K,   0% used [0x00000000c3890000, 0x00000000c3890000, 0x00000000c3aa0000)
 concurrent mark-sweep generation total 42368K, used 14848K [0x00000000d6e00000, 0x00000000d9760000, 0x0000000100000000)
 Metaspace       used 24776K, capacity 25528K, committed 25752K, reserved 1071104K
  class space    used 3008K, capacity 3190K, committed 3224K, reserved 1048576K
2022-08-07T09:30:34.039+0000: 3.889: [GC (Allocation Failure) 2022-08-07T09:30:34.039+0000: 3.889: [ParNew: 19007K->1114K(19008K), 0.0263951 secs] 33855K->16751K(61376K), 0.0276790 secs] [Times: user=0.08 sys=0.01, real=0.05 secs] 
Heap after GC invocations=29 (full 1):
 par new generation   total 19008K, used 1114K [0x00000000c2600000, 0x00000000c3aa0000, 0x00000000d6e00000)
  eden space 16896K,   0% used [0x00000000c2600000, 0x00000000c2600000, 0x00000000c3680000)
  from space 2112K,  52% used [0x00000000c3890000, 0x00000000c39a6860, 0x00000000c3aa0000)
  to   space 2112K,   0% used [0x00000000c3680000, 0x00000000c3680000, 0x00000000c3890000)
 concurrent mark-sweep generation total 42368K, used 15636K [0x00000000d6e00000, 0x00000000d9760000, 0x0000000100000000)
 Metaspace       used 24776K, capacity 25528K, committed 25752K, reserved 1071104K
  class space    used 3008K, capacity 3190K, committed 3224K, reserved 1048576K
}
2022-08-07T09:30:34.120+0000: 3.970: Application time: 0.0320827 seconds
{Heap before GC invocations=29 (full 1):
 par new generation   total 19008K, used 18010K [0x00000000c2600000, 0x00000000c3aa0000, 0x00000000d6e00000)
  eden space 16896K, 100% used [0x00000000c2600000, 0x00000000c3680000, 0x00000000c3680000)
  from space 2112K,  52% used [0x00000000c3890000, 0x00000000c39a6860, 0x00000000c3aa0000)
  to   space 2112K,   0% used [0x00000000c3680000, 0x00000000c3680000, 0x00000000c3890000)
 concurrent mark-sweep generation total 42368K, used 15636K [0x00000000d6e00000, 0x00000000d9760000, 0x0000000100000000)
 Metaspace       used 25032K, capacity 25720K, committed 25880K, reserved 1071104K
  class space    used 3036K, capacity 3254K, committed 3352K, reserved 1048576K
2022-08-07T09:30:34.122+0000: 3.972: [GC (Allocation Failure) 2022-08-07T09:30:34.122+0000: 3.972: [ParNew: 18010K->1241K(19008K), 0.0035583 secs] 33647K->16878K(61376K), 0.0044075 secs] [Times: user=0.01 sys=0.00, real=0.00 secs] 
Heap after GC invocations=30 (full 1):
 par new generation   total 19008K, used 1241K [0x00000000c2600000, 0x00000000c3aa0000, 0x00000000d6e00000)
  eden space 16896K,   0% used [0x00000000c2600000, 0x00000000c2600000, 0x00000000c3680000)
  from space 2112K,  58% used [0x00000000c3680000, 0x00000000c37b67b8, 0x00000000c3890000)
  to   space 2112K,   0% used [0x00000000c3890000, 0x00000000c3890000, 0x00000000c3aa0000)
 concurrent mark-sweep generation total 42368K, used 15636K [0x00000000d6e00000, 0x00000000d9760000, 0x0000000100000000)
 Metaspace       used 25032K, capacity 25720K, committed 25880K, reserved 1071104K
  class space    used 3036K, capacity 3254K, committed 3352K, reserved 1048576K
}
2022-08-07T09:30:34.157+0000: 4.007: Application time: 0.0302012 seconds
{Heap before GC invocations=30 (full 1):
 par new generation   total 19008K, used 18137K [0x00000000c2600000, 0x00000000c3aa0000, 0x00000000d6e00000)
  eden space 16896K, 100% used [0x00000000c2600000, 0x00000000c3680000, 0x00000000c3680000)
  from space 2112K,  58% used [0x00000000c3680000, 0x00000000c37b67b8, 0x00000000c3890000)
  to   space 2112K,   0% used [0x00000000c3890000, 0x00000000c3890000, 0x00000000c3aa0000)
 concurrent mark-sweep generation total 42368K, used 15636K [0x00000000d6e00000, 0x00000000d9760000, 0x0000000100000000)
 Metaspace       used 25249K, capacity 25976K, committed 26136K, reserved 1073152K
  class space    used 3060K, capacity 3254K, committed 3352K, reserved 1048576K
2022-08-07T09:30:34.161+0000: 4.011: [GC (Allocation Failure) 2022-08-07T09:30:34.161+0000: 4.011: [ParNew: 18137K->1547K(19008K), 0.0047450 secs] 33774K->17184K(61376K), 0.0056251 secs] [Times: user=0.01 sys=0.00, real=0.00 secs] 
Heap after GC invocations=31 (full 1):
 par new generation   total 19008K, used 1547K [0x00000000c2600000, 0x00000000c3aa0000, 0x00000000d6e00000)
  eden space 16896K,   0% used [0x00000000c2600000, 0x00000000c2600000, 0x00000000c3680000)
  from space 2112K,  73% used [0x00000000c3890000, 0x00000000c3a12d10, 0x00000000c3aa0000)
  to   space 2112K,   0% used [0x00000000c3680000, 0x00000000c3680000, 0x00000000c3890000)
 concurrent mark-sweep generation total 42368K, used 15636K [0x00000000d6e00000, 0x00000000d9760000, 0x0000000100000000)
 Metaspace       used 25249K, capacity 25976K, committed 26136K, reserved 1073152K
  class space    used 3060K, capacity 3254K, committed 3352K, reserved 1048576K
}
2022-08-07T09:30:34.185+0000: 4.035: Application time: 0.0169565 seconds
{Heap before GC invocations=31 (full 1):
 par new generation   total 19008K, used 18443K [0x00000000c2600000, 0x00000000c3aa0000, 0x00000000d6e00000)
  eden space 16896K, 100% used [0x00000000c2600000, 0x00000000c3680000, 0x00000000c3680000)
  from space 2112K,  73% used [0x00000000c3890000, 0x00000000c3a12d10, 0x00000000c3aa0000)
  to   space 2112K,   0% used [0x00000000c3680000, 0x00000000c3680000, 0x00000000c3890000)
 concurrent mark-sweep generation total 42368K, used 15636K [0x00000000d6e00000, 0x00000000d9760000, 0x0000000100000000)
 Metaspace       used 25264K, capacity 25976K, committed 26136K, reserved 1073152K
  class space    used 3063K, capacity 3254K, committed 3352K, reserved 1048576K
2022-08-07T09:30:34.185+0000: 4.035: [GC (Allocation Failure) 2022-08-07T09:30:34.186+0000: 4.036: [ParNew: 18443K->1079K(19008K), 0.0021468 secs] 34080K->16716K(61376K), 0.0028408 secs] [Times: user=0.01 sys=0.01, real=0.00 secs] 
Heap after GC invocations=32 (full 1):
 par new generation   total 19008K, used 1079K [0x00000000c2600000, 0x00000000c3aa0000, 0x00000000d6e00000)
  eden space 16896K,   0% used [0x00000000c2600000, 0x00000000c2600000, 0x00000000c3680000)
  from space 2112K,  51% used [0x00000000c3680000, 0x00000000c378dd58, 0x00000000c3890000)
  to   space 2112K,   0% used [0x00000000c3890000, 0x00000000c3890000, 0x00000000c3aa0000)
 concurrent mark-sweep generation total 42368K, used 15636K [0x00000000d6e00000, 0x00000000d9760000, 0x0000000100000000)
 Metaspace       used 25264K, capacity 25976K, committed 26136K, reserved 1073152K
  class space    used 3063K, capacity 3254K, committed 3352K, reserved 1048576K
}
2022-08-07T09:30:34.232+0000: 4.082: Application time: 0.0433040 seconds
{Heap before GC invocations=32 (full 1):
 par new generation   total 19008K, used 17975K [0x00000000c2600000, 0x00000000c3aa0000, 0x00000000d6e00000)
  eden space 16896K, 100% used [0x00000000c2600000, 0x00000000c3680000, 0x00000000c3680000)
  from space 2112K,  51% used [0x00000000c3680000, 0x00000000c378dd58, 0x00000000c3890000)
  to   space 2112K,   0% used [0x00000000c3890000, 0x00000000c3890000, 0x00000000c3aa0000)
 concurrent mark-sweep generation total 42368K, used 15636K [0x00000000d6e00000, 0x00000000d9760000, 0x0000000100000000)
 Metaspace       used 25340K, capacity 26080K, committed 26392K, reserved 1073152K
  class space    used 3079K, capacity 3286K, committed 3352K, reserved 1048576K
2022-08-07T09:30:34.234+0000: 4.084: [GC (Allocation Failure) 2022-08-07T09:30:34.234+0000: 4.084: [ParNew: 17975K->1367K(19008K), 0.0113604 secs] 33612K->17004K(61376K), 0.0120902 secs] [Times: user=0.01 sys=0.00, real=0.01 secs] 
Heap after GC invocations=33 (full 1):
 par new generation   total 19008K, used 1367K [0x00000000c2600000, 0x00000000c3aa0000, 0x00000000d6e00000)
  eden space 16896K,   0% used [0x00000000c2600000, 0x00000000c2600000, 0x00000000c3680000)
  from space 2112K,  64% used [0x00000000c3890000, 0x00000000c39e5ee8, 0x00000000c3aa0000)
  to   space 2112K,   0% used [0x00000000c3680000, 0x00000000c3680000, 0x00000000c3890000)
 concurrent mark-sweep generation total 42368K, used 15636K [0x00000000d6e00000, 0x00000000d9760000, 0x0000000100000000)
 Metaspace       used 25340K, capacity 26080K, committed 26392K, reserved 1073152K
  class space    used 3079K, capacity 3286K, committed 3352K, reserved 1048576K
}
2022-08-07T09:30:34.282+0000: 4.132: Application time: 0.0357466 seconds
{Heap before GC invocations=33 (full 1):
 par new generation   total 19008K, used 18263K [0x00000000c2600000, 0x00000000c3aa0000, 0x00000000d6e00000)
  eden space 16896K, 100% used [0x00000000c2600000, 0x00000000c3680000, 0x00000000c3680000)
  from space 2112K,  64% used [0x00000000c3890000, 0x00000000c39e5ee8, 0x00000000c3aa0000)
  to   space 2112K,   0% used [0x00000000c3680000, 0x00000000c3680000, 0x00000000c3890000)
 concurrent mark-sweep generation total 42368K, used 15636K [0x00000000d6e00000, 0x00000000d9760000, 0x0000000100000000)
 Metaspace       used 25345K, capacity 26080K, committed 26392K, reserved 1073152K
  class space    used 3079K, capacity 3286K, committed 3352K, reserved 1048576K
2022-08-07T09:30:34.284+0000: 4.134: [GC (Allocation Failure) 2022-08-07T09:30:34.287+0000: 4.137: [ParNew: 18263K->1063K(19008K), 0.0038240 secs] 33900K->16700K(61376K), 0.0078369 secs] [Times: user=0.01 sys=0.00, real=0.01 secs] 
Heap after GC invocations=34 (full 1):
 par new generation   total 19008K, used 1063K [0x00000000c2600000, 0x00000000c3aa0000, 0x00000000d6e00000)
  eden space 16896K,   0% used [0x00000000c2600000, 0x00000000c2600000, 0x00000000c3680000)
  from space 2112K,  50% used [0x00000000c3680000, 0x00000000c3789e10, 0x00000000c3890000)
  to   space 2112K,   0% used [0x00000000c3890000, 0x00000000c3890000, 0x00000000c3aa0000)
 concurrent mark-sweep generation total 42368K, used 15636K [0x00000000d6e00000, 0x00000000d9760000, 0x0000000100000000)
 Metaspace       used 25345K, capacity 26080K, committed 26392K, reserved 1073152K
  class space    used 3079K, capacity 3286K, committed 3352K, reserved 1048576K
}
2022-08-07T09:30:34.320+0000: 4.170: Application time: 0.0277587 seconds
{Heap before GC invocations=34 (full 1):
 par new generation   total 19008K, used 17959K [0x00000000c2600000, 0x00000000c3aa0000, 0x00000000d6e00000)
  eden space 16896K, 100% used [0x00000000c2600000, 0x00000000c3680000, 0x00000000c3680000)
  from space 2112K,  50% used [0x00000000c3680000, 0x00000000c3789e10, 0x00000000c3890000)
  to   space 2112K,   0% used [0x00000000c3890000, 0x00000000c3890000, 0x00000000c3aa0000)
 concurrent mark-sweep generation total 42368K, used 15636K [0x00000000d6e00000, 0x00000000d9760000, 0x0000000100000000)
 Metaspace       used 25346K, capacity 26080K, committed 26392K, reserved 1073152K
  class space    used 3079K, capacity 3286K, committed 3352K, reserved 1048576K
2022-08-07T09:30:34.321+0000: 4.171: [GC (Allocation Failure) 2022-08-07T09:30:34.322+0000: 4.172: [ParNew: 17959K->1108K(19008K), 0.0043934 secs] 33596K->16745K(61376K), 0.0055618 secs] [Times: user=0.00 sys=0.00, real=0.00 secs] 
Heap after GC invocations=35 (full 1):
 par new generation   total 19008K, used 1108K [0x00000000c2600000, 0x00000000c3aa0000, 0x00000000d6e00000)
  eden space 16896K,   0% used [0x00000000c2600000, 0x00000000c2600000, 0x00000000c3680000)
  from space 2112K,  52% used [0x00000000c3890000, 0x00000000c39a53f0, 0x00000000c3aa0000)
  to   space 2112K,   0% used [0x00000000c3680000, 0x00000000c3680000, 0x00000000c3890000)
 concurrent mark-sweep generation total 42368K, used 15636K [0x00000000d6e00000, 0x00000000d9760000, 0x0000000100000000)
 Metaspace       used 25346K, capacity 26080K, committed 26392K, reserved 1073152K
  class space    used 3079K, capacity 3286K, committed 3352K, reserved 1048576K
}
2022-08-07T09:30:34.347+0000: 4.197: Application time: 0.0196793 seconds
2022-08-07T09:30:34.361+0000: 4.211: Application time: 0.0130439 seconds
{Heap before GC invocations=35 (full 1):
 par new generation   total 19008K, used 18004K [0x00000000c2600000, 0x00000000c3aa0000, 0x00000000d6e00000)
  eden space 16896K, 100% used [0x00000000c2600000, 0x00000000c3680000, 0x00000000c3680000)
  from space 2112K,  52% used [0x00000000c3890000, 0x00000000c39a53f0, 0x00000000c3aa0000)
  to   space 2112K,   0% used [0x00000000c3680000, 0x00000000c3680000, 0x00000000c3890000)
 concurrent mark-sweep generation total 42368K, used 15636K [0x00000000d6e00000, 0x00000000d9760000, 0x0000000100000000)
 Metaspace       used 25356K, capacity 26080K, committed 26392K, reserved 1073152K
  class space    used 3079K, capacity 3286K, committed 3352K, reserved 1048576K
2022-08-07T09:30:34.362+0000: 4.212: [GC (Allocation Failure) 2022-08-07T09:30:34.362+0000: 4.212: [ParNew: 18004K->1158K(19008K), 0.0042978 secs] 33641K->16795K(61376K), 0.0053836 secs] [Times: user=0.02 sys=0.00, real=0.00 secs] 
Heap after GC invocations=36 (full 1):
 par new generation   total 19008K, used 1158K [0x00000000c2600000, 0x00000000c3aa0000, 0x00000000d6e00000)
  eden space 16896K,   0% used [0x00000000c2600000, 0x00000000c2600000, 0x00000000c3680000)
  from space 2112K,  54% used [0x00000000c3680000, 0x00000000c37a1938, 0x00000000c3890000)
  to   space 2112K,   0% used [0x00000000c3890000, 0x00000000c3890000, 0x00000000c3aa0000)
 concurrent mark-sweep generation total 42368K, used 15636K [0x00000000d6e00000, 0x00000000d9760000, 0x0000000100000000)
 Metaspace       used 25356K, capacity 26080K, committed 26392K, reserved 1073152K
  class space    used 3079K, capacity 3286K, committed 3352K, reserved 1048576K
}
2022-08-07T09:30:34.385+0000: 4.235: Application time: 0.0165044 seconds
2022-08-07T09:30:34.397+0000: 4.247: Application time: 0.0112425 seconds
{Heap before GC invocations=36 (full 1):
 par new generation   total 19008K, used 18054K [0x00000000c2600000, 0x00000000c3aa0000, 0x00000000d6e00000)
  eden space 16896K, 100% used [0x00000000c2600000, 0x00000000c3680000, 0x00000000c3680000)
  from space 2112K,  54% used [0x00000000c3680000, 0x00000000c37a1938, 0x00000000c3890000)
  to   space 2112K,   0% used [0x00000000c3890000, 0x00000000c3890000, 0x00000000c3aa0000)
 concurrent mark-sweep generation total 42368K, used 15636K [0x00000000d6e00000, 0x00000000d9760000, 0x0000000100000000)
 Metaspace       used 25359K, capacity 26080K, committed 26392K, reserved 1073152K
  class space    used 3079K, capacity 3286K, committed 3352K, reserved 1048576K
2022-08-07T09:30:34.398+0000: 4.248: [GC (Allocation Failure) 2022-08-07T09:30:34.399+0000: 4.249: [ParNew: 18054K->1156K(19008K), 0.0036630 secs] 33691K->16793K(61376K), 0.0047232 secs] [Times: user=0.01 sys=0.00, real=0.01 secs] 
Heap after GC invocations=37 (full 1):
 par new generation   total 19008K, used 1156K [0x00000000c2600000, 0x00000000c3aa0000, 0x00000000d6e00000)
  eden space 16896K,   0% used [0x00000000c2600000, 0x00000000c2600000, 0x00000000c3680000)
  from space 2112K,  54% used [0x00000000c3890000, 0x00000000c39b10c8, 0x00000000c3aa0000)
  to   space 2112K,   0% used [0x00000000c3680000, 0x00000000c3680000, 0x00000000c3890000)
 concurrent mark-sweep generation total 42368K, used 15636K [0x00000000d6e00000, 0x00000000d9760000, 0x0000000100000000)
 Metaspace       used 25359K, capacity 26080K, committed 26392K, reserved 1073152K
  class space    used 3079K, capacity 3286K, committed 3352K, reserved 1048576K
}
2022-08-07T09:30:34.404+0000: 4.254: Application time: 0.0004455 seconds
2022-08-07T09:30:34.408+0000: 4.258: Application time: 0.0002936 seconds
2022-08-07T09:30:34.424+0000: 4.274: Application time: 0.0150057 seconds
{Heap before GC invocations=37 (full 1):
 par new generation   total 19008K, used 18052K [0x00000000c2600000, 0x00000000c3aa0000, 0x00000000d6e00000)
  eden space 16896K, 100% used [0x00000000c2600000, 0x00000000c3680000, 0x00000000c3680000)
  from space 2112K,  54% used [0x00000000c3890000, 0x00000000c39b10c8, 0x00000000c3aa0000)
  to   space 2112K,   0% used [0x00000000c3680000, 0x00000000c3680000, 0x00000000c3890000)
 concurrent mark-sweep generation total 42368K, used 15636K [0x00000000d6e00000, 0x00000000d9760000, 0x0000000100000000)
 Metaspace       used 25359K, capacity 26080K, committed 26392K, reserved 1073152K
  class space    used 3079K, capacity 3286K, committed 3352K, reserved 1048576K
2022-08-07T09:30:34.425+0000: 4.275: [GC (Allocation Failure) 2022-08-07T09:30:34.425+0000: 4.275: [ParNew: 18052K->1115K(19008K), 0.0050576 secs] 33689K->17111K(61376K), 0.0059888 secs] [Times: user=0.01 sys=0.00, real=0.01 secs] 
Heap after GC invocations=38 (full 1):
 par new generation   total 19008K, used 1115K [0x00000000c2600000, 0x00000000c3aa0000, 0x00000000d6e00000)
  eden space 16896K,   0% used [0x00000000c2600000, 0x00000000c2600000, 0x00000000c3680000)
  from space 2112K,  52% used [0x00000000c3680000, 0x00000000c3796d68, 0x00000000c3890000)
  to   space 2112K,   0% used [0x00000000c3890000, 0x00000000c3890000, 0x00000000c3aa0000)
 concurrent mark-sweep generation total 42368K, used 15995K [0x00000000d6e00000, 0x00000000d9760000, 0x0000000100000000)
 Metaspace       used 25359K, capacity 26080K, committed 26392K, reserved 1073152K
  class space    used 3079K, capacity 3286K, committed 3352K, reserved 1048576K
}
2022-08-07T09:30:34.444+0000: 4.294: Application time: 0.0130730 seconds
2022-08-07T09:30:34.449+0000: 4.299: Application time: 0.0037495 seconds
{Heap before GC invocations=38 (full 1):
 par new generation   total 19008K, used 18011K [0x00000000c2600000, 0x00000000c3aa0000, 0x00000000d6e00000)
  eden space 16896K, 100% used [0x00000000c2600000, 0x00000000c3680000, 0x00000000c3680000)
  from space 2112K,  52% used [0x00000000c3680000, 0x00000000c3796d68, 0x00000000c3890000)
  to   space 2112K,   0% used [0x00000000c3890000, 0x00000000c3890000, 0x00000000c3aa0000)
 concurrent mark-sweep generation total 42368K, used 15995K [0x00000000d6e00000, 0x00000000d9760000, 0x0000000100000000)
 Metaspace       used 25365K, capacity 26080K, committed 26392K, reserved 1073152K
  class space    used 3079K, capacity 3286K, committed 3352K, reserved 1048576K
2022-08-07T09:30:34.449+0000: 4.299: [GC (Allocation Failure) 2022-08-07T09:30:34.450+0000: 4.300: [ParNew: 18011K->665K(19008K), 0.0029533 secs] 34007K->16728K(61376K), 0.0038254 secs] [Times: user=0.01 sys=0.00, real=0.00 secs] 
Heap after GC invocations=39 (full 1):
 par new generation   total 19008K, used 665K [0x00000000c2600000, 0x00000000c3aa0000, 0x00000000d6e00000)
  eden space 16896K,   0% used [0x00000000c2600000, 0x00000000c2600000, 0x00000000c3680000)
  from space 2112K,  31% used [0x00000000c3890000, 0x00000000c3936440, 0x00000000c3aa0000)
  to   space 2112K,   0% used [0x00000000c3680000, 0x00000000c3680000, 0x00000000c3890000)
 concurrent mark-sweep generation total 42368K, used 16063K [0x00000000d6e00000, 0x00000000d9760000, 0x0000000100000000)
 Metaspace       used 25365K, capacity 26080K, committed 26392K, reserved 1073152K
  class space    used 3079K, capacity 3286K, committed 3352K, reserved 1048576K
}
2022-08-07T09:30:34.519+0000: 4.369: Application time: 0.0645888 seconds
{Heap before GC invocations=39 (full 1):
 par new generation   total 19008K, used 17561K [0x00000000c2600000, 0x00000000c3aa0000, 0x00000000d6e00000)
  eden space 16896K, 100% used [0x00000000c2600000, 0x00000000c3680000, 0x00000000c3680000)
  from space 2112K,  31% used [0x00000000c3890000, 0x00000000c3936440, 0x00000000c3aa0000)
  to   space 2112K,   0% used [0x00000000c3680000, 0x00000000c3680000, 0x00000000c3890000)
 concurrent mark-sweep generation total 42368K, used 16063K [0x00000000d6e00000, 0x00000000d9760000, 0x0000000100000000)
 Metaspace       used 25455K, capacity 26236K, committed 26392K, reserved 1073152K
  class space    used 3090K, capacity 3292K, committed 3352K, reserved 1048576K
2022-08-07T09:30:34.519+0000: 4.369: [GC (Allocation Failure) 2022-08-07T09:30:34.520+0000: 4.370: [ParNew: 17561K->484K(19008K), 0.0031029 secs] 33624K->16668K(61376K), 0.0041946 secs] [Times: user=0.01 sys=0.00, real=0.00 secs] 
Heap after GC invocations=40 (full 1):
 par new generation   total 19008K, used 484K [0x00000000c2600000, 0x00000000c3aa0000, 0x00000000d6e00000)
  eden space 16896K,   0% used [0x00000000c2600000, 0x00000000c2600000, 0x00000000c3680000)
  from space 2112K,  22% used [0x00000000c3680000, 0x00000000c36f9078, 0x00000000c3890000)
  to   space 2112K,   0% used [0x00000000c3890000, 0x00000000c3890000, 0x00000000c3aa0000)
 concurrent mark-sweep generation total 42368K, used 16184K [0x00000000d6e00000, 0x00000000d9760000, 0x0000000100000000)
 Metaspace       used 25455K, capacity 26236K, committed 26392K, reserved 1073152K
  class space    used 3090K, capacity 3292K, committed 3352K, reserved 1048576K
}
2022-08-07T09:30:34.525+0000: 4.375: Application time: 0.0003650 seconds
2022-08-07T09:30:34.530+0000: 4.380: Application time: 0.0004732 seconds
2022-08-07T09:30:34.531+0000: 4.381: Application time: 0.0001964 seconds
2022-08-07T09:30:34.532+0000: 4.382: Application time: 0.0008573 seconds
2022-08-07T09:30:34.533+0000: 4.383: Application time: 0.0006617 seconds
2022-08-07T09:30:34.534+0000: 4.384: Application time: 0.0001755 seconds
2022-08-07T09:30:34.534+0000: 4.384: Application time: 0.0002621 seconds
2022-08-07T09:30:34.535+0000: 4.385: Application time: 0.0001843 seconds
2022-08-07T09:30:34.536+0000: 4.386: Application time: 0.0001480 seconds
2022-08-07T09:30:34.536+0000: 4.386: Application time: 0.0002334 seconds
2022-08-07T09:30:34.537+0000: 4.387: Application time: 0.0001889 seconds
2022-08-07T09:30:34.537+0000: 4.387: Application time: 0.0002300 seconds
2022-08-07T09:30:34.538+0000: 4.388: Application time: 0.0002663 seconds
2022-08-07T09:30:34.539+0000: 4.389: Application time: 0.0002620 seconds
2022-08-07T09:30:34.539+0000: 4.389: Application time: 0.0002003 seconds
2022-08-07T09:30:34.540+0000: 4.390: Application time: 0.0002367 seconds
2022-08-07T09:30:34.540+0000: 4.390: Application time: 0.0001829 seconds
2022-08-07T09:30:34.541+0000: 4.391: Application time: 0.0001445 seconds
2022-08-07T09:30:34.641+0000: 4.491: Application time: 0.1007250 seconds
{Heap before GC invocations=40 (full 1):
 par new generation   total 19008K, used 17380K [0x00000000c2600000, 0x00000000c3aa0000, 0x00000000d6e00000)
  eden space 16896K, 100% used [0x00000000c2600000, 0x00000000c3680000, 0x00000000c3680000)
  from space 2112K,  22% used [0x00000000c3680000, 0x00000000c36f9078, 0x00000000c3890000)
  to   space 2112K,   0% used [0x00000000c3890000, 0x00000000c3890000, 0x00000000c3aa0000)
 concurrent mark-sweep generation total 42368K, used 16184K [0x00000000d6e00000, 0x00000000d9760000, 0x0000000100000000)
 Metaspace       used 25918K, capacity 26684K, committed 27032K, reserved 1073152K
  class space    used 3146K, capacity 3356K, committed 3480K, reserved 1048576K
2022-08-07T09:30:34.642+0000: 4.492: [GC (Allocation Failure) 2022-08-07T09:30:34.643+0000: 4.493: [ParNew: 17380K->985K(19008K), 0.0045932 secs] 33564K->17184K(61376K), 0.0056364 secs] [Times: user=0.00 sys=0.00, real=0.00 secs] 
Heap after GC invocations=41 (full 1):
 par new generation   total 19008K, used 985K [0x00000000c2600000, 0x00000000c3aa0000, 0x00000000d6e00000)
  eden space 16896K,   0% used [0x00000000c2600000, 0x00000000c2600000, 0x00000000c3680000)
  from space 2112K,  46% used [0x00000000c3890000, 0x00000000c3986688, 0x00000000c3aa0000)
  to   space 2112K,   0% used [0x00000000c3680000, 0x00000000c3680000, 0x00000000c3890000)
 concurrent mark-sweep generation total 42368K, used 16199K [0x00000000d6e00000, 0x00000000d9760000, 0x0000000100000000)
 Metaspace       used 25918K, capacity 26684K, committed 27032K, reserved 1073152K
  class space    used 3146K, capacity 3356K, committed 3480K, reserved 1048576K
}
2022-08-07T09:30:34.654+0000: 4.504: Application time: 0.0059724 seconds
2022-08-07T09:30:34.660+0000: 4.510: Application time: 0.0054168 seconds
2022-08-07T09:30:34.661+0000: 4.511: Application time: 0.0001987 seconds
2022-08-07T09:30:34.662+0000: 4.512: Application time: 0.0002045 seconds
2022-08-07T09:30:34.663+0000: 4.514: Application time: 0.0017890 seconds
2022-08-07T09:30:34.665+0000: 4.515: Application time: 0.0002311 seconds
2022-08-07T09:30:34.665+0000: 4.515: Application time: 0.0002698 seconds
2022-08-07T09:30:34.666+0000: 4.516: Application time: 0.0002539 seconds
2022-08-07T09:30:34.667+0000: 4.517: Application time: 0.0002928 seconds
2022-08-07T09:30:34.667+0000: 4.517: Application time: 0.0002665 seconds
2022-08-07T09:30:34.668+0000: 4.518: Application time: 0.0003477 seconds
2022-08-07T09:30:34.668+0000: 4.518: Application time: 0.0002058 seconds
2022-08-07T09:30:34.669+0000: 4.519: Application time: 0.0002194 seconds
2022-08-07T09:30:34.669+0000: 4.519: Application time: 0.0002286 seconds
2022-08-07T09:30:34.670+0000: 4.520: Application time: 0.0002495 seconds
2022-08-07T09:30:34.670+0000: 4.520: Application time: 0.0002309 seconds
2022-08-07T09:30:34.671+0000: 4.521: Application time: 0.0001603 seconds
2022-08-07T09:30:34.671+0000: 4.521: Application time: 0.0002312 seconds
2022-08-07T09:30:34.672+0000: 4.522: Application time: 0.0005586 seconds
2022-08-07T09:30:34.673+0000: 4.523: Application time: 0.0002761 seconds
2022-08-07T09:30:34.723+0000: 4.573: Application time: 0.0495627 seconds
{Heap before GC invocations=41 (full 1):
 par new generation   total 19008K, used 17881K [0x00000000c2600000, 0x00000000c3aa0000, 0x00000000d6e00000)
  eden space 16896K, 100% used [0x00000000c2600000, 0x00000000c3680000, 0x00000000c3680000)
  from space 2112K,  46% used [0x00000000c3890000, 0x00000000c3986688, 0x00000000c3aa0000)
  to   space 2112K,   0% used [0x00000000c3680000, 0x00000000c3680000, 0x00000000c3890000)
 concurrent mark-sweep generation total 42368K, used 16199K [0x00000000d6e00000, 0x00000000d9760000, 0x0000000100000000)
 Metaspace       used 26015K, capacity 26760K, committed 27032K, reserved 1073152K
  class space    used 3161K, capacity 3358K, committed 3480K, reserved 1048576K
2022-08-07T09:30:34.724+0000: 4.574: [GC (Allocation Failure) 2022-08-07T09:30:34.724+0000: 4.574: [ParNew: 17881K->662K(19008K), 0.0030702 secs] 34080K->16918K(61376K), 0.0039154 secs] [Times: user=0.01 sys=0.00, real=0.00 secs] 
Heap after GC invocations=42 (full 1):
 par new generation   total 19008K, used 662K [0x00000000c2600000, 0x00000000c3aa0000, 0x00000000d6e00000)
  eden space 16896K,   0% used [0x00000000c2600000, 0x00000000c2600000, 0x00000000c3680000)
  from space 2112K,  31% used [0x00000000c3680000, 0x00000000c3725ac0, 0x00000000c3890000)
  to   space 2112K,   0% used [0x00000000c3890000, 0x00000000c3890000, 0x00000000c3aa0000)
 concurrent mark-sweep generation total 42368K, used 16255K [0x00000000d6e00000, 0x00000000d9760000, 0x0000000100000000)
 Metaspace       used 26015K, capacity 26760K, committed 27032K, reserved 1073152K
  class space    used 3161K, capacity 3358K, committed 3480K, reserved 1048576K
}
2022-08-07T09:30:34.820+0000: 4.670: Application time: 0.0920403 seconds
{Heap before GC invocations=42 (full 1):
 par new generation   total 19008K, used 17558K [0x00000000c2600000, 0x00000000c3aa0000, 0x00000000d6e00000)
  eden space 16896K, 100% used [0x00000000c2600000, 0x00000000c3680000, 0x00000000c3680000)
  from space 2112K,  31% used [0x00000000c3680000, 0x00000000c3725ac0, 0x00000000c3890000)
  to   space 2112K,   0% used [0x00000000c3890000, 0x00000000c3890000, 0x00000000c3aa0000)
 concurrent mark-sweep generation total 42368K, used 16255K [0x00000000d6e00000, 0x00000000d9760000, 0x0000000100000000)
 Metaspace       used 26132K, capacity 26854K, committed 27032K, reserved 1073152K
  class space    used 3173K, capacity 3363K, committed 3480K, reserved 1048576K
2022-08-07T09:30:34.821+0000: 4.671: [GC (Allocation Failure) 2022-08-07T09:30:34.822+0000: 4.672: [ParNew: 17558K->1107K(19008K), 0.0048819 secs] 33814K->17362K(61376K), 0.0056009 secs] [Times: user=0.02 sys=0.00, real=0.00 secs] 
Heap after GC invocations=43 (full 1):
 par new generation   total 19008K, used 1107K [0x00000000c2600000, 0x00000000c3aa0000, 0x00000000d6e00000)
  eden space 16896K,   0% used [0x00000000c2600000, 0x00000000c2600000, 0x00000000c3680000)
  from space 2112K,  52% used [0x00000000c3890000, 0x00000000c39a4ca0, 0x00000000c3aa0000)
  to   space 2112K,   0% used [0x00000000c3680000, 0x00000000c3680000, 0x00000000c3890000)
 concurrent mark-sweep generation total 42368K, used 16255K [0x00000000d6e00000, 0x00000000d9760000, 0x0000000100000000)
 Metaspace       used 26132K, capacity 26854K, committed 27032K, reserved 1073152K
  class space    used 3173K, capacity 3363K, committed 3480K, reserved 1048576K
}
2022-08-07T09:30:34.930+0000: 4.780: Application time: 0.1020286 seconds
{Heap before GC invocations=43 (full 1):
 par new generation   total 19008K, used 18003K [0x00000000c2600000, 0x00000000c3aa0000, 0x00000000d6e00000)
  eden space 16896K, 100% used [0x00000000c2600000, 0x00000000c3680000, 0x00000000c3680000)
  from space 2112K,  52% used [0x00000000c3890000, 0x00000000c39a4ca0, 0x00000000c3aa0000)
  to   space 2112K,   0% used [0x00000000c3680000, 0x00000000c3680000, 0x00000000c3890000)
 concurrent mark-sweep generation total 42368K, used 16255K [0x00000000d6e00000, 0x00000000d9760000, 0x0000000100000000)
 Metaspace       used 26249K, capacity 27044K, committed 27288K, reserved 1073152K
  class space    used 3184K, capacity 3400K, committed 3480K, reserved 1048576K
2022-08-07T09:30:34.931+0000: 4.781: [GC (Allocation Failure) 2022-08-07T09:30:34.931+0000: 4.781: [ParNew: 18003K->1488K(19008K), 0.0054374 secs] 34258K->17743K(61376K), 0.0062271 secs] [Times: user=0.01 sys=0.01, real=0.00 secs] 
Heap after GC invocations=44 (full 1):
 par new generation   total 19008K, used 1488K [0x00000000c2600000, 0x00000000c3aa0000, 0x00000000d6e00000)
  eden space 16896K,   0% used [0x00000000c2600000, 0x00000000c2600000, 0x00000000c3680000)
  from space 2112K,  70% used [0x00000000c3680000, 0x00000000c37f40b8, 0x00000000c3890000)
  to   space 2112K,   0% used [0x00000000c3890000, 0x00000000c3890000, 0x00000000c3aa0000)
 concurrent mark-sweep generation total 42368K, used 16255K [0x00000000d6e00000, 0x00000000d9760000, 0x0000000100000000)
 Metaspace       used 26249K, capacity 27044K, committed 27288K, reserved 1073152K
  class space    used 3184K, capacity 3400K, committed 3480K, reserved 1048576K
}
2022-08-07T09:30:34.989+0000: 4.839: Application time: 0.0516388 seconds
{Heap before GC invocations=44 (full 1):
 par new generation   total 19008K, used 18351K [0x00000000c2600000, 0x00000000c3aa0000, 0x00000000d6e00000)
  eden space 16896K,  99% used [0x00000000c2600000, 0x00000000c3677d50, 0x00000000c3680000)
  from space 2112K,  70% used [0x00000000c3680000, 0x00000000c37f40b8, 0x00000000c3890000)
  to   space 2112K,   0% used [0x00000000c3890000, 0x00000000c3890000, 0x00000000c3aa0000)
 concurrent mark-sweep generation total 42368K, used 16255K [0x00000000d6e00000, 0x00000000d9760000, 0x0000000100000000)
 Metaspace       used 26280K, capacity 27044K, committed 27288K, reserved 1073152K
  class space    used 3187K, capacity 3400K, committed 3480K, reserved 1048576K
2022-08-07T09:30:34.991+0000: 4.841: [GC (Allocation Failure) 2022-08-07T09:30:34.991+0000: 4.841: [ParNew: 18351K->1596K(19008K), 0.0082503 secs] 34607K->18102K(61376K), 0.0092047 secs] [Times: user=0.02 sys=0.00, real=0.01 secs] 
Heap after GC invocations=45 (full 1):
 par new generation   total 19008K, used 1596K [0x00000000c2600000, 0x00000000c3aa0000, 0x00000000d6e00000)
  eden space 16896K,   0% used [0x00000000c2600000, 0x00000000c2600000, 0x00000000c3680000)
  from space 2112K,  75% used [0x00000000c3890000, 0x00000000c3a1f3c8, 0x00000000c3aa0000)
  to   space 2112K,   0% used [0x00000000c3680000, 0x00000000c3680000, 0x00000000c3890000)
 concurrent mark-sweep generation total 42368K, used 16505K [0x00000000d6e00000, 0x00000000d9760000, 0x0000000100000000)
 Metaspace       used 26280K, capacity 27044K, committed 27288K, reserved 1073152K
  class space    used 3187K, capacity 3400K, committed 3480K, reserved 1048576K
}
2022-08-07T09:30:35.004+0000: 4.854: Application time: 0.0033340 seconds
{Heap before GC invocations=45 (full 1):
 par new generation   total 19008K, used 18492K [0x00000000c2600000, 0x00000000c3aa0000, 0x00000000d6e00000)
  eden space 16896K, 100% used [0x00000000c2600000, 0x00000000c3680000, 0x00000000c3680000)
  from space 2112K,  75% used [0x00000000c3890000, 0x00000000c3a1f3c8, 0x00000000c3aa0000)
  to   space 2112K,   0% used [0x00000000c3680000, 0x00000000c3680000, 0x00000000c3890000)
 concurrent mark-sweep generation total 42368K, used 16505K [0x00000000d6e00000, 0x00000000d9760000, 0x0000000100000000)
 Metaspace       used 26280K, capacity 27044K, committed 27288K, reserved 1073152K
  class space    used 3187K, capacity 3400K, committed 3480K, reserved 1048576K
2022-08-07T09:30:35.005+0000: 4.855: [GC (Allocation Failure) 2022-08-07T09:30:35.005+0000: 4.855: [ParNew: 18492K->1103K(19008K), 0.0051329 secs] 34998K->17609K(61376K), 0.0060873 secs] [Times: user=0.00 sys=0.00, real=0.01 secs] 
Heap after GC invocations=46 (full 1):
 par new generation   total 19008K, used 1103K [0x00000000c2600000, 0x00000000c3aa0000, 0x00000000d6e00000)
  eden space 16896K,   0% used [0x00000000c2600000, 0x00000000c2600000, 0x00000000c3680000)
  from space 2112K,  52% used [0x00000000c3680000, 0x00000000c3793d38, 0x00000000c3890000)
  to   space 2112K,   0% used [0x00000000c3890000, 0x00000000c3890000, 0x00000000c3aa0000)
 concurrent mark-sweep generation total 42368K, used 16505K [0x00000000d6e00000, 0x00000000d9760000, 0x0000000100000000)
 Metaspace       used 26280K, capacity 27044K, committed 27288K, reserved 1073152K
  class space    used 3187K, capacity 3400K, committed 3480K, reserved 1048576K
}
2022-08-07T09:30:35.064+0000: 4.914: Application time: 0.0515116 seconds
{Heap before GC invocations=46 (full 1):
 par new generation   total 19008K, used 17999K [0x00000000c2600000, 0x00000000c3aa0000, 0x00000000d6e00000)
  eden space 16896K, 100% used [0x00000000c2600000, 0x00000000c3680000, 0x00000000c3680000)
  from space 2112K,  52% used [0x00000000c3680000, 0x00000000c3793d38, 0x00000000c3890000)
  to   space 2112K,   0% used [0x00000000c3890000, 0x00000000c3890000, 0x00000000c3aa0000)
 concurrent mark-sweep generation total 42368K, used 16505K [0x00000000d6e00000, 0x00000000d9760000, 0x0000000100000000)
 Metaspace       used 26365K, capacity 27114K, committed 27288K, reserved 1073152K
  class space    used 3199K, capacity 3401K, committed 3480K, reserved 1048576K
2022-08-07T09:30:35.065+0000: 4.915: [GC (Allocation Failure) 2022-08-07T09:30:35.065+0000: 4.915: [ParNew: 17999K->1450K(19008K), 0.0050797 secs] 34505K->17956K(61376K), 0.0062132 secs] [Times: user=0.02 sys=0.00, real=0.01 secs] 
Heap after GC invocations=47 (full 1):
 par new generation   total 19008K, used 1450K [0x00000000c2600000, 0x00000000c3aa0000, 0x00000000d6e00000)
  eden space 16896K,   0% used [0x00000000c2600000, 0x00000000c2600000, 0x00000000c3680000)
  from space 2112K,  68% used [0x00000000c3890000, 0x00000000c39fab70, 0x00000000c3aa0000)
  to   space 2112K,   0% used [0x00000000c3680000, 0x00000000c3680000, 0x00000000c3890000)
 concurrent mark-sweep generation total 42368K, used 16505K [0x00000000d6e00000, 0x00000000d9760000, 0x0000000100000000)
 Metaspace       used 26365K, capacity 27114K, committed 27288K, reserved 1073152K
  class space    used 3199K, capacity 3401K, committed 3480K, reserved 1048576K
}
2022-08-07T09:30:35.112+0000: 4.962: Application time: 0.0400623 seconds
{Heap before GC invocations=47 (full 1):
 par new generation   total 19008K, used 18346K [0x00000000c2600000, 0x00000000c3aa0000, 0x00000000d6e00000)
  eden space 16896K, 100% used [0x00000000c2600000, 0x00000000c3680000, 0x00000000c3680000)
  from space 2112K,  68% used [0x00000000c3890000, 0x00000000c39fab70, 0x00000000c3aa0000)
  to   space 2112K,   0% used [0x00000000c3680000, 0x00000000c3680000, 0x00000000c3890000)
 concurrent mark-sweep generation total 42368K, used 16505K [0x00000000d6e00000, 0x00000000d9760000, 0x0000000100000000)
 Metaspace       used 26384K, capacity 27114K, committed 27288K, reserved 1073152K
  class space    used 3200K, capacity 3401K, committed 3480K, reserved 1048576K
2022-08-07T09:30:35.113+0000: 4.963: [GC (Allocation Failure) 2022-08-07T09:30:35.113+0000: 4.963: [ParNew: 18346K->1626K(19008K), 0.0054717 secs] 34852K->18503K(61376K), 0.0066859 secs] [Times: user=0.02 sys=0.00, real=0.01 secs] 
Heap after GC invocations=48 (full 1):
 par new generation   total 19008K, used 1626K [0x00000000c2600000, 0x00000000c3aa0000, 0x00000000d6e00000)
  eden space 16896K,   0% used [0x00000000c2600000, 0x00000000c2600000, 0x00000000c3680000)
  from space 2112K,  76% used [0x00000000c3680000, 0x00000000c3816878, 0x00000000c3890000)
  to   space 2112K,   0% used [0x00000000c3890000, 0x00000000c3890000, 0x00000000c3aa0000)
 concurrent mark-sweep generation total 42368K, used 16877K [0x00000000d6e00000, 0x00000000d9760000, 0x0000000100000000)
 Metaspace       used 26384K, capacity 27114K, committed 27288K, reserved 1073152K
  class space    used 3200K, capacity 3401K, committed 3480K, reserved 1048576K
}
2022-08-07T09:30:35.165+0000: 5.015: Application time: 0.0445999 seconds
{Heap before GC invocations=48 (full 1):
 par new generation   total 19008K, used 18522K [0x00000000c2600000, 0x00000000c3aa0000, 0x00000000d6e00000)
  eden space 16896K, 100% used [0x00000000c2600000, 0x00000000c3680000, 0x00000000c3680000)
  from space 2112K,  76% used [0x00000000c3680000, 0x00000000c3816878, 0x00000000c3890000)
  to   space 2112K,   0% used [0x00000000c3890000, 0x00000000c3890000, 0x00000000c3aa0000)
 concurrent mark-sweep generation total 42368K, used 16877K [0x00000000d6e00000, 0x00000000d9760000, 0x0000000100000000)
 Metaspace       used 26456K, capacity 27198K, committed 27288K, reserved 1073152K
  class space    used 3214K, capacity 3409K, committed 3480K, reserved 1048576K
2022-08-07T09:30:35.166+0000: 5.016: [GC (Allocation Failure) 2022-08-07T09:30:35.166+0000: 5.016: [ParNew: 18522K->1563K(19008K), 0.0036194 secs] 35399K->18440K(61376K), 0.0043098 secs] [Times: user=0.01 sys=0.00, real=0.01 secs] 
Heap after GC invocations=49 (full 1):
 par new generation   total 19008K, used 1563K [0x00000000c2600000, 0x00000000c3aa0000, 0x00000000d6e00000)
  eden space 16896K,   0% used [0x00000000c2600000, 0x00000000c2600000, 0x00000000c3680000)
  from space 2112K,  74% used [0x00000000c3890000, 0x00000000c3a16c88, 0x00000000c3aa0000)
  to   space 2112K,   0% used [0x00000000c3680000, 0x00000000c3680000, 0x00000000c3890000)
 concurrent mark-sweep generation total 42368K, used 16877K [0x00000000d6e00000, 0x00000000d9760000, 0x0000000100000000)
 Metaspace       used 26456K, capacity 27198K, committed 27288K, reserved 1073152K
  class space    used 3214K, capacity 3409K, committed 3480K, reserved 1048576K
}
2022-08-07T09:30:35.228+0000: 5.078: Application time: 0.0571196 seconds
2022-08-07T09:30:35.234+0000: 5.084: Application time: 0.0050510 seconds
{Heap before GC invocations=49 (full 1):
 par new generation   total 19008K, used 18459K [0x00000000c2600000, 0x00000000c3aa0000, 0x00000000d6e00000)
  eden space 16896K, 100% used [0x00000000c2600000, 0x00000000c3680000, 0x00000000c3680000)
  from space 2112K,  74% used [0x00000000c3890000, 0x00000000c3a16c88, 0x00000000c3aa0000)
  to   space 2112K,   0% used [0x00000000c3680000, 0x00000000c3680000, 0x00000000c3890000)
 concurrent mark-sweep generation total 42368K, used 16877K [0x00000000d6e00000, 0x00000000d9760000, 0x0000000100000000)
 Metaspace       used 26609K, capacity 27398K, committed 27544K, reserved 1073152K
  class space    used 3230K, capacity 3447K, committed 3480K, reserved 1048576K
2022-08-07T09:30:35.235+0000: 5.085: [GC (Allocation Failure) 2022-08-07T09:30:35.235+0000: 5.085: [ParNew: 18459K->1633K(19008K), 0.0049203 secs] 35336K->18740K(61376K), 0.0056531 secs] [Times: user=0.02 sys=0.00, real=0.01 secs] 
Heap after GC invocations=50 (full 1):
 par new generation   total 19008K, used 1633K [0x00000000c2600000, 0x00000000c3aa0000, 0x00000000d6e00000)
  eden space 16896K,   0% used [0x00000000c2600000, 0x00000000c2600000, 0x00000000c3680000)
  from space 2112K,  77% used [0x00000000c3680000, 0x00000000c3818670, 0x00000000c3890000)
  to   space 2112K,   0% used [0x00000000c3890000, 0x00000000c3890000, 0x00000000c3aa0000)
 concurrent mark-sweep generation total 42368K, used 17106K [0x00000000d6e00000, 0x00000000d9760000, 0x0000000100000000)
 Metaspace       used 26609K, capacity 27398K, committed 27544K, reserved 1073152K
  class space    used 3230K, capacity 3447K, committed 3480K, reserved 1048576K
}
2022-08-07T09:30:35.261+0000: 5.111: Application time: 0.0195323 seconds
2022-08-07T09:30:35.429+0000: 5.280: Application time: 0.1666836 seconds
{Heap before GC invocations=50 (full 1):
 par new generation   total 19008K, used 18529K [0x00000000c2600000, 0x00000000c3aa0000, 0x00000000d6e00000)
  eden space 16896K, 100% used [0x00000000c2600000, 0x00000000c3680000, 0x00000000c3680000)
  from space 2112K,  77% used [0x00000000c3680000, 0x00000000c3818670, 0x00000000c3890000)
  to   space 2112K,   0% used [0x00000000c3890000, 0x00000000c3890000, 0x00000000c3aa0000)
 concurrent mark-sweep generation total 42368K, used 17106K [0x00000000d6e00000, 0x00000000d9760000, 0x0000000100000000)
 Metaspace       used 27263K, capacity 28156K, committed 28440K, reserved 1075200K
  class space    used 3334K, capacity 3562K, committed 3608K, reserved 1048576K
2022-08-07T09:30:35.431+0000: 5.281: [GC (Allocation Failure) 2022-08-07T09:30:35.433+0000: 5.283: [ParNew: 18529K->2083K(19008K), 0.0134695 secs] 35636K->19521K(61376K), 0.0168702 secs] [Times: user=0.02 sys=0.00, real=0.01 secs] 
Heap after GC invocations=51 (full 1):
 par new generation   total 19008K, used 2083K [0x00000000c2600000, 0x00000000c3aa0000, 0x00000000d6e00000)
  eden space 16896K,   0% used [0x00000000c2600000, 0x00000000c2600000, 0x00000000c3680000)
  from space 2112K,  98% used [0x00000000c3890000, 0x00000000c3a98c58, 0x00000000c3aa0000)
  to   space 2112K,   0% used [0x00000000c3680000, 0x00000000c3680000, 0x00000000c3890000)
 concurrent mark-sweep generation total 42368K, used 17438K [0x00000000d6e00000, 0x00000000d9760000, 0x0000000100000000)
 Metaspace       used 27263K, capacity 28156K, committed 28440K, reserved 1075200K
  class space    used 3334K, capacity 3562K, committed 3608K, reserved 1048576K
}
2022-08-07T09:30:35.546+0000: 5.396: Application time: 0.0972517 seconds
{Heap before GC invocations=51 (full 1):
 par new generation   total 19008K, used 18979K [0x00000000c2600000, 0x00000000c3aa0000, 0x00000000d6e00000)
  eden space 16896K, 100% used [0x00000000c2600000, 0x00000000c3680000, 0x00000000c3680000)
  from space 2112K,  98% used [0x00000000c3890000, 0x00000000c3a98c58, 0x00000000c3aa0000)
  to   space 2112K,   0% used [0x00000000c3680000, 0x00000000c3680000, 0x00000000c3890000)
 concurrent mark-sweep generation total 42368K, used 17438K [0x00000000d6e00000, 0x00000000d9760000, 0x0000000100000000)
 Metaspace       used 27586K, capacity 28448K, committed 28696K, reserved 1075200K
  class space    used 3374K, capacity 3594K, committed 3608K, reserved 1048576K
2022-08-07T09:30:35.547+0000: 5.397: [GC (Allocation Failure) 2022-08-07T09:30:35.547+0000: 5.397: [ParNew: 18979K->1240K(19008K), 0.0073393 secs] 36417K->19135K(61376K), 0.0081762 secs] [Times: user=0.02 sys=0.00, real=0.01 secs] 
Heap after GC invocations=52 (full 1):
 par new generation   total 19008K, used 1240K [0x00000000c2600000, 0x00000000c3aa0000, 0x00000000d6e00000)
  eden space 16896K,   0% used [0x00000000c2600000, 0x00000000c2600000, 0x00000000c3680000)
  from space 2112K,  58% used [0x00000000c3680000, 0x00000000c37b60b8, 0x00000000c3890000)
  to   space 2112K,   0% used [0x00000000c3890000, 0x00000000c3890000, 0x00000000c3aa0000)
 concurrent mark-sweep generation total 42368K, used 17894K [0x00000000d6e00000, 0x00000000d9760000, 0x0000000100000000)
 Metaspace       used 27586K, capacity 28448K, committed 28696K, reserved 1075200K
  class space    used 3374K, capacity 3594K, committed 3608K, reserved 1048576K
}
2022-08-07T09:30:35.669+0000: 5.519: Application time: 0.1134761 seconds
{Heap before GC invocations=52 (full 1):
 par new generation   total 19008K, used 18136K [0x00000000c2600000, 0x00000000c3aa0000, 0x00000000d6e00000)
  eden space 16896K, 100% used [0x00000000c2600000, 0x00000000c3680000, 0x00000000c3680000)
  from space 2112K,  58% used [0x00000000c3680000, 0x00000000c37b60b8, 0x00000000c3890000)
  to   space 2112K,   0% used [0x00000000c3890000, 0x00000000c3890000, 0x00000000c3aa0000)
 concurrent mark-sweep generation total 42368K, used 17894K [0x00000000d6e00000, 0x00000000d9760000, 0x0000000100000000)
 Metaspace       used 27912K, capacity 28760K, committed 29080K, reserved 1075200K
  class space    used 3429K, capacity 3630K, committed 3736K, reserved 1048576K
2022-08-07T09:30:35.670+0000: 5.520: [GC (Allocation Failure) 2022-08-07T09:30:35.670+0000: 5.520: [ParNew: 18136K->1375K(19008K), 0.0036638 secs] 36031K->19269K(61376K), 0.0044362 secs] [Times: user=0.01 sys=0.00, real=0.00 secs] 
Heap after GC invocations=53 (full 1):
 par new generation   total 19008K, used 1375K [0x00000000c2600000, 0x00000000c3aa0000, 0x00000000d6e00000)
  eden space 16896K,   0% used [0x00000000c2600000, 0x00000000c2600000, 0x00000000c3680000)
  from space 2112K,  65% used [0x00000000c3890000, 0x00000000c39e7c78, 0x00000000c3aa0000)
  to   space 2112K,   0% used [0x00000000c3680000, 0x00000000c3680000, 0x00000000c3890000)
 concurrent mark-sweep generation total 42368K, used 17894K [0x00000000d6e00000, 0x00000000d9760000, 0x0000000100000000)
 Metaspace       used 27912K, capacity 28760K, committed 29080K, reserved 1075200K
  class space    used 3429K, capacity 3630K, committed 3736K, reserved 1048576K
}
2022-08-07T09:30:35.940+0000: 5.790: Application time: 0.2653159 seconds
{Heap before GC invocations=53 (full 1):
 par new generation   total 19008K, used 18271K [0x00000000c2600000, 0x00000000c3aa0000, 0x00000000d6e00000)
  eden space 16896K, 100% used [0x00000000c2600000, 0x00000000c3680000, 0x00000000c3680000)
  from space 2112K,  65% used [0x00000000c3890000, 0x00000000c39e7c78, 0x00000000c3aa0000)
  to   space 2112K,   0% used [0x00000000c3680000, 0x00000000c3680000, 0x00000000c3890000)
 concurrent mark-sweep generation total 42368K, used 17894K [0x00000000d6e00000, 0x00000000d9760000, 0x0000000100000000)
 Metaspace       used 28296K, capacity 29180K, committed 29336K, reserved 1075200K
  class space    used 3492K, capacity 3698K, committed 3736K, reserved 1048576K
2022-08-07T09:30:35.943+0000: 5.793: [GC (Allocation Failure) 2022-08-07T09:30:35.944+0000: 5.794: [ParNew: 18271K->1718K(19008K), 0.0061572 secs] 36165K->19866K(61376K), 0.0070129 secs] [Times: user=0.01 sys=0.01, real=0.01 secs] 
Heap after GC invocations=54 (full 1):
 par new generation   total 19008K, used 1718K [0x00000000c2600000, 0x00000000c3aa0000, 0x00000000d6e00000)
  eden space 16896K,   0% used [0x00000000c2600000, 0x00000000c2600000, 0x00000000c3680000)
  from space 2112K,  81% used [0x00000000c3680000, 0x00000000c382d8a0, 0x00000000c3890000)
  to   space 2112K,   0% used [0x00000000c3890000, 0x00000000c3890000, 0x00000000c3aa0000)
 concurrent mark-sweep generation total 42368K, used 18148K [0x00000000d6e00000, 0x00000000d9760000, 0x0000000100000000)
 Metaspace       used 28296K, capacity 29180K, committed 29336K, reserved 1075200K
  class space    used 3492K, capacity 3698K, committed 3736K, reserved 1048576K
}
2022-08-07T09:30:36.039+0000: 5.889: Application time: 0.0881991 seconds
{Heap before GC invocations=54 (full 1):
 par new generation   total 19008K, used 18603K [0x00000000c2600000, 0x00000000c3aa0000, 0x00000000d6e00000)
  eden space 16896K,  99% used [0x00000000c2600000, 0x00000000c367d538, 0x00000000c3680000)
  from space 2112K,  81% used [0x00000000c3680000, 0x00000000c382d8a0, 0x00000000c3890000)
  to   space 2112K,   0% used [0x00000000c3890000, 0x00000000c3890000, 0x00000000c3aa0000)
 concurrent mark-sweep generation total 42368K, used 18148K [0x00000000d6e00000, 0x00000000d9760000, 0x0000000100000000)
 Metaspace       used 28480K, capacity 29346K, committed 29592K, reserved 1075200K
  class space    used 3517K, capacity 3731K, committed 3736K, reserved 1048576K
2022-08-07T09:30:36.041+0000: 5.891: [GC (Allocation Failure) 2022-08-07T09:30:36.041+0000: 5.891: [ParNew: 18603K->1466K(19008K), 0.0086227 secs] 36752K->19873K(61376K), 0.0095395 secs] [Times: user=0.01 sys=0.00, real=0.01 secs] 
Heap after GC invocations=55 (full 1):
 par new generation   total 19008K, used 1466K [0x00000000c2600000, 0x00000000c3aa0000, 0x00000000d6e00000)
  eden space 16896K,   0% used [0x00000000c2600000, 0x00000000c2600000, 0x00000000c3680000)
  from space 2112K,  69% used [0x00000000c3890000, 0x00000000c39feab8, 0x00000000c3aa0000)
  to   space 2112K,   0% used [0x00000000c3680000, 0x00000000c3680000, 0x00000000c3890000)
 concurrent mark-sweep generation total 42368K, used 18406K [0x00000000d6e00000, 0x00000000d9760000, 0x0000000100000000)
 Metaspace       used 28480K, capacity 29346K, committed 29592K, reserved 1075200K
  class space    used 3517K, capacity 3731K, committed 3736K, reserved 1048576K
}
2022-08-07T09:30:36.055+0000: 5.905: Application time: 0.0036474 seconds
{Heap before GC invocations=55 (full 1):
 par new generation   total 19008K, used 18333K [0x00000000c2600000, 0x00000000c3aa0000, 0x00000000d6e00000)
  eden space 16896K,  99% used [0x00000000c2600000, 0x00000000c3678aa8, 0x00000000c3680000)
  from space 2112K,  69% used [0x00000000c3890000, 0x00000000c39feab8, 0x00000000c3aa0000)
  to   space 2112K,   0% used [0x00000000c3680000, 0x00000000c3680000, 0x00000000c3890000)
 concurrent mark-sweep generation total 42368K, used 18406K [0x00000000d6e00000, 0x00000000d9760000, 0x0000000100000000)
 Metaspace       used 28480K, capacity 29346K, committed 29592K, reserved 1075200K
  class space    used 3517K, capacity 3731K, committed 3736K, reserved 1048576K
2022-08-07T09:30:36.055+0000: 5.905: [GC (Allocation Failure) 2022-08-07T09:30:36.056+0000: 5.906: [ParNew: 18333K->1224K(19008K), 0.0048017 secs] 36740K->19631K(61376K), 0.0056010 secs] [Times: user=0.01 sys=0.00, real=0.01 secs] 
Heap after GC invocations=56 (full 1):
 par new generation   total 19008K, used 1224K [0x00000000c2600000, 0x00000000c3aa0000, 0x00000000d6e00000)
  eden space 16896K,   0% used [0x00000000c2600000, 0x00000000c2600000, 0x00000000c3680000)
  from space 2112K,  57% used [0x00000000c3680000, 0x00000000c37b2330, 0x00000000c3890000)
  to   space 2112K,   0% used [0x00000000c3890000, 0x00000000c3890000, 0x00000000c3aa0000)
 concurrent mark-sweep generation total 42368K, used 18406K [0x00000000d6e00000, 0x00000000d9760000, 0x0000000100000000)
 Metaspace       used 28480K, capacity 29346K, committed 29592K, reserved 1075200K
  class space    used 3517K, capacity 3731K, committed 3736K, reserved 1048576K
}
2022-08-07T09:30:36.072+0000: 5.922: Application time: 0.0099657 seconds
2022-08-07T09:30:36.073+0000: 5.923: Application time: 0.0006564 seconds
2022-08-07T09:30:36.121+0000: 5.971: Application time: 0.0479654 seconds
{Heap before GC invocations=56 (full 1):
 par new generation   total 19008K, used 18120K [0x00000000c2600000, 0x00000000c3aa0000, 0x00000000d6e00000)
  eden space 16896K, 100% used [0x00000000c2600000, 0x00000000c3680000, 0x00000000c3680000)
  from space 2112K,  57% used [0x00000000c3680000, 0x00000000c37b2330, 0x00000000c3890000)
  to   space 2112K,   0% used [0x00000000c3890000, 0x00000000c3890000, 0x00000000c3aa0000)
 concurrent mark-sweep generation total 42368K, used 18406K [0x00000000d6e00000, 0x00000000d9760000, 0x0000000100000000)
 Metaspace       used 28699K, capacity 29576K, committed 29720K, reserved 1075200K
  class space    used 3547K, capacity 3764K, committed 3864K, reserved 1048576K
2022-08-07T09:30:36.122+0000: 5.972: [GC (Allocation Failure) 2022-08-07T09:30:36.122+0000: 5.972: [ParNew: 18120K->1960K(19008K), 0.0026878 secs] 36527K->20367K(61376K), 0.0036059 secs] [Times: user=0.01 sys=0.00, real=0.00 secs] 
Heap after GC invocations=57 (full 1):
 par new generation   total 19008K, used 1960K [0x00000000c2600000, 0x00000000c3aa0000, 0x00000000d6e00000)
  eden space 16896K,   0% used [0x00000000c2600000, 0x00000000c2600000, 0x00000000c3680000)
  from space 2112K,  92% used [0x00000000c3890000, 0x00000000c3a7a2c8, 0x00000000c3aa0000)
  to   space 2112K,   0% used [0x00000000c3680000, 0x00000000c3680000, 0x00000000c3890000)
 concurrent mark-sweep generation total 42368K, used 18406K [0x00000000d6e00000, 0x00000000d9760000, 0x0000000100000000)
 Metaspace       used 28699K, capacity 29576K, committed 29720K, reserved 1075200K
  class space    used 3547K, capacity 3764K, committed 3864K, reserved 1048576K
}
2022-08-07T09:30:36.197+0000: 6.047: Application time: 0.0713961 seconds
2022-08-07T09:30:36.222+0000: 6.072: Application time: 0.0240422 seconds
{Heap before GC invocations=57 (full 1):
 par new generation   total 19008K, used 18856K [0x00000000c2600000, 0x00000000c3aa0000, 0x00000000d6e00000)
  eden space 16896K, 100% used [0x00000000c2600000, 0x00000000c3680000, 0x00000000c3680000)
  from space 2112K,  92% used [0x00000000c3890000, 0x00000000c3a7a2c8, 0x00000000c3aa0000)
  to   space 2112K,   0% used [0x00000000c3680000, 0x00000000c3680000, 0x00000000c3890000)
 concurrent mark-sweep generation total 42368K, used 18406K [0x00000000d6e00000, 0x00000000d9760000, 0x0000000100000000)
 Metaspace       used 28961K, capacity 29836K, committed 29976K, reserved 1075200K
  class space    used 3585K, capacity 3802K, committed 3864K, reserved 1048576K
2022-08-07T09:30:36.223+0000: 6.073: [GC (Allocation Failure) 2022-08-07T09:30:36.223+0000: 6.073: [ParNew: 18856K->1387K(19008K), 0.0032872 secs] 37263K->20089K(61376K), 0.0040115 secs] [Times: user=0.01 sys=0.00, real=0.00 secs] 
Heap after GC invocations=58 (full 1):
 par new generation   total 19008K, used 1387K [0x00000000c2600000, 0x00000000c3aa0000, 0x00000000d6e00000)
  eden space 16896K,   0% used [0x00000000c2600000, 0x00000000c2600000, 0x00000000c3680000)
  from space 2112K,  65% used [0x00000000c3680000, 0x00000000c37dafa8, 0x00000000c3890000)
  to   space 2112K,   0% used [0x00000000c3890000, 0x00000000c3890000, 0x00000000c3aa0000)
 concurrent mark-sweep generation total 42368K, used 18701K [0x00000000d6e00000, 0x00000000d9760000, 0x0000000100000000)
 Metaspace       used 28961K, capacity 29836K, committed 29976K, reserved 1075200K
  class space    used 3585K, capacity 3802K, committed 3864K, reserved 1048576K
}
2022-08-07T09:30:36.247+0000: 6.097: Application time: 0.0197653 seconds
{Heap before GC invocations=58 (full 1):
 par new generation   total 19008K, used 18250K [0x00000000c2600000, 0x00000000c3aa0000, 0x00000000d6e00000)
  eden space 16896K,  99% used [0x00000000c2600000, 0x00000000c3677a08, 0x00000000c3680000)
  from space 2112K,  65% used [0x00000000c3680000, 0x00000000c37dafa8, 0x00000000c3890000)
  to   space 2112K,   0% used [0x00000000c3890000, 0x00000000c3890000, 0x00000000c3aa0000)
 concurrent mark-sweep generation total 42368K, used 18701K [0x00000000d6e00000, 0x00000000d9760000, 0x0000000100000000)
 Metaspace       used 29033K, capacity 29906K, committed 29976K, reserved 1075200K
  class space    used 3593K, capacity 3803K, committed 3864K, reserved 1048576K
2022-08-07T09:30:36.248+0000: 6.098: [GC (Allocation Failure) 2022-08-07T09:30:36.249+0000: 6.099: [ParNew: 18250K->1294K(19008K), 0.0022036 secs] 36952K->19995K(61376K), 0.0029844 secs] [Times: user=0.01 sys=0.00, real=0.01 secs] 
Heap after GC invocations=59 (full 1):
 par new generation   total 19008K, used 1294K [0x00000000c2600000, 0x00000000c3aa0000, 0x00000000d6e00000)
  eden space 16896K,   0% used [0x00000000c2600000, 0x00000000c2600000, 0x00000000c3680000)
  from space 2112K,  61% used [0x00000000c3890000, 0x00000000c39d3888, 0x00000000c3aa0000)
  to   space 2112K,   0% used [0x00000000c3680000, 0x00000000c3680000, 0x00000000c3890000)
 concurrent mark-sweep generation total 42368K, used 18701K [0x00000000d6e00000, 0x00000000d9760000, 0x0000000100000000)
 Metaspace       used 29033K, capacity 29906K, committed 29976K, reserved 1075200K
  class space    used 3593K, capacity 3803K, committed 3864K, reserved 1048576K
}
2022-08-07T09:30:36.259+0000: 6.109: Application time: 0.0072833 seconds
{Heap before GC invocations=59 (full 1):
 par new generation   total 19008K, used 18190K [0x00000000c2600000, 0x00000000c3aa0000, 0x00000000d6e00000)
  eden space 16896K, 100% used [0x00000000c2600000, 0x00000000c3680000, 0x00000000c3680000)
  from space 2112K,  61% used [0x00000000c3890000, 0x00000000c39d3888, 0x00000000c3aa0000)
  to   space 2112K,   0% used [0x00000000c3680000, 0x00000000c3680000, 0x00000000c3890000)
 concurrent mark-sweep generation total 42368K, used 18701K [0x00000000d6e00000, 0x00000000d9760000, 0x0000000100000000)
 Metaspace       used 29043K, capacity 29924K, committed 30232K, reserved 1075200K
  class space    used 3597K, capacity 3808K, committed 3864K, reserved 1048576K
2022-08-07T09:30:36.260+0000: 6.110: [GC (Allocation Failure) 2022-08-07T09:30:36.260+0000: 6.110: [ParNew: 18190K->1276K(19008K), 0.0022057 secs] 36891K->19977K(61376K), 0.0029316 secs] [Times: user=0.00 sys=0.00, real=0.00 secs] 
Heap after GC invocations=60 (full 1):
 par new generation   total 19008K, used 1276K [0x00000000c2600000, 0x00000000c3aa0000, 0x00000000d6e00000)
  eden space 16896K,   0% used [0x00000000c2600000, 0x00000000c2600000, 0x00000000c3680000)
  from space 2112K,  60% used [0x00000000c3680000, 0x00000000c37bf0f0, 0x00000000c3890000)
  to   space 2112K,   0% used [0x00000000c3890000, 0x00000000c3890000, 0x00000000c3aa0000)
 concurrent mark-sweep generation total 42368K, used 18701K [0x00000000d6e00000, 0x00000000d9760000, 0x0000000100000000)
 Metaspace       used 29043K, capacity 29924K, committed 30232K, reserved 1075200K
  class space    used 3597K, capacity 3808K, committed 3864K, reserved 1048576K
}
2022-08-07T09:30:36.269+0000: 6.119: Application time: 0.0051643 seconds
2022-08-07T09:30:36.337+0000: 6.187: Application time: 0.0673587 seconds
{Heap before GC invocations=60 (full 1):
 par new generation   total 19008K, used 18172K [0x00000000c2600000, 0x00000000c3aa0000, 0x00000000d6e00000)
  eden space 16896K, 100% used [0x00000000c2600000, 0x00000000c3680000, 0x00000000c3680000)
  from space 2112K,  60% used [0x00000000c3680000, 0x00000000c37bf0f0, 0x00000000c3890000)
  to   space 2112K,   0% used [0x00000000c3890000, 0x00000000c3890000, 0x00000000c3aa0000)
 concurrent mark-sweep generation total 42368K, used 18701K [0x00000000d6e00000, 0x00000000d9760000, 0x0000000100000000)
 Metaspace       used 29246K, capacity 30232K, committed 30488K, reserved 1075200K
  class space    used 3631K, capacity 3860K, committed 3864K, reserved 1048576K
2022-08-07T09:30:36.338+0000: 6.188: [GC (Allocation Failure) 2022-08-07T09:30:36.338+0000: 6.188: [ParNew: 18172K->1309K(19008K), 0.0207162 secs] 36873K->20010K(61376K), 0.0218106 secs] [Times: user=0.06 sys=0.00, real=0.03 secs] 
Heap after GC invocations=61 (full 1):
 par new generation   total 19008K, used 1309K [0x00000000c2600000, 0x00000000c3aa0000, 0x00000000d6e00000)
  eden space 16896K,   0% used [0x00000000c2600000, 0x00000000c2600000, 0x00000000c3680000)
  from space 2112K,  61% used [0x00000000c3890000, 0x00000000c39d7460, 0x00000000c3aa0000)
  to   space 2112K,   0% used [0x00000000c3680000, 0x00000000c3680000, 0x00000000c3890000)
 concurrent mark-sweep generation total 42368K, used 18701K [0x00000000d6e00000, 0x00000000d9760000, 0x0000000100000000)
 Metaspace       used 29246K, capacity 30232K, committed 30488K, reserved 1075200K
  class space    used 3631K, capacity 3860K, committed 3864K, reserved 1048576K
}
2022-08-07T09:30:36.404+0000: 6.254: Application time: 0.0443410 seconds
{Heap before GC invocations=61 (full 1):
 par new generation   total 19008K, used 18205K [0x00000000c2600000, 0x00000000c3aa0000, 0x00000000d6e00000)
  eden space 16896K, 100% used [0x00000000c2600000, 0x00000000c3680000, 0x00000000c3680000)
  from space 2112K,  61% used [0x00000000c3890000, 0x00000000c39d7460, 0x00000000c3aa0000)
  to   space 2112K,   0% used [0x00000000c3680000, 0x00000000c3680000, 0x00000000c3890000)
 concurrent mark-sweep generation total 42368K, used 18701K [0x00000000d6e00000, 0x00000000d9760000, 0x0000000100000000)
 Metaspace       used 29295K, capacity 30254K, committed 30488K, reserved 1075200K
  class space    used 3642K, capacity 3863K, committed 3864K, reserved 1048576K
2022-08-07T09:30:36.405+0000: 6.255: [GC (Allocation Failure) 2022-08-07T09:30:36.406+0000: 6.256: [ParNew: 18205K->1511K(19008K), 0.0058574 secs] 36906K->20213K(61376K), 0.0064912 secs] [Times: user=0.01 sys=0.00, real=0.01 secs] 
Heap after GC invocations=62 (full 1):
 par new generation   total 19008K, used 1511K [0x00000000c2600000, 0x00000000c3aa0000, 0x00000000d6e00000)
  eden space 16896K,   0% used [0x00000000c2600000, 0x00000000c2600000, 0x00000000c3680000)
  from space 2112K,  71% used [0x00000000c3680000, 0x00000000c37f9d70, 0x00000000c3890000)
  to   space 2112K,   0% used [0x00000000c3890000, 0x00000000c3890000, 0x00000000c3aa0000)
 concurrent mark-sweep generation total 42368K, used 18701K [0x00000000d6e00000, 0x00000000d9760000, 0x0000000100000000)
 Metaspace       used 29295K, capacity 30254K, committed 30488K, reserved 1075200K
  class space    used 3642K, capacity 3863K, committed 3864K, reserved 1048576K
}
2022-08-07T09:30:36.440+0000: 6.290: Application time: 0.0277413 seconds
2022-08-07T09:30:36.484+0000: 6.334: Application time: 0.0434489 seconds
{Heap before GC invocations=62 (full 1):
 par new generation   total 19008K, used 18407K [0x00000000c2600000, 0x00000000c3aa0000, 0x00000000d6e00000)
  eden space 16896K, 100% used [0x00000000c2600000, 0x00000000c3680000, 0x00000000c3680000)
  from space 2112K,  71% used [0x00000000c3680000, 0x00000000c37f9d70, 0x00000000c3890000)
  to   space 2112K,   0% used [0x00000000c3890000, 0x00000000c3890000, 0x00000000c3aa0000)
 concurrent mark-sweep generation total 42368K, used 18701K [0x00000000d6e00000, 0x00000000d9760000, 0x0000000100000000)
 Metaspace       used 29522K, capacity 30584K, committed 30872K, reserved 1077248K
  class space    used 3680K, capacity 3916K, committed 3992K, reserved 1048576K
2022-08-07T09:30:36.485+0000: 6.335: [GC (Allocation Failure) 2022-08-07T09:30:36.485+0000: 6.335: [ParNew: 18407K->1313K(19008K), 0.0034161 secs] 37109K->20317K(61376K), 0.0041438 secs] [Times: user=0.01 sys=0.00, real=0.01 secs] 
Heap after GC invocations=63 (full 1):
 par new generation   total 19008K, used 1313K [0x00000000c2600000, 0x00000000c3aa0000, 0x00000000d6e00000)
  eden space 16896K,   0% used [0x00000000c2600000, 0x00000000c2600000, 0x00000000c3680000)
  from space 2112K,  62% used [0x00000000c3890000, 0x00000000c39d84f8, 0x00000000c3aa0000)
  to   space 2112K,   0% used [0x00000000c3680000, 0x00000000c3680000, 0x00000000c3890000)
 concurrent mark-sweep generation total 42368K, used 19004K [0x00000000d6e00000, 0x00000000d9760000, 0x0000000100000000)
 Metaspace       used 29522K, capacity 30584K, committed 30872K, reserved 1077248K
  class space    used 3680K, capacity 3916K, committed 3992K, reserved 1048576K
}
2022-08-07T09:30:36.490+0000: 6.340: Application time: 0.0002836 seconds
2022-08-07T09:30:36.567+0000: 6.417: Application time: 0.0735228 seconds
{Heap before GC invocations=63 (full 1):
 par new generation   total 19008K, used 18209K [0x00000000c2600000, 0x00000000c3aa0000, 0x00000000d6e00000)
  eden space 16896K, 100% used [0x00000000c2600000, 0x00000000c3680000, 0x00000000c3680000)
  from space 2112K,  62% used [0x00000000c3890000, 0x00000000c39d84f8, 0x00000000c3aa0000)
  to   space 2112K,   0% used [0x00000000c3680000, 0x00000000c3680000, 0x00000000c3890000)
 concurrent mark-sweep generation total 42368K, used 19004K [0x00000000d6e00000, 0x00000000d9760000, 0x0000000100000000)
 Metaspace       used 29827K, capacity 30904K, committed 31128K, reserved 1077248K
  class space    used 3731K, capacity 3980K, committed 3992K, reserved 1048576K
2022-08-07T09:30:36.568+0000: 6.418: [GC (Allocation Failure) 2022-08-07T09:30:36.568+0000: 6.418: [ParNew: 18209K->1538K(19008K), 0.0028189 secs] 37213K->20656K(61376K), 0.0034812 secs] [Times: user=0.01 sys=0.00, real=0.01 secs] 
Heap after GC invocations=64 (full 1):
 par new generation   total 19008K, used 1538K [0x00000000c2600000, 0x00000000c3aa0000, 0x00000000d6e00000)
  eden space 16896K,   0% used [0x00000000c2600000, 0x00000000c2600000, 0x00000000c3680000)
  from space 2112K,  72% used [0x00000000c3680000, 0x00000000c3800950, 0x00000000c3890000)
  to   space 2112K,   0% used [0x00000000c3890000, 0x00000000c3890000, 0x00000000c3aa0000)
 concurrent mark-sweep generation total 42368K, used 19118K [0x00000000d6e00000, 0x00000000d9760000, 0x0000000100000000)
 Metaspace       used 29827K, capacity 30904K, committed 31128K, reserved 1077248K
  class space    used 3731K, capacity 3980K, committed 3992K, reserved 1048576K
}
2022-08-07T09:30:36.670+0000: 6.520: Application time: 0.0979940 seconds
2022-08-07T09:30:36.920+0000: 6.770: Application time: 0.2502578 seconds
{Heap before GC invocations=64 (full 1):
 par new generation   total 19008K, used 18434K [0x00000000c2600000, 0x00000000c3aa0000, 0x00000000d6e00000)
  eden space 16896K, 100% used [0x00000000c2600000, 0x00000000c3680000, 0x00000000c3680000)
  from space 2112K,  72% used [0x00000000c3680000, 0x00000000c3800950, 0x00000000c3890000)
  to   space 2112K,   0% used [0x00000000c3890000, 0x00000000c3890000, 0x00000000c3aa0000)
 concurrent mark-sweep generation total 42368K, used 19118K [0x00000000d6e00000, 0x00000000d9760000, 0x0000000100000000)
 Metaspace       used 30798K, capacity 31870K, committed 32024K, reserved 1077248K
  class space    used 3843K, capacity 4109K, committed 4120K, reserved 1048576K
2022-08-07T09:30:36.921+0000: 6.771: [GC (Allocation Failure) 2022-08-07T09:30:36.921+0000: 6.771: [ParNew: 18434K->2111K(19008K), 0.0041845 secs] 37552K->21580K(61376K), 0.0050521 secs] [Times: user=0.01 sys=0.00, real=0.00 secs] 
Heap after GC invocations=65 (full 1):
 par new generation   total 19008K, used 2111K [0x00000000c2600000, 0x00000000c3aa0000, 0x00000000d6e00000)
  eden space 16896K,   0% used [0x00000000c2600000, 0x00000000c2600000, 0x00000000c3680000)
  from space 2112K,  99% used [0x00000000c3890000, 0x00000000c3a9fff8, 0x00000000c3aa0000)
  to   space 2112K,   0% used [0x00000000c3680000, 0x00000000c3680000, 0x00000000c3890000)
 concurrent mark-sweep generation total 42368K, used 19468K [0x00000000d6e00000, 0x00000000d9760000, 0x0000000100000000)
 Metaspace       used 30798K, capacity 31870K, committed 32024K, reserved 1077248K
  class space    used 3843K, capacity 4109K, committed 4120K, reserved 1048576K
}
2022-08-07T09:30:37.111+0000: 6.961: Application time: 0.1839232 seconds
{Heap before GC invocations=65 (full 1):
 par new generation   total 19008K, used 19007K [0x00000000c2600000, 0x00000000c3aa0000, 0x00000000d6e00000)
  eden space 16896K, 100% used [0x00000000c2600000, 0x00000000c3680000, 0x00000000c3680000)
  from space 2112K,  99% used [0x00000000c3890000, 0x00000000c3a9fff8, 0x00000000c3aa0000)
  to   space 2112K,   0% used [0x00000000c3680000, 0x00000000c3680000, 0x00000000c3890000)
 concurrent mark-sweep generation total 42368K, used 19468K [0x00000000d6e00000, 0x00000000d9760000, 0x0000000100000000)
 Metaspace       used 31272K, capacity 32356K, committed 32664K, reserved 1077248K
  class space    used 3884K, capacity 4142K, committed 4248K, reserved 1048576K
2022-08-07T09:30:37.112+0000: 6.962: [GC (Allocation Failure) 2022-08-07T09:30:37.112+0000: 6.962: [ParNew: 19007K->1738K(19008K), 0.0041370 secs] 38476K->21770K(61376K), 0.0048728 secs] [Times: user=0.01 sys=0.00, real=0.00 secs] 
Heap after GC invocations=66 (full 1):
 par new generation   total 19008K, used 1738K [0x00000000c2600000, 0x00000000c3aa0000, 0x00000000d6e00000)
  eden space 16896K,   0% used [0x00000000c2600000, 0x00000000c2600000, 0x00000000c3680000)
  from space 2112K,  82% used [0x00000000c3680000, 0x00000000c3832b38, 0x00000000c3890000)
  to   space 2112K,   0% used [0x00000000c3890000, 0x00000000c3890000, 0x00000000c3aa0000)
 concurrent mark-sweep generation total 42368K, used 20031K [0x00000000d6e00000, 0x00000000d9760000, 0x0000000100000000)
 Metaspace       used 31272K, capacity 32356K, committed 32664K, reserved 1077248K
  class space    used 3884K, capacity 4142K, committed 4248K, reserved 1048576K
}
2022-08-07T09:30:37.229+0000: 7.079: Application time: 0.1112367 seconds
{Heap before GC invocations=66 (full 1):
 par new generation   total 19008K, used 18634K [0x00000000c2600000, 0x00000000c3aa0000, 0x00000000d6e00000)
  eden space 16896K, 100% used [0x00000000c2600000, 0x00000000c3680000, 0x00000000c3680000)
  from space 2112K,  82% used [0x00000000c3680000, 0x00000000c3832b38, 0x00000000c3890000)
  to   space 2112K,   0% used [0x00000000c3890000, 0x00000000c3890000, 0x00000000c3aa0000)
 concurrent mark-sweep generation total 42368K, used 20031K [0x00000000d6e00000, 0x00000000d9760000, 0x0000000100000000)
 Metaspace       used 31555K, capacity 32608K, committed 32920K, reserved 1077248K
  class space    used 3912K, capacity 4180K, committed 4248K, reserved 1048576K
2022-08-07T09:30:37.230+0000: 7.080: [GC (Allocation Failure) 2022-08-07T09:30:37.230+0000: 7.080: [ParNew: 18634K->1546K(19008K), 0.0038083 secs] 38666K->22090K(61376K), 0.0044064 secs] [Times: user=0.01 sys=0.00, real=0.00 secs] 
Heap after GC invocations=67 (full 1):
 par new generation   total 19008K, used 1546K [0x00000000c2600000, 0x00000000c3aa0000, 0x00000000d6e00000)
  eden space 16896K,   0% used [0x00000000c2600000, 0x00000000c2600000, 0x00000000c3680000)
  from space 2112K,  73% used [0x00000000c3890000, 0x00000000c3a12b00, 0x00000000c3aa0000)
  to   space 2112K,   0% used [0x00000000c3680000, 0x00000000c3680000, 0x00000000c3890000)
 concurrent mark-sweep generation total 42368K, used 20543K [0x00000000d6e00000, 0x00000000d9760000, 0x0000000100000000)
 Metaspace       used 31555K, capacity 32608K, committed 32920K, reserved 1077248K
  class space    used 3912K, capacity 4180K, committed 4248K, reserved 1048576K
}
2022-08-07T09:30:37.327+0000: 7.177: Application time: 0.0924718 seconds
{Heap before GC invocations=67 (full 1):
 par new generation   total 19008K, used 18442K [0x00000000c2600000, 0x00000000c3aa0000, 0x00000000d6e00000)
  eden space 16896K, 100% used [0x00000000c2600000, 0x00000000c3680000, 0x00000000c3680000)
  from space 2112K,  73% used [0x00000000c3890000, 0x00000000c3a12b00, 0x00000000c3aa0000)
  to   space 2112K,   0% used [0x00000000c3680000, 0x00000000c3680000, 0x00000000c3890000)
 concurrent mark-sweep generation total 42368K, used 20543K [0x00000000d6e00000, 0x00000000d9760000, 0x0000000100000000)
 Metaspace       used 31639K, capacity 32762K, committed 32920K, reserved 1077248K
  class space    used 3921K, capacity 4183K, committed 4248K, reserved 1048576K
2022-08-07T09:30:37.328+0000: 7.178: [GC (Allocation Failure) 2022-08-07T09:30:37.328+0000: 7.178: [ParNew: 18442K->1643K(19008K), 0.0041905 secs] 38986K->22187K(61376K), 0.0048633 secs] [Times: user=0.01 sys=0.00, real=0.01 secs] 
Heap after GC invocations=68 (full 1):
 par new generation   total 19008K, used 1643K [0x00000000c2600000, 0x00000000c3aa0000, 0x00000000d6e00000)
  eden space 16896K,   0% used [0x00000000c2600000, 0x00000000c2600000, 0x00000000c3680000)
  from space 2112K,  77% used [0x00000000c3680000, 0x00000000c381ae90, 0x00000000c3890000)
  to   space 2112K,   0% used [0x00000000c3890000, 0x00000000c3890000, 0x00000000c3aa0000)
 concurrent mark-sweep generation total 42368K, used 20543K [0x00000000d6e00000, 0x00000000d9760000, 0x0000000100000000)
 Metaspace       used 31639K, capacity 32762K, committed 32920K, reserved 1077248K
  class space    used 3921K, capacity 4183K, committed 4248K, reserved 1048576K
}
2022-08-07T09:30:37.378+0000: 7.228: Application time: 0.0452116 seconds
{Heap before GC invocations=68 (full 1):
 par new generation   total 19008K, used 18539K [0x00000000c2600000, 0x00000000c3aa0000, 0x00000000d6e00000)
  eden space 16896K, 100% used [0x00000000c2600000, 0x00000000c3680000, 0x00000000c3680000)
  from space 2112K,  77% used [0x00000000c3680000, 0x00000000c381ae90, 0x00000000c3890000)
  to   space 2112K,   0% used [0x00000000c3890000, 0x00000000c3890000, 0x00000000c3aa0000)
 concurrent mark-sweep generation total 42368K, used 20543K [0x00000000d6e00000, 0x00000000d9760000, 0x0000000100000000)
 Metaspace       used 31680K, capacity 32762K, committed 32920K, reserved 1077248K
  class space    used 3925K, capacity 4183K, committed 4248K, reserved 1048576K
2022-08-07T09:30:37.379+0000: 7.229: [GC (Allocation Failure) 2022-08-07T09:30:37.379+0000: 7.229: [ParNew: 18539K->1454K(19008K), 0.0039577 secs] 39083K->22421K(61376K), 0.0050110 secs] [Times: user=0.01 sys=0.00, real=0.01 secs] 
Heap after GC invocations=69 (full 1):
 par new generation   total 19008K, used 1454K [0x00000000c2600000, 0x00000000c3aa0000, 0x00000000d6e00000)
  eden space 16896K,   0% used [0x00000000c2600000, 0x00000000c2600000, 0x00000000c3680000)
  from space 2112K,  68% used [0x00000000c3890000, 0x00000000c39fbb90, 0x00000000c3aa0000)
  to   space 2112K,   0% used [0x00000000c3680000, 0x00000000c3680000, 0x00000000c3890000)
 concurrent mark-sweep generation total 42368K, used 20967K [0x00000000d6e00000, 0x00000000d9760000, 0x0000000100000000)
 Metaspace       used 31680K, capacity 32762K, committed 32920K, reserved 1077248K
  class space    used 3925K, capacity 4183K, committed 4248K, reserved 1048576K
}
2022-08-07T09:30:37.451+0000: 7.301: Application time: 0.0661157 seconds
{Heap before GC invocations=69 (full 1):
 par new generation   total 19008K, used 18350K [0x00000000c2600000, 0x00000000c3aa0000, 0x00000000d6e00000)
  eden space 16896K, 100% used [0x00000000c2600000, 0x00000000c3680000, 0x00000000c3680000)
  from space 2112K,  68% used [0x00000000c3890000, 0x00000000c39fbb90, 0x00000000c3aa0000)
  to   space 2112K,   0% used [0x00000000c3680000, 0x00000000c3680000, 0x00000000c3890000)
 concurrent mark-sweep generation total 42368K, used 20967K [0x00000000d6e00000, 0x00000000d9760000, 0x0000000100000000)
 Metaspace       used 31810K, capacity 32954K, committed 33176K, reserved 1079296K
  class space    used 3948K, capacity 4197K, committed 4248K, reserved 1048576K
2022-08-07T09:30:37.451+0000: 7.301: [GC (Allocation Failure) 2022-08-07T09:30:37.452+0000: 7.302: [ParNew: 18350K->1797K(19008K), 0.0026961 secs] 39317K->22764K(61376K), 0.0034446 secs] [Times: user=0.01 sys=0.00, real=0.00 secs] 
Heap after GC invocations=70 (full 1):
 par new generation   total 19008K, used 1797K [0x00000000c2600000, 0x00000000c3aa0000, 0x00000000d6e00000)
  eden space 16896K,   0% used [0x00000000c2600000, 0x00000000c2600000, 0x00000000c3680000)
  from space 2112K,  85% used [0x00000000c3680000, 0x00000000c3841478, 0x00000000c3890000)
  to   space 2112K,   0% used [0x00000000c3890000, 0x00000000c3890000, 0x00000000c3aa0000)
 concurrent mark-sweep generation total 42368K, used 20967K [0x00000000d6e00000, 0x00000000d9760000, 0x0000000100000000)
 Metaspace       used 31810K, capacity 32954K, committed 33176K, reserved 1079296K
  class space    used 3948K, capacity 4197K, committed 4248K, reserved 1048576K
}
2022-08-07T09:30:37.560+0000: 7.410: Application time: 0.1047549 seconds
{Heap before GC invocations=70 (full 1):
 par new generation   total 19008K, used 18693K [0x00000000c2600000, 0x00000000c3aa0000, 0x00000000d6e00000)
  eden space 16896K, 100% used [0x00000000c2600000, 0x00000000c3680000, 0x00000000c3680000)
  from space 2112K,  85% used [0x00000000c3680000, 0x00000000c3841478, 0x00000000c3890000)
  to   space 2112K,   0% used [0x00000000c3890000, 0x00000000c3890000, 0x00000000c3aa0000)
 concurrent mark-sweep generation total 42368K, used 20967K [0x00000000d6e00000, 0x00000000d9760000, 0x0000000100000000)
 Metaspace       used 32069K, capacity 33234K, committed 33560K, reserved 1079296K
  class space    used 3992K, capacity 4269K, committed 4376K, reserved 1048576K
2022-08-07T09:30:37.561+0000: 7.411: [GC (Allocation Failure) 2022-08-07T09:30:37.561+0000: 7.411: [ParNew: 18693K->1758K(19008K), 0.0109487 secs] 39660K->22948K(61376K), 0.0154580 secs] [Times: user=0.01 sys=0.00, real=0.01 secs] 
Heap after GC invocations=71 (full 1):
 par new generation   total 19008K, used 1758K [0x00000000c2600000, 0x00000000c3aa0000, 0x00000000d6e00000)
  eden space 16896K,   0% used [0x00000000c2600000, 0x00000000c2600000, 0x00000000c3680000)
  from space 2112K,  83% used [0x00000000c3890000, 0x00000000c3a47a60, 0x00000000c3aa0000)
  to   space 2112K,   0% used [0x00000000c3680000, 0x00000000c3680000, 0x00000000c3890000)
 concurrent mark-sweep generation total 42368K, used 21189K [0x00000000d6e00000, 0x00000000d9760000, 0x0000000100000000)
 Metaspace       used 32069K, capacity 33234K, committed 33560K, reserved 1079296K
  class space    used 3992K, capacity 4269K, committed 4376K, reserved 1048576K
}
2022-08-07T09:30:37.623+0000: 7.473: Application time: 0.0460967 seconds
{Heap before GC invocations=71 (full 1):
 par new generation   total 19008K, used 18654K [0x00000000c2600000, 0x00000000c3aa0000, 0x00000000d6e00000)
  eden space 16896K, 100% used [0x00000000c2600000, 0x00000000c3680000, 0x00000000c3680000)
  from space 2112K,  83% used [0x00000000c3890000, 0x00000000c3a47a60, 0x00000000c3aa0000)
  to   space 2112K,   0% used [0x00000000c3680000, 0x00000000c3680000, 0x00000000c3890000)
 concurrent mark-sweep generation total 42368K, used 21189K [0x00000000d6e00000, 0x00000000d9760000, 0x0000000100000000)
 Metaspace       used 32098K, capacity 33298K, committed 33560K, reserved 1079296K
  class space    used 3995K, capacity 4269K, committed 4376K, reserved 1048576K
2022-08-07T09:30:37.624+0000: 7.474: [GC (Allocation Failure) 2022-08-07T09:30:37.625+0000: 7.475: [ParNew: 18654K->1054K(19008K), 0.0047158 secs] 39844K->22850K(61376K), 0.0054833 secs] [Times: user=0.01 sys=0.00, real=0.01 secs] 
Heap after GC invocations=72 (full 1):
 par new generation   total 19008K, used 1054K [0x00000000c2600000, 0x00000000c3aa0000, 0x00000000d6e00000)
  eden space 16896K,   0% used [0x00000000c2600000, 0x00000000c2600000, 0x00000000c3680000)
  from space 2112K,  49% used [0x00000000c3680000, 0x00000000c3787868, 0x00000000c3890000)
  to   space 2112K,   0% used [0x00000000c3890000, 0x00000000c3890000, 0x00000000c3aa0000)
 concurrent mark-sweep generation total 42368K, used 21796K [0x00000000d6e00000, 0x00000000d9760000, 0x0000000100000000)
 Metaspace       used 32098K, capacity 33298K, committed 33560K, reserved 1079296K
  class space    used 3995K, capacity 4269K, committed 4376K, reserved 1048576K
}
2022-08-07T09:30:37.779+0000: 7.629: Application time: 0.1483782 seconds
{Heap before GC invocations=72 (full 1):
 par new generation   total 19008K, used 17950K [0x00000000c2600000, 0x00000000c3aa0000, 0x00000000d6e00000)
  eden space 16896K, 100% used [0x00000000c2600000, 0x00000000c3680000, 0x00000000c3680000)
  from space 2112K,  49% used [0x00000000c3680000, 0x00000000c3787868, 0x00000000c3890000)
  to   space 2112K,   0% used [0x00000000c3890000, 0x00000000c3890000, 0x00000000c3aa0000)
 concurrent mark-sweep generation total 42368K, used 21796K [0x00000000d6e00000, 0x00000000d9760000, 0x0000000100000000)
 Metaspace       used 32423K, capacity 33594K, committed 33816K, reserved 1079296K
  class space    used 4035K, capacity 4313K, committed 4376K, reserved 1048576K
2022-08-07T09:30:37.780+0000: 7.630: [GC (Allocation Failure) 2022-08-07T09:30:37.780+0000: 7.630: [ParNew: 17950K->1215K(19008K), 0.0033061 secs] 39746K->23011K(61376K), 0.0041378 secs] [Times: user=0.01 sys=0.00, real=0.00 secs] 
Heap after GC invocations=73 (full 1):
 par new generation   total 19008K, used 1215K [0x00000000c2600000, 0x00000000c3aa0000, 0x00000000d6e00000)
  eden space 16896K,   0% used [0x00000000c2600000, 0x00000000c2600000, 0x00000000c3680000)
  from space 2112K,  57% used [0x00000000c3890000, 0x00000000c39bfc70, 0x00000000c3aa0000)
  to   space 2112K,   0% used [0x00000000c3680000, 0x00000000c3680000, 0x00000000c3890000)
 concurrent mark-sweep generation total 42368K, used 21796K [0x00000000d6e00000, 0x00000000d9760000, 0x0000000100000000)
 Metaspace       used 32423K, capacity 33594K, committed 33816K, reserved 1079296K
  class space    used 4035K, capacity 4313K, committed 4376K, reserved 1048576K
}
2022-08-07T09:30:37.910+0000: 7.760: Application time: 0.1253457 seconds
{Heap before GC invocations=73 (full 1):
 par new generation   total 19008K, used 18111K [0x00000000c2600000, 0x00000000c3aa0000, 0x00000000d6e00000)
  eden space 16896K, 100% used [0x00000000c2600000, 0x00000000c3680000, 0x00000000c3680000)
  from space 2112K,  57% used [0x00000000c3890000, 0x00000000c39bfc70, 0x00000000c3aa0000)
  to   space 2112K,   0% used [0x00000000c3680000, 0x00000000c3680000, 0x00000000c3890000)
 concurrent mark-sweep generation total 42368K, used 21796K [0x00000000d6e00000, 0x00000000d9760000, 0x0000000100000000)
 Metaspace       used 33170K, capacity 34362K, committed 34712K, reserved 1079296K
  class space    used 4111K, capacity 4377K, committed 4504K, reserved 1048576K
2022-08-07T09:30:37.911+0000: 7.761: [GC (Allocation Failure) 2022-08-07T09:30:37.911+0000: 7.761: [ParNew: 18111K->2097K(19008K), 0.0031042 secs] 39907K->23920K(61376K), 0.0040161 secs] [Times: user=0.01 sys=0.00, real=0.00 secs] 
Heap after GC invocations=74 (full 1):
 par new generation   total 19008K, used 2097K [0x00000000c2600000, 0x00000000c3aa0000, 0x00000000d6e00000)
  eden space 16896K,   0% used [0x00000000c2600000, 0x00000000c2600000, 0x00000000c3680000)
  from space 2112K,  99% used [0x00000000c3680000, 0x00000000c388c418, 0x00000000c3890000)
  to   space 2112K,   0% used [0x00000000c3890000, 0x00000000c3890000, 0x00000000c3aa0000)
 concurrent mark-sweep generation total 42368K, used 21823K [0x00000000d6e00000, 0x00000000d9760000, 0x0000000100000000)
 Metaspace       used 33170K, capacity 34362K, committed 34712K, reserved 1079296K
  class space    used 4111K, capacity 4377K, committed 4504K, reserved 1048576K
}
2022-08-07T09:30:37.962+0000: 7.812: Application time: 0.0463427 seconds
2022-08-07T09:30:37.966+0000: 7.816: Application time: 0.0046037 seconds
2022-08-07T09:30:37.972+0000: 7.822: Application time: 0.0056447 seconds
2022-08-07T09:30:38.048+0000: 7.898: Application time: 0.0749501 seconds
{Heap before GC invocations=74 (full 1):
 par new generation   total 19008K, used 18993K [0x00000000c2600000, 0x00000000c3aa0000, 0x00000000d6e00000)
  eden space 16896K, 100% used [0x00000000c2600000, 0x00000000c3680000, 0x00000000c3680000)
  from space 2112K,  99% used [0x00000000c3680000, 0x00000000c388c418, 0x00000000c3890000)
  to   space 2112K,   0% used [0x00000000c3890000, 0x00000000c3890000, 0x00000000c3aa0000)
 concurrent mark-sweep generation total 42368K, used 21823K [0x00000000d6e00000, 0x00000000d9760000, 0x0000000100000000)
 Metaspace       used 33994K, capacity 35162K, committed 35224K, reserved 1079296K
  class space    used 4208K, capacity 4473K, committed 4504K, reserved 1048576K
2022-08-07T09:30:38.048+0000: 7.898: [GC (Allocation Failure) 2022-08-07T09:30:38.049+0000: 7.899: [ParNew: 18993K->1614K(19008K), 0.0041579 secs] 40816K->23874K(61376K), 0.0050805 secs] [Times: user=0.01 sys=0.00, real=0.01 secs] 
Heap after GC invocations=75 (full 1):
 par new generation   total 19008K, used 1614K [0x00000000c2600000, 0x00000000c3aa0000, 0x00000000d6e00000)
  eden space 16896K,   0% used [0x00000000c2600000, 0x00000000c2600000, 0x00000000c3680000)
  from space 2112K,  76% used [0x00000000c3890000, 0x00000000c3a238d8, 0x00000000c3aa0000)
  to   space 2112K,   0% used [0x00000000c3680000, 0x00000000c3680000, 0x00000000c3890000)
 concurrent mark-sweep generation total 42368K, used 22260K [0x00000000d6e00000, 0x00000000d9760000, 0x0000000100000000)
 Metaspace       used 33994K, capacity 35162K, committed 35224K, reserved 1079296K
  class space    used 4208K, capacity 4473K, committed 4504K, reserved 1048576K
}
2022-08-07T09:30:38.146+0000: 7.996: Application time: 0.0914827 seconds
{Heap before GC invocations=75 (full 1):
 par new generation   total 19008K, used 18510K [0x00000000c2600000, 0x00000000c3aa0000, 0x00000000d6e00000)
  eden space 16896K, 100% used [0x00000000c2600000, 0x00000000c3680000, 0x00000000c3680000)
  from space 2112K,  76% used [0x00000000c3890000, 0x00000000c3a238d8, 0x00000000c3aa0000)
  to   space 2112K,   0% used [0x00000000c3680000, 0x00000000c3680000, 0x00000000c3890000)
 concurrent mark-sweep generation total 42368K, used 22260K [0x00000000d6e00000, 0x00000000d9760000, 0x0000000100000000)
 Metaspace       used 34161K, capacity 35328K, committed 35608K, reserved 1081344K
  class space    used 4234K, capacity 4506K, committed 4632K, reserved 1048576K
2022-08-07T09:30:38.147+0000: 7.997: [GC (Allocation Failure) 2022-08-07T09:30:38.147+0000: 7.997: [ParNew: 18510K->940K(19008K), 0.0087705 secs] 40770K->23593K(61376K), 0.0099290 secs] [Times: user=0.01 sys=0.00, real=0.01 secs] 
Heap after GC invocations=76 (full 1):
 par new generation   total 19008K, used 940K [0x00000000c2600000, 0x00000000c3aa0000, 0x00000000d6e00000)
  eden space 16896K,   0% used [0x00000000c2600000, 0x00000000c2600000, 0x00000000c3680000)
  from space 2112K,  44% used [0x00000000c3680000, 0x00000000c376b380, 0x00000000c3890000)
  to   space 2112K,   0% used [0x00000000c3890000, 0x00000000c3890000, 0x00000000c3aa0000)
 concurrent mark-sweep generation total 42368K, used 22652K [0x00000000d6e00000, 0x00000000d9760000, 0x0000000100000000)
 Metaspace       used 34161K, capacity 35328K, committed 35608K, reserved 1081344K
  class space    used 4234K, capacity 4506K, committed 4632K, reserved 1048576K
}
2022-08-07T09:30:38.231+0000: 8.081: Application time: 0.0734804 seconds
{Heap before GC invocations=76 (full 1):
 par new generation   total 19008K, used 17836K [0x00000000c2600000, 0x00000000c3aa0000, 0x00000000d6e00000)
  eden space 16896K, 100% used [0x00000000c2600000, 0x00000000c3680000, 0x00000000c3680000)
  from space 2112K,  44% used [0x00000000c3680000, 0x00000000c376b380, 0x00000000c3890000)
  to   space 2112K,   0% used [0x00000000c3890000, 0x00000000c3890000, 0x00000000c3aa0000)
 concurrent mark-sweep generation total 42368K, used 22652K [0x00000000d6e00000, 0x00000000d9760000, 0x0000000100000000)
 Metaspace       used 34267K, capacity 35398K, committed 35608K, reserved 1081344K
  class space    used 4250K, capacity 4507K, committed 4632K, reserved 1048576K
2022-08-07T09:30:38.232+0000: 8.082: [GC (Allocation Failure) 2022-08-07T09:30:38.232+0000: 8.082: [ParNew: 17836K->761K(19008K), 0.0069066 secs] 40489K->23413K(61376K), 0.0078272 secs] [Times: user=0.01 sys=0.01, real=0.01 secs] 
Heap after GC invocations=77 (full 1):
 par new generation   total 19008K, used 761K [0x00000000c2600000, 0x00000000c3aa0000, 0x00000000d6e00000)
  eden space 16896K,   0% used [0x00000000c2600000, 0x00000000c2600000, 0x00000000c3680000)
  from space 2112K,  36% used [0x00000000c3890000, 0x00000000c394e5a8, 0x00000000c3aa0000)
  to   space 2112K,   0% used [0x00000000c3680000, 0x00000000c3680000, 0x00000000c3890000)
 concurrent mark-sweep generation total 42368K, used 22652K [0x00000000d6e00000, 0x00000000d9760000, 0x0000000100000000)
 Metaspace       used 34267K, capacity 35398K, committed 35608K, reserved 1081344K
  class space    used 4250K, capacity 4507K, committed 4632K, reserved 1048576K
}
2022-08-07T09:30:38.301+0000: 8.151: Application time: 0.0601034 seconds
{Heap before GC invocations=77 (full 1):
 par new generation   total 19008K, used 17657K [0x00000000c2600000, 0x00000000c3aa0000, 0x00000000d6e00000)
  eden space 16896K, 100% used [0x00000000c2600000, 0x00000000c3680000, 0x00000000c3680000)
  from space 2112K,  36% used [0x00000000c3890000, 0x00000000c394e5a8, 0x00000000c3aa0000)
  to   space 2112K,   0% used [0x00000000c3680000, 0x00000000c3680000, 0x00000000c3890000)
 concurrent mark-sweep generation total 42368K, used 22652K [0x00000000d6e00000, 0x00000000d9760000, 0x0000000100000000)
 Metaspace       used 34318K, capacity 35462K, committed 35608K, reserved 1081344K
  class space    used 4257K, capacity 4507K, committed 4632K, reserved 1048576K
2022-08-07T09:30:38.301+0000: 8.151: [GC (Allocation Failure) 2022-08-07T09:30:38.302+0000: 8.152: [ParNew: 17657K->953K(19008K), 0.0039917 secs] 40309K->23605K(61376K), 0.0047698 secs] [Times: user=0.01 sys=0.00, real=0.00 secs] 
Heap after GC invocations=78 (full 1):
 par new generation   total 19008K, used 953K [0x00000000c2600000, 0x00000000c3aa0000, 0x00000000d6e00000)
  eden space 16896K,   0% used [0x00000000c2600000, 0x00000000c2600000, 0x00000000c3680000)
  from space 2112K,  45% used [0x00000000c3680000, 0x00000000c376e560, 0x00000000c3890000)
  to   space 2112K,   0% used [0x00000000c3890000, 0x00000000c3890000, 0x00000000c3aa0000)
 concurrent mark-sweep generation total 42368K, used 22652K [0x00000000d6e00000, 0x00000000d9760000, 0x0000000100000000)
 Metaspace       used 34318K, capacity 35462K, committed 35608K, reserved 1081344K
  class space    used 4257K, capacity 4507K, committed 4632K, reserved 1048576K
}
2022-08-07T09:30:38.378+0000: 8.228: Application time: 0.0708408 seconds
{Heap before GC invocations=78 (full 1):
 par new generation   total 19008K, used 17849K [0x00000000c2600000, 0x00000000c3aa0000, 0x00000000d6e00000)
  eden space 16896K, 100% used [0x00000000c2600000, 0x00000000c3680000, 0x00000000c3680000)
  from space 2112K,  45% used [0x00000000c3680000, 0x00000000c376e560, 0x00000000c3890000)
  to   space 2112K,   0% used [0x00000000c3890000, 0x00000000c3890000, 0x00000000c3aa0000)
 concurrent mark-sweep generation total 42368K, used 22652K [0x00000000d6e00000, 0x00000000d9760000, 0x0000000100000000)
 Metaspace       used 34541K, capacity 35750K, committed 35864K, reserved 1081344K
  class space    used 4285K, capacity 4539K, committed 4632K, reserved 1048576K
2022-08-07T09:30:38.378+0000: 8.228: [GC (Allocation Failure) 2022-08-07T09:30:38.379+0000: 8.229: [ParNew: 17849K->1307K(19008K), 0.0059211 secs] 40501K->23960K(61376K), 0.0065333 secs] [Times: user=0.02 sys=0.00, real=0.01 secs] 
Heap after GC invocations=79 (full 1):
 par new generation   total 19008K, used 1307K [0x00000000c2600000, 0x00000000c3aa0000, 0x00000000d6e00000)
  eden space 16896K,   0% used [0x00000000c2600000, 0x00000000c2600000, 0x00000000c3680000)
  from space 2112K,  61% used [0x00000000c3890000, 0x00000000c39d6ff8, 0x00000000c3aa0000)
  to   space 2112K,   0% used [0x00000000c3680000, 0x00000000c3680000, 0x00000000c3890000)
 concurrent mark-sweep generation total 42368K, used 22652K [0x00000000d6e00000, 0x00000000d9760000, 0x0000000100000000)
 Metaspace       used 34541K, capacity 35750K, committed 35864K, reserved 1081344K
  class space    used 4285K, capacity 4539K, committed 4632K, reserved 1048576K
}
2022-08-07T09:30:38.444+0000: 8.294: Application time: 0.0585638 seconds
{Heap before GC invocations=79 (full 1):
 par new generation   total 19008K, used 18203K [0x00000000c2600000, 0x00000000c3aa0000, 0x00000000d6e00000)
  eden space 16896K, 100% used [0x00000000c2600000, 0x00000000c3680000, 0x00000000c3680000)
  from space 2112K,  61% used [0x00000000c3890000, 0x00000000c39d6ff8, 0x00000000c3aa0000)
  to   space 2112K,   0% used [0x00000000c3680000, 0x00000000c3680000, 0x00000000c3890000)
 concurrent mark-sweep generation total 42368K, used 22652K [0x00000000d6e00000, 0x00000000d9760000, 0x0000000100000000)
 Metaspace       used 34799K, capacity 35974K, committed 36120K, reserved 1081344K
  class space    used 4310K, capacity 4571K, committed 4632K, reserved 1048576K
2022-08-07T09:30:38.445+0000: 8.295: [GC (Allocation Failure) 2022-08-07T09:30:38.445+0000: 8.297: [ParNew: 18203K->1606K(19008K), 0.0160613 secs] 40856K->24258K(61376K), 0.0182342 secs] [Times: user=0.03 sys=0.00, real=0.02 secs] 
Heap after GC invocations=80 (full 1):
 par new generation   total 19008K, used 1606K [0x00000000c2600000, 0x00000000c3aa0000, 0x00000000d6e00000)
  eden space 16896K,   0% used [0x00000000c2600000, 0x00000000c2600000, 0x00000000c3680000)
  from space 2112K,  76% used [0x00000000c3680000, 0x00000000c3811870, 0x00000000c3890000)
  to   space 2112K,   0% used [0x00000000c3890000, 0x00000000c3890000, 0x00000000c3aa0000)
 concurrent mark-sweep generation total 42368K, used 22652K [0x00000000d6e00000, 0x00000000d9760000, 0x0000000100000000)
 Metaspace       used 34799K, capacity 35974K, committed 36120K, reserved 1081344K
  class space    used 4310K, capacity 4571K, committed 4632K, reserved 1048576K
}
2022-08-07T09:30:38.544+0000: 8.394: Application time: 0.0780335 seconds
{Heap before GC invocations=80 (full 1):
 par new generation   total 19008K, used 18502K [0x00000000c2600000, 0x00000000c3aa0000, 0x00000000d6e00000)
  eden space 16896K, 100% used [0x00000000c2600000, 0x00000000c3680000, 0x00000000c3680000)
  from space 2112K,  76% used [0x00000000c3680000, 0x00000000c3811870, 0x00000000c3890000)
  to   space 2112K,   0% used [0x00000000c3890000, 0x00000000c3890000, 0x00000000c3aa0000)
 concurrent mark-sweep generation total 42368K, used 22652K [0x00000000d6e00000, 0x00000000d9760000, 0x0000000100000000)
 Metaspace       used 34904K, capacity 36094K, committed 36376K, reserved 1081344K
  class space    used 4327K, capacity 4581K, committed 4632K, reserved 1048576K
2022-08-07T09:30:38.545+0000: 8.395: [GC (Allocation Failure) 2022-08-07T09:30:38.545+0000: 8.395: [ParNew: 18502K->1706K(19008K), 0.0049180 secs] 41154K->24501K(61376K), 0.0056571 secs] [Times: user=0.02 sys=0.00, real=0.01 secs] 
Heap after GC invocations=81 (full 1):
 par new generation   total 19008K, used 1706K [0x00000000c2600000, 0x00000000c3aa0000, 0x00000000d6e00000)
  eden space 16896K,   0% used [0x00000000c2600000, 0x00000000c2600000, 0x00000000c3680000)
  from space 2112K,  80% used [0x00000000c3890000, 0x00000000c3a3a8b0, 0x00000000c3aa0000)
  to   space 2112K,   0% used [0x00000000c3680000, 0x00000000c3680000, 0x00000000c3890000)
 concurrent mark-sweep generation total 42368K, used 22795K [0x00000000d6e00000, 0x00000000d9760000, 0x0000000100000000)
 Metaspace       used 34904K, capacity 36094K, committed 36376K, reserved 1081344K
  class space    used 4327K, capacity 4581K, committed 4632K, reserved 1048576K
}
2022-08-07T09:30:38.625+0000: 8.475: Application time: 0.0737271 seconds
{Heap before GC invocations=81 (full 1):
 par new generation   total 19008K, used 18602K [0x00000000c2600000, 0x00000000c3aa0000, 0x00000000d6e00000)
  eden space 16896K, 100% used [0x00000000c2600000, 0x00000000c3680000, 0x00000000c3680000)
  from space 2112K,  80% used [0x00000000c3890000, 0x00000000c3a3a8b0, 0x00000000c3aa0000)
  to   space 2112K,   0% used [0x00000000c3680000, 0x00000000c3680000, 0x00000000c3890000)
 concurrent mark-sweep generation total 42368K, used 22795K [0x00000000d6e00000, 0x00000000d9760000, 0x0000000100000000)
 Metaspace       used 35028K, capacity 36232K, committed 36376K, reserved 1081344K
  class space    used 4338K, capacity 4622K, committed 4632K, reserved 1048576K
2022-08-07T09:30:38.626+0000: 8.476: [GC (Allocation Failure) 2022-08-07T09:30:38.626+0000: 8.476: [ParNew: 18602K->1589K(19008K), 0.0047522 secs] 41397K->24448K(61376K), 0.0054932 secs] [Times: user=0.02 sys=0.00, real=0.01 secs] 
Heap after GC invocations=82 (full 1):
 par new generation   total 19008K, used 1589K [0x00000000c2600000, 0x00000000c3aa0000, 0x00000000d6e00000)
  eden space 16896K,   0% used [0x00000000c2600000, 0x00000000c2600000, 0x00000000c3680000)
  from space 2112K,  75% used [0x00000000c3680000, 0x00000000c380d728, 0x00000000c3890000)
  to   space 2112K,   0% used [0x00000000c3890000, 0x00000000c3890000, 0x00000000c3aa0000)
 concurrent mark-sweep generation total 42368K, used 22858K [0x00000000d6e00000, 0x00000000d9760000, 0x0000000100000000)
 Metaspace       used 35028K, capacity 36232K, committed 36376K, reserved 1081344K
  class space    used 4338K, capacity 4622K, committed 4632K, reserved 1048576K
}
2022-08-07T09:30:38.688+0000: 8.538: Application time: 0.0566482 seconds
{Heap before GC invocations=82 (full 1):
 par new generation   total 19008K, used 18485K [0x00000000c2600000, 0x00000000c3aa0000, 0x00000000d6e00000)
  eden space 16896K, 100% used [0x00000000c2600000, 0x00000000c3680000, 0x00000000c3680000)
  from space 2112K,  75% used [0x00000000c3680000, 0x00000000c380d728, 0x00000000c3890000)
  to   space 2112K,   0% used [0x00000000c3890000, 0x00000000c3890000, 0x00000000c3aa0000)
 concurrent mark-sweep generation total 42368K, used 22858K [0x00000000d6e00000, 0x00000000d9760000, 0x0000000100000000)
 Metaspace       used 35090K, capacity 36296K, committed 36376K, reserved 1081344K
  class space    used 4343K, capacity 4622K, committed 4632K, reserved 1048576K
2022-08-07T09:30:38.689+0000: 8.539: [GC (Allocation Failure) 2022-08-07T09:30:38.690+0000: 8.540: [ParNew: 18485K->1691K(19008K), 0.0063079 secs] 41344K->24671K(61376K), 0.0071630 secs] [Times: user=0.02 sys=0.01, real=0.00 secs] 
Heap after GC invocations=83 (full 1):
 par new generation   total 19008K, used 1691K [0x00000000c2600000, 0x00000000c3aa0000, 0x00000000d6e00000)
  eden space 16896K,   0% used [0x00000000c2600000, 0x00000000c2600000, 0x00000000c3680000)
  from space 2112K,  80% used [0x00000000c3890000, 0x00000000c3a36f18, 0x00000000c3aa0000)
  to   space 2112K,   0% used [0x00000000c3680000, 0x00000000c3680000, 0x00000000c3890000)
 concurrent mark-sweep generation total 42368K, used 22979K [0x00000000d6e00000, 0x00000000d9760000, 0x0000000100000000)
 Metaspace       used 35090K, capacity 36296K, committed 36376K, reserved 1081344K
  class space    used 4343K, capacity 4622K, committed 4632K, reserved 1048576K
}
2022-08-07T09:30:38.823+0000: 8.673: Application time: 0.1256423 seconds
{Heap before GC invocations=83 (full 1):
 par new generation   total 19008K, used 18587K [0x00000000c2600000, 0x00000000c3aa0000, 0x00000000d6e00000)
  eden space 16896K, 100% used [0x00000000c2600000, 0x00000000c3680000, 0x00000000c3680000)
  from space 2112K,  80% used [0x00000000c3890000, 0x00000000c3a36f18, 0x00000000c3aa0000)
  to   space 2112K,   0% used [0x00000000c3680000, 0x00000000c3680000, 0x00000000c3890000)
 concurrent mark-sweep generation total 42368K, used 22979K [0x00000000d6e00000, 0x00000000d9760000, 0x0000000100000000)
 Metaspace       used 35333K, capacity 36850K, committed 37016K, reserved 1081344K
  class space    used 4395K, capacity 4701K, committed 4760K, reserved 1048576K
2022-08-07T09:30:38.824+0000: 8.675: [GC (Allocation Failure) 2022-08-07T09:30:38.825+0000: 8.675: [ParNew: 18587K->1763K(19008K), 0.0151854 secs] 41567K->24978K(61376K), 0.0161539 secs] [Times: user=0.02 sys=0.00, real=0.02 secs] 
Heap after GC invocations=84 (full 1):
 par new generation   total 19008K, used 1763K [0x00000000c2600000, 0x00000000c3aa0000, 0x00000000d6e00000)
  eden space 16896K,   0% used [0x00000000c2600000, 0x00000000c2600000, 0x00000000c3680000)
  from space 2112K,  83% used [0x00000000c3680000, 0x00000000c3838d28, 0x00000000c3890000)
  to   space 2112K,   0% used [0x00000000c3890000, 0x00000000c3890000, 0x00000000c3aa0000)
 concurrent mark-sweep generation total 42368K, used 23214K [0x00000000d6e00000, 0x00000000d9760000, 0x0000000100000000)
 Metaspace       used 35333K, capacity 36850K, committed 37016K, reserved 1081344K
  class space    used 4395K, capacity 4701K, committed 4760K, reserved 1048576K
}
2022-08-07T09:30:38.917+0000: 8.767: Application time: 0.0753885 seconds
{Heap before GC invocations=84 (full 1):
 par new generation   total 19008K, used 18659K [0x00000000c2600000, 0x00000000c3aa0000, 0x00000000d6e00000)
  eden space 16896K, 100% used [0x00000000c2600000, 0x00000000c3680000, 0x00000000c3680000)
  from space 2112K,  83% used [0x00000000c3680000, 0x00000000c3838d28, 0x00000000c3890000)
  to   space 2112K,   0% used [0x00000000c3890000, 0x00000000c3890000, 0x00000000c3aa0000)
 concurrent mark-sweep generation total 42368K, used 23214K [0x00000000d6e00000, 0x00000000d9760000, 0x0000000100000000)
 Metaspace       used 35458K, capacity 37014K, committed 37272K, reserved 1081344K
  class space    used 4419K, capacity 4733K, committed 4760K, reserved 1048576K
2022-08-07T09:30:38.918+0000: 8.768: [GC (Allocation Failure) 2022-08-07T09:30:38.919+0000: 8.769: [ParNew: 18659K->2078K(19008K), 0.0090202 secs] 41874K->25507K(61376K), 0.0098949 secs] [Times: user=0.02 sys=0.00, real=0.01 secs] 
Heap after GC invocations=85 (full 1):
 par new generation   total 19008K, used 2078K [0x00000000c2600000, 0x00000000c3aa0000, 0x00000000d6e00000)
  eden space 16896K,   0% used [0x00000000c2600000, 0x00000000c2600000, 0x00000000c3680000)
  from space 2112K,  98% used [0x00000000c3890000, 0x00000000c3a97bd0, 0x00000000c3aa0000)
  to   space 2112K,   0% used [0x00000000c3680000, 0x00000000c3680000, 0x00000000c3890000)
 concurrent mark-sweep generation total 42368K, used 23428K [0x00000000d6e00000, 0x00000000d9760000, 0x0000000100000000)
 Metaspace       used 35458K, capacity 37014K, committed 37272K, reserved 1081344K
  class space    used 4419K, capacity 4733K, committed 4760K, reserved 1048576K
}
2022-08-07T09:30:38.930+0000: 8.780: Application time: 0.0009669 seconds
2022-08-07T09:30:39.044+0000: 8.894: Application time: 0.1138283 seconds
{Heap before GC invocations=85 (full 1):
 par new generation   total 19008K, used 18974K [0x00000000c2600000, 0x00000000c3aa0000, 0x00000000d6e00000)
  eden space 16896K, 100% used [0x00000000c2600000, 0x00000000c3680000, 0x00000000c3680000)
  from space 2112K,  98% used [0x00000000c3890000, 0x00000000c3a97bd0, 0x00000000c3aa0000)
  to   space 2112K,   0% used [0x00000000c3680000, 0x00000000c3680000, 0x00000000c3890000)
 concurrent mark-sweep generation total 42368K, used 23428K [0x00000000d6e00000, 0x00000000d9760000, 0x0000000100000000)
 Metaspace       used 35510K, capacity 37014K, committed 37272K, reserved 1081344K
  class space    used 4425K, capacity 4733K, committed 4760K, reserved 1048576K
2022-08-07T09:30:39.045+0000: 8.895: [GC (Allocation Failure) 2022-08-07T09:30:39.046+0000: 8.896: [ParNew: 18974K->1577K(19008K), 0.0052724 secs] 42403K->25184K(61376K), 0.0059450 secs] [Times: user=0.01 sys=0.00, real=0.01 secs] 
Heap after GC invocations=86 (full 1):
 par new generation   total 19008K, used 1577K [0x00000000c2600000, 0x00000000c3aa0000, 0x00000000d6e00000)
  eden space 16896K,   0% used [0x00000000c2600000, 0x00000000c2600000, 0x00000000c3680000)
  from space 2112K,  74% used [0x00000000c3680000, 0x00000000c380a558, 0x00000000c3890000)
  to   space 2112K,   0% used [0x00000000c3890000, 0x00000000c3890000, 0x00000000c3aa0000)
 concurrent mark-sweep generation total 42368K, used 23606K [0x00000000d6e00000, 0x00000000d9760000, 0x0000000100000000)
 Metaspace       used 35510K, capacity 37014K, committed 37272K, reserved 1081344K
  class space    used 4425K, capacity 4733K, committed 4760K, reserved 1048576K
}
2022-08-07T09:30:39.107+0000: 8.957: Application time: 0.0549470 seconds
2022-08-07T09:30:39.110+0000: 8.960: Application time: 0.0021344 seconds
2022-08-07T09:30:39.185+0000: 9.035: Application time: 0.0741711 seconds
{Heap before GC invocations=86 (full 1):
 par new generation   total 19008K, used 18473K [0x00000000c2600000, 0x00000000c3aa0000, 0x00000000d6e00000)
  eden space 16896K, 100% used [0x00000000c2600000, 0x00000000c3680000, 0x00000000c3680000)
  from space 2112K,  74% used [0x00000000c3680000, 0x00000000c380a558, 0x00000000c3890000)
  to   space 2112K,   0% used [0x00000000c3890000, 0x00000000c3890000, 0x00000000c3aa0000)
 concurrent mark-sweep generation total 42368K, used 23606K [0x00000000d6e00000, 0x00000000d9760000, 0x0000000100000000)
 Metaspace       used 36107K, capacity 37672K, committed 37912K, reserved 1083392K
  class space    used 4485K, capacity 4800K, committed 4888K, reserved 1048576K
2022-08-07T09:30:39.185+0000: 9.035: [GC (Allocation Failure) 2022-08-07T09:30:39.185+0000: 9.036: [ParNew: 18473K->1264K(19008K), 0.0043937 secs] 42080K->25030K(61376K), 0.0049489 secs] [Times: user=0.02 sys=0.01, real=0.01 secs] 
Heap after GC invocations=87 (full 1):
 par new generation   total 19008K, used 1264K [0x00000000c2600000, 0x00000000c3aa0000, 0x00000000d6e00000)
  eden space 16896K,   0% used [0x00000000c2600000, 0x00000000c2600000, 0x00000000c3680000)
  from space 2112K,  59% used [0x00000000c3890000, 0x00000000c39cc2b8, 0x00000000c3aa0000)
  to   space 2112K,   0% used [0x00000000c3680000, 0x00000000c3680000, 0x00000000c3890000)
 concurrent mark-sweep generation total 42368K, used 23765K [0x00000000d6e00000, 0x00000000d9760000, 0x0000000100000000)
 Metaspace       used 36107K, capacity 37672K, committed 37912K, reserved 1083392K
  class space    used 4485K, capacity 4800K, committed 4888K, reserved 1048576K
}
2022-08-07T09:30:39.229+0000: 9.079: Application time: 0.0383648 seconds
2022-08-07T09:30:39.296+0000: 9.146: Application time: 0.0661028 seconds
2022-08-07T09:30:39.346+0000: 9.196: Application time: 0.0499699 seconds
2022-08-07T09:30:39.363+0000: 9.213: Application time: 0.0172324 seconds
{Heap before GC invocations=87 (full 1):
 par new generation   total 19008K, used 18160K [0x00000000c2600000, 0x00000000c3aa0000, 0x00000000d6e00000)
  eden space 16896K, 100% used [0x00000000c2600000, 0x00000000c3680000, 0x00000000c3680000)
  from space 2112K,  59% used [0x00000000c3890000, 0x00000000c39cc2b8, 0x00000000c3aa0000)
  to   space 2112K,   0% used [0x00000000c3680000, 0x00000000c3680000, 0x00000000c3890000)
 concurrent mark-sweep generation total 42368K, used 23765K [0x00000000d6e00000, 0x00000000d9760000, 0x0000000100000000)
 Metaspace       used 37085K, capacity 38632K, committed 38840K, reserved 1083392K
  class space    used 4611K, capacity 4928K, committed 4964K, reserved 1048576K
2022-08-07T09:30:39.364+0000: 9.214: [GC (Allocation Failure) 2022-08-07T09:30:39.364+0000: 9.214: [ParNew: 18160K->2112K(19008K), 0.0102536 secs] 41926K->27080K(61376K), 0.0108900 secs] [Times: user=0.02 sys=0.01, real=0.01 secs] 
Heap after GC invocations=88 (full 1):
 par new generation   total 19008K, used 2112K [0x00000000c2600000, 0x00000000c3aa0000, 0x00000000d6e00000)
  eden space 16896K,   0% used [0x00000000c2600000, 0x00000000c2600000, 0x00000000c3680000)
  from space 2112K, 100% used [0x00000000c3680000, 0x00000000c3890000, 0x00000000c3890000)
  to   space 2112K,   0% used [0x00000000c3890000, 0x00000000c3890000, 0x00000000c3aa0000)
 concurrent mark-sweep generation total 42368K, used 24968K [0x00000000d6e00000, 0x00000000d9760000, 0x0000000100000000)
 Metaspace       used 37085K, capacity 38632K, committed 38840K, reserved 1083392K
  class space    used 4611K, capacity 4928K, committed 4964K, reserved 1048576K
}
2022-08-07T09:30:39.377+0000: 9.227: Application time: 0.0002191 seconds
2022-08-07T09:30:39.378+0000: 9.228: [GC (CMS Initial Mark) [1 CMS-initial-mark: 24968K(42368K)] 27080K(61376K), 0.0018542 secs] [Times: user=0.00 sys=0.00, real=0.01 secs] 
2022-08-07T09:30:39.380+0000: 9.230: [CMS-concurrent-mark-start]
2022-08-07T09:30:39.388+0000: 9.238: Application time: 0.0074587 seconds
2022-08-07T09:30:39.437+0000: 9.287: Application time: 0.0480442 seconds
2022-08-07T09:30:39.459+0000: 9.309: Application time: 0.0218001 seconds
2022-08-07T09:30:39.462+0000: 9.312: Application time: 0.0012806 seconds
2022-08-07T09:30:39.514+0000: 9.364: [CMS-concurrent-mark: 0.122/0.134 secs] [Times: user=0.26 sys=0.02, real=0.13 secs] 
2022-08-07T09:30:39.514+0000: 9.364: [CMS-concurrent-preclean-start]
2022-08-07T09:30:39.517+0000: 9.367: [CMS-concurrent-preclean: 0.002/0.003 secs] [Times: user=0.01 sys=0.00, real=0.00 secs] 
2022-08-07T09:30:39.518+0000: 9.368: [CMS-concurrent-abortable-preclean-start]
2022-08-07T09:30:39.570+0000: 9.420: Application time: 0.1077332 seconds
2022-08-07T09:30:39.615+0000: 9.465: Application time: 0.0442081 seconds
{Heap before GC invocations=88 (full 2):
 par new generation   total 19008K, used 19008K [0x00000000c2600000, 0x00000000c3aa0000, 0x00000000d6e00000)
  eden space 16896K, 100% used [0x00000000c2600000, 0x00000000c3680000, 0x00000000c3680000)
  from space 2112K, 100% used [0x00000000c3680000, 0x00000000c3890000, 0x00000000c3890000)
  to   space 2112K,   0% used [0x00000000c3890000, 0x00000000c3890000, 0x00000000c3aa0000)
 concurrent mark-sweep generation total 42368K, used 24968K [0x00000000d6e00000, 0x00000000d9760000, 0x0000000100000000)
 Metaspace       used 37951K, capacity 39502K, committed 39580K, reserved 1083392K
  class space    used 4708K, capacity 5025K, committed 5040K, reserved 1048576K
2022-08-07T09:30:39.615+0000: 9.465: [GC (Allocation Failure) 2022-08-07T09:30:39.616+0000: 9.466: [ParNew: 19008K->2112K(19008K), 0.0070226 secs] 43976K->30619K(61376K), 0.0082027 secs] [Times: user=0.01 sys=0.01, real=0.01 secs] 
Heap after GC invocations=89 (full 2):
 par new generation   total 19008K, used 2112K [0x00000000c2600000, 0x00000000c3aa0000, 0x00000000d6e00000)
  eden space 16896K,   0% used [0x00000000c2600000, 0x00000000c2600000, 0x00000000c3680000)
  from space 2112K, 100% used [0x00000000c3890000, 0x00000000c3aa0000, 0x00000000c3aa0000)
  to   space 2112K,   0% used [0x00000000c3680000, 0x00000000c3680000, 0x00000000c3890000)
 concurrent mark-sweep generation total 42368K, used 28507K [0x00000000d6e00000, 0x00000000d9760000, 0x0000000100000000)
 Metaspace       used 37951K, capacity 39502K, committed 39580K, reserved 1083392K
  class space    used 4708K, capacity 5025K, committed 5040K, reserved 1048576K
}
2022-08-07T09:30:39.680+0000: 9.530: Application time: 0.0550727 seconds
2022-08-07T09:30:39.749+0000: 9.599: Application time: 0.0693934 seconds
2022-08-07T09:30:39.785+0000: 9.635: Application time: 0.0349160 seconds
2022-08-07T09:30:39.787+0000: 9.637: [CMS-concurrent-abortable-preclean: 0.103/0.270 secs] [Times: user=0.57 sys=0.18, real=0.27 secs] 
2022-08-07T09:30:39.790+0000: 9.640: Application time: 0.0035332 seconds
2022-08-07T09:30:39.791+0000: 9.641: Application time: 0.0002270 seconds
2022-08-07T09:30:39.792+0000: 9.642: [GC (CMS Final Remark) [YG occupancy: 13947 K (19008 K)]2022-08-07T09:30:39.792+0000: 9.642: [Rescan (parallel) , 0.0055088 secs]2022-08-07T09:30:39.798+0000: 9.648: [weak refs processing, 0.0050633 secs]2022-08-07T09:30:39.804+0000: 9.654: [class unloading, 0.0140872 secs]2022-08-07T09:30:39.818+0000: 9.668: [scrub symbol table, 0.0074994 secs]2022-08-07T09:30:39.827+0000: 9.677: [scrub string table, 0.0014982 secs][1 CMS-remark: 28507K(42368K)] 42455K(61376K), 0.0466987 secs] [Times: user=0.05 sys=0.02, real=0.05 secs] 
2022-08-07T09:30:39.840+0000: 9.690: [CMS-concurrent-sweep-start]
2022-08-07T09:30:39.867+0000: 9.717: [CMS-concurrent-sweep: 0.027/0.027 secs] [Times: user=0.05 sys=0.01, real=0.02 secs] 
2022-08-07T09:30:39.868+0000: 9.718: [CMS-concurrent-reset-start]
2022-08-07T09:30:39.877+0000: 9.727: [CMS-concurrent-reset: 0.009/0.009 secs] [Times: user=0.01 sys=0.01, real=0.01 secs] 
2022-08-07T09:30:39.894+0000: 9.744: Application time: 0.0537346 seconds
2022-08-07T09:30:39.895+0000: 9.745: Application time: 0.0011615 seconds
2022-08-07T09:30:39.896+0000: 9.746: Application time: 0.0004544 seconds
2022-08-07T09:30:39.896+0000: 9.746: Application time: 0.0003279 seconds
2022-08-07T09:30:39.913+0000: 9.763: Application time: 0.0166177 seconds
2022-08-07T09:30:39.915+0000: 9.765: Application time: 0.0020104 seconds
2022-08-07T09:30:39.920+0000: 9.770: Application time: 0.0048594 seconds
2022-08-07T09:30:39.921+0000: 9.771: Application time: 0.0004736 seconds
2022-08-07T09:30:39.922+0000: 9.772: Application time: 0.0008889 seconds
2022-08-07T09:30:39.926+0000: 9.776: Application time: 0.0033994 seconds
2022-08-07T09:30:39.926+0000: 9.776: Application time: 0.0002608 seconds
2022-08-07T09:30:39.940+0000: 9.790: Application time: 0.0136409 seconds
2022-08-07T09:30:39.944+0000: 9.794: Application time: 0.0034623 seconds
2022-08-07T09:30:39.946+0000: 9.796: Application time: 0.0021096 seconds
2022-08-07T09:30:39.948+0000: 9.798: Application time: 0.0020265 seconds
{Heap before GC invocations=89 (full 2):
 par new generation   total 19008K, used 19008K [0x00000000c2600000, 0x00000000c3aa0000, 0x00000000d6e00000)
  eden space 16896K, 100% used [0x00000000c2600000, 0x00000000c3680000, 0x00000000c3680000)
  from space 2112K, 100% used [0x00000000c3890000, 0x00000000c3aa0000, 0x00000000c3aa0000)
  to   space 2112K,   0% used [0x00000000c3680000, 0x00000000c3680000, 0x00000000c3890000)
 concurrent mark-sweep generation total 43172K, used 25901K [0x00000000d6e00000, 0x00000000d9829000, 0x0000000100000000)
 Metaspace       used 38447K, capacity 39902K, committed 40424K, reserved 1085440K
  class space    used 4756K, capacity 5047K, committed 5116K, reserved 1048576K
2022-08-07T09:30:39.949+0000: 9.799: [GC (Allocation Failure) 2022-08-07T09:30:39.949+0000: 9.799: [ParNew: 19008K->1590K(19008K), 0.0036398 secs] 44909K->28892K(62180K), 0.0045129 secs] [Times: user=0.01 sys=0.00, real=0.01 secs] 
Heap after GC invocations=90 (full 2):
 par new generation   total 19008K, used 1590K [0x00000000c2600000, 0x00000000c3aa0000, 0x00000000d6e00000)
  eden space 16896K,   0% used [0x00000000c2600000, 0x00000000c2600000, 0x00000000c3680000)
  from space 2112K,  75% used [0x00000000c3680000, 0x00000000c380d978, 0x00000000c3890000)
  to   space 2112K,   0% used [0x00000000c3890000, 0x00000000c3890000, 0x00000000c3aa0000)
 concurrent mark-sweep generation total 43172K, used 27302K [0x00000000d6e00000, 0x00000000d9829000, 0x0000000100000000)
 Metaspace       used 38447K, capacity 39902K, committed 40424K, reserved 1085440K
  class space    used 4756K, capacity 5047K, committed 5116K, reserved 1048576K
}
2022-08-07T09:30:39.954+0000: 9.804: Application time: 0.0003083 seconds
2022-08-07T09:30:39.954+0000: 9.804: [GC (CMS Initial Mark) [1 CMS-initial-mark: 27302K(43172K)] 29092K(62180K), 0.0018277 secs] [Times: user=0.00 sys=0.00, real=0.00 secs] 
2022-08-07T09:30:39.957+0000: 9.807: [CMS-concurrent-mark-start]
2022-08-07T09:30:39.986+0000: 9.836: Application time: 0.0291090 seconds
2022-08-07T09:30:39.987+0000: 9.837: Application time: 0.0002784 seconds
2022-08-07T09:30:39.987+0000: 9.837: Application time: 0.0002275 seconds
2022-08-07T09:30:39.993+0000: 9.843: Application time: 0.0060485 seconds
2022-08-07T09:30:39.997+0000: 9.847: Application time: 0.0039217 seconds
2022-08-07T09:30:40.004+0000: 9.854: Application time: 0.0067667 seconds
2022-08-07T09:30:40.008+0000: 9.858: Application time: 0.0003958 seconds
2022-08-07T09:30:40.010+0000: 9.860: Application time: 0.0010983 seconds
2022-08-07T09:30:40.010+0000: 9.860: Application time: 0.0003454 seconds
2022-08-07T09:30:40.017+0000: 9.867: Application time: 0.0057816 seconds
2022-08-07T09:30:40.022+0000: 9.872: Application time: 0.0044866 seconds
2022-08-07T09:30:40.022+0000: 9.872: Application time: 0.0004156 seconds
2022-08-07T09:30:40.031+0000: 9.881: [CMS-concurrent-mark: 0.069/0.074 secs] [Times: user=0.16 sys=0.03, real=0.08 secs] 
2022-08-07T09:30:40.032+0000: 9.882: [CMS-concurrent-preclean-start]
2022-08-07T09:30:40.038+0000: 9.888: [CMS-concurrent-preclean: 0.004/0.006 secs] [Times: user=0.01 sys=0.01, real=0.00 secs] 
2022-08-07T09:30:40.038+0000: 9.888: [CMS-concurrent-abortable-preclean-start]
2022-08-07T09:30:40.060+0000: 9.910: Application time: 0.0371165 seconds
2022-08-07T09:30:40.060+0000: 9.910: Application time: 0.0002737 seconds
2022-08-07T09:30:40.081+0000: 9.931: Application time: 0.0207717 seconds
2022-08-07T09:30:40.110+0000: 9.960: Application time: 0.0276653 seconds
2022-08-07T09:30:40.123+0000: 9.973: Application time: 0.0134229 seconds
{Heap before GC invocations=90 (full 3):
 par new generation   total 19008K, used 18486K [0x00000000c2600000, 0x00000000c3aa0000, 0x00000000d6e00000)
  eden space 16896K, 100% used [0x00000000c2600000, 0x00000000c3680000, 0x00000000c3680000)
  from space 2112K,  75% used [0x00000000c3680000, 0x00000000c380d978, 0x00000000c3890000)
  to   space 2112K,   0% used [0x00000000c3890000, 0x00000000c3890000, 0x00000000c3aa0000)
 concurrent mark-sweep generation total 43172K, used 27302K [0x00000000d6e00000, 0x00000000d9829000, 0x0000000100000000)
 Metaspace       used 38896K, capacity 40350K, committed 40808K, reserved 1085440K
  class space    used 4799K, capacity 5111K, committed 5244K, reserved 1048576K
2022-08-07T09:30:40.124+0000: 9.974: [GC (Allocation Failure) 2022-08-07T09:30:40.125+0000: 9.975: [ParNew: 18486K->1161K(19008K), 0.0024587 secs] 45788K->28463K(62180K), 0.0033844 secs] [Times: user=0.00 sys=0.01, real=0.00 secs] 
Heap after GC invocations=91 (full 3):
 par new generation   total 19008K, used 1161K [0x00000000c2600000, 0x00000000c3aa0000, 0x00000000d6e00000)
  eden space 16896K,   0% used [0x00000000c2600000, 0x00000000c2600000, 0x00000000c3680000)
  from space 2112K,  54% used [0x00000000c3890000, 0x00000000c39b24b0, 0x00000000c3aa0000)
  to   space 2112K,   0% used [0x00000000c3680000, 0x00000000c3680000, 0x00000000c3890000)
 concurrent mark-sweep generation total 43172K, used 27302K [0x00000000d6e00000, 0x00000000d9829000, 0x0000000100000000)
 Metaspace       used 38896K, capacity 40350K, committed 40808K, reserved 1085440K
  class space    used 4799K, capacity 5111K, committed 5244K, reserved 1048576K
}
2022-08-07T09:30:40.129+0000: 9.979: Application time: 0.0003595 seconds
2022-08-07T09:30:40.130+0000: 9.980: Application time: 0.0001934 seconds
2022-08-07T09:30:40.130+0000: 9.980: Application time: 0.0003044 seconds
2022-08-07T09:30:40.131+0000: 9.981: Application time: 0.0002192 seconds
2022-08-07T09:30:40.131+0000: 9.982: Application time: 0.0005669 seconds
2022-08-07T09:30:40.132+0000: 9.982: Application time: 0.0002045 seconds
2022-08-07T09:30:40.133+0000: 9.983: Application time: 0.0001642 seconds
2022-08-07T09:30:40.134+0000: 9.984: Application time: 0.0002150 seconds
2022-08-07T09:30:40.134+0000: 9.984: Application time: 0.0001759 seconds
2022-08-07T09:30:40.135+0000: 9.985: Application time: 0.0002076 seconds
2022-08-07T09:30:40.144+0000: 9.994: Application time: 0.0085332 seconds
2022-08-07T09:30:40.145+0000: 9.995: Application time: 0.0002396 seconds
2022-08-07T09:30:40.146+0000: 9.996: Application time: 0.0006387 seconds
2022-08-07T09:30:40.147+0000: 9.997: Application time: 0.0006539 seconds
2022-08-07T09:30:40.147+0000: 9.997: Application time: 0.0001608 seconds
2022-08-07T09:30:40.177+0000: 10.027: Application time: 0.0296813 seconds
2022-08-07T09:30:40.178+0000: 10.028: Application time: 0.0003135 seconds
2022-08-07T09:30:40.179+0000: 10.029: Application time: 0.0004999 seconds
2022-08-07T09:30:40.179+0000: 10.030: Application time: 0.0007595 seconds
2022-08-07T09:30:40.180+0000: 10.030: Application time: 0.0002066 seconds
2022-08-07T09:30:40.181+0000: 10.031: Application time: 0.0002774 seconds
2022-08-07T09:30:40.181+0000: 10.031: Application time: 0.0003736 seconds
2022-08-07T09:30:40.182+0000: 10.032: Application time: 0.0002077 seconds
2022-08-07T09:30:40.182+0000: 10.032: Application time: 0.0002326 seconds
2022-08-07T09:30:40.183+0000: 10.033: Application time: 0.0003682 seconds
2022-08-07T09:30:40.183+0000: 10.033: Application time: 0.0002033 seconds
2022-08-07T09:30:40.184+0000: 10.034: Application time: 0.0001950 seconds
2022-08-07T09:30:40.184+0000: 10.034: Application time: 0.0002703 seconds
2022-08-07T09:30:40.185+0000: 10.035: Application time: 0.0006549 seconds
2022-08-07T09:30:40.186+0000: 10.036: Application time: 0.0007312 seconds
2022-08-07T09:30:40.186+0000: 10.036: Application time: 0.0002822 seconds
2022-08-07T09:30:40.187+0000: 10.037: Application time: 0.0003361 seconds
2022-08-07T09:30:40.193+0000: 10.044: Application time: 0.0068226 seconds
2022-08-07T09:30:40.198+0000: 10.048: Application time: 0.0034034 seconds
2022-08-07T09:30:40.206+0000: 10.056: Application time: 0.0077169 seconds
2022-08-07T09:30:40.214+0000: 10.064: Application time: 0.0082720 seconds
2022-08-07T09:30:40.215+0000: 10.065: Application time: 0.0006266 seconds
2022-08-07T09:30:40.216+0000: 10.066: Application time: 0.0001560 seconds
2022-08-07T09:30:40.216+0000: 10.066: Application time: 0.0001210 seconds
2022-08-07T09:30:40.219+0000: 10.069: Application time: 0.0026938 seconds
2022-08-07T09:30:40.220+0000: 10.070: Application time: 0.0007675 seconds
2022-08-07T09:30:40.267+0000: 10.117: Application time: 0.0466953 seconds
{Heap before GC invocations=91 (full 3):
 par new generation   total 19008K, used 18057K [0x00000000c2600000, 0x00000000c3aa0000, 0x00000000d6e00000)
  eden space 16896K, 100% used [0x00000000c2600000, 0x00000000c3680000, 0x00000000c3680000)
  from space 2112K,  54% used [0x00000000c3890000, 0x00000000c39b24b0, 0x00000000c3aa0000)
  to   space 2112K,   0% used [0x00000000c3680000, 0x00000000c3680000, 0x00000000c3890000)
 concurrent mark-sweep generation total 43172K, used 27302K [0x00000000d6e00000, 0x00000000d9829000, 0x0000000100000000)
 Metaspace       used 39027K, capacity 40496K, committed 41064K, reserved 1085440K
  class space    used 4820K, capacity 5116K, committed 5244K, reserved 1048576K
2022-08-07T09:30:40.268+0000: 10.118: [GC (Allocation Failure) 2022-08-07T09:30:40.269+0000: 10.119: [ParNew: 18057K->1119K(19008K), 0.0040109 secs] 45359K->28421K(62180K), 0.0050646 secs] [Times: user=0.01 sys=0.00, real=0.01 secs] 
Heap after GC invocations=92 (full 3):
 par new generation   total 19008K, used 1119K [0x00000000c2600000, 0x00000000c3aa0000, 0x00000000d6e00000)
  eden space 16896K,   0% used [0x00000000c2600000, 0x00000000c2600000, 0x00000000c3680000)
  from space 2112K,  52% used [0x00000000c3680000, 0x00000000c3797d30, 0x00000000c3890000)
  to   space 2112K,   0% used [0x00000000c3890000, 0x00000000c3890000, 0x00000000c3aa0000)
 concurrent mark-sweep generation total 43172K, used 27302K [0x00000000d6e00000, 0x00000000d9829000, 0x0000000100000000)
 Metaspace       used 39027K, capacity 40496K, committed 41064K, reserved 1085440K
  class space    used 4820K, capacity 5116K, committed 5244K, reserved 1048576K
}
2022-08-07T09:30:40.275+0000: 10.125: [CMS-concurrent-abortable-preclean: 0.094/0.236 secs] [Times: user=0.57 sys=0.12, real=0.24 secs] 
2022-08-07T09:30:40.276+0000: 10.126: Application time: 0.0010649 seconds
2022-08-07T09:30:40.276+0000: 10.126: [GC (CMS Final Remark) [YG occupancy: 1677 K (19008 K)]2022-08-07T09:30:40.276+0000: 10.126: [Rescan (parallel) , 0.0021285 secs]2022-08-07T09:30:40.279+0000: 10.129: [weak refs processing, 0.0021969 secs]2022-08-07T09:30:40.281+0000: 10.131: [class unloading, 0.0096478 secs]2022-08-07T09:30:40.292+0000: 10.142: [scrub symbol table, 0.0073175 secs]2022-08-07T09:30:40.299+0000: 10.149: [scrub string table, 0.0011730 secs][1 CMS-remark: 27302K(43172K)] 28980K(62180K), 0.0251840 secs] [Times: user=0.07 sys=0.00, real=0.03 secs] 
2022-08-07T09:30:40.303+0000: 10.153: [CMS-concurrent-sweep-start]
2022-08-07T09:30:40.326+0000: 10.176: [CMS-concurrent-sweep: 0.023/0.023 secs] [Times: user=0.05 sys=0.00, real=0.02 secs] 
2022-08-07T09:30:40.327+0000: 10.177: [CMS-concurrent-reset-start]
2022-08-07T09:30:40.328+0000: 10.178: [CMS-concurrent-reset: 0.001/0.001 secs] [Times: user=0.01 sys=0.00, real=0.00 secs] 
2022-08-07T09:30:40.394+0000: 10.244: Application time: 0.0922490 seconds
2022-08-07T09:30:40.416+0000: 10.266: Application time: 0.0217575 seconds
{Heap before GC invocations=92 (full 3):
 par new generation   total 19008K, used 18015K [0x00000000c2600000, 0x00000000c3aa0000, 0x00000000d6e00000)
  eden space 16896K, 100% used [0x00000000c2600000, 0x00000000c3680000, 0x00000000c3680000)
  from space 2112K,  52% used [0x00000000c3680000, 0x00000000c3797d30, 0x00000000c3890000)
  to   space 2112K,   0% used [0x00000000c3890000, 0x00000000c3890000, 0x00000000c3aa0000)
 concurrent mark-sweep generation total 44376K, used 26624K [0x00000000d6e00000, 0x00000000d9956000, 0x0000000100000000)
 Metaspace       used 39166K, capacity 40638K, committed 41064K, reserved 1085440K
  class space    used 4834K, capacity 5145K, committed 5244K, reserved 1048576K
2022-08-07T09:30:40.416+0000: 10.266: [GC (Allocation Failure) 2022-08-07T09:30:40.417+0000: 10.267: [ParNew: 18015K->1362K(19008K), 0.0026644 secs] 44639K->27986K(63384K), 0.0036899 secs] [Times: user=0.01 sys=0.00, real=0.01 secs] 
Heap after GC invocations=93 (full 3):
 par new generation   total 19008K, used 1362K [0x00000000c2600000, 0x00000000c3aa0000, 0x00000000d6e00000)
  eden space 16896K,   0% used [0x00000000c2600000, 0x00000000c2600000, 0x00000000c3680000)
  from space 2112K,  64% used [0x00000000c3890000, 0x00000000c39e49a0, 0x00000000c3aa0000)
  to   space 2112K,   0% used [0x00000000c3680000, 0x00000000c3680000, 0x00000000c3890000)
 concurrent mark-sweep generation total 44376K, used 26624K [0x00000000d6e00000, 0x00000000d9956000, 0x0000000100000000)
 Metaspace       used 39166K, capacity 40638K, committed 41064K, reserved 1085440K
  class space    used 4834K, capacity 5145K, committed 5244K, reserved 1048576K
}
2022-08-07T09:30:40.477+0000: 10.327: Application time: 0.0562597 seconds
{Heap before GC invocations=93 (full 3):
 par new generation   total 19008K, used 18258K [0x00000000c2600000, 0x00000000c3aa0000, 0x00000000d6e00000)
  eden space 16896K, 100% used [0x00000000c2600000, 0x00000000c3680000, 0x00000000c3680000)
  from space 2112K,  64% used [0x00000000c3890000, 0x00000000c39e49a0, 0x00000000c3aa0000)
  to   space 2112K,   0% used [0x00000000c3680000, 0x00000000c3680000, 0x00000000c3890000)
 concurrent mark-sweep generation total 44376K, used 26624K [0x00000000d6e00000, 0x00000000d9956000, 0x0000000100000000)
 Metaspace       used 39195K, capacity 40648K, committed 41064K, reserved 1085440K
  class space    used 4838K, capacity 5148K, committed 5244K, reserved 1048576K
2022-08-07T09:30:40.478+0000: 10.328: [GC (Allocation Failure) 2022-08-07T09:30:40.478+0000: 10.328: [ParNew: 18258K->1801K(19008K), 0.0027911 secs] 44882K->28426K(63384K), 0.0038872 secs] [Times: user=0.02 sys=0.00, real=0.01 secs] 
Heap after GC invocations=94 (full 3):
 par new generation   total 19008K, used 1801K [0x00000000c2600000, 0x00000000c3aa0000, 0x00000000d6e00000)
  eden space 16896K,   0% used [0x00000000c2600000, 0x00000000c2600000, 0x00000000c3680000)
  from space 2112K,  85% used [0x00000000c3680000, 0x00000000c3842658, 0x00000000c3890000)
  to   space 2112K,   0% used [0x00000000c3890000, 0x00000000c3890000, 0x00000000c3aa0000)
 concurrent mark-sweep generation total 44376K, used 26624K [0x00000000d6e00000, 0x00000000d9956000, 0x0000000100000000)
 Metaspace       used 39195K, capacity 40648K, committed 41064K, reserved 1085440K
  class space    used 4838K, capacity 5148K, committed 5244K, reserved 1048576K
}
2022-08-07T09:30:40.515+0000: 10.365: Application time: 0.0317396 seconds
2022-08-07T09:30:40.570+0000: 10.420: Application time: 0.0544797 seconds
{Heap before GC invocations=94 (full 3):
 par new generation   total 19008K, used 18697K [0x00000000c2600000, 0x00000000c3aa0000, 0x00000000d6e00000)
  eden space 16896K, 100% used [0x00000000c2600000, 0x00000000c3680000, 0x00000000c3680000)
  from space 2112K,  85% used [0x00000000c3680000, 0x00000000c3842658, 0x00000000c3890000)
  to   space 2112K,   0% used [0x00000000c3890000, 0x00000000c3890000, 0x00000000c3aa0000)
 concurrent mark-sweep generation total 44376K, used 26624K [0x00000000d6e00000, 0x00000000d9956000, 0x0000000100000000)
 Metaspace       used 39282K, capacity 40726K, committed 41064K, reserved 1085440K
  class space    used 4853K, capacity 5151K, committed 5244K, reserved 1048576K
2022-08-07T09:30:40.571+0000: 10.421: [GC (Allocation Failure) 2022-08-07T09:30:40.571+0000: 10.421: [ParNew: 18697K->1311K(19008K), 0.0049083 secs] 45322K->28252K(63384K), 0.0058702 secs] [Times: user=0.02 sys=0.00, real=0.00 secs] 
Heap after GC invocations=95 (full 3):
 par new generation   total 19008K, used 1311K [0x00000000c2600000, 0x00000000c3aa0000, 0x00000000d6e00000)
  eden space 16896K,   0% used [0x00000000c2600000, 0x00000000c2600000, 0x00000000c3680000)
  from space 2112K,  62% used [0x00000000c3890000, 0x00000000c39d7e80, 0x00000000c3aa0000)
  to   space 2112K,   0% used [0x00000000c3680000, 0x00000000c3680000, 0x00000000c3890000)
 concurrent mark-sweep generation total 44376K, used 26941K [0x00000000d6e00000, 0x00000000d9956000, 0x0000000100000000)
 Metaspace       used 39282K, capacity 40726K, committed 41064K, reserved 1085440K
  class space    used 4853K, capacity 5151K, committed 5244K, reserved 1048576K
}
2022-08-07T09:30:40.581+0000: 10.431: Application time: 0.0030934 seconds
2022-08-07T09:30:40.581+0000: 10.431: [GC (CMS Initial Mark) [1 CMS-initial-mark: 26941K(44376K)] 29540K(63384K), 0.0074719 secs] [Times: user=0.02 sys=0.00, real=0.00 secs] 
2022-08-07T09:30:40.590+0000: 10.440: [CMS-concurrent-mark-start]
2022-08-07T09:30:40.596+0000: 10.446: Application time: 0.0070347 seconds
2022-08-07T09:30:40.663+0000: 10.513: [CMS-concurrent-mark: 0.069/0.073 secs] [Times: user=0.22 sys=0.02, real=0.07 secs] 
2022-08-07T09:30:40.664+0000: 10.514: [CMS-concurrent-preclean-start]
2022-08-07T09:30:40.672+0000: 10.522: [CMS-concurrent-preclean: 0.005/0.008 secs] [Times: user=0.02 sys=0.01, real=0.01 secs] 
2022-08-07T09:30:40.672+0000: 10.522: [CMS-concurrent-abortable-preclean-start]
2022-08-07T09:30:40.759+0000: 10.609: Application time: 0.1623422 seconds
{Heap before GC invocations=95 (full 4):
 par new generation   total 19008K, used 18207K [0x00000000c2600000, 0x00000000c3aa0000, 0x00000000d6e00000)
  eden space 16896K, 100% used [0x00000000c2600000, 0x00000000c3680000, 0x00000000c3680000)
  from space 2112K,  62% used [0x00000000c3890000, 0x00000000c39d7e80, 0x00000000c3aa0000)
  to   space 2112K,   0% used [0x00000000c3680000, 0x00000000c3680000, 0x00000000c3890000)
 concurrent mark-sweep generation total 44376K, used 26941K [0x00000000d6e00000, 0x00000000d9956000, 0x0000000100000000)
 Metaspace       used 39517K, capacity 40986K, committed 41320K, reserved 1085440K
  class space    used 4884K, capacity 5193K, committed 5244K, reserved 1048576K
2022-08-07T09:30:40.759+0000: 10.609: [GC (Allocation Failure) 2022-08-07T09:30:40.760+0000: 10.610: [ParNew: 18207K->1717K(19008K), 0.0050637 secs] 45148K->28879K(63384K), 0.0058322 secs] [Times: user=0.01 sys=0.00, real=0.00 secs] 
Heap after GC invocations=96 (full 4):
 par new generation   total 19008K, used 1717K [0x00000000c2600000, 0x00000000c3aa0000, 0x00000000d6e00000)
  eden space 16896K,   0% used [0x00000000c2600000, 0x00000000c2600000, 0x00000000c3680000)
  from space 2112K,  81% used [0x00000000c3680000, 0x00000000c382d460, 0x00000000c3890000)
  to   space 2112K,   0% used [0x00000000c3890000, 0x00000000c3890000, 0x00000000c3aa0000)
 concurrent mark-sweep generation total 44376K, used 27162K [0x00000000d6e00000, 0x00000000d9956000, 0x0000000100000000)
 Metaspace       used 39517K, capacity 40986K, committed 41320K, reserved 1085440K
  class space    used 4884K, capacity 5193K, committed 5244K, reserved 1048576K
}
2022-08-07T09:30:40.793+0000: 10.643: Application time: 0.0265042 seconds
2022-08-07T09:30:40.825+0000: 10.675: [CMS-concurrent-abortable-preclean: 0.050/0.152 secs] [Times: user=0.30 sys=0.14, real=0.15 secs] 
2022-08-07T09:30:40.825+0000: 10.675: Application time: 0.0324550 seconds
2022-08-07T09:30:40.826+0000: 10.676: [GC (CMS Final Remark) [YG occupancy: 11147 K (19008 K)]2022-08-07T09:30:40.826+0000: 10.676: [Rescan (parallel) , 0.0042702 secs]2022-08-07T09:30:40.831+0000: 10.681: [weak refs processing, 0.0005041 secs]2022-08-07T09:30:40.832+0000: 10.682: [class unloading, 0.0072175 secs]2022-08-07T09:30:40.839+0000: 10.689: [scrub symbol table, 0.0070044 secs]2022-08-07T09:30:40.847+0000: 10.697: [scrub string table, 0.0009990 secs][1 CMS-remark: 27162K(44376K)] 38310K(63384K), 0.0223596 secs] [Times: user=0.04 sys=0.00, real=0.02 secs] 
2022-08-07T09:30:40.849+0000: 10.699: [CMS-concurrent-sweep-start]
2022-08-07T09:30:40.864+0000: 10.714: [CMS-concurrent-sweep: 0.015/0.015 secs] [Times: user=0.04 sys=0.01, real=0.02 secs] 
2022-08-07T09:30:40.864+0000: 10.714: [CMS-concurrent-reset-start]
2022-08-07T09:30:40.865+0000: 10.715: [CMS-concurrent-reset: 0.001/0.001 secs] [Times: user=0.00 sys=0.00, real=0.00 secs] 
2022-08-07T09:30:40.870+0000: 10.720: Application time: 0.0212384 seconds
2022-08-07T09:30:40.887+0000: 10.737: Application time: 0.0164222 seconds
2022-08-07T09:30:40.908+0000: 10.758: Application time: 0.0213327 seconds
{Heap before GC invocations=96 (full 4):
 par new generation   total 19008K, used 18613K [0x00000000c2600000, 0x00000000c3aa0000, 0x00000000d6e00000)
  eden space 16896K, 100% used [0x00000000c2600000, 0x00000000c3680000, 0x00000000c3680000)
  from space 2112K,  81% used [0x00000000c3680000, 0x00000000c382d460, 0x00000000c3890000)
  to   space 2112K,   0% used [0x00000000c3890000, 0x00000000c3890000, 0x00000000c3aa0000)
 concurrent mark-sweep generation total 45168K, used 27100K [0x00000000d6e00000, 0x00000000d9a1c000, 0x0000000100000000)
 Metaspace       used 39621K, capacity 41052K, committed 41320K, reserved 1085440K
  class space    used 4896K, capacity 5194K, committed 5244K, reserved 1048576K
2022-08-07T09:30:40.909+0000: 10.759: [GC (Allocation Failure) 2022-08-07T09:30:40.910+0000: 10.760: [ParNew: 18613K->1630K(19008K), 0.0116012 secs] 45713K->28897K(64176K), 0.0139406 secs] [Times: user=0.03 sys=0.01, real=0.02 secs] 
Heap after GC invocations=97 (full 4):
 par new generation   total 19008K, used 1630K [0x00000000c2600000, 0x00000000c3aa0000, 0x00000000d6e00000)
  eden space 16896K,   0% used [0x00000000c2600000, 0x00000000c2600000, 0x00000000c3680000)
  from space 2112K,  77% used [0x00000000c3890000, 0x00000000c3a27af8, 0x00000000c3aa0000)
  to   space 2112K,   0% used [0x00000000c3680000, 0x00000000c3680000, 0x00000000c3890000)
 concurrent mark-sweep generation total 45168K, used 27266K [0x00000000d6e00000, 0x00000000d9a1c000, 0x0000000100000000)
 Metaspace       used 39621K, capacity 41052K, committed 41320K, reserved 1085440K
  class space    used 4896K, capacity 5194K, committed 5244K, reserved 1048576K
}
2022-08-07T09:30:40.924+0000: 10.774: Application time: 0.0011354 seconds
2022-08-07T09:30:40.926+0000: 10.776: [GC (CMS Initial Mark) [1 CMS-initial-mark: 27266K(45168K)] 29230K(64176K), 0.0050015 secs] [Times: user=0.00 sys=0.00, real=0.01 secs] 
2022-08-07T09:30:40.932+0000: 10.782: [CMS-concurrent-mark-start]
2022-08-07T09:30:40.950+0000: 10.800: Application time: 0.0185724 seconds
2022-08-07T09:30:41.004+0000: 10.854: [CMS-concurrent-mark: 0.068/0.072 secs] [Times: user=0.18 sys=0.03, real=0.07 secs] 
2022-08-07T09:30:41.010+0000: 10.860: [CMS-concurrent-preclean-start]
2022-08-07T09:30:41.019+0000: 10.869: [CMS-concurrent-preclean: 0.006/0.009 secs] [Times: user=0.03 sys=0.00, real=0.00 secs] 
2022-08-07T09:30:41.020+0000: 10.870: [CMS-concurrent-abortable-preclean-start]
2022-08-07T09:30:41.027+0000: 10.877: Application time: 0.0766925 seconds
2022-08-07T09:30:41.038+0000: 10.888: Application time: 0.0104923 seconds
2022-08-07T09:30:41.045+0000: 10.895: Application time: 0.0066045 seconds
2022-08-07T09:30:41.060+0000: 10.910: Application time: 0.0141778 seconds
{Heap before GC invocations=97 (full 5):
 par new generation   total 19008K, used 18526K [0x00000000c2600000, 0x00000000c3aa0000, 0x00000000d6e00000)
  eden space 16896K, 100% used [0x00000000c2600000, 0x00000000c3680000, 0x00000000c3680000)
  from space 2112K,  77% used [0x00000000c3890000, 0x00000000c3a27af8, 0x00000000c3aa0000)
  to   space 2112K,   0% used [0x00000000c3680000, 0x00000000c3680000, 0x00000000c3890000)
 concurrent mark-sweep generation total 45168K, used 27266K [0x00000000d6e00000, 0x00000000d9a1c000, 0x0000000100000000)
 Metaspace       used 39798K, capacity 41320K, committed 41576K, reserved 1085440K
  class space    used 4916K, capacity 5198K, committed 5244K, reserved 1048576K
2022-08-07T09:30:41.061+0000: 10.911: [GC (Allocation Failure) 2022-08-07T09:30:41.061+0000: 10.911: [ParNew: 18526K->1886K(19008K), 0.0035888 secs] 45793K->29153K(64176K), 0.0045466 secs] [Times: user=0.02 sys=0.00, real=0.00 secs] 
Heap after GC invocations=98 (full 5):
 par new generation   total 19008K, used 1886K [0x00000000c2600000, 0x00000000c3aa0000, 0x00000000d6e00000)
  eden space 16896K,   0% used [0x00000000c2600000, 0x00000000c2600000, 0x00000000c3680000)
  from space 2112K,  89% used [0x00000000c3680000, 0x00000000c3857be0, 0x00000000c3890000)
  to   space 2112K,   0% used [0x00000000c3890000, 0x00000000c3890000, 0x00000000c3aa0000)
 concurrent mark-sweep generation total 45168K, used 27266K [0x00000000d6e00000, 0x00000000d9a1c000, 0x0000000100000000)
 Metaspace       used 39798K, capacity 41320K, committed 41576K, reserved 1085440K
  class space    used 4916K, capacity 5198K, committed 5244K, reserved 1048576K
}
2022-08-07T09:30:41.119+0000: 10.969: Application time: 0.0533145 seconds
{Heap before GC invocations=98 (full 5):
 par new generation   total 19008K, used 18782K [0x00000000c2600000, 0x00000000c3aa0000, 0x00000000d6e00000)
  eden space 16896K, 100% used [0x00000000c2600000, 0x00000000c3680000, 0x00000000c3680000)
  from space 2112K,  89% used [0x00000000c3680000, 0x00000000c3857be0, 0x00000000c3890000)
  to   space 2112K,   0% used [0x00000000c3890000, 0x00000000c3890000, 0x00000000c3aa0000)
 concurrent mark-sweep generation total 45168K, used 27266K [0x00000000d6e00000, 0x00000000d9a1c000, 0x0000000100000000)
 Metaspace       used 39844K, capacity 41326K, committed 41576K, reserved 1085440K
  class space    used 4919K, capacity 5199K, committed 5244K, reserved 1048576K
2022-08-07T09:30:41.120+0000: 10.970: [GC (Allocation Failure) 2022-08-07T09:30:41.121+0000: 10.971: [ParNew: 18782K->1451K(19008K), 0.0030960 secs] 46049K->29038K(64176K), 0.0039344 secs] [Times: user=0.01 sys=0.00, real=0.00 secs] 
Heap after GC invocations=99 (full 5):
 par new generation   total 19008K, used 1451K [0x00000000c2600000, 0x00000000c3aa0000, 0x00000000d6e00000)
  eden space 16896K,   0% used [0x00000000c2600000, 0x00000000c2600000, 0x00000000c3680000)
  from space 2112K,  68% used [0x00000000c3890000, 0x00000000c39fadc8, 0x00000000c3aa0000)
  to   space 2112K,   0% used [0x00000000c3680000, 0x00000000c3680000, 0x00000000c3890000)
 concurrent mark-sweep generation total 45168K, used 27587K [0x00000000d6e00000, 0x00000000d9a1c000, 0x0000000100000000)
 Metaspace       used 39844K, capacity 41326K, committed 41576K, reserved 1085440K
  class space    used 4919K, capacity 5199K, committed 5244K, reserved 1048576K
}
2022-08-07T09:30:41.130+0000: 10.980: [CMS-concurrent-abortable-preclean: 0.060/0.110 secs] [Times: user=0.34 sys=0.06, real=0.11 secs] 
2022-08-07T09:30:41.130+0000: 10.980: Application time: 0.0050827 seconds
2022-08-07T09:30:41.132+0000: 10.982: [GC (CMS Final Remark) [YG occupancy: 1788 K (19008 K)]2022-08-07T09:30:41.132+0000: 10.982: [Rescan (parallel) , 0.0021918 secs]2022-08-07T09:30:41.135+0000: 10.985: [weak refs processing, 0.0004301 secs]2022-08-07T09:30:41.135+0000: 10.985: [class unloading, 0.0067190 secs]2022-08-07T09:30:41.143+0000: 10.993: [scrub symbol table, 0.0068706 secs]2022-08-07T09:30:41.150+0000: 11.000: [scrub string table, 0.0011374 secs][1 CMS-remark: 27587K(45168K)] 29375K(64176K), 0.0198648 secs] [Times: user=0.06 sys=0.01, real=0.02 secs] 
2022-08-07T09:30:41.153+0000: 11.003: [CMS-concurrent-sweep-start]
2022-08-07T09:30:41.168+0000: 11.018: [CMS-concurrent-sweep: 0.015/0.015 secs] [Times: user=0.05 sys=0.00, real=0.01 secs] 
2022-08-07T09:30:41.169+0000: 11.019: [CMS-concurrent-reset-start]
2022-08-07T09:30:41.169+0000: 11.019: [CMS-concurrent-reset: 0.001/0.001 secs] [Times: user=0.01 sys=0.00, real=0.01 secs] 
2022-08-07T09:30:41.198+0000: 11.048: Application time: 0.0454367 seconds
2022-08-07T09:30:41.198+0000: 11.048: Application time: 0.0003620 seconds
2022-08-07T09:30:41.199+0000: 11.049: Application time: 0.0001433 seconds
2022-08-07T09:30:41.222+0000: 11.072: Application time: 0.0227926 seconds
{Heap before GC invocations=99 (full 5):
 par new generation   total 19008K, used 18347K [0x00000000c2600000, 0x00000000c3aa0000, 0x00000000d6e00000)
  eden space 16896K, 100% used [0x00000000c2600000, 0x00000000c3680000, 0x00000000c3680000)
  from space 2112K,  68% used [0x00000000c3890000, 0x00000000c39fadc8, 0x00000000c3aa0000)
  to   space 2112K,   0% used [0x00000000c3680000, 0x00000000c3680000, 0x00000000c3890000)
 concurrent mark-sweep generation total 45168K, used 26842K [0x00000000d6e00000, 0x00000000d9a1c000, 0x0000000100000000)
 Metaspace       used 39936K, capacity 41468K, committed 41960K, reserved 1085440K
  class space    used 4931K, capacity 5266K, committed 5372K, reserved 1048576K
2022-08-07T09:30:41.222+0000: 11.073: [GC (Allocation Failure) 2022-08-07T09:30:41.223+0000: 11.073: [ParNew: 18347K->2112K(19008K), 0.0037208 secs] 45189K->29033K(64176K), 0.0052321 secs] [Times: user=0.02 sys=0.00, real=0.00 secs] 
Heap after GC invocations=100 (full 5):
 par new generation   total 19008K, used 2112K [0x00000000c2600000, 0x00000000c3aa0000, 0x00000000d6e00000)
  eden space 16896K,   0% used [0x00000000c2600000, 0x00000000c2600000, 0x00000000c3680000)
  from space 2112K, 100% used [0x00000000c3680000, 0x00000000c3890000, 0x00000000c3890000)
  to   space 2112K,   0% used [0x00000000c3890000, 0x00000000c3890000, 0x00000000c3aa0000)
 concurrent mark-sweep generation total 45168K, used 26921K [0x00000000d6e00000, 0x00000000d9a1c000, 0x0000000100000000)
 Metaspace       used 39936K, capacity 41468K, committed 41960K, reserved 1085440K
  class space    used 4931K, capacity 5266K, committed 5372K, reserved 1048576K
}
2022-08-07T09:30:41.252+0000: 11.102: Application time: 0.0233874 seconds
2022-08-07T09:30:41.341+0000: 11.191: Application time: 0.0878842 seconds
2022-08-07T09:30:41.401+0000: 11.251: Application time: 0.0602352 seconds
{Heap before GC invocations=100 (full 5):
 par new generation   total 19008K, used 19008K [0x00000000c2600000, 0x00000000c3aa0000, 0x00000000d6e00000)
  eden space 16896K, 100% used [0x00000000c2600000, 0x00000000c3680000, 0x00000000c3680000)
  from space 2112K, 100% used [0x00000000c3680000, 0x00000000c3890000, 0x00000000c3890000)
  to   space 2112K,   0% used [0x00000000c3890000, 0x00000000c3890000, 0x00000000c3aa0000)
 concurrent mark-sweep generation total 45168K, used 26921K [0x00000000d6e00000, 0x00000000d9a1c000, 0x0000000100000000)
 Metaspace       used 40387K, capacity 42144K, committed 42216K, reserved 1085440K
  class space    used 5024K, capacity 5366K, committed 5372K, reserved 1048576K
2022-08-07T09:30:41.402+0000: 11.252: [GC (Allocation Failure) 2022-08-07T09:30:41.403+0000: 11.253: [ParNew: 19008K->2111K(19008K), 0.0047104 secs] 45929K->30060K(64176K), 0.0059112 secs] [Times: user=0.02 sys=0.00, real=0.00 secs] 
Heap after GC invocations=101 (full 5):
 par new generation   total 19008K, used 2111K [0x00000000c2600000, 0x00000000c3aa0000, 0x00000000d6e00000)
  eden space 16896K,   0% used [0x00000000c2600000, 0x00000000c2600000, 0x00000000c3680000)
  from space 2112K,  99% used [0x00000000c3890000, 0x00000000c3a9fff0, 0x00000000c3aa0000)
  to   space 2112K,   0% used [0x00000000c3680000, 0x00000000c3680000, 0x00000000c3890000)
 concurrent mark-sweep generation total 45168K, used 27948K [0x00000000d6e00000, 0x00000000d9a1c000, 0x0000000100000000)
 Metaspace       used 40387K, capacity 42144K, committed 42216K, reserved 1085440K
  class space    used 5024K, capacity 5366K, committed 5372K, reserved 1048576K
}
2022-08-07T09:30:41.413+0000: 11.263: Application time: 0.0037471 seconds
2022-08-07T09:30:41.414+0000: 11.264: [GC (CMS Initial Mark) [1 CMS-initial-mark: 27948K(45168K)] 31744K(64176K), 0.0025069 secs] [Times: user=0.01 sys=0.01, real=0.00 secs] 
2022-08-07T09:30:41.417+0000: 11.267: [CMS-concurrent-mark-start]
2022-08-07T09:30:41.433+0000: 11.283: Application time: 0.0159178 seconds
2022-08-07T09:30:41.434+0000: 11.284: Application time: 0.0001689 seconds
2022-08-07T09:30:41.434+0000: 11.284: Application time: 0.0001475 seconds
2022-08-07T09:30:41.435+0000: 11.285: Application time: 0.0001447 seconds
2022-08-07T09:30:41.435+0000: 11.285: Application time: 0.0002052 seconds
2022-08-07T09:30:41.436+0000: 11.286: Application time: 0.0001717 seconds
2022-08-07T09:30:41.438+0000: 11.288: Application time: 0.0014178 seconds
2022-08-07T09:30:41.442+0000: 11.292: Application time: 0.0001831 seconds
2022-08-07T09:30:41.445+0000: 11.295: Application time: 0.0019979 seconds
2022-08-07T09:30:41.462+0000: 11.312: Application time: 0.0165686 seconds
2022-08-07T09:30:41.464+0000: 11.314: Application time: 0.0017811 seconds
2022-08-07T09:30:41.485+0000: 11.335: [CMS-concurrent-mark: 0.058/0.068 secs] [Times: user=0.23 sys=0.02, real=0.07 secs] 
2022-08-07T09:30:41.485+0000: 11.335: [CMS-concurrent-preclean-start]
2022-08-07T09:30:41.495+0000: 11.345: [CMS-concurrent-preclean: 0.007/0.010 secs] [Times: user=0.03 sys=0.01, real=0.01 secs] 
2022-08-07T09:30:41.496+0000: 11.346: Application time: 0.0312889 seconds
2022-08-07T09:30:41.497+0000: 11.347: [CMS-concurrent-abortable-preclean-start]
2022-08-07T09:30:41.536+0000: 11.386: Application time: 0.0394950 seconds
{Heap before GC invocations=101 (full 6):
 par new generation   total 19008K, used 19007K [0x00000000c2600000, 0x00000000c3aa0000, 0x00000000d6e00000)
  eden space 16896K, 100% used [0x00000000c2600000, 0x00000000c3680000, 0x00000000c3680000)
  from space 2112K,  99% used [0x00000000c3890000, 0x00000000c3a9fff0, 0x00000000c3aa0000)
  to   space 2112K,   0% used [0x00000000c3680000, 0x00000000c3680000, 0x00000000c3890000)
 concurrent mark-sweep generation total 45168K, used 27948K [0x00000000d6e00000, 0x00000000d9a1c000, 0x0000000100000000)
 Metaspace       used 40733K, capacity 42506K, committed 42600K, reserved 1087488K
  class space    used 5073K, capacity 5415K, committed 5500K, reserved 1048576K
2022-08-07T09:30:41.536+0000: 11.386: [GC (Allocation Failure) 2022-08-07T09:30:41.537+0000: 11.387: [ParNew: 19007K->1116K(19008K), 0.0171116 secs] 46956K->30013K(64176K), 0.0181872 secs] [Times: user=0.05 sys=0.00, real=0.02 secs] 
Heap after GC invocations=102 (full 6):
 par new generation   total 19008K, used 1116K [0x00000000c2600000, 0x00000000c3aa0000, 0x00000000d6e00000)
  eden space 16896K,   0% used [0x00000000c2600000, 0x00000000c2600000, 0x00000000c3680000)
  from space 2112K,  52% used [0x00000000c3680000, 0x00000000c3797330, 0x00000000c3890000)
  to   space 2112K,   0% used [0x00000000c3890000, 0x00000000c3890000, 0x00000000c3aa0000)
 concurrent mark-sweep generation total 45168K, used 28896K [0x00000000d6e00000, 0x00000000d9a1c000, 0x0000000100000000)
 Metaspace       used 40733K, capacity 42506K, committed 42600K, reserved 1087488K
  class space    used 5073K, capacity 5415K, committed 5500K, reserved 1048576K
}
2022-08-07T09:30:41.561+0000: 11.411: Application time: 0.0055385 seconds
2022-08-07T09:30:41.617+0000: 11.467: Application time: 0.0557524 seconds
{Heap before GC invocations=102 (full 6):
 par new generation   total 19008K, used 17996K [0x00000000c2600000, 0x00000000c3aa0000, 0x00000000d6e00000)
  eden space 16896K,  99% used [0x00000000c2600000, 0x00000000c367be00, 0x00000000c3680000)
  from space 2112K,  52% used [0x00000000c3680000, 0x00000000c3797330, 0x00000000c3890000)
  to   space 2112K,   0% used [0x00000000c3890000, 0x00000000c3890000, 0x00000000c3aa0000)
 concurrent mark-sweep generation total 45168K, used 28896K [0x00000000d6e00000, 0x00000000d9a1c000, 0x0000000100000000)
 Metaspace       used 40788K, capacity 42512K, committed 42600K, reserved 1087488K
  class space    used 5080K, capacity 5416K, committed 5500K, reserved 1048576K
2022-08-07T09:30:41.618+0000: 11.468: [GC (Allocation Failure) 2022-08-07T09:30:41.618+0000: 11.468: [ParNew: 17996K->807K(19008K), 0.0040482 secs] 46893K->29704K(64176K), 0.0047893 secs] [Times: user=0.01 sys=0.01, real=0.01 secs] 
Heap after GC invocations=103 (full 6):
 par new generation   total 19008K, used 807K [0x00000000c2600000, 0x00000000c3aa0000, 0x00000000d6e00000)
  eden space 16896K,   0% used [0x00000000c2600000, 0x00000000c2600000, 0x00000000c3680000)
  from space 2112K,  38% used [0x00000000c3890000, 0x00000000c3959f20, 0x00000000c3aa0000)
  to   space 2112K,   0% used [0x00000000c3680000, 0x00000000c3680000, 0x00000000c3890000)
 concurrent mark-sweep generation total 45168K, used 28896K [0x00000000d6e00000, 0x00000000d9a1c000, 0x0000000100000000)
 Metaspace       used 40788K, capacity 42512K, committed 42600K, reserved 1087488K
  class space    used 5080K, capacity 5416K, committed 5500K, reserved 1048576K
}
2022-08-07T09:30:41.636+0000: 11.486: Application time: 0.0124365 seconds
{Heap before GC invocations=103 (full 6):
 par new generation   total 19008K, used 17676K [0x00000000c2600000, 0x00000000c3aa0000, 0x00000000d6e00000)
  eden space 16896K,  99% used [0x00000000c2600000, 0x00000000c3679380, 0x00000000c3680000)
  from space 2112K,  38% used [0x00000000c3890000, 0x00000000c3959f20, 0x00000000c3aa0000)
  to   space 2112K,   0% used [0x00000000c3680000, 0x00000000c3680000, 0x00000000c3890000)
 concurrent mark-sweep generation total 45168K, used 28896K [0x00000000d6e00000, 0x00000000d9a1c000, 0x0000000100000000)
 Metaspace       used 40790K, capacity 42576K, committed 42856K, reserved 1087488K
  class space    used 5080K, capacity 5416K, committed 5500K, reserved 1048576K
2022-08-07T09:30:41.636+0000: 11.486: [GC (Allocation Failure) 2022-08-07T09:30:41.637+0000: 11.487: [ParNew: 17676K->762K(19008K), 0.0034812 secs] 46573K->29658K(64176K), 0.0042148 secs] [Times: user=0.01 sys=0.00, real=0.01 secs] 
Heap after GC invocations=104 (full 6):
 par new generation   total 19008K, used 762K [0x00000000c2600000, 0x00000000c3aa0000, 0x00000000d6e00000)
  eden space 16896K,   0% used [0x00000000c2600000, 0x00000000c2600000, 0x00000000c3680000)
  from space 2112K,  36% used [0x00000000c3680000, 0x00000000c373e818, 0x00000000c3890000)
  to   space 2112K,   0% used [0x00000000c3890000, 0x00000000c3890000, 0x00000000c3aa0000)
 concurrent mark-sweep generation total 45168K, used 28896K [0x00000000d6e00000, 0x00000000d9a1c000, 0x0000000100000000)
 Metaspace       used 40790K, capacity 42576K, committed 42856K, reserved 1087488K
  class space    used 5080K, capacity 5416K, committed 5500K, reserved 1048576K
}
2022-08-07T09:30:41.661+0000: 11.511: Application time: 0.0191001 seconds
2022-08-07T09:30:41.670+0000: 11.520: [CMS-concurrent-abortable-preclean: 0.098/0.173 secs] [Times: user=0.43 sys=0.09, real=0.18 secs] 
2022-08-07T09:30:41.670+0000: 11.520: Application time: 0.0097607 seconds
2022-08-07T09:30:41.671+0000: 11.521: [GC (CMS Final Remark) [YG occupancy: 8762 K (19008 K)]2022-08-07T09:30:41.671+0000: 11.521: [Rescan (parallel) , 0.0031618 secs]2022-08-07T09:30:41.675+0000: 11.525: [weak refs processing, 0.0004362 secs]2022-08-07T09:30:41.675+0000: 11.525: [class unloading, 0.0124400 secs]2022-08-07T09:30:41.688+0000: 11.538: [scrub symbol table, 0.0237167 secs]2022-08-07T09:30:41.712+0000: 11.562: [scrub string table, 0.0018476 secs][1 CMS-remark: 28896K(45168K)] 37659K(64176K), 0.0438418 secs] [Times: user=0.11 sys=0.01, real=0.04 secs] 
2022-08-07T09:30:41.716+0000: 11.566: [CMS-concurrent-sweep-start]
2022-08-07T09:30:41.737+0000: 11.587: Application time: 0.0211785 seconds
2022-08-07T09:30:41.738+0000: 11.588: Application time: 0.0004209 seconds
2022-08-07T09:30:41.745+0000: 11.595: Application time: 0.0075130 seconds
2022-08-07T09:30:41.754+0000: 11.604: [CMS-concurrent-sweep: 0.036/0.038 secs] [Times: user=0.06 sys=0.02, real=0.04 secs] 
2022-08-07T09:30:41.755+0000: 11.605: [CMS-concurrent-reset-start]
2022-08-07T09:30:41.756+0000: 11.606: Application time: 0.0098344 seconds
2022-08-07T09:30:41.757+0000: 11.607: [CMS-concurrent-reset: 0.001/0.002 secs] [Times: user=0.00 sys=0.00, real=0.00 secs] 
2022-08-07T09:30:41.837+0000: 11.687: Application time: 0.0813324 seconds
{Heap before GC invocations=104 (full 6):
 par new generation   total 19008K, used 17658K [0x00000000c2600000, 0x00000000c3aa0000, 0x00000000d6e00000)
  eden space 16896K, 100% used [0x00000000c2600000, 0x00000000c3680000, 0x00000000c3680000)
  from space 2112K,  36% used [0x00000000c3680000, 0x00000000c373e818, 0x00000000c3890000)
  to   space 2112K,   0% used [0x00000000c3890000, 0x00000000c3890000, 0x00000000c3aa0000)
 concurrent mark-sweep generation total 47900K, used 28737K [0x00000000d6e00000, 0x00000000d9cc7000, 0x0000000100000000)
 Metaspace       used 41418K, capacity 43188K, committed 43496K, reserved 1087488K
  class space    used 5151K, capacity 5514K, committed 5628K, reserved 1048576K
2022-08-07T09:30:41.838+0000: 11.688: [GC (Allocation Failure) 2022-08-07T09:30:41.842+0000: 11.692: [ParNew: 17658K->1602K(19008K), 0.0075515 secs] 46395K->30340K(66908K), 0.0129806 secs] [Times: user=0.02 sys=0.00, real=0.02 secs] 
Heap after GC invocations=105 (full 6):
 par new generation   total 19008K, used 1602K [0x00000000c2600000, 0x00000000c3aa0000, 0x00000000d6e00000)
  eden space 16896K,   0% used [0x00000000c2600000, 0x00000000c2600000, 0x00000000c3680000)
  from space 2112K,  75% used [0x00000000c3890000, 0x00000000c3a20a40, 0x00000000c3aa0000)
  to   space 2112K,   0% used [0x00000000c3680000, 0x00000000c3680000, 0x00000000c3890000)
 concurrent mark-sweep generation total 47900K, used 28737K [0x00000000d6e00000, 0x00000000d9cc7000, 0x0000000100000000)
 Metaspace       used 41418K, capacity 43188K, committed 43496K, reserved 1087488K
  class space    used 5151K, capacity 5514K, committed 5628K, reserved 1048576K
}
2022-08-07T09:30:41.961+0000: 11.811: Application time: 0.1070822 seconds
2022-08-07T09:30:42.080+0000: 11.930: Application time: 0.1184351 seconds
2022-08-07T09:30:42.092+0000: 11.942: Application time: 0.0111025 seconds
2022-08-07T09:30:42.092+0000: 11.942: Application time: 0.0001563 seconds
2022-08-07T09:30:42.215+0000: 12.066: Application time: 0.1230332 seconds
{Heap before GC invocations=105 (full 6):
 par new generation   total 19008K, used 18498K [0x00000000c2600000, 0x00000000c3aa0000, 0x00000000d6e00000)
  eden space 16896K, 100% used [0x00000000c2600000, 0x00000000c3680000, 0x00000000c3680000)
  from space 2112K,  75% used [0x00000000c3890000, 0x00000000c3a20a40, 0x00000000c3aa0000)
  to   space 2112K,   0% used [0x00000000c3680000, 0x00000000c3680000, 0x00000000c3890000)
 concurrent mark-sweep generation total 47900K, used 28737K [0x00000000d6e00000, 0x00000000d9cc7000, 0x0000000100000000)
 Metaspace       used 43137K, capacity 44916K, committed 45160K, reserved 1089536K
  class space    used 5286K, capacity 5642K, committed 5756K, reserved 1048576K
2022-08-07T09:30:42.216+0000: 12.066: [GC (Allocation Failure) 2022-08-07T09:30:42.216+0000: 12.066: [ParNew: 18498K->1717K(19008K), 0.0040483 secs] 47236K->30894K(66908K), 0.0049034 secs] [Times: user=0.02 sys=0.00, real=0.01 secs] 
Heap after GC invocations=106 (full 6):
 par new generation   total 19008K, used 1717K [0x00000000c2600000, 0x00000000c3aa0000, 0x00000000d6e00000)
  eden space 16896K,   0% used [0x00000000c2600000, 0x00000000c2600000, 0x00000000c3680000)
  from space 2112K,  81% used [0x00000000c3680000, 0x00000000c382d498, 0x00000000c3890000)
  to   space 2112K,   0% used [0x00000000c3890000, 0x00000000c3890000, 0x00000000c3aa0000)
 concurrent mark-sweep generation total 47900K, used 29177K [0x00000000d6e00000, 0x00000000d9cc7000, 0x0000000100000000)
 Metaspace       used 43137K, capacity 44916K, committed 45160K, reserved 1089536K
  class space    used 5286K, capacity 5642K, committed 5756K, reserved 1048576K
}
2022-08-07T09:30:42.222+0000: 12.072: Application time: 0.0001699 seconds
2022-08-07T09:30:42.222+0000: 12.072: [GC (CMS Initial Mark) [1 CMS-initial-mark: 29177K(47900K)] 30930K(66908K), 0.0015945 secs] [Times: user=0.00 sys=0.00, real=0.00 secs] 
2022-08-07T09:30:42.224+0000: 12.074: [CMS-concurrent-mark-start]
2022-08-07T09:30:42.230+0000: 12.080: Application time: 0.0057622 seconds
2022-08-07T09:30:42.277+0000: 12.127: [CMS-concurrent-mark: 0.051/0.052 secs] [Times: user=0.17 sys=0.01, real=0.05 secs] 
2022-08-07T09:30:42.286+0000: 12.136: Application time: 0.0553058 seconds
2022-08-07T09:30:42.286+0000: 12.136: [CMS-concurrent-preclean-start]
2022-08-07T09:30:42.288+0000: 12.138: Application time: 0.0022184 seconds
2022-08-07T09:30:42.290+0000: 12.140: [CMS-concurrent-preclean: 0.003/0.004 secs] [Times: user=0.00 sys=0.00, real=0.01 secs] 
2022-08-07T09:30:42.291+0000: 12.141: [CMS-concurrent-abortable-preclean-start]
2022-08-07T09:30:42.383+0000: 12.233: Application time: 0.0945205 seconds
{Heap before GC invocations=106 (full 7):
 par new generation   total 19008K, used 18607K [0x00000000c2600000, 0x00000000c3aa0000, 0x00000000d6e00000)
  eden space 16896K,  99% used [0x00000000c2600000, 0x00000000c367eb48, 0x00000000c3680000)
  from space 2112K,  81% used [0x00000000c3680000, 0x00000000c382d498, 0x00000000c3890000)
  to   space 2112K,   0% used [0x00000000c3890000, 0x00000000c3890000, 0x00000000c3aa0000)
 concurrent mark-sweep generation total 47900K, used 29177K [0x00000000d6e00000, 0x00000000d9cc7000, 0x0000000100000000)
 Metaspace       used 43554K, capacity 45404K, committed 45672K, reserved 1089536K
  class space    used 5352K, capacity 5718K, committed 5756K, reserved 1048576K
2022-08-07T09:30:42.384+0000: 12.234: [GC (Allocation Failure) 2022-08-07T09:30:42.384+0000: 12.234: [ParNew: 18607K->1402K(19008K), 0.0046289 secs] 47785K->30991K(66908K), 0.0055374 secs] [Times: user=0.02 sys=0.00, real=0.01 secs] 
Heap after GC invocations=107 (full 7):
 par new generation   total 19008K, used 1402K [0x00000000c2600000, 0x00000000c3aa0000, 0x00000000d6e00000)
  eden space 16896K,   0% used [0x00000000c2600000, 0x00000000c2600000, 0x00000000c3680000)
  from space 2112K,  66% used [0x00000000c3890000, 0x00000000c39ee8c0, 0x00000000c3aa0000)
  to   space 2112K,   0% used [0x00000000c3680000, 0x00000000c3680000, 0x00000000c3890000)
 concurrent mark-sweep generation total 47900K, used 29589K [0x00000000d6e00000, 0x00000000d9cc7000, 0x0000000100000000)
 Metaspace       used 43554K, capacity 45404K, committed 45672K, reserved 1089536K
  class space    used 5352K, capacity 5718K, committed 5756K, reserved 1048576K
}
2022-08-07T09:30:42.396+0000: 12.246: Application time: 0.0056409 seconds
{Heap before GC invocations=107 (full 7):
 par new generation   total 19008K, used 18283K [0x00000000c2600000, 0x00000000c3aa0000, 0x00000000d6e00000)
  eden space 16896K,  99% used [0x00000000c2600000, 0x00000000c367c490, 0x00000000c3680000)
  from space 2112K,  66% used [0x00000000c3890000, 0x00000000c39ee8c0, 0x00000000c3aa0000)
  to   space 2112K,   0% used [0x00000000c3680000, 0x00000000c3680000, 0x00000000c3890000)
 concurrent mark-sweep generation total 47900K, used 29589K [0x00000000d6e00000, 0x00000000d9cc7000, 0x0000000100000000)
 Metaspace       used 43554K, capacity 45404K, committed 45672K, reserved 1089536K
  class space    used 5352K, capacity 5718K, committed 5756K, reserved 1048576K
2022-08-07T09:30:42.396+0000: 12.246: [GC (Allocation Failure) 2022-08-07T09:30:42.397+0000: 12.247: [ParNew: 18283K->1028K(19008K), 0.0114954 secs] 47873K->30617K(66908K), 0.0124266 secs] [Times: user=0.02 sys=0.01, real=0.01 secs] 
Heap after GC invocations=108 (full 7):
 par new generation   total 19008K, used 1028K [0x00000000c2600000, 0x00000000c3aa0000, 0x00000000d6e00000)
  eden space 16896K,   0% used [0x00000000c2600000, 0x00000000c2600000, 0x00000000c3680000)
  from space 2112K,  48% used [0x00000000c3680000, 0x00000000c3781000, 0x00000000c3890000)
  to   space 2112K,   0% used [0x00000000c3890000, 0x00000000c3890000, 0x00000000c3aa0000)
 concurrent mark-sweep generation total 47900K, used 29589K [0x00000000d6e00000, 0x00000000d9cc7000, 0x0000000100000000)
 Metaspace       used 43554K, capacity 45404K, committed 45672K, reserved 1089536K
  class space    used 5352K, capacity 5718K, committed 5756K, reserved 1048576K
}
2022-08-07T09:30:42.423+0000: 12.273: Application time: 0.0131401 seconds
2022-08-07T09:30:42.436+0000: 12.286: Application time: 0.0129037 seconds
2022-08-07T09:30:42.439+0000: 12.289: [CMS-concurrent-abortable-preclean: 0.050/0.148 secs] [Times: user=0.35 sys=0.05, real=0.14 secs] 
2022-08-07T09:30:42.441+0000: 12.291: Application time: 0.0020462 seconds
2022-08-07T09:30:42.442+0000: 12.292: Application time: 0.0003120 seconds
2022-08-07T09:30:42.444+0000: 12.294: [GC (CMS Final Remark) [YG occupancy: 11175 K (19008 K)]2022-08-07T09:30:42.444+0000: 12.294: [Rescan (parallel) , 0.0078894 secs]2022-08-07T09:30:42.452+0000: 12.302: [weak refs processing, 0.0010043 secs]2022-08-07T09:30:42.454+0000: 12.304: [class unloading, 0.0159654 secs]2022-08-07T09:30:42.470+0000: 12.320: [scrub symbol table, 0.0091125 secs]2022-08-07T09:30:42.480+0000: 12.330: [scrub string table, 0.0011271 secs][1 CMS-remark: 29589K(47900K)] 40765K(66908K), 0.0380012 secs] [Times: user=0.07 sys=0.01, real=0.04 secs] 
2022-08-07T09:30:42.489+0000: 12.339: [CMS-concurrent-sweep-start]
2022-08-07T09:30:42.491+0000: 12.341: Application time: 0.0080315 seconds
2022-08-07T09:30:42.504+0000: 12.354: [CMS-concurrent-sweep: 0.014/0.015 secs] [Times: user=0.05 sys=0.01, real=0.02 secs] 
2022-08-07T09:30:42.505+0000: 12.355: [CMS-concurrent-reset-start]
2022-08-07T09:30:42.506+0000: 12.356: [CMS-concurrent-reset: 0.001/0.001 secs] [Times: user=0.00 sys=0.00, real=0.00 secs] 
2022-08-07T09:30:42.522+0000: 12.372: Application time: 0.0306048 seconds
{Heap before GC invocations=108 (full 7):
 par new generation   total 19008K, used 17924K [0x00000000c2600000, 0x00000000c3aa0000, 0x00000000d6e00000)
  eden space 16896K, 100% used [0x00000000c2600000, 0x00000000c3680000, 0x00000000c3680000)
  from space 2112K,  48% used [0x00000000c3680000, 0x00000000c3781000, 0x00000000c3890000)
  to   space 2112K,   0% used [0x00000000c3890000, 0x00000000c3890000, 0x00000000c3aa0000)
 concurrent mark-sweep generation total 49076K, used 29444K [0x00000000d6e00000, 0x00000000d9ded000, 0x0000000100000000)
 Metaspace       used 43625K, capacity 45464K, committed 45672K, reserved 1089536K
  class space    used 5364K, capacity 5716K, committed 5756K, reserved 1048576K
2022-08-07T09:30:42.523+0000: 12.373: [GC (Allocation Failure) 2022-08-07T09:30:42.523+0000: 12.373: [ParNew: 17924K->1298K(19008K), 0.0026310 secs] 47368K->30743K(68084K), 0.0035412 secs] [Times: user=0.01 sys=0.01, real=0.00 secs] 
Heap after GC invocations=109 (full 7):
 par new generation   total 19008K, used 1298K [0x00000000c2600000, 0x00000000c3aa0000, 0x00000000d6e00000)
  eden space 16896K,   0% used [0x00000000c2600000, 0x00000000c2600000, 0x00000000c3680000)
  from space 2112K,  61% used [0x00000000c3890000, 0x00000000c39d49f0, 0x00000000c3aa0000)
  to   space 2112K,   0% used [0x00000000c3680000, 0x00000000c3680000, 0x00000000c3890000)
 concurrent mark-sweep generation total 49076K, used 29444K [0x00000000d6e00000, 0x00000000d9ded000, 0x0000000100000000)
 Metaspace       used 43625K, capacity 45464K, committed 45672K, reserved 1089536K
  class space    used 5364K, capacity 5716K, committed 5756K, reserved 1048576K
}
2022-08-07T09:30:42.566+0000: 12.416: Application time: 0.0393570 seconds
{Heap before GC invocations=109 (full 7):
 par new generation   total 19008K, used 18173K [0x00000000c2600000, 0x00000000c3aa0000, 0x00000000d6e00000)
  eden space 16896K,  99% used [0x00000000c2600000, 0x00000000c367ac60, 0x00000000c3680000)
  from space 2112K,  61% used [0x00000000c3890000, 0x00000000c39d49f0, 0x00000000c3aa0000)
  to   space 2112K,   0% used [0x00000000c3680000, 0x00000000c3680000, 0x00000000c3890000)
 concurrent mark-sweep generation total 49076K, used 29444K [0x00000000d6e00000, 0x00000000d9ded000, 0x0000000100000000)
 Metaspace       used 43658K, capacity 45464K, committed 45672K, reserved 1089536K
  class space    used 5371K, capacity 5716K, committed 5756K, reserved 1048576K
2022-08-07T09:30:42.569+0000: 12.419: [GC (Allocation Failure) 2022-08-07T09:30:42.569+0000: 12.419: [ParNew: 18173K->1289K(19008K), 0.0028627 secs] 47618K->31153K(68084K), 0.0035511 secs] [Times: user=0.01 sys=0.00, real=0.01 secs] 
Heap after GC invocations=110 (full 7):
 par new generation   total 19008K, used 1289K [0x00000000c2600000, 0x00000000c3aa0000, 0x00000000d6e00000)
  eden space 16896K,   0% used [0x00000000c2600000, 0x00000000c2600000, 0x00000000c3680000)
  from space 2112K,  61% used [0x00000000c3680000, 0x00000000c37c25d8, 0x00000000c3890000)
  to   space 2112K,   0% used [0x00000000c3890000, 0x00000000c3890000, 0x00000000c3aa0000)
 concurrent mark-sweep generation total 49076K, used 29864K [0x00000000d6e00000, 0x00000000d9ded000, 0x0000000100000000)
 Metaspace       used 43658K, capacity 45464K, committed 45672K, reserved 1089536K
  class space    used 5371K, capacity 5716K, committed 5756K, reserved 1048576K
}
2022-08-07T09:30:42.575+0000: 12.425: Application time: 0.0019961 seconds
2022-08-07T09:30:42.576+0000: 12.426: [GC (CMS Initial Mark) [1 CMS-initial-mark: 29864K(49076K)] 32221K(68084K), 0.0024111 secs] [Times: user=0.00 sys=0.01, real=0.00 secs] 
2022-08-07T09:30:42.579+0000: 12.429: [CMS-concurrent-mark-start]
2022-08-07T09:30:42.583+0000: 12.433: Application time: 0.0038103 seconds
{Heap before GC invocations=110 (full 8):
 par new generation   total 19008K, used 18138K [0x00000000c2600000, 0x00000000c3aa0000, 0x00000000d6e00000)
  eden space 16896K,  99% used [0x00000000c2600000, 0x00000000c36742d0, 0x00000000c3680000)
  from space 2112K,  61% used [0x00000000c3680000, 0x00000000c37c25d8, 0x00000000c3890000)
  to   space 2112K,   0% used [0x00000000c3890000, 0x00000000c3890000, 0x00000000c3aa0000)
 concurrent mark-sweep generation total 49076K, used 29864K [0x00000000d6e00000, 0x00000000d9ded000, 0x0000000100000000)
 Metaspace       used 43660K, capacity 45464K, committed 45672K, reserved 1089536K
  class space    used 5371K, capacity 5716K, committed 5756K, reserved 1048576K
2022-08-07T09:30:42.583+0000: 12.433: [GC (Allocation Failure) 2022-08-07T09:30:42.584+0000: 12.434: [ParNew: 18138K->1362K(19008K), 0.0025962 secs] 48002K->31226K(68084K), 0.0033528 secs] [Times: user=0.01 sys=0.00, real=0.00 secs] 
Heap after GC invocations=111 (full 8):
 par new generation   total 19008K, used 1362K [0x00000000c2600000, 0x00000000c3aa0000, 0x00000000d6e00000)
  eden space 16896K,   0% used [0x00000000c2600000, 0x00000000c2600000, 0x00000000c3680000)
  from space 2112K,  64% used [0x00000000c3890000, 0x00000000c39e48f0, 0x00000000c3aa0000)
  to   space 2112K,   0% used [0x00000000c3680000, 0x00000000c3680000, 0x00000000c3890000)
 concurrent mark-sweep generation total 49076K, used 29864K [0x00000000d6e00000, 0x00000000d9ded000, 0x0000000100000000)
 Metaspace       used 43660K, capacity 45464K, committed 45672K, reserved 1089536K
  class space    used 5371K, capacity 5716K, committed 5756K, reserved 1048576K
}
2022-08-07T09:30:42.594+0000: 12.444: Application time: 0.0060091 seconds
2022-08-07T09:30:42.594+0000: 12.444: Application time: 0.0003129 seconds
2022-08-07T09:30:42.595+0000: 12.445: Application time: 0.0002935 seconds
2022-08-07T09:30:42.595+0000: 12.445: Application time: 0.0002987 seconds
2022-08-07T09:30:42.596+0000: 12.446: Application time: 0.0006437 seconds
2022-08-07T09:30:42.679+0000: 12.529: [CMS-concurrent-mark: 0.092/0.100 secs] [Times: user=0.26 sys=0.03, real=0.10 secs] 
2022-08-07T09:30:42.679+0000: 12.529: [CMS-concurrent-preclean-start]
2022-08-07T09:30:42.691+0000: 12.541: Application time: 0.0939826 seconds
{Heap before GC invocations=111 (full 8):
 par new generation   total 19008K, used 18258K [0x00000000c2600000, 0x00000000c3aa0000, 0x00000000d6e00000)
  eden space 16896K, 100% used [0x00000000c2600000, 0x00000000c3680000, 0x00000000c3680000)
  from space 2112K,  64% used [0x00000000c3890000, 0x00000000c39e48f0, 0x00000000c3aa0000)
  to   space 2112K,   0% used [0x00000000c3680000, 0x00000000c3680000, 0x00000000c3890000)
 concurrent mark-sweep generation total 49076K, used 29864K [0x00000000d6e00000, 0x00000000d9ded000, 0x0000000100000000)
 Metaspace       used 44092K, capacity 45920K, committed 46312K, reserved 1089536K
  class space    used 5409K, capacity 5782K, committed 5884K, reserved 1048576K
2022-08-07T09:30:42.691+0000: 12.541: [GC (Allocation Failure) 2022-08-07T09:30:42.691+0000: 12.541: [ParNew: 18258K->2111K(19008K), 0.0033696 secs] 48122K->32050K(68084K), 0.0044067 secs] [Times: user=0.01 sys=0.00, real=0.00 secs] 
Heap after GC invocations=112 (full 8):
 par new generation   total 19008K, used 2111K [0x00000000c2600000, 0x00000000c3aa0000, 0x00000000d6e00000)
  eden space 16896K,   0% used [0x00000000c2600000, 0x00000000c2600000, 0x00000000c3680000)
  from space 2112K,  99% used [0x00000000c3680000, 0x00000000c388fff8, 0x00000000c3890000)
  to   space 2112K,   0% used [0x00000000c3890000, 0x00000000c3890000, 0x00000000c3aa0000)
 concurrent mark-sweep generation total 49076K, used 29938K [0x00000000d6e00000, 0x00000000d9ded000, 0x0000000100000000)
 Metaspace       used 44092K, capacity 45920K, committed 46312K, reserved 1089536K
  class space    used 5409K, capacity 5782K, committed 5884K, reserved 1048576K
}
2022-08-07T09:30:42.700+0000: 12.550: [CMS-concurrent-preclean: 0.007/0.020 secs] [Times: user=0.03 sys=0.02, real=0.02 secs] 
2022-08-07T09:30:42.700+0000: 12.550: Application time: 0.0041875 seconds
2022-08-07T09:30:42.700+0000: 12.550: [GC (CMS Final Remark) [YG occupancy: 2799 K (19008 K)]2022-08-07T09:30:42.701+0000: 12.551: [Rescan (parallel) , 0.0131042 secs]2022-08-07T09:30:42.715+0000: 12.565: [weak refs processing, 0.0016431 secs]2022-08-07T09:30:42.717+0000: 12.567: [class unloading, 0.0158677 secs]2022-08-07T09:30:42.733+0000: 12.583: [scrub symbol table, 0.0153609 secs]2022-08-07T09:30:42.749+0000: 12.599: [scrub string table, 0.0011252 secs][1 CMS-remark: 29938K(49076K)] 32737K(68084K), 0.0501655 secs] [Times: user=0.10 sys=0.02, real=0.05 secs] 
2022-08-07T09:30:42.753+0000: 12.603: [CMS-concurrent-sweep-start]
2022-08-07T09:30:42.776+0000: 12.626: [CMS-concurrent-sweep: 0.023/0.023 secs] [Times: user=0.04 sys=0.01, real=0.02 secs] 
2022-08-07T09:30:42.782+0000: 12.632: [CMS-concurrent-reset-start]
2022-08-07T09:30:42.785+0000: 12.635: [CMS-concurrent-reset: 0.002/0.003 secs] [Times: user=0.01 sys=0.00, real=0.00 secs] 
2022-08-07T09:30:42.889+0000: 12.739: Application time: 0.1368821 seconds
{Heap before GC invocations=112 (full 8):
 par new generation   total 19008K, used 19007K [0x00000000c2600000, 0x00000000c3aa0000, 0x00000000d6e00000)
  eden space 16896K, 100% used [0x00000000c2600000, 0x00000000c3680000, 0x00000000c3680000)
  from space 2112K,  99% used [0x00000000c3680000, 0x00000000c388fff8, 0x00000000c3890000)
  to   space 2112K,   0% used [0x00000000c3890000, 0x00000000c3890000, 0x00000000c3aa0000)
 concurrent mark-sweep generation total 49316K, used 29587K [0x00000000d6e00000, 0x00000000d9e29000, 0x0000000100000000)
 Metaspace       used 44767K, capacity 46578K, committed 46824K, reserved 1089536K
  class space    used 5527K, capacity 5877K, committed 5884K, reserved 1048576K
2022-08-07T09:30:42.889+0000: 12.739: [GC (Allocation Failure) 2022-08-07T09:30:42.890+0000: 12.740: [ParNew: 19007K->1846K(19008K), 0.0054955 secs] 48595K->32219K(68324K), 0.0062392 secs] [Times: user=0.01 sys=0.01, real=0.00 secs] 
Heap after GC invocations=113 (full 8):
 par new generation   total 19008K, used 1846K [0x00000000c2600000, 0x00000000c3aa0000, 0x00000000d6e00000)
  eden space 16896K,   0% used [0x00000000c2600000, 0x00000000c2600000, 0x00000000c3680000)
  from space 2112K,  87% used [0x00000000c3890000, 0x00000000c3a5d910, 0x00000000c3aa0000)
  to   space 2112K,   0% used [0x00000000c3680000, 0x00000000c3680000, 0x00000000c3890000)
 concurrent mark-sweep generation total 49316K, used 30373K [0x00000000d6e00000, 0x00000000d9e29000, 0x0000000100000000)
 Metaspace       used 44767K, capacity 46578K, committed 46824K, reserved 1089536K
  class space    used 5527K, capacity 5877K, committed 5884K, reserved 1048576K
}
2022-08-07T09:30:42.897+0000: 12.747: Application time: 0.0005530 seconds
2022-08-07T09:30:42.897+0000: 12.747: [GC (CMS Initial Mark) [1 CMS-initial-mark: 30373K(49316K)] 32558K(68324K), 0.0030914 secs] [Times: user=0.00 sys=0.00, real=0.01 secs] 
2022-08-07T09:30:42.901+0000: 12.751: [CMS-concurrent-mark-start]
2022-08-07T09:30:42.998+0000: 12.848: Application time: 0.0967100 seconds
{Heap before GC invocations=113 (full 9):
 par new generation   total 19008K, used 18742K [0x00000000c2600000, 0x00000000c3aa0000, 0x00000000d6e00000)
  eden space 16896K, 100% used [0x00000000c2600000, 0x00000000c3680000, 0x00000000c3680000)
  from space 2112K,  87% used [0x00000000c3890000, 0x00000000c3a5d910, 0x00000000c3aa0000)
  to   space 2112K,   0% used [0x00000000c3680000, 0x00000000c3680000, 0x00000000c3890000)
 concurrent mark-sweep generation total 49316K, used 30373K [0x00000000d6e00000, 0x00000000d9e29000, 0x0000000100000000)
 Metaspace       used 45060K, capacity 46898K, committed 47208K, reserved 1091584K
  class space    used 5587K, capacity 5941K, committed 6012K, reserved 1048576K
2022-08-07T09:30:42.998+0000: 12.848: [GC (Allocation Failure) 2022-08-07T09:30:42.999+0000: 12.849: [ParNew: 18742K->1316K(19008K), 0.0031336 secs] 49115K->32299K(68324K), 0.0039158 secs] [Times: user=0.02 sys=0.01, real=0.01 secs] 
Heap after GC invocations=114 (full 9):
 par new generation   total 19008K, used 1316K [0x00000000c2600000, 0x00000000c3aa0000, 0x00000000d6e00000)
  eden space 16896K,   0% used [0x00000000c2600000, 0x00000000c2600000, 0x00000000c3680000)
  from space 2112K,  62% used [0x00000000c3680000, 0x00000000c37c9248, 0x00000000c3890000)
  to   space 2112K,   0% used [0x00000000c3890000, 0x00000000c3890000, 0x00000000c3aa0000)
 concurrent mark-sweep generation total 49316K, used 30982K [0x00000000d6e00000, 0x00000000d9e29000, 0x0000000100000000)
 Metaspace       used 45060K, capacity 46898K, committed 47208K, reserved 1091584K
  class space    used 5587K, capacity 5941K, committed 6012K, reserved 1048576K
}
2022-08-07T09:30:43.010+0000: 12.860: [CMS-concurrent-mark: 0.102/0.109 secs] [Times: user=0.27 sys=0.09, real=0.11 secs] 
2022-08-07T09:30:43.011+0000: 12.861: [CMS-concurrent-preclean-start]
2022-08-07T09:30:43.060+0000: 12.910: [CMS-concurrent-preclean: 0.037/0.049 secs] [Times: user=0.10 sys=0.03, real=0.05 secs] 
2022-08-07T09:30:43.060+0000: 12.910: [CMS-concurrent-abortable-preclean-start]
2022-08-07T09:30:43.120+0000: 12.970: Application time: 0.1173981 seconds
{Heap before GC invocations=114 (full 9):
 par new generation   total 19008K, used 18212K [0x00000000c2600000, 0x00000000c3aa0000, 0x00000000d6e00000)
  eden space 16896K, 100% used [0x00000000c2600000, 0x00000000c3680000, 0x00000000c3680000)
  from space 2112K,  62% used [0x00000000c3680000, 0x00000000c37c9248, 0x00000000c3890000)
  to   space 2112K,   0% used [0x00000000c3890000, 0x00000000c3890000, 0x00000000c3aa0000)
 concurrent mark-sweep generation total 49316K, used 30982K [0x00000000d6e00000, 0x00000000d9e29000, 0x0000000100000000)
 Metaspace       used 45260K, capacity 47122K, committed 47464K, reserved 1091584K
  class space    used 5616K, capacity 5973K, committed 6012K, reserved 1048576K
2022-08-07T09:30:43.121+0000: 12.971: [GC (Allocation Failure) 2022-08-07T09:30:43.121+0000: 12.971: [ParNew: 18212K->938K(19008K), 0.0045437 secs] 49195K->31921K(68324K), 0.0054756 secs] [Times: user=0.01 sys=0.01, real=0.00 secs] 
Heap after GC invocations=115 (full 9):
 par new generation   total 19008K, used 938K [0x00000000c2600000, 0x00000000c3aa0000, 0x00000000d6e00000)
  eden space 16896K,   0% used [0x00000000c2600000, 0x00000000c2600000, 0x00000000c3680000)
  from space 2112K,  44% used [0x00000000c3890000, 0x00000000c397a9e0, 0x00000000c3aa0000)
  to   space 2112K,   0% used [0x00000000c3680000, 0x00000000c3680000, 0x00000000c3890000)
 concurrent mark-sweep generation total 49316K, used 30982K [0x00000000d6e00000, 0x00000000d9e29000, 0x0000000100000000)
 Metaspace       used 45260K, capacity 47122K, committed 47464K, reserved 1091584K
  class space    used 5616K, capacity 5973K, committed 6012K, reserved 1048576K
}
2022-08-07T09:30:43.204+0000: 13.054: Application time: 0.0771728 seconds
{Heap before GC invocations=115 (full 9):
 par new generation   total 19008K, used 17834K [0x00000000c2600000, 0x00000000c3aa0000, 0x00000000d6e00000)
  eden space 16896K, 100% used [0x00000000c2600000, 0x00000000c3680000, 0x00000000c3680000)
  from space 2112K,  44% used [0x00000000c3890000, 0x00000000c397a9e0, 0x00000000c3aa0000)
  to   space 2112K,   0% used [0x00000000c3680000, 0x00000000c3680000, 0x00000000c3890000)
 concurrent mark-sweep generation total 49316K, used 30982K [0x00000000d6e00000, 0x00000000d9e29000, 0x0000000100000000)
 Metaspace       used 45538K, capacity 47366K, committed 47720K, reserved 1091584K
  class space    used 5660K, capacity 6009K, committed 6012K, reserved 1048576K
2022-08-07T09:30:43.205+0000: 13.055: [GC (Allocation Failure) 2022-08-07T09:30:43.206+0000: 13.056: [ParNew: 17834K->1261K(19008K), 0.0023173 secs] 48817K->32243K(68324K), 0.0030151 secs] [Times: user=0.01 sys=0.00, real=0.00 secs] 
Heap after GC invocations=116 (full 9):
 par new generation   total 19008K, used 1261K [0x00000000c2600000, 0x00000000c3aa0000, 0x00000000d6e00000)
  eden space 16896K,   0% used [0x00000000c2600000, 0x00000000c2600000, 0x00000000c3680000)
  from space 2112K,  59% used [0x00000000c3680000, 0x00000000c37bb498, 0x00000000c3890000)
  to   space 2112K,   0% used [0x00000000c3890000, 0x00000000c3890000, 0x00000000c3aa0000)
 concurrent mark-sweep generation total 49316K, used 30982K [0x00000000d6e00000, 0x00000000d9e29000, 0x0000000100000000)
 Metaspace       used 45538K, capacity 47366K, committed 47720K, reserved 1091584K
  class space    used 5660K, capacity 6009K, committed 6012K, reserved 1048576K
}
2022-08-07T09:30:43.287+0000: 13.137: Application time: 0.0782933 seconds
{Heap before GC invocations=116 (full 9):
 par new generation   total 19008K, used 18157K [0x00000000c2600000, 0x00000000c3aa0000, 0x00000000d6e00000)
  eden space 16896K, 100% used [0x00000000c2600000, 0x00000000c3680000, 0x00000000c3680000)
  from space 2112K,  59% used [0x00000000c3680000, 0x00000000c37bb498, 0x00000000c3890000)
  to   space 2112K,   0% used [0x00000000c3890000, 0x00000000c3890000, 0x00000000c3aa0000)
 concurrent mark-sweep generation total 49316K, used 30982K [0x00000000d6e00000, 0x00000000d9e29000, 0x0000000100000000)
 Metaspace       used 45822K, capacity 47686K, committed 48104K, reserved 1091584K
  class space    used 5706K, capacity 6073K, committed 6140K, reserved 1048576K
2022-08-07T09:30:43.288+0000: 13.138: [GC (Allocation Failure) 2022-08-07T09:30:43.288+0000: 13.138: [ParNew: 18157K->1142K(19008K), 0.0024631 secs] 49139K->32124K(68324K), 0.0031494 secs] [Times: user=0.00 sys=0.01, real=0.01 secs] 
Heap after GC invocations=117 (full 9):
 par new generation   total 19008K, used 1142K [0x00000000c2600000, 0x00000000c3aa0000, 0x00000000d6e00000)
  eden space 16896K,   0% used [0x00000000c2600000, 0x00000000c2600000, 0x00000000c3680000)
  from space 2112K,  54% used [0x00000000c3890000, 0x00000000c39ad808, 0x00000000c3aa0000)
  to   space 2112K,   0% used [0x00000000c3680000, 0x00000000c3680000, 0x00000000c3890000)
 concurrent mark-sweep generation total 49316K, used 30982K [0x00000000d6e00000, 0x00000000d9e29000, 0x0000000100000000)
 Metaspace       used 45822K, capacity 47686K, committed 48104K, reserved 1091584K
  class space    used 5706K, capacity 6073K, committed 6140K, reserved 1048576K
}
2022-08-07T09:30:43.386+0000: 13.236: Application time: 0.0938663 seconds
{Heap before GC invocations=117 (full 9):
 par new generation   total 19008K, used 18038K [0x00000000c2600000, 0x00000000c3aa0000, 0x00000000d6e00000)
  eden space 16896K, 100% used [0x00000000c2600000, 0x00000000c3680000, 0x00000000c3680000)
  from space 2112K,  54% used [0x00000000c3890000, 0x00000000c39ad808, 0x00000000c3aa0000)
  to   space 2112K,   0% used [0x00000000c3680000, 0x00000000c3680000, 0x00000000c3890000)
 concurrent mark-sweep generation total 49316K, used 30982K [0x00000000d6e00000, 0x00000000d9e29000, 0x0000000100000000)
 Metaspace       used 46198K, capacity 48038K, committed 48360K, reserved 1091584K
  class space    used 5751K, capacity 6105K, committed 6140K, reserved 1048576K
2022-08-07T09:30:43.387+0000: 13.237: [GC (Allocation Failure) 2022-08-07T09:30:43.387+0000: 13.237: [ParNew: 18038K->2111K(19008K), 0.0036436 secs] 49020K->33195K(68324K), 0.0044112 secs] [Times: user=0.01 sys=0.00, real=0.01 secs] 
Heap after GC invocations=118 (full 9):
 par new generation   total 19008K, used 2111K [0x00000000c2600000, 0x00000000c3aa0000, 0x00000000d6e00000)
  eden space 16896K,   0% used [0x00000000c2600000, 0x00000000c2600000, 0x00000000c3680000)
  from space 2112K,  99% used [0x00000000c3680000, 0x00000000c388fff8, 0x00000000c3890000)
  to   space 2112K,   0% used [0x00000000c3890000, 0x00000000c3890000, 0x00000000c3aa0000)
 concurrent mark-sweep generation total 49316K, used 31083K [0x00000000d6e00000, 0x00000000d9e29000, 0x0000000100000000)
 Metaspace       used 46198K, capacity 48038K, committed 48360K, reserved 1091584K
  class space    used 5751K, capacity 6105K, committed 6140K, reserved 1048576K
}
2022-08-07T09:30:43.425+0000: 13.275: Application time: 0.0336956 seconds
{Heap before GC invocations=118 (full 9):
 par new generation   total 19008K, used 17834K [0x00000000c2600000, 0x00000000c3aa0000, 0x00000000d6e00000)
  eden space 16896K,  93% used [0x00000000c2600000, 0x00000000c355aad8, 0x00000000c3680000)
  from space 2112K,  99% used [0x00000000c3680000, 0x00000000c388fff8, 0x00000000c3890000)
  to   space 2112K,   0% used [0x00000000c3890000, 0x00000000c3890000, 0x00000000c3aa0000)
 concurrent mark-sweep generation total 49316K, used 31083K [0x00000000d6e00000, 0x00000000d9e29000, 0x0000000100000000)
 Metaspace       used 46216K, capacity 48038K, committed 48360K, reserved 1091584K
  class space    used 5751K, capacity 6105K, committed 6140K, reserved 1048576K
2022-08-07T09:30:43.426+0000: 13.276: [GC (Allocation Failure) 2022-08-07T09:30:43.427+0000: 13.277: [ParNew: 17834K->2112K(19008K), 0.0043588 secs] 48918K->34590K(68324K), 0.0052836 secs] [Times: user=0.01 sys=0.01, real=0.01 secs] 
Heap after GC invocations=119 (full 9):
 par new generation   total 19008K, used 2112K [0x00000000c2600000, 0x00000000c3aa0000, 0x00000000d6e00000)
  eden space 16896K,   0% used [0x00000000c2600000, 0x00000000c2600000, 0x00000000c3680000)
  from space 2112K, 100% used [0x00000000c3890000, 0x00000000c3aa0000, 0x00000000c3aa0000)
  to   space 2112K,   0% used [0x00000000c3680000, 0x00000000c3680000, 0x00000000c3890000)
 concurrent mark-sweep generation total 49316K, used 32478K [0x00000000d6e00000, 0x00000000d9e29000, 0x0000000100000000)
 Metaspace       used 46216K, capacity 48038K, committed 48360K, reserved 1091584K
  class space    used 5751K, capacity 6105K, committed 6140K, reserved 1048576K
}
2022-08-07T09:30:43.432+0000: 13.282: [CMS-concurrent-abortable-preclean: 0.109/0.372 secs] [Times: user=0.99 sys=0.21, real=0.37 secs] 
2022-08-07T09:30:43.439+0000: 13.289: Application time: 0.0064780 seconds
2022-08-07T09:30:43.439+0000: 13.289: [GC (CMS Final Remark) [YG occupancy: 11820 K (19008 K)]2022-08-07T09:30:43.439+0000: 13.289: [Rescan (parallel) , 0.0019423 secs]2022-08-07T09:30:43.442+0000: 13.292: [weak refs processing, 0.0003962 secs]2022-08-07T09:30:43.442+0000: 13.292: [class unloading, 0.0072460 secs]2022-08-07T09:30:43.450+0000: 13.300: [scrub symbol table, 0.0086625 secs]2022-08-07T09:30:43.459+0000: 13.309: [scrub string table, 0.0009261 secs][1 CMS-remark: 32478K(49316K)] 44298K(68324K), 0.0220332 secs] [Times: user=0.03 sys=0.01, real=0.03 secs] 
2022-08-07T09:30:43.462+0000: 13.312: [CMS-concurrent-sweep-start]
2022-08-07T09:30:43.468+0000: 13.318: Application time: 0.0058605 seconds
{Heap before GC invocations=119 (full 9):
 par new generation   total 19008K, used 19008K [0x00000000c2600000, 0x00000000c3aa0000, 0x00000000d6e00000)
  eden space 16896K, 100% used [0x00000000c2600000, 0x00000000c3680000, 0x00000000c3680000)
  from space 2112K, 100% used [0x00000000c3890000, 0x00000000c3aa0000, 0x00000000c3aa0000)
  to   space 2112K,   0% used [0x00000000c3680000, 0x00000000c3680000, 0x00000000c3890000)
 concurrent mark-sweep generation total 49316K, used 32463K [0x00000000d6e00000, 0x00000000d9e29000, 0x0000000100000000)
 Metaspace       used 46217K, capacity 48038K, committed 48360K, reserved 1091584K
  class space    used 5751K, capacity 6105K, committed 6140K, reserved 1048576K
2022-08-07T09:30:43.468+0000: 13.318: [GC (Allocation Failure) 2022-08-07T09:30:43.469+0000: 13.319: [ParNew: 19008K->2112K(19008K), 0.0023176 secs] 51471K->34890K(68324K), 0.0030962 secs] [Times: user=0.00 sys=0.00, real=0.01 secs] 
Heap after GC invocations=120 (full 9):
 par new generation   total 19008K, used 2112K [0x00000000c2600000, 0x00000000c3aa0000, 0x00000000d6e00000)
  eden space 16896K,   0% used [0x00000000c2600000, 0x00000000c2600000, 0x00000000c3680000)
  from space 2112K, 100% used [0x00000000c3680000, 0x00000000c3890000, 0x00000000c3890000)
  to   space 2112K,   0% used [0x00000000c3890000, 0x00000000c3890000, 0x00000000c3aa0000)
 concurrent mark-sweep generation total 49316K, used 32778K [0x00000000d6e00000, 0x00000000d9e29000, 0x0000000100000000)
 Metaspace       used 46217K, capacity 48038K, committed 48360K, reserved 1091584K
  class space    used 5751K, capacity 6105K, committed 6140K, reserved 1048576K
}
2022-08-07T09:30:43.482+0000: 13.332: Application time: 0.0103348 seconds
{Heap before GC invocations=120 (full 9):
 par new generation   total 19008K, used 18442K [0x00000000c2600000, 0x00000000c3aa0000, 0x00000000d6e00000)
  eden space 16896K,  96% used [0x00000000c2600000, 0x00000000c35f29e8, 0x00000000c3680000)
  from space 2112K, 100% used [0x00000000c3680000, 0x00000000c3890000, 0x00000000c3890000)
  to   space 2112K,   0% used [0x00000000c3890000, 0x00000000c3890000, 0x00000000c3aa0000)
 concurrent mark-sweep generation total 49316K, used 32684K [0x00000000d6e00000, 0x00000000d9e29000, 0x0000000100000000)
 Metaspace       used 46223K, capacity 48038K, committed 48360K, reserved 1091584K
  class space    used 5751K, capacity 6105K, committed 6140K, reserved 1048576K
2022-08-07T09:30:43.483+0000: 13.333: [GC (Allocation Failure) 2022-08-07T09:30:43.484+0000: 13.334: [ParNew: 18442K->2112K(19008K), 0.0068964 secs] 51127K->37801K(68324K), 0.0079199 secs] [Times: user=0.02 sys=0.00, real=0.01 secs] 
Heap after GC invocations=121 (full 9):
 par new generation   total 19008K, used 2112K [0x00000000c2600000, 0x00000000c3aa0000, 0x00000000d6e00000)
  eden space 16896K,   0% used [0x00000000c2600000, 0x00000000c2600000, 0x00000000c3680000)
  from space 2112K, 100% used [0x00000000c3890000, 0x00000000c3aa0000, 0x00000000c3aa0000)
  to   space 2112K,   0% used [0x00000000c3680000, 0x00000000c3680000, 0x00000000c3890000)
 concurrent mark-sweep generation total 49316K, used 35689K [0x00000000d6e00000, 0x00000000d9e29000, 0x0000000100000000)
 Metaspace       used 46223K, capacity 48038K, committed 48360K, reserved 1091584K
  class space    used 5751K, capacity 6105K, committed 6140K, reserved 1048576K
}
2022-08-07T09:30:43.495+0000: 13.345: [CMS-concurrent-sweep: 0.016/0.033 secs] [Times: user=0.08 sys=0.02, real=0.03 secs] 
2022-08-07T09:30:43.498+0000: 13.348: [CMS-concurrent-reset-start]
2022-08-07T09:30:43.499+0000: 13.349: [CMS-concurrent-reset: 0.001/0.001 secs] [Times: user=0.00 sys=0.00, real=0.00 secs] 
2022-08-07T09:30:43.502+0000: 13.352: Application time: 0.0097625 seconds
{Heap before GC invocations=121 (full 9):
 par new generation   total 19008K, used 19008K [0x00000000c2600000, 0x00000000c3aa0000, 0x00000000d6e00000)
  eden space 16896K, 100% used [0x00000000c2600000, 0x00000000c3680000, 0x00000000c3680000)
  from space 2112K, 100% used [0x00000000c3890000, 0x00000000c3aa0000, 0x00000000c3aa0000)
  to   space 2112K,   0% used [0x00000000c3680000, 0x00000000c3680000, 0x00000000c3890000)
 concurrent mark-sweep generation total 59348K, used 35607K [0x00000000d6e00000, 0x00000000da7f5000, 0x0000000100000000)
 Metaspace       used 46224K, capacity 48042K, committed 48360K, reserved 1091584K
  class space    used 5751K, capacity 6105K, committed 6140K, reserved 1048576K
2022-08-07T09:30:43.502+0000: 13.352: [GC (Allocation Failure) 2022-08-07T09:30:43.503+0000: 13.353: [ParNew: 19008K->1687K(19008K), 0.0043950 secs] 54615K->38984K(78356K), 0.0052921 secs] [Times: user=0.01 sys=0.01, real=0.00 secs] 
Heap after GC invocations=122 (full 9):
 par new generation   total 19008K, used 1687K [0x00000000c2600000, 0x00000000c3aa0000, 0x00000000d6e00000)
  eden space 16896K,   0% used [0x00000000c2600000, 0x00000000c2600000, 0x00000000c3680000)
  from space 2112K,  79% used [0x00000000c3680000, 0x00000000c3825c50, 0x00000000c3890000)
  to   space 2112K,   0% used [0x00000000c3890000, 0x00000000c3890000, 0x00000000c3aa0000)
 concurrent mark-sweep generation total 59348K, used 37297K [0x00000000d6e00000, 0x00000000da7f5000, 0x0000000100000000)
 Metaspace       used 46224K, capacity 48042K, committed 48360K, reserved 1091584K
  class space    used 5751K, capacity 6105K, committed 6140K, reserved 1048576K
}
2022-08-07T09:30:43.510+0000: 13.360: Application time: 0.0011710 seconds
2022-08-07T09:30:43.512+0000: 13.362: [GC (CMS Initial Mark) [1 CMS-initial-mark: 37297K(59348K)] 40740K(78356K), 0.0014519 secs] [Times: user=0.00 sys=0.00, real=0.00 secs] 
2022-08-07T09:30:43.514+0000: 13.364: [CMS-concurrent-mark-start]
2022-08-07T09:30:43.524+0000: 13.374: Application time: 0.0104431 seconds
{Heap before GC invocations=122 (full 10):
 par new generation   total 19008K, used 18240K [0x00000000c2600000, 0x00000000c3aa0000, 0x00000000d6e00000)
  eden space 16896K,  97% used [0x00000000c2600000, 0x00000000c362a7a0, 0x00000000c3680000)
  from space 2112K,  79% used [0x00000000c3680000, 0x00000000c3825c50, 0x00000000c3890000)
  to   space 2112K,   0% used [0x00000000c3890000, 0x00000000c3890000, 0x00000000c3aa0000)
 concurrent mark-sweep generation total 59348K, used 37297K [0x00000000d6e00000, 0x00000000da7f5000, 0x0000000100000000)
 Metaspace       used 46224K, capacity 48042K, committed 48360K, reserved 1091584K
  class space    used 5751K, capacity 6105K, committed 6140K, reserved 1048576K
2022-08-07T09:30:43.524+0000: 13.374: [GC (Allocation Failure) 2022-08-07T09:30:43.525+0000: 13.375: [ParNew: 18240K->1323K(19008K), 0.0027482 secs] 55538K->38620K(78356K), 0.0039077 secs] [Times: user=0.01 sys=0.00, real=0.00 secs] 
Heap after GC invocations=123 (full 10):
 par new generation   total 19008K, used 1323K [0x00000000c2600000, 0x00000000c3aa0000, 0x00000000d6e00000)
  eden space 16896K,   0% used [0x00000000c2600000, 0x00000000c2600000, 0x00000000c3680000)
  from space 2112K,  62% used [0x00000000c3890000, 0x00000000c39dad70, 0x00000000c3aa0000)
  to   space 2112K,   0% used [0x00000000c3680000, 0x00000000c3680000, 0x00000000c3890000)
 concurrent mark-sweep generation total 59348K, used 37297K [0x00000000d6e00000, 0x00000000da7f5000, 0x0000000100000000)
 Metaspace       used 46224K, capacity 48042K, committed 48360K, reserved 1091584K
  class space    used 5751K, capacity 6105K, committed 6140K, reserved 1048576K
}
2022-08-07T09:30:43.584+0000: 13.434: [CMS-concurrent-mark: 0.063/0.070 secs] [Times: user=0.23 sys=0.03, real=0.07 secs] 
2022-08-07T09:30:43.585+0000: 13.435: [CMS-concurrent-preclean-start]
2022-08-07T09:30:43.592+0000: 13.442: [CMS-concurrent-preclean: 0.004/0.007 secs] [Times: user=0.02 sys=0.01, real=0.01 secs] 
2022-08-07T09:30:43.592+0000: 13.442: [CMS-concurrent-abortable-preclean-start]
2022-08-07T09:30:43.634+0000: 13.484: Application time: 0.1048534 seconds
{Heap before GC invocations=123 (full 10):
 par new generation   total 19008K, used 18219K [0x00000000c2600000, 0x00000000c3aa0000, 0x00000000d6e00000)
  eden space 16896K, 100% used [0x00000000c2600000, 0x00000000c3680000, 0x00000000c3680000)
  from space 2112K,  62% used [0x00000000c3890000, 0x00000000c39dad70, 0x00000000c3aa0000)
  to   space 2112K,   0% used [0x00000000c3680000, 0x00000000c3680000, 0x00000000c3890000)
 concurrent mark-sweep generation total 59348K, used 37297K [0x00000000d6e00000, 0x00000000da7f5000, 0x0000000100000000)
 Metaspace       used 46638K, capacity 48458K, committed 48744K, reserved 1091584K
  class space    used 5853K, capacity 6201K, committed 6268K, reserved 1048576K
2022-08-07T09:30:43.635+0000: 13.485: [GC (Allocation Failure) 2022-08-07T09:30:43.635+0000: 13.485: [ParNew: 18219K->931K(19008K), 0.0177069 secs] 55516K->38228K(78356K), 0.0188792 secs] [Times: user=0.03 sys=0.00, real=0.02 secs] 
Heap after GC invocations=124 (full 10):
 par new generation   total 19008K, used 931K [0x00000000c2600000, 0x00000000c3aa0000, 0x00000000d6e00000)
  eden space 16896K,   0% used [0x00000000c2600000, 0x00000000c2600000, 0x00000000c3680000)
  from space 2112K,  44% used [0x00000000c3680000, 0x00000000c3768cd0, 0x00000000c3890000)
  to   space 2112K,   0% used [0x00000000c3890000, 0x00000000c3890000, 0x00000000c3aa0000)
 concurrent mark-sweep generation total 59348K, used 37297K [0x00000000d6e00000, 0x00000000da7f5000, 0x0000000100000000)
 Metaspace       used 46638K, capacity 48458K, committed 48744K, reserved 1091584K
  class space    used 5853K, capacity 6201K, committed 6268K, reserved 1048576K
}
2022-08-07T09:30:43.786+0000: 13.636: [CMS-concurrent-abortable-preclean: 0.025/0.194 secs] [Times: user=0.38 sys=0.12, real=0.19 secs] 
2022-08-07T09:30:43.787+0000: 13.637: Application time: 0.1321874 seconds
2022-08-07T09:30:43.791+0000: 13.641: [GC (CMS Final Remark) [YG occupancy: 14350 K (19008 K)]2022-08-07T09:30:43.792+0000: 13.642: [Rescan (parallel) , 0.0076295 secs]2022-08-07T09:30:43.800+0000: 13.650: [weak refs processing, 0.0013150 secs]2022-08-07T09:30:43.801+0000: 13.651: [class unloading, 0.0109208 secs]2022-08-07T09:30:43.813+0000: 13.663: [scrub symbol table, 0.0096549 secs]2022-08-07T09:30:43.823+0000: 13.673: [scrub string table, 0.0011946 secs][1 CMS-remark: 37297K(59348K)] 51647K(78356K), 0.0331155 secs] [Times: user=0.05 sys=0.01, real=0.03 secs] 
2022-08-07T09:30:43.826+0000: 13.676: [CMS-concurrent-sweep-start]
2022-08-07T09:30:43.853+0000: 13.703: [CMS-concurrent-sweep: 0.027/0.027 secs] [Times: user=0.06 sys=0.02, real=0.03 secs] 
2022-08-07T09:30:43.858+0000: 13.708: [CMS-concurrent-reset-start]
2022-08-07T09:30:43.859+0000: 13.709: [CMS-concurrent-reset: 0.001/0.001 secs] [Times: user=0.00 sys=0.00, real=0.01 secs] 
2022-08-07T09:30:43.893+0000: 13.743: Application time: 0.0675848 seconds
{Heap before GC invocations=124 (full 10):
 par new generation   total 19008K, used 17827K [0x00000000c2600000, 0x00000000c3aa0000, 0x00000000d6e00000)
  eden space 16896K, 100% used [0x00000000c2600000, 0x00000000c3680000, 0x00000000c3680000)
  from space 2112K,  44% used [0x00000000c3680000, 0x00000000c3768cd0, 0x00000000c3890000)
  to   space 2112K,   0% used [0x00000000c3890000, 0x00000000c3890000, 0x00000000c3aa0000)
 concurrent mark-sweep generation total 59348K, used 31314K [0x00000000d6e00000, 0x00000000da7f5000, 0x0000000100000000)
 Metaspace       used 47070K, capacity 48878K, committed 49128K, reserved 1091584K
  class space    used 5951K, capacity 6303K, committed 6396K, reserved 1048576K
2022-08-07T09:30:43.894+0000: 13.744: [GC (Allocation Failure) 2022-08-07T09:30:43.901+0000: 13.751: [ParNew: 17827K->652K(19008K), 0.0100258 secs] 49141K->31967K(78356K), 0.0174052 secs] [Times: user=0.03 sys=0.00, real=0.02 secs] 
Heap after GC invocations=125 (full 10):
 par new generation   total 19008K, used 652K [0x00000000c2600000, 0x00000000c3aa0000, 0x00000000d6e00000)
  eden space 16896K,   0% used [0x00000000c2600000, 0x00000000c2600000, 0x00000000c3680000)
  from space 2112K,  30% used [0x00000000c3890000, 0x00000000c3933280, 0x00000000c3aa0000)
  to   space 2112K,   0% used [0x00000000c3680000, 0x00000000c3680000, 0x00000000c3890000)
 concurrent mark-sweep generation total 59348K, used 31314K [0x00000000d6e00000, 0x00000000da7f5000, 0x0000000100000000)
 Metaspace       used 47070K, capacity 48878K, committed 49128K, reserved 1091584K
  class space    used 5951K, capacity 6303K, committed 6396K, reserved 1048576K
}
2022-08-07T09:30:44.089+0000: 13.939: Application time: 0.1774365 seconds
{Heap before GC invocations=125 (full 10):
 par new generation   total 19008K, used 17548K [0x00000000c2600000, 0x00000000c3aa0000, 0x00000000d6e00000)
  eden space 16896K, 100% used [0x00000000c2600000, 0x00000000c3680000, 0x00000000c3680000)
  from space 2112K,  30% used [0x00000000c3890000, 0x00000000c3933280, 0x00000000c3aa0000)
  to   space 2112K,   0% used [0x00000000c3680000, 0x00000000c3680000, 0x00000000c3890000)
 concurrent mark-sweep generation total 59348K, used 31314K [0x00000000d6e00000, 0x00000000da7f5000, 0x0000000100000000)
 Metaspace       used 47314K, capacity 49134K, committed 49384K, reserved 1091584K
  class space    used 5994K, capacity 6367K, committed 6396K, reserved 1048576K
2022-08-07T09:30:44.090+0000: 13.940: [GC (Allocation Failure) 2022-08-07T09:30:44.090+0000: 13.940: [ParNew: 17548K->677K(19008K), 0.0166101 secs] 48863K->31991K(78356K), 0.0174964 secs] [Times: user=0.05 sys=0.00, real=0.01 secs] 
Heap after GC invocations=126 (full 10):
 par new generation   total 19008K, used 677K [0x00000000c2600000, 0x00000000c3aa0000, 0x00000000d6e00000)
  eden space 16896K,   0% used [0x00000000c2600000, 0x00000000c2600000, 0x00000000c3680000)
  from space 2112K,  32% used [0x00000000c3680000, 0x00000000c37295a8, 0x00000000c3890000)
  to   space 2112K,   0% used [0x00000000c3890000, 0x00000000c3890000, 0x00000000c3aa0000)
 concurrent mark-sweep generation total 59348K, used 31314K [0x00000000d6e00000, 0x00000000da7f5000, 0x0000000100000000)
 Metaspace       used 47314K, capacity 49134K, committed 49384K, reserved 1091584K
  class space    used 5994K, capacity 6367K, committed 6396K, reserved 1048576K
}
2022-08-07T09:30:44.189+0000: 14.039: Application time: 0.0807922 seconds
2022-08-07T09:30:44.240+0000: 14.090: Application time: 0.0499703 seconds
2022-08-07T09:30:44.243+0000: 14.093: Application time: 0.0024978 seconds
{Heap before GC invocations=126 (full 10):
 par new generation   total 19008K, used 17573K [0x00000000c2600000, 0x00000000c3aa0000, 0x00000000d6e00000)
  eden space 16896K, 100% used [0x00000000c2600000, 0x00000000c3680000, 0x00000000c3680000)
  from space 2112K,  32% used [0x00000000c3680000, 0x00000000c37295a8, 0x00000000c3890000)
  to   space 2112K,   0% used [0x00000000c3890000, 0x00000000c3890000, 0x00000000c3aa0000)
 concurrent mark-sweep generation total 59348K, used 31314K [0x00000000d6e00000, 0x00000000da7f5000, 0x0000000100000000)
 Metaspace       used 47819K, capacity 49710K, committed 50024K, reserved 1093632K
  class space    used 6063K, capacity 6431K, committed 6524K, reserved 1048576K
2022-08-07T09:30:44.244+0000: 14.094: [GC (Allocation Failure) 2022-08-07T09:30:44.244+0000: 14.094: [ParNew: 17573K->1073K(19008K), 0.0039207 secs] 48887K->32387K(78356K), 0.0047932 secs] [Times: user=0.01 sys=0.00, real=0.00 secs] 
Heap after GC invocations=127 (full 10):
 par new generation   total 19008K, used 1073K [0x00000000c2600000, 0x00000000c3aa0000, 0x00000000d6e00000)
  eden space 16896K,   0% used [0x00000000c2600000, 0x00000000c2600000, 0x00000000c3680000)
  from space 2112K,  50% used [0x00000000c3890000, 0x00000000c399c428, 0x00000000c3aa0000)
  to   space 2112K,   0% used [0x00000000c3680000, 0x00000000c3680000, 0x00000000c3890000)
 concurrent mark-sweep generation total 59348K, used 31314K [0x00000000d6e00000, 0x00000000da7f5000, 0x0000000100000000)
 Metaspace       used 47819K, capacity 49710K, committed 50024K, reserved 1093632K
  class space    used 6063K, capacity 6431K, committed 6524K, reserved 1048576K
}
2022-08-07T09:30:44.331+0000: 14.181: Application time: 0.0819329 seconds
{Heap before GC invocations=127 (full 10):
 par new generation   total 19008K, used 17969K [0x00000000c2600000, 0x00000000c3aa0000, 0x00000000d6e00000)
  eden space 16896K, 100% used [0x00000000c2600000, 0x00000000c3680000, 0x00000000c3680000)
  from space 2112K,  50% used [0x00000000c3890000, 0x00000000c399c428, 0x00000000c3aa0000)
  to   space 2112K,   0% used [0x00000000c3680000, 0x00000000c3680000, 0x00000000c3890000)
 concurrent mark-sweep generation total 59348K, used 31314K [0x00000000d6e00000, 0x00000000da7f5000, 0x0000000100000000)
 Metaspace       used 48354K, capacity 50190K, committed 50664K, reserved 1093632K
  class space    used 6146K, capacity 6527K, committed 6652K, reserved 1048576K
2022-08-07T09:30:44.332+0000: 14.182: [GC (Allocation Failure) 2022-08-07T09:30:44.333+0000: 14.183: [ParNew: 17969K->1497K(19008K), 0.0033928 secs] 49283K->32812K(78356K), 0.0042781 secs] [Times: user=0.01 sys=0.00, real=0.00 secs] 
Heap after GC invocations=128 (full 10):
 par new generation   total 19008K, used 1497K [0x00000000c2600000, 0x00000000c3aa0000, 0x00000000d6e00000)
  eden space 16896K,   0% used [0x00000000c2600000, 0x00000000c2600000, 0x00000000c3680000)
  from space 2112K,  70% used [0x00000000c3680000, 0x00000000c37f6668, 0x00000000c3890000)
  to   space 2112K,   0% used [0x00000000c3890000, 0x00000000c3890000, 0x00000000c3aa0000)
 concurrent mark-sweep generation total 59348K, used 31314K [0x00000000d6e00000, 0x00000000da7f5000, 0x0000000100000000)
 Metaspace       used 48354K, capacity 50190K, committed 50664K, reserved 1093632K
  class space    used 6146K, capacity 6527K, committed 6652K, reserved 1048576K
}
2022-08-07T09:30:44.450+0000: 14.300: Application time: 0.1125502 seconds
{Heap before GC invocations=128 (full 10):
 par new generation   total 19008K, used 18393K [0x00000000c2600000, 0x00000000c3aa0000, 0x00000000d6e00000)
  eden space 16896K, 100% used [0x00000000c2600000, 0x00000000c3680000, 0x00000000c3680000)
  from space 2112K,  70% used [0x00000000c3680000, 0x00000000c37f6668, 0x00000000c3890000)
  to   space 2112K,   0% used [0x00000000c3890000, 0x00000000c3890000, 0x00000000c3aa0000)
 concurrent mark-sweep generation total 59348K, used 31314K [0x00000000d6e00000, 0x00000000da7f5000, 0x0000000100000000)
 Metaspace       used 48815K, capacity 50676K, committed 50920K, reserved 1093632K
  class space    used 6187K, capacity 6560K, committed 6652K, reserved 1048576K
2022-08-07T09:30:44.451+0000: 14.301: [GC (Allocation Failure) 2022-08-07T09:30:44.451+0000: 14.301: [ParNew: 18393K->1097K(19008K), 0.0041289 secs] 49708K->32412K(78356K), 0.0050215 secs] [Times: user=0.01 sys=0.00, real=0.00 secs] 
Heap after GC invocations=129 (full 10):
 par new generation   total 19008K, used 1097K [0x00000000c2600000, 0x00000000c3aa0000, 0x00000000d6e00000)
  eden space 16896K,   0% used [0x00000000c2600000, 0x00000000c2600000, 0x00000000c3680000)
  from space 2112K,  51% used [0x00000000c3890000, 0x00000000c39a27f0, 0x00000000c3aa0000)
  to   space 2112K,   0% used [0x00000000c3680000, 0x00000000c3680000, 0x00000000c3890000)
 concurrent mark-sweep generation total 59348K, used 31314K [0x00000000d6e00000, 0x00000000da7f5000, 0x0000000100000000)
 Metaspace       used 48815K, capacity 50676K, committed 50920K, reserved 1093632K
  class space    used 6187K, capacity 6560K, committed 6652K, reserved 1048576K
}
2022-08-07T09:30:44.520+0000: 14.370: Application time: 0.0627974 seconds
2022-08-07T09:30:44.555+0000: 14.405: Application time: 0.0345852 seconds
2022-08-07T09:30:44.572+0000: 14.422: Application time: 0.0162151 seconds
{Heap before GC invocations=129 (full 10):
 par new generation   total 19008K, used 17993K [0x00000000c2600000, 0x00000000c3aa0000, 0x00000000d6e00000)
  eden space 16896K, 100% used [0x00000000c2600000, 0x00000000c3680000, 0x00000000c3680000)
  from space 2112K,  51% used [0x00000000c3890000, 0x00000000c39a27f0, 0x00000000c3aa0000)
  to   space 2112K,   0% used [0x00000000c3680000, 0x00000000c3680000, 0x00000000c3890000)
 concurrent mark-sweep generation total 59348K, used 31314K [0x00000000d6e00000, 0x00000000da7f5000, 0x0000000100000000)
 Metaspace       used 49143K, capacity 50996K, committed 51176K, reserved 1093632K
  class space    used 6242K, capacity 6624K, committed 6652K, reserved 1048576K
2022-08-07T09:30:44.573+0000: 14.423: [GC (Allocation Failure) 2022-08-07T09:30:44.573+0000: 14.423: [ParNew: 17993K->1132K(19008K), 0.0081445 secs] 49308K->32447K(78356K), 0.0089858 secs] [Times: user=0.01 sys=0.00, real=0.01 secs] 
Heap after GC invocations=130 (full 10):
 par new generation   total 19008K, used 1132K [0x00000000c2600000, 0x00000000c3aa0000, 0x00000000d6e00000)
  eden space 16896K,   0% used [0x00000000c2600000, 0x00000000c2600000, 0x00000000c3680000)
  from space 2112K,  53% used [0x00000000c3680000, 0x00000000c379b2c8, 0x00000000c3890000)
  to   space 2112K,   0% used [0x00000000c3890000, 0x00000000c3890000, 0x00000000c3aa0000)
 concurrent mark-sweep generation total 59348K, used 31314K [0x00000000d6e00000, 0x00000000da7f5000, 0x0000000100000000)
 Metaspace       used 49143K, capacity 50996K, committed 51176K, reserved 1093632K
  class space    used 6242K, capacity 6624K, committed 6652K, reserved 1048576K
}
2022-08-07T09:30:44.755+0000: 14.605: Application time: 0.1723099 seconds
{Heap before GC invocations=130 (full 10):
 par new generation   total 19008K, used 18028K [0x00000000c2600000, 0x00000000c3aa0000, 0x00000000d6e00000)
  eden space 16896K, 100% used [0x00000000c2600000, 0x00000000c3680000, 0x00000000c3680000)
  from space 2112K,  53% used [0x00000000c3680000, 0x00000000c379b2c8, 0x00000000c3890000)
  to   space 2112K,   0% used [0x00000000c3890000, 0x00000000c3890000, 0x00000000c3aa0000)
 concurrent mark-sweep generation total 59348K, used 31314K [0x00000000d6e00000, 0x00000000da7f5000, 0x0000000100000000)
 Metaspace       used 49587K, capacity 51450K, committed 51816K, reserved 1093632K
  class space    used 6293K, capacity 6689K, committed 6780K, reserved 1048576K
2022-08-07T09:30:44.756+0000: 14.606: [GC (Allocation Failure) 2022-08-07T09:30:44.756+0000: 14.606: [ParNew: 18028K->1732K(19008K), 0.0059770 secs] 49343K->33047K(78356K), 0.0066956 secs] [Times: user=0.00 sys=0.01, real=0.01 secs] 
Heap after GC invocations=131 (full 10):
 par new generation   total 19008K, used 1732K [0x00000000c2600000, 0x00000000c3aa0000, 0x00000000d6e00000)
  eden space 16896K,   0% used [0x00000000c2600000, 0x00000000c2600000, 0x00000000c3680000)
  from space 2112K,  82% used [0x00000000c3890000, 0x00000000c3a412e8, 0x00000000c3aa0000)
  to   space 2112K,   0% used [0x00000000c3680000, 0x00000000c3680000, 0x00000000c3890000)
 concurrent mark-sweep generation total 59348K, used 31314K [0x00000000d6e00000, 0x00000000da7f5000, 0x0000000100000000)
 Metaspace       used 49587K, capacity 51450K, committed 51816K, reserved 1093632K
  class space    used 6293K, capacity 6689K, committed 6780K, reserved 1048576K
}
2022-08-07T09:30:44.874+0000: 14.724: Application time: 0.1110283 seconds
{Heap before GC invocations=131 (full 10):
 par new generation   total 19008K, used 18628K [0x00000000c2600000, 0x00000000c3aa0000, 0x00000000d6e00000)
  eden space 16896K, 100% used [0x00000000c2600000, 0x00000000c3680000, 0x00000000c3680000)
  from space 2112K,  82% used [0x00000000c3890000, 0x00000000c3a412e8, 0x00000000c3aa0000)
  to   space 2112K,   0% used [0x00000000c3680000, 0x00000000c3680000, 0x00000000c3890000)
 concurrent mark-sweep generation total 59348K, used 31314K [0x00000000d6e00000, 0x00000000da7f5000, 0x0000000100000000)
 Metaspace       used 49960K, capacity 51802K, committed 52072K, reserved 1095680K
  class space    used 6347K, capacity 6721K, committed 6780K, reserved 1048576K
2022-08-07T09:30:44.875+0000: 14.725: [GC (Allocation Failure) 2022-08-07T09:30:44.875+0000: 14.725: [ParNew: 18628K->1406K(19008K), 0.0095902 secs] 49943K->33130K(78356K), 0.0104189 secs] [Times: user=0.01 sys=0.01, real=0.01 secs] 
Heap after GC invocations=132 (full 10):
 par new generation   total 19008K, used 1406K [0x00000000c2600000, 0x00000000c3aa0000, 0x00000000d6e00000)
  eden space 16896K,   0% used [0x00000000c2600000, 0x00000000c2600000, 0x00000000c3680000)
  from space 2112K,  66% used [0x00000000c3680000, 0x00000000c37df958, 0x00000000c3890000)
  to   space 2112K,   0% used [0x00000000c3890000, 0x00000000c3890000, 0x00000000c3aa0000)
 concurrent mark-sweep generation total 59348K, used 31724K [0x00000000d6e00000, 0x00000000da7f5000, 0x0000000100000000)
 Metaspace       used 49960K, capacity 51802K, committed 52072K, reserved 1095680K
  class space    used 6347K, capacity 6721K, committed 6780K, reserved 1048576K
}
2022-08-07T09:30:44.968+0000: 14.818: Application time: 0.0811477 seconds
{Heap before GC invocations=132 (full 10):
 par new generation   total 19008K, used 18302K [0x00000000c2600000, 0x00000000c3aa0000, 0x00000000d6e00000)
  eden space 16896K, 100% used [0x00000000c2600000, 0x00000000c3680000, 0x00000000c3680000)
  from space 2112K,  66% used [0x00000000c3680000, 0x00000000c37df958, 0x00000000c3890000)
  to   space 2112K,   0% used [0x00000000c3890000, 0x00000000c3890000, 0x00000000c3aa0000)
 concurrent mark-sweep generation total 59348K, used 31724K [0x00000000d6e00000, 0x00000000da7f5000, 0x0000000100000000)
 Metaspace       used 50224K, capacity 52090K, committed 52328K, reserved 1095680K
  class space    used 6375K, capacity 6753K, committed 6780K, reserved 1048576K
2022-08-07T09:30:44.968+0000: 14.818: [GC (Allocation Failure) 2022-08-07T09:30:44.969+0000: 14.819: [ParNew: 18302K->908K(19008K), 0.0042675 secs] 50026K->32633K(78356K), 0.0049116 secs] [Times: user=0.01 sys=0.00, real=0.01 secs] 
Heap after GC invocations=133 (full 10):
 par new generation   total 19008K, used 908K [0x00000000c2600000, 0x00000000c3aa0000, 0x00000000d6e00000)
  eden space 16896K,   0% used [0x00000000c2600000, 0x00000000c2600000, 0x00000000c3680000)
  from space 2112K,  43% used [0x00000000c3890000, 0x00000000c3973200, 0x00000000c3aa0000)
  to   space 2112K,   0% used [0x00000000c3680000, 0x00000000c3680000, 0x00000000c3890000)
 concurrent mark-sweep generation total 59348K, used 31724K [0x00000000d6e00000, 0x00000000da7f5000, 0x0000000100000000)
 Metaspace       used 50224K, capacity 52090K, committed 52328K, reserved 1095680K
  class space    used 6375K, capacity 6753K, committed 6780K, reserved 1048576K
}
2022-08-07T09:30:45.063+0000: 14.913: Application time: 0.0889398 seconds
{Heap before GC invocations=133 (full 10):
 par new generation   total 19008K, used 17804K [0x00000000c2600000, 0x00000000c3aa0000, 0x00000000d6e00000)
  eden space 16896K, 100% used [0x00000000c2600000, 0x00000000c3680000, 0x00000000c3680000)
  from space 2112K,  43% used [0x00000000c3890000, 0x00000000c3973200, 0x00000000c3aa0000)
  to   space 2112K,   0% used [0x00000000c3680000, 0x00000000c3680000, 0x00000000c3890000)
 concurrent mark-sweep generation total 59348K, used 31724K [0x00000000d6e00000, 0x00000000da7f5000, 0x0000000100000000)
 Metaspace       used 50624K, capacity 52442K, committed 52712K, reserved 1095680K
  class space    used 6416K, capacity 6785K, committed 6908K, reserved 1048576K
2022-08-07T09:30:45.064+0000: 14.914: [GC (Allocation Failure) 2022-08-07T09:30:45.064+0000: 14.914: [ParNew: 17804K->1228K(19008K), 0.0042235 secs] 49529K->32952K(78356K), 0.0048061 secs] [Times: user=0.01 sys=0.00, real=0.00 secs] 
Heap after GC invocations=134 (full 10):
 par new generation   total 19008K, used 1228K [0x00000000c2600000, 0x00000000c3aa0000, 0x00000000d6e00000)
  eden space 16896K,   0% used [0x00000000c2600000, 0x00000000c2600000, 0x00000000c3680000)
  from space 2112K,  58% used [0x00000000c3680000, 0x00000000c37b3130, 0x00000000c3890000)
  to   space 2112K,   0% used [0x00000000c3890000, 0x00000000c3890000, 0x00000000c3aa0000)
 concurrent mark-sweep generation total 59348K, used 31724K [0x00000000d6e00000, 0x00000000da7f5000, 0x0000000100000000)
 Metaspace       used 50624K, capacity 52442K, committed 52712K, reserved 1095680K
  class space    used 6416K, capacity 6785K, committed 6908K, reserved 1048576K
}
2022-08-07T09:30:45.218+0000: 15.068: Application time: 0.1488064 seconds
{Heap before GC invocations=134 (full 10):
 par new generation   total 19008K, used 18124K [0x00000000c2600000, 0x00000000c3aa0000, 0x00000000d6e00000)
  eden space 16896K, 100% used [0x00000000c2600000, 0x00000000c3680000, 0x00000000c3680000)
  from space 2112K,  58% used [0x00000000c3680000, 0x00000000c37b3130, 0x00000000c3890000)
  to   space 2112K,   0% used [0x00000000c3890000, 0x00000000c3890000, 0x00000000c3aa0000)
 concurrent mark-sweep generation total 59348K, used 31724K [0x00000000d6e00000, 0x00000000da7f5000, 0x0000000100000000)
 Metaspace       used 50924K, capacity 52818K, committed 53224K, reserved 1095680K
  class space    used 6462K, capacity 6841K, committed 6908K, reserved 1048576K
2022-08-07T09:30:45.219+0000: 15.069: [GC (Allocation Failure) 2022-08-07T09:30:45.219+0000: 15.069: [ParNew: 18124K->1301K(19008K), 0.0039129 secs] 49848K->33026K(78356K), 0.0044851 secs] [Times: user=0.01 sys=0.00, real=0.01 secs] 
Heap after GC invocations=135 (full 10):
 par new generation   total 19008K, used 1301K [0x00000000c2600000, 0x00000000c3aa0000, 0x00000000d6e00000)
  eden space 16896K,   0% used [0x00000000c2600000, 0x00000000c2600000, 0x00000000c3680000)
  from space 2112K,  61% used [0x00000000c3890000, 0x00000000c39d5680, 0x00000000c3aa0000)
  to   space 2112K,   0% used [0x00000000c3680000, 0x00000000c3680000, 0x00000000c3890000)
 concurrent mark-sweep generation total 59348K, used 31724K [0x00000000d6e00000, 0x00000000da7f5000, 0x0000000100000000)
 Metaspace       used 50924K, capacity 52818K, committed 53224K, reserved 1095680K
  class space    used 6462K, capacity 6841K, committed 6908K, reserved 1048576K
}
2022-08-07T09:30:45.336+0000: 15.186: Application time: 0.1125699 seconds
{Heap before GC invocations=135 (full 10):
 par new generation   total 19008K, used 18197K [0x00000000c2600000, 0x00000000c3aa0000, 0x00000000d6e00000)
  eden space 16896K, 100% used [0x00000000c2600000, 0x00000000c3680000, 0x00000000c3680000)
  from space 2112K,  61% used [0x00000000c3890000, 0x00000000c39d5680, 0x00000000c3aa0000)
  to   space 2112K,   0% used [0x00000000c3680000, 0x00000000c3680000, 0x00000000c3890000)
 concurrent mark-sweep generation total 59348K, used 31724K [0x00000000d6e00000, 0x00000000da7f5000, 0x0000000100000000)
 Metaspace       used 51276K, capacity 53226K, committed 53480K, reserved 1095680K
  class space    used 6518K, capacity 6907K, committed 6908K, reserved 1048576K
2022-08-07T09:30:45.337+0000: 15.187: [GC (Allocation Failure) 2022-08-07T09:30:45.337+0000: 15.187: [ParNew: 18197K->1773K(19008K), 0.0031274 secs] 49922K->33641K(78356K), 0.0037710 secs] [Times: user=0.01 sys=0.00, real=0.01 secs] 
Heap after GC invocations=136 (full 10):
 par new generation   total 19008K, used 1773K [0x00000000c2600000, 0x00000000c3aa0000, 0x00000000d6e00000)
  eden space 16896K,   0% used [0x00000000c2600000, 0x00000000c2600000, 0x00000000c3680000)
  from space 2112K,  83% used [0x00000000c3680000, 0x00000000c383b630, 0x00000000c3890000)
  to   space 2112K,   0% used [0x00000000c3890000, 0x00000000c3890000, 0x00000000c3aa0000)
 concurrent mark-sweep generation total 59348K, used 31868K [0x00000000d6e00000, 0x00000000da7f5000, 0x0000000100000000)
 Metaspace       used 51276K, capacity 53226K, committed 53480K, reserved 1095680K
  class space    used 6518K, capacity 6907K, committed 6908K, reserved 1048576K
}
2022-08-07T09:30:45.435+0000: 15.285: Application time: 0.0932936 seconds
{Heap before GC invocations=136 (full 10):
 par new generation   total 19008K, used 18669K [0x00000000c2600000, 0x00000000c3aa0000, 0x00000000d6e00000)
  eden space 16896K, 100% used [0x00000000c2600000, 0x00000000c3680000, 0x00000000c3680000)
  from space 2112K,  83% used [0x00000000c3680000, 0x00000000c383b630, 0x00000000c3890000)
  to   space 2112K,   0% used [0x00000000c3890000, 0x00000000c3890000, 0x00000000c3aa0000)
 concurrent mark-sweep generation total 59348K, used 31868K [0x00000000d6e00000, 0x00000000da7f5000, 0x0000000100000000)
 Metaspace       used 51779K, capacity 53674K, committed 53864K, reserved 1095680K
  class space    used 6593K, capacity 6971K, committed 7036K, reserved 1048576K
2022-08-07T09:30:45.435+0000: 15.285: [GC (Allocation Failure) 2022-08-07T09:30:45.436+0000: 15.286: [ParNew: 18669K->1177K(19008K), 0.0033029 secs] 50537K->33175K(78356K), 0.0040143 secs] [Times: user=0.01 sys=0.00, real=0.01 secs] 
Heap after GC invocations=137 (full 10):
 par new generation   total 19008K, used 1177K [0x00000000c2600000, 0x00000000c3aa0000, 0x00000000d6e00000)
  eden space 16896K,   0% used [0x00000000c2600000, 0x00000000c2600000, 0x00000000c3680000)
  from space 2112K,  55% used [0x00000000c3890000, 0x00000000c39b67a0, 0x00000000c3aa0000)
  to   space 2112K,   0% used [0x00000000c3680000, 0x00000000c3680000, 0x00000000c3890000)
 concurrent mark-sweep generation total 59348K, used 31997K [0x00000000d6e00000, 0x00000000da7f5000, 0x0000000100000000)
 Metaspace       used 51779K, capacity 53674K, committed 53864K, reserved 1095680K
  class space    used 6593K, capacity 6971K, committed 7036K, reserved 1048576K
}
2022-08-07T09:30:45.551+0000: 15.401: Application time: 0.1105011 seconds
{Heap before GC invocations=137 (full 10):
 par new generation   total 19008K, used 18073K [0x00000000c2600000, 0x00000000c3aa0000, 0x00000000d6e00000)
  eden space 16896K, 100% used [0x00000000c2600000, 0x00000000c3680000, 0x00000000c3680000)
  from space 2112K,  55% used [0x00000000c3890000, 0x00000000c39b67a0, 0x00000000c3aa0000)
  to   space 2112K,   0% used [0x00000000c3680000, 0x00000000c3680000, 0x00000000c3890000)
 concurrent mark-sweep generation total 59348K, used 31997K [0x00000000d6e00000, 0x00000000da7f5000, 0x0000000100000000)
 Metaspace       used 52207K, capacity 54094K, committed 54376K, reserved 1097728K
  class space    used 6634K, capacity 7005K, committed 7036K, reserved 1048576K
2022-08-07T09:30:45.552+0000: 15.402: [GC (Allocation Failure) 2022-08-07T09:30:45.552+0000: 15.402: [ParNew: 18073K->1622K(19008K), 0.0029985 secs] 50071K->33620K(78356K), 0.0039482 secs] [Times: user=0.02 sys=0.00, real=0.00 secs] 
Heap after GC invocations=138 (full 10):
 par new generation   total 19008K, used 1622K [0x00000000c2600000, 0x00000000c3aa0000, 0x00000000d6e00000)
  eden space 16896K,   0% used [0x00000000c2600000, 0x00000000c2600000, 0x00000000c3680000)
  from space 2112K,  76% used [0x00000000c3680000, 0x00000000c3815b40, 0x00000000c3890000)
  to   space 2112K,   0% used [0x00000000c3890000, 0x00000000c3890000, 0x00000000c3aa0000)
 concurrent mark-sweep generation total 59348K, used 31997K [0x00000000d6e00000, 0x00000000da7f5000, 0x0000000100000000)
 Metaspace       used 52207K, capacity 54094K, committed 54376K, reserved 1097728K
  class space    used 6634K, capacity 7005K, committed 7036K, reserved 1048576K
}
2022-08-07T09:30:45.659+0000: 15.509: Application time: 0.1028467 seconds
{Heap before GC invocations=138 (full 10):
 par new generation   total 19008K, used 18518K [0x00000000c2600000, 0x00000000c3aa0000, 0x00000000d6e00000)
  eden space 16896K, 100% used [0x00000000c2600000, 0x00000000c3680000, 0x00000000c3680000)
  from space 2112K,  76% used [0x00000000c3680000, 0x00000000c3815b40, 0x00000000c3890000)
  to   space 2112K,   0% used [0x00000000c3890000, 0x00000000c3890000, 0x00000000c3aa0000)
 concurrent mark-sweep generation total 59348K, used 31997K [0x00000000d6e00000, 0x00000000da7f5000, 0x0000000100000000)
 Metaspace       used 52647K, capacity 54550K, committed 54760K, reserved 1097728K
  class space    used 6681K, capacity 7071K, committed 7164K, reserved 1048576K
2022-08-07T09:30:45.660+0000: 15.510: [GC (Allocation Failure) 2022-08-07T09:30:45.661+0000: 15.511: [ParNew: 18518K->1683K(19008K), 0.0036743 secs] 50516K->33993K(78356K), 0.0045676 secs] [Times: user=0.02 sys=0.00, real=0.00 secs] 
Heap after GC invocations=139 (full 10):
 par new generation   total 19008K, used 1683K [0x00000000c2600000, 0x00000000c3aa0000, 0x00000000d6e00000)
  eden space 16896K,   0% used [0x00000000c2600000, 0x00000000c2600000, 0x00000000c3680000)
  from space 2112K,  79% used [0x00000000c3890000, 0x00000000c3a34f10, 0x00000000c3aa0000)
  to   space 2112K,   0% used [0x00000000c3680000, 0x00000000c3680000, 0x00000000c3890000)
 concurrent mark-sweep generation total 59348K, used 32309K [0x00000000d6e00000, 0x00000000da7f5000, 0x0000000100000000)
 Metaspace       used 52647K, capacity 54550K, committed 54760K, reserved 1097728K
  class space    used 6681K, capacity 7071K, committed 7164K, reserved 1048576K
}
2022-08-07T09:30:45.789+0000: 15.639: Application time: 0.1234658 seconds
{Heap before GC invocations=139 (full 10):
 par new generation   total 19008K, used 18579K [0x00000000c2600000, 0x00000000c3aa0000, 0x00000000d6e00000)
  eden space 16896K, 100% used [0x00000000c2600000, 0x00000000c3680000, 0x00000000c3680000)
  from space 2112K,  79% used [0x00000000c3890000, 0x00000000c3a34f10, 0x00000000c3aa0000)
  to   space 2112K,   0% used [0x00000000c3680000, 0x00000000c3680000, 0x00000000c3890000)
 concurrent mark-sweep generation total 59348K, used 32309K [0x00000000d6e00000, 0x00000000da7f5000, 0x0000000100000000)
 Metaspace       used 53021K, capacity 54902K, committed 55272K, reserved 1097728K
  class space    used 6736K, capacity 7103K, committed 7164K, reserved 1048576K
2022-08-07T09:30:45.791+0000: 15.641: [GC (Allocation Failure) 2022-08-07T09:30:45.792+0000: 15.642: [ParNew: 18579K->1790K(19008K), 0.0111876 secs] 50889K->34395K(78356K), 0.0124859 secs] [Times: user=0.01 sys=0.01, real=0.01 secs] 
Heap after GC invocations=140 (full 10):
 par new generation   total 19008K, used 1790K [0x00000000c2600000, 0x00000000c3aa0000, 0x00000000d6e00000)
  eden space 16896K,   0% used [0x00000000c2600000, 0x00000000c2600000, 0x00000000c3680000)
  from space 2112K,  84% used [0x00000000c3680000, 0x00000000c383f888, 0x00000000c3890000)
  to   space 2112K,   0% used [0x00000000c3890000, 0x00000000c3890000, 0x00000000c3aa0000)
 concurrent mark-sweep generation total 59348K, used 32605K [0x00000000d6e00000, 0x00000000da7f5000, 0x0000000100000000)
 Metaspace       used 53021K, capacity 54902K, committed 55272K, reserved 1097728K
  class space    used 6736K, capacity 7103K, committed 7164K, reserved 1048576K
}
2022-08-07T09:30:45.920+0000: 15.770: Application time: 0.1157893 seconds
{Heap before GC invocations=140 (full 10):
 par new generation   total 19008K, used 18686K [0x00000000c2600000, 0x00000000c3aa0000, 0x00000000d6e00000)
  eden space 16896K, 100% used [0x00000000c2600000, 0x00000000c3680000, 0x00000000c3680000)
  from space 2112K,  84% used [0x00000000c3680000, 0x00000000c383f888, 0x00000000c3890000)
  to   space 2112K,   0% used [0x00000000c3890000, 0x00000000c3890000, 0x00000000c3aa0000)
 concurrent mark-sweep generation total 59348K, used 32605K [0x00000000d6e00000, 0x00000000da7f5000, 0x0000000100000000)
 Metaspace       used 53190K, capacity 55130K, committed 55528K, reserved 1097728K
  class space    used 6762K, capacity 7137K, committed 7164K, reserved 1048576K
2022-08-07T09:30:45.921+0000: 15.771: [GC (Allocation Failure) 2022-08-07T09:30:45.921+0000: 15.771: [ParNew: 18686K->1772K(19008K), 0.0036283 secs] 51291K->34532K(78356K), 0.0043502 secs] [Times: user=0.01 sys=0.00, real=0.00 secs] 
Heap after GC invocations=141 (full 10):
 par new generation   total 19008K, used 1772K [0x00000000c2600000, 0x00000000c3aa0000, 0x00000000d6e00000)
  eden space 16896K,   0% used [0x00000000c2600000, 0x00000000c2600000, 0x00000000c3680000)
  from space 2112K,  83% used [0x00000000c3890000, 0x00000000c3a4b2b8, 0x00000000c3aa0000)
  to   space 2112K,   0% used [0x00000000c3680000, 0x00000000c3680000, 0x00000000c3890000)
 concurrent mark-sweep generation total 59348K, used 32759K [0x00000000d6e00000, 0x00000000da7f5000, 0x0000000100000000)
 Metaspace       used 53190K, capacity 55130K, committed 55528K, reserved 1097728K
  class space    used 6762K, capacity 7137K, committed 7164K, reserved 1048576K
}
2022-08-07T09:30:46.031+0000: 15.881: Application time: 0.1049876 seconds
{Heap before GC invocations=141 (full 10):
 par new generation   total 19008K, used 18668K [0x00000000c2600000, 0x00000000c3aa0000, 0x00000000d6e00000)
  eden space 16896K, 100% used [0x00000000c2600000, 0x00000000c3680000, 0x00000000c3680000)
  from space 2112K,  83% used [0x00000000c3890000, 0x00000000c3a4b2b8, 0x00000000c3aa0000)
  to   space 2112K,   0% used [0x00000000c3680000, 0x00000000c3680000, 0x00000000c3890000)
 concurrent mark-sweep generation total 59348K, used 32759K [0x00000000d6e00000, 0x00000000da7f5000, 0x0000000100000000)
 Metaspace       used 53417K, capacity 55374K, committed 55656K, reserved 1097728K
  class space    used 6782K, capacity 7173K, committed 7292K, reserved 1048576K
2022-08-07T09:30:46.032+0000: 15.882: [GC (Allocation Failure) 2022-08-07T09:30:46.033+0000: 15.883: [ParNew: 18668K->1731K(19008K), 0.0037231 secs] 51428K->34750K(78356K), 0.0046335 secs] [Times: user=0.02 sys=0.00, real=0.00 secs] 
Heap after GC invocations=142 (full 10):
 par new generation   total 19008K, used 1731K [0x00000000c2600000, 0x00000000c3aa0000, 0x00000000d6e00000)
  eden space 16896K,   0% used [0x00000000c2600000, 0x00000000c2600000, 0x00000000c3680000)
  from space 2112K,  81% used [0x00000000c3680000, 0x00000000c3830e38, 0x00000000c3890000)
  to   space 2112K,   0% used [0x00000000c3890000, 0x00000000c3890000, 0x00000000c3aa0000)
 concurrent mark-sweep generation total 59348K, used 33019K [0x00000000d6e00000, 0x00000000da7f5000, 0x0000000100000000)
 Metaspace       used 53417K, capacity 55374K, committed 55656K, reserved 1097728K
  class space    used 6782K, capacity 7173K, committed 7292K, reserved 1048576K
}
2022-08-07T09:30:46.134+0000: 15.984: Application time: 0.0963283 seconds
2022-08-07T09:30:46.135+0000: 15.985: Application time: 0.0001375 seconds
2022-08-07T09:30:46.153+0000: 16.003: Application time: 0.0179827 seconds
{Heap before GC invocations=142 (full 10):
 par new generation   total 19008K, used 18627K [0x00000000c2600000, 0x00000000c3aa0000, 0x00000000d6e00000)
  eden space 16896K, 100% used [0x00000000c2600000, 0x00000000c3680000, 0x00000000c3680000)
  from space 2112K,  81% used [0x00000000c3680000, 0x00000000c3830e38, 0x00000000c3890000)
  to   space 2112K,   0% used [0x00000000c3890000, 0x00000000c3890000, 0x00000000c3aa0000)
 concurrent mark-sweep generation total 59348K, used 33019K [0x00000000d6e00000, 0x00000000da7f5000, 0x0000000100000000)
 Metaspace       used 53768K, capacity 55748K, committed 56168K, reserved 1097728K
  class space    used 6815K, capacity 7212K, committed 7292K, reserved 1048576K
2022-08-07T09:30:46.155+0000: 16.005: [GC (Allocation Failure) 2022-08-07T09:30:46.155+0000: 16.005: [ParNew: 18627K->1911K(19008K), 0.0033452 secs] 51646K->35217K(78356K), 0.0040083 secs] [Times: user=0.01 sys=0.00, real=0.01 secs] 
Heap after GC invocations=143 (full 10):
 par new generation   total 19008K, used 1911K [0x00000000c2600000, 0x00000000c3aa0000, 0x00000000d6e00000)
  eden space 16896K,   0% used [0x00000000c2600000, 0x00000000c2600000, 0x00000000c3680000)
  from space 2112K,  90% used [0x00000000c3890000, 0x00000000c3a6dc20, 0x00000000c3aa0000)
  to   space 2112K,   0% used [0x00000000c3680000, 0x00000000c3680000, 0x00000000c3890000)
 concurrent mark-sweep generation total 59348K, used 33306K [0x00000000d6e00000, 0x00000000da7f5000, 0x0000000100000000)
 Metaspace       used 53768K, capacity 55748K, committed 56168K, reserved 1097728K
  class space    used 6815K, capacity 7212K, committed 7292K, reserved 1048576K
}
2022-08-07T09:30:46.209+0000: 16.059: Application time: 0.0490139 seconds
2022-08-07T09:30:46.265+0000: 16.115: Application time: 0.0560040 seconds
{Heap before GC invocations=143 (full 10):
 par new generation   total 19008K, used 18807K [0x00000000c2600000, 0x00000000c3aa0000, 0x00000000d6e00000)
  eden space 16896K, 100% used [0x00000000c2600000, 0x00000000c3680000, 0x00000000c3680000)
  from space 2112K,  90% used [0x00000000c3890000, 0x00000000c3a6dc20, 0x00000000c3aa0000)
  to   space 2112K,   0% used [0x00000000c3680000, 0x00000000c3680000, 0x00000000c3890000)
 concurrent mark-sweep generation total 59348K, used 33306K [0x00000000d6e00000, 0x00000000da7f5000, 0x0000000100000000)
 Metaspace       used 54262K, capacity 56218K, committed 56424K, reserved 1097728K
  class space    used 6880K, capacity 7283K, committed 7292K, reserved 1048576K
2022-08-07T09:30:46.269+0000: 16.119: [GC (Allocation Failure) 2022-08-07T09:30:46.270+0000: 16.120: [ParNew: 18807K->1621K(19008K), 0.0046033 secs] 52113K->35153K(78356K), 0.0054475 secs] [Times: user=0.01 sys=0.00, real=0.00 secs] 
Heap after GC invocations=144 (full 10):
 par new generation   total 19008K, used 1621K [0x00000000c2600000, 0x00000000c3aa0000, 0x00000000d6e00000)
  eden space 16896K,   0% used [0x00000000c2600000, 0x00000000c2600000, 0x00000000c3680000)
  from space 2112K,  76% used [0x00000000c3680000, 0x00000000c3815410, 0x00000000c3890000)
  to   space 2112K,   0% used [0x00000000c3890000, 0x00000000c3890000, 0x00000000c3aa0000)
 concurrent mark-sweep generation total 59348K, used 33532K [0x00000000d6e00000, 0x00000000da7f5000, 0x0000000100000000)
 Metaspace       used 54262K, capacity 56218K, committed 56424K, reserved 1097728K
  class space    used 6880K, capacity 7283K, committed 7292K, reserved 1048576K
}
2022-08-07T09:30:46.368+0000: 16.218: Application time: 0.0922855 seconds
{Heap before GC invocations=144 (full 10):
 par new generation   total 19008K, used 18517K [0x00000000c2600000, 0x00000000c3aa0000, 0x00000000d6e00000)
  eden space 16896K, 100% used [0x00000000c2600000, 0x00000000c3680000, 0x00000000c3680000)
  from space 2112K,  76% used [0x00000000c3680000, 0x00000000c3815410, 0x00000000c3890000)
  to   space 2112K,   0% used [0x00000000c3890000, 0x00000000c3890000, 0x00000000c3aa0000)
 concurrent mark-sweep generation total 59348K, used 33532K [0x00000000d6e00000, 0x00000000da7f5000, 0x0000000100000000)
 Metaspace       used 54667K, capacity 56674K, committed 57064K, reserved 1099776K
  class space    used 6933K, capacity 7325K, committed 7420K, reserved 1048576K
2022-08-07T09:30:46.369+0000: 16.219: [GC (Allocation Failure) 2022-08-07T09:30:46.369+0000: 16.219: [ParNew: 18517K->1469K(19008K), 0.0027404 secs] 52049K->35001K(78356K), 0.0033654 secs] [Times: user=0.00 sys=0.00, real=0.01 secs] 
Heap after GC invocations=145 (full 10):
 par new generation   total 19008K, used 1469K [0x00000000c2600000, 0x00000000c3aa0000, 0x00000000d6e00000)
  eden space 16896K,   0% used [0x00000000c2600000, 0x00000000c2600000, 0x00000000c3680000)
  from space 2112K,  69% used [0x00000000c3890000, 0x00000000c39ff5d0, 0x00000000c3aa0000)
  to   space 2112K,   0% used [0x00000000c3680000, 0x00000000c3680000, 0x00000000c3890000)
 concurrent mark-sweep generation total 59348K, used 33532K [0x00000000d6e00000, 0x00000000da7f5000, 0x0000000100000000)
 Metaspace       used 54667K, capacity 56674K, committed 57064K, reserved 1099776K
  class space    used 6933K, capacity 7325K, committed 7420K, reserved 1048576K
}
2022-08-07T09:30:46.545+0000: 16.429: Application time: 0.2068027 seconds
2022-08-07T09:30:46.574+0000: 16.458: Application time: 0.0269685 seconds
{Heap before GC invocations=145 (full 10):
 par new generation   total 19008K, used 18365K [0x00000000c2600000, 0x00000000c3aa0000, 0x00000000d6e00000)
  eden space 16896K, 100% used [0x00000000c2600000, 0x00000000c3680000, 0x00000000c3680000)
  from space 2112K,  69% used [0x00000000c3890000, 0x00000000c39ff5d0, 0x00000000c3aa0000)
  to   space 2112K,   0% used [0x00000000c3680000, 0x00000000c3680000, 0x00000000c3890000)
 concurrent mark-sweep generation total 59348K, used 33532K [0x00000000d6e00000, 0x00000000da7f5000, 0x0000000100000000)
 Metaspace       used 55140K, capacity 57386K, committed 57704K, reserved 1099776K
  class space    used 7022K, capacity 7441K, committed 7548K, reserved 1048576K
2022-08-07T09:30:46.575+0000: 16.459: [GC (Allocation Failure) 2022-08-07T09:30:46.576+0000: 16.460: [ParNew: 18365K->1238K(19008K), 0.0076293 secs] 51897K->35121K(78356K), 0.0088399 secs] [Times: user=0.03 sys=0.00, real=0.01 secs] 
Heap after GC invocations=146 (full 10):
 par new generation   total 19008K, used 1238K [0x00000000c2600000, 0x00000000c3aa0000, 0x00000000d6e00000)
  eden space 16896K,   0% used [0x00000000c2600000, 0x00000000c2600000, 0x00000000c3680000)
  from space 2112K,  58% used [0x00000000c3680000, 0x00000000c37b5bd8, 0x00000000c3890000)
  to   space 2112K,   0% used [0x00000000c3890000, 0x00000000c3890000, 0x00000000c3aa0000)
 concurrent mark-sweep generation total 59348K, used 33882K [0x00000000d6e00000, 0x00000000da7f5000, 0x0000000100000000)
 Metaspace       used 55140K, capacity 57386K, committed 57704K, reserved 1099776K
  class space    used 7022K, capacity 7441K, committed 7548K, reserved 1048576K
}
2022-08-07T09:30:46.806+0000: 16.690: Application time: 0.2197592 seconds
2022-08-07T09:30:46.807+0000: 16.691: Application time: 0.0009526 seconds
2022-08-07T09:30:46.864+0000: 16.748: Application time: 0.0559795 seconds
{Heap before GC invocations=146 (full 10):
 par new generation   total 19008K, used 18134K [0x00000000c2600000, 0x00000000c3aa0000, 0x00000000d6e00000)
  eden space 16896K, 100% used [0x00000000c2600000, 0x00000000c3680000, 0x00000000c3680000)
  from space 2112K,  58% used [0x00000000c3680000, 0x00000000c37b5bd8, 0x00000000c3890000)
  to   space 2112K,   0% used [0x00000000c3890000, 0x00000000c3890000, 0x00000000c3aa0000)
 concurrent mark-sweep generation total 59348K, used 33882K [0x00000000d6e00000, 0x00000000da7f5000, 0x0000000100000000)
 Metaspace       used 55675K, capacity 57982K, committed 58344K, reserved 1099776K
  class space    used 7104K, capacity 7561K, committed 7676K, reserved 1048576K
2022-08-07T09:30:46.865+0000: 16.749: [GC (Allocation Failure) 2022-08-07T09:30:46.866+0000: 16.750: [ParNew: 18134K->1636K(19008K), 0.0158461 secs] 52017K->35519K(78356K), 0.0179299 secs] [Times: user=0.04 sys=0.00, real=0.02 secs] 
Heap after GC invocations=147 (full 10):
 par new generation   total 19008K, used 1636K [0x00000000c2600000, 0x00000000c3aa0000, 0x00000000d6e00000)
  eden space 16896K,   0% used [0x00000000c2600000, 0x00000000c2600000, 0x00000000c3680000)
  from space 2112K,  77% used [0x00000000c3890000, 0x00000000c3a292e0, 0x00000000c3aa0000)
  to   space 2112K,   0% used [0x00000000c3680000, 0x00000000c3680000, 0x00000000c3890000)
 concurrent mark-sweep generation total 59348K, used 33882K [0x00000000d6e00000, 0x00000000da7f5000, 0x0000000100000000)
 Metaspace       used 55675K, capacity 57982K, committed 58344K, reserved 1099776K
  class space    used 7104K, capacity 7561K, committed 7676K, reserved 1048576K
}
2022-08-07T09:30:47.117+0000: 17.001: Application time: 0.2293538 seconds
{Heap before GC invocations=147 (full 10):
 par new generation   total 19008K, used 18532K [0x00000000c2600000, 0x00000000c3aa0000, 0x00000000d6e00000)
  eden space 16896K, 100% used [0x00000000c2600000, 0x00000000c3680000, 0x00000000c3680000)
  from space 2112K,  77% used [0x00000000c3890000, 0x00000000c3a292e0, 0x00000000c3aa0000)
  to   space 2112K,   0% used [0x00000000c3680000, 0x00000000c3680000, 0x00000000c3890000)
 concurrent mark-sweep generation total 59348K, used 33882K [0x00000000d6e00000, 0x00000000da7f5000, 0x0000000100000000)
 Metaspace       used 56297K, capacity 58660K, committed 58856K, reserved 1099776K
  class space    used 7193K, capacity 7648K, committed 7676K, reserved 1048576K
2022-08-07T09:30:47.118+0000: 17.002: [GC (Allocation Failure) 2022-08-07T09:30:47.119+0000: 17.002: [ParNew: 18532K->1210K(19008K), 0.0063456 secs] 52415K->35336K(78356K), 0.0072457 secs] [Times: user=0.02 sys=0.00, real=0.01 secs] 
Heap after GC invocations=148 (full 10):
 par new generation   total 19008K, used 1210K [0x00000000c2600000, 0x00000000c3aa0000, 0x00000000d6e00000)
  eden space 16896K,   0% used [0x00000000c2600000, 0x00000000c2600000, 0x00000000c3680000)
  from space 2112K,  57% used [0x00000000c3680000, 0x00000000c37aeb58, 0x00000000c3890000)
  to   space 2112K,   0% used [0x00000000c3890000, 0x00000000c3890000, 0x00000000c3aa0000)
 concurrent mark-sweep generation total 59348K, used 34125K [0x00000000d6e00000, 0x00000000da7f5000, 0x0000000100000000)
 Metaspace       used 56297K, capacity 58660K, committed 58856K, reserved 1099776K
  class space    used 7193K, capacity 7648K, committed 7676K, reserved 1048576K
}
2022-08-07T09:30:47.144+0000: 17.028: Application time: 0.0180215 seconds
2022-08-07T09:30:47.145+0000: 17.029: Application time: 0.0003153 seconds
2022-08-07T09:30:47.320+0000: 17.203: Application time: 0.1743329 seconds
{Heap before GC invocations=148 (full 10):
 par new generation   total 19008K, used 18106K [0x00000000c2600000, 0x00000000c3aa0000, 0x00000000d6e00000)
  eden space 16896K, 100% used [0x00000000c2600000, 0x00000000c3680000, 0x00000000c3680000)
  from space 2112K,  57% used [0x00000000c3680000, 0x00000000c37aeb58, 0x00000000c3890000)
  to   space 2112K,   0% used [0x00000000c3890000, 0x00000000c3890000, 0x00000000c3aa0000)
 concurrent mark-sweep generation total 59348K, used 34125K [0x00000000d6e00000, 0x00000000da7f5000, 0x0000000100000000)
 Metaspace       used 56543K, capacity 58930K, committed 59240K, reserved 1101824K
  class space    used 7218K, capacity 7687K, committed 7804K, reserved 1048576K
2022-08-07T09:30:47.320+0000: 17.204: [GC (Allocation Failure) 2022-08-07T09:30:47.321+0000: 17.204: [ParNew: 18106K->1891K(19008K), 0.0083039 secs] 52232K->36137K(78356K), 0.0090199 secs] [Times: user=0.03 sys=0.01, real=0.01 secs] 
Heap after GC invocations=149 (full 10):
 par new generation   total 19008K, used 1891K [0x00000000c2600000, 0x00000000c3aa0000, 0x00000000d6e00000)
  eden space 16896K,   0% used [0x00000000c2600000, 0x00000000c2600000, 0x00000000c3680000)
  from space 2112K,  89% used [0x00000000c3890000, 0x00000000c3a68ef8, 0x00000000c3aa0000)
  to   space 2112K,   0% used [0x00000000c3680000, 0x00000000c3680000, 0x00000000c3890000)
 concurrent mark-sweep generation total 59348K, used 34246K [0x00000000d6e00000, 0x00000000da7f5000, 0x0000000100000000)
 Metaspace       used 56543K, capacity 58930K, committed 59240K, reserved 1101824K
  class space    used 7218K, capacity 7687K, committed 7804K, reserved 1048576K
}
2022-08-07T09:30:47.473+0000: 17.357: Application time: 0.1433463 seconds
{Heap before GC invocations=149 (full 10):
 par new generation   total 19008K, used 18787K [0x00000000c2600000, 0x00000000c3aa0000, 0x00000000d6e00000)
  eden space 16896K, 100% used [0x00000000c2600000, 0x00000000c3680000, 0x00000000c3680000)
  from space 2112K,  89% used [0x00000000c3890000, 0x00000000c3a68ef8, 0x00000000c3aa0000)
  to   space 2112K,   0% used [0x00000000c3680000, 0x00000000c3680000, 0x00000000c3890000)
 concurrent mark-sweep generation total 59348K, used 34246K [0x00000000d6e00000, 0x00000000da7f5000, 0x0000000100000000)
 Metaspace       used 57100K, capacity 59570K, committed 59752K, reserved 1101824K
  class space    used 7277K, capacity 7723K, committed 7804K, reserved 1048576K
2022-08-07T09:30:47.474+0000: 17.358: [GC (Allocation Failure) 2022-08-07T09:30:47.475+0000: 17.358: [ParNew: 18787K->1750K(19008K), 0.0076324 secs] 53033K->36461K(78356K), 0.0083923 secs] [Times: user=0.02 sys=0.01, real=0.01 secs] 
Heap after GC invocations=150 (full 10):
 par new generation   total 19008K, used 1750K [0x00000000c2600000, 0x00000000c3aa0000, 0x00000000d6e00000)
  eden space 16896K,   0% used [0x00000000c2600000, 0x00000000c2600000, 0x00000000c3680000)
  from space 2112K,  82% used [0x00000000c3680000, 0x00000000c3835a08, 0x00000000c3890000)
  to   space 2112K,   0% used [0x00000000c3890000, 0x00000000c3890000, 0x00000000c3aa0000)
 concurrent mark-sweep generation total 59348K, used 34711K [0x00000000d6e00000, 0x00000000da7f5000, 0x0000000100000000)
 Metaspace       used 57100K, capacity 59570K, committed 59752K, reserved 1101824K
  class space    used 7277K, capacity 7723K, committed 7804K, reserved 1048576K
}
2022-08-07T09:30:47.499+0000: 17.382: Application time: 0.0151139 seconds
2022-08-07T09:30:47.510+0000: 17.394: Application time: 0.0115502 seconds
2022-08-07T09:30:47.606+0000: 17.490: Application time: 0.0943871 seconds
{Heap before GC invocations=150 (full 10):
 par new generation   total 19008K, used 18646K [0x00000000c2600000, 0x00000000c3aa0000, 0x00000000d6e00000)
  eden space 16896K, 100% used [0x00000000c2600000, 0x00000000c3680000, 0x00000000c3680000)
  from space 2112K,  82% used [0x00000000c3680000, 0x00000000c3835a08, 0x00000000c3890000)
  to   space 2112K,   0% used [0x00000000c3890000, 0x00000000c3890000, 0x00000000c3aa0000)
 concurrent mark-sweep generation total 59348K, used 34711K [0x00000000d6e00000, 0x00000000da7f5000, 0x0000000100000000)
 Metaspace       used 57542K, capacity 59966K, committed 60008K, reserved 1101824K
  class space    used 7328K, capacity 7789K, committed 7804K, reserved 1048576K
2022-08-07T09:30:47.607+0000: 17.490: [GC (Allocation Failure) 2022-08-07T09:30:47.607+0000: 17.491: [ParNew: 18646K->1474K(19008K), 0.0059888 secs] 53357K->36381K(78356K), 0.0068736 secs] [Times: user=0.02 sys=0.00, real=0.00 secs] 
Heap after GC invocations=151 (full 10):
 par new generation   total 19008K, used 1474K [0x00000000c2600000, 0x00000000c3aa0000, 0x00000000d6e00000)
  eden space 16896K,   0% used [0x00000000c2600000, 0x00000000c2600000, 0x00000000c3680000)
  from space 2112K,  69% used [0x00000000c3890000, 0x00000000c3a00980, 0x00000000c3aa0000)
  to   space 2112K,   0% used [0x00000000c3680000, 0x00000000c3680000, 0x00000000c3890000)
 concurrent mark-sweep generation total 59348K, used 34906K [0x00000000d6e00000, 0x00000000da7f5000, 0x0000000100000000)
 Metaspace       used 57542K, capacity 59966K, committed 60008K, reserved 1101824K
  class space    used 7328K, capacity 7789K, committed 7804K, reserved 1048576K
}
2022-08-07T09:30:47.638+0000: 17.522: Application time: 0.0241779 seconds
2022-08-07T09:30:47.820+0000: 17.704: Application time: 0.1810249 seconds
{Heap before GC invocations=151 (full 10):
 par new generation   total 19008K, used 18370K [0x00000000c2600000, 0x00000000c3aa0000, 0x00000000d6e00000)
  eden space 16896K, 100% used [0x00000000c2600000, 0x00000000c3680000, 0x00000000c3680000)
  from space 2112K,  69% used [0x00000000c3890000, 0x00000000c3a00980, 0x00000000c3aa0000)
  to   space 2112K,   0% used [0x00000000c3680000, 0x00000000c3680000, 0x00000000c3890000)
 concurrent mark-sweep generation total 59348K, used 34906K [0x00000000d6e00000, 0x00000000da7f5000, 0x0000000100000000)
 Metaspace       used 58147K, capacity 60542K, committed 60648K, reserved 1101824K
  class space    used 7409K, capacity 7853K, committed 7932K, reserved 1048576K
2022-08-07T09:30:47.821+0000: 17.705: [GC (Allocation Failure) 2022-08-07T09:30:47.831+0000: 17.715: [ParNew: 18370K->1331K(19008K), 0.0101827 secs] 53277K->36666K(78356K), 0.0204680 secs] [Times: user=0.04 sys=0.00, real=0.02 secs] 
Heap after GC invocations=152 (full 10):
 par new generation   total 19008K, used 1331K [0x00000000c2600000, 0x00000000c3aa0000, 0x00000000d6e00000)
  eden space 16896K,   0% used [0x00000000c2600000, 0x00000000c2600000, 0x00000000c3680000)
  from space 2112K,  63% used [0x00000000c3680000, 0x00000000c37cce18, 0x00000000c3890000)
  to   space 2112K,   0% used [0x00000000c3890000, 0x00000000c3890000, 0x00000000c3aa0000)
 concurrent mark-sweep generation total 59348K, used 35335K [0x00000000d6e00000, 0x00000000da7f5000, 0x0000000100000000)
 Metaspace       used 58147K, capacity 60542K, committed 60648K, reserved 1101824K
  class space    used 7409K, capacity 7853K, committed 7932K, reserved 1048576K
}
2022-08-07T09:30:48.047+0000: 17.931: Application time: 0.2052220 seconds
{Heap before GC invocations=152 (full 10):
 par new generation   total 19008K, used 18227K [0x00000000c2600000, 0x00000000c3aa0000, 0x00000000d6e00000)
  eden space 16896K, 100% used [0x00000000c2600000, 0x00000000c3680000, 0x00000000c3680000)
  from space 2112K,  63% used [0x00000000c3680000, 0x00000000c37cce18, 0x00000000c3890000)
  to   space 2112K,   0% used [0x00000000c3890000, 0x00000000c3890000, 0x00000000c3aa0000)
 concurrent mark-sweep generation total 59348K, used 35335K [0x00000000d6e00000, 0x00000000da7f5000, 0x0000000100000000)
 Metaspace       used 58472K, capacity 60932K, committed 61160K, reserved 1101824K
  class space    used 7452K, capacity 7918K, committed 7932K, reserved 1048576K
2022-08-07T09:30:48.048+0000: 17.932: [GC (Allocation Failure) 2022-08-07T09:30:48.049+0000: 17.932: [ParNew: 18227K->1573K(19008K), 0.0048870 secs] 53562K->36908K(78356K), 0.0057872 secs] [Times: user=0.02 sys=0.00, real=0.00 secs] 
Heap after GC invocations=153 (full 10):
 par new generation   total 19008K, used 1573K [0x00000000c2600000, 0x00000000c3aa0000, 0x00000000d6e00000)
  eden space 16896K,   0% used [0x00000000c2600000, 0x00000000c2600000, 0x00000000c3680000)
  from space 2112K,  74% used [0x00000000c3890000, 0x00000000c3a196d0, 0x00000000c3aa0000)
  to   space 2112K,   0% used [0x00000000c3680000, 0x00000000c3680000, 0x00000000c3890000)
 concurrent mark-sweep generation total 59348K, used 35335K [0x00000000d6e00000, 0x00000000da7f5000, 0x0000000100000000)
 Metaspace       used 58472K, capacity 60932K, committed 61160K, reserved 1101824K
  class space    used 7452K, capacity 7918K, committed 7932K, reserved 1048576K
}
2022-08-07T09:30:48.071+0000: 17.955: Application time: 0.0157396 seconds
2022-08-07T09:30:48.097+0000: 17.981: Application time: 0.0261575 seconds
2022-08-07T09:30:48.209+0000: 18.093: Application time: 0.1114498 seconds
{Heap before GC invocations=153 (full 10):
 par new generation   total 19008K, used 18469K [0x00000000c2600000, 0x00000000c3aa0000, 0x00000000d6e00000)
  eden space 16896K, 100% used [0x00000000c2600000, 0x00000000c3680000, 0x00000000c3680000)
  from space 2112K,  74% used [0x00000000c3890000, 0x00000000c3a196d0, 0x00000000c3aa0000)
  to   space 2112K,   0% used [0x00000000c3680000, 0x00000000c3680000, 0x00000000c3890000)
 concurrent mark-sweep generation total 59348K, used 35335K [0x00000000d6e00000, 0x00000000da7f5000, 0x0000000100000000)
 Metaspace       used 58771K, capacity 61214K, committed 61544K, reserved 1103872K
  class space    used 7501K, capacity 7961K, committed 8060K, reserved 1048576K
2022-08-07T09:30:48.210+0000: 18.094: [GC (Allocation Failure) 2022-08-07T09:30:48.210+0000: 18.094: [ParNew: 18469K->1615K(19008K), 0.0062839 secs] 53804K->37341K(78356K), 0.0071246 secs] [Times: user=0.02 sys=0.00, real=0.01 secs] 
Heap after GC invocations=154 (full 10):
 par new generation   total 19008K, used 1615K [0x00000000c2600000, 0x00000000c3aa0000, 0x00000000d6e00000)
  eden space 16896K,   0% used [0x00000000c2600000, 0x00000000c2600000, 0x00000000c3680000)
  from space 2112K,  76% used [0x00000000c3680000, 0x00000000c3813eb8, 0x00000000c3890000)
  to   space 2112K,   0% used [0x00000000c3890000, 0x00000000c3890000, 0x00000000c3aa0000)
 concurrent mark-sweep generation total 59348K, used 35725K [0x00000000d6e00000, 0x00000000da7f5000, 0x0000000100000000)
 Metaspace       used 58771K, capacity 61214K, committed 61544K, reserved 1103872K
  class space    used 7501K, capacity 7961K, committed 8060K, reserved 1048576K
}
2022-08-07T09:30:48.219+0000: 18.102: Application time: 0.0008651 seconds
2022-08-07T09:30:48.219+0000: 18.103: [GC (CMS Initial Mark) [1 CMS-initial-mark: 35725K(59348K)] 37366K(78356K), 0.0023484 secs] [Times: user=0.01 sys=0.01, real=0.00 secs] 
2022-08-07T09:30:48.222+0000: 18.106: [CMS-concurrent-mark-start]
2022-08-07T09:30:48.335+0000: 18.219: [CMS-concurrent-mark: 0.112/0.112 secs] [Times: user=0.29 sys=0.03, real=0.11 secs] 
2022-08-07T09:30:48.335+0000: 18.219: [CMS-concurrent-preclean-start]
2022-08-07T09:30:48.342+0000: 18.226: [CMS-concurrent-preclean: 0.005/0.007 secs] [Times: user=0.01 sys=0.01, real=0.01 secs] 
2022-08-07T09:30:48.348+0000: 18.231: [CMS-concurrent-abortable-preclean-start]
2022-08-07T09:30:48.417+0000: 18.301: Application time: 0.1948924 seconds
{Heap before GC invocations=154 (full 11):
 par new generation   total 19008K, used 18511K [0x00000000c2600000, 0x00000000c3aa0000, 0x00000000d6e00000)
  eden space 16896K, 100% used [0x00000000c2600000, 0x00000000c3680000, 0x00000000c3680000)
  from space 2112K,  76% used [0x00000000c3680000, 0x00000000c3813eb8, 0x00000000c3890000)
  to   space 2112K,   0% used [0x00000000c3890000, 0x00000000c3890000, 0x00000000c3aa0000)
 concurrent mark-sweep generation total 59348K, used 35725K [0x00000000d6e00000, 0x00000000da7f5000, 0x0000000100000000)
 Metaspace       used 59453K, capacity 61902K, committed 62056K, reserved 1103872K
  class space    used 7586K, capacity 8035K, committed 8060K, reserved 1048576K
2022-08-07T09:30:48.418+0000: 18.301: [GC (Allocation Failure) 2022-08-07T09:30:48.418+0000: 18.302: [ParNew: 18511K->1305K(19008K), 0.0049619 secs] 54237K->37031K(78356K), 0.0059389 secs] [Times: user=0.02 sys=0.00, real=0.00 secs] 
Heap after GC invocations=155 (full 11):
 par new generation   total 19008K, used 1305K [0x00000000c2600000, 0x00000000c3aa0000, 0x00000000d6e00000)
  eden space 16896K,   0% used [0x00000000c2600000, 0x00000000c2600000, 0x00000000c3680000)
  from space 2112K,  61% used [0x00000000c3890000, 0x00000000c39d6628, 0x00000000c3aa0000)
  to   space 2112K,   0% used [0x00000000c3680000, 0x00000000c3680000, 0x00000000c3890000)
 concurrent mark-sweep generation total 59348K, used 35725K [0x00000000d6e00000, 0x00000000da7f5000, 0x0000000100000000)
 Metaspace       used 59453K, capacity 61902K, committed 62056K, reserved 1103872K
  class space    used 7586K, capacity 8035K, committed 8060K, reserved 1048576K
}
2022-08-07T09:30:48.586+0000: 18.470: [CMS-concurrent-abortable-preclean: 0.057/0.239 secs] [Times: user=0.62 sys=0.10, real=0.24 secs] 
2022-08-07T09:30:48.587+0000: 18.471: Application time: 0.1623749 seconds
2022-08-07T09:30:48.588+0000: 18.472: [GC (CMS Final Remark) [YG occupancy: 18201 K (19008 K)]2022-08-07T09:30:48.588+0000: 18.472: [Rescan (parallel) , 0.0182218 secs]2022-08-07T09:30:48.608+0000: 18.492: [weak refs processing, 0.0007671 secs]2022-08-07T09:30:48.609+0000: 18.493: [class unloading, 0.0233144 secs]2022-08-07T09:30:48.633+0000: 18.517: [scrub symbol table, 0.0248364 secs]2022-08-07T09:30:48.659+0000: 18.543: [scrub string table, 0.0016485 secs][1 CMS-remark: 35725K(59348K)] 53927K(78356K), 0.0735023 secs] [Times: user=0.13 sys=0.01, real=0.07 secs] 
2022-08-07T09:30:48.663+0000: 18.546: [CMS-concurrent-sweep-start]
2022-08-07T09:30:48.673+0000: 18.557: Application time: 0.0107276 seconds
{Heap before GC invocations=155 (full 11):
 par new generation   total 19008K, used 18201K [0x00000000c2600000, 0x00000000c3aa0000, 0x00000000d6e00000)
  eden space 16896K, 100% used [0x00000000c2600000, 0x00000000c3680000, 0x00000000c3680000)
  from space 2112K,  61% used [0x00000000c3890000, 0x00000000c39d6628, 0x00000000c3aa0000)
  to   space 2112K,   0% used [0x00000000c3680000, 0x00000000c3680000, 0x00000000c3890000)
 concurrent mark-sweep generation total 59348K, used 35717K [0x00000000d6e00000, 0x00000000da7f5000, 0x0000000100000000)
 Metaspace       used 59606K, capacity 62128K, committed 62440K, reserved 1103872K
  class space    used 7600K, capacity 8078K, committed 8188K, reserved 1048576K
2022-08-07T09:30:48.673+0000: 18.557: [GC (Allocation Failure) 2022-08-07T09:30:48.674+0000: 18.557: [ParNew: 18201K->1419K(19008K), 0.0123294 secs] 53918K->37265K(78356K), 0.0133018 secs] [Times: user=0.02 sys=0.00, real=0.02 secs] 
Heap after GC invocations=156 (full 11):
 par new generation   total 19008K, used 1419K [0x00000000c2600000, 0x00000000c3aa0000, 0x00000000d6e00000)
  eden space 16896K,   0% used [0x00000000c2600000, 0x00000000c2600000, 0x00000000c3680000)
  from space 2112K,  67% used [0x00000000c3680000, 0x00000000c37e2fa8, 0x00000000c3890000)
  to   space 2112K,   0% used [0x00000000c3890000, 0x00000000c3890000, 0x00000000c3aa0000)
 concurrent mark-sweep generation total 59348K, used 35845K [0x00000000d6e00000, 0x00000000da7f5000, 0x0000000100000000)
 Metaspace       used 59606K, capacity 62128K, committed 62440K, reserved 1103872K
  class space    used 7600K, capacity 8078K, committed 8188K, reserved 1048576K
}
2022-08-07T09:30:48.710+0000: 18.594: [CMS-concurrent-sweep: 0.031/0.047 secs] [Times: user=0.09 sys=0.02, real=0.05 secs] 
2022-08-07T09:30:48.711+0000: 18.595: [CMS-concurrent-reset-start]
2022-08-07T09:30:48.712+0000: 18.596: [CMS-concurrent-reset: 0.001/0.001 secs] [Times: user=0.00 sys=0.00, real=0.00 secs] 
2022-08-07T09:30:48.871+0000: 18.755: Application time: 0.1833569 seconds
2022-08-07T09:30:49.034+0000: 18.918: Application time: 0.1615342 seconds
2022-08-07T09:30:49.045+0000: 18.929: Application time: 0.0097314 seconds
2022-08-07T09:30:49.046+0000: 18.930: Application time: 0.0004128 seconds
2022-08-07T09:30:49.052+0000: 18.936: Application time: 0.0049409 seconds
2022-08-07T09:30:49.066+0000: 18.949: Application time: 0.0119589 seconds
2022-08-07T09:30:49.070+0000: 18.953: Application time: 0.0030258 seconds
2022-08-07T09:30:49.119+0000: 19.003: Application time: 0.0344466 seconds
2022-08-07T09:30:49.123+0000: 19.007: Application time: 0.0029146 seconds
{Heap before GC invocations=156 (full 11):
 par new generation   total 19008K, used 18315K [0x00000000c2600000, 0x00000000c3aa0000, 0x00000000d6e00000)
  eden space 16896K, 100% used [0x00000000c2600000, 0x00000000c3680000, 0x00000000c3680000)
  from space 2112K,  67% used [0x00000000c3680000, 0x00000000c37e2fa8, 0x00000000c3890000)
  to   space 2112K,   0% used [0x00000000c3890000, 0x00000000c3890000, 0x00000000c3aa0000)
 concurrent mark-sweep generation total 59348K, used 35469K [0x00000000d6e00000, 0x00000000da7f5000, 0x0000000100000000)
 Metaspace       used 59805K, capacity 62332K, committed 62696K, reserved 1103872K
  class space    used 7622K, capacity 8078K, committed 8188K, reserved 1048576K
2022-08-07T09:30:49.124+0000: 19.007: [GC (Allocation Failure) 2022-08-07T09:30:49.124+0000: 19.008: [ParNew: 18315K->2112K(19008K), 0.0174914 secs] 53785K->37720K(78356K), 0.0183244 secs] [Times: user=0.04 sys=0.00, real=0.02 secs] 
Heap after GC invocations=157 (full 11):
 par new generation   total 19008K, used 2112K [0x00000000c2600000, 0x00000000c3aa0000, 0x00000000d6e00000)
  eden space 16896K,   0% used [0x00000000c2600000, 0x00000000c2600000, 0x00000000c3680000)
  from space 2112K, 100% used [0x00000000c3890000, 0x00000000c3aa0000, 0x00000000c3aa0000)
  to   space 2112K,   0% used [0x00000000c3680000, 0x00000000c3680000, 0x00000000c3890000)
 concurrent mark-sweep generation total 59348K, used 35608K [0x00000000d6e00000, 0x00000000da7f5000, 0x0000000100000000)
 Metaspace       used 59805K, capacity 62332K, committed 62696K, reserved 1103872K
  class space    used 7622K, capacity 8078K, committed 8188K, reserved 1048576K
}
2022-08-07T09:30:49.172+0000: 19.055: Application time: 0.0288861 seconds
2022-08-07T09:30:49.172+0000: 19.056: Application time: 0.0002432 seconds
2022-08-07T09:30:49.212+0000: 19.096: Application time: 0.0396038 seconds
{Heap before GC invocations=157 (full 11):
 par new generation   total 19008K, used 19008K [0x00000000c2600000, 0x00000000c3aa0000, 0x00000000d6e00000)
  eden space 16896K, 100% used [0x00000000c2600000, 0x00000000c3680000, 0x00000000c3680000)
  from space 2112K, 100% used [0x00000000c3890000, 0x00000000c3aa0000, 0x00000000c3aa0000)
  to   space 2112K,   0% used [0x00000000c3680000, 0x00000000c3680000, 0x00000000c3890000)
 concurrent mark-sweep generation total 59348K, used 35608K [0x00000000d6e00000, 0x00000000da7f5000, 0x0000000100000000)
 Metaspace       used 59818K, capacity 62332K, committed 62696K, reserved 1103872K
  class space    used 7622K, capacity 8078K, committed 8188K, reserved 1048576K
2022-08-07T09:30:49.213+0000: 19.097: [GC (Allocation Failure) 2022-08-07T09:30:49.213+0000: 19.097: [ParNew: 19008K->1727K(19008K), 0.0201429 secs] 54616K->39512K(78356K), 0.0209659 secs] [Times: user=0.06 sys=0.00, real=0.02 secs] 
Heap after GC invocations=158 (full 11):
 par new generation   total 19008K, used 1727K [0x00000000c2600000, 0x00000000c3aa0000, 0x00000000d6e00000)
  eden space 16896K,   0% used [0x00000000c2600000, 0x00000000c2600000, 0x00000000c3680000)
  from space 2112K,  81% used [0x00000000c3680000, 0x00000000c382ffc0, 0x00000000c3890000)
  to   space 2112K,   0% used [0x00000000c3890000, 0x00000000c3890000, 0x00000000c3aa0000)
 concurrent mark-sweep generation total 59348K, used 37784K [0x00000000d6e00000, 0x00000000da7f5000, 0x0000000100000000)
 Metaspace       used 59818K, capacity 62332K, committed 62696K, reserved 1103872K
  class space    used 7622K, capacity 8078K, committed 8188K, reserved 1048576K
}
2022-08-07T09:30:49.242+0000: 19.125: Application time: 0.0066532 seconds
2022-08-07T09:30:49.242+0000: 19.126: [GC (CMS Initial Mark) [1 CMS-initial-mark: 37784K(59348K)] 41224K(78356K), 0.0099895 secs] [Times: user=0.03 sys=0.01, real=0.01 secs] 
2022-08-07T09:30:49.253+0000: 19.137: [CMS-concurrent-mark-start]
2022-08-07T09:30:49.335+0000: 19.219: [CMS-concurrent-mark: 0.082/0.082 secs] [Times: user=0.23 sys=0.02, real=0.08 secs] 
2022-08-07T09:30:49.335+0000: 19.219: [CMS-concurrent-preclean-start]
2022-08-07T09:30:49.355+0000: 19.239: [CMS-concurrent-preclean: 0.016/0.019 secs] [Times: user=0.05 sys=0.02, real=0.02 secs] 
2022-08-07T09:30:49.355+0000: 19.239: [CMS-concurrent-abortable-preclean-start]
2022-08-07T09:30:49.363+0000: 19.247: Application time: 0.1098347 seconds
{Heap before GC invocations=158 (full 12):
 par new generation   total 19008K, used 18623K [0x00000000c2600000, 0x00000000c3aa0000, 0x00000000d6e00000)
  eden space 16896K, 100% used [0x00000000c2600000, 0x00000000c3680000, 0x00000000c3680000)
  from space 2112K,  81% used [0x00000000c3680000, 0x00000000c382ffc0, 0x00000000c3890000)
  to   space 2112K,   0% used [0x00000000c3890000, 0x00000000c3890000, 0x00000000c3aa0000)
 concurrent mark-sweep generation total 59348K, used 37784K [0x00000000d6e00000, 0x00000000da7f5000, 0x0000000100000000)
 Metaspace       used 59915K, capacity 62428K, committed 62696K, reserved 1103872K
  class space    used 7643K, capacity 8110K, committed 8188K, reserved 1048576K
2022-08-07T09:30:49.363+0000: 19.247: [GC (Allocation Failure) 2022-08-07T09:30:49.365+0000: 19.249: [ParNew: 18623K->642K(19008K), 0.0133644 secs] 56408K->38426K(78356K), 0.0161166 secs] [Times: user=0.03 sys=0.01, real=0.02 secs] 
Heap after GC invocations=159 (full 12):
 par new generation   total 19008K, used 642K [0x00000000c2600000, 0x00000000c3aa0000, 0x00000000d6e00000)
  eden space 16896K,   0% used [0x00000000c2600000, 0x00000000c2600000, 0x00000000c3680000)
  from space 2112K,  30% used [0x00000000c3890000, 0x00000000c39308e8, 0x00000000c3aa0000)
  to   space 2112K,   0% used [0x00000000c3680000, 0x00000000c3680000, 0x00000000c3890000)
 concurrent mark-sweep generation total 59348K, used 37784K [0x00000000d6e00000, 0x00000000da7f5000, 0x0000000100000000)
 Metaspace       used 59915K, capacity 62428K, committed 62696K, reserved 1103872K
  class space    used 7643K, capacity 8110K, committed 8188K, reserved 1048576K
}
2022-08-07T09:30:49.494+0000: 19.378: Application time: 0.1134322 seconds
{Heap before GC invocations=159 (full 12):
 par new generation   total 19008K, used 17538K [0x00000000c2600000, 0x00000000c3aa0000, 0x00000000d6e00000)
  eden space 16896K, 100% used [0x00000000c2600000, 0x00000000c3680000, 0x00000000c3680000)
  from space 2112K,  30% used [0x00000000c3890000, 0x00000000c39308e8, 0x00000000c3aa0000)
  to   space 2112K,   0% used [0x00000000c3680000, 0x00000000c3680000, 0x00000000c3890000)
 concurrent mark-sweep generation total 59348K, used 37784K [0x00000000d6e00000, 0x00000000da7f5000, 0x0000000100000000)
 Metaspace       used 60107K, capacity 62594K, committed 62696K, reserved 1103872K
  class space    used 7669K, capacity 8143K, committed 8188K, reserved 1048576K
2022-08-07T09:30:49.495+0000: 19.379: [GC (Allocation Failure) 2022-08-07T09:30:49.495+0000: 19.379: [ParNew: 17538K->1044K(19008K), 0.0046146 secs] 55322K->38828K(78356K), 0.0056378 secs] [Times: user=0.02 sys=0.00, real=0.01 secs] 
Heap after GC invocations=160 (full 12):
 par new generation   total 19008K, used 1044K [0x00000000c2600000, 0x00000000c3aa0000, 0x00000000d6e00000)
  eden space 16896K,   0% used [0x00000000c2600000, 0x00000000c2600000, 0x00000000c3680000)
  from space 2112K,  49% used [0x00000000c3680000, 0x00000000c3785238, 0x00000000c3890000)
  to   space 2112K,   0% used [0x00000000c3890000, 0x00000000c3890000, 0x00000000c3aa0000)
 concurrent mark-sweep generation total 59348K, used 37784K [0x00000000d6e00000, 0x00000000da7f5000, 0x0000000100000000)
 Metaspace       used 60107K, capacity 62594K, committed 62696K, reserved 1103872K
  class space    used 7669K, capacity 8143K, committed 8188K, reserved 1048576K
}
2022-08-07T09:30:49.631+0000: 19.514: Application time: 0.1293567 seconds
{Heap before GC invocations=160 (full 12):
 par new generation   total 19008K, used 17940K [0x00000000c2600000, 0x00000000c3aa0000, 0x00000000d6e00000)
  eden space 16896K, 100% used [0x00000000c2600000, 0x00000000c3680000, 0x00000000c3680000)
  from space 2112K,  49% used [0x00000000c3680000, 0x00000000c3785238, 0x00000000c3890000)
  to   space 2112K,   0% used [0x00000000c3890000, 0x00000000c3890000, 0x00000000c3aa0000)
 concurrent mark-sweep generation total 59348K, used 37784K [0x00000000d6e00000, 0x00000000da7f5000, 0x0000000100000000)
 Metaspace       used 60308K, capacity 62822K, committed 62952K, reserved 1103872K
  class space    used 7692K, capacity 8151K, committed 8188K, reserved 1048576K
2022-08-07T09:30:49.632+0000: 19.516: [GC (Allocation Failure) 2022-08-07T09:30:49.632+0000: 19.516: [ParNew: 17940K->1240K(19008K), 0.0045024 secs] 55724K->39025K(78356K), 0.0055358 secs] [Times: user=0.02 sys=0.00, real=0.01 secs] 
Heap after GC invocations=161 (full 12):
 par new generation   total 19008K, used 1240K [0x00000000c2600000, 0x00000000c3aa0000, 0x00000000d6e00000)
  eden space 16896K,   0% used [0x00000000c2600000, 0x00000000c2600000, 0x00000000c3680000)
  from space 2112K,  58% used [0x00000000c3890000, 0x00000000c39c63d8, 0x00000000c3aa0000)
  to   space 2112K,   0% used [0x00000000c3680000, 0x00000000c3680000, 0x00000000c3890000)
 concurrent mark-sweep generation total 59348K, used 37784K [0x00000000d6e00000, 0x00000000da7f5000, 0x0000000100000000)
 Metaspace       used 60308K, capacity 62822K, committed 62952K, reserved 1103872K
  class space    used 7692K, capacity 8151K, committed 8188K, reserved 1048576K
}
2022-08-07T09:30:49.681+0000: 19.564: [CMS-concurrent-abortable-preclean: 0.090/0.325 secs] [Times: user=0.85 sys=0.16, real=0.33 secs] 
2022-08-07T09:30:49.681+0000: 19.565: Application time: 0.0426907 seconds
2022-08-07T09:30:49.682+0000: 19.566: [GC (CMS Final Remark) [YG occupancy: 10972 K (19008 K)]2022-08-07T09:30:49.682+0000: 19.566: [Rescan (parallel) , 0.0075193 secs]2022-08-07T09:30:49.690+0000: 19.574: [weak refs processing, 0.0008729 secs]2022-08-07T09:30:49.692+0000: 19.575: [class unloading, 0.0330421 secs]2022-08-07T09:30:49.725+0000: 19.609: [scrub symbol table, 0.0427766 secs]2022-08-07T09:30:49.768+0000: 19.652: [scrub string table, 0.0019212 secs][1 CMS-remark: 37784K(59348K)] 48757K(78356K), 0.0888744 secs] [Times: user=0.15 sys=0.01, real=0.09 secs] 
2022-08-07T09:30:49.772+0000: 19.656: [CMS-concurrent-sweep-start]
2022-08-07T09:30:49.793+0000: 19.677: [CMS-concurrent-sweep: 0.021/0.021 secs] [Times: user=0.06 sys=0.02, real=0.02 secs] 
2022-08-07T09:30:49.794+0000: 19.677: [CMS-concurrent-reset-start]
2022-08-07T09:30:49.794+0000: 19.678: [CMS-concurrent-reset: 0.001/0.001 secs] [Times: user=0.00 sys=0.00, real=0.00 secs] 
2022-08-07T09:30:49.829+0000: 19.713: Application time: 0.0574089 seconds
{Heap before GC invocations=161 (full 12):
 par new generation   total 19008K, used 18136K [0x00000000c2600000, 0x00000000c3aa0000, 0x00000000d6e00000)
  eden space 16896K, 100% used [0x00000000c2600000, 0x00000000c3680000, 0x00000000c3680000)
  from space 2112K,  58% used [0x00000000c3890000, 0x00000000c39c63d8, 0x00000000c3aa0000)
  to   space 2112K,   0% used [0x00000000c3680000, 0x00000000c3680000, 0x00000000c3890000)
 concurrent mark-sweep generation total 62016K, used 37207K [0x00000000d6e00000, 0x00000000daa90000, 0x0000000100000000)
 Metaspace       used 60313K, capacity 62816K, committed 62952K, reserved 1103872K
  class space    used 7692K, capacity 8150K, committed 8188K, reserved 1048576K
2022-08-07T09:30:49.830+0000: 19.714: [GC (Allocation Failure) 2022-08-07T09:30:49.831+0000: 19.715: [ParNew: 18136K->1699K(19008K), 0.0086173 secs] 55344K->38907K(81024K), 0.0095831 secs] [Times: user=0.02 sys=0.01, real=0.01 secs] 
Heap after GC invocations=162 (full 12):
 par new generation   total 19008K, used 1699K [0x00000000c2600000, 0x00000000c3aa0000, 0x00000000d6e00000)
  eden space 16896K,   0% used [0x00000000c2600000, 0x00000000c2600000, 0x00000000c3680000)
  from space 2112K,  80% used [0x00000000c3680000, 0x00000000c3828ee8, 0x00000000c3890000)
  to   space 2112K,   0% used [0x00000000c3890000, 0x00000000c3890000, 0x00000000c3aa0000)
 concurrent mark-sweep generation total 62016K, used 37207K [0x00000000d6e00000, 0x00000000daa90000, 0x0000000100000000)
 Metaspace       used 60313K, capacity 62816K, committed 62952K, reserved 1103872K
  class space    used 7692K, capacity 8150K, committed 8188K, reserved 1048576K
}
2022-08-07T09:30:49.991+0000: 19.875: Application time: 0.1505714 seconds
{Heap before GC invocations=162 (full 12):
 par new generation   total 19008K, used 18595K [0x00000000c2600000, 0x00000000c3aa0000, 0x00000000d6e00000)
  eden space 16896K, 100% used [0x00000000c2600000, 0x00000000c3680000, 0x00000000c3680000)
  from space 2112K,  80% used [0x00000000c3680000, 0x00000000c3828ee8, 0x00000000c3890000)
  to   space 2112K,   0% used [0x00000000c3890000, 0x00000000c3890000, 0x00000000c3aa0000)
 concurrent mark-sweep generation total 62016K, used 37207K [0x00000000d6e00000, 0x00000000daa90000, 0x0000000100000000)
 Metaspace       used 60396K, capacity 62922K, committed 62952K, reserved 1103872K
  class space    used 7706K, capacity 8187K, committed 8188K, reserved 1048576K
2022-08-07T09:30:49.993+0000: 19.877: [GC (Allocation Failure) 2022-08-07T09:30:50.005+0000: 19.888: [ParNew: 18595K->1356K(19008K), 0.0069444 secs] 55803K->38563K(81024K), 0.0194161 secs] [Times: user=0.04 sys=0.00, real=0.02 secs] 
Heap after GC invocations=163 (full 12):
 par new generation   total 19008K, used 1356K [0x00000000c2600000, 0x00000000c3aa0000, 0x00000000d6e00000)
  eden space 16896K,   0% used [0x00000000c2600000, 0x00000000c2600000, 0x00000000c3680000)
  from space 2112K,  64% used [0x00000000c3890000, 0x00000000c39e3150, 0x00000000c3aa0000)
  to   space 2112K,   0% used [0x00000000c3680000, 0x00000000c3680000, 0x00000000c3890000)
 concurrent mark-sweep generation total 62016K, used 37207K [0x00000000d6e00000, 0x00000000daa90000, 0x0000000100000000)
 Metaspace       used 60396K, capacity 62922K, committed 62952K, reserved 1103872K
  class space    used 7706K, capacity 8187K, committed 8188K, reserved 1048576K
}
2022-08-07T09:30:50.100+0000: 19.984: Application time: 0.0866233 seconds
{Heap before GC invocations=163 (full 12):
 par new generation   total 19008K, used 18252K [0x00000000c2600000, 0x00000000c3aa0000, 0x00000000d6e00000)
  eden space 16896K, 100% used [0x00000000c2600000, 0x00000000c3680000, 0x00000000c3680000)
  from space 2112K,  64% used [0x00000000c3890000, 0x00000000c39e3150, 0x00000000c3aa0000)
  to   space 2112K,   0% used [0x00000000c3680000, 0x00000000c3680000, 0x00000000c3890000)
 concurrent mark-sweep generation total 62016K, used 37207K [0x00000000d6e00000, 0x00000000daa90000, 0x0000000100000000)
 Metaspace       used 60450K, capacity 62986K, committed 63208K, reserved 1103872K
  class space    used 7712K, capacity 8187K, committed 8188K, reserved 1048576K
2022-08-07T09:30:50.101+0000: 19.985: [GC (Allocation Failure) 2022-08-07T09:30:50.102+0000: 19.985: [ParNew: 18252K->1773K(19008K), 0.0079809 secs] 55459K->39257K(81024K), 0.0092228 secs] [Times: user=0.02 sys=0.00, real=0.01 secs] 
Heap after GC invocations=164 (full 12):
 par new generation   total 19008K, used 1773K [0x00000000c2600000, 0x00000000c3aa0000, 0x00000000d6e00000)
  eden space 16896K,   0% used [0x00000000c2600000, 0x00000000c2600000, 0x00000000c3680000)
  from space 2112K,  83% used [0x00000000c3680000, 0x00000000c383b750, 0x00000000c3890000)
  to   space 2112K,   0% used [0x00000000c3890000, 0x00000000c3890000, 0x00000000c3aa0000)
 concurrent mark-sweep generation total 62016K, used 37483K [0x00000000d6e00000, 0x00000000daa90000, 0x0000000100000000)
 Metaspace       used 60450K, capacity 62986K, committed 63208K, reserved 1103872K
  class space    used 7712K, capacity 8187K, committed 8188K, reserved 1048576K
}
2022-08-07T09:30:50.111+0000: 19.995: Application time: 0.0003266 seconds
2022-08-07T09:30:50.112+0000: 19.996: [GC (CMS Initial Mark) [1 CMS-initial-mark: 37483K(62016K)] 39598K(81024K), 0.0027905 secs] [Times: user=0.01 sys=0.00, real=0.00 secs] 
2022-08-07T09:30:50.116+0000: 20.000: [CMS-concurrent-mark-start]
2022-08-07T09:30:50.193+0000: 20.077: [CMS-concurrent-mark: 0.077/0.078 secs] [Times: user=0.28 sys=0.02, real=0.07 secs] 
2022-08-07T09:30:50.194+0000: 20.078: Application time: 0.0783278 seconds
{Heap before GC invocations=164 (full 13):
 par new generation   total 19008K, used 18669K [0x00000000c2600000, 0x00000000c3aa0000, 0x00000000d6e00000)
  eden space 16896K, 100% used [0x00000000c2600000, 0x00000000c3680000, 0x00000000c3680000)
  from space 2112K,  83% used [0x00000000c3680000, 0x00000000c383b750, 0x00000000c3890000)
  to   space 2112K,   0% used [0x00000000c3890000, 0x00000000c3890000, 0x00000000c3aa0000)
 concurrent mark-sweep generation total 62016K, used 37483K [0x00000000d6e00000, 0x00000000daa90000, 0x0000000100000000)
 Metaspace       used 60513K, capacity 63102K, committed 63336K, reserved 1103872K
  class space    used 7721K, capacity 8199K, committed 8316K, reserved 1048576K
2022-08-07T09:30:50.194+0000: 20.078: [GC (Allocation Failure) 2022-08-07T09:30:50.195+0000: 20.078: [ParNew: 18669K->1083K(19008K), 0.0048545 secs] 56153K->38867K(81024K), 0.0057417 secs] [Times: user=0.01 sys=0.00, real=0.01 secs] 
Heap after GC invocations=165 (full 13):
 par new generation   total 19008K, used 1083K [0x00000000c2600000, 0x00000000c3aa0000, 0x00000000d6e00000)
  eden space 16896K,   0% used [0x00000000c2600000, 0x00000000c2600000, 0x00000000c3680000)
  from space 2112K,  51% used [0x00000000c3890000, 0x00000000c399ee60, 0x00000000c3aa0000)
  to   space 2112K,   0% used [0x00000000c3680000, 0x00000000c3680000, 0x00000000c3890000)
 concurrent mark-sweep generation total 62016K, used 37783K [0x00000000d6e00000, 0x00000000daa90000, 0x0000000100000000)
 Metaspace       used 60513K, capacity 63102K, committed 63336K, reserved 1103872K
  class space    used 7721K, capacity 8199K, committed 8316K, reserved 1048576K
}
2022-08-07T09:30:50.201+0000: 20.085: [CMS-concurrent-preclean-start]
2022-08-07T09:30:50.253+0000: 20.136: [CMS-concurrent-preclean: 0.030/0.052 secs] [Times: user=0.13 sys=0.05, real=0.05 secs] 
2022-08-07T09:30:50.253+0000: 20.137: [CMS-concurrent-abortable-preclean-start]
2022-08-07T09:30:50.275+0000: 20.158: Application time: 0.0739999 seconds
{Heap before GC invocations=165 (full 13):
 par new generation   total 19008K, used 17979K [0x00000000c2600000, 0x00000000c3aa0000, 0x00000000d6e00000)
  eden space 16896K, 100% used [0x00000000c2600000, 0x00000000c3680000, 0x00000000c3680000)
  from space 2112K,  51% used [0x00000000c3890000, 0x00000000c399ee60, 0x00000000c3aa0000)
  to   space 2112K,   0% used [0x00000000c3680000, 0x00000000c3680000, 0x00000000c3890000)
 concurrent mark-sweep generation total 62016K, used 37783K [0x00000000d6e00000, 0x00000000daa90000, 0x0000000100000000)
 Metaspace       used 60560K, capacity 63184K, committed 63336K, reserved 1103872K
  class space    used 7727K, capacity 8202K, committed 8316K, reserved 1048576K
2022-08-07T09:30:50.275+0000: 20.159: [GC (Allocation Failure) 2022-08-07T09:30:50.276+0000: 20.160: [ParNew: 17979K->1229K(19008K), 0.0153352 secs] 55763K->39013K(81024K), 0.0186949 secs] [Times: user=0.03 sys=0.01, real=0.02 secs] 
Heap after GC invocations=166 (full 13):
 par new generation   total 19008K, used 1229K [0x00000000c2600000, 0x00000000c3aa0000, 0x00000000d6e00000)
  eden space 16896K,   0% used [0x00000000c2600000, 0x00000000c2600000, 0x00000000c3680000)
  from space 2112K,  58% used [0x00000000c3680000, 0x00000000c37b3658, 0x00000000c3890000)
  to   space 2112K,   0% used [0x00000000c3890000, 0x00000000c3890000, 0x00000000c3aa0000)
 concurrent mark-sweep generation total 62016K, used 37783K [0x00000000d6e00000, 0x00000000daa90000, 0x0000000100000000)
 Metaspace       used 60560K, capacity 63184K, committed 63336K, reserved 1103872K
  class space    used 7727K, capacity 8202K, committed 8316K, reserved 1048576K
}
2022-08-07T09:30:50.300+0000: 20.184: [CMS-concurrent-abortable-preclean: 0.014/0.047 secs] [Times: user=0.10 sys=0.01, real=0.05 secs] 
2022-08-07T09:30:50.309+0000: 20.193: Application time: 0.0110647 seconds
2022-08-07T09:30:50.309+0000: 20.193: [GC (CMS Final Remark) [YG occupancy: 3278 K (19008 K)]2022-08-07T09:30:50.309+0000: 20.193: [Rescan (parallel) , 0.0045510 secs]2022-08-07T09:30:50.314+0000: 20.198: [weak refs processing, 0.0005117 secs]2022-08-07T09:30:50.315+0000: 20.199: [class unloading, 0.0168886 secs]2022-08-07T09:30:50.333+0000: 20.217: [scrub symbol table, 0.0187682 secs]2022-08-07T09:30:50.352+0000: 20.236: [scrub string table, 0.0011073 secs][1 CMS-remark: 37783K(62016K)] 41062K(81024K), 0.0446617 secs] [Times: user=0.08 sys=0.00, real=0.04 secs] 
2022-08-07T09:30:50.355+0000: 20.238: [CMS-concurrent-sweep-start]
2022-08-07T09:30:50.377+0000: 20.261: [CMS-concurrent-sweep: 0.023/0.023 secs] [Times: user=0.06 sys=0.01, real=0.03 secs] 
2022-08-07T09:30:50.378+0000: 20.262: [CMS-concurrent-reset-start]
2022-08-07T09:30:50.378+0000: 20.262: [CMS-concurrent-reset: 0.001/0.001 secs] [Times: user=0.00 sys=0.00, real=0.00 secs] 
2022-08-07T09:30:50.435+0000: 20.319: Application time: 0.0806817 seconds
{Heap before GC invocations=166 (full 13):
 par new generation   total 19008K, used 18125K [0x00000000c2600000, 0x00000000c3aa0000, 0x00000000d6e00000)
  eden space 16896K, 100% used [0x00000000c2600000, 0x00000000c3680000, 0x00000000c3680000)
  from space 2112K,  58% used [0x00000000c3680000, 0x00000000c37b3658, 0x00000000c3890000)
  to   space 2112K,   0% used [0x00000000c3890000, 0x00000000c3890000, 0x00000000c3aa0000)
 concurrent mark-sweep generation total 62744K, used 37645K [0x00000000d6e00000, 0x00000000dab46000, 0x0000000100000000)
 Metaspace       used 60580K, capacity 63162K, committed 63336K, reserved 1103872K
  class space    used 7730K, capacity 8197K, committed 8316K, reserved 1048576K
2022-08-07T09:30:50.435+0000: 20.319: [GC (Allocation Failure) 2022-08-07T09:30:50.436+0000: 20.320: [ParNew: 18125K->2048K(19008K), 0.0187659 secs] 55771K->39694K(81752K), 0.0196119 secs] [Times: user=0.04 sys=0.00, real=0.02 secs] 
Heap after GC invocations=167 (full 13):
 par new generation   total 19008K, used 2048K [0x00000000c2600000, 0x00000000c3aa0000, 0x00000000d6e00000)
  eden space 16896K,   0% used [0x00000000c2600000, 0x00000000c2600000, 0x00000000c3680000)
  from space 2112K,  96% used [0x00000000c3890000, 0x00000000c3a90210, 0x00000000c3aa0000)
  to   space 2112K,   0% used [0x00000000c3680000, 0x00000000c3680000, 0x00000000c3890000)
 concurrent mark-sweep generation total 62744K, used 37645K [0x00000000d6e00000, 0x00000000dab46000, 0x0000000100000000)
 Metaspace       used 60580K, capacity 63162K, committed 63336K, reserved 1103872K
  class space    used 7730K, capacity 8197K, committed 8316K, reserved 1048576K
}
2022-08-07T09:30:50.537+0000: 20.421: Application time: 0.0815169 seconds
{Heap before GC invocations=167 (full 13):
 par new generation   total 19008K, used 18944K [0x00000000c2600000, 0x00000000c3aa0000, 0x00000000d6e00000)
  eden space 16896K, 100% used [0x00000000c2600000, 0x00000000c3680000, 0x00000000c3680000)
  from space 2112K,  96% used [0x00000000c3890000, 0x00000000c3a90210, 0x00000000c3aa0000)
  to   space 2112K,   0% used [0x00000000c3680000, 0x00000000c3680000, 0x00000000c3890000)
 concurrent mark-sweep generation total 62744K, used 37645K [0x00000000d6e00000, 0x00000000dab46000, 0x0000000100000000)
 Metaspace       used 60652K, capacity 63226K, committed 63592K, reserved 1103872K
  class space    used 7741K, capacity 8197K, committed 8316K, reserved 1048576K
2022-08-07T09:30:50.538+0000: 20.422: [GC (Allocation Failure) 2022-08-07T09:30:50.539+0000: 20.423: [ParNew: 18944K->1240K(19008K), 0.0058708 secs] 56590K->39110K(81752K), 0.0068736 secs] [Times: user=0.02 sys=0.00, real=0.00 secs] 
Heap after GC invocations=168 (full 13):
 par new generation   total 19008K, used 1240K [0x00000000c2600000, 0x00000000c3aa0000, 0x00000000d6e00000)
  eden space 16896K,   0% used [0x00000000c2600000, 0x00000000c2600000, 0x00000000c3680000)
  from space 2112K,  58% used [0x00000000c3680000, 0x00000000c37b63a0, 0x00000000c3890000)
  to   space 2112K,   0% used [0x00000000c3890000, 0x00000000c3890000, 0x00000000c3aa0000)
 concurrent mark-sweep generation total 62744K, used 37869K [0x00000000d6e00000, 0x00000000dab46000, 0x0000000100000000)
 Metaspace       used 60652K, capacity 63226K, committed 63592K, reserved 1103872K
  class space    used 7741K, capacity 8197K, committed 8316K, reserved 1048576K
}
2022-08-07T09:30:50.546+0000: 20.430: Application time: 0.0005380 seconds
2022-08-07T09:30:50.547+0000: 20.431: [GC (CMS Initial Mark) [1 CMS-initial-mark: 37869K(62744K)] 39472K(81752K), 0.0030148 secs] [Times: user=0.01 sys=0.00, real=0.00 secs] 
2022-08-07T09:30:50.551+0000: 20.435: [CMS-concurrent-mark-start]
2022-08-07T09:30:50.617+0000: 20.501: Application time: 0.0660511 seconds
{Heap before GC invocations=168 (full 14):
 par new generation   total 19008K, used 18136K [0x00000000c2600000, 0x00000000c3aa0000, 0x00000000d6e00000)
  eden space 16896K, 100% used [0x00000000c2600000, 0x00000000c3680000, 0x00000000c3680000)
  from space 2112K,  58% used [0x00000000c3680000, 0x00000000c37b63a0, 0x00000000c3890000)
  to   space 2112K,   0% used [0x00000000c3890000, 0x00000000c3890000, 0x00000000c3aa0000)
 concurrent mark-sweep generation total 62744K, used 37869K [0x00000000d6e00000, 0x00000000dab46000, 0x0000000100000000)
 Metaspace       used 60693K, capacity 63326K, committed 63592K, reserved 1103872K
  class space    used 7747K, capacity 8231K, committed 8316K, reserved 1048576K
2022-08-07T09:30:50.617+0000: 20.501: [GC (Allocation Failure) 2022-08-07T09:30:50.618+0000: 20.501: [ParNew: 18136K->1460K(19008K), 0.0057884 secs] 56006K->39457K(81752K), 0.0067474 secs] [Times: user=0.02 sys=0.00, real=0.00 secs] 
Heap after GC invocations=169 (full 14):
 par new generation   total 19008K, used 1460K [0x00000000c2600000, 0x00000000c3aa0000, 0x00000000d6e00000)
  eden space 16896K,   0% used [0x00000000c2600000, 0x00000000c2600000, 0x00000000c3680000)
  from space 2112K,  69% used [0x00000000c3890000, 0x00000000c39fd128, 0x00000000c3aa0000)
  to   space 2112K,   0% used [0x00000000c3680000, 0x00000000c3680000, 0x00000000c3890000)
 concurrent mark-sweep generation total 62744K, used 37997K [0x00000000d6e00000, 0x00000000dab46000, 0x0000000100000000)
 Metaspace       used 60693K, capacity 63326K, committed 63592K, reserved 1103872K
  class space    used 7747K, capacity 8231K, committed 8316K, reserved 1048576K
}
2022-08-07T09:30:50.637+0000: 20.521: [CMS-concurrent-mark: 0.079/0.087 secs] [Times: user=0.29 sys=0.03, real=0.09 secs] 
2022-08-07T09:30:50.638+0000: 20.522: [CMS-concurrent-preclean-start]
2022-08-07T09:30:50.678+0000: 20.562: [CMS-concurrent-preclean: 0.021/0.040 secs] [Times: user=0.09 sys=0.05, real=0.04 secs] 
2022-08-07T09:30:50.680+0000: 20.563: [CMS-concurrent-abortable-preclean-start]
2022-08-07T09:30:50.713+0000: 20.597: Application time: 0.0886280 seconds
{Heap before GC invocations=169 (full 14):
 par new generation   total 19008K, used 18356K [0x00000000c2600000, 0x00000000c3aa0000, 0x00000000d6e00000)
  eden space 16896K, 100% used [0x00000000c2600000, 0x00000000c3680000, 0x00000000c3680000)
  from space 2112K,  69% used [0x00000000c3890000, 0x00000000c39fd128, 0x00000000c3aa0000)
  to   space 2112K,   0% used [0x00000000c3680000, 0x00000000c3680000, 0x00000000c3890000)
 concurrent mark-sweep generation total 62744K, used 37997K [0x00000000d6e00000, 0x00000000dab46000, 0x0000000100000000)
 Metaspace       used 60727K, capacity 63326K, committed 63592K, reserved 1103872K
  class space    used 7750K, capacity 8231K, committed 8316K, reserved 1048576K
2022-08-07T09:30:50.713+0000: 20.597: [GC (Allocation Failure) 2022-08-07T09:30:50.721+0000: 20.605: [ParNew: 18356K->1384K(19008K), 0.0113664 secs] 56353K->39552K(81752K), 0.0192687 secs] [Times: user=0.03 sys=0.01, real=0.02 secs] 
Heap after GC invocations=170 (full 14):
 par new generation   total 19008K, used 1384K [0x00000000c2600000, 0x00000000c3aa0000, 0x00000000d6e00000)
  eden space 16896K,   0% used [0x00000000c2600000, 0x00000000c2600000, 0x00000000c3680000)
  from space 2112K,  65% used [0x00000000c3680000, 0x00000000c37da360, 0x00000000c3890000)
  to   space 2112K,   0% used [0x00000000c3890000, 0x00000000c3890000, 0x00000000c3aa0000)
 concurrent mark-sweep generation total 62744K, used 38167K [0x00000000d6e00000, 0x00000000dab46000, 0x0000000100000000)
 Metaspace       used 60727K, capacity 63326K, committed 63592K, reserved 1103872K
  class space    used 7750K, capacity 8231K, committed 8316K, reserved 1048576K
}
2022-08-07T09:30:50.813+0000: 20.697: Application time: 0.0799985 seconds
{Heap before GC invocations=170 (full 14):
 par new generation   total 19008K, used 18280K [0x00000000c2600000, 0x00000000c3aa0000, 0x00000000d6e00000)
  eden space 16896K, 100% used [0x00000000c2600000, 0x00000000c3680000, 0x00000000c3680000)
  from space 2112K,  65% used [0x00000000c3680000, 0x00000000c37da360, 0x00000000c3890000)
  to   space 2112K,   0% used [0x00000000c3890000, 0x00000000c3890000, 0x00000000c3aa0000)
 concurrent mark-sweep generation total 62744K, used 38167K [0x00000000d6e00000, 0x00000000dab46000, 0x0000000100000000)
 Metaspace       used 60779K, capacity 63390K, committed 63592K, reserved 1103872K
  class space    used 7757K, capacity 8231K, committed 8316K, reserved 1048576K
2022-08-07T09:30:50.814+0000: 20.698: [GC (Allocation Failure) 2022-08-07T09:30:50.815+0000: 20.699: [ParNew: 18280K->1619K(19008K), 0.0088755 secs] 56448K->39935K(81752K), 0.0098940 secs] [Times: user=0.02 sys=0.00, real=0.01 secs] 
Heap after GC invocations=171 (full 14):
 par new generation   total 19008K, used 1619K [0x00000000c2600000, 0x00000000c3aa0000, 0x00000000d6e00000)
  eden space 16896K,   0% used [0x00000000c2600000, 0x00000000c2600000, 0x00000000c3680000)
  from space 2112K,  76% used [0x00000000c3890000, 0x00000000c3a24cd8, 0x00000000c3aa0000)
  to   space 2112K,   0% used [0x00000000c3680000, 0x00000000c3680000, 0x00000000c3890000)
 concurrent mark-sweep generation total 62744K, used 38316K [0x00000000d6e00000, 0x00000000dab46000, 0x0000000100000000)
 Metaspace       used 60779K, capacity 63390K, committed 63592K, reserved 1103872K
  class space    used 7757K, capacity 8231K, committed 8316K, reserved 1048576K
}
2022-08-07T09:30:50.908+0000: 20.791: Application time: 0.0827191 seconds
{Heap before GC invocations=171 (full 14):
 par new generation   total 19008K, used 18515K [0x00000000c2600000, 0x00000000c3aa0000, 0x00000000d6e00000)
  eden space 16896K, 100% used [0x00000000c2600000, 0x00000000c3680000, 0x00000000c3680000)
  from space 2112K,  76% used [0x00000000c3890000, 0x00000000c3a24cd8, 0x00000000c3aa0000)
  to   space 2112K,   0% used [0x00000000c3680000, 0x00000000c3680000, 0x00000000c3890000)
 concurrent mark-sweep generation total 62744K, used 38316K [0x00000000d6e00000, 0x00000000dab46000, 0x0000000100000000)
 Metaspace       used 60832K, capacity 63394K, committed 63592K, reserved 1103872K
  class space    used 7765K, capacity 8233K, committed 8316K, reserved 1048576K
2022-08-07T09:30:50.908+0000: 20.792: [GC (Allocation Failure) 2022-08-07T09:30:50.908+0000: 20.792: [ParNew: 18515K->1792K(19008K), 0.0072825 secs] 56831K->40109K(81752K), 0.0079254 secs] [Times: user=0.01 sys=0.00, real=0.01 secs] 
Heap after GC invocations=172 (full 14):
 par new generation   total 19008K, used 1792K [0x00000000c2600000, 0x00000000c3aa0000, 0x00000000d6e00000)
  eden space 16896K,   0% used [0x00000000c2600000, 0x00000000c2600000, 0x00000000c3680000)
  from space 2112K,  84% used [0x00000000c3680000, 0x00000000c3840360, 0x00000000c3890000)
  to   space 2112K,   0% used [0x00000000c3890000, 0x00000000c3890000, 0x00000000c3aa0000)
 concurrent mark-sweep generation total 62744K, used 38316K [0x00000000d6e00000, 0x00000000dab46000, 0x0000000100000000)
 Metaspace       used 60832K, capacity 63394K, committed 63592K, reserved 1103872K
  class space    used 7765K, capacity 8233K, committed 8316K, reserved 1048576K
}
2022-08-07T09:30:50.920+0000: 20.804: [CMS-concurrent-abortable-preclean: 0.123/0.241 secs] [Times: user=0.48 sys=0.16, real=0.24 secs] 
2022-08-07T09:30:50.921+0000: 20.805: Application time: 0.0040456 seconds
2022-08-07T09:30:50.921+0000: 20.805: [GC (CMS Final Remark) [YG occupancy: 2493 K (19008 K)]2022-08-07T09:30:50.921+0000: 20.805: [Rescan (parallel) , 0.0176264 secs]2022-08-07T09:30:50.940+0000: 20.823: [weak refs processing, 0.0031364 secs]2022-08-07T09:30:50.944+0000: 20.827: [class unloading, 0.0127935 secs]2022-08-07T09:30:50.957+0000: 20.841: [scrub symbol table, 0.0137756 secs]2022-08-07T09:30:50.971+0000: 20.855: [scrub string table, 0.0011089 secs][1 CMS-remark: 38316K(62744K)] 40810K(81752K), 0.0518474 secs] [Times: user=0.07 sys=0.01, real=0.05 secs] 
2022-08-07T09:30:50.984+0000: 20.868: [CMS-concurrent-sweep-start]
2022-08-07T09:30:51.003+0000: 20.887: [CMS-concurrent-sweep: 0.019/0.019 secs] [Times: user=0.06 sys=0.00, real=0.02 secs] 
2022-08-07T09:30:51.004+0000: 20.888: [CMS-concurrent-reset-start]
2022-08-07T09:30:51.005+0000: 20.888: [CMS-concurrent-reset: 0.001/0.001 secs] [Times: user=0.00 sys=0.00, real=0.00 secs] 
2022-08-07T09:30:51.035+0000: 20.919: Application time: 0.0612255 seconds
{Heap before GC invocations=172 (full 14):
 par new generation   total 19008K, used 18688K [0x00000000c2600000, 0x00000000c3aa0000, 0x00000000d6e00000)
  eden space 16896K, 100% used [0x00000000c2600000, 0x00000000c3680000, 0x00000000c3680000)
  from space 2112K,  84% used [0x00000000c3680000, 0x00000000c3840360, 0x00000000c3890000)
  to   space 2112K,   0% used [0x00000000c3890000, 0x00000000c3890000, 0x00000000c3aa0000)
 concurrent mark-sweep generation total 63728K, used 38235K [0x00000000d6e00000, 0x00000000dac3c000, 0x0000000100000000)
 Metaspace       used 60900K, capacity 63460K, committed 63592K, reserved 1103872K
  class space    used 7774K, capacity 8234K, committed 8316K, reserved 1048576K
2022-08-07T09:30:51.035+0000: 20.919: [GC (Allocation Failure) 2022-08-07T09:30:51.036+0000: 20.920: [ParNew: 18688K->1665K(19008K), 0.0036045 secs] 56924K->40047K(82736K), 0.0045907 secs] [Times: user=0.02 sys=0.00, real=0.01 secs] 
Heap after GC invocations=173 (full 14):
 par new generation   total 19008K, used 1665K [0x00000000c2600000, 0x00000000c3aa0000, 0x00000000d6e00000)
  eden space 16896K,   0% used [0x00000000c2600000, 0x00000000c2600000, 0x00000000c3680000)
  from space 2112K,  78% used [0x00000000c3890000, 0x00000000c3a30750, 0x00000000c3aa0000)
  to   space 2112K,   0% used [0x00000000c3680000, 0x00000000c3680000, 0x00000000c3890000)
 concurrent mark-sweep generation total 63728K, used 38381K [0x00000000d6e00000, 0x00000000dac3c000, 0x0000000100000000)
 Metaspace       used 60900K, capacity 63460K, committed 63592K, reserved 1103872K
  class space    used 7774K, capacity 8234K, committed 8316K, reserved 1048576K
}
2022-08-07T09:30:51.041+0000: 20.925: Application time: 0.0003197 seconds
2022-08-07T09:30:51.041+0000: 20.925: [GC (CMS Initial Mark) [1 CMS-initial-mark: 38381K(63728K)] 40403K(82736K), 0.0018488 secs] [Times: user=0.01 sys=0.00, real=0.00 secs] 
2022-08-07T09:30:51.044+0000: 20.928: [CMS-concurrent-mark-start]
2022-08-07T09:30:51.091+0000: 20.975: Application time: 0.0475126 seconds
{Heap before GC invocations=173 (full 15):
 par new generation   total 19008K, used 18561K [0x00000000c2600000, 0x00000000c3aa0000, 0x00000000d6e00000)
  eden space 16896K, 100% used [0x00000000c2600000, 0x00000000c3680000, 0x00000000c3680000)
  from space 2112K,  78% used [0x00000000c3890000, 0x00000000c3a30750, 0x00000000c3aa0000)
  to   space 2112K,   0% used [0x00000000c3680000, 0x00000000c3680000, 0x00000000c3890000)
 concurrent mark-sweep generation total 63728K, used 38381K [0x00000000d6e00000, 0x00000000dac3c000, 0x0000000100000000)
 Metaspace       used 60958K, capacity 63560K, committed 63848K, reserved 1105920K
  class space    used 7779K, capacity 8268K, committed 8316K, reserved 1048576K
2022-08-07T09:30:51.092+0000: 20.976: [GC (Allocation Failure) 2022-08-07T09:30:51.092+0000: 20.976: [ParNew: 18561K->1925K(19008K), 0.0037540 secs] 56943K->40423K(82736K), 0.0046347 secs] [Times: user=0.01 sys=0.01, real=0.01 secs] 
Heap after GC invocations=174 (full 15):
 par new generation   total 19008K, used 1925K [0x00000000c2600000, 0x00000000c3aa0000, 0x00000000d6e00000)
  eden space 16896K,   0% used [0x00000000c2600000, 0x00000000c2600000, 0x00000000c3680000)
  from space 2112K,  91% used [0x00000000c3680000, 0x00000000c3861420, 0x00000000c3890000)
  to   space 2112K,   0% used [0x00000000c3890000, 0x00000000c3890000, 0x00000000c3aa0000)
 concurrent mark-sweep generation total 63728K, used 38498K [0x00000000d6e00000, 0x00000000dac3c000, 0x0000000100000000)
 Metaspace       used 60958K, capacity 63560K, committed 63848K, reserved 1105920K
  class space    used 7779K, capacity 8268K, committed 8316K, reserved 1048576K
}
2022-08-07T09:30:51.134+0000: 21.017: [CMS-concurrent-mark: 0.084/0.090 secs] [Times: user=0.29 sys=0.04, real=0.09 secs] 
2022-08-07T09:30:51.134+0000: 21.018: [CMS-concurrent-preclean-start]
2022-08-07T09:30:51.192+0000: 21.076: [CMS-concurrent-preclean: 0.041/0.058 secs] [Times: user=0.13 sys=0.03, real=0.06 secs] 
2022-08-07T09:30:51.193+0000: 21.076: Application time: 0.0955037 seconds
{Heap before GC invocations=174 (full 15):
 par new generation   total 19008K, used 18821K [0x00000000c2600000, 0x00000000c3aa0000, 0x00000000d6e00000)
  eden space 16896K, 100% used [0x00000000c2600000, 0x00000000c3680000, 0x00000000c3680000)
  from space 2112K,  91% used [0x00000000c3680000, 0x00000000c3861420, 0x00000000c3890000)
  to   space 2112K,   0% used [0x00000000c3890000, 0x00000000c3890000, 0x00000000c3aa0000)
 concurrent mark-sweep generation total 63728K, used 38498K [0x00000000d6e00000, 0x00000000dac3c000, 0x0000000100000000)
 Metaspace       used 61021K, capacity 63638K, committed 63848K, reserved 1105920K
  class space    used 7787K, capacity 8271K, committed 8316K, reserved 1048576K
2022-08-07T09:30:51.193+0000: 21.077: [GC (Allocation Failure) 2022-08-07T09:30:51.193+0000: 21.077: [ParNew: 18821K->1474K(19008K), 0.0079988 secs] 57319K->40242K(82736K), 0.0087478 secs] [Times: user=0.02 sys=0.00, real=0.01 secs] 
Heap after GC invocations=175 (full 15):
 par new generation   total 19008K, used 1474K [0x00000000c2600000, 0x00000000c3aa0000, 0x00000000d6e00000)
  eden space 16896K,   0% used [0x00000000c2600000, 0x00000000c2600000, 0x00000000c3680000)
  from space 2112K,  69% used [0x00000000c3890000, 0x00000000c3a00968, 0x00000000c3aa0000)
  to   space 2112K,   0% used [0x00000000c3680000, 0x00000000c3680000, 0x00000000c3890000)
 concurrent mark-sweep generation total 63728K, used 38768K [0x00000000d6e00000, 0x00000000dac3c000, 0x0000000100000000)
 Metaspace       used 61021K, capacity 63638K, committed 63848K, reserved 1105920K
  class space    used 7787K, capacity 8271K, committed 8316K, reserved 1048576K
}
2022-08-07T09:30:51.205+0000: 21.089: Application time: 0.0024364 seconds
2022-08-07T09:30:51.205+0000: 21.089: [GC (CMS Final Remark) [YG occupancy: 2485 K (19008 K)]2022-08-07T09:30:51.206+0000: 21.089: [Rescan (parallel) , 0.0045270 secs]2022-08-07T09:30:51.211+0000: 21.094: [weak refs processing, 0.0003407 secs]2022-08-07T09:30:51.211+0000: 21.095: [class unloading, 0.0141527 secs]2022-08-07T09:30:51.226+0000: 21.110: [scrub symbol table, 0.0123618 secs]2022-08-07T09:30:51.239+0000: 21.122: [scrub string table, 0.0010715 secs][1 CMS-remark: 38768K(63728K)] 41254K(82736K), 0.0348024 secs] [Times: user=0.09 sys=0.01, real=0.04 secs] 
2022-08-07T09:30:51.241+0000: 21.125: [CMS-concurrent-sweep-start]
2022-08-07T09:30:51.259+0000: 21.143: [CMS-concurrent-sweep: 0.018/0.018 secs] [Times: user=0.07 sys=0.00, real=0.02 secs] 
2022-08-07T09:30:51.259+0000: 21.143: [CMS-concurrent-reset-start]
2022-08-07T09:30:51.260+0000: 21.144: [CMS-concurrent-reset: 0.001/0.001 secs] [Times: user=0.00 sys=0.00, real=0.00 secs] 
2022-08-07T09:30:51.288+0000: 21.172: Application time: 0.0479537 seconds
{Heap before GC invocations=175 (full 15):
 par new generation   total 19008K, used 18370K [0x00000000c2600000, 0x00000000c3aa0000, 0x00000000d6e00000)
  eden space 16896K, 100% used [0x00000000c2600000, 0x00000000c3680000, 0x00000000c3680000)
  from space 2112K,  69% used [0x00000000c3890000, 0x00000000c3a00968, 0x00000000c3aa0000)
  to   space 2112K,   0% used [0x00000000c3680000, 0x00000000c3680000, 0x00000000c3890000)
 concurrent mark-sweep generation total 64432K, used 38659K [0x00000000d6e00000, 0x00000000dacec000, 0x0000000100000000)
 Metaspace       used 61023K, capacity 63614K, committed 63848K, reserved 1105920K
  class space    used 7787K, capacity 8267K, committed 8316K, reserved 1048576K
2022-08-07T09:30:51.289+0000: 21.173: [GC (Allocation Failure) 2022-08-07T09:30:51.289+0000: 21.173: [ParNew: 18370K->1402K(19008K), 0.0051738 secs] 57029K->40193K(83440K), 0.0059915 secs] [Times: user=0.02 sys=0.00, real=0.00 secs] 
Heap after GC invocations=176 (full 15):
 par new generation   total 19008K, used 1402K [0x00000000c2600000, 0x00000000c3aa0000, 0x00000000d6e00000)
  eden space 16896K,   0% used [0x00000000c2600000, 0x00000000c2600000, 0x00000000c3680000)
  from space 2112K,  66% used [0x00000000c3680000, 0x00000000c37de9d0, 0x00000000c3890000)
  to   space 2112K,   0% used [0x00000000c3890000, 0x00000000c3890000, 0x00000000c3aa0000)
 concurrent mark-sweep generation total 64432K, used 38791K [0x00000000d6e00000, 0x00000000dacec000, 0x0000000100000000)
 Metaspace       used 61023K, capacity 63614K, committed 63848K, reserved 1105920K
  class space    used 7787K, capacity 8267K, committed 8316K, reserved 1048576K
}
2022-08-07T09:30:51.297+0000: 21.181: Application time: 0.0013858 seconds
2022-08-07T09:30:51.297+0000: 21.181: [GC (CMS Initial Mark) [1 CMS-initial-mark: 38791K(64432K)] 40555K(83440K), 0.0025089 secs] [Times: user=0.01 sys=0.00, real=0.00 secs] 
2022-08-07T09:30:51.301+0000: 21.185: [CMS-concurrent-mark-start]
2022-08-07T09:30:51.338+0000: 21.222: Application time: 0.0371681 seconds
{Heap before GC invocations=176 (full 16):
 par new generation   total 19008K, used 18298K [0x00000000c2600000, 0x00000000c3aa0000, 0x00000000d6e00000)
  eden space 16896K, 100% used [0x00000000c2600000, 0x00000000c3680000, 0x00000000c3680000)
  from space 2112K,  66% used [0x00000000c3680000, 0x00000000c37de9d0, 0x00000000c3890000)
  to   space 2112K,   0% used [0x00000000c3890000, 0x00000000c3890000, 0x00000000c3aa0000)
 concurrent mark-sweep generation total 64432K, used 38791K [0x00000000d6e00000, 0x00000000dacec000, 0x0000000100000000)
 Metaspace       used 61027K, capacity 63614K, committed 63848K, reserved 1105920K
  class space    used 7787K, capacity 8267K, committed 8316K, reserved 1048576K
2022-08-07T09:30:51.338+0000: 21.222: [GC (Allocation Failure) 2022-08-07T09:30:51.339+0000: 21.222: [ParNew: 18298K->1518K(19008K), 0.0055359 secs] 57089K->40309K(83440K), 0.0064776 secs] [Times: user=0.02 sys=0.00, real=0.00 secs] 
Heap after GC invocations=177 (full 16):
 par new generation   total 19008K, used 1518K [0x00000000c2600000, 0x00000000c3aa0000, 0x00000000d6e00000)
  eden space 16896K,   0% used [0x00000000c2600000, 0x00000000c2600000, 0x00000000c3680000)
  from space 2112K,  71% used [0x00000000c3890000, 0x00000000c3a0b928, 0x00000000c3aa0000)
  to   space 2112K,   0% used [0x00000000c3680000, 0x00000000c3680000, 0x00000000c3890000)
 concurrent mark-sweep generation total 64432K, used 38791K [0x00000000d6e00000, 0x00000000dacec000, 0x0000000100000000)
 Metaspace       used 61027K, capacity 63614K, committed 63848K, reserved 1105920K
  class space    used 7787K, capacity 8267K, committed 8316K, reserved 1048576K
}
2022-08-07T09:30:51.388+0000: 21.272: [CMS-concurrent-mark: 0.079/0.087 secs] [Times: user=0.31 sys=0.03, real=0.09 secs] 
2022-08-07T09:30:51.388+0000: 21.272: [CMS-concurrent-preclean-start]
2022-08-07T09:30:51.397+0000: 21.281: Application time: 0.0522304 seconds
{Heap before GC invocations=177 (full 16):
 par new generation   total 19008K, used 18414K [0x00000000c2600000, 0x00000000c3aa0000, 0x00000000d6e00000)
  eden space 16896K, 100% used [0x00000000c2600000, 0x00000000c3680000, 0x00000000c3680000)
  from space 2112K,  71% used [0x00000000c3890000, 0x00000000c3a0b928, 0x00000000c3aa0000)
  to   space 2112K,   0% used [0x00000000c3680000, 0x00000000c3680000, 0x00000000c3890000)
 concurrent mark-sweep generation total 64432K, used 38791K [0x00000000d6e00000, 0x00000000dacec000, 0x0000000100000000)
 Metaspace       used 61052K, capacity 63614K, committed 63848K, reserved 1105920K
  class space    used 7790K, capacity 8267K, committed 8316K, reserved 1048576K
2022-08-07T09:30:51.398+0000: 21.282: [GC (Allocation Failure) 2022-08-07T09:30:51.398+0000: 21.282: [ParNew: 18414K->1523K(19008K), 0.0061667 secs] 57205K->40314K(83440K), 0.0071856 secs] [Times: user=0.02 sys=0.00, real=0.00 secs] 
Heap after GC invocations=178 (full 16):
 par new generation   total 19008K, used 1523K [0x00000000c2600000, 0x00000000c3aa0000, 0x00000000d6e00000)
  eden space 16896K,   0% used [0x00000000c2600000, 0x00000000c2600000, 0x00000000c3680000)
  from space 2112K,  72% used [0x00000000c3680000, 0x00000000c37fcec8, 0x00000000c3890000)
  to   space 2112K,   0% used [0x00000000c3890000, 0x00000000c3890000, 0x00000000c3aa0000)
 concurrent mark-sweep generation total 64432K, used 38791K [0x00000000d6e00000, 0x00000000dacec000, 0x0000000100000000)
 Metaspace       used 61052K, capacity 63614K, committed 63848K, reserved 1105920K
  class space    used 7790K, capacity 8267K, committed 8316K, reserved 1048576K
}
2022-08-07T09:30:51.449+0000: 21.332: [CMS-concurrent-preclean: 0.028/0.060 secs] [Times: user=0.13 sys=0.05, real=0.06 secs] 
2022-08-07T09:30:51.449+0000: 21.333: [CMS-concurrent-abortable-preclean-start]
2022-08-07T09:30:51.481+0000: 21.365: Application time: 0.0745922 seconds
2022-08-07T09:30:51.493+0000: 21.377: [CMS-concurrent-abortable-preclean: 0.029/0.044 secs] [Times: user=0.10 sys=0.01, real=0.04 secs] 
2022-08-07T09:30:51.499+0000: 21.383: Application time: 0.0178407 seconds
2022-08-07T09:30:51.503+0000: 21.387: [GC (CMS Final Remark) [YG occupancy: 17079 K (19008 K)]2022-08-07T09:30:51.504+0000: 21.388: [Rescan (parallel) , 0.0079870 secs]2022-08-07T09:30:51.512+0000: 21.396: [weak refs processing, 0.0007210 secs]2022-08-07T09:30:51.513+0000: 21.397: [class unloading, 0.0099390 secs]2022-08-07T09:30:51.524+0000: 21.408: [scrub symbol table, 0.0133722 secs]2022-08-07T09:30:51.538+0000: 21.421: [scrub string table, 0.0010260 secs][1 CMS-remark: 38791K(64432K)] 55870K(83440K), 0.0357004 secs] [Times: user=0.10 sys=0.00, real=0.04 secs] 
2022-08-07T09:30:51.542+0000: 21.426: [CMS-concurrent-sweep-start]
2022-08-07T09:30:51.563+0000: 21.447: [CMS-concurrent-sweep: 0.021/0.021 secs] [Times: user=0.07 sys=0.01, real=0.02 secs] 
2022-08-07T09:30:51.564+0000: 21.448: [CMS-concurrent-reset-start]
2022-08-07T09:30:51.564+0000: 21.448: [CMS-concurrent-reset: 0.001/0.001 secs] [Times: user=0.00 sys=0.00, real=0.00 secs] 
2022-08-07T09:30:51.571+0000: 21.455: Application time: 0.0316453 seconds
{Heap before GC invocations=178 (full 16):
 par new generation   total 19008K, used 18419K [0x00000000c2600000, 0x00000000c3aa0000, 0x00000000d6e00000)
  eden space 16896K, 100% used [0x00000000c2600000, 0x00000000c3680000, 0x00000000c3680000)
  from space 2112K,  72% used [0x00000000c3680000, 0x00000000c37fcec8, 0x00000000c3890000)
  to   space 2112K,   0% used [0x00000000c3890000, 0x00000000c3890000, 0x00000000c3aa0000)
 concurrent mark-sweep generation total 64624K, used 38693K [0x00000000d6e00000, 0x00000000dad1c000, 0x0000000100000000)
 Metaspace       used 61121K, capacity 63702K, committed 63848K, reserved 1105920K
  class space    used 7801K, capacity 8273K, committed 8316K, reserved 1048576K
2022-08-07T09:30:51.572+0000: 21.455: [GC (Allocation Failure) 2022-08-07T09:30:51.572+0000: 21.456: [ParNew: 18419K->1752K(19008K), 0.0085785 secs] 57113K->40591K(83632K), 0.0093454 secs] [Times: user=0.03 sys=0.00, real=0.01 secs] 
Heap after GC invocations=179 (full 16):
 par new generation   total 19008K, used 1752K [0x00000000c2600000, 0x00000000c3aa0000, 0x00000000d6e00000)
  eden space 16896K,   0% used [0x00000000c2600000, 0x00000000c2600000, 0x00000000c3680000)
  from space 2112K,  82% used [0x00000000c3890000, 0x00000000c3a46330, 0x00000000c3aa0000)
  to   space 2112K,   0% used [0x00000000c3680000, 0x00000000c3680000, 0x00000000c3890000)
 concurrent mark-sweep generation total 64624K, used 38838K [0x00000000d6e00000, 0x00000000dad1c000, 0x0000000100000000)
 Metaspace       used 61121K, capacity 63702K, committed 63848K, reserved 1105920K
  class space    used 7801K, capacity 8273K, committed 8316K, reserved 1048576K
}
2022-08-07T09:30:51.582+0000: 21.466: Application time: 0.0003184 seconds
2022-08-07T09:30:51.583+0000: 21.467: [GC (CMS Initial Mark) [1 CMS-initial-mark: 38838K(64624K)] 40947K(83632K), 0.0024668 secs] [Times: user=0.01 sys=0.00, real=0.01 secs] 
2022-08-07T09:30:51.586+0000: 21.470: [CMS-concurrent-mark-start]
2022-08-07T09:30:51.693+0000: 21.577: [CMS-concurrent-mark: 0.107/0.107 secs] [Times: user=0.29 sys=0.07, real=0.10 secs] 
2022-08-07T09:30:51.694+0000: 21.577: Application time: 0.1077903 seconds
2022-08-07T09:30:51.695+0000: 21.579: [CMS-concurrent-preclean-start]
2022-08-07T09:30:51.707+0000: 21.591: [CMS-concurrent-preclean: 0.009/0.011 secs] [Times: user=0.02 sys=0.01, real=0.02 secs] 
2022-08-07T09:30:51.707+0000: 21.591: [CMS-concurrent-abortable-preclean-start]
2022-08-07T09:30:51.742+0000: 21.626: Application time: 0.0464911 seconds
2022-08-07T09:30:51.742+0000: 21.626: Application time: 0.0002562 seconds
2022-08-07T09:30:51.750+0000: 21.634: Application time: 0.0075204 seconds
2022-08-07T09:30:51.751+0000: 21.635: Application time: 0.0002153 seconds
2022-08-07T09:30:51.758+0000: 21.642: Application time: 0.0068732 seconds
2022-08-07T09:30:51.759+0000: 21.643: Application time: 0.0001894 seconds
2022-08-07T09:30:51.768+0000: 21.652: Application time: 0.0085184 seconds
{Heap before GC invocations=179 (full 17):
 par new generation   total 19008K, used 18648K [0x00000000c2600000, 0x00000000c3aa0000, 0x00000000d6e00000)
  eden space 16896K, 100% used [0x00000000c2600000, 0x00000000c3680000, 0x00000000c3680000)
  from space 2112K,  82% used [0x00000000c3890000, 0x00000000c3a46330, 0x00000000c3aa0000)
  to   space 2112K,   0% used [0x00000000c3680000, 0x00000000c3680000, 0x00000000c3890000)
 concurrent mark-sweep generation total 64624K, used 38838K [0x00000000d6e00000, 0x00000000dad1c000, 0x0000000100000000)
 Metaspace       used 61306K, capacity 63862K, committed 64104K, reserved 1105920K
  class space    used 7825K, capacity 8305K, committed 8316K, reserved 1048576K
2022-08-07T09:30:51.769+0000: 21.652: [GC (Allocation Failure) 2022-08-07T09:30:51.769+0000: 21.653: [ParNew: 18648K->1793K(19008K), 0.0120816 secs] 57487K->40766K(83632K), 0.0129781 secs] [Times: user=0.03 sys=0.01, real=0.01 secs] 
Heap after GC invocations=180 (full 17):
 par new generation   total 19008K, used 1793K [0x00000000c2600000, 0x00000000c3aa0000, 0x00000000d6e00000)
  eden space 16896K,   0% used [0x00000000c2600000, 0x00000000c2600000, 0x00000000c3680000)
  from space 2112K,  84% used [0x00000000c3680000, 0x00000000c3840750, 0x00000000c3890000)
  to   space 2112K,   0% used [0x00000000c3890000, 0x00000000c3890000, 0x00000000c3aa0000)
 concurrent mark-sweep generation total 64624K, used 38972K [0x00000000d6e00000, 0x00000000dad1c000, 0x0000000100000000)
 Metaspace       used 61306K, capacity 63862K, committed 64104K, reserved 1105920K
  class space    used 7825K, capacity 8305K, committed 8316K, reserved 1048576K
}
2022-08-07T09:30:51.783+0000: 21.667: Application time: 0.0004358 seconds
2022-08-07T09:30:51.784+0000: 21.668: Application time: 0.0006869 seconds
2022-08-07T09:30:51.807+0000: 21.691: Application time: 0.0229725 seconds
2022-08-07T09:30:51.808+0000: 21.692: Application time: 0.0002014 seconds
2022-08-07T09:30:51.809+0000: 21.693: Application time: 0.0005340 seconds
2022-08-07T09:30:51.810+0000: 21.693: Application time: 0.0002283 seconds
2022-08-07T09:30:51.810+0000: 21.694: Application time: 0.0001958 seconds
2022-08-07T09:30:51.811+0000: 21.695: Application time: 0.0004130 seconds
2022-08-07T09:30:51.811+0000: 21.695: Application time: 0.0002644 seconds
2022-08-07T09:30:51.812+0000: 21.696: Application time: 0.0003055 seconds
2022-08-07T09:30:51.813+0000: 21.697: Application time: 0.0002321 seconds
2022-08-07T09:30:51.813+0000: 21.697: Application time: 0.0004356 seconds
2022-08-07T09:30:51.814+0000: 21.698: Application time: 0.0003100 seconds
2022-08-07T09:30:51.815+0000: 21.699: Application time: 0.0002948 seconds
2022-08-07T09:30:51.822+0000: 21.706: Application time: 0.0073634 seconds
2022-08-07T09:30:51.830+0000: 21.714: Application time: 0.0070548 seconds
2022-08-07T09:30:51.831+0000: 21.715: Application time: 0.0003890 seconds
2022-08-07T09:30:51.832+0000: 21.716: Application time: 0.0009797 seconds
2022-08-07T09:30:51.836+0000: 21.720: Application time: 0.0037856 seconds
2022-08-07T09:30:51.837+0000: 21.721: Application time: 0.0008303 seconds
2022-08-07T09:30:51.850+0000: 21.734: Application time: 0.0126629 seconds
2022-08-07T09:30:51.851+0000: 21.735: Application time: 0.0003820 seconds
2022-08-07T09:30:51.852+0000: 21.736: Application time: 0.0009505 seconds
2022-08-07T09:30:51.870+0000: 21.754: Application time: 0.0176862 seconds
2022-08-07T09:30:51.879+0000: 21.763: [CMS-concurrent-abortable-preclean: 0.096/0.172 secs] [Times: user=0.36 sys=0.18, real=0.17 secs] 
2022-08-07T09:30:51.880+0000: 21.764: Application time: 0.0090910 seconds
2022-08-07T09:30:51.880+0000: 21.764: [GC (CMS Final Remark) [YG occupancy: 12023 K (19008 K)]2022-08-07T09:30:51.881+0000: 21.764: [Rescan (parallel) , 0.0102684 secs]2022-08-07T09:30:51.891+0000: 21.775: [weak refs processing, 0.0019725 secs]2022-08-07T09:30:51.894+0000: 21.777: [class unloading, 0.0137860 secs]2022-08-07T09:30:51.908+0000: 21.792: [scrub symbol table, 0.0134397 secs]2022-08-07T09:30:51.922+0000: 21.805: [scrub string table, 0.0011232 secs][1 CMS-remark: 38972K(64624K)] 50995K(83632K), 0.0429780 secs] [Times: user=0.09 sys=0.01, real=0.04 secs] 
2022-08-07T09:30:51.924+0000: 21.808: [CMS-concurrent-sweep-start]
2022-08-07T09:30:51.944+0000: 21.828: [CMS-concurrent-sweep: 0.020/0.020 secs] [Times: user=0.07 sys=0.00, real=0.02 secs] 
2022-08-07T09:30:51.946+0000: 21.830: [CMS-concurrent-reset-start]
2022-08-07T09:30:51.946+0000: 21.830: [CMS-concurrent-reset: 0.001/0.001 secs] [Times: user=0.00 sys=0.00, real=0.00 secs] 
2022-08-07T09:30:51.951+0000: 21.835: Application time: 0.0271117 seconds
{Heap before GC invocations=180 (full 17):
 par new generation   total 19008K, used 18689K [0x00000000c2600000, 0x00000000c3aa0000, 0x00000000d6e00000)
  eden space 16896K, 100% used [0x00000000c2600000, 0x00000000c3680000, 0x00000000c3680000)
  from space 2112K,  84% used [0x00000000c3680000, 0x00000000c3840750, 0x00000000c3890000)
  to   space 2112K,   0% used [0x00000000c3890000, 0x00000000c3890000, 0x00000000c3aa0000)
 concurrent mark-sweep generation total 64924K, used 38953K [0x00000000d6e00000, 0x00000000dad67000, 0x0000000100000000)
 Metaspace       used 61350K, capacity 63902K, committed 64104K, reserved 1105920K
  class space    used 7831K, capacity 8301K, committed 8316K, reserved 1048576K
2022-08-07T09:30:51.951+0000: 21.835: [GC (Allocation Failure) 2022-08-07T09:30:51.952+0000: 21.836: [ParNew: 18689K->1379K(19008K), 0.0059963 secs] 57643K->40595K(83932K), 0.0068449 secs] [Times: user=0.02 sys=0.00, real=0.01 secs] 
Heap after GC invocations=181 (full 17):
 par new generation   total 19008K, used 1379K [0x00000000c2600000, 0x00000000c3aa0000, 0x00000000d6e00000)
  eden space 16896K,   0% used [0x00000000c2600000, 0x00000000c2600000, 0x00000000c3680000)
  from space 2112K,  65% used [0x00000000c3890000, 0x00000000c39e8c18, 0x00000000c3aa0000)
  to   space 2112K,   0% used [0x00000000c3680000, 0x00000000c3680000, 0x00000000c3890000)
 concurrent mark-sweep generation total 64924K, used 39216K [0x00000000d6e00000, 0x00000000dad67000, 0x0000000100000000)
 Metaspace       used 61350K, capacity 63902K, committed 64104K, reserved 1105920K
  class space    used 7831K, capacity 8301K, committed 8316K, reserved 1048576K
}
2022-08-07T09:30:51.959+0000: 21.843: Application time: 0.0003046 seconds
2022-08-07T09:30:51.960+0000: 21.844: [GC (CMS Initial Mark) [1 CMS-initial-mark: 39216K(64924K)] 40864K(83932K), 0.0019760 secs] [Times: user=0.01 sys=0.00, real=0.00 secs] 
2022-08-07T09:30:51.963+0000: 21.846: [CMS-concurrent-mark-start]
2022-08-07T09:30:52.019+0000: 21.903: Application time: 0.0564004 seconds
2022-08-07T09:30:52.020+0000: 21.903: Application time: 0.0003171 seconds
2022-08-07T09:30:52.021+0000: 21.904: Application time: 0.0007168 seconds
2022-08-07T09:30:52.023+0000: 21.907: Application time: 0.0020204 seconds
2022-08-07T09:30:52.023+0000: 21.907: Application time: 0.0003252 seconds
2022-08-07T09:30:52.024+0000: 21.908: Application time: 0.0004737 seconds
2022-08-07T09:30:52.040+0000: 21.923: Application time: 0.0150189 seconds
{Heap before GC invocations=181 (full 18):
 par new generation   total 19008K, used 18275K [0x00000000c2600000, 0x00000000c3aa0000, 0x00000000d6e00000)
  eden space 16896K, 100% used [0x00000000c2600000, 0x00000000c3680000, 0x00000000c3680000)
  from space 2112K,  65% used [0x00000000c3890000, 0x00000000c39e8c18, 0x00000000c3aa0000)
  to   space 2112K,   0% used [0x00000000c3680000, 0x00000000c3680000, 0x00000000c3890000)
 concurrent mark-sweep generation total 64924K, used 39216K [0x00000000d6e00000, 0x00000000dad67000, 0x0000000100000000)
 Metaspace       used 61444K, capacity 64002K, committed 64232K, reserved 1105920K
  class space    used 7846K, capacity 8333K, committed 8444K, reserved 1048576K
2022-08-07T09:30:52.041+0000: 21.924: [GC (Allocation Failure) 2022-08-07T09:30:52.041+0000: 21.925: [ParNew: 18275K->1813K(19008K), 0.0038075 secs] 57491K->41030K(83932K), 0.0045241 secs] [Times: user=0.02 sys=0.00, real=0.00 secs] 
Heap after GC invocations=182 (full 18):
 par new generation   total 19008K, used 1813K [0x00000000c2600000, 0x00000000c3aa0000, 0x00000000d6e00000)
  eden space 16896K,   0% used [0x00000000c2600000, 0x00000000c2600000, 0x00000000c3680000)
  from space 2112K,  85% used [0x00000000c3680000, 0x00000000c38457b8, 0x00000000c3890000)
  to   space 2112K,   0% used [0x00000000c3890000, 0x00000000c3890000, 0x00000000c3aa0000)
 concurrent mark-sweep generation total 64924K, used 39216K [0x00000000d6e00000, 0x00000000dad67000, 0x0000000100000000)
 Metaspace       used 61444K, capacity 64002K, committed 64232K, reserved 1105920K
  class space    used 7846K, capacity 8333K, committed 8444K, reserved 1048576K
}
2022-08-07T09:30:52.063+0000: 21.946: [CMS-concurrent-mark: 0.087/0.100 secs] [Times: user=0.33 sys=0.04, real=0.10 secs] 
2022-08-07T09:30:52.063+0000: 21.947: [CMS-concurrent-preclean-start]
2022-08-07T09:30:52.065+0000: 21.948: Application time: 0.0187564 seconds
2022-08-07T09:30:52.065+0000: 21.949: Application time: 0.0002194 seconds
2022-08-07T09:30:52.066+0000: 21.950: Application time: 0.0005191 seconds
2022-08-07T09:30:52.108+0000: 21.991: Application time: 0.0415224 seconds
2022-08-07T09:30:52.114+0000: 21.998: [CMS-concurrent-preclean: 0.034/0.051 secs] [Times: user=0.13 sys=0.04, real=0.05 secs] 
2022-08-07T09:30:52.125+0000: 22.009: [CMS-concurrent-abortable-preclean-start]
2022-08-07T09:30:52.175+0000: 22.058: Application time: 0.0664386 seconds
{Heap before GC invocations=182 (full 18):
 par new generation   total 19008K, used 18709K [0x00000000c2600000, 0x00000000c3aa0000, 0x00000000d6e00000)
  eden space 16896K, 100% used [0x00000000c2600000, 0x00000000c3680000, 0x00000000c3680000)
  from space 2112K,  85% used [0x00000000c3680000, 0x00000000c38457b8, 0x00000000c3890000)
  to   space 2112K,   0% used [0x00000000c3890000, 0x00000000c3890000, 0x00000000c3aa0000)
 concurrent mark-sweep generation total 64924K, used 39216K [0x00000000d6e00000, 0x00000000dad67000, 0x0000000100000000)
 Metaspace       used 61779K, capacity 64434K, committed 64744K, reserved 1105920K
  class space    used 7892K, capacity 8369K, committed 8444K, reserved 1048576K
2022-08-07T09:30:52.175+0000: 22.059: [GC (Allocation Failure) 2022-08-07T09:30:52.176+0000: 22.059: [ParNew: 18709K->2112K(19008K), 0.0136867 secs] 57926K->41915K(83932K), 0.0146860 secs] [Times: user=0.04 sys=0.00, real=0.02 secs] 
Heap after GC invocations=183 (full 18):
 par new generation   total 19008K, used 2112K [0x00000000c2600000, 0x00000000c3aa0000, 0x00000000d6e00000)
  eden space 16896K,   0% used [0x00000000c2600000, 0x00000000c2600000, 0x00000000c3680000)
  from space 2112K, 100% used [0x00000000c3890000, 0x00000000c3aa0000, 0x00000000c3aa0000)
  to   space 2112K,   0% used [0x00000000c3680000, 0x00000000c3680000, 0x00000000c3890000)
 concurrent mark-sweep generation total 64924K, used 39803K [0x00000000d6e00000, 0x00000000dad67000, 0x0000000100000000)
 Metaspace       used 61779K, capacity 64434K, committed 64744K, reserved 1105920K
  class space    used 7892K, capacity 8369K, committed 8444K, reserved 1048576K
}
2022-08-07T09:30:52.196+0000: 22.080: Application time: 0.0051857 seconds
2022-08-07T09:30:52.204+0000: 22.088: Application time: 0.0082138 seconds
2022-08-07T09:30:52.234+0000: 22.118: Application time: 0.0288986 seconds
2022-08-07T09:30:52.246+0000: 22.130: Application time: 0.0107039 seconds
2022-08-07T09:30:52.299+0000: 22.183: Application time: 0.0532861 seconds
2022-08-07T09:30:52.467+0000: 22.351: [CMS-concurrent-abortable-preclean: 0.140/0.342 secs] [Times: user=0.94 sys=0.14, real=0.35 secs] 
2022-08-07T09:30:52.468+0000: 22.352: Application time: 0.1675135 seconds
2022-08-07T09:30:52.468+0000: 22.352: [GC (CMS Final Remark) [YG occupancy: 17546 K (19008 K)]2022-08-07T09:30:52.469+0000: 22.353: [Rescan (parallel) , 0.0065054 secs]2022-08-07T09:30:52.476+0000: 22.360: [weak refs processing, 0.0004546 secs]2022-08-07T09:30:52.476+0000: 22.360: [class unloading, 0.0104435 secs]2022-08-07T09:30:52.487+0000: 22.371: [scrub symbol table, 0.0156509 secs]2022-08-07T09:30:52.504+0000: 22.387: [scrub string table, 0.0012699 secs][1 CMS-remark: 39803K(64924K)] 57349K(83932K), 0.0370271 secs] [Times: user=0.07 sys=0.00, real=0.04 secs] 
2022-08-07T09:30:52.506+0000: 22.390: [CMS-concurrent-sweep-start]
2022-08-07T09:30:52.526+0000: 22.410: [CMS-concurrent-sweep: 0.020/0.020 secs] [Times: user=0.05 sys=0.01, real=0.02 secs] 
2022-08-07T09:30:52.527+0000: 22.411: [CMS-concurrent-reset-start]
2022-08-07T09:30:52.527+0000: 22.411: [CMS-concurrent-reset: 0.001/0.001 secs] [Times: user=0.00 sys=0.00, real=0.00 secs] 
2022-08-07T09:30:52.543+0000: 22.427: Application time: 0.0372914 seconds
{Heap before GC invocations=183 (full 18):
 par new generation   total 19008K, used 19008K [0x00000000c2600000, 0x00000000c3aa0000, 0x00000000d6e00000)
  eden space 16896K, 100% used [0x00000000c2600000, 0x00000000c3680000, 0x00000000c3680000)
  from space 2112K, 100% used [0x00000000c3890000, 0x00000000c3aa0000, 0x00000000c3aa0000)
  to   space 2112K,   0% used [0x00000000c3680000, 0x00000000c3680000, 0x00000000c3890000)
 concurrent mark-sweep generation total 66300K, used 39779K [0x00000000d6e00000, 0x00000000daebf000, 0x0000000100000000)
 Metaspace       used 63257K, capacity 65900K, committed 66280K, reserved 1107968K
  class space    used 8049K, capacity 8574K, committed 8700K, reserved 1048576K
2022-08-07T09:30:52.544+0000: 22.427: [GC (Allocation Failure) 2022-08-07T09:30:52.544+0000: 22.428: [ParNew: 19008K->2112K(19008K), 0.0172328 secs] 58787K->43911K(85308K), 0.0181276 secs] [Times: user=0.03 sys=0.00, real=0.02 secs] 
Heap after GC invocations=184 (full 18):
 par new generation   total 19008K, used 2112K [0x00000000c2600000, 0x00000000c3aa0000, 0x00000000d6e00000)
  eden space 16896K,   0% used [0x00000000c2600000, 0x00000000c2600000, 0x00000000c3680000)
  from space 2112K, 100% used [0x00000000c3680000, 0x00000000c3890000, 0x00000000c3890000)
  to   space 2112K,   0% used [0x00000000c3890000, 0x00000000c3890000, 0x00000000c3aa0000)
 concurrent mark-sweep generation total 66300K, used 41799K [0x00000000d6e00000, 0x00000000daebf000, 0x0000000100000000)
 Metaspace       used 63257K, capacity 65900K, committed 66280K, reserved 1107968K
  class space    used 8049K, capacity 8574K, committed 8700K, reserved 1048576K
}
2022-08-07T09:30:52.563+0000: 22.447: Application time: 0.0003209 seconds
2022-08-07T09:30:52.563+0000: 22.447: [GC (CMS Initial Mark) [1 CMS-initial-mark: 41799K(66300K)] 44232K(85308K), 0.0020109 secs] [Times: user=0.00 sys=0.00, real=0.01 secs] 
2022-08-07T09:30:52.566+0000: 22.450: [CMS-concurrent-mark-start]
2022-08-07T09:30:52.645+0000: 22.529: [CMS-concurrent-mark: 0.079/0.079 secs] [Times: user=0.23 sys=0.03, real=0.07 secs] 
2022-08-07T09:30:52.646+0000: 22.530: [CMS-concurrent-preclean-start]
2022-08-07T09:30:52.652+0000: 22.536: [CMS-concurrent-preclean: 0.004/0.006 secs] [Times: user=0.01 sys=0.01, real=0.00 secs] 
2022-08-07T09:30:52.653+0000: 22.537: [CMS-concurrent-abortable-preclean-start]
2022-08-07T09:30:52.674+0000: 22.558: Application time: 0.1083493 seconds
{Heap before GC invocations=184 (full 19):
 par new generation   total 19008K, used 19008K [0x00000000c2600000, 0x00000000c3aa0000, 0x00000000d6e00000)
  eden space 16896K, 100% used [0x00000000c2600000, 0x00000000c3680000, 0x00000000c3680000)
  from space 2112K, 100% used [0x00000000c3680000, 0x00000000c3890000, 0x00000000c3890000)
  to   space 2112K,   0% used [0x00000000c3890000, 0x00000000c3890000, 0x00000000c3aa0000)
 concurrent mark-sweep generation total 66300K, used 41799K [0x00000000d6e00000, 0x00000000daebf000, 0x0000000100000000)
 Metaspace       used 63555K, capacity 66220K, committed 66536K, reserved 1107968K
  class space    used 8101K, capacity 8638K, committed 8700K, reserved 1048576K
2022-08-07T09:30:52.675+0000: 22.559: [GC (Allocation Failure) 2022-08-07T09:30:52.675+0000: 22.559: [ParNew: 19008K->1115K(19008K), 0.0108954 secs] 60807K->44175K(85308K), 0.0116906 secs] [Times: user=0.02 sys=0.01, real=0.02 secs] 
Heap after GC invocations=185 (full 19):
 par new generation   total 19008K, used 1115K [0x00000000c2600000, 0x00000000c3aa0000, 0x00000000d6e00000)
  eden space 16896K,   0% used [0x00000000c2600000, 0x00000000c2600000, 0x00000000c3680000)
  from space 2112K,  52% used [0x00000000c3890000, 0x00000000c39a6cf0, 0x00000000c3aa0000)
  to   space 2112K,   0% used [0x00000000c3680000, 0x00000000c3680000, 0x00000000c3890000)
 concurrent mark-sweep generation total 66300K, used 43060K [0x00000000d6e00000, 0x00000000daebf000, 0x0000000100000000)
 Metaspace       used 63555K, capacity 66220K, committed 66536K, reserved 1107968K
  class space    used 8101K, capacity 8638K, committed 8700K, reserved 1048576K
}
2022-08-07T09:30:52.718+0000: 22.602: Application time: 0.0307381 seconds
2022-08-07T09:30:52.756+0000: 22.640: Application time: 0.0382450 seconds
2022-08-07T09:30:52.766+0000: 22.650: [CMS-concurrent-abortable-preclean: 0.049/0.114 secs] [Times: user=0.18 sys=0.08, real=0.12 secs] 
2022-08-07T09:30:52.767+0000: 22.651: Application time: 0.0095970 seconds
2022-08-07T09:30:52.768+0000: 22.652: [GC (CMS Final Remark) [YG occupancy: 13080 K (19008 K)]2022-08-07T09:30:52.768+0000: 22.652: [Rescan (parallel) , 0.0084474 secs]2022-08-07T09:30:52.777+0000: 22.661: [weak refs processing, 0.0011029 secs]2022-08-07T09:30:52.778+0000: 22.662: [class unloading, 0.0128415 secs]2022-08-07T09:30:52.792+0000: 22.675: [scrub symbol table, 0.0190608 secs]2022-08-07T09:30:52.811+0000: 22.695: [scrub string table, 0.0012914 secs][1 CMS-remark: 43060K(66300K)] 56140K(85308K), 0.0451071 secs] [Times: user=0.04 sys=0.01, real=0.04 secs] 
2022-08-07T09:30:52.814+0000: 22.698: [CMS-concurrent-sweep-start]
2022-08-07T09:30:52.842+0000: 22.726: [CMS-concurrent-sweep: 0.028/0.028 secs] [Times: user=0.06 sys=0.02, real=0.03 secs] 
2022-08-07T09:30:52.842+0000: 22.726: [CMS-concurrent-reset-start]
2022-08-07T09:30:52.843+0000: 22.727: [CMS-concurrent-reset: 0.001/0.001 secs] [Times: user=0.00 sys=0.00, real=0.00 secs] 
2022-08-07T09:30:52.856+0000: 22.740: Application time: 0.0425846 seconds
{Heap before GC invocations=185 (full 19):
 par new generation   total 19008K, used 18011K [0x00000000c2600000, 0x00000000c3aa0000, 0x00000000d6e00000)
  eden space 16896K, 100% used [0x00000000c2600000, 0x00000000c3680000, 0x00000000c3680000)
  from space 2112K,  52% used [0x00000000c3890000, 0x00000000c39a6cf0, 0x00000000c3aa0000)
  to   space 2112K,   0% used [0x00000000c3680000, 0x00000000c3680000, 0x00000000c3890000)
 concurrent mark-sweep generation total 70976K, used 42584K [0x00000000d6e00000, 0x00000000db350000, 0x0000000100000000)
 Metaspace       used 63688K, capacity 66284K, committed 66536K, reserved 1107968K
  class space    used 8121K, capacity 8638K, committed 8700K, reserved 1048576K
2022-08-07T09:30:52.858+0000: 22.742: [GC (Allocation Failure) 2022-08-07T09:30:52.858+0000: 22.742: [ParNew: 18011K->496K(19008K), 0.0047681 secs] 60595K->43081K(89984K), 0.0058284 secs] [Times: user=0.01 sys=0.00, real=0.00 secs] 
Heap after GC invocations=186 (full 19):
 par new generation   total 19008K, used 496K [0x00000000c2600000, 0x00000000c3aa0000, 0x00000000d6e00000)
  eden space 16896K,   0% used [0x00000000c2600000, 0x00000000c2600000, 0x00000000c3680000)
  from space 2112K,  23% used [0x00000000c3680000, 0x00000000c36fc208, 0x00000000c3890000)
  to   space 2112K,   0% used [0x00000000c3890000, 0x00000000c3890000, 0x00000000c3aa0000)
 concurrent mark-sweep generation total 70976K, used 42584K [0x00000000d6e00000, 0x00000000db350000, 0x0000000100000000)
 Metaspace       used 63688K, capacity 66284K, committed 66536K, reserved 1107968K
  class space    used 8121K, capacity 8638K, committed 8700K, reserved 1048576K
}
2022-08-07T09:30:52.928+0000: 22.811: Application time: 0.0632259 seconds
2022-08-07T09:30:52.977+0000: 22.861: Application time: 0.0486912 seconds
2022-08-07T09:30:52.980+0000: 22.864: Application time: 0.0006064 seconds
2022-08-07T09:30:52.984+0000: 22.868: Application time: 0.0035017 seconds
2022-08-07T09:30:52.990+0000: 22.875: Application time: 0.0006580 seconds
2022-08-07T09:30:52.993+0000: 22.877: Application time: 0.0013575 seconds
{Heap before GC invocations=186 (full 19):
 par new generation   total 19008K, used 17392K [0x00000000c2600000, 0x00000000c3aa0000, 0x00000000d6e00000)
  eden space 16896K, 100% used [0x00000000c2600000, 0x00000000c3680000, 0x00000000c3680000)
  from space 2112K,  23% used [0x00000000c3680000, 0x00000000c36fc208, 0x00000000c3890000)
  to   space 2112K,   0% used [0x00000000c3890000, 0x00000000c3890000, 0x00000000c3aa0000)
 concurrent mark-sweep generation total 70976K, used 42584K [0x00000000d6e00000, 0x00000000db350000, 0x0000000100000000)
 Metaspace       used 63914K, capacity 66550K, committed 66792K, reserved 1107968K
  class space    used 8154K, capacity 8679K, committed 8700K, reserved 1048576K
2022-08-07T09:30:52.993+0000: 22.877: [GC (Allocation Failure) 2022-08-07T09:30:52.994+0000: 22.877: [ParNew: 17392K->713K(19008K), 0.0187262 secs] 59977K->43298K(89984K), 0.0198560 secs] [Times: user=0.05 sys=0.00, real=0.02 secs] 
Heap after GC invocations=187 (full 19):
 par new generation   total 19008K, used 713K [0x00000000c2600000, 0x00000000c3aa0000, 0x00000000d6e00000)
  eden space 16896K,   0% used [0x00000000c2600000, 0x00000000c2600000, 0x00000000c3680000)
  from space 2112K,  33% used [0x00000000c3890000, 0x00000000c3942798, 0x00000000c3aa0000)
  to   space 2112K,   0% used [0x00000000c3680000, 0x00000000c3680000, 0x00000000c3890000)
 concurrent mark-sweep generation total 70976K, used 42584K [0x00000000d6e00000, 0x00000000db350000, 0x0000000100000000)
 Metaspace       used 63914K, capacity 66550K, committed 66792K, reserved 1107968K
  class space    used 8154K, capacity 8679K, committed 8700K, reserved 1048576K
}
2022-08-07T09:30:53.030+0000: 22.914: Application time: 0.0160305 seconds
2022-08-07T09:30:53.036+0000: 22.920: Application time: 0.0056619 seconds
2022-08-07T09:30:53.048+0000: 22.932: Application time: 0.0113304 seconds
2022-08-07T09:30:53.153+0000: 23.037: Application time: 0.1046055 seconds
2022-08-07T09:30:53.154+0000: 23.039: Application time: 0.0009828 seconds
2022-08-07T09:30:53.167+0000: 23.051: Application time: 0.0120175 seconds
{Heap before GC invocations=187 (full 19):
 par new generation   total 19008K, used 17609K [0x00000000c2600000, 0x00000000c3aa0000, 0x00000000d6e00000)
  eden space 16896K, 100% used [0x00000000c2600000, 0x00000000c3680000, 0x00000000c3680000)
  from space 2112K,  33% used [0x00000000c3890000, 0x00000000c3942798, 0x00000000c3aa0000)
  to   space 2112K,   0% used [0x00000000c3680000, 0x00000000c3680000, 0x00000000c3890000)
 concurrent mark-sweep generation total 70976K, used 42584K [0x00000000d6e00000, 0x00000000db350000, 0x0000000100000000)
 Metaspace       used 64311K, capacity 66996K, committed 67176K, reserved 1107968K
  class space    used 8196K, capacity 8716K, committed 8828K, reserved 1048576K
2022-08-07T09:30:53.168+0000: 23.052: [GC (Allocation Failure) 2022-08-07T09:30:53.169+0000: 23.053: [ParNew: 17609K->1419K(19008K), 0.0055485 secs] 60194K->44004K(89984K), 0.0062482 secs] [Times: user=0.02 sys=0.00, real=0.00 secs] 
Heap after GC invocations=188 (full 19):
 par new generation   total 19008K, used 1419K [0x00000000c2600000, 0x00000000c3aa0000, 0x00000000d6e00000)
  eden space 16896K,   0% used [0x00000000c2600000, 0x00000000c2600000, 0x00000000c3680000)
  from space 2112K,  67% used [0x00000000c3680000, 0x00000000c37e2f90, 0x00000000c3890000)
  to   space 2112K,   0% used [0x00000000c3890000, 0x00000000c3890000, 0x00000000c3aa0000)
 concurrent mark-sweep generation total 70976K, used 42584K [0x00000000d6e00000, 0x00000000db350000, 0x0000000100000000)
 Metaspace       used 64311K, capacity 66996K, committed 67176K, reserved 1107968K
  class space    used 8196K, capacity 8716K, committed 8828K, reserved 1048576K
}
2022-08-07T09:30:53.187+0000: 23.070: Application time: 0.0115759 seconds
2022-08-07T09:30:53.222+0000: 23.106: Application time: 0.0352153 seconds
2022-08-07T09:30:53.224+0000: 23.108: Application time: 0.0002013 seconds
2022-08-07T09:30:53.224+0000: 23.108: Application time: 0.0001866 seconds
2022-08-07T09:30:53.262+0000: 23.147: Application time: 0.0382729 seconds
{Heap before GC invocations=188 (full 19):
 par new generation   total 19008K, used 18315K [0x00000000c2600000, 0x00000000c3aa0000, 0x00000000d6e00000)
  eden space 16896K, 100% used [0x00000000c2600000, 0x00000000c3680000, 0x00000000c3680000)
  from space 2112K,  67% used [0x00000000c3680000, 0x00000000c37e2f90, 0x00000000c3890000)
  to   space 2112K,   0% used [0x00000000c3890000, 0x00000000c3890000, 0x00000000c3aa0000)
 concurrent mark-sweep generation total 70976K, used 42584K [0x00000000d6e00000, 0x00000000db350000, 0x0000000100000000)
 Metaspace       used 64585K, capacity 67232K, committed 67432K, reserved 1107968K
  class space    used 8229K, capacity 8750K, committed 8828K, reserved 1048576K
2022-08-07T09:30:53.263+0000: 23.147: [GC (Allocation Failure) 2022-08-07T09:30:53.265+0000: 23.149: [ParNew: 18315K->1406K(19008K), 0.0121534 secs] 60900K->44219K(89984K), 0.0143661 secs] [Times: user=0.02 sys=0.00, real=0.02 secs] 
Heap after GC invocations=189 (full 19):
 par new generation   total 19008K, used 1406K [0x00000000c2600000, 0x00000000c3aa0000, 0x00000000d6e00000)
  eden space 16896K,   0% used [0x00000000c2600000, 0x00000000c2600000, 0x00000000c3680000)
  from space 2112K,  66% used [0x00000000c3890000, 0x00000000c39efa90, 0x00000000c3aa0000)
  to   space 2112K,   0% used [0x00000000c3680000, 0x00000000c3680000, 0x00000000c3890000)
 concurrent mark-sweep generation total 70976K, used 42812K [0x00000000d6e00000, 0x00000000db350000, 0x0000000100000000)
 Metaspace       used 64585K, capacity 67232K, committed 67432K, reserved 1107968K
  class space    used 8229K, capacity 8750K, committed 8828K, reserved 1048576K
}
2022-08-07T09:30:53.288+0000: 23.172: Application time: 0.0090293 seconds
2022-08-07T09:30:53.292+0000: 23.176: [GC (CMS Initial Mark) [1 CMS-initial-mark: 42812K(70976K)] 44465K(89984K), 0.0031922 secs] [Times: user=0.01 sys=0.00, real=0.01 secs] 
2022-08-07T09:30:53.296+0000: 23.180: [CMS-concurrent-mark-start]
2022-08-07T09:30:53.441+0000: 23.325: [CMS-concurrent-mark: 0.144/0.144 secs] [Times: user=0.44 sys=0.05, real=0.14 secs] 
2022-08-07T09:30:53.441+0000: 23.325: [CMS-concurrent-preclean-start]
2022-08-07T09:30:53.443+0000: 23.327: Application time: 0.1469568 seconds
{Heap before GC invocations=189 (full 20):
 par new generation   total 19008K, used 18302K [0x00000000c2600000, 0x00000000c3aa0000, 0x00000000d6e00000)
  eden space 16896K, 100% used [0x00000000c2600000, 0x00000000c3680000, 0x00000000c3680000)
  from space 2112K,  66% used [0x00000000c3890000, 0x00000000c39efa90, 0x00000000c3aa0000)
  to   space 2112K,   0% used [0x00000000c3680000, 0x00000000c3680000, 0x00000000c3890000)
 concurrent mark-sweep generation total 70976K, used 42812K [0x00000000d6e00000, 0x00000000db350000, 0x0000000100000000)
 Metaspace       used 64866K, capacity 67606K, committed 67688K, reserved 1107968K
  class space    used 8259K, capacity 8787K, committed 8828K, reserved 1048576K
2022-08-07T09:30:53.444+0000: 23.328: [GC (Allocation Failure) 2022-08-07T09:30:53.445+0000: 23.328: [ParNew: 18302K->1795K(19008K), 0.0037982 secs] 61115K->44607K(89984K), 0.0049542 secs] [Times: user=0.02 sys=0.00, real=0.01 secs] 
Heap after GC invocations=190 (full 20):
 par new generation   total 19008K, used 1795K [0x00000000c2600000, 0x00000000c3aa0000, 0x00000000d6e00000)
  eden space 16896K,   0% used [0x00000000c2600000, 0x00000000c2600000, 0x00000000c3680000)
  from space 2112K,  84% used [0x00000000c3680000, 0x00000000c3840c38, 0x00000000c3890000)
  to   space 2112K,   0% used [0x00000000c3890000, 0x00000000c3890000, 0x00000000c3aa0000)
 concurrent mark-sweep generation total 70976K, used 42812K [0x00000000d6e00000, 0x00000000db350000, 0x0000000100000000)
 Metaspace       used 64866K, capacity 67606K, committed 67688K, reserved 1107968K
  class space    used 8259K, capacity 8787K, committed 8828K, reserved 1048576K
}
2022-08-07T09:30:53.450+0000: 23.334: [CMS-concurrent-preclean: 0.002/0.009 secs] [Times: user=0.03 sys=0.01, real=0.01 secs] 
2022-08-07T09:30:53.452+0000: 23.336: Application time: 0.0020984 seconds
2022-08-07T09:30:53.452+0000: 23.336: [GC (CMS Final Remark) [YG occupancy: 2231 K (19008 K)]2022-08-07T09:30:53.453+0000: 23.336: [Rescan (parallel) , 0.0026374 secs]2022-08-07T09:30:53.456+0000: 23.339: [weak refs processing, 0.0004448 secs]2022-08-07T09:30:53.456+0000: 23.340: [class unloading, 0.0157145 secs]2022-08-07T09:30:53.473+0000: 23.356: [scrub symbol table, 0.0145711 secs]2022-08-07T09:30:53.488+0000: 23.371: [scrub string table, 0.0012408 secs][1 CMS-remark: 42812K(70976K)] 45044K(89984K), 0.0369998 secs] [Times: user=0.11 sys=0.00, real=0.04 secs] 
2022-08-07T09:30:53.495+0000: 23.379: [CMS-concurrent-sweep-start]
2022-08-07T09:30:53.520+0000: 23.404: [CMS-concurrent-sweep: 0.025/0.025 secs] [Times: user=0.09 sys=0.01, real=0.03 secs] 
2022-08-07T09:30:53.523+0000: 23.407: [CMS-concurrent-reset-start]
2022-08-07T09:30:53.524+0000: 23.408: [CMS-concurrent-reset: 0.001/0.001 secs] [Times: user=0.01 sys=0.00, real=0.00 secs] 
2022-08-07T09:30:53.564+0000: 23.448: Application time: 0.0737349 seconds
2022-08-07T09:30:53.624+0000: 23.508: Application time: 0.0601029 seconds
{Heap before GC invocations=190 (full 20):
 par new generation   total 19008K, used 18691K [0x00000000c2600000, 0x00000000c3aa0000, 0x00000000d6e00000)
  eden space 16896K, 100% used [0x00000000c2600000, 0x00000000c3680000, 0x00000000c3680000)
  from space 2112K,  84% used [0x00000000c3680000, 0x00000000c3840c38, 0x00000000c3890000)
  to   space 2112K,   0% used [0x00000000c3890000, 0x00000000c3890000, 0x00000000c3aa0000)
 concurrent mark-sweep generation total 71168K, used 42661K [0x00000000d6e00000, 0x00000000db380000, 0x0000000100000000)
 Metaspace       used 64949K, capacity 67670K, committed 67944K, reserved 1107968K
  class space    used 8262K, capacity 8787K, committed 8828K, reserved 1048576K
2022-08-07T09:30:53.625+0000: 23.509: [GC (Allocation Failure) 2022-08-07T09:30:53.625+0000: 23.509: [ParNew: 18691K->1488K(19008K), 0.0065866 secs] 61352K->44736K(90176K), 0.0075227 secs] [Times: user=0.02 sys=0.00, real=0.01 secs] 
Heap after GC invocations=191 (full 20):
 par new generation   total 19008K, used 1488K [0x00000000c2600000, 0x00000000c3aa0000, 0x00000000d6e00000)
  eden space 16896K,   0% used [0x00000000c2600000, 0x00000000c2600000, 0x00000000c3680000)
  from space 2112K,  70% used [0x00000000c3890000, 0x00000000c3a04390, 0x00000000c3aa0000)
  to   space 2112K,   0% used [0x00000000c3680000, 0x00000000c3680000, 0x00000000c3890000)
 concurrent mark-sweep generation total 71168K, used 43248K [0x00000000d6e00000, 0x00000000db380000, 0x0000000100000000)
 Metaspace       used 64949K, capacity 67670K, committed 67944K, reserved 1107968K
  class space    used 8262K, capacity 8787K, committed 8828K, reserved 1048576K
}
2022-08-07T09:30:53.634+0000: 23.518: Application time: 0.0008961 seconds
2022-08-07T09:30:53.634+0000: 23.518: [GC (CMS Initial Mark) [1 CMS-initial-mark: 43248K(71168K)] 45013K(90176K), 0.0026448 secs] [Times: user=0.01 sys=0.01, real=0.01 secs] 
2022-08-07T09:30:53.638+0000: 23.522: [CMS-concurrent-mark-start]
2022-08-07T09:30:53.740+0000: 23.624: Application time: 0.1023018 seconds
2022-08-07T09:30:53.760+0000: 23.644: [CMS-concurrent-mark: 0.123/0.123 secs] [Times: user=0.30 sys=0.11, real=0.12 secs] 
2022-08-07T09:30:53.761+0000: 23.645: [CMS-concurrent-preclean-start]
2022-08-07T09:30:53.808+0000: 23.692: [CMS-concurrent-preclean: 0.035/0.047 secs] [Times: user=0.09 sys=0.04, real=0.05 secs] 
2022-08-07T09:30:53.808+0000: 23.692: [CMS-concurrent-abortable-preclean-start]
2022-08-07T09:30:53.877+0000: 23.761: Application time: 0.1362070 seconds
{Heap before GC invocations=191 (full 21):
 par new generation   total 19008K, used 18384K [0x00000000c2600000, 0x00000000c3aa0000, 0x00000000d6e00000)
  eden space 16896K, 100% used [0x00000000c2600000, 0x00000000c3680000, 0x00000000c3680000)
  from space 2112K,  70% used [0x00000000c3890000, 0x00000000c3a04390, 0x00000000c3aa0000)
  to   space 2112K,   0% used [0x00000000c3680000, 0x00000000c3680000, 0x00000000c3890000)
 concurrent mark-sweep generation total 71168K, used 43248K [0x00000000d6e00000, 0x00000000db380000, 0x0000000100000000)
 Metaspace       used 65384K, capacity 68130K, committed 68328K, reserved 1107968K
  class space    used 8316K, capacity 8853K, committed 8956K, reserved 1048576K
2022-08-07T09:30:53.878+0000: 23.762: [GC (Allocation Failure) 2022-08-07T09:30:53.878+0000: 23.762: [ParNew: 18384K->2110K(19008K), 0.0058823 secs] 61632K->45382K(90176K), 0.0069299 secs] [Times: user=0.01 sys=0.01, real=0.00 secs] 
Heap after GC invocations=192 (full 21):
 par new generation   total 19008K, used 2110K [0x00000000c2600000, 0x00000000c3aa0000, 0x00000000d6e00000)
  eden space 16896K,   0% used [0x00000000c2600000, 0x00000000c2600000, 0x00000000c3680000)
  from space 2112K,  99% used [0x00000000c3680000, 0x00000000c388f8c0, 0x00000000c3890000)
  to   space 2112K,   0% used [0x00000000c3890000, 0x00000000c3890000, 0x00000000c3aa0000)
 concurrent mark-sweep generation total 71168K, used 43272K [0x00000000d6e00000, 0x00000000db380000, 0x0000000100000000)
 Metaspace       used 65384K, capacity 68130K, committed 68328K, reserved 1107968K
  class space    used 8316K, capacity 8853K, committed 8956K, reserved 1048576K
}
2022-08-07T09:30:53.958+0000: 23.842: Application time: 0.0719770 seconds
{Heap before GC invocations=192 (full 21):
 par new generation   total 19008K, used 19006K [0x00000000c2600000, 0x00000000c3aa0000, 0x00000000d6e00000)
  eden space 16896K, 100% used [0x00000000c2600000, 0x00000000c3680000, 0x00000000c3680000)
  from space 2112K,  99% used [0x00000000c3680000, 0x00000000c388f8c0, 0x00000000c3890000)
  to   space 2112K,   0% used [0x00000000c3890000, 0x00000000c3890000, 0x00000000c3aa0000)
 concurrent mark-sweep generation total 71168K, used 43272K [0x00000000d6e00000, 0x00000000db380000, 0x0000000100000000)
 Metaspace       used 65456K, capacity 68218K, committed 68328K, reserved 1107968K
  class space    used 8323K, capacity 8857K, committed 8956K, reserved 1048576K
2022-08-07T09:30:53.959+0000: 23.842: [GC (Allocation Failure) 2022-08-07T09:30:53.959+0000: 23.843: [ParNew: 19006K->1096K(19008K), 0.0045502 secs] 62278K->44913K(90176K), 0.0053402 secs] [Times: user=0.02 sys=0.00, real=0.00 secs] 
Heap after GC invocations=193 (full 21):
 par new generation   total 19008K, used 1096K [0x00000000c2600000, 0x00000000c3aa0000, 0x00000000d6e00000)
  eden space 16896K,   0% used [0x00000000c2600000, 0x00000000c2600000, 0x00000000c3680000)
  from space 2112K,  51% used [0x00000000c3890000, 0x00000000c39a2260, 0x00000000c3aa0000)
  to   space 2112K,   0% used [0x00000000c3680000, 0x00000000c3680000, 0x00000000c3890000)
 concurrent mark-sweep generation total 71168K, used 43816K [0x00000000d6e00000, 0x00000000db380000, 0x0000000100000000)
 Metaspace       used 65456K, capacity 68218K, committed 68328K, reserved 1107968K
  class space    used 8323K, capacity 8857K, committed 8956K, reserved 1048576K
}
2022-08-07T09:30:54.030+0000: 23.914: [CMS-concurrent-abortable-preclean: 0.112/0.222 secs] [Times: user=0.49 sys=0.17, real=0.22 secs] 
2022-08-07T09:30:54.031+0000: 23.915: Application time: 0.0661764 seconds
2022-08-07T09:30:54.031+0000: 23.915: [GC (CMS Final Remark) [YG occupancy: 11979 K (19008 K)]2022-08-07T09:30:54.032+0000: 23.915: [Rescan (parallel) , 0.0069886 secs]2022-08-07T09:30:54.039+0000: 23.923: [weak refs processing, 0.0007717 secs]2022-08-07T09:30:54.040+0000: 23.924: [class unloading, 0.0122285 secs]2022-08-07T09:30:54.053+0000: 23.937: [scrub symbol table, 0.0172173 secs]2022-08-07T09:30:54.071+0000: 23.954: [scrub string table, 0.0012178 secs][1 CMS-remark: 43816K(71168K)] 55796K(90176K), 0.0408562 secs] [Times: user=0.06 sys=0.00, real=0.04 secs] 
2022-08-07T09:30:54.073+0000: 23.957: [CMS-concurrent-sweep-start]
2022-08-07T09:30:54.095+0000: 23.979: [CMS-concurrent-sweep: 0.022/0.022 secs] [Times: user=0.06 sys=0.01, real=0.02 secs] 
2022-08-07T09:30:54.097+0000: 23.981: [CMS-concurrent-reset-start]
2022-08-07T09:30:54.097+0000: 23.981: [CMS-concurrent-reset: 0.001/0.001 secs] [Times: user=0.00 sys=0.00, real=0.00 secs] 
2022-08-07T09:30:54.120+0000: 24.004: Application time: 0.0470112 seconds
{Heap before GC invocations=193 (full 21):
 par new generation   total 19008K, used 17992K [0x00000000c2600000, 0x00000000c3aa0000, 0x00000000d6e00000)
  eden space 16896K, 100% used [0x00000000c2600000, 0x00000000c3680000, 0x00000000c3680000)
  from space 2112K,  51% used [0x00000000c3890000, 0x00000000c39a2260, 0x00000000c3aa0000)
  to   space 2112K,   0% used [0x00000000c3680000, 0x00000000c3680000, 0x00000000c3890000)
 concurrent mark-sweep generation total 72884K, used 43728K [0x00000000d6e00000, 0x00000000db52d000, 0x0000000100000000)
 Metaspace       used 65537K, capacity 68286K, committed 68584K, reserved 1110016K
  class space    used 8334K, capacity 8857K, committed 8956K, reserved 1048576K
2022-08-07T09:30:54.120+0000: 24.004: [GC (Allocation Failure) 2022-08-07T09:30:54.120+0000: 24.004: [ParNew: 17992K->1597K(19008K), 0.0030929 secs] 61720K->45325K(91892K), 0.0038239 secs] [Times: user=0.01 sys=0.00, real=0.00 secs] 
Heap after GC invocations=194 (full 21):
 par new generation   total 19008K, used 1597K [0x00000000c2600000, 0x00000000c3aa0000, 0x00000000d6e00000)
  eden space 16896K,   0% used [0x00000000c2600000, 0x00000000c2600000, 0x00000000c3680000)
  from space 2112K,  75% used [0x00000000c3680000, 0x00000000c380f6e0, 0x00000000c3890000)
  to   space 2112K,   0% used [0x00000000c3890000, 0x00000000c3890000, 0x00000000c3aa0000)
 concurrent mark-sweep generation total 72884K, used 43728K [0x00000000d6e00000, 0x00000000db52d000, 0x0000000100000000)
 Metaspace       used 65537K, capacity 68286K, committed 68584K, reserved 1110016K
  class space    used 8334K, capacity 8857K, committed 8956K, reserved 1048576K
}
2022-08-07T09:30:54.150+0000: 24.034: Application time: 0.0255181 seconds
2022-08-07T09:30:54.209+0000: 24.092: Application time: 0.0581193 seconds
{Heap before GC invocations=194 (full 21):
 par new generation   total 19008K, used 18493K [0x00000000c2600000, 0x00000000c3aa0000, 0x00000000d6e00000)
  eden space 16896K, 100% used [0x00000000c2600000, 0x00000000c3680000, 0x00000000c3680000)
  from space 2112K,  75% used [0x00000000c3680000, 0x00000000c380f6e0, 0x00000000c3890000)
  to   space 2112K,   0% used [0x00000000c3890000, 0x00000000c3890000, 0x00000000c3aa0000)
 concurrent mark-sweep generation total 72884K, used 43728K [0x00000000d6e00000, 0x00000000db52d000, 0x0000000100000000)
 Metaspace       used 65602K, capacity 68336K, committed 68584K, reserved 1110016K
  class space    used 8342K, capacity 8892K, committed 8956K, reserved 1048576K
2022-08-07T09:30:54.213+0000: 24.096: [GC (Allocation Failure) 2022-08-07T09:30:54.213+0000: 24.097: [ParNew: 18493K->1980K(19008K), 0.0153095 secs] 62221K->45708K(91892K), 0.0161005 secs] [Times: user=0.04 sys=0.00, real=0.02 secs] 
Heap after GC invocations=195 (full 21):
 par new generation   total 19008K, used 1980K [0x00000000c2600000, 0x00000000c3aa0000, 0x00000000d6e00000)
  eden space 16896K,   0% used [0x00000000c2600000, 0x00000000c2600000, 0x00000000c3680000)
  from space 2112K,  93% used [0x00000000c3890000, 0x00000000c3a7f150, 0x00000000c3aa0000)
  to   space 2112K,   0% used [0x00000000c3680000, 0x00000000c3680000, 0x00000000c3890000)
 concurrent mark-sweep generation total 72884K, used 43728K [0x00000000d6e00000, 0x00000000db52d000, 0x0000000100000000)
 Metaspace       used 65602K, capacity 68336K, committed 68584K, reserved 1110016K
  class space    used 8342K, capacity 8892K, committed 8956K, reserved 1048576K
}
2022-08-07T09:30:54.276+0000: 24.160: Application time: 0.0469634 seconds
{Heap before GC invocations=195 (full 21):
 par new generation   total 19008K, used 18876K [0x00000000c2600000, 0x00000000c3aa0000, 0x00000000d6e00000)
  eden space 16896K, 100% used [0x00000000c2600000, 0x00000000c3680000, 0x00000000c3680000)
  from space 2112K,  93% used [0x00000000c3890000, 0x00000000c3a7f150, 0x00000000c3aa0000)
  to   space 2112K,   0% used [0x00000000c3680000, 0x00000000c3680000, 0x00000000c3890000)
 concurrent mark-sweep generation total 72884K, used 43728K [0x00000000d6e00000, 0x00000000db52d000, 0x0000000100000000)
 Metaspace       used 65605K, capacity 68336K, committed 68584K, reserved 1110016K
  class space    used 8342K, capacity 8892K, committed 8956K, reserved 1048576K
2022-08-07T09:30:54.277+0000: 24.161: [GC (Allocation Failure) 2022-08-07T09:30:54.277+0000: 24.161: [ParNew: 18876K->1458K(19008K), 0.0119137 secs] 62604K->45476K(91892K), 0.0126825 secs] [Times: user=0.01 sys=0.00, real=0.01 secs] 
Heap after GC invocations=196 (full 21):
 par new generation   total 19008K, used 1458K [0x00000000c2600000, 0x00000000c3aa0000, 0x00000000d6e00000)
  eden space 16896K,   0% used [0x00000000c2600000, 0x00000000c2600000, 0x00000000c3680000)
  from space 2112K,  69% used [0x00000000c3680000, 0x00000000c37ec830, 0x00000000c3890000)
  to   space 2112K,   0% used [0x00000000c3890000, 0x00000000c3890000, 0x00000000c3aa0000)
 concurrent mark-sweep generation total 72884K, used 44018K [0x00000000d6e00000, 0x00000000db52d000, 0x0000000100000000)
 Metaspace       used 65605K, capacity 68336K, committed 68584K, reserved 1110016K
  class space    used 8342K, capacity 8892K, committed 8956K, reserved 1048576K
}
2022-08-07T09:30:54.291+0000: 24.175: Application time: 0.0008261 seconds
2022-08-07T09:30:54.291+0000: 24.175: [GC (CMS Initial Mark) [1 CMS-initial-mark: 44018K(72884K)] 45824K(91892K), 0.0054706 secs] [Times: user=0.01 sys=0.00, real=0.01 secs] 
2022-08-07T09:30:54.298+0000: 24.181: [CMS-concurrent-mark-start]
2022-08-07T09:30:54.366+0000: 24.250: Application time: 0.0684606 seconds
{Heap before GC invocations=196 (full 22):
 par new generation   total 19008K, used 18354K [0x00000000c2600000, 0x00000000c3aa0000, 0x00000000d6e00000)
  eden space 16896K, 100% used [0x00000000c2600000, 0x00000000c3680000, 0x00000000c3680000)
  from space 2112K,  69% used [0x00000000c3680000, 0x00000000c37ec830, 0x00000000c3890000)
  to   space 2112K,   0% used [0x00000000c3890000, 0x00000000c3890000, 0x00000000c3aa0000)
 concurrent mark-sweep generation total 72884K, used 44018K [0x00000000d6e00000, 0x00000000db52d000, 0x0000000100000000)
 Metaspace       used 65632K, capacity 68414K, committed 68584K, reserved 1110016K
  class space    used 8344K, capacity 8895K, committed 8956K, reserved 1048576K
2022-08-07T09:30:54.366+0000: 24.250: [GC (Allocation Failure) 2022-08-07T09:30:54.367+0000: 24.251: [ParNew: 18354K->1446K(19008K), 0.0053203 secs] 62372K->45680K(91892K), 0.0063196 secs] [Times: user=0.02 sys=0.00, real=0.00 secs] 
Heap after GC invocations=197 (full 22):
 par new generation   total 19008K, used 1446K [0x00000000c2600000, 0x00000000c3aa0000, 0x00000000d6e00000)
  eden space 16896K,   0% used [0x00000000c2600000, 0x00000000c2600000, 0x00000000c3680000)
  from space 2112K,  68% used [0x00000000c3890000, 0x00000000c39f9ba0, 0x00000000c3aa0000)
  to   space 2112K,   0% used [0x00000000c3680000, 0x00000000c3680000, 0x00000000c3890000)
 concurrent mark-sweep generation total 72884K, used 44233K [0x00000000d6e00000, 0x00000000db52d000, 0x0000000100000000)
 Metaspace       used 65632K, capacity 68414K, committed 68584K, reserved 1110016K
  class space    used 8344K, capacity 8895K, committed 8956K, reserved 1048576K
}
2022-08-07T09:30:54.397+0000: 24.281: [CMS-concurrent-mark: 0.092/0.100 secs] [Times: user=0.34 sys=0.01, real=0.10 secs] 
2022-08-07T09:30:54.398+0000: 24.282: [CMS-concurrent-preclean-start]
2022-08-07T09:30:54.434+0000: 24.317: [CMS-concurrent-preclean: 0.018/0.036 secs] [Times: user=0.11 sys=0.02, real=0.03 secs] 
2022-08-07T09:30:54.434+0000: 24.318: [CMS-concurrent-abortable-preclean-start]
2022-08-07T09:30:54.470+0000: 24.354: Application time: 0.0969103 seconds
{Heap before GC invocations=197 (full 22):
 par new generation   total 19008K, used 18342K [0x00000000c2600000, 0x00000000c3aa0000, 0x00000000d6e00000)
  eden space 16896K, 100% used [0x00000000c2600000, 0x00000000c3680000, 0x00000000c3680000)
  from space 2112K,  68% used [0x00000000c3890000, 0x00000000c39f9ba0, 0x00000000c3aa0000)
  to   space 2112K,   0% used [0x00000000c3680000, 0x00000000c3680000, 0x00000000c3890000)
 concurrent mark-sweep generation total 72884K, used 44233K [0x00000000d6e00000, 0x00000000db52d000, 0x0000000100000000)
 Metaspace       used 65722K, capacity 68486K, committed 68584K, reserved 1110016K
  class space    used 8354K, capacity 8897K, committed 8956K, reserved 1048576K
2022-08-07T09:30:54.471+0000: 24.355: [GC (Allocation Failure) 2022-08-07T09:30:54.472+0000: 24.356: [ParNew: 18342K->2014K(19008K), 0.0320452 secs] 62576K->46247K(91892K), 0.0334799 secs] [Times: user=0.07 sys=0.00, real=0.03 secs] 
Heap after GC invocations=198 (full 22):
 par new generation   total 19008K, used 2014K [0x00000000c2600000, 0x00000000c3aa0000, 0x00000000d6e00000)
  eden space 16896K,   0% used [0x00000000c2600000, 0x00000000c2600000, 0x00000000c3680000)
  from space 2112K,  95% used [0x00000000c3680000, 0x00000000c38778e8, 0x00000000c3890000)
  to   space 2112K,   0% used [0x00000000c3890000, 0x00000000c3890000, 0x00000000c3aa0000)
 concurrent mark-sweep generation total 72884K, used 44233K [0x00000000d6e00000, 0x00000000db52d000, 0x0000000100000000)
 Metaspace       used 65722K, capacity 68486K, committed 68584K, reserved 1110016K
  class space    used 8354K, capacity 8897K, committed 8956K, reserved 1048576K
}
2022-08-07T09:30:54.666+0000: 24.550: Application time: 0.1608098 seconds
{Heap before GC invocations=198 (full 22):
 par new generation   total 19008K, used 18910K [0x00000000c2600000, 0x00000000c3aa0000, 0x00000000d6e00000)
  eden space 16896K, 100% used [0x00000000c2600000, 0x00000000c3680000, 0x00000000c3680000)
  from space 2112K,  95% used [0x00000000c3680000, 0x00000000c38778e8, 0x00000000c3890000)
  to   space 2112K,   0% used [0x00000000c3890000, 0x00000000c3890000, 0x00000000c3aa0000)
 concurrent mark-sweep generation total 72884K, used 44233K [0x00000000d6e00000, 0x00000000db52d000, 0x0000000100000000)
 Metaspace       used 65887K, capacity 68644K, committed 68840K, reserved 1110016K
  class space    used 8366K, capacity 8902K, committed 8956K, reserved 1048576K
2022-08-07T09:30:54.667+0000: 24.551: [GC (Allocation Failure) 2022-08-07T09:30:54.668+0000: 24.552: [ParNew2022-08-07T09:30:54.671+0000: 24.554: [CMS-concurrent-abortable-preclean: 0.064/0.236 secs] [Times: user=0.54 sys=0.10, real=0.24 secs] 
: 18910K->1871K(19008K), 0.0091683 secs] 63143K->46577K(91892K), 0.0101236 secs] [Times: user=0.02 sys=0.00, real=0.01 secs] 
Heap after GC invocations=199 (full 22):
 par new generation   total 19008K, used 1871K [0x00000000c2600000, 0x00000000c3aa0000, 0x00000000d6e00000)
  eden space 16896K,   0% used [0x00000000c2600000, 0x00000000c2600000, 0x00000000c3680000)
  from space 2112K,  88% used [0x00000000c3890000, 0x00000000c3a63fe0, 0x00000000c3aa0000)
  to   space 2112K,   0% used [0x00000000c3680000, 0x00000000c3680000, 0x00000000c3890000)
 concurrent mark-sweep generation total 72884K, used 44705K [0x00000000d6e00000, 0x00000000db52d000, 0x0000000100000000)
 Metaspace       used 65887K, capacity 68644K, committed 68840K, reserved 1110016K
  class space    used 8366K, capacity 8902K, committed 8956K, reserved 1048576K
}
2022-08-07T09:30:54.680+0000: 24.564: Application time: 0.0005751 seconds
2022-08-07T09:30:54.681+0000: 24.564: [GC (CMS Final Remark) [YG occupancy: 2213 K (19008 K)]2022-08-07T09:30:54.681+0000: 24.565: [Rescan (parallel) , 0.0058345 secs]2022-08-07T09:30:54.688+0000: 24.571: [weak refs processing, 0.0005216 secs]2022-08-07T09:30:54.688+0000: 24.572: [class unloading, 0.0199565 secs]2022-08-07T09:30:54.709+0000: 24.593: [scrub symbol table, 0.0229747 secs]2022-08-07T09:30:54.732+0000: 24.616: [scrub string table, 0.0016308 secs][1 CMS-remark: 44705K(72884K)] 46919K(91892K), 0.0538316 secs] [Times: user=0.05 sys=0.01, real=0.05 secs] 
2022-08-07T09:30:54.736+0000: 24.620: [CMS-concurrent-sweep-start]
2022-08-07T09:30:54.782+0000: 24.666: [CMS-concurrent-sweep: 0.046/0.046 secs] [Times: user=0.11 sys=0.04, real=0.04 secs] 
2022-08-07T09:30:54.784+0000: 24.667: [CMS-concurrent-reset-start]
2022-08-07T09:30:54.785+0000: 24.669: [CMS-concurrent-reset: 0.001/0.001 secs] [Times: user=0.00 sys=0.00, real=0.00 secs] 
2022-08-07T09:30:54.846+0000: 24.730: Application time: 0.1107743 seconds
{Heap before GC invocations=199 (full 22):
 par new generation   total 19008K, used 18767K [0x00000000c2600000, 0x00000000c3aa0000, 0x00000000d6e00000)
  eden space 16896K, 100% used [0x00000000c2600000, 0x00000000c3680000, 0x00000000c3680000)
  from space 2112K,  88% used [0x00000000c3890000, 0x00000000c3a63fe0, 0x00000000c3aa0000)
  to   space 2112K,   0% used [0x00000000c3680000, 0x00000000c3680000, 0x00000000c3890000)
 concurrent mark-sweep generation total 74224K, used 44533K [0x00000000d6e00000, 0x00000000db67c000, 0x0000000100000000)
 Metaspace       used 65956K, capacity 68678K, committed 68840K, reserved 1110016K
  class space    used 8368K, capacity 8897K, committed 8956K, reserved 1048576K
2022-08-07T09:30:54.847+0000: 24.730: [GC (Allocation Failure) 2022-08-07T09:30:54.847+0000: 24.731: [ParNew: 18767K->1238K(19008K), 0.0059813 secs] 63301K->45914K(93232K), 0.0069078 secs] [Times: user=0.02 sys=0.00, real=0.00 secs] 
Heap after GC invocations=200 (full 22):
 par new generation   total 19008K, used 1238K [0x00000000c2600000, 0x00000000c3aa0000, 0x00000000d6e00000)
  eden space 16896K,   0% used [0x00000000c2600000, 0x00000000c2600000, 0x00000000c3680000)
  from space 2112K,  58% used [0x00000000c3680000, 0x00000000c37b5980, 0x00000000c3890000)
  to   space 2112K,   0% used [0x00000000c3890000, 0x00000000c3890000, 0x00000000c3aa0000)
 concurrent mark-sweep generation total 74224K, used 44675K [0x00000000d6e00000, 0x00000000db67c000, 0x0000000100000000)
 Metaspace       used 65956K, capacity 68678K, committed 68840K, reserved 1110016K
  class space    used 8368K, capacity 8897K, committed 8956K, reserved 1048576K
}
2022-08-07T09:30:54.857+0000: 24.741: Application time: 0.0020638 seconds
2022-08-07T09:30:54.860+0000: 24.743: [GC (CMS Initial Mark) [1 CMS-initial-mark: 44675K(74224K)] 46274K(93232K), 0.0031102 secs] [Times: user=0.01 sys=0.00, real=0.00 secs] 
2022-08-07T09:30:54.864+0000: 24.748: [CMS-concurrent-mark-start]
2022-08-07T09:30:54.993+0000: 24.877: Application time: 0.1292914 seconds
{Heap before GC invocations=200 (full 23):
 par new generation   total 19008K, used 18134K [0x00000000c2600000, 0x00000000c3aa0000, 0x00000000d6e00000)
  eden space 16896K, 100% used [0x00000000c2600000, 0x00000000c3680000, 0x00000000c3680000)
  from space 2112K,  58% used [0x00000000c3680000, 0x00000000c37b5980, 0x00000000c3890000)
  to   space 2112K,   0% used [0x00000000c3890000, 0x00000000c3890000, 0x00000000c3aa0000)
 concurrent mark-sweep generation total 74224K, used 44675K [0x00000000d6e00000, 0x00000000db67c000, 0x0000000100000000)
 Metaspace       used 66086K, capacity 68868K, committed 69096K, reserved 1110016K
  class space    used 8377K, capacity 8934K, committed 8956K, reserved 1048576K
2022-08-07T09:30:54.993+0000: 24.877: [GC (Allocation Failure) 2022-08-07T09:30:54.994+0000: 24.878: [ParNew: 18134K->1735K(19008K), 0.0038885 secs] 62810K->46564K(93232K), 0.0049693 secs] [Times: user=0.01 sys=0.00, real=0.01 secs] 
Heap after GC invocations=201 (full 23):
 par new generation   total 19008K, used 1735K [0x00000000c2600000, 0x00000000c3aa0000, 0x00000000d6e00000)
  eden space 16896K,   0% used [0x00000000c2600000, 0x00000000c2600000, 0x00000000c3680000)
  from space 2112K,  82% used [0x00000000c3890000, 0x00000000c3a41c50, 0x00000000c3aa0000)
  to   space 2112K,   0% used [0x00000000c3680000, 0x00000000c3680000, 0x00000000c3890000)
 concurrent mark-sweep generation total 74224K, used 44829K [0x00000000d6e00000, 0x00000000db67c000, 0x0000000100000000)
 Metaspace       used 66086K, capacity 68868K, committed 69096K, reserved 1110016K
  class space    used 8377K, capacity 8934K, committed 8956K, reserved 1048576K
}
2022-08-07T09:30:55.030+0000: 24.913: [CMS-concurrent-mark: 0.160/0.166 secs] [Times: user=0.45 sys=0.13, real=0.17 secs] 
2022-08-07T09:30:55.030+0000: 24.914: [CMS-concurrent-preclean-start]
2022-08-07T09:30:55.070+0000: 24.953: [CMS-concurrent-preclean: 0.024/0.039 secs] [Times: user=0.08 sys=0.04, real=0.04 secs] 
2022-08-07T09:30:55.070+0000: 24.954: [CMS-concurrent-abortable-preclean-start]
2022-08-07T09:30:55.093+0000: 24.977: Application time: 0.0940096 seconds
{Heap before GC invocations=201 (full 23):
 par new generation   total 19008K, used 18631K [0x00000000c2600000, 0x00000000c3aa0000, 0x00000000d6e00000)
  eden space 16896K, 100% used [0x00000000c2600000, 0x00000000c3680000, 0x00000000c3680000)
  from space 2112K,  82% used [0x00000000c3890000, 0x00000000c3a41c50, 0x00000000c3aa0000)
  to   space 2112K,   0% used [0x00000000c3680000, 0x00000000c3680000, 0x00000000c3890000)
 concurrent mark-sweep generation total 74224K, used 44829K [0x00000000d6e00000, 0x00000000db67c000, 0x0000000100000000)
 Metaspace       used 66246K, capacity 69012K, committed 69096K, reserved 1110016K
  class space    used 8393K, capacity 8938K, committed 8956K, reserved 1048576K
2022-08-07T09:30:55.093+0000: 24.977: [GC (Allocation Failure) 2022-08-07T09:30:55.096+0000: 24.980: [ParNew: 18631K->2016K(19008K), 0.0114934 secs] 63460K->46962K(93232K), 0.0150111 secs] [Times: user=0.04 sys=0.00, real=0.02 secs] 
Heap after GC invocations=202 (full 23):
 par new generation   total 19008K, used 2016K [0x00000000c2600000, 0x00000000c3aa0000, 0x00000000d6e00000)
  eden space 16896K,   0% used [0x00000000c2600000, 0x00000000c2600000, 0x00000000c3680000)
  from space 2112K,  95% used [0x00000000c3680000, 0x00000000c3878268, 0x00000000c3890000)
  to   space 2112K,   0% used [0x00000000c3890000, 0x00000000c3890000, 0x00000000c3aa0000)
 concurrent mark-sweep generation total 74224K, used 44945K [0x00000000d6e00000, 0x00000000db67c000, 0x0000000100000000)
 Metaspace       used 66246K, capacity 69012K, committed 69096K, reserved 1110016K
  class space    used 8393K, capacity 8938K, committed 8956K, reserved 1048576K
}
2022-08-07T09:30:55.163+0000: 25.047: Application time: 0.0540820 seconds
2022-08-07T09:30:55.217+0000: 25.100: Application time: 0.0525339 seconds
2022-08-07T09:30:55.219+0000: 25.103: Application time: 0.0025556 seconds
{Heap before GC invocations=202 (full 23):
 par new generation   total 19008K, used 18912K [0x00000000c2600000, 0x00000000c3aa0000, 0x00000000d6e00000)
  eden space 16896K, 100% used [0x00000000c2600000, 0x00000000c3680000, 0x00000000c3680000)
  from space 2112K,  95% used [0x00000000c3680000, 0x00000000c3878268, 0x00000000c3890000)
  to   space 2112K,   0% used [0x00000000c3890000, 0x00000000c3890000, 0x00000000c3aa0000)
 concurrent mark-sweep generation total 74224K, used 44945K [0x00000000d6e00000, 0x00000000db67c000, 0x0000000100000000)
 Metaspace       used 66290K, capacity 69076K, committed 69096K, reserved 1110016K
  class space    used 8400K, capacity 8938K, committed 8956K, reserved 1048576K
2022-08-07T09:30:55.220+0000: 25.104: [GC (Allocation Failure) 2022-08-07T09:30:55.221+0000: 25.104: [ParNew: 18912K->1796K(19008K), 0.0093227 secs] 63858K->47264K(93232K), 0.0144260 secs] [Times: user=0.03 sys=0.00, real=0.01 secs] 
Heap after GC invocations=203 (full 23):
 par new generation   total 19008K, used 1796K [0x00000000c2600000, 0x00000000c3aa0000, 0x00000000d6e00000)
  eden space 16896K,   0% used [0x00000000c2600000, 0x00000000c2600000, 0x00000000c3680000)
  from space 2112K,  85% used [0x00000000c3890000, 0x00000000c3a51388, 0x00000000c3aa0000)
  to   space 2112K,   0% used [0x00000000c3680000, 0x00000000c3680000, 0x00000000c3890000)
 concurrent mark-sweep generation total 74224K, used 45467K [0x00000000d6e00000, 0x00000000db67c000, 0x0000000100000000)
 Metaspace       used 66290K, capacity 69076K, committed 69096K, reserved 1110016K
  class space    used 8400K, capacity 8938K, committed 8956K, reserved 1048576K
}
2022-08-07T09:30:55.287+0000: 25.170: [CMS-concurrent-abortable-preclean: 0.091/0.216 secs] [Times: user=0.51 sys=0.09, real=0.22 secs] 
2022-08-07T09:30:55.287+0000: 25.171: Application time: 0.0519786 seconds
2022-08-07T09:30:55.287+0000: 25.171: [GC (CMS Final Remark) [YG occupancy: 15319 K (19008 K)]2022-08-07T09:30:55.288+0000: 25.172: [Rescan (parallel) , 0.0064219 secs]2022-08-07T09:30:55.295+0000: 25.178: [weak refs processing, 0.0004098 secs]2022-08-07T09:30:55.295+0000: 25.179: [class unloading, 0.0168869 secs]2022-08-07T09:30:55.313+0000: 25.197: [scrub symbol table, 0.0199312 secs]2022-08-07T09:30:55.333+0000: 25.217: [scrub string table, 0.0013480 secs][1 CMS-remark: 45467K(74224K)] 60787K(93232K), 0.0474716 secs] [Times: user=0.12 sys=0.01, real=0.04 secs] 
2022-08-07T09:30:55.336+0000: 25.220: [CMS-concurrent-sweep-start]
2022-08-07T09:30:55.370+0000: 25.254: Application time: 0.0339189 seconds
{Heap before GC invocations=203 (full 23):
 par new generation   total 19008K, used 18692K [0x00000000c2600000, 0x00000000c3aa0000, 0x00000000d6e00000)
  eden space 16896K, 100% used [0x00000000c2600000, 0x00000000c3680000, 0x00000000c3680000)
  from space 2112K,  85% used [0x00000000c3890000, 0x00000000c3a51388, 0x00000000c3aa0000)
  to   space 2112K,   0% used [0x00000000c3680000, 0x00000000c3680000, 0x00000000c3890000)
 concurrent mark-sweep generation total 74224K, used 45442K [0x00000000d6e00000, 0x00000000db67c000, 0x0000000100000000)
 Metaspace       used 66632K, capacity 69396K, committed 69480K, reserved 1110016K
  class space    used 8449K, capacity 9002K, committed 9084K, reserved 1048576K
2022-08-07T09:30:55.372+0000: 25.256: [GC (Allocation Failure) 2022-08-07T09:30:55.373+0000: 25.257: [ParNew: 18692K->1582K(19008K), 0.0071607 secs] 64134K->47024K(93232K), 0.0082739 secs] [Times: user=0.01 sys=0.00, real=0.01 secs] 
Heap after GC invocations=204 (full 23):
 par new generation   total 19008K, used 1582K [0x00000000c2600000, 0x00000000c3aa0000, 0x00000000d6e00000)
  eden space 16896K,   0% used [0x00000000c2600000, 0x00000000c2600000, 0x00000000c3680000)
  from space 2112K,  74% used [0x00000000c3680000, 0x00000000c380b888, 0x00000000c3890000)
  to   space 2112K,   0% used [0x00000000c3890000, 0x00000000c3890000, 0x00000000c3aa0000)
 concurrent mark-sweep generation total 74224K, used 45442K [0x00000000d6e00000, 0x00000000db67c000, 0x0000000100000000)
 Metaspace       used 66632K, capacity 69396K, committed 69480K, reserved 1110016K
  class space    used 8449K, capacity 9002K, committed 9084K, reserved 1048576K
}
2022-08-07T09:30:55.400+0000: 25.284: [CMS-concurrent-sweep: 0.054/0.064 secs] [Times: user=0.14 sys=0.02, real=0.06 secs] 
2022-08-07T09:30:55.405+0000: 25.289: [CMS-concurrent-reset-start]
2022-08-07T09:30:55.406+0000: 25.290: [CMS-concurrent-reset: 0.001/0.001 secs] [Times: user=0.00 sys=0.00, real=0.01 secs] 
2022-08-07T09:30:55.495+0000: 25.379: Application time: 0.1137959 seconds
{Heap before GC invocations=204 (full 23):
 par new generation   total 19008K, used 18478K [0x00000000c2600000, 0x00000000c3aa0000, 0x00000000d6e00000)
  eden space 16896K, 100% used [0x00000000c2600000, 0x00000000c3680000, 0x00000000c3680000)
  from space 2112K,  74% used [0x00000000c3680000, 0x00000000c380b888, 0x00000000c3890000)
  to   space 2112K,   0% used [0x00000000c3890000, 0x00000000c3890000, 0x00000000c3aa0000)
 concurrent mark-sweep generation total 75672K, used 45402K [0x00000000d6e00000, 0x00000000db7e6000, 0x0000000100000000)
 Metaspace       used 66850K, capacity 69576K, committed 69736K, reserved 1110016K
  class space    used 8489K, capacity 9028K, committed 9084K, reserved 1048576K
2022-08-07T09:30:55.496+0000: 25.379: [GC (Allocation Failure) 2022-08-07T09:30:55.496+0000: 25.380: [ParNew: 18478K->1280K(19008K), 0.0091135 secs] 63880K->47118K(94680K), 0.0099023 secs] [Times: user=0.03 sys=0.00, real=0.01 secs] 
Heap after GC invocations=205 (full 23):
 par new generation   total 19008K, used 1280K [0x00000000c2600000, 0x00000000c3aa0000, 0x00000000d6e00000)
  eden space 16896K,   0% used [0x00000000c2600000, 0x00000000c2600000, 0x00000000c3680000)
  from space 2112K,  60% used [0x00000000c3890000, 0x00000000c39d00f0, 0x00000000c3aa0000)
  to   space 2112K,   0% used [0x00000000c3680000, 0x00000000c3680000, 0x00000000c3890000)
 concurrent mark-sweep generation total 75672K, used 45838K [0x00000000d6e00000, 0x00000000db7e6000, 0x0000000100000000)
 Metaspace       used 66850K, capacity 69576K, committed 69736K, reserved 1110016K
  class space    used 8489K, capacity 9028K, committed 9084K, reserved 1048576K
}
2022-08-07T09:30:55.507+0000: 25.391: Application time: 0.0006896 seconds
2022-08-07T09:30:55.507+0000: 25.391: [GC (CMS Initial Mark) [1 CMS-initial-mark: 45838K(75672K)] 47480K(94680K), 0.0025778 secs] [Times: user=0.01 sys=0.00, real=0.00 secs] 
2022-08-07T09:30:55.510+0000: 25.394: [CMS-concurrent-mark-start]
2022-08-07T09:30:55.598+0000: 25.482: Application time: 0.0877297 seconds
{Heap before GC invocations=205 (full 24):
 par new generation   total 19008K, used 18176K [0x00000000c2600000, 0x00000000c3aa0000, 0x00000000d6e00000)
  eden space 16896K, 100% used [0x00000000c2600000, 0x00000000c3680000, 0x00000000c3680000)
  from space 2112K,  60% used [0x00000000c3890000, 0x00000000c39d00f0, 0x00000000c3aa0000)
  to   space 2112K,   0% used [0x00000000c3680000, 0x00000000c3680000, 0x00000000c3890000)
 concurrent mark-sweep generation total 75672K, used 45838K [0x00000000d6e00000, 0x00000000db7e6000, 0x0000000100000000)
 Metaspace       used 66903K, capacity 69642K, committed 69736K, reserved 1110016K
  class space    used 8498K, capacity 9029K, committed 9084K, reserved 1048576K
2022-08-07T09:30:55.598+0000: 25.482: [GC (Allocation Failure) 2022-08-07T09:30:55.599+0000: 25.483: [ParNew: 18176K->1111K(19008K), 0.0053457 secs] 64014K->46949K(94680K), 0.0062441 secs] [Times: user=0.01 sys=0.00, real=0.00 secs] 
Heap after GC invocations=206 (full 24):
 par new generation   total 19008K, used 1111K [0x00000000c2600000, 0x00000000c3aa0000, 0x00000000d6e00000)
  eden space 16896K,   0% used [0x00000000c2600000, 0x00000000c2600000, 0x00000000c3680000)
  from space 2112K,  52% used [0x00000000c3680000, 0x00000000c3795d68, 0x00000000c3890000)
  to   space 2112K,   0% used [0x00000000c3890000, 0x00000000c3890000, 0x00000000c3aa0000)
 concurrent mark-sweep generation total 75672K, used 45838K [0x00000000d6e00000, 0x00000000db7e6000, 0x0000000100000000)
 Metaspace       used 66903K, capacity 69642K, committed 69736K, reserved 1110016K
  class space    used 8498K, capacity 9029K, committed 9084K, reserved 1048576K
}
2022-08-07T09:30:55.616+0000: 25.500: [CMS-concurrent-mark: 0.098/0.105 secs] [Times: user=0.33 sys=0.03, real=0.11 secs] 
2022-08-07T09:30:55.616+0000: 25.500: [CMS-concurrent-preclean-start]
2022-08-07T09:30:55.652+0000: 25.536: Application time: 0.0466024 seconds
{Heap before GC invocations=206 (full 24):
 par new generation   total 19008K, used 18007K [0x00000000c2600000, 0x00000000c3aa0000, 0x00000000d6e00000)
  eden space 16896K, 100% used [0x00000000c2600000, 0x00000000c3680000, 0x00000000c3680000)
  from space 2112K,  52% used [0x00000000c3680000, 0x00000000c3795d68, 0x00000000c3890000)
  to   space 2112K,   0% used [0x00000000c3890000, 0x00000000c3890000, 0x00000000c3aa0000)
 concurrent mark-sweep generation total 75672K, used 45838K [0x00000000d6e00000, 0x00000000db7e6000, 0x0000000100000000)
 Metaspace       used 66905K, capacity 69642K, committed 69736K, reserved 1110016K
  class space    used 8498K, capacity 9029K, committed 9084K, reserved 1048576K
2022-08-07T09:30:55.653+0000: 25.536: [GC (Allocation Failure) 2022-08-07T09:30:55.653+0000: 25.537: [ParNew: 18007K->1256K(19008K), 0.0123684 secs] 63845K->47095K(94680K), 0.0137015 secs] [Times: user=0.03 sys=0.01, real=0.02 secs] 
Heap after GC invocations=207 (full 24):
 par new generation   total 19008K, used 1256K [0x00000000c2600000, 0x00000000c3aa0000, 0x00000000d6e00000)
  eden space 16896K,   0% used [0x00000000c2600000, 0x00000000c2600000, 0x00000000c3680000)
  from space 2112K,  59% used [0x00000000c3890000, 0x00000000c39ca2e0, 0x00000000c3aa0000)
  to   space 2112K,   0% used [0x00000000c3680000, 0x00000000c3680000, 0x00000000c3890000)
 concurrent mark-sweep generation total 75672K, used 45838K [0x00000000d6e00000, 0x00000000db7e6000, 0x0000000100000000)
 Metaspace       used 66905K, capacity 69642K, committed 69736K, reserved 1110016K
  class space    used 8498K, capacity 9029K, committed 9084K, reserved 1048576K
}
2022-08-07T09:30:55.721+0000: 25.604: Application time: 0.0537313 seconds
{Heap before GC invocations=207 (full 24):
 par new generation   total 19008K, used 18152K [0x00000000c2600000, 0x00000000c3aa0000, 0x00000000d6e00000)
  eden space 16896K, 100% used [0x00000000c2600000, 0x00000000c3680000, 0x00000000c3680000)
  from space 2112K,  59% used [0x00000000c3890000, 0x00000000c39ca2e0, 0x00000000c3aa0000)
  to   space 2112K,   0% used [0x00000000c3680000, 0x00000000c3680000, 0x00000000c3890000)
 concurrent mark-sweep generation total 75672K, used 45838K [0x00000000d6e00000, 0x00000000db7e6000, 0x0000000100000000)
 Metaspace       used 66907K, capacity 69642K, committed 69736K, reserved 1110016K
  class space    used 8498K, capacity 9029K, committed 9084K, reserved 1048576K
2022-08-07T09:30:55.722+0000: 25.606: [GC (Allocation Failure) 2022-08-07T09:30:55.722+0000: 25.606: [ParNew: 18152K->1335K(19008K), 0.0146146 secs] 63991K->47173K(94680K), 0.0154885 secs] [Times: user=0.02 sys=0.00, real=0.02 secs] 
Heap after GC invocations=208 (full 24):
 par new generation   total 19008K, used 1335K [0x00000000c2600000, 0x00000000c3aa0000, 0x00000000d6e00000)
  eden space 16896K,   0% used [0x00000000c2600000, 0x00000000c2600000, 0x00000000c3680000)
  from space 2112K,  63% used [0x00000000c3680000, 0x00000000c37cde18, 0x00000000c3890000)
  to   space 2112K,   0% used [0x00000000c3890000, 0x00000000c3890000, 0x00000000c3aa0000)
 concurrent mark-sweep generation total 75672K, used 45838K [0x00000000d6e00000, 0x00000000db7e6000, 0x0000000100000000)
 Metaspace       used 66907K, capacity 69642K, committed 69736K, reserved 1110016K
  class space    used 8498K, capacity 9029K, committed 9084K, reserved 1048576K
}
2022-08-07T09:30:55.772+0000: 25.656: [CMS-concurrent-preclean: 0.072/0.156 secs] [Times: user=0.28 sys=0.12, real=0.15 secs] 
2022-08-07T09:30:55.773+0000: 25.656: [CMS-concurrent-abortable-preclean-start]
2022-08-07T09:30:55.790+0000: 25.674: Application time: 0.0516274 seconds
{Heap before GC invocations=208 (full 24):
 par new generation   total 19008K, used 18231K [0x00000000c2600000, 0x00000000c3aa0000, 0x00000000d6e00000)
  eden space 16896K, 100% used [0x00000000c2600000, 0x00000000c3680000, 0x00000000c3680000)
  from space 2112K,  63% used [0x00000000c3680000, 0x00000000c37cde18, 0x00000000c3890000)
  to   space 2112K,   0% used [0x00000000c3890000, 0x00000000c3890000, 0x00000000c3aa0000)
 concurrent mark-sweep generation total 75672K, used 45838K [0x00000000d6e00000, 0x00000000db7e6000, 0x0000000100000000)
 Metaspace       used 66921K, capacity 69642K, committed 69736K, reserved 1110016K
  class space    used 8500K, capacity 9029K, committed 9084K, reserved 1048576K
2022-08-07T09:30:55.790+0000: 25.674: [GC (Allocation Failure) 2022-08-07T09:30:55.791+0000: 25.674: [ParNew: 18231K->1223K(19008K), 0.0071928 secs] 64069K->47061K(94680K), 0.0081649 secs] [Times: user=0.01 sys=0.00, real=0.01 secs] 
Heap after GC invocations=209 (full 24):
 par new generation   total 19008K, used 1223K [0x00000000c2600000, 0x00000000c3aa0000, 0x00000000d6e00000)
  eden space 16896K,   0% used [0x00000000c2600000, 0x00000000c2600000, 0x00000000c3680000)
  from space 2112K,  57% used [0x00000000c3890000, 0x00000000c39c1d70, 0x00000000c3aa0000)
  to   space 2112K,   0% used [0x00000000c3680000, 0x00000000c3680000, 0x00000000c3890000)
 concurrent mark-sweep generation total 75672K, used 45838K [0x00000000d6e00000, 0x00000000db7e6000, 0x0000000100000000)
 Metaspace       used 66921K, capacity 69642K, committed 69736K, reserved 1110016K
  class space    used 8500K, capacity 9029K, committed 9084K, reserved 1048576K
}
2022-08-07T09:30:55.802+0000: 25.686: [CMS-concurrent-abortable-preclean: 0.018/0.029 secs] [Times: user=0.06 sys=0.03, real=0.03 secs] 
2022-08-07T09:30:55.803+0000: 25.686: Application time: 0.0034834 seconds
2022-08-07T09:30:55.803+0000: 25.687: [GC (CMS Final Remark) [YG occupancy: 1922 K (19008 K)]2022-08-07T09:30:55.804+0000: 25.688: [Rescan (parallel) , 0.0063197 secs]2022-08-07T09:30:55.811+0000: 25.694: [weak refs processing, 0.0022957 secs]2022-08-07T09:30:55.813+0000: 25.697: [class unloading, 0.0409133 secs]2022-08-07T09:30:55.855+0000: 25.739: [scrub symbol table, 0.0366944 secs]2022-08-07T09:30:55.892+0000: 25.776: [scrub string table, 0.0013362 secs][1 CMS-remark: 45838K(75672K)] 47760K(94680K), 0.0902333 secs] [Times: user=0.11 sys=0.03, real=0.09 secs] 
2022-08-07T09:30:55.895+0000: 25.779: [CMS-concurrent-sweep-start]
2022-08-07T09:30:55.939+0000: 25.823: [CMS-concurrent-sweep: 0.045/0.045 secs] [Times: user=0.10 sys=0.02, real=0.05 secs] 
2022-08-07T09:30:55.941+0000: 25.825: [CMS-concurrent-reset-start]
2022-08-07T09:30:55.941+0000: 25.825: [CMS-concurrent-reset: 0.001/0.001 secs] [Times: user=0.01 sys=0.00, real=0.00 secs] 
2022-08-07T09:30:55.957+0000: 25.841: Application time: 0.0626396 seconds
{Heap before GC invocations=209 (full 24):
 par new generation   total 19008K, used 18119K [0x00000000c2600000, 0x00000000c3aa0000, 0x00000000d6e00000)
  eden space 16896K, 100% used [0x00000000c2600000, 0x00000000c3680000, 0x00000000c3680000)
  from space 2112K,  57% used [0x00000000c3890000, 0x00000000c39c1d70, 0x00000000c3aa0000)
  to   space 2112K,   0% used [0x00000000c3680000, 0x00000000c3680000, 0x00000000c3890000)
 concurrent mark-sweep generation total 76184K, used 45709K [0x00000000d6e00000, 0x00000000db866000, 0x0000000100000000)
 Metaspace       used 66921K, capacity 69678K, committed 69992K, reserved 1110016K
  class space    used 8502K, capacity 9051K, committed 9084K, reserved 1048576K
2022-08-07T09:30:55.958+0000: 25.842: [GC (Allocation Failure) 2022-08-07T09:30:55.958+0000: 25.842: [ParNew: 18119K->1346K(19008K), 0.0050878 secs] 63828K->47055K(95192K), 0.0061254 secs] [Times: user=0.02 sys=0.00, real=0.00 secs] 
Heap after GC invocations=210 (full 24):
 par new generation   total 19008K, used 1346K [0x00000000c2600000, 0x00000000c3aa0000, 0x00000000d6e00000)
  eden space 16896K,   0% used [0x00000000c2600000, 0x00000000c2600000, 0x00000000c3680000)
  from space 2112K,  63% used [0x00000000c3680000, 0x00000000c37d0a50, 0x00000000c3890000)
  to   space 2112K,   0% used [0x00000000c3890000, 0x00000000c3890000, 0x00000000c3aa0000)
 concurrent mark-sweep generation total 76184K, used 45709K [0x00000000d6e00000, 0x00000000db866000, 0x0000000100000000)
 Metaspace       used 66921K, capacity 69678K, committed 69992K, reserved 1110016K
  class space    used 8502K, capacity 9051K, committed 9084K, reserved 1048576K
}
2022-08-07T09:30:56.003+0000: 25.887: Application time: 0.0382682 seconds
{Heap before GC invocations=210 (full 24):
 par new generation   total 19008K, used 18242K [0x00000000c2600000, 0x00000000c3aa0000, 0x00000000d6e00000)
  eden space 16896K, 100% used [0x00000000c2600000, 0x00000000c3680000, 0x00000000c3680000)
  from space 2112K,  63% used [0x00000000c3680000, 0x00000000c37d0a50, 0x00000000c3890000)
  to   space 2112K,   0% used [0x00000000c3890000, 0x00000000c3890000, 0x00000000c3aa0000)
 concurrent mark-sweep generation total 76184K, used 45709K [0x00000000d6e00000, 0x00000000db866000, 0x0000000100000000)
 Metaspace       used 66924K, capacity 69678K, committed 69992K, reserved 1110016K
  class space    used 8502K, capacity 9051K, committed 9084K, reserved 1048576K
2022-08-07T09:30:56.004+0000: 25.888: [GC (Allocation Failure) 2022-08-07T09:30:56.005+0000: 25.889: [ParNew: 18242K->1480K(19008K), 0.0068731 secs] 63951K->47382K(95192K), 0.0077974 secs] [Times: user=0.03 sys=0.00, real=0.01 secs] 
Heap after GC invocations=211 (full 24):
 par new generation   total 19008K, used 1480K [0x00000000c2600000, 0x00000000c3aa0000, 0x00000000d6e00000)
  eden space 16896K,   0% used [0x00000000c2600000, 0x00000000c2600000, 0x00000000c3680000)
  from space 2112K,  70% used [0x00000000c3890000, 0x00000000c3a02380, 0x00000000c3aa0000)
  to   space 2112K,   0% used [0x00000000c3680000, 0x00000000c3680000, 0x00000000c3890000)
 concurrent mark-sweep generation total 76184K, used 45901K [0x00000000d6e00000, 0x00000000db866000, 0x0000000100000000)
 Metaspace       used 66924K, capacity 69678K, committed 69992K, reserved 1110016K
  class space    used 8502K, capacity 9051K, committed 9084K, reserved 1048576K
}
2022-08-07T09:30:56.016+0000: 25.900: Application time: 0.0029601 seconds
2022-08-07T09:30:56.016+0000: 25.900: [GC (CMS Initial Mark) [1 CMS-initial-mark: 45901K(76184K)] 47743K(95192K), 0.0026618 secs] [Times: user=0.01 sys=0.00, real=0.00 secs] 
2022-08-07T09:30:56.020+0000: 25.904: [CMS-concurrent-mark-start]
2022-08-07T09:30:56.073+0000: 25.957: Application time: 0.0531309 seconds
{Heap before GC invocations=211 (full 25):
 par new generation   total 19008K, used 18376K [0x00000000c2600000, 0x00000000c3aa0000, 0x00000000d6e00000)
  eden space 16896K, 100% used [0x00000000c2600000, 0x00000000c3680000, 0x00000000c3680000)
  from space 2112K,  70% used [0x00000000c3890000, 0x00000000c3a02380, 0x00000000c3aa0000)
  to   space 2112K,   0% used [0x00000000c3680000, 0x00000000c3680000, 0x00000000c3890000)
 concurrent mark-sweep generation total 76184K, used 45901K [0x00000000d6e00000, 0x00000000db866000, 0x0000000100000000)
 Metaspace       used 66979K, capacity 69678K, committed 69992K, reserved 1110016K
  class space    used 8512K, capacity 9051K, committed 9084K, reserved 1048576K
2022-08-07T09:30:56.073+0000: 25.957: [GC (Allocation Failure) 2022-08-07T09:30:56.074+0000: 25.958: [ParNew: 18376K->1469K(19008K), 0.0114742 secs] 64278K->47558K(95192K), 0.0124083 secs] [Times: user=0.02 sys=0.01, real=0.02 secs] 
Heap after GC invocations=212 (full 25):
 par new generation   total 19008K, used 1469K [0x00000000c2600000, 0x00000000c3aa0000, 0x00000000d6e00000)
  eden space 16896K,   0% used [0x00000000c2600000, 0x00000000c2600000, 0x00000000c3680000)
  from space 2112K,  69% used [0x00000000c3680000, 0x00000000c37ef4f0, 0x00000000c3890000)
  to   space 2112K,   0% used [0x00000000c3890000, 0x00000000c3890000, 0x00000000c3aa0000)
 concurrent mark-sweep generation total 76184K, used 46089K [0x00000000d6e00000, 0x00000000db866000, 0x0000000100000000)
 Metaspace       used 66979K, capacity 69678K, committed 69992K, reserved 1110016K
  class space    used 8512K, capacity 9051K, committed 9084K, reserved 1048576K
}
2022-08-07T09:30:56.129+0000: 26.013: [CMS-concurrent-mark: 0.095/0.109 secs] [Times: user=0.36 sys=0.04, real=0.11 secs] 
2022-08-07T09:30:56.130+0000: 26.013: [CMS-concurrent-preclean-start]
2022-08-07T09:30:56.135+0000: 26.019: Application time: 0.0486106 seconds
{Heap before GC invocations=212 (full 25):
 par new generation   total 19008K, used 18365K [0x00000000c2600000, 0x00000000c3aa0000, 0x00000000d6e00000)
  eden space 16896K, 100% used [0x00000000c2600000, 0x00000000c3680000, 0x00000000c3680000)
  from space 2112K,  69% used [0x00000000c3680000, 0x00000000c37ef4f0, 0x00000000c3890000)
  to   space 2112K,   0% used [0x00000000c3890000, 0x00000000c3890000, 0x00000000c3aa0000)
 concurrent mark-sweep generation total 76184K, used 46089K [0x00000000d6e00000, 0x00000000db866000, 0x0000000100000000)
 Metaspace       used 66997K, capacity 69678K, committed 69992K, reserved 1110016K
  class space    used 8513K, capacity 9051K, committed 9084K, reserved 1048576K
2022-08-07T09:30:56.135+0000: 26.019: [GC (Allocation Failure) 2022-08-07T09:30:56.136+0000: 26.020: [ParNew: 18365K->1115K(19008K), 0.0048137 secs] 64454K->47305K(95192K), 0.0054438 secs] [Times: user=0.01 sys=0.00, real=0.01 secs] 
Heap after GC invocations=213 (full 25):
 par new generation   total 19008K, used 1115K [0x00000000c2600000, 0x00000000c3aa0000, 0x00000000d6e00000)
  eden space 16896K,   0% used [0x00000000c2600000, 0x00000000c2600000, 0x00000000c3680000)
  from space 2112K,  52% used [0x00000000c3890000, 0x00000000c39a6ea8, 0x00000000c3aa0000)
  to   space 2112K,   0% used [0x00000000c3680000, 0x00000000c3680000, 0x00000000c3890000)
 concurrent mark-sweep generation total 76184K, used 46189K [0x00000000d6e00000, 0x00000000db866000, 0x0000000100000000)
 Metaspace       used 66997K, capacity 69678K, committed 69992K, reserved 1110016K
  class space    used 8513K, capacity 9051K, committed 9084K, reserved 1048576K
}
2022-08-07T09:30:56.185+0000: 26.068: [CMS-concurrent-preclean: 0.027/0.055 secs] [Times: user=0.16 sys=0.04, real=0.05 secs] 
2022-08-07T09:30:56.185+0000: 26.069: [CMS-concurrent-abortable-preclean-start]
2022-08-07T09:30:56.192+0000: 26.076: Application time: 0.0505323 seconds
{Heap before GC invocations=213 (full 25):
 par new generation   total 19008K, used 18011K [0x00000000c2600000, 0x00000000c3aa0000, 0x00000000d6e00000)
  eden space 16896K, 100% used [0x00000000c2600000, 0x00000000c3680000, 0x00000000c3680000)
  from space 2112K,  52% used [0x00000000c3890000, 0x00000000c39a6ea8, 0x00000000c3aa0000)
  to   space 2112K,   0% used [0x00000000c3680000, 0x00000000c3680000, 0x00000000c3890000)
 concurrent mark-sweep generation total 76184K, used 46189K [0x00000000d6e00000, 0x00000000db866000, 0x0000000100000000)
 Metaspace       used 67039K, capacity 69752K, committed 69992K, reserved 1110016K
  class space    used 8519K, capacity 9054K, committed 9084K, reserved 1048576K
2022-08-07T09:30:56.192+0000: 26.076: [GC (Allocation Failure) 2022-08-07T09:30:56.193+0000: 26.077: [ParNew: 18011K->1401K(19008K), 0.0063818 secs] 64201K->47684K(95192K), 0.0071840 secs] [Times: user=0.03 sys=0.00, real=0.01 secs] 
Heap after GC invocations=214 (full 25):
 par new generation   total 19008K, used 1401K [0x00000000c2600000, 0x00000000c3aa0000, 0x00000000d6e00000)
  eden space 16896K,   0% used [0x00000000c2600000, 0x00000000c2600000, 0x00000000c3680000)
  from space 2112K,  66% used [0x00000000c3680000, 0x00000000c37de650, 0x00000000c3890000)
  to   space 2112K,   0% used [0x00000000c3890000, 0x00000000c3890000, 0x00000000c3aa0000)
 concurrent mark-sweep generation total 76184K, used 46282K [0x00000000d6e00000, 0x00000000db866000, 0x0000000100000000)
 Metaspace       used 67039K, capacity 69752K, committed 69992K, reserved 1110016K
  class space    used 8519K, capacity 9054K, committed 9084K, reserved 1048576K
}
2022-08-07T09:30:56.212+0000: 26.096: Application time: 0.0122647 seconds
2022-08-07T09:30:56.217+0000: 26.101: Application time: 0.0045409 seconds
2022-08-07T09:30:56.246+0000: 26.130: [CMS-concurrent-abortable-preclean: 0.031/0.061 secs] [Times: user=0.18 sys=0.05, real=0.07 secs] 
2022-08-07T09:30:56.247+0000: 26.131: Application time: 0.0286825 seconds
2022-08-07T09:30:56.248+0000: 26.131: [GC (CMS Final Remark) [YG occupancy: 15600 K (19008 K)]2022-08-07T09:30:56.248+0000: 26.132: [Rescan (parallel) , 0.0085746 secs]2022-08-07T09:30:56.257+0000: 26.141: [weak refs processing, 0.0006032 secs]2022-08-07T09:30:56.258+0000: 26.142: [class unloading, 0.0182372 secs]2022-08-07T09:30:56.277+0000: 26.161: [scrub symbol table, 0.0149517 secs]2022-08-07T09:30:56.292+0000: 26.176: [scrub string table, 0.0014215 secs][1 CMS-remark: 46282K(76184K)] 61883K(95192K), 0.0464234 secs] [Times: user=0.10 sys=0.00, real=0.04 secs] 
2022-08-07T09:30:56.296+0000: 26.180: [CMS-concurrent-sweep-start]
2022-08-07T09:30:56.304+0000: 26.188: Application time: 0.0094524 seconds
{Heap before GC invocations=214 (full 25):
 par new generation   total 19008K, used 18297K [0x00000000c2600000, 0x00000000c3aa0000, 0x00000000d6e00000)
  eden space 16896K, 100% used [0x00000000c2600000, 0x00000000c3680000, 0x00000000c3680000)
  from space 2112K,  66% used [0x00000000c3680000, 0x00000000c37de650, 0x00000000c3890000)
  to   space 2112K,   0% used [0x00000000c3890000, 0x00000000c3890000, 0x00000000c3aa0000)
 concurrent mark-sweep generation total 76184K, used 46282K [0x00000000d6e00000, 0x00000000db866000, 0x0000000100000000)
 Metaspace       used 67059K, capacity 69758K, committed 69992K, reserved 1110016K
  class space    used 8522K, capacity 9055K, committed 9084K, reserved 1048576K
2022-08-07T09:30:56.305+0000: 26.188: [GC (Allocation Failure) 2022-08-07T09:30:56.305+0000: 26.189: [ParNew: 18297K->1108K(19008K), 0.0085242 secs] 64580K->47511K(95192K), 0.0100174 secs] [Times: user=0.02 sys=0.00, real=0.01 secs] 
Heap after GC invocations=215 (full 25):
 par new generation   total 19008K, used 1108K [0x00000000c2600000, 0x00000000c3aa0000, 0x00000000d6e00000)
  eden space 16896K,   0% used [0x00000000c2600000, 0x00000000c2600000, 0x00000000c3680000)
  from space 2112K,  52% used [0x00000000c3890000, 0x00000000c39a52f8, 0x00000000c3aa0000)
  to   space 2112K,   0% used [0x00000000c3680000, 0x00000000c3680000, 0x00000000c3890000)
 concurrent mark-sweep generation total 76184K, used 46402K [0x00000000d6e00000, 0x00000000db866000, 0x0000000100000000)
 Metaspace       used 67059K, capacity 69758K, committed 69992K, reserved 1110016K
  class space    used 8522K, capacity 9055K, committed 9084K, reserved 1048576K
}
2022-08-07T09:30:56.365+0000: 26.249: [CMS-concurrent-sweep: 0.056/0.069 secs] [Times: user=0.12 sys=0.01, real=0.06 secs] 
2022-08-07T09:30:56.366+0000: 26.250: [CMS-concurrent-reset-start]
2022-08-07T09:30:56.367+0000: 26.251: [CMS-concurrent-reset: 0.001/0.001 secs] [Times: user=0.00 sys=0.00, real=0.00 secs] 
2022-08-07T09:30:56.426+0000: 26.310: Application time: 0.1111302 seconds
{Heap before GC invocations=215 (full 25):
 par new generation   total 19008K, used 18004K [0x00000000c2600000, 0x00000000c3aa0000, 0x00000000d6e00000)
  eden space 16896K, 100% used [0x00000000c2600000, 0x00000000c3680000, 0x00000000c3680000)
  from space 2112K,  52% used [0x00000000c3890000, 0x00000000c39a52f8, 0x00000000c3aa0000)
  to   space 2112K,   0% used [0x00000000c3680000, 0x00000000c3680000, 0x00000000c3890000)
 concurrent mark-sweep generation total 77320K, used 46389K [0x00000000d6e00000, 0x00000000db982000, 0x0000000100000000)
 Metaspace       used 67105K, capacity 69800K, committed 69992K, reserved 1110016K
  class space    used 8527K, capacity 9052K, committed 9084K, reserved 1048576K
2022-08-07T09:30:56.427+0000: 26.311: [GC (Allocation Failure) 2022-08-07T09:30:56.427+0000: 26.311: [ParNew: 18004K->1301K(19008K), 0.0050047 secs] 64394K->47758K(96328K), 0.0058077 secs] [Times: user=0.02 sys=0.00, real=0.00 secs] 
Heap after GC invocations=216 (full 25):
 par new generation   total 19008K, used 1301K [0x00000000c2600000, 0x00000000c3aa0000, 0x00000000d6e00000)
  eden space 16896K,   0% used [0x00000000c2600000, 0x00000000c2600000, 0x00000000c3680000)
  from space 2112K,  61% used [0x00000000c3680000, 0x00000000c37c5758, 0x00000000c3890000)
  to   space 2112K,   0% used [0x00000000c3890000, 0x00000000c3890000, 0x00000000c3aa0000)
 concurrent mark-sweep generation total 77320K, used 46456K [0x00000000d6e00000, 0x00000000db982000, 0x0000000100000000)
 Metaspace       used 67105K, capacity 69800K, committed 69992K, reserved 1110016K
  class space    used 8527K, capacity 9052K, committed 9084K, reserved 1048576K
}
2022-08-07T09:30:56.434+0000: 26.318: Application time: 0.0007138 seconds
2022-08-07T09:30:56.435+0000: 26.319: [GC (CMS Initial Mark) [1 CMS-initial-mark: 46456K(77320K)] 48120K(96328K), 0.0022822 secs] [Times: user=0.00 sys=0.01, real=0.01 secs] 
2022-08-07T09:30:56.438+0000: 26.322: [CMS-concurrent-mark-start]
2022-08-07T09:30:56.485+0000: 26.369: Application time: 0.0474299 seconds
{Heap before GC invocations=216 (full 26):
 par new generation   total 19008K, used 18197K [0x00000000c2600000, 0x00000000c3aa0000, 0x00000000d6e00000)
  eden space 16896K, 100% used [0x00000000c2600000, 0x00000000c3680000, 0x00000000c3680000)
  from space 2112K,  61% used [0x00000000c3680000, 0x00000000c37c5758, 0x00000000c3890000)
  to   space 2112K,   0% used [0x00000000c3890000, 0x00000000c3890000, 0x00000000c3aa0000)
 concurrent mark-sweep generation total 77320K, used 46456K [0x00000000d6e00000, 0x00000000db982000, 0x0000000100000000)
 Metaspace       used 67135K, capacity 69806K, committed 69992K, reserved 1110016K
  class space    used 8531K, capacity 9053K, committed 9084K, reserved 1048576K
2022-08-07T09:30:56.485+0000: 26.369: [GC (Allocation Failure) 2022-08-07T09:30:56.486+0000: 26.370: [ParNew: 18197K->1433K(19008K), 0.0073424 secs] 64654K->47942K(96328K), 0.0082341 secs] [Times: user=0.02 sys=0.01, real=0.01 secs] 
Heap after GC invocations=217 (full 26):
 par new generation   total 19008K, used 1433K [0x00000000c2600000, 0x00000000c3aa0000, 0x00000000d6e00000)
  eden space 16896K,   0% used [0x00000000c2600000, 0x00000000c2600000, 0x00000000c3680000)
  from space 2112K,  67% used [0x00000000c3890000, 0x00000000c39f67f0, 0x00000000c3aa0000)
  to   space 2112K,   0% used [0x00000000c3680000, 0x00000000c3680000, 0x00000000c3890000)
 concurrent mark-sweep generation total 77320K, used 46508K [0x00000000d6e00000, 0x00000000db982000, 0x0000000100000000)
 Metaspace       used 67135K, capacity 69806K, committed 69992K, reserved 1110016K
  class space    used 8531K, capacity 9053K, committed 9084K, reserved 1048576K
}
2022-08-07T09:30:56.551+0000: 26.435: [CMS-concurrent-mark: 0.102/0.113 secs] [Times: user=0.36 sys=0.05, real=0.11 secs] 
2022-08-07T09:30:56.551+0000: 26.435: [CMS-concurrent-preclean-start]
2022-08-07T09:30:56.595+0000: 26.479: [CMS-concurrent-preclean: 0.022/0.044 secs] [Times: user=0.09 sys=0.03, real=0.04 secs] 
2022-08-07T09:30:56.596+0000: 26.479: [CMS-concurrent-abortable-preclean-start]
2022-08-07T09:30:56.609+0000: 26.492: Application time: 0.1142248 seconds
{Heap before GC invocations=217 (full 26):
 par new generation   total 19008K, used 18329K [0x00000000c2600000, 0x00000000c3aa0000, 0x00000000d6e00000)
  eden space 16896K, 100% used [0x00000000c2600000, 0x00000000c3680000, 0x00000000c3680000)
  from space 2112K,  67% used [0x00000000c3890000, 0x00000000c39f67f0, 0x00000000c3aa0000)
  to   space 2112K,   0% used [0x00000000c3680000, 0x00000000c3680000, 0x00000000c3890000)
 concurrent mark-sweep generation total 77320K, used 46508K [0x00000000d6e00000, 0x00000000db982000, 0x0000000100000000)
 Metaspace       used 67315K, capacity 70012K, committed 70376K, reserved 1110016K
  class space    used 8562K, capacity 9096K, committed 9212K, reserved 1048576K
2022-08-07T09:30:56.609+0000: 26.493: [GC (Allocation Failure) 2022-08-07T09:30:56.610+0000: 26.493: [ParNew: 18329K->1935K(19008K), 0.0083583 secs] 64838K->48513K(96328K), 0.0094475 secs] [Times: user=0.02 sys=0.00, real=0.01 secs] 
Heap after GC invocations=218 (full 26):
 par new generation   total 19008K, used 1935K [0x00000000c2600000, 0x00000000c3aa0000, 0x00000000d6e00000)
  eden space 16896K,   0% used [0x00000000c2600000, 0x00000000c2600000, 0x00000000c3680000)
  from space 2112K,  91% used [0x00000000c3680000, 0x00000000c3863e68, 0x00000000c3890000)
  to   space 2112K,   0% used [0x00000000c3890000, 0x00000000c3890000, 0x00000000c3aa0000)
 concurrent mark-sweep generation total 77320K, used 46577K [0x00000000d6e00000, 0x00000000db982000, 0x0000000100000000)
 Metaspace       used 67315K, capacity 70012K, committed 70376K, reserved 1110016K
  class space    used 8562K, capacity 9096K, committed 9212K, reserved 1048576K
}
2022-08-07T09:30:56.723+0000: 26.607: Application time: 0.1030319 seconds
{Heap before GC invocations=218 (full 26):
 par new generation   total 19008K, used 18831K [0x00000000c2600000, 0x00000000c3aa0000, 0x00000000d6e00000)
  eden space 16896K, 100% used [0x00000000c2600000, 0x00000000c3680000, 0x00000000c3680000)
  from space 2112K,  91% used [0x00000000c3680000, 0x00000000c3863e68, 0x00000000c3890000)
  to   space 2112K,   0% used [0x00000000c3890000, 0x00000000c3890000, 0x00000000c3aa0000)
 concurrent mark-sweep generation total 77320K, used 46577K [0x00000000d6e00000, 0x00000000db982000, 0x0000000100000000)
 Metaspace       used 67389K, capacity 70100K, committed 70376K, reserved 1110016K
  class space    used 8571K, capacity 9100K, committed 9212K, reserved 1048576K
2022-08-07T09:30:56.723+0000: 26.607: [GC (Allocation Failure) 2022-08-07T09:30:56.724+0000: 26.608: [ParNew: 18831K->1519K(19008K), 0.0197256 secs] 65409K->48499K(96328K), 0.0205189 secs] [Times: user=0.03 sys=0.00, real=0.02 secs] 
Heap after GC invocations=219 (full 26):
 par new generation   total 19008K, used 1519K [0x00000000c2600000, 0x00000000c3aa0000, 0x00000000d6e00000)
  eden space 16896K,   0% used [0x00000000c2600000, 0x00000000c2600000, 0x00000000c3680000)
  from space 2112K,  71% used [0x00000000c3890000, 0x00000000c3a0bf28, 0x00000000c3aa0000)
  to   space 2112K,   0% used [0x00000000c3680000, 0x00000000c3680000, 0x00000000c3890000)
 concurrent mark-sweep generation total 77320K, used 46979K [0x00000000d6e00000, 0x00000000db982000, 0x0000000100000000)
 Metaspace       used 67389K, capacity 70100K, committed 70376K, reserved 1110016K
  class space    used 8571K, capacity 9100K, committed 9212K, reserved 1048576K
}
2022-08-07T09:30:56.882+0000: 26.766: Application time: 0.1374113 seconds
{Heap before GC invocations=219 (full 26):
 par new generation   total 19008K, used 18415K [0x00000000c2600000, 0x00000000c3aa0000, 0x00000000d6e00000)
  eden space 16896K, 100% used [0x00000000c2600000, 0x00000000c3680000, 0x00000000c3680000)
  from space 2112K,  71% used [0x00000000c3890000, 0x00000000c3a0bf28, 0x00000000c3aa0000)
  to   space 2112K,   0% used [0x00000000c3680000, 0x00000000c3680000, 0x00000000c3890000)
 concurrent mark-sweep generation total 77320K, used 46979K [0x00000000d6e00000, 0x00000000db982000, 0x0000000100000000)
 Metaspace       used 67484K, capacity 70216K, committed 70376K, reserved 1110016K
  class space    used 8583K, capacity 9136K, committed 9212K, reserved 1048576K
2022-08-07T09:30:56.883+0000: 26.767: [GC (Allocation Failure) 2022-08-07T09:30:56.883+0000: 26.767: [ParNew: 18415K->1839K(19008K), 0.0077327 secs] 65395K->48819K(96328K), 0.0084841 secs] [Times: user=0.01 sys=0.01, real=0.01 secs] 
Heap after GC invocations=220 (full 26):
 par new generation   total 19008K, used 1839K [0x00000000c2600000, 0x00000000c3aa0000, 0x00000000d6e00000)
  eden space 16896K,   0% used [0x00000000c2600000, 0x00000000c2600000, 0x00000000c3680000)
  from space 2112K,  87% used [0x00000000c3680000, 0x00000000c384bee0, 0x00000000c3890000)
  to   space 2112K,   0% used [0x00000000c3890000, 0x00000000c3890000, 0x00000000c3aa0000)
 concurrent mark-sweep generation total 77320K, used 46979K [0x00000000d6e00000, 0x00000000db982000, 0x0000000100000000)
 Metaspace       used 67484K, capacity 70216K, committed 70376K, reserved 1110016K
  class space    used 8583K, capacity 9136K, committed 9212K, reserved 1048576K
}
2022-08-07T09:30:56.913+0000: 26.797: Application time: 0.0207736 seconds
2022-08-07T09:30:56.963+0000: 26.846: Application time: 0.0482076 seconds
2022-08-07T09:30:56.984+0000: 26.868: [CMS-concurrent-abortable-preclean: 0.141/0.388 secs] [Times: user=0.68 sys=0.30, real=0.38 secs] 
2022-08-07T09:30:56.985+0000: 26.868: Application time: 0.0204964 seconds
2022-08-07T09:30:56.985+0000: 26.869: [GC (CMS Final Remark) [YG occupancy: 11327 K (19008 K)]2022-08-07T09:30:56.985+0000: 26.869: [Rescan (parallel) , 0.0049996 secs]2022-08-07T09:30:56.991+0000: 26.874: [weak refs processing, 0.0004101 secs]2022-08-07T09:30:56.991+0000: 26.875: [class unloading, 0.0158627 secs]2022-08-07T09:30:57.008+0000: 26.892: [scrub symbol table, 0.0165592 secs]2022-08-07T09:30:57.025+0000: 26.909: [scrub string table, 0.0013271 secs][1 CMS-remark: 46979K(77320K)] 58306K(96328K), 0.0415760 secs] [Times: user=0.08 sys=0.00, real=0.05 secs] 
2022-08-07T09:30:57.028+0000: 26.911: [CMS-concurrent-sweep-start]
2022-08-07T09:30:57.050+0000: 26.933: [CMS-concurrent-sweep: 0.022/0.022 secs] [Times: user=0.08 sys=0.01, real=0.02 secs] 
2022-08-07T09:30:57.051+0000: 26.935: [CMS-concurrent-reset-start]
2022-08-07T09:30:57.051+0000: 26.935: [CMS-concurrent-reset: 0.001/0.001 secs] [Times: user=0.00 sys=0.00, real=0.00 secs] 
2022-08-07T09:30:57.062+0000: 26.946: Application time: 0.0348064 seconds
2022-08-07T09:30:57.072+0000: 26.956: Application time: 0.0089963 seconds
2022-08-07T09:30:57.090+0000: 26.974: Application time: 0.0171068 seconds
{Heap before GC invocations=220 (full 26):
 par new generation   total 19008K, used 18735K [0x00000000c2600000, 0x00000000c3aa0000, 0x00000000d6e00000)
  eden space 16896K, 100% used [0x00000000c2600000, 0x00000000c3680000, 0x00000000c3680000)
  from space 2112K,  87% used [0x00000000c3680000, 0x00000000c384bee0, 0x00000000c3890000)
  to   space 2112K,   0% used [0x00000000c3890000, 0x00000000c3890000, 0x00000000c3aa0000)
 concurrent mark-sweep generation total 78224K, used 46934K [0x00000000d6e00000, 0x00000000dba64000, 0x0000000100000000)
 Metaspace       used 67851K, capacity 70560K, committed 70888K, reserved 1112064K
  class space    used 8631K, capacity 9168K, committed 9212K, reserved 1048576K
2022-08-07T09:30:57.091+0000: 26.974: [GC (Allocation Failure) 2022-08-07T09:30:57.091+0000: 26.975: [ParNew: 18735K->1880K(19008K), 0.0079772 secs] 65669K->49216K(97232K), 0.0089916 secs] [Times: user=0.03 sys=0.00, real=0.01 secs] 
Heap after GC invocations=221 (full 26):
 par new generation   total 19008K, used 1880K [0x00000000c2600000, 0x00000000c3aa0000, 0x00000000d6e00000)
  eden space 16896K,   0% used [0x00000000c2600000, 0x00000000c2600000, 0x00000000c3680000)
  from space 2112K,  89% used [0x00000000c3890000, 0x00000000c3a661f8, 0x00000000c3aa0000)
  to   space 2112K,   0% used [0x00000000c3680000, 0x00000000c3680000, 0x00000000c3890000)
 concurrent mark-sweep generation total 78224K, used 47335K [0x00000000d6e00000, 0x00000000dba64000, 0x0000000100000000)
 Metaspace       used 67851K, capacity 70560K, committed 70888K, reserved 1112064K
  class space    used 8631K, capacity 9168K, committed 9212K, reserved 1048576K
}
2022-08-07T09:30:57.101+0000: 26.984: Application time: 0.0002751 seconds
2022-08-07T09:30:57.101+0000: 26.985: [GC (CMS Initial Mark) [1 CMS-initial-mark: 47335K(78224K)] 49224K(97232K), 0.0022773 secs] [Times: user=0.00 sys=0.00, real=0.00 secs] 
2022-08-07T09:30:57.104+0000: 26.988: [CMS-concurrent-mark-start]
2022-08-07T09:30:57.233+0000: 27.117: [CMS-concurrent-mark: 0.129/0.129 secs] [Times: user=0.37 sys=0.01, real=0.13 secs] 
2022-08-07T09:30:57.234+0000: 27.117: [CMS-concurrent-preclean-start]
2022-08-07T09:30:57.239+0000: 27.123: Application time: 0.1355253 seconds
{Heap before GC invocations=221 (full 27):
 par new generation   total 19008K, used 18776K [0x00000000c2600000, 0x00000000c3aa0000, 0x00000000d6e00000)
  eden space 16896K,  99% used [0x00000000c2600000, 0x00000000c367ff58, 0x00000000c3680000)
  from space 2112K,  89% used [0x00000000c3890000, 0x00000000c3a661f8, 0x00000000c3aa0000)
  to   space 2112K,   0% used [0x00000000c3680000, 0x00000000c3680000, 0x00000000c3890000)
 concurrent mark-sweep generation total 78224K, used 47335K [0x00000000d6e00000, 0x00000000dba64000, 0x0000000100000000)
 Metaspace       used 67907K, capacity 70640K, committed 70888K, reserved 1112064K
  class space    used 8638K, capacity 9172K, committed 9212K, reserved 1048576K
2022-08-07T09:30:57.240+0000: 27.124: [GC (Allocation Failure) 2022-08-07T09:30:57.240+0000: 27.124: [ParNew: 18776K->1005K(19008K), 0.0066548 secs] 66112K->48689K(97232K), 0.0074782 secs] [Times: user=0.02 sys=0.00, real=0.01 secs] 
Heap after GC invocations=222 (full 27):
 par new generation   total 19008K, used 1005K [0x00000000c2600000, 0x00000000c3aa0000, 0x00000000d6e00000)
  eden space 16896K,   0% used [0x00000000c2600000, 0x00000000c2600000, 0x00000000c3680000)
  from space 2112K,  47% used [0x00000000c3680000, 0x00000000c377b418, 0x00000000c3890000)
  to   space 2112K,   0% used [0x00000000c3890000, 0x00000000c3890000, 0x00000000c3aa0000)
 concurrent mark-sweep generation total 78224K, used 47684K [0x00000000d6e00000, 0x00000000dba64000, 0x0000000100000000)
 Metaspace       used 67907K, capacity 70640K, committed 70888K, reserved 1112064K
  class space    used 8638K, capacity 9172K, committed 9212K, reserved 1048576K
}
2022-08-07T09:30:57.248+0000: 27.132: [CMS-concurrent-preclean: 0.004/0.015 secs] [Times: user=0.04 sys=0.00, real=0.02 secs] 
2022-08-07T09:30:57.249+0000: 27.133: Application time: 0.0006910 seconds
2022-08-07T09:30:57.254+0000: 27.138: [GC (CMS Final Remark) [YG occupancy: 1367 K (19008 K)]2022-08-07T09:30:57.254+0000: 27.138: [Rescan (parallel) , 0.0050988 secs]2022-08-07T09:30:57.260+0000: 27.143: [weak refs processing, 0.0006719 secs]2022-08-07T09:30:57.261+0000: 27.145: [class unloading, 0.0303865 secs]2022-08-07T09:30:57.292+0000: 27.175: [scrub symbol table, 0.0168004 secs]2022-08-07T09:30:57.309+0000: 27.193: [scrub string table, 0.0014767 secs][1 CMS-remark: 47684K(78224K)] 49051K(97232K), 0.0570063 secs] [Times: user=0.10 sys=0.01, real=0.06 secs] 
2022-08-07T09:30:57.314+0000: 27.198: [CMS-concurrent-sweep-start]
2022-08-07T09:30:57.358+0000: 27.242: [CMS-concurrent-sweep: 0.044/0.044 secs] [Times: user=0.09 sys=0.01, real=0.05 secs] 
2022-08-07T09:30:57.358+0000: 27.242: [CMS-concurrent-reset-start]
2022-08-07T09:30:57.359+0000: 27.243: [CMS-concurrent-reset: 0.001/0.001 secs] [Times: user=0.00 sys=0.00, real=0.00 secs] 
2022-08-07T09:30:57.587+0000: 27.471: Application time: 0.2755869 seconds
{Heap before GC invocations=222 (full 27):
 par new generation   total 19008K, used 17901K [0x00000000c2600000, 0x00000000c3aa0000, 0x00000000d6e00000)
  eden space 16896K, 100% used [0x00000000c2600000, 0x00000000c3680000, 0x00000000c3680000)
  from space 2112K,  47% used [0x00000000c3680000, 0x00000000c377b418, 0x00000000c3890000)
  to   space 2112K,   0% used [0x00000000c3890000, 0x00000000c3890000, 0x00000000c3aa0000)
 concurrent mark-sweep generation total 79348K, used 47608K [0x00000000d6e00000, 0x00000000dbb7d000, 0x0000000100000000)
 Metaspace       used 68102K, capacity 70950K, committed 71272K, reserved 1112064K
  class space    used 8656K, capacity 9219K, committed 9340K, reserved 1048576K
2022-08-07T09:30:57.587+0000: 27.471: [GC (Allocation Failure) 2022-08-07T09:30:57.588+0000: 27.472: [ParNew: 17901K->1644K(19008K), 0.0052887 secs] 65509K->49252K(98356K), 0.0063374 secs] [Times: user=0.02 sys=0.00, real=0.00 secs] 
Heap after GC invocations=223 (full 27):
 par new generation   total 19008K, used 1644K [0x00000000c2600000, 0x00000000c3aa0000, 0x00000000d6e00000)
  eden space 16896K,   0% used [0x00000000c2600000, 0x00000000c2600000, 0x00000000c3680000)
  from space 2112K,  77% used [0x00000000c3890000, 0x00000000c3a2b268, 0x00000000c3aa0000)
  to   space 2112K,   0% used [0x00000000c3680000, 0x00000000c3680000, 0x00000000c3890000)
 concurrent mark-sweep generation total 79348K, used 47608K [0x00000000d6e00000, 0x00000000dbb7d000, 0x0000000100000000)
 Metaspace       used 68102K, capacity 70950K, committed 71272K, reserved 1112064K
  class space    used 8656K, capacity 9219K, committed 9340K, reserved 1048576K
}
2022-08-07T09:30:57.656+0000: 27.540: Application time: 0.0614545 seconds
{Heap before GC invocations=223 (full 27):
 par new generation   total 19008K, used 18540K [0x00000000c2600000, 0x00000000c3aa0000, 0x00000000d6e00000)
  eden space 16896K, 100% used [0x00000000c2600000, 0x00000000c3680000, 0x00000000c3680000)
  from space 2112K,  77% used [0x00000000c3890000, 0x00000000c3a2b268, 0x00000000c3aa0000)
  to   space 2112K,   0% used [0x00000000c3680000, 0x00000000c3680000, 0x00000000c3890000)
 concurrent mark-sweep generation total 79348K, used 47608K [0x00000000d6e00000, 0x00000000dbb7d000, 0x0000000100000000)
 Metaspace       used 68140K, capacity 71054K, committed 71272K, reserved 1112064K
  class space    used 8665K, capacity 9237K, committed 9340K, reserved 1048576K
2022-08-07T09:30:57.657+0000: 27.540: [GC (Allocation Failure) 2022-08-07T09:30:57.657+0000: 27.541: [ParNew: 18540K->1549K(19008K), 0.0091864 secs] 66148K->49638K(98356K), 0.0098844 secs] [Times: user=0.03 sys=0.01, real=0.01 secs] 
Heap after GC invocations=224 (full 27):
 par new generation   total 19008K, used 1549K [0x00000000c2600000, 0x00000000c3aa0000, 0x00000000d6e00000)
  eden space 16896K,   0% used [0x00000000c2600000, 0x00000000c2600000, 0x00000000c3680000)
  from space 2112K,  73% used [0x00000000c3680000, 0x00000000c3803530, 0x00000000c3890000)
  to   space 2112K,   0% used [0x00000000c3890000, 0x00000000c3890000, 0x00000000c3aa0000)
 concurrent mark-sweep generation total 79348K, used 48088K [0x00000000d6e00000, 0x00000000dbb7d000, 0x0000000100000000)
 Metaspace       used 68140K, capacity 71054K, committed 71272K, reserved 1112064K
  class space    used 8665K, capacity 9237K, committed 9340K, reserved 1048576K
}
2022-08-07T09:30:57.668+0000: 27.552: Application time: 0.0005982 seconds
2022-08-07T09:30:57.673+0000: 27.557: [GC (CMS Initial Mark) [1 CMS-initial-mark: 48088K(79348K)] 49979K(98356K), 0.0040810 secs] [Times: user=0.01 sys=0.00, real=0.01 secs] 
2022-08-07T09:30:57.678+0000: 27.562: [CMS-concurrent-mark-start]
2022-08-07T09:30:57.831+0000: 27.715: Application time: 0.1537927 seconds
{Heap before GC invocations=224 (full 28):
 par new generation   total 19008K, used 18445K [0x00000000c2600000, 0x00000000c3aa0000, 0x00000000d6e00000)
  eden space 16896K, 100% used [0x00000000c2600000, 0x00000000c3680000, 0x00000000c3680000)
  from space 2112K,  73% used [0x00000000c3680000, 0x00000000c3803530, 0x00000000c3890000)
  to   space 2112K,   0% used [0x00000000c3890000, 0x00000000c3890000, 0x00000000c3aa0000)
 concurrent mark-sweep generation total 79348K, used 48088K [0x00000000d6e00000, 0x00000000dbb7d000, 0x0000000100000000)
 Metaspace       used 68196K, capacity 71128K, committed 71272K, reserved 1112064K
  class space    used 8673K, capacity 9240K, committed 9340K, reserved 1048576K
2022-08-07T09:30:57.832+0000: 27.716: [GC (Allocation Failure) 2022-08-07T09:30:57.837+0000: 27.720: [ParNew: 18445K->1507K(19008K), 0.0231497 secs] 66534K->49596K(98356K), 0.0286072 secs] [Times: user=0.04 sys=0.02, real=0.03 secs] 
Heap after GC invocations=225 (full 28):
 par new generation   total 19008K, used 1507K [0x00000000c2600000, 0x00000000c3aa0000, 0x00000000d6e00000)
  eden space 16896K,   0% used [0x00000000c2600000, 0x00000000c2600000, 0x00000000c3680000)
  from space 2112K,  71% used [0x00000000c3890000, 0x00000000c3a08f50, 0x00000000c3aa0000)
  to   space 2112K,   0% used [0x00000000c3680000, 0x00000000c3680000, 0x00000000c3890000)
 concurrent mark-sweep generation total 79348K, used 48088K [0x00000000d6e00000, 0x00000000dbb7d000, 0x0000000100000000)
 Metaspace       used 68196K, capacity 71128K, committed 71272K, reserved 1112064K
  class space    used 8673K, capacity 9240K, committed 9340K, reserved 1048576K
}
2022-08-07T09:30:57.941+0000: 27.824: [CMS-concurrent-mark: 0.213/0.263 secs] [Times: user=0.48 sys=0.17, real=0.26 secs] 
2022-08-07T09:30:57.941+0000: 27.825: Application time: 0.0796251 seconds
{Heap before GC invocations=225 (full 28):
 par new generation   total 19008K, used 18403K [0x00000000c2600000, 0x00000000c3aa0000, 0x00000000d6e00000)
  eden space 16896K, 100% used [0x00000000c2600000, 0x00000000c3680000, 0x00000000c3680000)
  from space 2112K,  71% used [0x00000000c3890000, 0x00000000c3a08f50, 0x00000000c3aa0000)
  to   space 2112K,   0% used [0x00000000c3680000, 0x00000000c3680000, 0x00000000c3890000)
 concurrent mark-sweep generation total 79348K, used 48088K [0x00000000d6e00000, 0x00000000dbb7d000, 0x0000000100000000)
 Metaspace       used 68267K, capacity 71192K, committed 71528K, reserved 1112064K
  class space    used 8681K, capacity 9240K, committed 9340K, reserved 1048576K
2022-08-07T09:30:57.942+0000: 27.826: [GC (Allocation Failure) 2022-08-07T09:30:57.942+0000: 27.826: [ParNew: 18403K->1580K(19008K), 0.0100783 secs] 66492K->49841K(98356K), 0.0110807 secs] [Times: user=0.03 sys=0.00, real=0.01 secs] 
Heap after GC invocations=226 (full 28):
 par new generation   total 19008K, used 1580K [0x00000000c2600000, 0x00000000c3aa0000, 0x00000000d6e00000)
  eden space 16896K,   0% used [0x00000000c2600000, 0x00000000c2600000, 0x00000000c3680000)
  from space 2112K,  74% used [0x00000000c3680000, 0x00000000c380b260, 0x00000000c3890000)
  to   space 2112K,   0% used [0x00000000c3890000, 0x00000000c3890000, 0x00000000c3aa0000)
 concurrent mark-sweep generation total 79348K, used 48261K [0x00000000d6e00000, 0x00000000dbb7d000, 0x0000000100000000)
 Metaspace       used 68267K, capacity 71192K, committed 71528K, reserved 1112064K
  class space    used 8681K, capacity 9240K, committed 9340K, reserved 1048576K
}
2022-08-07T09:30:57.954+0000: 27.838: [CMS-concurrent-preclean-start]
2022-08-07T09:30:58.015+0000: 27.898: [CMS-concurrent-preclean: 0.037/0.061 secs] [Times: user=0.15 sys=0.06, real=0.06 secs] 
2022-08-07T09:30:58.015+0000: 27.899: [CMS-concurrent-abortable-preclean-start]
2022-08-07T09:30:58.038+0000: 27.922: Application time: 0.0845653 seconds
{Heap before GC invocations=226 (full 28):
 par new generation   total 19008K, used 18476K [0x00000000c2600000, 0x00000000c3aa0000, 0x00000000d6e00000)
  eden space 16896K, 100% used [0x00000000c2600000, 0x00000000c3680000, 0x00000000c3680000)
  from space 2112K,  74% used [0x00000000c3680000, 0x00000000c380b260, 0x00000000c3890000)
  to   space 2112K,   0% used [0x00000000c3890000, 0x00000000c3890000, 0x00000000c3aa0000)
 concurrent mark-sweep generation total 79348K, used 48261K [0x00000000d6e00000, 0x00000000dbb7d000, 0x0000000100000000)
 Metaspace       used 68285K, capacity 71206K, committed 71528K, reserved 1112064K
  class space    used 8684K, capacity 9243K, committed 9340K, reserved 1048576K
2022-08-07T09:30:58.039+0000: 27.923: [GC (Allocation Failure) 2022-08-07T09:30:58.039+0000: 27.923: [ParNew: 18476K->1327K(19008K), 0.0083103 secs] 66737K->50169K(98356K), 0.0091706 secs] [Times: user=0.02 sys=0.00, real=0.01 secs] 
Heap after GC invocations=227 (full 28):
 par new generation   total 19008K, used 1327K [0x00000000c2600000, 0x00000000c3aa0000, 0x00000000d6e00000)
  eden space 16896K,   0% used [0x00000000c2600000, 0x00000000c2600000, 0x00000000c3680000)
  from space 2112K,  62% used [0x00000000c3890000, 0x00000000c39dbd90, 0x00000000c3aa0000)
  to   space 2112K,   0% used [0x00000000c3680000, 0x00000000c3680000, 0x00000000c3890000)
 concurrent mark-sweep generation total 79348K, used 48842K [0x00000000d6e00000, 0x00000000dbb7d000, 0x0000000100000000)
 Metaspace       used 68285K, capacity 71206K, committed 71528K, reserved 1112064K
  class space    used 8684K, capacity 9243K, committed 9340K, reserved 1048576K
}
2022-08-07T09:30:58.091+0000: 27.975: [CMS-concurrent-abortable-preclean: 0.048/0.076 secs] [Times: user=0.23 sys=0.05, real=0.08 secs] 
2022-08-07T09:30:58.092+0000: 27.976: Application time: 0.0432426 seconds
2022-08-07T09:30:58.093+0000: 27.976: [GC (CMS Final Remark) [YG occupancy: 17888 K (19008 K)]2022-08-07T09:30:58.093+0000: 27.977: [Rescan (parallel) , 0.0048335 secs]2022-08-07T09:30:58.098+0000: 27.982: [weak refs processing, 0.0006622 secs]2022-08-07T09:30:58.099+0000: 27.983: [class unloading, 0.0158214 secs]2022-08-07T09:30:58.115+0000: 27.999: [scrub symbol table, 0.0156289 secs]2022-08-07T09:30:58.131+0000: 28.015: [scrub string table, 0.0012940 secs][1 CMS-remark: 48842K(79348K)] 66730K(98356K), 0.0404731 secs] [Times: user=0.09 sys=0.01, real=0.04 secs] 
2022-08-07T09:30:58.134+0000: 28.018: [CMS-concurrent-sweep-start]
2022-08-07T09:30:58.146+0000: 28.030: Application time: 0.0123221 seconds
{Heap before GC invocations=227 (full 28):
 par new generation   total 19008K, used 18223K [0x00000000c2600000, 0x00000000c3aa0000, 0x00000000d6e00000)
  eden space 16896K, 100% used [0x00000000c2600000, 0x00000000c3680000, 0x00000000c3680000)
  from space 2112K,  62% used [0x00000000c3890000, 0x00000000c39dbd90, 0x00000000c3aa0000)
  to   space 2112K,   0% used [0x00000000c3680000, 0x00000000c3680000, 0x00000000c3890000)
 concurrent mark-sweep generation total 79348K, used 48823K [0x00000000d6e00000, 0x00000000dbb7d000, 0x0000000100000000)
 Metaspace       used 68304K, capacity 71206K, committed 71528K, reserved 1112064K
  class space    used 8687K, capacity 9243K, committed 9340K, reserved 1048576K
2022-08-07T09:30:58.146+0000: 28.030: [GC (Allocation Failure) 2022-08-07T09:30:58.147+0000: 28.031: [ParNew: 18223K->1027K(19008K), 0.0031735 secs] 67047K->49851K(98356K), 0.0040659 secs] [Times: user=0.02 sys=0.00, real=0.00 secs] 
Heap after GC invocations=228 (full 28):
 par new generation   total 19008K, used 1027K [0x00000000c2600000, 0x00000000c3aa0000, 0x00000000d6e00000)
  eden space 16896K,   0% used [0x00000000c2600000, 0x00000000c2600000, 0x00000000c3680000)
  from space 2112K,  48% used [0x00000000c3680000, 0x00000000c3780f70, 0x00000000c3890000)
  to   space 2112K,   0% used [0x00000000c3890000, 0x00000000c3890000, 0x00000000c3aa0000)
 concurrent mark-sweep generation total 79348K, used 48823K [0x00000000d6e00000, 0x00000000dbb7d000, 0x0000000100000000)
 Metaspace       used 68304K, capacity 71206K, committed 71528K, reserved 1112064K
  class space    used 8687K, capacity 9243K, committed 9340K, reserved 1048576K
}
2022-08-07T09:30:58.163+0000: 28.047: [CMS-concurrent-sweep: 0.024/0.029 secs] [Times: user=0.09 sys=0.00, real=0.03 secs] 
2022-08-07T09:30:58.164+0000: 28.048: [CMS-concurrent-reset-start]
2022-08-07T09:30:58.164+0000: 28.048: [CMS-concurrent-reset: 0.001/0.001 secs] [Times: user=0.00 sys=0.00, real=0.00 secs] 
2022-08-07T09:30:58.167+0000: 28.051: Application time: 0.0156099 seconds
2022-08-07T09:30:58.229+0000: 28.113: Application time: 0.0608279 seconds
{Heap before GC invocations=228 (full 28):
 par new generation   total 19008K, used 17923K [0x00000000c2600000, 0x00000000c3aa0000, 0x00000000d6e00000)
  eden space 16896K, 100% used [0x00000000c2600000, 0x00000000c3680000, 0x00000000c3680000)
  from space 2112K,  48% used [0x00000000c3680000, 0x00000000c3780f70, 0x00000000c3890000)
  to   space 2112K,   0% used [0x00000000c3890000, 0x00000000c3890000, 0x00000000c3aa0000)
 concurrent mark-sweep generation total 81280K, used 48765K [0x00000000d6e00000, 0x00000000dbd60000, 0x0000000100000000)
 Metaspace       used 68449K, capacity 71406K, committed 71528K, reserved 1112064K
  class space    used 8722K, capacity 9271K, committed 9340K, reserved 1048576K
2022-08-07T09:30:58.229+0000: 28.113: [GC (Allocation Failure) 2022-08-07T09:30:58.230+0000: 28.114: [ParNew: 17923K->1459K(19008K), 0.0036088 secs] 66689K->50225K(100288K), 0.0045486 secs] [Times: user=0.01 sys=0.00, real=0.00 secs] 
Heap after GC invocations=229 (full 28):
 par new generation   total 19008K, used 1459K [0x00000000c2600000, 0x00000000c3aa0000, 0x00000000d6e00000)
  eden space 16896K,   0% used [0x00000000c2600000, 0x00000000c2600000, 0x00000000c3680000)
  from space 2112K,  69% used [0x00000000c3890000, 0x00000000c39fcff0, 0x00000000c3aa0000)
  to   space 2112K,   0% used [0x00000000c3680000, 0x00000000c3680000, 0x00000000c3890000)
 concurrent mark-sweep generation total 81280K, used 48765K [0x00000000d6e00000, 0x00000000dbd60000, 0x0000000100000000)
 Metaspace       used 68449K, capacity 71406K, committed 71528K, reserved 1112064K
  class space    used 8722K, capacity 9271K, committed 9340K, reserved 1048576K
}
2022-08-07T09:30:58.274+0000: 28.158: Application time: 0.0398435 seconds
{Heap before GC invocations=229 (full 28):
 par new generation   total 19008K, used 18355K [0x00000000c2600000, 0x00000000c3aa0000, 0x00000000d6e00000)
  eden space 16896K, 100% used [0x00000000c2600000, 0x00000000c3680000, 0x00000000c3680000)
  from space 2112K,  69% used [0x00000000c3890000, 0x00000000c39fcff0, 0x00000000c3aa0000)
  to   space 2112K,   0% used [0x00000000c3680000, 0x00000000c3680000, 0x00000000c3890000)
 concurrent mark-sweep generation total 81280K, used 48765K [0x00000000d6e00000, 0x00000000dbd60000, 0x0000000100000000)
 Metaspace       used 68451K, capacity 71406K, committed 71528K, reserved 1112064K
  class space    used 8722K, capacity 9271K, committed 9340K, reserved 1048576K
2022-08-07T09:30:58.276+0000: 28.160: [GC (Allocation Failure) 2022-08-07T09:30:58.276+0000: 28.160: [ParNew: 18355K->1528K(19008K), 0.0032493 secs] 67121K->50294K(100288K), 0.0038394 secs] [Times: user=0.02 sys=0.00, real=0.00 secs] 
Heap after GC invocations=230 (full 28):
 par new generation   total 19008K, used 1528K [0x00000000c2600000, 0x00000000c3aa0000, 0x00000000d6e00000)
  eden space 16896K,   0% used [0x00000000c2600000, 0x00000000c2600000, 0x00000000c3680000)
  from space 2112K,  72% used [0x00000000c3680000, 0x00000000c37fe0b8, 0x00000000c3890000)
  to   space 2112K,   0% used [0x00000000c3890000, 0x00000000c3890000, 0x00000000c3aa0000)
 concurrent mark-sweep generation total 81280K, used 48765K [0x00000000d6e00000, 0x00000000dbd60000, 0x0000000100000000)
 Metaspace       used 68451K, capacity 71406K, committed 71528K, reserved 1112064K
  class space    used 8722K, capacity 9271K, committed 9340K, reserved 1048576K
}
2022-08-07T09:30:58.323+0000: 28.207: Application time: 0.0427080 seconds
{Heap before GC invocations=230 (full 28):
 par new generation   total 19008K, used 18424K [0x00000000c2600000, 0x00000000c3aa0000, 0x00000000d6e00000)
  eden space 16896K, 100% used [0x00000000c2600000, 0x00000000c3680000, 0x00000000c3680000)
  from space 2112K,  72% used [0x00000000c3680000, 0x00000000c37fe0b8, 0x00000000c3890000)
  to   space 2112K,   0% used [0x00000000c3890000, 0x00000000c3890000, 0x00000000c3aa0000)
 concurrent mark-sweep generation total 81280K, used 48765K [0x00000000d6e00000, 0x00000000dbd60000, 0x0000000100000000)
 Metaspace       used 68464K, capacity 71406K, committed 71528K, reserved 1112064K
  class space    used 8724K, capacity 9271K, committed 9340K, reserved 1048576K
2022-08-07T09:30:58.324+0000: 28.208: [GC (Allocation Failure) 2022-08-07T09:30:58.324+0000: 28.208: [ParNew: 18424K->1973K(19008K), 0.0038061 secs] 67190K->50739K(100288K), 0.0045865 secs] [Times: user=0.01 sys=0.01, real=0.01 secs] 
Heap after GC invocations=231 (full 28):
 par new generation   total 19008K, used 1973K [0x00000000c2600000, 0x00000000c3aa0000, 0x00000000d6e00000)
  eden space 16896K,   0% used [0x00000000c2600000, 0x00000000c2600000, 0x00000000c3680000)
  from space 2112K,  93% used [0x00000000c3890000, 0x00000000c3a7d640, 0x00000000c3aa0000)
  to   space 2112K,   0% used [0x00000000c3680000, 0x00000000c3680000, 0x00000000c3890000)
 concurrent mark-sweep generation total 81280K, used 48765K [0x00000000d6e00000, 0x00000000dbd60000, 0x0000000100000000)
 Metaspace       used 68464K, capacity 71406K, committed 71528K, reserved 1112064K
  class space    used 8724K, capacity 9271K, committed 9340K, reserved 1048576K
}
2022-08-07T09:30:58.398+0000: 28.282: Application time: 0.0688910 seconds
{Heap before GC invocations=231 (full 28):
 par new generation   total 19008K, used 18869K [0x00000000c2600000, 0x00000000c3aa0000, 0x00000000d6e00000)
  eden space 16896K, 100% used [0x00000000c2600000, 0x00000000c3680000, 0x00000000c3680000)
  from space 2112K,  93% used [0x00000000c3890000, 0x00000000c3a7d640, 0x00000000c3aa0000)
  to   space 2112K,   0% used [0x00000000c3680000, 0x00000000c3680000, 0x00000000c3890000)
 concurrent mark-sweep generation total 81280K, used 48765K [0x00000000d6e00000, 0x00000000dbd60000, 0x0000000100000000)
 Metaspace       used 68549K, capacity 71550K, committed 71784K, reserved 1112064K
  class space    used 8743K, capacity 9297K, committed 9340K, reserved 1048576K
2022-08-07T09:30:58.399+0000: 28.283: [GC (Allocation Failure) 2022-08-07T09:30:58.399+0000: 28.283: [ParNew: 18869K->1559K(19008K), 0.0098543 secs] 67635K->50453K(100288K), 0.0107270 secs] [Times: user=0.03 sys=0.00, real=0.01 secs] 
Heap after GC invocations=232 (full 28):
 par new generation   total 19008K, used 1559K [0x00000000c2600000, 0x00000000c3aa0000, 0x00000000d6e00000)
  eden space 16896K,   0% used [0x00000000c2600000, 0x00000000c2600000, 0x00000000c3680000)
  from space 2112K,  73% used [0x00000000c3680000, 0x00000000c3805f28, 0x00000000c3890000)
  to   space 2112K,   0% used [0x00000000c3890000, 0x00000000c3890000, 0x00000000c3aa0000)
 concurrent mark-sweep generation total 81280K, used 48893K [0x00000000d6e00000, 0x00000000dbd60000, 0x0000000100000000)
 Metaspace       used 68549K, capacity 71550K, committed 71784K, reserved 1112064K
  class space    used 8743K, capacity 9297K, committed 9340K, reserved 1048576K
}
2022-08-07T09:30:58.411+0000: 28.295: Application time: 0.0004083 seconds
2022-08-07T09:30:58.412+0000: 28.296: [GC (CMS Initial Mark) [1 CMS-initial-mark: 48893K(81280K)] 50803K(100288K), 0.0025625 secs] [Times: user=0.00 sys=0.00, real=0.00 secs] 
2022-08-07T09:30:58.415+0000: 28.299: [CMS-concurrent-mark-start]
2022-08-07T09:30:58.503+0000: 28.386: Application time: 0.0873614 seconds
{Heap before GC invocations=232 (full 29):
 par new generation   total 19008K, used 18455K [0x00000000c2600000, 0x00000000c3aa0000, 0x00000000d6e00000)
  eden space 16896K, 100% used [0x00000000c2600000, 0x00000000c3680000, 0x00000000c3680000)
  from space 2112K,  73% used [0x00000000c3680000, 0x00000000c3805f28, 0x00000000c3890000)
  to   space 2112K,   0% used [0x00000000c3890000, 0x00000000c3890000, 0x00000000c3aa0000)
 concurrent mark-sweep generation total 81280K, used 48893K [0x00000000d6e00000, 0x00000000dbd60000, 0x0000000100000000)
 Metaspace       used 68578K, capacity 71588K, committed 71784K, reserved 1112064K
  class space    used 8748K, capacity 9330K, committed 9340K, reserved 1048576K
2022-08-07T09:30:58.503+0000: 28.387: [GC (Allocation Failure) 2022-08-07T09:30:58.504+0000: 28.387: [ParNew: 18455K->1355K(19008K), 0.0093308 secs] 67349K->50428K(100288K), 0.0102016 secs] [Times: user=0.02 sys=0.00, real=0.01 secs] 
Heap after GC invocations=233 (full 29):
 par new generation   total 19008K, used 1355K [0x00000000c2600000, 0x00000000c3aa0000, 0x00000000d6e00000)
  eden space 16896K,   0% used [0x00000000c2600000, 0x00000000c2600000, 0x00000000c3680000)
  from space 2112K,  64% used [0x00000000c3890000, 0x00000000c39e2d20, 0x00000000c3aa0000)
  to   space 2112K,   0% used [0x00000000c3680000, 0x00000000c3680000, 0x00000000c3890000)
 concurrent mark-sweep generation total 81280K, used 49073K [0x00000000d6e00000, 0x00000000dbd60000, 0x0000000100000000)
 Metaspace       used 68578K, capacity 71588K, committed 71784K, reserved 1112064K
  class space    used 8748K, capacity 9330K, committed 9340K, reserved 1048576K
}
2022-08-07T09:30:58.549+0000: 28.433: [CMS-concurrent-mark: 0.122/0.134 secs] [Times: user=0.36 sys=0.04, real=0.14 secs] 
2022-08-07T09:30:58.550+0000: 28.434: [CMS-concurrent-preclean-start]
2022-08-07T09:30:58.581+0000: 28.465: Application time: 0.0665953 seconds
2022-08-07T09:30:58.587+0000: 28.471: [CMS-concurrent-preclean: 0.020/0.037 secs] [Times: user=0.10 sys=0.03, real=0.04 secs] 
2022-08-07T09:30:58.587+0000: 28.471: [CMS-concurrent-abortable-preclean-start]
2022-08-07T09:30:58.588+0000: 28.472: Application time: 0.0061861 seconds
{Heap before GC invocations=233 (full 29):
 par new generation   total 19008K, used 18251K [0x00000000c2600000, 0x00000000c3aa0000, 0x00000000d6e00000)
  eden space 16896K, 100% used [0x00000000c2600000, 0x00000000c3680000, 0x00000000c3680000)
  from space 2112K,  64% used [0x00000000c3890000, 0x00000000c39e2d20, 0x00000000c3aa0000)
  to   space 2112K,   0% used [0x00000000c3680000, 0x00000000c3680000, 0x00000000c3890000)
 concurrent mark-sweep generation total 81280K, used 49073K [0x00000000d6e00000, 0x00000000dbd60000, 0x0000000100000000)
 Metaspace       used 68710K, capacity 71716K, committed 71784K, reserved 1112064K
  class space    used 8769K, capacity 9330K, committed 9340K, reserved 1048576K
2022-08-07T09:30:58.588+0000: 28.472: [GC (Allocation Failure) 2022-08-07T09:30:58.589+0000: 28.473: [ParNew: 18251K->1731K(19008K), 0.0051300 secs] 67324K->50934K(100288K), 0.0060733 secs] [Times: user=0.01 sys=0.00, real=0.00 secs] 
Heap after GC invocations=234 (full 29):
 par new generation   total 19008K, used 1731K [0x00000000c2600000, 0x00000000c3aa0000, 0x00000000d6e00000)
  eden space 16896K,   0% used [0x00000000c2600000, 0x00000000c2600000, 0x00000000c3680000)
  from space 2112K,  81% used [0x00000000c3680000, 0x00000000c3830ee8, 0x00000000c3890000)
  to   space 2112K,   0% used [0x00000000c3890000, 0x00000000c3890000, 0x00000000c3aa0000)
 concurrent mark-sweep generation total 81280K, used 49202K [0x00000000d6e00000, 0x00000000dbd60000, 0x0000000100000000)
 Metaspace       used 68710K, capacity 71716K, committed 71784K, reserved 1112064K
  class space    used 8769K, capacity 9330K, committed 9340K, reserved 1048576K
}
2022-08-07T09:30:58.639+0000: 28.523: [CMS-concurrent-abortable-preclean: 0.026/0.052 secs] [Times: user=0.14 sys=0.05, real=0.05 secs] 
2022-08-07T09:30:58.640+0000: 28.524: Application time: 0.0446726 seconds
2022-08-07T09:30:58.640+0000: 28.524: [GC (CMS Final Remark) [YG occupancy: 15592 K (19008 K)]2022-08-07T09:30:58.641+0000: 28.525: [Rescan (parallel) , 0.0102208 secs]2022-08-07T09:30:58.652+0000: 28.535: [weak refs processing, 0.0007319 secs]2022-08-07T09:30:58.653+0000: 28.537: [class unloading, 0.0172206 secs]2022-08-07T09:30:58.670+0000: 28.554: [scrub symbol table, 0.0259375 secs]2022-08-07T09:30:58.697+0000: 28.581: [scrub string table, 0.0017424 secs][1 CMS-remark: 49202K(81280K)] 64795K(100288K), 0.0586119 secs] [Times: user=0.11 sys=0.01, real=0.06 secs] 
2022-08-07T09:30:58.701+0000: 28.585: [CMS-concurrent-sweep-start]
2022-08-07T09:30:58.759+0000: 28.642: Application time: 0.0582666 seconds
{Heap before GC invocations=234 (full 29):
 par new generation   total 19008K, used 18627K [0x00000000c2600000, 0x00000000c3aa0000, 0x00000000d6e00000)
  eden space 16896K, 100% used [0x00000000c2600000, 0x00000000c3680000, 0x00000000c3680000)
  from space 2112K,  81% used [0x00000000c3680000, 0x00000000c3830ee8, 0x00000000c3890000)
  to   space 2112K,   0% used [0x00000000c3890000, 0x00000000c3890000, 0x00000000c3aa0000)
 concurrent mark-sweep generation total 81280K, used 49192K [0x00000000d6e00000, 0x00000000dbd60000, 0x0000000100000000)
 Metaspace       used 68738K, capacity 71722K, committed 71784K, reserved 1112064K
  class space    used 8777K, capacity 9333K, committed 9340K, reserved 1048576K
2022-08-07T09:30:58.760+0000: 28.644: [GC (Allocation Failure) 2022-08-07T09:30:58.760+0000: 28.644: [ParNew: 18627K->1724K(19008K), 0.0182708 secs] 67820K->51159K(100288K), 0.0190761 secs] [Times: user=0.03 sys=0.00, real=0.02 secs] 
Heap after GC invocations=235 (full 29):
 par new generation   total 19008K, used 1724K [0x00000000c2600000, 0x00000000c3aa0000, 0x00000000d6e00000)
  eden space 16896K,   0% used [0x00000000c2600000, 0x00000000c2600000, 0x00000000c3680000)
  from space 2112K,  81% used [0x00000000c3890000, 0x00000000c3a3f0d8, 0x00000000c3aa0000)
  to   space 2112K,   0% used [0x00000000c3680000, 0x00000000c3680000, 0x00000000c3890000)
 concurrent mark-sweep generation total 81280K, used 49434K [0x00000000d6e00000, 0x00000000dbd60000, 0x0000000100000000)
 Metaspace       used 68738K, capacity 71722K, committed 71784K, reserved 1112064K
  class space    used 8777K, capacity 9333K, committed 9340K, reserved 1048576K
}
2022-08-07T09:30:58.837+0000: 28.721: [CMS-concurrent-sweep: 0.113/0.136 secs] [Times: user=0.28 sys=0.05, real=0.14 secs] 
2022-08-07T09:30:58.838+0000: 28.722: [CMS-concurrent-reset-start]
2022-08-07T09:30:58.839+0000: 28.723: [CMS-concurrent-reset: 0.001/0.001 secs] [Times: user=0.00 sys=0.00, real=0.00 secs] 
2022-08-07T09:30:58.915+0000: 28.799: Application time: 0.1353095 seconds
{Heap before GC invocations=235 (full 29):
 par new generation   total 19008K, used 18620K [0x00000000c2600000, 0x00000000c3aa0000, 0x00000000d6e00000)
  eden space 16896K, 100% used [0x00000000c2600000, 0x00000000c3680000, 0x00000000c3680000)
  from space 2112K,  81% used [0x00000000c3890000, 0x00000000c3a3f0d8, 0x00000000c3aa0000)
  to   space 2112K,   0% used [0x00000000c3680000, 0x00000000c3680000, 0x00000000c3890000)
 concurrent mark-sweep generation total 82240K, used 49343K [0x00000000d6e00000, 0x00000000dbe50000, 0x0000000100000000)
 Metaspace       used 68733K, capacity 71698K, committed 71784K, reserved 1112064K
  class space    used 8775K, capacity 9329K, committed 9340K, reserved 1048576K
2022-08-07T09:30:58.916+0000: 28.800: [GC (Allocation Failure) 2022-08-07T09:30:58.916+0000: 28.800: [ParNew: 18620K->1657K(19008K), 0.0122836 secs] 67963K->51163K(101248K), 0.0136253 secs] [Times: user=0.03 sys=0.01, real=0.01 secs] 
Heap after GC invocations=236 (full 29):
 par new generation   total 19008K, used 1657K [0x00000000c2600000, 0x00000000c3aa0000, 0x00000000d6e00000)
  eden space 16896K,   0% used [0x00000000c2600000, 0x00000000c2600000, 0x00000000c3680000)
  from space 2112K,  78% used [0x00000000c3680000, 0x00000000c381e5c0, 0x00000000c3890000)
  to   space 2112K,   0% used [0x00000000c3890000, 0x00000000c3890000, 0x00000000c3aa0000)
 concurrent mark-sweep generation total 82240K, used 49505K [0x00000000d6e00000, 0x00000000dbe50000, 0x0000000100000000)
 Metaspace       used 68733K, capacity 71698K, committed 71784K, reserved 1112064K
  class space    used 8775K, capacity 9329K, committed 9340K, reserved 1048576K
}
2022-08-07T09:30:58.932+0000: 28.816: Application time: 0.0015481 seconds
2022-08-07T09:30:58.933+0000: 28.817: [GC (CMS Initial Mark) [1 CMS-initial-mark: 49505K(82240K)] 51862K(101248K), 0.0033508 secs] [Times: user=0.01 sys=0.00, real=0.01 secs] 
2022-08-07T09:30:58.947+0000: 28.831: [CMS-concurrent-mark-start]
2022-08-07T09:30:59.045+0000: 28.929: Application time: 0.1078129 seconds
{Heap before GC invocations=236 (full 30):
 par new generation   total 19008K, used 18553K [0x00000000c2600000, 0x00000000c3aa0000, 0x00000000d6e00000)
  eden space 16896K, 100% used [0x00000000c2600000, 0x00000000c3680000, 0x00000000c3680000)
  from space 2112K,  78% used [0x00000000c3680000, 0x00000000c381e5c0, 0x00000000c3890000)
  to   space 2112K,   0% used [0x00000000c3890000, 0x00000000c3890000, 0x00000000c3aa0000)
 concurrent mark-sweep generation total 82240K, used 49505K [0x00000000d6e00000, 0x00000000dbe50000, 0x0000000100000000)
 Metaspace       used 68797K, capacity 71802K, committed 72168K, reserved 1112064K
  class space    used 8787K, capacity 9363K, committed 9468K, reserved 1048576K
2022-08-07T09:30:59.045+0000: 28.929: [GC (Allocation Failure) 2022-08-07T09:30:59.046+0000: 28.930: [ParNew: 18553K->1609K(19008K), 0.0070249 secs] 68059K->51217K(101248K), 0.0081728 secs] [Times: user=0.03 sys=0.00, real=0.01 secs] 
Heap after GC invocations=237 (full 30):
 par new generation   total 19008K, used 1609K [0x00000000c2600000, 0x00000000c3aa0000, 0x00000000d6e00000)
  eden space 16896K,   0% used [0x00000000c2600000, 0x00000000c2600000, 0x00000000c3680000)
  from space 2112K,  76% used [0x00000000c3890000, 0x00000000c3a22768, 0x00000000c3aa0000)
  to   space 2112K,   0% used [0x00000000c3680000, 0x00000000c3680000, 0x00000000c3890000)
 concurrent mark-sweep generation total 82240K, used 49607K [0x00000000d6e00000, 0x00000000dbe50000, 0x0000000100000000)
 Metaspace       used 68797K, capacity 71802K, committed 72168K, reserved 1112064K
  class space    used 8787K, capacity 9363K, committed 9468K, reserved 1048576K
}
2022-08-07T09:30:59.076+0000: 28.960: [CMS-concurrent-mark: 0.120/0.129 secs] [Times: user=0.36 sys=0.04, real=0.13 secs] 
2022-08-07T09:30:59.077+0000: 28.961: [CMS-concurrent-preclean-start]
2022-08-07T09:30:59.106+0000: 28.990: Application time: 0.0517741 seconds
{Heap before GC invocations=237 (full 30):
 par new generation   total 19008K, used 18505K [0x00000000c2600000, 0x00000000c3aa0000, 0x00000000d6e00000)
  eden space 16896K, 100% used [0x00000000c2600000, 0x00000000c3680000, 0x00000000c3680000)
  from space 2112K,  76% used [0x00000000c3890000, 0x00000000c3a22768, 0x00000000c3aa0000)
  to   space 2112K,   0% used [0x00000000c3680000, 0x00000000c3680000, 0x00000000c3890000)
 concurrent mark-sweep generation total 82240K, used 49607K [0x00000000d6e00000, 0x00000000dbe50000, 0x0000000100000000)
 Metaspace       used 68829K, capacity 71802K, committed 72168K, reserved 1112064K
  class space    used 8796K, capacity 9363K, committed 9468K, reserved 1048576K
2022-08-07T09:30:59.106+0000: 28.990: [GC (Allocation Failure) 2022-08-07T09:30:59.107+0000: 28.991: [ParNew: 18505K->2031K(19008K), 0.0061912 secs] 68113K->51790K(101248K), 0.0072163 secs] [Times: user=0.01 sys=0.01, real=0.00 secs] 
Heap after GC invocations=238 (full 30):
 par new generation   total 19008K, used 2031K [0x00000000c2600000, 0x00000000c3aa0000, 0x00000000d6e00000)
  eden space 16896K,   0% used [0x00000000c2600000, 0x00000000c2600000, 0x00000000c3680000)
  from space 2112K,  96% used [0x00000000c3680000, 0x00000000c387bc60, 0x00000000c3890000)
  to   space 2112K,   0% used [0x00000000c3890000, 0x00000000c3890000, 0x00000000c3aa0000)
 concurrent mark-sweep generation total 82240K, used 49759K [0x00000000d6e00000, 0x00000000dbe50000, 0x0000000100000000)
 Metaspace       used 68829K, capacity 71802K, committed 72168K, reserved 1112064K
  class space    used 8796K, capacity 9363K, committed 9468K, reserved 1048576K
}
2022-08-07T09:30:59.115+0000: 28.999: [CMS-concurrent-preclean: 0.017/0.038 secs] [Times: user=0.09 sys=0.04, real=0.03 secs] 
2022-08-07T09:30:59.115+0000: 28.999: Application time: 0.0010727 seconds
2022-08-07T09:30:59.116+0000: 29.000: [GC (CMS Final Remark) [YG occupancy: 2393 K (19008 K)]2022-08-07T09:30:59.116+0000: 29.000: [Rescan (parallel) , 0.0052611 secs]2022-08-07T09:30:59.122+0000: 29.006: [weak refs processing, 0.0005875 secs]2022-08-07T09:30:59.123+0000: 29.007: [class unloading, 0.0165097 secs]2022-08-07T09:30:59.140+0000: 29.024: [scrub symbol table, 0.0174307 secs]2022-08-07T09:30:59.158+0000: 29.042: [scrub string table, 0.0014290 secs][1 CMS-remark: 49759K(82240K)] 52152K(101248K), 0.0439596 secs] [Times: user=0.10 sys=0.00, real=0.04 secs] 
2022-08-07T09:30:59.161+0000: 29.045: [CMS-concurrent-sweep-start]
2022-08-07T09:30:59.185+0000: 29.069: [CMS-concurrent-sweep: 0.025/0.025 secs] [Times: user=0.08 sys=0.01, real=0.02 secs] 
2022-08-07T09:30:59.186+0000: 29.070: [CMS-concurrent-reset-start]
2022-08-07T09:30:59.187+0000: 29.071: [CMS-concurrent-reset: 0.001/0.001 secs] [Times: user=0.00 sys=0.00, real=0.00 secs] 
2022-08-07T09:30:59.262+0000: 29.146: Application time: 0.1011828 seconds
2022-08-07T09:30:59.267+0000: 29.151: Application time: 0.0056762 seconds
{Heap before GC invocations=238 (full 30):
 par new generation   total 19008K, used 18927K [0x00000000c2600000, 0x00000000c3aa0000, 0x00000000d6e00000)
  eden space 16896K, 100% used [0x00000000c2600000, 0x00000000c3680000, 0x00000000c3680000)
  from space 2112K,  96% used [0x00000000c3680000, 0x00000000c387bc60, 0x00000000c3890000)
  to   space 2112K,   0% used [0x00000000c3890000, 0x00000000c3890000, 0x00000000c3aa0000)
 concurrent mark-sweep generation total 82840K, used 49704K [0x00000000d6e00000, 0x00000000dbee6000, 0x0000000100000000)
 Metaspace       used 69011K, capacity 71994K, committed 72168K, reserved 1112064K
  class space    used 8813K, capacity 9363K, committed 9468K, reserved 1048576K
2022-08-07T09:30:59.270+0000: 29.154: [GC (Allocation Failure) 2022-08-07T09:30:59.271+0000: 29.155: [ParNew: 18927K->2112K(19008K), 0.0180792 secs] 68631K->52155K(101848K), 0.0197206 secs] [Times: user=0.05 sys=0.00, real=0.02 secs] 
Heap after GC invocations=239 (full 30):
 par new generation   total 19008K, used 2112K [0x00000000c2600000, 0x00000000c3aa0000, 0x00000000d6e00000)
  eden space 16896K,   0% used [0x00000000c2600000, 0x00000000c2600000, 0x00000000c3680000)
  from space 2112K, 100% used [0x00000000c3890000, 0x00000000c3aa0000, 0x00000000c3aa0000)
  to   space 2112K,   0% used [0x00000000c3680000, 0x00000000c3680000, 0x00000000c3890000)
 concurrent mark-sweep generation total 82840K, used 50043K [0x00000000d6e00000, 0x00000000dbee6000, 0x0000000100000000)
 Metaspace       used 69011K, capacity 71994K, committed 72168K, reserved 1112064K
  class space    used 8813K, capacity 9363K, committed 9468K, reserved 1048576K
}
2022-08-07T09:30:59.300+0000: 29.183: Application time: 0.0080627 seconds
2022-08-07T09:30:59.308+0000: 29.192: [GC (CMS Initial Mark) [1 CMS-initial-mark: 50043K(82840K)] 53528K(101848K), 0.0052205 secs] [Times: user=0.02 sys=0.00, real=0.00 secs] 
2022-08-07T09:30:59.317+0000: 29.201: [CMS-concurrent-mark-start]
2022-08-07T09:30:59.423+0000: 29.307: Application time: 0.1086434 seconds
2022-08-07T09:30:59.494+0000: 29.378: [CMS-concurrent-mark: 0.176/0.178 secs] [Times: user=0.47 sys=0.06, real=0.17 secs] 
2022-08-07T09:30:59.495+0000: 29.379: Application time: 0.0711486 seconds
{Heap before GC invocations=239 (full 31):
 par new generation   total 19008K, used 19008K [0x00000000c2600000, 0x00000000c3aa0000, 0x00000000d6e00000)
  eden space 16896K, 100% used [0x00000000c2600000, 0x00000000c3680000, 0x00000000c3680000)
  from space 2112K, 100% used [0x00000000c3890000, 0x00000000c3aa0000, 0x00000000c3aa0000)
  to   space 2112K,   0% used [0x00000000c3680000, 0x00000000c3680000, 0x00000000c3890000)
 concurrent mark-sweep generation total 82840K, used 50043K [0x00000000d6e00000, 0x00000000dbee6000, 0x0000000100000000)
 Metaspace       used 69278K, capacity 72382K, committed 72424K, reserved 1112064K
  class space    used 8856K, capacity 9461K, committed 9468K, reserved 1048576K
2022-08-07T09:30:59.495+0000: 29.379: [GC (Allocation Failure) 2022-08-07T09:30:59.496+0000: 29.380: [ParNew: 19008K->1924K(19008K), 0.0069063 secs] 69051K->52531K(101848K), 0.0078704 secs] [Times: user=0.02 sys=0.00, real=0.01 secs] 
Heap after GC invocations=240 (full 31):
 par new generation   total 19008K, used 1924K [0x00000000c2600000, 0x00000000c3aa0000, 0x00000000d6e00000)
  eden space 16896K,   0% used [0x00000000c2600000, 0x00000000c2600000, 0x00000000c3680000)
  from space 2112K,  91% used [0x00000000c3680000, 0x00000000c38611d8, 0x00000000c3890000)
  to   space 2112K,   0% used [0x00000000c3890000, 0x00000000c3890000, 0x00000000c3aa0000)
 concurrent mark-sweep generation total 82840K, used 50606K [0x00000000d6e00000, 0x00000000dbee6000, 0x0000000100000000)
 Metaspace       used 69278K, capacity 72382K, committed 72424K, reserved 1112064K
  class space    used 8856K, capacity 9461K, committed 9468K, reserved 1048576K
}
2022-08-07T09:30:59.504+0000: 29.388: [CMS-concurrent-preclean-start]
2022-08-07T09:30:59.577+0000: 29.460: Application time: 0.0725939 seconds
{Heap before GC invocations=240 (full 31):
 par new generation   total 19008K, used 18820K [0x00000000c2600000, 0x00000000c3aa0000, 0x00000000d6e00000)
  eden space 16896K, 100% used [0x00000000c2600000, 0x00000000c3680000, 0x00000000c3680000)
  from space 2112K,  91% used [0x00000000c3680000, 0x00000000c38611d8, 0x00000000c3890000)
  to   space 2112K,   0% used [0x00000000c3890000, 0x00000000c3890000, 0x00000000c3aa0000)
 concurrent mark-sweep generation total 82840K, used 50606K [0x00000000d6e00000, 0x00000000dbee6000, 0x0000000100000000)
 Metaspace       used 69327K, capacity 72444K, committed 72808K, reserved 1112064K
  class space    used 8868K, capacity 9474K, committed 9596K, reserved 1048576K
2022-08-07T09:30:59.578+0000: 29.461: [GC (Allocation Failure) 2022-08-07T09:30:59.579+0000: 29.463: [ParNew: 18820K->1625K(19008K), 0.0139163 secs] 69427K->52648K(101848K), 0.0160995 secs] [Times: user=0.03 sys=0.00, real=0.01 secs] 
Heap after GC invocations=241 (full 31):
 par new generation   total 19008K, used 1625K [0x00000000c2600000, 0x00000000c3aa0000, 0x00000000d6e00000)
  eden space 16896K,   0% used [0x00000000c2600000, 0x00000000c2600000, 0x00000000c3680000)
  from space 2112K,  76% used [0x00000000c3890000, 0x00000000c3a267f8, 0x00000000c3aa0000)
  to   space 2112K,   0% used [0x00000000c3680000, 0x00000000c3680000, 0x00000000c3890000)
 concurrent mark-sweep generation total 82840K, used 51022K [0x00000000d6e00000, 0x00000000dbee6000, 0x0000000100000000)
 Metaspace       used 69327K, capacity 72444K, committed 72808K, reserved 1112064K
  class space    used 8868K, capacity 9474K, committed 9596K, reserved 1048576K
}
2022-08-07T09:30:59.595+0000: 29.479: [CMS-concurrent-preclean: 0.042/0.091 secs] [Times: user=0.20 sys=0.08, real=0.09 secs] 
2022-08-07T09:30:59.596+0000: 29.480: Application time: 0.0012675 seconds
2022-08-07T09:30:59.596+0000: 29.480: [GC (CMS Final Remark) [YG occupancy: 1987 K (19008 K)]2022-08-07T09:30:59.596+0000: 29.480: [Rescan (parallel) , 0.0080552 secs]2022-08-07T09:30:59.605+0000: 29.489: [weak refs processing, 0.0004150 secs]2022-08-07T09:30:59.605+0000: 29.489: [class unloading, 0.0166962 secs]2022-08-07T09:30:59.623+0000: 29.506: [scrub symbol table, 0.0207441 secs]2022-08-07T09:30:59.644+0000: 29.528: [scrub string table, 0.0012498 secs][1 CMS-remark: 51022K(82840K)] 53010K(101848K), 0.0495339 secs] [Times: user=0.08 sys=0.01, real=0.05 secs] 
2022-08-07T09:30:59.646+0000: 29.530: [CMS-concurrent-sweep-start]
2022-08-07T09:30:59.684+0000: 29.568: [CMS-concurrent-sweep: 0.038/0.038 secs] [Times: user=0.11 sys=0.02, real=0.03 secs] 
2022-08-07T09:30:59.685+0000: 29.569: Application time: 0.0390483 seconds
2022-08-07T09:30:59.687+0000: 29.571: [CMS-concurrent-reset-start]
2022-08-07T09:30:59.689+0000: 29.573: [CMS-concurrent-reset: 0.002/0.002 secs] [Times: user=0.00 sys=0.01, real=0.00 secs] 
2022-08-07T09:30:59.690+0000: 29.574: Application time: 0.0030018 seconds
2022-08-07T09:30:59.700+0000: 29.584: Application time: 0.0095706 seconds
{Heap before GC invocations=241 (full 31):
 par new generation   total 19008K, used 18521K [0x00000000c2600000, 0x00000000c3aa0000, 0x00000000d6e00000)
  eden space 16896K, 100% used [0x00000000c2600000, 0x00000000c3680000, 0x00000000c3680000)
  from space 2112K,  76% used [0x00000000c3890000, 0x00000000c3a267f8, 0x00000000c3aa0000)
  to   space 2112K,   0% used [0x00000000c3680000, 0x00000000c3680000, 0x00000000c3890000)
 concurrent mark-sweep generation total 84712K, used 50825K [0x00000000d6e00000, 0x00000000dc0ba000, 0x0000000100000000)
 Metaspace       used 69357K, capacity 72534K, committed 72808K, reserved 1112064K
  class space    used 8874K, capacity 9481K, committed 9596K, reserved 1048576K
2022-08-07T09:30:59.700+0000: 29.584: [GC (Allocation Failure) 2022-08-07T09:30:59.701+0000: 29.585: [ParNew: 18521K->1354K(19008K), 0.0058960 secs] 69347K->52180K(103720K), 0.0071576 secs] [Times: user=0.02 sys=0.00, real=0.01 secs] 
Heap after GC invocations=242 (full 31):
 par new generation   total 19008K, used 1354K [0x00000000c2600000, 0x00000000c3aa0000, 0x00000000d6e00000)
  eden space 16896K,   0% used [0x00000000c2600000, 0x00000000c2600000, 0x00000000c3680000)
  from space 2112K,  64% used [0x00000000c3680000, 0x00000000c37d2aa8, 0x00000000c3890000)
  to   space 2112K,   0% used [0x00000000c3890000, 0x00000000c3890000, 0x00000000c3aa0000)
 concurrent mark-sweep generation total 84712K, used 50825K [0x00000000d6e00000, 0x00000000dc0ba000, 0x0000000100000000)
 Metaspace       used 69357K, capacity 72534K, committed 72808K, reserved 1112064K
  class space    used 8874K, capacity 9481K, committed 9596K, reserved 1048576K
}
2022-08-07T09:30:59.769+0000: 29.653: Application time: 0.0608276 seconds
{Heap before GC invocations=242 (full 31):
 par new generation   total 19008K, used 18250K [0x00000000c2600000, 0x00000000c3aa0000, 0x00000000d6e00000)
  eden space 16896K, 100% used [0x00000000c2600000, 0x00000000c3680000, 0x00000000c3680000)
  from space 2112K,  64% used [0x00000000c3680000, 0x00000000c37d2aa8, 0x00000000c3890000)
  to   space 2112K,   0% used [0x00000000c3890000, 0x00000000c3890000, 0x00000000c3aa0000)
 concurrent mark-sweep generation total 84712K, used 50825K [0x00000000d6e00000, 0x00000000dc0ba000, 0x0000000100000000)
 Metaspace       used 69370K, capacity 72534K, committed 72808K, reserved 1112064K
  class space    used 8876K, capacity 9481K, committed 9596K, reserved 1048576K
2022-08-07T09:30:59.770+0000: 29.654: [GC (Allocation Failure) 2022-08-07T09:30:59.771+0000: 29.654: [ParNew: 18250K->1315K(19008K), 0.0077965 secs] 69076K->52140K(103720K), 0.0087946 secs] [Times: user=0.01 sys=0.01, real=0.01 secs] 
Heap after GC invocations=243 (full 31):
 par new generation   total 19008K, used 1315K [0x00000000c2600000, 0x00000000c3aa0000, 0x00000000d6e00000)
  eden space 16896K,   0% used [0x00000000c2600000, 0x00000000c2600000, 0x00000000c3680000)
  from space 2112K,  62% used [0x00000000c3890000, 0x00000000c39d8d40, 0x00000000c3aa0000)
  to   space 2112K,   0% used [0x00000000c3680000, 0x00000000c3680000, 0x00000000c3890000)
 concurrent mark-sweep generation total 84712K, used 50825K [0x00000000d6e00000, 0x00000000dc0ba000, 0x0000000100000000)
 Metaspace       used 69370K, capacity 72534K, committed 72808K, reserved 1112064K
  class space    used 8876K, capacity 9481K, committed 9596K, reserved 1048576K
}
2022-08-07T09:30:59.800+0000: 29.684: Application time: 0.0203831 seconds
2022-08-07T09:30:59.831+0000: 29.715: Application time: 0.0302397 seconds
{Heap before GC invocations=243 (full 31):
 par new generation   total 19008K, used 18211K [0x00000000c2600000, 0x00000000c3aa0000, 0x00000000d6e00000)
  eden space 16896K, 100% used [0x00000000c2600000, 0x00000000c3680000, 0x00000000c3680000)
  from space 2112K,  62% used [0x00000000c3890000, 0x00000000c39d8d40, 0x00000000c3aa0000)
  to   space 2112K,   0% used [0x00000000c3680000, 0x00000000c3680000, 0x00000000c3890000)
 concurrent mark-sweep generation total 84712K, used 50825K [0x00000000d6e00000, 0x00000000dc0ba000, 0x0000000100000000)
 Metaspace       used 69378K, capacity 72540K, committed 72808K, reserved 1112064K
  class space    used 8877K, capacity 9482K, committed 9596K, reserved 1048576K
2022-08-07T09:30:59.831+0000: 29.715: [GC (Allocation Failure) 2022-08-07T09:30:59.832+0000: 29.716: [ParNew: 18211K->1297K(19008K), 0.0110169 secs] 69036K->52569K(103720K), 0.0118911 secs] [Times: user=0.03 sys=0.02, real=0.01 secs] 
Heap after GC invocations=244 (full 31):
 par new generation   total 19008K, used 1297K [0x00000000c2600000, 0x00000000c3aa0000, 0x00000000d6e00000)
  eden space 16896K,   0% used [0x00000000c2600000, 0x00000000c2600000, 0x00000000c3680000)
  from space 2112K,  61% used [0x00000000c3680000, 0x00000000c37c4538, 0x00000000c3890000)
  to   space 2112K,   0% used [0x00000000c3890000, 0x00000000c3890000, 0x00000000c3aa0000)
 concurrent mark-sweep generation total 84712K, used 51272K [0x00000000d6e00000, 0x00000000dc0ba000, 0x0000000100000000)
 Metaspace       used 69378K, capacity 72540K, committed 72808K, reserved 1112064K
  class space    used 8877K, capacity 9482K, committed 9596K, reserved 1048576K
}
2022-08-07T09:30:59.845+0000: 29.728: Application time: 0.0005271 seconds
2022-08-07T09:30:59.845+0000: 29.729: [GC (CMS Initial Mark) [1 CMS-initial-mark: 51272K(84712K)] 52911K(103720K), 0.0042387 secs] [Times: user=0.01 sys=0.00, real=0.01 secs] 
2022-08-07T09:30:59.850+0000: 29.734: [CMS-concurrent-mark-start]
2022-08-07T09:30:59.962+0000: 29.846: Application time: 0.1120269 seconds
{Heap before GC invocations=244 (full 32):
 par new generation   total 19008K, used 18193K [0x00000000c2600000, 0x00000000c3aa0000, 0x00000000d6e00000)
  eden space 16896K, 100% used [0x00000000c2600000, 0x00000000c3680000, 0x00000000c3680000)
  from space 2112K,  61% used [0x00000000c3680000, 0x00000000c37c4538, 0x00000000c3890000)
  to   space 2112K,   0% used [0x00000000c3890000, 0x00000000c3890000, 0x00000000c3aa0000)
 concurrent mark-sweep generation total 84712K, used 51272K [0x00000000d6e00000, 0x00000000dc0ba000, 0x0000000100000000)
 Metaspace       used 69400K, capacity 72540K, committed 72808K, reserved 1112064K
  class space    used 8881K, capacity 9482K, committed 9596K, reserved 1048576K
2022-08-07T09:30:59.963+0000: 29.847: [GC (Allocation Failure) 2022-08-07T09:30:59.964+0000: 29.848: [ParNew: 18193K->1349K(19008K), 0.0158654 secs] 69465K->52621K(103720K), 0.0168646 secs] [Times: user=0.03 sys=0.00, real=0.02 secs] 
Heap after GC invocations=245 (full 32):
 par new generation   total 19008K, used 1349K [0x00000000c2600000, 0x00000000c3aa0000, 0x00000000d6e00000)
  eden space 16896K,   0% used [0x00000000c2600000, 0x00000000c2600000, 0x00000000c3680000)
  from space 2112K,  63% used [0x00000000c3890000, 0x00000000c39e1548, 0x00000000c3aa0000)
  to   space 2112K,   0% used [0x00000000c3680000, 0x00000000c3680000, 0x00000000c3890000)
 concurrent mark-sweep generation total 84712K, used 51272K [0x00000000d6e00000, 0x00000000dc0ba000, 0x0000000100000000)
 Metaspace       used 69400K, capacity 72540K, committed 72808K, reserved 1112064K
  class space    used 8881K, capacity 9482K, committed 9596K, reserved 1048576K
}
2022-08-07T09:31:00.048+0000: 29.932: [CMS-concurrent-mark: 0.178/0.198 secs] [Times: user=0.45 sys=0.10, real=0.20 secs] 
2022-08-07T09:31:00.049+0000: 29.932: Application time: 0.0673447 seconds
{Heap before GC invocations=245 (full 32):
 par new generation   total 19008K, used 18245K [0x00000000c2600000, 0x00000000c3aa0000, 0x00000000d6e00000)
  eden space 16896K, 100% used [0x00000000c2600000, 0x00000000c3680000, 0x00000000c3680000)
  from space 2112K,  63% used [0x00000000c3890000, 0x00000000c39e1548, 0x00000000c3aa0000)
  to   space 2112K,   0% used [0x00000000c3680000, 0x00000000c3680000, 0x00000000c3890000)
 concurrent mark-sweep generation total 84712K, used 51272K [0x00000000d6e00000, 0x00000000dc0ba000, 0x0000000100000000)
 Metaspace       used 69404K, capacity 72540K, committed 72808K, reserved 1112064K
  class space    used 8881K, capacity 9482K, committed 9596K, reserved 1048576K
2022-08-07T09:31:00.049+0000: 29.933: [GC (Allocation Failure) 2022-08-07T09:31:00.049+0000: 29.933: [ParNew: 18245K->1712K(19008K), 0.0067156 secs] 69517K->52984K(103720K), 0.0077312 secs] [Times: user=0.03 sys=0.00, real=0.01 secs] 
Heap after GC invocations=246 (full 32):
 par new generation   total 19008K, used 1712K [0x00000000c2600000, 0x00000000c3aa0000, 0x00000000d6e00000)
  eden space 16896K,   0% used [0x00000000c2600000, 0x00000000c2600000, 0x00000000c3680000)
  from space 2112K,  81% used [0x00000000c3680000, 0x00000000c382c0a8, 0x00000000c3890000)
  to   space 2112K,   0% used [0x00000000c3890000, 0x00000000c3890000, 0x00000000c3aa0000)
 concurrent mark-sweep generation total 84712K, used 51272K [0x00000000d6e00000, 0x00000000dc0ba000, 0x0000000100000000)
 Metaspace       used 69404K, capacity 72540K, committed 72808K, reserved 1112064K
  class space    used 8881K, capacity 9482K, committed 9596K, reserved 1048576K
}
2022-08-07T09:31:00.059+0000: 29.943: [CMS-concurrent-preclean-start]
2022-08-07T09:31:00.094+0000: 29.978: [CMS-concurrent-preclean: 0.020/0.035 secs] [Times: user=0.11 sys=0.03, real=0.03 secs] 
2022-08-07T09:31:00.094+0000: 29.978: [CMS-concurrent-abortable-preclean-start]
2022-08-07T09:31:00.103+0000: 29.987: Application time: 0.0453347 seconds
{Heap before GC invocations=246 (full 32):
 par new generation   total 19008K, used 18608K [0x00000000c2600000, 0x00000000c3aa0000, 0x00000000d6e00000)
  eden space 16896K, 100% used [0x00000000c2600000, 0x00000000c3680000, 0x00000000c3680000)
  from space 2112K,  81% used [0x00000000c3680000, 0x00000000c382c0a8, 0x00000000c3890000)
  to   space 2112K,   0% used [0x00000000c3890000, 0x00000000c3890000, 0x00000000c3aa0000)
 concurrent mark-sweep generation total 84712K, used 51272K [0x00000000d6e00000, 0x00000000dc0ba000, 0x0000000100000000)
 Metaspace       used 69441K, capacity 72612K, committed 72808K, reserved 1112064K
  class space    used 8887K, capacity 9484K, committed 9596K, reserved 1048576K
2022-08-07T09:31:00.103+0000: 29.987: [GC (Allocation Failure) 2022-08-07T09:31:00.104+0000: 29.988: [ParNew: 18608K->1646K(19008K), 0.0064273 secs] 69880K->53163K(103720K), 0.0073860 secs] [Times: user=0.02 sys=0.00, real=0.01 secs] 
Heap after GC invocations=247 (full 32):
 par new generation   total 19008K, used 1646K [0x00000000c2600000, 0x00000000c3aa0000, 0x00000000d6e00000)
  eden space 16896K,   0% used [0x00000000c2600000, 0x00000000c2600000, 0x00000000c3680000)
  from space 2112K,  77% used [0x00000000c3890000, 0x00000000c3a2b870, 0x00000000c3aa0000)
  to   space 2112K,   0% used [0x00000000c3680000, 0x00000000c3680000, 0x00000000c3890000)
 concurrent mark-sweep generation total 84712K, used 51517K [0x00000000d6e00000, 0x00000000dc0ba000, 0x0000000100000000)
 Metaspace       used 69441K, capacity 72612K, committed 72808K, reserved 1112064K
  class space    used 8887K, capacity 9484K, committed 9596K, reserved 1048576K
}
2022-08-07T09:31:00.154+0000: 30.038: [CMS-concurrent-abortable-preclean: 0.033/0.060 secs] [Times: user=0.17 sys=0.05, real=0.06 secs] 
2022-08-07T09:31:00.155+0000: 30.039: Application time: 0.0433269 seconds
2022-08-07T09:31:00.155+0000: 30.039: [GC (CMS Final Remark) [YG occupancy: 13144 K (19008 K)]2022-08-07T09:31:00.156+0000: 30.039: [Rescan (parallel) , 0.0060248 secs]2022-08-07T09:31:00.162+0000: 30.046: [weak refs processing, 0.0007022 secs]2022-08-07T09:31:00.163+0000: 30.047: [class unloading, 0.0157700 secs]2022-08-07T09:31:00.179+0000: 30.063: [scrub symbol table, 0.0157009 secs]2022-08-07T09:31:00.196+0000: 30.080: [scrub string table, 0.0013675 secs][1 CMS-remark: 51517K(84712K)] 64662K(103720K), 0.0425849 secs] [Times: user=0.12 sys=0.00, real=0.05 secs] 
2022-08-07T09:31:00.199+0000: 30.083: [CMS-concurrent-sweep-start]
2022-08-07T09:31:00.224+0000: 30.108: [CMS-concurrent-sweep: 0.025/0.025 secs] [Times: user=0.09 sys=0.01, real=0.02 secs] 
2022-08-07T09:31:00.225+0000: 30.109: Application time: 0.0263959 seconds
{Heap before GC invocations=247 (full 32):
 par new generation   total 19008K, used 18542K [0x00000000c2600000, 0x00000000c3aa0000, 0x00000000d6e00000)
  eden space 16896K, 100% used [0x00000000c2600000, 0x00000000c3680000, 0x00000000c3680000)
  from space 2112K,  77% used [0x00000000c3890000, 0x00000000c3a2b870, 0x00000000c3aa0000)
  to   space 2112K,   0% used [0x00000000c3680000, 0x00000000c3680000, 0x00000000c3890000)
 concurrent mark-sweep generation total 84712K, used 51227K [0x00000000d6e00000, 0x00000000dc0ba000, 0x0000000100000000)
 Metaspace       used 69471K, capacity 72644K, committed 72808K, reserved 1112064K
  class space    used 8892K, capacity 9516K, committed 9596K, reserved 1048576K
2022-08-07T09:31:00.225+0000: 30.109: [GC (Allocation Failure) 2022-08-07T09:31:00.226+0000: 30.110: [ParNew: 18542K->1915K(19008K), 0.0051607 secs] 69770K->53143K(103720K), 0.0061682 secs] [Times: user=0.02 sys=0.01, real=0.01 secs] 
Heap after GC invocations=248 (full 32):
 par new generation   total 19008K, used 1915K [0x00000000c2600000, 0x00000000c3aa0000, 0x00000000d6e00000)
  eden space 16896K,   0% used [0x00000000c2600000, 0x00000000c2600000, 0x00000000c3680000)
  from space 2112K,  90% used [0x00000000c3680000, 0x00000000c385ecc8, 0x00000000c3890000)
  to   space 2112K,   0% used [0x00000000c3890000, 0x00000000c3890000, 0x00000000c3aa0000)
 concurrent mark-sweep generation total 84712K, used 51227K [0x00000000d6e00000, 0x00000000dc0ba000, 0x0000000100000000)
 Metaspace       used 69471K, capacity 72644K, committed 72808K, reserved 1112064K
  class space    used 8892K, capacity 9516K, committed 9596K, reserved 1048576K
}
2022-08-07T09:31:00.234+0000: 30.118: [CMS-concurrent-reset-start]
2022-08-07T09:31:00.234+0000: 30.118: [CMS-concurrent-reset: 0.001/0.001 secs] [Times: user=0.00 sys=0.00, real=0.00 secs] 
2022-08-07T09:31:00.288+0000: 30.172: Application time: 0.0560735 seconds
2022-08-07T09:31:00.301+0000: 30.185: Application time: 0.0119048 seconds
{Heap before GC invocations=248 (full 32):
 par new generation   total 19008K, used 18811K [0x00000000c2600000, 0x00000000c3aa0000, 0x00000000d6e00000)
  eden space 16896K, 100% used [0x00000000c2600000, 0x00000000c3680000, 0x00000000c3680000)
  from space 2112K,  90% used [0x00000000c3680000, 0x00000000c385ecc8, 0x00000000c3890000)
  to   space 2112K,   0% used [0x00000000c3890000, 0x00000000c3890000, 0x00000000c3aa0000)
 concurrent mark-sweep generation total 85380K, used 51227K [0x00000000d6e00000, 0x00000000dc161000, 0x0000000100000000)
 Metaspace       used 69497K, capacity 72644K, committed 72808K, reserved 1112064K
  class space    used 8895K, capacity 9516K, committed 9596K, reserved 1048576K
2022-08-07T09:31:00.301+0000: 30.185: [GC (Allocation Failure) 2022-08-07T09:31:00.302+0000: 30.186: [ParNew: 18811K->2109K(19008K), 0.0063296 secs] 70039K->53656K(104388K), 0.0074259 secs] [Times: user=0.03 sys=0.00, real=0.01 secs] 
Heap after GC invocations=249 (full 32):
 par new generation   total 19008K, used 2109K [0x00000000c2600000, 0x00000000c3aa0000, 0x00000000d6e00000)
  eden space 16896K,   0% used [0x00000000c2600000, 0x00000000c2600000, 0x00000000c3680000)
  from space 2112K,  99% used [0x00000000c3890000, 0x00000000c3a9f438, 0x00000000c3aa0000)
  to   space 2112K,   0% used [0x00000000c3680000, 0x00000000c3680000, 0x00000000c3890000)
 concurrent mark-sweep generation total 85380K, used 51547K [0x00000000d6e00000, 0x00000000dc161000, 0x0000000100000000)
 Metaspace       used 69497K, capacity 72644K, committed 72808K, reserved 1112064K
  class space    used 8895K, capacity 9516K, committed 9596K, reserved 1048576K
}
2022-08-07T09:31:00.310+0000: 30.194: Application time: 0.0009377 seconds
2022-08-07T09:31:00.311+0000: 30.195: [GC (CMS Initial Mark) [1 CMS-initial-mark: 51547K(85380K)] 54018K(104388K), 0.0026705 secs] [Times: user=0.01 sys=0.00, real=0.00 secs] 
2022-08-07T09:31:00.315+0000: 30.198: [CMS-concurrent-mark-start]
2022-08-07T09:31:00.378+0000: 30.262: Application time: 0.0636118 seconds
{Heap before GC invocations=249 (full 33):
 par new generation   total 19008K, used 19005K [0x00000000c2600000, 0x00000000c3aa0000, 0x00000000d6e00000)
  eden space 16896K, 100% used [0x00000000c2600000, 0x00000000c3680000, 0x00000000c3680000)
  from space 2112K,  99% used [0x00000000c3890000, 0x00000000c3a9f438, 0x00000000c3aa0000)
  to   space 2112K,   0% used [0x00000000c3680000, 0x00000000c3680000, 0x00000000c3890000)
 concurrent mark-sweep generation total 85380K, used 51547K [0x00000000d6e00000, 0x00000000dc161000, 0x0000000100000000)
 Metaspace       used 69523K, capacity 72722K, committed 72808K, reserved 1112064K
  class space    used 8899K, capacity 9519K, committed 9596K, reserved 1048576K
2022-08-07T09:31:00.378+0000: 30.262: [GC (Allocation Failure) 2022-08-07T09:31:00.379+0000: 30.263: [ParNew: 19005K->1345K(19008K), 0.0056425 secs] 70552K->53089K(104388K), 0.0065597 secs] [Times: user=0.01 sys=0.00, real=0.00 secs] 
Heap after GC invocations=250 (full 33):
 par new generation   total 19008K, used 1345K [0x00000000c2600000, 0x00000000c3aa0000, 0x00000000d6e00000)
  eden space 16896K,   0% used [0x00000000c2600000, 0x00000000c2600000, 0x00000000c3680000)
  from space 2112K,  63% used [0x00000000c3680000, 0x00000000c37d06c0, 0x00000000c3890000)
  to   space 2112K,   0% used [0x00000000c3890000, 0x00000000c3890000, 0x00000000c3aa0000)
 concurrent mark-sweep generation total 85380K, used 51744K [0x00000000d6e00000, 0x00000000dc161000, 0x0000000100000000)
 Metaspace       used 69523K, capacity 72722K, committed 72808K, reserved 1112064K
  class space    used 8899K, capacity 9519K, committed 9596K, reserved 1048576K
}
2022-08-07T09:31:00.439+0000: 30.323: [CMS-concurrent-mark: 0.117/0.125 secs] [Times: user=0.42 sys=0.04, real=0.13 secs] 
2022-08-07T09:31:00.440+0000: 30.324: [CMS-concurrent-preclean-start]
2022-08-07T09:31:00.443+0000: 30.327: Application time: 0.0573846 seconds
{Heap before GC invocations=250 (full 33):
 par new generation   total 19008K, used 18241K [0x00000000c2600000, 0x00000000c3aa0000, 0x00000000d6e00000)
  eden space 16896K, 100% used [0x00000000c2600000, 0x00000000c3680000, 0x00000000c3680000)
  from space 2112K,  63% used [0x00000000c3680000, 0x00000000c37d06c0, 0x00000000c3890000)
  to   space 2112K,   0% used [0x00000000c3890000, 0x00000000c3890000, 0x00000000c3aa0000)
 concurrent mark-sweep generation total 85380K, used 51744K [0x00000000d6e00000, 0x00000000dc161000, 0x0000000100000000)
 Metaspace       used 69537K, capacity 72728K, committed 72808K, reserved 1112064K
  class space    used 8901K, capacity 9520K, committed 9596K, reserved 1048576K
2022-08-07T09:31:00.443+0000: 30.327: [GC (Allocation Failure) 2022-08-07T09:31:00.444+0000: 30.328: [ParNew: 18241K->1757K(19008K), 0.0057075 secs] 69985K->53638K(104388K), 0.0065887 secs] [Times: user=0.02 sys=0.00, real=0.01 secs] 
Heap after GC invocations=251 (full 33):
 par new generation   total 19008K, used 1757K [0x00000000c2600000, 0x00000000c3aa0000, 0x00000000d6e00000)
  eden space 16896K,   0% used [0x00000000c2600000, 0x00000000c2600000, 0x00000000c3680000)
  from space 2112K,  83% used [0x00000000c3890000, 0x00000000c3a47638, 0x00000000c3aa0000)
  to   space 2112K,   0% used [0x00000000c3680000, 0x00000000c3680000, 0x00000000c3890000)
 concurrent mark-sweep generation total 85380K, used 51880K [0x00000000d6e00000, 0x00000000dc161000, 0x0000000100000000)
 Metaspace       used 69537K, capacity 72728K, committed 72808K, reserved 1112064K
  class space    used 8901K, capacity 9520K, committed 9596K, reserved 1048576K
}
2022-08-07T09:31:00.488+0000: 30.372: Application time: 0.0378170 seconds
{Heap before GC invocations=251 (full 33):
 par new generation   total 19008K, used 18653K [0x00000000c2600000, 0x00000000c3aa0000, 0x00000000d6e00000)
  eden space 16896K, 100% used [0x00000000c2600000, 0x00000000c3680000, 0x00000000c3680000)
  from space 2112K,  83% used [0x00000000c3890000, 0x00000000c3a47638, 0x00000000c3aa0000)
  to   space 2112K,   0% used [0x00000000c3680000, 0x00000000c3680000, 0x00000000c3890000)
 concurrent mark-sweep generation total 85380K, used 51880K [0x00000000d6e00000, 0x00000000dc161000, 0x0000000100000000)
 Metaspace       used 69552K, capacity 72728K, committed 72808K, reserved 1112064K
  class space    used 8904K, capacity 9520K, committed 9596K, reserved 1048576K
2022-08-07T09:31:00.489+0000: 30.373: [GC (Allocation Failure) 2022-08-07T09:31:00.489+0000: 30.373: [ParNew: 18653K->1554K(19008K), 0.0048486 secs] 70534K->53677K(104388K), 0.0056124 secs] [Times: user=0.02 sys=0.00, real=0.00 secs] 
Heap after GC invocations=252 (full 33):
 par new generation   total 19008K, used 1554K [0x00000000c2600000, 0x00000000c3aa0000, 0x00000000d6e00000)
  eden space 16896K,   0% used [0x00000000c2600000, 0x00000000c2600000, 0x00000000c3680000)
  from space 2112K,  73% used [0x00000000c3680000, 0x00000000c3804ac8, 0x00000000c3890000)
  to   space 2112K,   0% used [0x00000000c3890000, 0x00000000c3890000, 0x00000000c3aa0000)
 concurrent mark-sweep generation total 85380K, used 52123K [0x00000000d6e00000, 0x00000000dc161000, 0x0000000100000000)
 Metaspace       used 69552K, capacity 72728K, committed 72808K, reserved 1112064K
  class space    used 8904K, capacity 9520K, committed 9596K, reserved 1048576K
}
2022-08-07T09:31:00.531+0000: 30.414: Application time: 0.0348601 seconds
{Heap before GC invocations=252 (full 33):
 par new generation   total 19008K, used 18450K [0x00000000c2600000, 0x00000000c3aa0000, 0x00000000d6e00000)
  eden space 16896K, 100% used [0x00000000c2600000, 0x00000000c3680000, 0x00000000c3680000)
  from space 2112K,  73% used [0x00000000c3680000, 0x00000000c3804ac8, 0x00000000c3890000)
  to   space 2112K,   0% used [0x00000000c3890000, 0x00000000c3890000, 0x00000000c3aa0000)
 concurrent mark-sweep generation total 85380K, used 52123K [0x00000000d6e00000, 0x00000000dc161000, 0x0000000100000000)
 Metaspace       used 69564K, capacity 72728K, committed 72808K, reserved 1112064K
  class space    used 8906K, capacity 9520K, committed 9596K, reserved 1048576K
2022-08-07T09:31:00.533+0000: 30.417: [GC (Allocation Failure) 2022-08-07T09:31:00.534+0000: 30.418: [ParNew: 18450K->1810K(19008K), 0.0283293 secs] 70573K->53933K(104388K), 0.0323925 secs] [Times: user=0.05 sys=0.00, real=0.04 secs] 
Heap after GC invocations=253 (full 33):
 par new generation   total 19008K, used 1810K [0x00000000c2600000, 0x00000000c3aa0000, 0x00000000d6e00000)
  eden space 16896K,   0% used [0x00000000c2600000, 0x00000000c2600000, 0x00000000c3680000)
  from space 2112K,  85% used [0x00000000c3890000, 0x00000000c3a54ad0, 0x00000000c3aa0000)
  to   space 2112K,   0% used [0x00000000c3680000, 0x00000000c3680000, 0x00000000c3890000)
 concurrent mark-sweep generation total 85380K, used 52123K [0x00000000d6e00000, 0x00000000dc161000, 0x0000000100000000)
 Metaspace       used 69564K, capacity 72728K, committed 72808K, reserved 1112064K
  class space    used 8906K, capacity 9520K, committed 9596K, reserved 1048576K
}
2022-08-07T09:31:00.593+0000: 30.477: [CMS-concurrent-preclean: 0.048/0.153 secs] [Times: user=0.35 sys=0.09, real=0.15 secs] 
2022-08-07T09:31:00.595+0000: 30.478: [CMS-concurrent-abortable-preclean-start]
2022-08-07T09:31:00.642+0000: 30.526: [CMS-concurrent-abortable-preclean: 0.035/0.048 secs] [Times: user=0.14 sys=0.03, real=0.05 secs] 
2022-08-07T09:31:00.643+0000: 30.527: Application time: 0.0716105 seconds
2022-08-07T09:31:00.644+0000: 30.528: [GC (CMS Final Remark) [YG occupancy: 10270 K (19008 K)]2022-08-07T09:31:00.645+0000: 30.529: [Rescan (parallel) , 0.0064642 secs]2022-08-07T09:31:00.652+0000: 30.536: [weak refs processing, 0.0007577 secs]2022-08-07T09:31:00.653+0000: 30.537: [class unloading, 0.0166457 secs]2022-08-07T09:31:00.670+0000: 30.554: [scrub symbol table, 0.0212694 secs]2022-08-07T09:31:00.692+0000: 30.576: [scrub string table, 0.0014320 secs][1 CMS-remark: 52123K(85380K)] 62393K(104388K), 0.0495619 secs] [Times: user=0.06 sys=0.01, real=0.05 secs] 
2022-08-07T09:31:00.695+0000: 30.579: [CMS-concurrent-sweep-start]
2022-08-07T09:31:00.730+0000: 30.614: [CMS-concurrent-sweep: 0.035/0.035 secs] [Times: user=0.09 sys=0.02, real=0.04 secs] 
2022-08-07T09:31:00.731+0000: 30.615: [CMS-concurrent-reset-start]
2022-08-07T09:31:00.732+0000: 30.615: [CMS-concurrent-reset: 0.001/0.001 secs] [Times: user=0.00 sys=0.00, real=0.00 secs] 
2022-08-07T09:31:00.955+0000: 30.839: Application time: 0.2606456 seconds
{Heap before GC invocations=253 (full 33):
 par new generation   total 19008K, used 18706K [0x00000000c2600000, 0x00000000c3aa0000, 0x00000000d6e00000)
  eden space 16896K, 100% used [0x00000000c2600000, 0x00000000c3680000, 0x00000000c3680000)
  from space 2112K,  85% used [0x00000000c3890000, 0x00000000c3a54ad0, 0x00000000c3aa0000)
  to   space 2112K,   0% used [0x00000000c3680000, 0x00000000c3680000, 0x00000000c3890000)
 concurrent mark-sweep generation total 86784K, used 52068K [0x00000000d6e00000, 0x00000000dc2c0000, 0x0000000100000000)
 Metaspace       used 69635K, capacity 72838K, committed 73064K, reserved 1112064K
  class space    used 8912K, capacity 9527K, committed 9596K, reserved 1048576K
2022-08-07T09:31:00.955+0000: 30.839: [GC (Allocation Failure) 2022-08-07T09:31:00.956+0000: 30.840: [ParNew: 18706K->2112K(19008K), 0.0320312 secs] 70775K->55689K(105792K), 0.0330821 secs] [Times: user=0.10 sys=0.01, real=0.04 secs] 
Heap after GC invocations=254 (full 33):
 par new generation   total 19008K, used 2112K [0x00000000c2600000, 0x00000000c3aa0000, 0x00000000d6e00000)
  eden space 16896K,   0% used [0x00000000c2600000, 0x00000000c2600000, 0x00000000c3680000)
  from space 2112K, 100% used [0x00000000c3680000, 0x00000000c3890000, 0x00000000c3890000)
  to   space 2112K,   0% used [0x00000000c3890000, 0x00000000c3890000, 0x00000000c3aa0000)
 concurrent mark-sweep generation total 86784K, used 53577K [0x00000000d6e00000, 0x00000000dc2c0000, 0x0000000100000000)
 Metaspace       used 69635K, capacity 72838K, committed 73064K, reserved 1112064K
  class space    used 8912K, capacity 9527K, committed 9596K, reserved 1048576K
}
2022-08-07T09:31:00.990+0000: 30.873: Application time: 0.0002763 seconds
2022-08-07T09:31:00.990+0000: 30.874: [GC (CMS Initial Mark) [1 CMS-initial-mark: 53577K(86784K)] 56035K(105792K), 0.0033783 secs] [Times: user=0.01 sys=0.00, real=0.00 secs] 
2022-08-07T09:31:00.995+0000: 30.878: [CMS-concurrent-mark-start]
2022-08-07T09:31:01.077+0000: 30.961: Application time: 0.0827389 seconds
2022-08-07T09:31:01.197+0000: 31.081: Application time: 0.1191986 seconds
2022-08-07T09:31:01.203+0000: 31.087: Application time: 0.0056526 seconds
2022-08-07T09:31:01.220+0000: 31.104: [CMS-concurrent-mark: 0.223/0.226 secs] [Times: user=0.54 sys=0.07, real=0.23 secs] 
2022-08-07T09:31:01.221+0000: 31.105: [CMS-concurrent-preclean-start]
2022-08-07T09:31:01.237+0000: 31.121: [CMS-concurrent-preclean: 0.010/0.016 secs] [Times: user=0.04 sys=0.02, real=0.02 secs] 
2022-08-07T09:31:01.238+0000: 31.122: [CMS-concurrent-abortable-preclean-start]
2022-08-07T09:31:01.744+0000: 31.628: Application time: 0.5410139 seconds
2022-08-07T09:31:01.745+0000: 31.629: Application time: 0.0004192 seconds
2022-08-07T09:31:01.761+0000: 31.644: Application time: 0.0157721 seconds
2022-08-07T09:31:02.761+0000: 32.645: Application time: 1.0002533 seconds
2022-08-07T09:31:03.761+0000: 33.645: Application time: 1.0003630 seconds
2022-08-07T09:31:04.767+0000: 34.651: Application time: 1.0055934 seconds
2022-08-07T09:31:05.460+0000: 35.344: Application time: 0.6927689 seconds
2022-08-07T09:31:05.463+0000: 35.346: Application time: 0.0024216 seconds
2022-08-07T09:31:05.469+0000: 35.353: Application time: 0.0062782 seconds
{Heap before GC invocations=254 (full 34):
 par new generation   total 19008K, used 19008K [0x00000000c2600000, 0x00000000c3aa0000, 0x00000000d6e00000)
  eden space 16896K, 100% used [0x00000000c2600000, 0x00000000c3680000, 0x00000000c3680000)
  from space 2112K, 100% used [0x00000000c3680000, 0x00000000c3890000, 0x00000000c3890000)
  to   space 2112K,   0% used [0x00000000c3890000, 0x00000000c3890000, 0x00000000c3aa0000)
 concurrent mark-sweep generation total 86784K, used 53577K [0x00000000d6e00000, 0x00000000dc2c0000, 0x0000000100000000)
 Metaspace       used 70199K, capacity 73502K, committed 73704K, reserved 1114112K
  class space    used 8984K, capacity 9611K, committed 9724K, reserved 1048576K
2022-08-07T09:31:05.470+0000: 35.354: [GC (Allocation Failure) 2022-08-07T09:31:05.470+0000: 35.354: [ParNew: 19008K->1878K(19008K), 0.0087617 secs] 72585K->57220K(105792K), 0.0099043 secs] [Times: user=0.02 sys=0.00, real=0.01 secs] 
Heap after GC invocations=255 (full 34):
 par new generation   total 19008K, used 1878K [0x00000000c2600000, 0x00000000c3aa0000, 0x00000000d6e00000)
  eden space 16896K,   0% used [0x00000000c2600000, 0x00000000c2600000, 0x00000000c3680000)
  from space 2112K,  88% used [0x00000000c3890000, 0x00000000c3a65b18, 0x00000000c3aa0000)
  to   space 2112K,   0% used [0x00000000c3680000, 0x00000000c3680000, 0x00000000c3890000)
 concurrent mark-sweep generation total 86784K, used 55342K [0x00000000d6e00000, 0x00000000dc2c0000, 0x0000000100000000)
 Metaspace       used 70199K, capacity 73502K, committed 73704K, reserved 1114112K
  class space    used 8984K, capacity 9611K, committed 9724K, reserved 1048576K
}
2022-08-07T09:31:05.538+0000: 35.422: [CMS-concurrent-abortable-preclean: 0.864/4.300 secs] [Times: user=1.59 sys=0.22, real=4.30 secs] 
2022-08-07T09:31:05.539+0000: 35.423: Application time: 0.0583452 seconds
2022-08-07T09:31:05.539+0000: 35.423: [GC (CMS Final Remark) [YG occupancy: 10980 K (19008 K)]2022-08-07T09:31:05.541+0000: 35.425: [Rescan (parallel) , 0.0082379 secs]2022-08-07T09:31:05.549+0000: 35.433: [weak refs processing, 0.0004711 secs]2022-08-07T09:31:05.550+0000: 35.434: [class unloading, 0.0237129 secs]2022-08-07T09:31:05.574+0000: 35.458: [scrub symbol table, 0.0141627 secs]2022-08-07T09:31:05.589+0000: 35.473: [scrub string table, 0.0014158 secs][1 CMS-remark: 55342K(86784K)] 66322K(105792K), 0.0520440 secs] [Times: user=0.04 sys=0.00, real=0.05 secs] 
2022-08-07T09:31:05.592+0000: 35.476: [CMS-concurrent-sweep-start]
2022-08-07T09:31:05.625+0000: 35.509: [CMS-concurrent-sweep: 0.033/0.033 secs] [Times: user=0.06 sys=0.01, real=0.03 secs] 
2022-08-07T09:31:05.625+0000: 35.509: [CMS-concurrent-reset-start]
2022-08-07T09:31:05.626+0000: 35.510: [CMS-concurrent-reset: 0.001/0.001 secs] [Times: user=0.00 sys=0.00, real=0.01 secs] 
2022-08-07T09:31:05.636+0000: 35.520: Application time: 0.0447765 seconds
2022-08-07T09:31:05.644+0000: 35.528: Application time: 0.0032336 seconds
2022-08-07T09:31:05.651+0000: 35.535: Application time: 0.0065980 seconds
2022-08-07T09:31:05.663+0000: 35.546: Application time: 0.0114879 seconds
{Heap before GC invocations=255 (full 34):
 par new generation   total 19008K, used 18774K [0x00000000c2600000, 0x00000000c3aa0000, 0x00000000d6e00000)
  eden space 16896K, 100% used [0x00000000c2600000, 0x00000000c3680000, 0x00000000c3680000)
  from space 2112K,  88% used [0x00000000c3890000, 0x00000000c3a65b18, 0x00000000c3aa0000)
  to   space 2112K,   0% used [0x00000000c3680000, 0x00000000c3680000, 0x00000000c3890000)
 concurrent mark-sweep generation total 90796K, used 54475K [0x00000000d6e00000, 0x00000000dc6ab000, 0x0000000100000000)
 Metaspace       used 70682K, capacity 73918K, committed 74216K, reserved 1114112K
  class space    used 9044K, capacity 9643K, committed 9724K, reserved 1048576K
2022-08-07T09:31:05.663+0000: 35.547: [GC (Allocation Failure) 2022-08-07T09:31:05.664+0000: 35.548: [ParNew: 18774K->1081K(19008K), 0.0089917 secs] 73250K->56483K(109804K), 0.0101439 secs] [Times: user=0.01 sys=0.00, real=0.01 secs] 
Heap after GC invocations=256 (full 34):
 par new generation   total 19008K, used 1081K [0x00000000c2600000, 0x00000000c3aa0000, 0x00000000d6e00000)
  eden space 16896K,   0% used [0x00000000c2600000, 0x00000000c2600000, 0x00000000c3680000)
  from space 2112K,  51% used [0x00000000c3680000, 0x00000000c378e5f0, 0x00000000c3890000)
  to   space 2112K,   0% used [0x00000000c3890000, 0x00000000c3890000, 0x00000000c3aa0000)
 concurrent mark-sweep generation total 90796K, used 55402K [0x00000000d6e00000, 0x00000000dc6ab000, 0x0000000100000000)
 Metaspace       used 70682K, capacity 73918K, committed 74216K, reserved 1114112K
  class space    used 9044K, capacity 9643K, committed 9724K, reserved 1048576K
}
2022-08-07T09:31:05.676+0000: 35.560: Application time: 0.0024774 seconds
2022-08-07T09:31:05.683+0000: 35.567: [GC (CMS Initial Mark) [1 CMS-initial-mark: 55402K(90796K)] 57301K(109804K), 0.0025789 secs] [Times: user=0.01 sys=0.00, real=0.01 secs] 
2022-08-07T09:31:05.687+0000: 35.571: [CMS-concurrent-mark-start]
2022-08-07T09:31:05.731+0000: 35.615: Application time: 0.0448142 seconds
2022-08-07T09:31:05.852+0000: 35.735: [CMS-concurrent-mark: 0.164/0.165 secs] [Times: user=0.35 sys=0.11, real=0.16 secs] 
2022-08-07T09:31:05.852+0000: 35.736: [CMS-concurrent-preclean-start]
2022-08-07T09:31:05.872+0000: 35.756: [CMS-concurrent-preclean: 0.015/0.020 secs] [Times: user=0.03 sys=0.01, real=0.02 secs] 
2022-08-07T09:31:05.873+0000: 35.757: [CMS-concurrent-abortable-preclean-start]
2022-08-07T09:31:05.918+0000: 35.802: Application time: 0.1863129 seconds
{Heap before GC invocations=256 (full 35):
 par new generation   total 19008K, used 17977K [0x00000000c2600000, 0x00000000c3aa0000, 0x00000000d6e00000)
  eden space 16896K, 100% used [0x00000000c2600000, 0x00000000c3680000, 0x00000000c3680000)
  from space 2112K,  51% used [0x00000000c3680000, 0x00000000c378e5f0, 0x00000000c3890000)
  to   space 2112K,   0% used [0x00000000c3890000, 0x00000000c3890000, 0x00000000c3aa0000)
 concurrent mark-sweep generation total 90796K, used 55402K [0x00000000d6e00000, 0x00000000dc6ab000, 0x0000000100000000)
 Metaspace       used 70984K, capacity 74228K, committed 74472K, reserved 1114112K
  class space    used 9082K, capacity 9680K, committed 9724K, reserved 1048576K
2022-08-07T09:31:05.918+0000: 35.802: [GC (Allocation Failure) 2022-08-07T09:31:05.919+0000: 35.803: [ParNew: 17977K->778K(19008K), 0.0031643 secs] 73379K->56180K(109804K), 0.0041535 secs] [Times: user=0.00 sys=0.00, real=0.00 secs] 
Heap after GC invocations=257 (full 35):
 par new generation   total 19008K, used 778K [0x00000000c2600000, 0x00000000c3aa0000, 0x00000000d6e00000)
  eden space 16896K,   0% used [0x00000000c2600000, 0x00000000c2600000, 0x00000000c3680000)
  from space 2112K,  36% used [0x00000000c3890000, 0x00000000c3952978, 0x00000000c3aa0000)
  to   space 2112K,   0% used [0x00000000c3680000, 0x00000000c3680000, 0x00000000c3890000)
 concurrent mark-sweep generation total 90796K, used 55402K [0x00000000d6e00000, 0x00000000dc6ab000, 0x0000000100000000)
 Metaspace       used 70984K, capacity 74228K, committed 74472K, reserved 1114112K
  class space    used 9082K, capacity 9680K, committed 9724K, reserved 1048576K
}
2022-08-07T09:31:05.957+0000: 35.841: Application time: 0.0334639 seconds
2022-08-07T09:31:05.960+0000: 35.844: Application time: 0.0028438 seconds
2022-08-07T09:31:05.961+0000: 35.845: Application time: 0.0006657 seconds
2022-08-07T09:31:05.962+0000: 35.846: Application time: 0.0004216 seconds
 CMS: abort preclean due to time 2022-08-07T09:31:10.964+0000: 40.848: [CMS-concurrent-abortable-preclean: 0.311/5.091 secs] [Times: user=0.54 sys=0.08, real=5.09 secs] 
2022-08-07T09:31:10.965+0000: 40.849: Application time: 5.0014435 seconds
2022-08-07T09:31:10.965+0000: 40.849: [GC (CMS Final Remark) [YG occupancy: 3427 K (19008 K)]2022-08-07T09:31:10.965+0000: 40.849: [Rescan (parallel) , 0.0022941 secs]2022-08-07T09:31:10.968+0000: 40.852: [weak refs processing, 0.0005561 secs]2022-08-07T09:31:10.969+0000: 40.853: [class unloading, 0.0152945 secs]2022-08-07T09:31:10.985+0000: 40.869: [scrub symbol table, 0.0134498 secs]2022-08-07T09:31:10.999+0000: 40.883: [scrub string table, 0.0035444 secs][1 CMS-remark: 55402K(90796K)] 58829K(109804K), 0.0383320 secs] [Times: user=0.04 sys=0.00, real=0.04 secs] 
2022-08-07T09:31:11.005+0000: 40.889: [CMS-concurrent-sweep-start]
2022-08-07T09:31:11.037+0000: 40.921: [CMS-concurrent-sweep: 0.032/0.032 secs] [Times: user=0.03 sys=0.00, real=0.04 secs] 
2022-08-07T09:31:11.038+0000: 40.922: [CMS-concurrent-reset-start]
2022-08-07T09:31:11.039+0000: 40.923: [CMS-concurrent-reset: 0.000/0.001 secs] [Times: user=0.00 sys=0.00, real=0.00 secs] 
2022-08-07T09:31:12.004+0000: 41.888: Application time: 1.0003277 seconds
2022-08-07T09:31:14.005+0000: 43.889: Application time: 2.0002865 seconds
2022-08-07T09:31:15.006+0000: 44.890: Application time: 1.0012694 seconds
2022-08-07T09:31:20.205+0000: 50.132: Application time: 5.2414520 seconds
2022-08-07T09:31:20.205+0000: 50.132: Application time: 0.0005194 seconds
2022-08-07T09:31:20.220+0000: 50.147: Application time: 0.0142744 seconds
2022-08-07T09:31:20.220+0000: 50.147: Application time: 0.0005148 seconds
2022-08-07T09:31:20.221+0000: 50.148: Application time: 0.0007847 seconds
2022-08-07T09:31:20.222+0000: 50.149: Application time: 0.0001790 seconds
2022-08-07T09:31:20.224+0000: 50.151: Application time: 0.0026254 seconds
2022-08-07T09:31:20.246+0000: 50.173: Application time: 0.0211540 seconds
2022-08-07T09:31:20.246+0000: 50.173: Application time: 0.0001425 seconds
2022-08-07T09:31:20.246+0000: 50.173: Application time: 0.0001674 seconds
2022-08-07T09:31:20.253+0000: 50.180: Application time: 0.0066104 seconds
2022-08-07T09:31:20.254+0000: 50.181: Application time: 0.0001925 seconds
2022-08-07T09:31:20.255+0000: 50.182: Application time: 0.0014784 seconds
2022-08-07T09:31:20.257+0000: 50.184: Application time: 0.0006310 seconds
2022-08-07T09:31:20.257+0000: 50.184: Application time: 0.0001558 seconds
2022-08-07T09:31:20.258+0000: 50.184: Application time: 0.0001414 seconds
2022-08-07T09:31:20.279+0000: 50.206: Application time: 0.0215227 seconds
2022-08-07T09:31:20.281+0000: 50.208: Application time: 0.0014624 seconds
2022-08-07T09:31:21.281+0000: 51.208: Application time: 1.0002491 seconds
2022-08-07T09:31:23.485+0000: 53.412: Application time: 2.2039625 seconds
{Heap before GC invocations=257 (full 35):
 par new generation   total 19008K, used 17674K [0x00000000c2600000, 0x00000000c3aa0000, 0x00000000d6e00000)
  eden space 16896K, 100% used [0x00000000c2600000, 0x00000000c3680000, 0x00000000c3680000)
  from space 2112K,  36% used [0x00000000c3890000, 0x00000000c3952978, 0x00000000c3aa0000)
  to   space 2112K,   0% used [0x00000000c3680000, 0x00000000c3680000, 0x00000000c3890000)
 concurrent mark-sweep generation total 90796K, used 45053K [0x00000000d6e00000, 0x00000000dc6ab000, 0x0000000100000000)
 Metaspace       used 71526K, capacity 74838K, committed 75112K, reserved 1114112K
  class space    used 9156K, capacity 9767K, committed 9852K, reserved 1048576K
2022-08-07T09:31:23.486+0000: 53.413: [GC (Allocation Failure) 2022-08-07T09:31:23.486+0000: 53.413: [ParNew: 17674K->1339K(19008K), 0.0024809 secs] 62728K->46393K(109804K), 0.0029430 secs] [Times: user=0.01 sys=0.00, real=0.00 secs] 
Heap after GC invocations=258 (full 35):
 par new generation   total 19008K, used 1339K [0x00000000c2600000, 0x00000000c3aa0000, 0x00000000d6e00000)
  eden space 16896K,   0% used [0x00000000c2600000, 0x00000000c2600000, 0x00000000c3680000)
  from space 2112K,  63% used [0x00000000c3680000, 0x00000000c37cede8, 0x00000000c3890000)
  to   space 2112K,   0% used [0x00000000c3890000, 0x00000000c3890000, 0x00000000c3aa0000)
 concurrent mark-sweep generation total 90796K, used 45053K [0x00000000d6e00000, 0x00000000dc6ab000, 0x0000000100000000)
 Metaspace       used 71526K, capacity 74838K, committed 75112K, reserved 1114112K
  class space    used 9156K, capacity 9767K, committed 9852K, reserved 1048576K
}
2022-08-07T09:31:24.490+0000: 54.417: Application time: 1.0007940 seconds
2022-08-07T09:31:24.844+0000: 54.771: Application time: 0.3534369 seconds
2022-08-07T09:31:24.844+0000: 54.771: Application time: 0.0002446 seconds
2022-08-07T09:31:24.844+0000: 54.771: Application time: 0.0001941 seconds
2022-08-07T09:31:24.845+0000: 54.777: Application time: 0.0051367 seconds
2022-08-07T09:31:24.850+0000: 54.777: Application time: 0.0002719 seconds
2022-08-07T09:31:24.851+0000: 54.778: Application time: 0.0005470 seconds
2022-08-07T09:31:24.858+0000: 54.784: Application time: 0.0067937 seconds
2022-08-07T09:31:24.969+0000: 54.896: Application time: 0.1110067 seconds
2022-08-07T09:31:24.974+0000: 54.900: Application time: 0.0045713 seconds
2022-08-07T09:31:25.027+0000: 54.954: Application time: 0.0533552 seconds
2022-08-07T09:31:25.039+0000: 54.966: Application time: 0.0113819 seconds
2022-08-07T09:31:25.047+0000: 54.974: Application time: 0.0077550 seconds
2022-08-07T09:31:25.048+0000: 54.975: Application time: 0.0001652 seconds
2022-08-07T09:31:25.100+0000: 55.027: Application time: 0.0456033 seconds
2022-08-07T09:31:25.117+0000: 55.044: Application time: 0.0158438 seconds
2022-08-07T09:31:25.125+0000: 55.053: Application time: 0.0072674 seconds
{Heap before GC invocations=258 (full 35):
 par new generation   total 19008K, used 18235K [0x00000000c2600000, 0x00000000c3aa0000, 0x00000000d6e00000)
  eden space 16896K, 100% used [0x00000000c2600000, 0x00000000c3680000, 0x00000000c3680000)
  from space 2112K,  63% used [0x00000000c3680000, 0x00000000c37cede8, 0x00000000c3890000)
  to   space 2112K,   0% used [0x00000000c3890000, 0x00000000c3890000, 0x00000000c3aa0000)
 concurrent mark-sweep generation total 90796K, used 45053K [0x00000000d6e00000, 0x00000000dc6ab000, 0x0000000100000000)
 Metaspace       used 71912K, capacity 75276K, committed 75368K, reserved 1114112K
  class space    used 9195K, capacity 9816K, committed 9852K, reserved 1048576K
2022-08-07T09:31:25.127+0000: 55.054: [GC (Allocation Failure) 2022-08-07T09:31:25.127+0000: 55.054: [ParNew: 18235K->2058K(19008K), 0.0061059 secs] 63289K->47325K(109804K), 0.0065857 secs] [Times: user=0.02 sys=0.00, real=0.01 secs] 
Heap after GC invocations=259 (full 35):
 par new generation   total 19008K, used 2058K [0x00000000c2600000, 0x00000000c3aa0000, 0x00000000d6e00000)
  eden space 16896K,   0% used [0x00000000c2600000, 0x00000000c2600000, 0x00000000c3680000)
  from space 2112K,  97% used [0x00000000c3890000, 0x00000000c3a92848, 0x00000000c3aa0000)
  to   space 2112K,   0% used [0x00000000c3680000, 0x00000000c3680000, 0x00000000c3890000)
 concurrent mark-sweep generation total 90796K, used 45267K [0x00000000d6e00000, 0x00000000dc6ab000, 0x0000000100000000)
 Metaspace       used 71912K, capacity 75276K, committed 75368K, reserved 1114112K
  class space    used 9195K, capacity 9816K, committed 9852K, reserved 1048576K
}
2022-08-07T09:31:25.139+0000: 55.066: Application time: 0.0047855 seconds
2022-08-07T09:31:25.141+0000: 55.068: Application time: 0.0005165 seconds
2022-08-07T09:31:25.176+0000: 55.103: Application time: 0.0346149 seconds
2022-08-07T09:31:25.179+0000: 55.105: Application time: 0.0010088 seconds
2022-08-07T09:31:25.184+0000: 55.111: Application time: 0.0043566 seconds
2022-08-07T09:31:25.186+0000: 55.113: Application time: 0.0019972 seconds
2022-08-07T09:31:25.188+0000: 55.115: Application time: 0.0006011 seconds
2022-08-07T09:31:25.190+0000: 55.117: Application time: 0.0015588 seconds
2022-08-07T09:31:25.192+0000: 55.119: Application time: 0.0009502 seconds
2022-08-07T09:31:25.192+0000: 55.119: Application time: 0.0003862 seconds
2022-08-07T09:31:25.194+0000: 55.121: Application time: 0.0005126 seconds
2022-08-07T09:31:25.201+0000: 55.128: Application time: 0.0066298 seconds
2022-08-07T09:31:25.206+0000: 55.133: Application time: 0.0001804 seconds
2022-08-07T09:31:25.207+0000: 55.134: Application time: 0.0006669 seconds
2022-08-07T09:31:25.208+0000: 55.135: Application time: 0.0003035 seconds
2022-08-07T09:31:25.208+0000: 55.135: Application time: 0.0002831 seconds
2022-08-07T09:31:25.210+0000: 55.137: Application time: 0.0012185 seconds
2022-08-07T09:31:25.214+0000: 55.141: Application time: 0.0032213 seconds
2022-08-07T09:31:25.216+0000: 55.144: Application time: 0.0013700 seconds
2022-08-07T09:31:25.218+0000: 55.145: Application time: 0.0003475 seconds
2022-08-07T09:31:25.220+0000: 55.147: Application time: 0.0011272 seconds
2022-08-07T09:31:25.222+0000: 55.149: Application time: 0.0016256 seconds
2022-08-07T09:31:25.223+0000: 55.150: Application time: 0.0005066 seconds
2022-08-07T09:31:25.227+0000: 55.154: Application time: 0.0020842 seconds
2022-08-07T09:31:25.231+0000: 55.158: Application time: 0.0022305 seconds
2022-08-07T09:31:25.231+0000: 55.158: Application time: 0.0002661 seconds
2022-08-07T09:31:25.235+0000: 55.162: Application time: 0.0031670 seconds
2022-08-07T09:31:25.236+0000: 55.163: Application time: 0.0001890 seconds
2022-08-07T09:31:26.237+0000: 56.164: Application time: 1.0002711 seconds
2022-08-07T09:31:26.565+0000: 56.492: Application time: 0.3279688 seconds
2022-08-07T09:31:26.575+0000: 56.502: Application time: 0.0100040 seconds
2022-08-07T09:31:26.575+0000: 56.502: Application time: 0.0002323 seconds
2022-08-07T09:31:26.770+0000: 56.702: Application time: 0.1998921 seconds
2022-08-07T09:31:26.780+0000: 56.707: Application time: 0.0015174 seconds
2022-08-07T09:31:26.790+0000: 56.717: Application time: 0.0088841 seconds
2022-08-07T09:31:26.806+0000: 56.733: Application time: 0.0153787 seconds
2022-08-07T09:31:26.823+0000: 56.750: Application time: 0.0132112 seconds
2022-08-07T09:31:26.830+0000: 56.757: Application time: 0.0004333 seconds
2022-08-07T09:31:26.832+0000: 56.759: Application time: 0.0015199 seconds
2022-08-07T09:31:26.834+0000: 56.761: Application time: 0.0004709 seconds
2022-08-07T09:31:26.836+0000: 56.763: Application time: 0.0017113 seconds
2022-08-07T09:31:26.838+0000: 56.765: Application time: 0.0008056 seconds
2022-08-07T09:31:26.882+0000: 56.809: Application time: 0.0440551 seconds
{Heap before GC invocations=259 (full 35):
 par new generation   total 19008K, used 18954K [0x00000000c2600000, 0x00000000c3aa0000, 0x00000000d6e00000)
  eden space 16896K, 100% used [0x00000000c2600000, 0x00000000c3680000, 0x00000000c3680000)
  from space 2112K,  97% used [0x00000000c3890000, 0x00000000c3a92848, 0x00000000c3aa0000)
  to   space 2112K,   0% used [0x00000000c3680000, 0x00000000c3680000, 0x00000000c3890000)
 concurrent mark-sweep generation total 90796K, used 45267K [0x00000000d6e00000, 0x00000000dc6ab000, 0x0000000100000000)
 Metaspace       used 72228K, capacity 75666K, committed 76008K, reserved 1116160K
  class space    used 9228K, capacity 9867K, committed 9980K, reserved 1048576K
2022-08-07T09:31:26.884+0000: 56.811: [GC (Allocation Failure) 2022-08-07T09:31:26.884+0000: 56.811: [ParNew: 18954K->1833K(19008K), 0.0113072 secs] 64221K->48589K(109804K), 0.0120982 secs] [Times: user=0.02 sys=0.01, real=0.01 secs] 
Heap after GC invocations=260 (full 35):
 par new generation   total 19008K, used 1833K [0x00000000c2600000, 0x00000000c3aa0000, 0x00000000d6e00000)
  eden space 16896K,   0% used [0x00000000c2600000, 0x00000000c2600000, 0x00000000c3680000)
  from space 2112K,  86% used [0x00000000c3680000, 0x00000000c384a400, 0x00000000c3890000)
  to   space 2112K,   0% used [0x00000000c3890000, 0x00000000c3890000, 0x00000000c3aa0000)
 concurrent mark-sweep generation total 90796K, used 46756K [0x00000000d6e00000, 0x00000000dc6ab000, 0x0000000100000000)
 Metaspace       used 72228K, capacity 75666K, committed 76008K, reserved 1116160K
  class space    used 9228K, capacity 9867K, committed 9980K, reserved 1048576K
}
2022-08-07T09:31:26.917+0000: 56.844: Application time: 0.0206645 seconds
2022-08-07T09:31:26.919+0000: 56.846: Application time: 0.0003578 seconds
2022-08-07T09:31:26.938+0000: 56.865: Application time: 0.0185544 seconds
2022-08-07T09:31:26.941+0000: 56.868: Application time: 0.0021203 seconds
2022-08-07T09:31:26.958+0000: 56.885: Application time: 0.0143985 seconds
2022-08-07T09:31:26.989+0000: 56.916: Application time: 0.0298176 seconds
2022-08-07T09:31:27.005+0000: 56.932: Application time: 0.0151222 seconds
2022-08-07T09:31:27.006+0000: 56.933: Application time: 0.0005214 seconds
2022-08-07T09:31:27.193+0000: 57.120: Application time: 0.1864882 seconds
2022-08-07T09:31:27.220+0000: 57.147: Application time: 0.0267687 seconds
2022-08-07T09:31:27.221+0000: 57.148: Application time: 0.0003080 seconds
2022-08-07T09:31:27.223+0000: 57.150: Application time: 0.0002403 seconds
2022-08-07T09:31:27.223+0000: 57.150: Application time: 0.0004464 seconds
2022-08-07T09:31:27.224+0000: 57.151: Application time: 0.0007333 seconds
2022-08-07T09:31:27.444+0000: 57.371: Application time: 0.2192189 seconds
2022-08-07T09:31:27.445+0000: 57.372: Application time: 0.0002980 seconds
2022-08-07T09:31:27.445+0000: 57.372: Application time: 0.0004768 seconds
2022-08-07T09:31:27.448+0000: 57.375: Application time: 0.0002412 seconds
2022-08-07T09:31:27.449+0000: 57.376: Application time: 0.0006826 seconds
2022-08-07T09:31:27.513+0000: 57.439: Application time: 0.0632975 seconds
2022-08-07T09:31:27.775+0000: 57.702: Application time: 0.2615827 seconds
2022-08-07T09:31:28.495+0000: 58.422: Application time: 0.7040435 seconds
{Heap before GC invocations=260 (full 35):
 par new generation   total 19008K, used 18729K [0x00000000c2600000, 0x00000000c3aa0000, 0x00000000d6e00000)
  eden space 16896K, 100% used [0x00000000c2600000, 0x00000000c3680000, 0x00000000c3680000)
  from space 2112K,  86% used [0x00000000c3680000, 0x00000000c384a400, 0x00000000c3890000)
  to   space 2112K,   0% used [0x00000000c3890000, 0x00000000c3890000, 0x00000000c3aa0000)
 concurrent mark-sweep generation total 90796K, used 46756K [0x00000000d6e00000, 0x00000000dc6ab000, 0x0000000100000000)
 Metaspace       used 72587K, capacity 76050K, committed 76264K, reserved 1116160K
  class space    used 9259K, capacity 9889K, committed 9980K, reserved 1048576K
2022-08-07T09:31:28.495+0000: 58.422: [GC (Allocation Failure) 2022-08-07T09:31:28.496+0000: 58.423: [ParNew: 18729K->1524K(19008K), 0.0079486 secs] 65485K->49086K(109804K), 0.0089962 secs] [Times: user=0.02 sys=0.00, real=0.01 secs] 
Heap after GC invocations=261 (full 35):
 par new generation   total 19008K, used 1524K [0x00000000c2600000, 0x00000000c3aa0000, 0x00000000d6e00000)
  eden space 16896K,   0% used [0x00000000c2600000, 0x00000000c2600000, 0x00000000c3680000)
  from space 2112K,  72% used [0x00000000c3890000, 0x00000000c3a0d360, 0x00000000c3aa0000)
  to   space 2112K,   0% used [0x00000000c3680000, 0x00000000c3680000, 0x00000000c3890000)
 concurrent mark-sweep generation total 90796K, used 47561K [0x00000000d6e00000, 0x00000000dc6ab000, 0x0000000100000000)
 Metaspace       used 72587K, capacity 76050K, committed 76264K, reserved 1116160K
  class space    used 9259K, capacity 9889K, committed 9980K, reserved 1048576K
}
2022-08-07T09:31:29.506+0000: 59.433: Application time: 1.0002320 seconds
2022-08-07T09:31:34.508+0000: 64.435: Application time: 5.0012811 seconds
2022-08-07T09:31:39.234+0000: 69.161: Application time: 4.7259879 seconds
2022-08-07T09:31:39.234+0000: 69.161: Application time: 0.0001112 seconds
2022-08-07T09:31:39.234+0000: 69.162: Application time: 0.0005043 seconds
2022-08-07T09:31:39.581+0000: 69.508: Application time: 0.3463362 seconds
2022-08-07T09:31:39.833+0000: 69.760: Application time: 0.2400998 seconds
2022-08-07T09:31:39.834+0000: 69.761: Application time: 0.0003549 seconds
2022-08-07T09:31:39.836+0000: 69.763: Application time: 0.0021105 seconds
2022-08-07T09:31:39.837+0000: 69.764: Application time: 0.0002750 seconds
2022-08-07T09:31:40.837+0000: 70.764: Application time: 1.0003297 seconds
2022-08-07T09:31:41.838+0000: 71.765: Application time: 1.0001673 seconds
2022-08-07T09:31:43.838+0000: 73.765: Application time: 2.0003535 seconds
2022-08-07T09:31:44.838+0000: 74.765: Application time: 1.0003107 seconds
2022-08-07T09:31:48.334+0000: 78.296: Application time: 3.5307466 seconds
2022-08-07T09:31:48.346+0000: 78.308: Application time: 0.0119588 seconds
2022-08-07T09:31:49.347+0000: 79.310: Application time: 1.0011387 seconds
2022-08-07T09:31:52.348+0000: 82.311: Application time: 3.0009922 seconds
2022-08-07T09:31:53.545+0000: 83.508: Application time: 1.1968553 seconds
{Heap before GC invocations=261 (full 35):
 par new generation   total 19008K, used 18420K [0x00000000c2600000, 0x00000000c3aa0000, 0x00000000d6e00000)
  eden space 16896K, 100% used [0x00000000c2600000, 0x00000000c3680000, 0x00000000c3680000)
  from space 2112K,  72% used [0x00000000c3890000, 0x00000000c3a0d360, 0x00000000c3aa0000)
  to   space 2112K,   0% used [0x00000000c3680000, 0x00000000c3680000, 0x00000000c3890000)
 concurrent mark-sweep generation total 90796K, used 47561K [0x00000000d6e00000, 0x00000000dc6ab000, 0x0000000100000000)
 Metaspace       used 72911K, capacity 76454K, committed 76520K, reserved 1116160K
  class space    used 9289K, capacity 9931K, committed 9980K, reserved 1048576K
2022-08-07T09:31:53.546+0000: 83.508: [GC (Allocation Failure) 2022-08-07T09:31:53.546+0000: 83.508: [ParNew: 18420K->1053K(19008K), 0.0073734 secs] 65982K->48615K(109804K), 0.0080084 secs] [Times: user=0.01 sys=0.00, real=0.01 secs] 
Heap after GC invocations=262 (full 35):
 par new generation   total 19008K, used 1053K [0x00000000c2600000, 0x00000000c3aa0000, 0x00000000d6e00000)
  eden space 16896K,   0% used [0x00000000c2600000, 0x00000000c2600000, 0x00000000c3680000)
  from space 2112K,  49% used [0x00000000c3680000, 0x00000000c3787638, 0x00000000c3890000)
  to   space 2112K,   0% used [0x00000000c3890000, 0x00000000c3890000, 0x00000000c3aa0000)
 concurrent mark-sweep generation total 90796K, used 47561K [0x00000000d6e00000, 0x00000000dc6ab000, 0x0000000100000000)
 Metaspace       used 72911K, capacity 76454K, committed 76520K, reserved 1116160K
  class space    used 9289K, capacity 9931K, committed 9980K, reserved 1048576K
}
2022-08-07T09:32:04.558+0000: 94.521: Application time: 11.0042638 seconds
2022-08-07T09:32:14.565+0000: 104.527: Application time: 10.0062552 seconds
2022-08-07T09:32:18.533+0000: 108.530: Application time: 4.0022987 seconds
2022-08-07T09:32:24.536+0000: 114.533: Application time: 6.0030651 seconds
2022-08-07T09:32:27.050+0000: 117.047: Application time: 2.5139395 seconds
2022-08-07T09:32:34.055+0000: 124.051: Application time: 7.0040270 seconds
2022-08-07T09:32:35.055+0000: 125.052: Application time: 1.0002869 seconds
2022-08-07T09:32:40.057+0000: 130.054: Application time: 5.0020384 seconds
2022-08-07T09:32:40.064+0000: 130.061: Application time: 0.0067779 seconds
2022-08-07T09:32:41.065+0000: 131.061: Application time: 1.0003243 seconds
2022-08-07T09:32:43.722+0000: 133.718: Application time: 2.6569525 seconds
{Heap before GC invocations=262 (full 35):
 par new generation   total 19008K, used 17949K [0x00000000c2600000, 0x00000000c3aa0000, 0x00000000d6e00000)
  eden space 16896K, 100% used [0x00000000c2600000, 0x00000000c3680000, 0x00000000c3680000)
  from space 2112K,  49% used [0x00000000c3680000, 0x00000000c3787638, 0x00000000c3890000)
  to   space 2112K,   0% used [0x00000000c3890000, 0x00000000c3890000, 0x00000000c3aa0000)
 concurrent mark-sweep generation total 90796K, used 47561K [0x00000000d6e00000, 0x00000000dc6ab000, 0x0000000100000000)
 Metaspace       used 73000K, capacity 76524K, committed 76776K, reserved 1116160K
  class space    used 9289K, capacity 9932K, committed 9980K, reserved 1048576K
2022-08-07T09:32:43.722+0000: 133.719: [GC (Allocation Failure) 2022-08-07T09:32:43.723+0000: 133.719: [ParNew: 17949K->959K(19008K), 0.0044361 secs] 65511K->48521K(109804K), 0.0051836 secs] [Times: user=0.01 sys=0.00, real=0.01 secs] 
Heap after GC invocations=263 (full 35):
 par new generation   total 19008K, used 959K [0x00000000c2600000, 0x00000000c3aa0000, 0x00000000d6e00000)
  eden space 16896K,   0% used [0x00000000c2600000, 0x00000000c2600000, 0x00000000c3680000)
  from space 2112K,  45% used [0x00000000c3890000, 0x00000000c397fe28, 0x00000000c3aa0000)
  to   space 2112K,   0% used [0x00000000c3680000, 0x00000000c3680000, 0x00000000c3890000)
 concurrent mark-sweep generation total 90796K, used 47561K [0x00000000d6e00000, 0x00000000dc6ab000, 0x0000000100000000)
 Metaspace       used 73000K, capacity 76524K, committed 76776K, reserved 1116160K
  class space    used 9289K, capacity 9932K, committed 9980K, reserved 1048576K
}
2022-08-07T09:32:48.696+0000: 138.726: Application time: 5.0009404 seconds
2022-08-07T09:32:49.696+0000: 139.727: Application time: 1.0002688 seconds
2022-08-07T09:32:51.697+0000: 141.727: Application time: 2.0003955 seconds
2022-08-07T09:32:54.697+0000: 144.728: Application time: 3.0005928 seconds
2022-08-07T09:33:04.699+0000: 154.730: Application time: 10.0016634 seconds
2022-08-07T09:33:12.317+0000: 162.348: Application time: 7.6179985 seconds
2022-08-07T09:33:12.372+0000: 162.403: Application time: 0.0547489 seconds
2022-08-07T09:33:12.377+0000: 162.408: Application time: 0.0046023 seconds
2022-08-07T09:33:12.396+0000: 162.427: Application time: 0.0180091 seconds
2022-08-07T09:33:12.399+0000: 162.429: Application time: 0.0016628 seconds
2022-08-07T09:33:12.403+0000: 162.433: Application time: 0.0029131 seconds
2022-08-07T09:33:12.406+0000: 162.436: Application time: 0.0001995 seconds
2022-08-07T09:33:12.408+0000: 162.438: Application time: 0.0015884 seconds
2022-08-07T09:33:12.412+0000: 162.442: Application time: 0.0033765 seconds
2022-08-07T09:33:12.416+0000: 162.446: Application time: 0.0022090 seconds
2022-08-07T09:33:12.426+0000: 162.457: Application time: 0.0093342 seconds
2022-08-07T09:33:12.434+0000: 162.464: Application time: 0.0063959 seconds
2022-08-07T09:33:12.450+0000: 162.480: Application time: 0.0145808 seconds
2022-08-07T09:33:12.483+0000: 162.514: Application time: 0.0308716 seconds
2022-08-07T09:33:12.576+0000: 162.606: Application time: 0.0922268 seconds
2022-08-07T09:33:12.576+0000: 162.607: Application time: 0.0005994 seconds
2022-08-07T09:33:12.582+0000: 162.613: Application time: 0.0050955 seconds
2022-08-07T09:33:12.584+0000: 162.615: Application time: 0.0015268 seconds
2022-08-07T09:33:12.586+0000: 162.616: Application time: 0.0008991 seconds
2022-08-07T09:33:12.594+0000: 162.624: Application time: 0.0007459 seconds
2022-08-07T09:33:12.609+0000: 162.639: Application time: 0.0143675 seconds
2022-08-07T09:33:12.737+0000: 162.767: Application time: 0.1273924 seconds
2022-08-07T09:33:12.782+0000: 162.812: Application time: 0.0443730 seconds
2022-08-07T09:33:12.962+0000: 162.992: Application time: 0.1784185 seconds
2022-08-07T09:33:12.968+0000: 162.998: Application time: 0.0035883 seconds
{Heap before GC invocations=263 (full 35):
 par new generation   total 19008K, used 17855K [0x00000000c2600000, 0x00000000c3aa0000, 0x00000000d6e00000)
  eden space 16896K, 100% used [0x00000000c2600000, 0x00000000c3680000, 0x00000000c3680000)
  from space 2112K,  45% used [0x00000000c3890000, 0x00000000c397fe28, 0x00000000c3aa0000)
  to   space 2112K,   0% used [0x00000000c3680000, 0x00000000c3680000, 0x00000000c3890000)
 concurrent mark-sweep generation total 90796K, used 47561K [0x00000000d6e00000, 0x00000000dc6ab000, 0x0000000100000000)
 Metaspace       used 73195K, capacity 76732K, committed 77032K, reserved 1116160K
  class space    used 9290K, capacity 9934K, committed 9980K, reserved 1048576K
2022-08-07T09:33:12.969+0000: 163.000: [GC (Allocation Failure) 2022-08-07T09:33:12.970+0000: 163.000: [ParNew: 17855K->1424K(19008K), 0.0059680 secs] 65417K->48986K(109804K), 0.0070263 secs] [Times: user=0.01 sys=0.00, real=0.00 secs] 
Heap after GC invocations=264 (full 35):
 par new generation   total 19008K, used 1424K [0x00000000c2600000, 0x00000000c3aa0000, 0x00000000d6e00000)
  eden space 16896K,   0% used [0x00000000c2600000, 0x00000000c2600000, 0x00000000c3680000)
  from space 2112K,  67% used [0x00000000c3680000, 0x00000000c37e4060, 0x00000000c3890000)
  to   space 2112K,   0% used [0x00000000c3890000, 0x00000000c3890000, 0x00000000c3aa0000)
 concurrent mark-sweep generation total 90796K, used 47561K [0x00000000d6e00000, 0x00000000dc6ab000, 0x0000000100000000)
 Metaspace       used 73195K, capacity 76732K, committed 77032K, reserved 1116160K
  class space    used 9290K, capacity 9934K, committed 9980K, reserved 1048576K
}
2022-08-07T09:33:13.001+0000: 163.032: Application time: 0.0246510 seconds
2022-08-07T09:33:13.040+0000: 163.071: Application time: 0.0343374 seconds
2022-08-07T09:33:13.087+0000: 163.117: Application time: 0.0407145 seconds
2022-08-07T09:33:13.090+0000: 163.121: Application time: 0.0030692 seconds
2022-08-07T09:33:13.114+0000: 163.145: Application time: 0.0236951 seconds
2022-08-07T09:33:14.115+0000: 164.145: Application time: 1.0002891 seconds
2022-08-07T09:33:17.478+0000: 167.543: Application time: 3.3971164 seconds
2022-08-07T09:33:17.529+0000: 167.593: Application time: 0.0502904 seconds
2022-08-07T09:33:18.529+0000: 168.594: Application time: 1.0002678 seconds
2022-08-07T09:33:39.409+0000: 189.473: Application time: 20.8791843 seconds
{Heap before GC invocations=264 (full 35):
 par new generation   total 19008K, used 18320K [0x00000000c2600000, 0x00000000c3aa0000, 0x00000000d6e00000)
  eden space 16896K, 100% used [0x00000000c2600000, 0x00000000c3680000, 0x00000000c3680000)
  from space 2112K,  67% used [0x00000000c3680000, 0x00000000c37e4060, 0x00000000c3890000)
  to   space 2112K,   0% used [0x00000000c3890000, 0x00000000c3890000, 0x00000000c3aa0000)
 concurrent mark-sweep generation total 90796K, used 47561K [0x00000000d6e00000, 0x00000000dc6ab000, 0x0000000100000000)
 Metaspace       used 73341K, capacity 76872K, committed 77032K, reserved 1116160K
  class space    used 9293K, capacity 9936K, committed 9980K, reserved 1048576K
2022-08-07T09:33:39.409+0000: 189.474: [GC (Allocation Failure) 2022-08-07T09:33:39.410+0000: 189.474: [ParNew: 18320K->1610K(19008K), 0.0030687 secs] 65882K->49172K(109804K), 0.0036273 secs] [Times: user=0.00 sys=0.00, real=0.00 secs] 
Heap after GC invocations=265 (full 35):
 par new generation   total 19008K, used 1610K [0x00000000c2600000, 0x00000000c3aa0000, 0x00000000d6e00000)
  eden space 16896K,   0% used [0x00000000c2600000, 0x00000000c2600000, 0x00000000c3680000)
  from space 2112K,  76% used [0x00000000c3890000, 0x00000000c3a22878, 0x00000000c3aa0000)
  to   space 2112K,   0% used [0x00000000c3680000, 0x00000000c3680000, 0x00000000c3890000)
 concurrent mark-sweep generation total 90796K, used 47561K [0x00000000d6e00000, 0x00000000dc6ab000, 0x0000000100000000)
 Metaspace       used 73341K, capacity 76872K, committed 77032K, reserved 1116160K
  class space    used 9293K, capacity 9936K, committed 9980K, reserved 1048576K
}
2022-08-07T09:33:39.678+0000: 189.742: Application time: 0.2644672 seconds
2022-08-07T09:33:39.892+0000: 189.956: Application time: 0.2135573 seconds
2022-08-07T09:33:41.893+0000: 191.957: Application time: 2.0004187 seconds
2022-08-07T09:33:42.894+0000: 192.958: Application time: 1.0004536 seconds
2022-08-07T09:33:48.863+0000: 198.962: Application time: 6.0036843 seconds
2022-08-07T09:33:53.847+0000: 203.945: Application time: 4.9830589 seconds
{Heap before GC invocations=265 (full 35):
 par new generation   total 19008K, used 18506K [0x00000000c2600000, 0x00000000c3aa0000, 0x00000000d6e00000)
  eden space 16896K, 100% used [0x00000000c2600000, 0x00000000c3680000, 0x00000000c3680000)
  from space 2112K,  76% used [0x00000000c3890000, 0x00000000c3a22878, 0x00000000c3aa0000)
  to   space 2112K,   0% used [0x00000000c3680000, 0x00000000c3680000, 0x00000000c3890000)
 concurrent mark-sweep generation total 90796K, used 47561K [0x00000000d6e00000, 0x00000000dc6ab000, 0x0000000100000000)
 Metaspace       used 73471K, capacity 77010K, committed 77288K, reserved 1116160K
  class space    used 9296K, capacity 9937K, committed 9980K, reserved 1048576K
2022-08-07T09:33:53.847+0000: 203.945: [GC (Allocation Failure) 2022-08-07T09:33:53.848+0000: 203.946: [ParNew: 18506K->1610K(19008K), 0.0030115 secs] 66068K->49642K(109804K), 0.0037246 secs] [Times: user=0.01 sys=0.00, real=0.00 secs] 
Heap after GC invocations=266 (full 35):
 par new generation   total 19008K, used 1610K [0x00000000c2600000, 0x00000000c3aa0000, 0x00000000d6e00000)
  eden space 16896K,   0% used [0x00000000c2600000, 0x00000000c2600000, 0x00000000c3680000)
  from space 2112K,  76% used [0x00000000c3680000, 0x00000000c3812bf8, 0x00000000c3890000)
  to   space 2112K,   0% used [0x00000000c3890000, 0x00000000c3890000, 0x00000000c3aa0000)
 concurrent mark-sweep generation total 90796K, used 48031K [0x00000000d6e00000, 0x00000000dc6ab000, 0x0000000100000000)
 Metaspace       used 73471K, capacity 77010K, committed 77288K, reserved 1116160K
  class space    used 9296K, capacity 9937K, committed 9980K, reserved 1048576K
}
2022-08-07T09:33:54.852+0000: 204.950: Application time: 1.0003731 seconds
2022-08-07T09:34:04.858+0000: 214.956: Application time: 10.0059485 seconds
2022-08-07T09:34:12.861+0000: 222.959: Application time: 8.0029273 seconds
2022-08-07T09:34:14.862+0000: 224.960: Application time: 2.0008026 seconds
2022-08-07T09:34:24.832+0000: 234.964: Application time: 10.0042741 seconds
2022-08-07T09:34:31.837+0000: 241.969: Application time: 7.0041574 seconds
2022-08-07T09:34:34.839+0000: 244.970: Application time: 3.0017157 seconds
2022-08-07T09:34:35.839+0000: 245.971: Application time: 1.0006179 seconds
2022-08-07T09:34:41.842+0000: 251.974: Application time: 6.0025793 seconds
2022-08-07T09:34:44.843+0000: 254.975: Application time: 3.0007015 seconds
2022-08-07T09:34:45.844+0000: 255.976: Application time: 1.0012563 seconds
2022-08-07T09:34:48.811+0000: 258.977: Application time: 3.0005264 seconds
2022-08-07T09:34:53.953+0000: 264.119: Application time: 5.1417026 seconds
{Heap before GC invocations=266 (full 35):
 par new generation   total 19008K, used 18506K [0x00000000c2600000, 0x00000000c3aa0000, 0x00000000d6e00000)
  eden space 16896K, 100% used [0x00000000c2600000, 0x00000000c3680000, 0x00000000c3680000)
  from space 2112K,  76% used [0x00000000c3680000, 0x00000000c3812bf8, 0x00000000c3890000)
  to   space 2112K,   0% used [0x00000000c3890000, 0x00000000c3890000, 0x00000000c3aa0000)
 concurrent mark-sweep generation total 90796K, used 48031K [0x00000000d6e00000, 0x00000000dc6ab000, 0x0000000100000000)
 Metaspace       used 73560K, capacity 77082K, committed 77288K, reserved 1116160K
  class space    used 9296K, capacity 9937K, committed 9980K, reserved 1048576K
2022-08-07T09:34:53.954+0000: 264.119: [GC (Allocation Failure) 2022-08-07T09:34:53.954+0000: 264.119: [ParNew: 18506K->1136K(19008K), 0.0022447 secs] 66538K->49167K(109804K), 0.0027844 secs] [Times: user=0.01 sys=0.00, real=0.01 secs] 
Heap after GC invocations=267 (full 35):
 par new generation   total 19008K, used 1136K [0x00000000c2600000, 0x00000000c3aa0000, 0x00000000d6e00000)
  eden space 16896K,   0% used [0x00000000c2600000, 0x00000000c2600000, 0x00000000c3680000)
  from space 2112K,  53% used [0x00000000c3890000, 0x00000000c39ac050, 0x00000000c3aa0000)
  to   space 2112K,   0% used [0x00000000c3680000, 0x00000000c3680000, 0x00000000c3890000)
 concurrent mark-sweep generation total 90796K, used 48031K [0x00000000d6e00000, 0x00000000dc6ab000, 0x0000000100000000)
 Metaspace       used 73560K, capacity 77082K, committed 77288K, reserved 1116160K
  class space    used 9296K, capacity 9937K, committed 9980K, reserved 1048576K
}
2022-08-07T09:34:54.957+0000: 265.123: Application time: 1.0001744 seconds
2022-08-07T09:35:04.963+0000: 275.129: Application time: 10.0058387 seconds
2022-08-07T09:35:12.967+0000: 283.133: Application time: 8.0042176 seconds
2022-08-07T09:35:14.968+0000: 285.133: Application time: 2.0004866 seconds
2022-08-07T09:35:25.938+0000: 296.139: Application time: 11.0049079 seconds
2022-08-07T09:35:34.944+0000: 305.144: Application time: 9.0051920 seconds
2022-08-07T09:35:44.076+0000: 314.276: Application time: 9.1318542 seconds
{Heap before GC invocations=267 (full 35):
 par new generation   total 19008K, used 18032K [0x00000000c2600000, 0x00000000c3aa0000, 0x00000000d6e00000)
  eden space 16896K, 100% used [0x00000000c2600000, 0x00000000c3680000, 0x00000000c3680000)
  from space 2112K,  53% used [0x00000000c3890000, 0x00000000c39ac050, 0x00000000c3aa0000)
  to   space 2112K,   0% used [0x00000000c3680000, 0x00000000c3680000, 0x00000000c3890000)
 concurrent mark-sweep generation total 90796K, used 48031K [0x00000000d6e00000, 0x00000000dc6ab000, 0x0000000100000000)
 Metaspace       used 73605K, capacity 77146K, committed 77288K, reserved 1116160K
  class space    used 9297K, capacity 9937K, committed 9980K, reserved 1048576K
2022-08-07T09:35:44.077+0000: 314.276: [GC (Allocation Failure) 2022-08-07T09:35:44.077+0000: 314.276: [ParNew: 18032K->1267K(19008K), 0.0023422 secs] 66063K->49299K(109804K), 0.0028900 secs] [Times: user=0.00 sys=0.00, real=0.00 secs] 
Heap after GC invocations=268 (full 35):
 par new generation   total 19008K, used 1267K [0x00000000c2600000, 0x00000000c3aa0000, 0x00000000d6e00000)
  eden space 16896K,   0% used [0x00000000c2600000, 0x00000000c2600000, 0x00000000c3680000)
  from space 2112K,  60% used [0x00000000c3680000, 0x00000000c37bce08, 0x00000000c3890000)
  to   space 2112K,   0% used [0x00000000c3890000, 0x00000000c3890000, 0x00000000c3aa0000)
 concurrent mark-sweep generation total 90796K, used 48031K [0x00000000d6e00000, 0x00000000dc6ab000, 0x0000000100000000)
 Metaspace       used 73605K, capacity 77146K, committed 77288K, reserved 1116160K
  class space    used 9297K, capacity 9937K, committed 9980K, reserved 1048576K
}
2022-08-07T09:35:45.080+0000: 315.280: Application time: 1.0002154 seconds
2022-08-07T09:35:49.048+0000: 319.281: Application time: 4.0010858 seconds
2022-08-07T09:35:55.049+0000: 325.282: Application time: 6.0014412 seconds
2022-08-07T09:36:06.053+0000: 336.286: Application time: 11.0033161 seconds
2022-08-07T09:36:13.055+0000: 343.289: Application time: 7.0034938 seconds
2022-08-07T09:36:25.028+0000: 355.295: Application time: 12.0052398 seconds
2022-08-07T09:36:34.156+0000: 364.424: Application time: 9.1285989 seconds
{Heap before GC invocations=268 (full 35):
 par new generation   total 19008K, used 18163K [0x00000000c2600000, 0x00000000c3aa0000, 0x00000000d6e00000)
  eden space 16896K, 100% used [0x00000000c2600000, 0x00000000c3680000, 0x00000000c3680000)
  from space 2112K,  60% used [0x00000000c3680000, 0x00000000c37bce08, 0x00000000c3890000)
  to   space 2112K,   0% used [0x00000000c3890000, 0x00000000c3890000, 0x00000000c3aa0000)
 concurrent mark-sweep generation total 90796K, used 48031K [0x00000000d6e00000, 0x00000000dc6ab000, 0x0000000100000000)
 Metaspace       used 73705K, capacity 77278K, committed 77544K, reserved 1116160K
  class space    used 9297K, capacity 9937K, committed 9980K, reserved 1048576K
2022-08-07T09:36:34.157+0000: 364.424: [GC (Allocation Failure) 2022-08-07T09:36:34.157+0000: 364.424: [ParNew: 18163K->1163K(19008K), 0.0023409 secs] 66195K->49195K(109804K), 0.0028902 secs] [Times: user=0.01 sys=0.00, real=0.00 secs] 
Heap after GC invocations=269 (full 35):
 par new generation   total 19008K, used 1163K [0x00000000c2600000, 0x00000000c3aa0000, 0x00000000d6e00000)
  eden space 16896K,   0% used [0x00000000c2600000, 0x00000000c2600000, 0x00000000c3680000)
  from space 2112K,  55% used [0x00000000c3890000, 0x00000000c39b2fe8, 0x00000000c3aa0000)
  to   space 2112K,   0% used [0x00000000c3680000, 0x00000000c3680000, 0x00000000c3890000)
 concurrent mark-sweep generation total 90796K, used 48031K [0x00000000d6e00000, 0x00000000dc6ab000, 0x0000000100000000)
 Metaspace       used 73705K, capacity 77278K, committed 77544K, reserved 1116160K
  class space    used 9297K, capacity 9937K, committed 9980K, reserved 1048576K
}
2022-08-07T09:36:46.131+0000: 376.432: Application time: 12.0044718 seconds
2022-08-07T09:36:48.132+0000: 378.432: Application time: 2.0007359 seconds
2022-08-07T09:36:55.134+0000: 385.435: Application time: 7.0024339 seconds
2022-08-07T09:36:56.134+0000: 386.435: Application time: 1.0001705 seconds
2022-08-07T09:37:12.759+0000: 403.060: Application time: 16.6249247 seconds
2022-08-07T09:37:13.760+0000: 404.061: Application time: 1.0002298 seconds
2022-08-07T09:37:25.733+0000: 416.067: Application time: 12.0061705 seconds
2022-08-07T09:37:34.236+0000: 424.570: Application time: 8.5028659 seconds
{Heap before GC invocations=269 (full 35):
 par new generation   total 19008K, used 18059K [0x00000000c2600000, 0x00000000c3aa0000, 0x00000000d6e00000)
  eden space 16896K, 100% used [0x00000000c2600000, 0x00000000c3680000, 0x00000000c3680000)
  from space 2112K,  55% used [0x00000000c3890000, 0x00000000c39b2fe8, 0x00000000c3aa0000)
  to   space 2112K,   0% used [0x00000000c3680000, 0x00000000c3680000, 0x00000000c3890000)
 concurrent mark-sweep generation total 90796K, used 48031K [0x00000000d6e00000, 0x00000000dc6ab000, 0x0000000100000000)
 Metaspace       used 73734K, capacity 77278K, committed 77544K, reserved 1116160K
  class space    used 9297K, capacity 9937K, committed 9980K, reserved 1048576K
2022-08-07T09:37:34.236+0000: 424.570: [GC (Allocation Failure) 2022-08-07T09:37:34.237+0000: 424.571: [ParNew: 18059K->1205K(19008K), 0.0025653 secs] 66091K->49237K(109804K), 0.0036648 secs] [Times: user=0.01 sys=0.00, real=0.00 secs] 
Heap after GC invocations=270 (full 35):
 par new generation   total 19008K, used 1205K [0x00000000c2600000, 0x00000000c3aa0000, 0x00000000d6e00000)
  eden space 16896K,   0% used [0x00000000c2600000, 0x00000000c2600000, 0x00000000c3680000)
  from space 2112K,  57% used [0x00000000c3680000, 0x00000000c37ad790, 0x00000000c3890000)
  to   space 2112K,   0% used [0x00000000c3890000, 0x00000000c3890000, 0x00000000c3aa0000)
 concurrent mark-sweep generation total 90796K, used 48031K [0x00000000d6e00000, 0x00000000dc6ab000, 0x0000000100000000)
 Metaspace       used 73734K, capacity 77278K, committed 77544K, reserved 1116160K
  class space    used 9297K, capacity 9937K, committed 9980K, reserved 1048576K
}
2022-08-07T09:37:35.241+0000: 425.576: Application time: 1.0008881 seconds
2022-08-07T09:37:36.241+0000: 426.576: Application time: 1.0002019 seconds
2022-08-07T09:37:45.244+0000: 435.579: Application time: 9.0027509 seconds
2022-08-07T09:37:48.211+0000: 438.580: Application time: 3.0005700 seconds
2022-08-07T09:37:55.213+0000: 445.582: Application time: 7.0026343 seconds
2022-08-07T09:37:56.215+0000: 446.583: Application time: 1.0003024 seconds
2022-08-07T09:38:05.217+0000: 455.586: Application time: 9.0023835 seconds
2022-08-07T09:38:06.218+0000: 456.587: Application time: 1.0009619 seconds
2022-08-07T09:38:13.001+0000: 463.369: Application time: 6.7822425 seconds
2022-08-07T09:38:15.968+0000: 466.370: Application time: 3.0010750 seconds
2022-08-07T09:38:24.316+0000: 474.718: Application time: 8.3478813 seconds
{Heap before GC invocations=270 (full 35):
 par new generation   total 19008K, used 18101K [0x00000000c2600000, 0x00000000c3aa0000, 0x00000000d6e00000)
  eden space 16896K, 100% used [0x00000000c2600000, 0x00000000c3680000, 0x00000000c3680000)
  from space 2112K,  57% used [0x00000000c3680000, 0x00000000c37ad790, 0x00000000c3890000)
  to   space 2112K,   0% used [0x00000000c3890000, 0x00000000c3890000, 0x00000000c3aa0000)
 concurrent mark-sweep generation total 90796K, used 48031K [0x00000000d6e00000, 0x00000000dc6ab000, 0x0000000100000000)
 Metaspace       used 73815K, capacity 77346K, committed 77544K, reserved 1116160K
  class space    used 9297K, capacity 9937K, committed 9980K, reserved 1048576K
2022-08-07T09:38:24.317+0000: 474.719: [GC (Allocation Failure) 2022-08-07T09:38:24.318+0000: 474.720: [ParNew: 18101K->1028K(19008K), 0.0025646 secs] 66133K->49216K(109804K), 0.0034351 secs] [Times: user=0.01 sys=0.00, real=0.00 secs] 
Heap after GC invocations=271 (full 35):
 par new generation   total 19008K, used 1028K [0x00000000c2600000, 0x00000000c3aa0000, 0x00000000d6e00000)
  eden space 16896K,   0% used [0x00000000c2600000, 0x00000000c2600000, 0x00000000c3680000)
  from space 2112K,  48% used [0x00000000c3890000, 0x00000000c3991238, 0x00000000c3aa0000)
  to   space 2112K,   0% used [0x00000000c3680000, 0x00000000c3680000, 0x00000000c3890000)
 concurrent mark-sweep generation total 90796K, used 48187K [0x00000000d6e00000, 0x00000000dc6ab000, 0x0000000100000000)
 Metaspace       used 73815K, capacity 77346K, committed 77544K, reserved 1116160K
  class space    used 9297K, capacity 9937K, committed 9980K, reserved 1048576K
}
2022-08-07T09:38:25.322+0000: 475.724: Application time: 1.0002209 seconds
2022-08-07T09:38:35.325+0000: 485.728: Application time: 10.0036404 seconds
2022-08-07T09:38:36.326+0000: 486.729: Application time: 1.0008738 seconds
2022-08-07T09:38:45.331+0000: 495.733: Application time: 9.0040641 seconds
2022-08-07T09:38:46.297+0000: 496.734: Application time: 1.0014280 seconds
2022-08-07T09:38:48.299+0000: 498.735: Application time: 2.0004099 seconds
2022-08-07T09:39:12.306+0000: 522.742: Application time: 24.0067213 seconds
2022-08-07T09:39:15.033+0000: 525.469: Application time: 2.7275877 seconds
2022-08-07T09:39:15.042+0000: 525.478: Application time: 0.0079696 seconds
{Heap before GC invocations=271 (full 35):
 par new generation   total 19008K, used 17924K [0x00000000c2600000, 0x00000000c3aa0000, 0x00000000d6e00000)
  eden space 16896K, 100% used [0x00000000c2600000, 0x00000000c3680000, 0x00000000c3680000)
  from space 2112K,  48% used [0x00000000c3890000, 0x00000000c3991238, 0x00000000c3aa0000)
  to   space 2112K,   0% used [0x00000000c3680000, 0x00000000c3680000, 0x00000000c3890000)
 concurrent mark-sweep generation total 90796K, used 48187K [0x00000000d6e00000, 0x00000000dc6ab000, 0x0000000100000000)
 Metaspace       used 73846K, capacity 77346K, committed 77544K, reserved 1116160K
  class space    used 9297K, capacity 9937K, committed 9980K, reserved 1048576K
2022-08-07T09:39:15.042+0000: 525.478: [GC (Allocation Failure) 2022-08-07T09:39:15.043+0000: 525.479: [ParNew: 17924K->1071K(19008K), 0.0021411 secs] 66112K->49272K(109804K), 0.0029132 secs] [Times: user=0.00 sys=0.01, real=0.01 secs] 
Heap after GC invocations=272 (full 35):
 par new generation   total 19008K, used 1071K [0x00000000c2600000, 0x00000000c3aa0000, 0x00000000d6e00000)
  eden space 16896K,   0% used [0x00000000c2600000, 0x00000000c2600000, 0x00000000c3680000)
  from space 2112K,  50% used [0x00000000c3680000, 0x00000000c378bc18, 0x00000000c3890000)
  to   space 2112K,   0% used [0x00000000c3890000, 0x00000000c3890000, 0x00000000c3aa0000)
 concurrent mark-sweep generation total 90796K, used 48201K [0x00000000d6e00000, 0x00000000dc6ab000, 0x0000000100000000)
 Metaspace       used 73846K, capacity 77346K, committed 77544K, reserved 1116160K
  class space    used 9297K, capacity 9937K, committed 9980K, reserved 1048576K
}
2022-08-07T09:39:16.013+0000: 526.482: Application time: 1.0003710 seconds
2022-08-07T09:39:22.015+0000: 532.485: Application time: 6.0023771 seconds
2022-08-07T09:39:25.016+0000: 535.486: Application time: 3.0009439 seconds
2022-08-07T09:39:26.017+0000: 536.486: Application time: 1.0002916 seconds
2022-08-07T09:39:35.019+0000: 545.490: Application time: 9.0033075 seconds
2022-08-07T09:39:41.021+0000: 551.491: Application time: 6.0012614 seconds
2022-08-07T09:39:42.022+0000: 552.492: Application time: 1.0003273 seconds
2022-08-07T09:39:47.991+0000: 558.495: Application time: 6.0027432 seconds
2022-08-07T09:39:54.993+0000: 565.497: Application time: 7.0017903 seconds
2022-08-07T09:40:04.999+0000: 575.503: Application time: 10.0064135 seconds
2022-08-07T09:40:06.000+0000: 576.504: Application time: 1.0002705 seconds
2022-08-07T09:40:14.551+0000: 585.055: Application time: 8.5509573 seconds
{Heap before GC invocations=272 (full 35):
 par new generation   total 19008K, used 17967K [0x00000000c2600000, 0x00000000c3aa0000, 0x00000000d6e00000)
  eden space 16896K, 100% used [0x00000000c2600000, 0x00000000c3680000, 0x00000000c3680000)
  from space 2112K,  50% used [0x00000000c3680000, 0x00000000c378bc18, 0x00000000c3890000)
  to   space 2112K,   0% used [0x00000000c3890000, 0x00000000c3890000, 0x00000000c3aa0000)
 concurrent mark-sweep generation total 90796K, used 48201K [0x00000000d6e00000, 0x00000000dc6ab000, 0x0000000100000000)
 Metaspace       used 73921K, capacity 77480K, committed 77544K, reserved 1116160K
  class space    used 9298K, capacity 9938K, committed 9980K, reserved 1048576K
2022-08-07T09:40:14.554+0000: 585.058: [GC (Allocation Failure) 2022-08-07T09:40:14.555+0000: 585.058: [ParNew: 17967K->507K(19008K), 0.0031549 secs] 66168K->49022K(109804K), 0.0037208 secs] [Times: user=0.01 sys=0.00, real=0.01 secs] 
Heap after GC invocations=273 (full 35):
 par new generation   total 19008K, used 507K [0x00000000c2600000, 0x00000000c3aa0000, 0x00000000d6e00000)
  eden space 16896K,   0% used [0x00000000c2600000, 0x00000000c2600000, 0x00000000c3680000)
  from space 2112K,  24% used [0x00000000c3890000, 0x00000000c390efb0, 0x00000000c3aa0000)
  to   space 2112K,   0% used [0x00000000c3680000, 0x00000000c3680000, 0x00000000c3890000)
 concurrent mark-sweep generation total 90796K, used 48514K [0x00000000d6e00000, 0x00000000dc6ab000, 0x0000000100000000)
 Metaspace       used 73921K, capacity 77480K, committed 77544K, reserved 1116160K
  class space    used 9298K, capacity 9938K, committed 9980K, reserved 1048576K
}
2022-08-07T09:40:15.054+0000: 585.558: Application time: 0.4956809 seconds
2022-08-07T09:40:16.023+0000: 586.560: Application time: 1.0017466 seconds
2022-08-07T09:41:04.635+0000: 635.206: Application time: 48.6456186 seconds
{Heap before GC invocations=273 (full 35):
 par new generation   total 19008K, used 17403K [0x00000000c2600000, 0x00000000c3aa0000, 0x00000000d6e00000)
  eden space 16896K, 100% used [0x00000000c2600000, 0x00000000c3680000, 0x00000000c3680000)
  from space 2112K,  24% used [0x00000000c3890000, 0x00000000c390efb0, 0x00000000c3aa0000)
  to   space 2112K,   0% used [0x00000000c3680000, 0x00000000c3680000, 0x00000000c3890000)
 concurrent mark-sweep generation total 90796K, used 48514K [0x00000000d6e00000, 0x00000000dc6ab000, 0x0000000100000000)
 Metaspace       used 73928K, capacity 77480K, committed 77544K, reserved 1116160K
  class space    used 9298K, capacity 9938K, committed 9980K, reserved 1048576K
2022-08-07T09:41:04.636+0000: 635.207: [GC (Allocation Failure) 2022-08-07T09:41:04.636+0000: 635.207: [ParNew: 17403K->445K(19008K), 0.0038200 secs] 65918K->49083K(109804K), 0.0045639 secs] [Times: user=0.01 sys=0.01, real=0.01 secs] 
Heap after GC invocations=274 (full 35):
 par new generation   total 19008K, used 445K [0x00000000c2600000, 0x00000000c3aa0000, 0x00000000d6e00000)
  eden space 16896K,   0% used [0x00000000c2600000, 0x00000000c2600000, 0x00000000c3680000)
  from space 2112K,  21% used [0x00000000c3680000, 0x00000000c36ef630, 0x00000000c3890000)
  to   space 2112K,   0% used [0x00000000c3890000, 0x00000000c3890000, 0x00000000c3aa0000)
 concurrent mark-sweep generation total 90796K, used 48637K [0x00000000d6e00000, 0x00000000dc6ab000, 0x0000000100000000)
 Metaspace       used 73928K, capacity 77480K, committed 77544K, reserved 1116160K
  class space    used 9298K, capacity 9938K, committed 9980K, reserved 1048576K
}
2022-08-07T09:41:15.645+0000: 646.216: Application time: 11.0039762 seconds
2022-08-07T09:41:15.965+0000: 646.570: Application time: 0.3532932 seconds
2022-08-07T09:41:16.966+0000: 647.571: Application time: 1.0010915 seconds
2022-08-07T09:41:24.971+0000: 655.576: Application time: 8.0050332 seconds
2022-08-07T09:41:25.972+0000: 656.577: Application time: 1.0009548 seconds
2022-08-07T09:41:34.979+0000: 665.584: Application time: 9.0062095 seconds
2022-08-07T09:41:45.950+0000: 676.589: Application time: 11.0051953 seconds
2022-08-07T09:41:54.956+0000: 685.594: Application time: 9.0053835 seconds
2022-08-07T09:41:56.956+0000: 687.595: Application time: 2.0005438 seconds
2022-08-07T09:42:04.733+0000: 695.372: Application time: 7.7765237 seconds
{Heap before GC invocations=274 (full 35):
 par new generation   total 19008K, used 17341K [0x00000000c2600000, 0x00000000c3aa0000, 0x00000000d6e00000)
  eden space 16896K, 100% used [0x00000000c2600000, 0x00000000c3680000, 0x00000000c3680000)
  from space 2112K,  21% used [0x00000000c3680000, 0x00000000c36ef630, 0x00000000c3890000)
  to   space 2112K,   0% used [0x00000000c3890000, 0x00000000c3890000, 0x00000000c3aa0000)
 concurrent mark-sweep generation total 90796K, used 48637K [0x00000000d6e00000, 0x00000000dc6ab000, 0x0000000100000000)
 Metaspace       used 73973K, capacity 77504K, committed 77544K, reserved 1116160K
  class space    used 9300K, capacity 9942K, committed 9980K, reserved 1048576K
2022-08-07T09:42:04.734+0000: 695.373: [GC (Allocation Failure) 2022-08-07T09:42:04.734+0000: 695.373: [ParNew: 17341K->209K(19008K), 0.0034388 secs] 65979K->48996K(109804K), 0.0040313 secs] [Times: user=0.00 sys=0.01, real=0.00 secs] 
Heap after GC invocations=275 (full 35):
 par new generation   total 19008K, used 209K [0x00000000c2600000, 0x00000000c3aa0000, 0x00000000d6e00000)
  eden space 16896K,   0% used [0x00000000c2600000, 0x00000000c2600000, 0x00000000c3680000)
  from space 2112K,   9% used [0x00000000c3890000, 0x00000000c38c4650, 0x00000000c3aa0000)
  to   space 2112K,   0% used [0x00000000c3680000, 0x00000000c3680000, 0x00000000c3890000)
 concurrent mark-sweep generation total 90796K, used 48787K [0x00000000d6e00000, 0x00000000dc6ab000, 0x0000000100000000)
 Metaspace       used 73973K, capacity 77504K, committed 77544K, reserved 1116160K
  class space    used 9300K, capacity 9942K, committed 9980K, reserved 1048576K
}
2022-08-07T09:42:05.739+0000: 696.378: Application time: 1.0002406 seconds
2022-08-07T09:42:16.707+0000: 707.380: Application time: 11.0023303 seconds
2022-08-07T09:42:17.708+0000: 708.380: Application time: 1.0002601 seconds
2022-08-07T09:42:25.717+0000: 716.389: Application time: 8.0086598 seconds
2022-08-07T09:42:54.808+0000: 745.515: Application time: 29.1255620 seconds
{Heap before GC invocations=275 (full 35):
 par new generation   total 19008K, used 17105K [0x00000000c2600000, 0x00000000c3aa0000, 0x00000000d6e00000)
  eden space 16896K, 100% used [0x00000000c2600000, 0x00000000c3680000, 0x00000000c3680000)
  from space 2112K,   9% used [0x00000000c3890000, 0x00000000c38c4650, 0x00000000c3aa0000)
  to   space 2112K,   0% used [0x00000000c3680000, 0x00000000c3680000, 0x00000000c3890000)
 concurrent mark-sweep generation total 90796K, used 48787K [0x00000000d6e00000, 0x00000000dc6ab000, 0x0000000100000000)
 Metaspace       used 74003K, capacity 77572K, committed 77800K, reserved 1118208K
  class space    used 9300K, capacity 9942K, committed 9980K, reserved 1048576K
2022-08-07T09:42:54.809+0000: 745.515: [GC (Allocation Failure) 2022-08-07T09:42:54.809+0000: 745.515: [ParNew: 17105K->132K(19008K), 0.0023766 secs] 65892K->48929K(109804K), 0.0027329 secs] [Times: user=0.00 sys=0.00, real=0.00 secs] 
Heap after GC invocations=276 (full 35):
 par new generation   total 19008K, used 132K [0x00000000c2600000, 0x00000000c3aa0000, 0x00000000d6e00000)
  eden space 16896K,   0% used [0x00000000c2600000, 0x00000000c2600000, 0x00000000c3680000)
  from space 2112K,   6% used [0x00000000c3680000, 0x00000000c36a1230, 0x00000000c3890000)
  to   space 2112K,   0% used [0x00000000c3890000, 0x00000000c3890000, 0x00000000c3aa0000)
 concurrent mark-sweep generation total 90796K, used 48796K [0x00000000d6e00000, 0x00000000dc6ab000, 0x0000000100000000)
 Metaspace       used 74003K, capacity 77572K, committed 77800K, reserved 1118208K
  class space    used 9300K, capacity 9942K, committed 9980K, reserved 1048576K
}
2022-08-07T09:42:55.813+0000: 746.519: Application time: 1.0003318 seconds
2022-08-07T09:42:56.813+0000: 747.519: Application time: 1.0003611 seconds
2022-08-07T09:43:16.786+0000: 767.526: Application time: 20.0067063 seconds
2022-08-07T09:43:17.887+0000: 768.627: Application time: 1.1007844 seconds
2022-08-07T09:43:18.888+0000: 769.629: Application time: 1.0013518 seconds
2022-08-07T09:43:24.893+0000: 775.634: Application time: 6.0047156 seconds
2022-08-07T09:43:26.894+0000: 777.634: Application time: 2.0006064 seconds
2022-08-07T09:43:34.898+0000: 785.638: Application time: 8.0038728 seconds
2022-08-07T09:43:36.901+0000: 787.641: Application time: 2.0025077 seconds
2022-08-07T09:43:44.906+0000: 795.646: Application time: 8.0050659 seconds
2022-08-07T09:43:44.909+0000: 795.649: Application time: 0.0024059 seconds
{Heap before GC invocations=276 (full 35):
 par new generation   total 19008K, used 17028K [0x00000000c2600000, 0x00000000c3aa0000, 0x00000000d6e00000)
  eden space 16896K,  99% used [0x00000000c2600000, 0x00000000c367fed0, 0x00000000c3680000)
  from space 2112K,   6% used [0x00000000c3680000, 0x00000000c36a1230, 0x00000000c3890000)
  to   space 2112K,   0% used [0x00000000c3890000, 0x00000000c3890000, 0x00000000c3aa0000)
 concurrent mark-sweep generation total 90796K, used 48796K [0x00000000d6e00000, 0x00000000dc6ab000, 0x0000000100000000)
 Metaspace       used 74026K, capacity 77572K, committed 77800K, reserved 1118208K
  class space    used 9300K, capacity 9942K, committed 9980K, reserved 1048576K
2022-08-07T09:43:44.909+0000: 795.649: [GC (Allocation Failure) 2022-08-07T09:43:44.909+0000: 795.650: [ParNew: 17028K->169K(19008K), 0.0062388 secs] 65825K->48973K(109804K), 0.0070919 secs] [Times: user=0.01 sys=0.00, real=0.00 secs] 
Heap after GC invocations=277 (full 35):
 par new generation   total 19008K, used 169K [0x00000000c2600000, 0x00000000c3aa0000, 0x00000000d6e00000)
  eden space 16896K,   0% used [0x00000000c2600000, 0x00000000c2600000, 0x00000000c3680000)
  from space 2112K,   8% used [0x00000000c3890000, 0x00000000c38ba718, 0x00000000c3aa0000)
  to   space 2112K,   0% used [0x00000000c3680000, 0x00000000c3680000, 0x00000000c3890000)
 concurrent mark-sweep generation total 90796K, used 48803K [0x00000000d6e00000, 0x00000000dc6ab000, 0x0000000100000000)
 Metaspace       used 74026K, capacity 77572K, committed 77800K, reserved 1118208K
  class space    used 9300K, capacity 9942K, committed 9980K, reserved 1048576K
}
2022-08-07T09:43:45.884+0000: 796.658: Application time: 1.0005144 seconds
2022-08-07T09:43:46.884+0000: 797.658: Application time: 1.0002533 seconds
2022-08-07T09:43:47.884+0000: 798.658: Application time: 1.0001269 seconds
2022-08-07T09:43:55.888+0000: 806.662: Application time: 8.0040095 seconds
2022-08-07T09:43:56.889+0000: 807.664: Application time: 1.0012133 seconds
2022-08-07T09:44:05.893+0000: 816.667: Application time: 9.0032848 seconds
2022-08-07T09:44:18.865+0000: 829.672: Application time: 13.0049794 seconds
2022-08-07T09:44:36.871+0000: 847.679: Application time: 18.0066600 seconds
2022-08-07T09:44:44.985+0000: 855.793: Application time: 8.1139519 seconds
{Heap before GC invocations=277 (full 35):
 par new generation   total 19008K, used 17065K [0x00000000c2600000, 0x00000000c3aa0000, 0x00000000d6e00000)
  eden space 16896K, 100% used [0x00000000c2600000, 0x00000000c3680000, 0x00000000c3680000)
  from space 2112K,   8% used [0x00000000c3890000, 0x00000000c38ba718, 0x00000000c3aa0000)
  to   space 2112K,   0% used [0x00000000c3680000, 0x00000000c3680000, 0x00000000c3890000)
 concurrent mark-sweep generation total 90796K, used 48803K [0x00000000d6e00000, 0x00000000dc6ab000, 0x0000000100000000)
 Metaspace       used 74043K, capacity 77578K, committed 77800K, reserved 1118208K
  class space    used 9300K, capacity 9943K, committed 9980K, reserved 1048576K
2022-08-07T09:44:44.986+0000: 855.794: [GC (Allocation Failure) 2022-08-07T09:44:44.987+0000: 855.794: [ParNew: 17065K->168K(19008K), 0.0034295 secs] 65869K->48985K(109804K), 0.0044338 secs] [Times: user=0.00 sys=0.01, real=0.00 secs] 
Heap after GC invocations=278 (full 35):
 par new generation   total 19008K, used 168K [0x00000000c2600000, 0x00000000c3aa0000, 0x00000000d6e00000)
  eden space 16896K,   0% used [0x00000000c2600000, 0x00000000c2600000, 0x00000000c3680000)
  from space 2112K,   7% used [0x00000000c3680000, 0x00000000c36aa340, 0x00000000c3890000)
  to   space 2112K,   0% used [0x00000000c3890000, 0x00000000c3890000, 0x00000000c3aa0000)
 concurrent mark-sweep generation total 90796K, used 48817K [0x00000000d6e00000, 0x00000000dc6ab000, 0x0000000100000000)
 Metaspace       used 74043K, capacity 77578K, committed 77800K, reserved 1118208K
  class space    used 9300K, capacity 9943K, committed 9980K, reserved 1048576K
}
2022-08-07T09:44:47.959+0000: 858.800: Application time: 3.0012118 seconds
2022-08-07T09:45:15.936+0000: 886.811: Application time: 28.0109375 seconds
2022-08-07T09:45:17.974+0000: 888.849: Application time: 2.0374897 seconds
2022-08-07T09:45:18.974+0000: 889.850: Application time: 1.0002191 seconds
2022-08-07T09:45:35.059+0000: 905.935: Application time: 16.0853112 seconds
{Heap before GC invocations=278 (full 35):
 par new generation   total 19008K, used 17064K [0x00000000c2600000, 0x00000000c3aa0000, 0x00000000d6e00000)
  eden space 16896K, 100% used [0x00000000c2600000, 0x00000000c3680000, 0x00000000c3680000)
  from space 2112K,   7% used [0x00000000c3680000, 0x00000000c36aa340, 0x00000000c3890000)
  to   space 2112K,   0% used [0x00000000c3890000, 0x00000000c3890000, 0x00000000c3aa0000)
 concurrent mark-sweep generation total 90796K, used 48817K [0x00000000d6e00000, 0x00000000dc6ab000, 0x0000000100000000)
 Metaspace       used 74051K, capacity 77578K, committed 77800K, reserved 1118208K
  class space    used 9300K, capacity 9943K, committed 9980K, reserved 1048576K
2022-08-07T09:45:35.060+0000: 905.935: [GC (Allocation Failure) 2022-08-07T09:45:35.060+0000: 905.936: [ParNew: 17064K->162K(19008K), 0.0031954 secs] 65881K->48984K(109804K), 0.0038965 secs] [Times: user=0.01 sys=0.00, real=0.01 secs] 
Heap after GC invocations=279 (full 35):
 par new generation   total 19008K, used 162K [0x00000000c2600000, 0x00000000c3aa0000, 0x00000000d6e00000)
  eden space 16896K,   0% used [0x00000000c2600000, 0x00000000c2600000, 0x00000000c3680000)
  from space 2112K,   7% used [0x00000000c3890000, 0x00000000c38b8830, 0x00000000c3aa0000)
  to   space 2112K,   0% used [0x00000000c3680000, 0x00000000c3680000, 0x00000000c3890000)
 concurrent mark-sweep generation total 90796K, used 48822K [0x00000000d6e00000, 0x00000000dc6ab000, 0x0000000100000000)
 Metaspace       used 74051K, capacity 77578K, committed 77800K, reserved 1118208K
  class space    used 9300K, capacity 9943K, committed 9980K, reserved 1048576K
}
2022-08-07T09:45:47.036+0000: 917.945: Application time: 12.0053287 seconds
2022-08-07T09:45:56.043+0000: 926.952: Application time: 9.0066049 seconds
2022-08-07T09:45:57.043+0000: 927.952: Application time: 1.0003262 seconds
2022-08-07T09:46:18.156+0000: 949.099: Application time: 21.1463091 seconds
2022-08-07T09:46:25.160+0000: 956.103: Application time: 7.0044108 seconds
2022-08-07T09:46:26.648+0000: 957.591: Application time: 1.4871250 seconds
{Heap before GC invocations=279 (full 35):
 par new generation   total 19008K, used 17058K [0x00000000c2600000, 0x00000000c3aa0000, 0x00000000d6e00000)
  eden space 16896K, 100% used [0x00000000c2600000, 0x00000000c3680000, 0x00000000c3680000)
  from space 2112K,   7% used [0x00000000c3890000, 0x00000000c38b8830, 0x00000000c3aa0000)
  to   space 2112K,   0% used [0x00000000c3680000, 0x00000000c3680000, 0x00000000c3890000)
 concurrent mark-sweep generation total 90796K, used 48822K [0x00000000d6e00000, 0x00000000dc6ab000, 0x0000000100000000)
 Metaspace       used 74069K, capacity 77654K, committed 77800K, reserved 1118208K
  class space    used 9301K, capacity 9945K, committed 9980K, reserved 1048576K
2022-08-07T09:46:26.648+0000: 957.591: [GC (Allocation Failure) 2022-08-07T09:46:26.648+0000: 957.591: [ParNew: 17058K->151K(19008K), 0.0034968 secs] 65880K->48982K(109804K), 0.0043379 secs] [Times: user=0.01 sys=0.00, real=0.00 secs] 
Heap after GC invocations=280 (full 35):
 par new generation   total 19008K, used 151K [0x00000000c2600000, 0x00000000c3aa0000, 0x00000000d6e00000)
  eden space 16896K,   0% used [0x00000000c2600000, 0x00000000c2600000, 0x00000000c3680000)
  from space 2112K,   7% used [0x00000000c3680000, 0x00000000c36a5cc8, 0x00000000c3890000)
  to   space 2112K,   0% used [0x00000000c3890000, 0x00000000c3890000, 0x00000000c3aa0000)
 concurrent mark-sweep generation total 90796K, used 48830K [0x00000000d6e00000, 0x00000000dc6ab000, 0x0000000100000000)
 Metaspace       used 74069K, capacity 77654K, committed 77800K, reserved 1118208K
  class space    used 9301K, capacity 9945K, committed 9980K, reserved 1048576K
}
2022-08-07T09:46:35.655+0000: 966.598: Application time: 9.0025557 seconds
2022-08-07T09:46:55.626+0000: 986.606: Application time: 20.0074092 seconds
2022-08-07T09:47:05.628+0000: 996.608: Application time: 10.0020488 seconds
2022-08-07T09:47:19.633+0000: 1010.659: Application time: 14.0505095 seconds
2022-08-07T09:47:25.180+0000: 1016.206: Application time: 5.5468319 seconds
{Heap before GC invocations=280 (full 35):
 par new generation   total 19008K, used 17047K [0x00000000c2600000, 0x00000000c3aa0000, 0x00000000d6e00000)
  eden space 16896K, 100% used [0x00000000c2600000, 0x00000000c3680000, 0x00000000c3680000)
  from space 2112K,   7% used [0x00000000c3680000, 0x00000000c36a5cc8, 0x00000000c3890000)
  to   space 2112K,   0% used [0x00000000c3890000, 0x00000000c3890000, 0x00000000c3aa0000)
 concurrent mark-sweep generation total 90796K, used 48830K [0x00000000d6e00000, 0x00000000dc6ab000, 0x0000000100000000)
 Metaspace       used 74082K, capacity 77654K, committed 77800K, reserved 1118208K
  class space    used 9301K, capacity 9945K, committed 9980K, reserved 1048576K
2022-08-07T09:47:25.180+0000: 1016.206: [GC (Allocation Failure) 2022-08-07T09:47:25.180+0000: 1016.206: [ParNew: 17047K->142K(19008K), 0.0036350 secs] 65878K->48978K(109804K), 0.0042969 secs] [Times: user=0.01 sys=0.00, real=0.01 secs] 
Heap after GC invocations=281 (full 35):
 par new generation   total 19008K, used 142K [0x00000000c2600000, 0x00000000c3aa0000, 0x00000000d6e00000)
  eden space 16896K,   0% used [0x00000000c2600000, 0x00000000c2600000, 0x00000000c3680000)
  from space 2112K,   6% used [0x00000000c3890000, 0x00000000c38b3a88, 0x00000000c3aa0000)
  to   space 2112K,   0% used [0x00000000c3680000, 0x00000000c3680000, 0x00000000c3890000)
 concurrent mark-sweep generation total 90796K, used 48835K [0x00000000d6e00000, 0x00000000dc6ab000, 0x0000000100000000)
 Metaspace       used 74082K, capacity 77654K, committed 77800K, reserved 1118208K
  class space    used 9301K, capacity 9945K, committed 9980K, reserved 1048576K
}
2022-08-07T09:47:26.187+0000: 1017.213: Application time: 1.0019283 seconds
2022-08-07T09:47:42.194+0000: 1033.220: Application time: 16.0072519 seconds
2022-08-07T09:47:46.163+0000: 1037.224: Application time: 4.0038159 seconds
2022-08-07T09:48:15.266+0000: 1066.327: Application time: 29.1030620 seconds
{Heap before GC invocations=281 (full 35):
 par new generation   total 19008K, used 17038K [0x00000000c2600000, 0x00000000c3aa0000, 0x00000000d6e00000)
  eden space 16896K, 100% used [0x00000000c2600000, 0x00000000c3680000, 0x00000000c3680000)
  from space 2112K,   6% used [0x00000000c3890000, 0x00000000c38b3a88, 0x00000000c3aa0000)
  to   space 2112K,   0% used [0x00000000c3680000, 0x00000000c3680000, 0x00000000c3890000)
 concurrent mark-sweep generation total 90796K, used 48835K [0x00000000d6e00000, 0x00000000dc6ab000, 0x0000000100000000)
 Metaspace       used 74104K, capacity 77654K, committed 77800K, reserved 1118208K
  class space    used 9301K, capacity 9945K, committed 9980K, reserved 1048576K
2022-08-07T09:48:15.267+0000: 1066.328: [GC (Allocation Failure) 2022-08-07T09:48:15.267+0000: 1066.328: [ParNew: 17038K->220K(19008K), 0.0028074 secs] 65874K->49061K(109804K), 0.0034148 secs] [Times: user=0.01 sys=0.00, real=0.01 secs] 
Heap after GC invocations=282 (full 35):
 par new generation   total 19008K, used 220K [0x00000000c2600000, 0x00000000c3aa0000, 0x00000000d6e00000)
  eden space 16896K,   0% used [0x00000000c2600000, 0x00000000c2600000, 0x00000000c3680000)
  from space 2112K,  10% used [0x00000000c3680000, 0x00000000c36b70b0, 0x00000000c3890000)
  to   space 2112K,   0% used [0x00000000c3890000, 0x00000000c3890000, 0x00000000c3aa0000)
 concurrent mark-sweep generation total 90796K, used 48841K [0x00000000d6e00000, 0x00000000dc6ab000, 0x0000000100000000)
 Metaspace       used 74104K, capacity 77654K, committed 77800K, reserved 1118208K
  class space    used 9301K, capacity 9945K, committed 9980K, reserved 1048576K
}
2022-08-07T09:48:17.238+0000: 1068.333: Application time: 2.0012178 seconds
2022-08-07T09:48:26.241+0000: 1077.337: Application time: 9.0034020 seconds
2022-08-07T09:48:46.217+0000: 1097.346: Application time: 20.0094371 seconds
2022-08-07T09:48:47.218+0000: 1098.347: Application time: 1.0001471 seconds
2022-08-07T09:48:48.220+0000: 1099.349: Application time: 1.0027487 seconds
2022-08-07T09:48:56.223+0000: 1107.352: Application time: 8.0028751 seconds
2022-08-07T09:49:07.228+0000: 1118.357: Application time: 11.0043547 seconds
2022-08-07T09:49:15.299+0000: 1126.462: Application time: 8.1047035 seconds
{Heap before GC invocations=282 (full 35):
 par new generation   total 19008K, used 17116K [0x00000000c2600000, 0x00000000c3aa0000, 0x00000000d6e00000)
  eden space 16896K, 100% used [0x00000000c2600000, 0x00000000c3680000, 0x00000000c3680000)
  from space 2112K,  10% used [0x00000000c3680000, 0x00000000c36b70b0, 0x00000000c3890000)
  to   space 2112K,   0% used [0x00000000c3890000, 0x00000000c3890000, 0x00000000c3aa0000)
 concurrent mark-sweep generation total 90796K, used 48841K [0x00000000d6e00000, 0x00000000dc6ab000, 0x0000000100000000)
 Metaspace       used 74138K, capacity 77654K, committed 77800K, reserved 1118208K
  class space    used 9301K, capacity 9945K, committed 9980K, reserved 1048576K
2022-08-07T09:49:15.299+0000: 1126.462: [GC (Allocation Failure) 2022-08-07T09:49:15.300+0000: 1126.463: [ParNew: 17116K->235K(19008K), 0.0028206 secs] 65957K->49082K(109804K), 0.0038097 secs] [Times: user=0.01 sys=0.00, real=0.00 secs] 
Heap after GC invocations=283 (full 35):
 par new generation   total 19008K, used 235K [0x00000000c2600000, 0x00000000c3aa0000, 0x00000000d6e00000)
  eden space 16896K,   0% used [0x00000000c2600000, 0x00000000c2600000, 0x00000000c3680000)
  from space 2112K,  11% used [0x00000000c3890000, 0x00000000c38cac28, 0x00000000c3aa0000)
  to   space 2112K,   0% used [0x00000000c3680000, 0x00000000c3680000, 0x00000000c3890000)
 concurrent mark-sweep generation total 90796K, used 48847K [0x00000000d6e00000, 0x00000000dc6ab000, 0x0000000100000000)
 Metaspace       used 74138K, capacity 77654K, committed 77800K, reserved 1118208K
  class space    used 9301K, capacity 9945K, committed 9980K, reserved 1048576K
}
2022-08-07T09:49:21.205+0000: 1132.367: Application time: 5.9008535 seconds
2022-08-07T09:49:22.205+0000: 1133.368: Application time: 1.0003591 seconds
2022-08-07T09:49:46.183+0000: 1157.379: Application time: 24.0107616 seconds
2022-08-07T09:50:05.411+0000: 1176.608: Application time: 19.2286831 seconds
{Heap before GC invocations=283 (full 35):
 par new generation   total 19008K, used 17131K [0x00000000c2600000, 0x00000000c3aa0000, 0x00000000d6e00000)
  eden space 16896K, 100% used [0x00000000c2600000, 0x00000000c3680000, 0x00000000c3680000)
  from space 2112K,  11% used [0x00000000c3890000, 0x00000000c38cac28, 0x00000000c3aa0000)
  to   space 2112K,   0% used [0x00000000c3680000, 0x00000000c3680000, 0x00000000c3890000)
 concurrent mark-sweep generation total 90796K, used 48847K [0x00000000d6e00000, 0x00000000dc6ab000, 0x0000000100000000)
 Metaspace       used 74144K, capacity 77718K, committed 77800K, reserved 1118208K
  class space    used 9301K, capacity 9945K, committed 9980K, reserved 1048576K
2022-08-07T09:50:05.412+0000: 1176.609: [GC (Allocation Failure) 2022-08-07T09:50:05.412+0000: 1176.609: [ParNew: 17131K->305K(19008K), 0.0030195 secs] 65978K->49164K(109804K), 0.0035401 secs] [Times: user=0.00 sys=0.00, real=0.01 secs] 
Heap after GC invocations=284 (full 35):
 par new generation   total 19008K, used 305K [0x00000000c2600000, 0x00000000c3aa0000, 0x00000000d6e00000)
  eden space 16896K,   0% used [0x00000000c2600000, 0x00000000c2600000, 0x00000000c3680000)
  from space 2112K,  14% used [0x00000000c3680000, 0x00000000c36cc6d0, 0x00000000c3890000)
  to   space 2112K,   0% used [0x00000000c3890000, 0x00000000c3890000, 0x00000000c3aa0000)
 concurrent mark-sweep generation total 90796K, used 48859K [0x00000000d6e00000, 0x00000000dc6ab000, 0x0000000100000000)
 Metaspace       used 74144K, capacity 77718K, committed 77800K, reserved 1118208K
  class space    used 9301K, capacity 9945K, committed 9980K, reserved 1048576K
}
2022-08-07T09:50:06.417+0000: 1177.613: Application time: 1.0002774 seconds
2022-08-07T09:50:22.130+0000: 1193.360: Application time: 15.7470576 seconds
2022-08-07T09:50:26.132+0000: 1197.362: Application time: 4.0020953 seconds
2022-08-07T09:50:57.212+0000: 1228.477: Application time: 31.1140340 seconds
{Heap before GC invocations=284 (full 35):
 par new generation   total 19008K, used 17201K [0x00000000c2600000, 0x00000000c3aa0000, 0x00000000d6e00000)
  eden space 16896K, 100% used [0x00000000c2600000, 0x00000000c3680000, 0x00000000c3680000)
  from space 2112K,  14% used [0x00000000c3680000, 0x00000000c36cc6d0, 0x00000000c3890000)
  to   space 2112K,   0% used [0x00000000c3890000, 0x00000000c3890000, 0x00000000c3aa0000)
 concurrent mark-sweep generation total 90796K, used 48859K [0x00000000d6e00000, 0x00000000dc6ab000, 0x0000000100000000)
 Metaspace       used 74148K, capacity 77718K, committed 77800K, reserved 1118208K
  class space    used 9301K, capacity 9945K, committed 9980K, reserved 1048576K
2022-08-07T09:50:57.214+0000: 1228.478: [GC (Allocation Failure) 2022-08-07T09:50:57.215+0000: 1228.479: [ParNew: 17201K->316K(19008K), 0.0039875 secs] 66060K->49183K(109804K), 0.0052636 secs] [Times: user=0.01 sys=0.00, real=0.01 secs] 
Heap after GC invocations=285 (full 35):
 par new generation   total 19008K, used 316K [0x00000000c2600000, 0x00000000c3aa0000, 0x00000000d6e00000)
  eden space 16896K,   0% used [0x00000000c2600000, 0x00000000c2600000, 0x00000000c3680000)
  from space 2112K,  14% used [0x00000000c3890000, 0x00000000c38df1c0, 0x00000000c3aa0000)
  to   space 2112K,   0% used [0x00000000c3680000, 0x00000000c3680000, 0x00000000c3890000)
 concurrent mark-sweep generation total 90796K, used 48866K [0x00000000d6e00000, 0x00000000dc6ab000, 0x0000000100000000)
 Metaspace       used 74148K, capacity 77718K, committed 77800K, reserved 1118208K
  class space    used 9301K, capacity 9945K, committed 9980K, reserved 1048576K
}
2022-08-07T09:51:14.227+0000: 1245.491: Application time: 17.0070765 seconds
2022-08-07T09:51:16.196+0000: 1247.494: Application time: 2.0029226 seconds
2022-08-07T09:51:23.201+0000: 1254.499: Application time: 7.0050820 seconds
2022-08-07T09:51:28.203+0000: 1259.501: Application time: 5.0014491 seconds
2022-08-07T09:51:47.179+0000: 1278.512: Application time: 19.0104107 seconds
2022-08-07T09:51:55.536+0000: 1286.868: Application time: 8.3565491 seconds
{Heap before GC invocations=285 (full 35):
 par new generation   total 19008K, used 17212K [0x00000000c2600000, 0x00000000c3aa0000, 0x00000000d6e00000)
  eden space 16896K, 100% used [0x00000000c2600000, 0x00000000c3680000, 0x00000000c3680000)
  from space 2112K,  14% used [0x00000000c3890000, 0x00000000c38df1c0, 0x00000000c3aa0000)
  to   space 2112K,   0% used [0x00000000c3680000, 0x00000000c3680000, 0x00000000c3890000)
 concurrent mark-sweep generation total 90796K, used 48866K [0x00000000d6e00000, 0x00000000dc6ab000, 0x0000000100000000)
 Metaspace       used 74167K, capacity 77718K, committed 77800K, reserved 1118208K
  class space    used 9301K, capacity 9945K, committed 9980K, reserved 1048576K
2022-08-07T09:51:55.537+0000: 1286.869: [GC (Allocation Failure) 2022-08-07T09:51:55.537+0000: 1286.869: [ParNew: 17212K->198K(19008K), 0.0041492 secs] 66079K->49098K(109804K), 0.0048922 secs] [Times: user=0.01 sys=0.00, real=0.01 secs] 
Heap after GC invocations=286 (full 35):
 par new generation   total 19008K, used 198K [0x00000000c2600000, 0x00000000c3aa0000, 0x00000000d6e00000)
  eden space 16896K,   0% used [0x00000000c2600000, 0x00000000c2600000, 0x00000000c3680000)
  from space 2112K,   9% used [0x00000000c3680000, 0x00000000c36b1a30, 0x00000000c3890000)
  to   space 2112K,   0% used [0x00000000c3890000, 0x00000000c3890000, 0x00000000c3aa0000)
 concurrent mark-sweep generation total 90796K, used 48900K [0x00000000d6e00000, 0x00000000dc6ab000, 0x0000000100000000)
 Metaspace       used 74167K, capacity 77718K, committed 77800K, reserved 1118208K
  class space    used 9301K, capacity 9945K, committed 9980K, reserved 1048576K
}
2022-08-07T09:52:22.899+0000: 1314.265: Application time: 27.3908432 seconds
2022-08-07T09:52:25.900+0000: 1317.266: Application time: 3.0006400 seconds
2022-08-07T09:52:27.901+0000: 1319.266: Application time: 2.0005212 seconds
2022-08-07T09:52:37.903+0000: 1329.269: Application time: 10.0026723 seconds
2022-08-07T09:52:45.602+0000: 1337.003: Application time: 7.7333816 seconds
{Heap before GC invocations=286 (full 35):
 par new generation   total 19008K, used 17094K [0x00000000c2600000, 0x00000000c3aa0000, 0x00000000d6e00000)
  eden space 16896K, 100% used [0x00000000c2600000, 0x00000000c3680000, 0x00000000c3680000)
  from space 2112K,   9% used [0x00000000c3680000, 0x00000000c36b1a30, 0x00000000c3890000)
  to   space 2112K,   0% used [0x00000000c3890000, 0x00000000c3890000, 0x00000000c3aa0000)
 concurrent mark-sweep generation total 90796K, used 48900K [0x00000000d6e00000, 0x00000000dc6ab000, 0x0000000100000000)
 Metaspace       used 74173K, capacity 77718K, committed 77800K, reserved 1118208K
  class space    used 9301K, capacity 9945K, committed 9980K, reserved 1048576K
2022-08-07T09:52:45.603+0000: 1337.003: [GC (Allocation Failure) 2022-08-07T09:52:45.604+0000: 1337.003: [ParNew: 17094K->233K(19008K), 0.0045606 secs] 65994K->49140K(109804K), 0.0051517 secs] [Times: user=0.01 sys=0.00, real=0.00 secs] 
Heap after GC invocations=287 (full 35):
 par new generation   total 19008K, used 233K [0x00000000c2600000, 0x00000000c3aa0000, 0x00000000d6e00000)
  eden space 16896K,   0% used [0x00000000c2600000, 0x00000000c2600000, 0x00000000c3680000)
  from space 2112K,  11% used [0x00000000c3890000, 0x00000000c38ca568, 0x00000000c3aa0000)
  to   space 2112K,   0% used [0x00000000c3680000, 0x00000000c3680000, 0x00000000c3890000)
 concurrent mark-sweep generation total 90796K, used 48907K [0x00000000d6e00000, 0x00000000dc6ab000, 0x0000000100000000)
 Metaspace       used 74173K, capacity 77718K, committed 77800K, reserved 1118208K
  class space    used 9301K, capacity 9945K, committed 9980K, reserved 1048576K
}
2022-08-07T09:52:46.610+0000: 1338.010: Application time: 1.0009131 seconds
2022-08-07T09:52:47.610+0000: 1339.010: Application time: 1.0002265 seconds
2022-08-07T09:53:16.590+0000: 1368.024: Application time: 29.0135715 seconds
2022-08-07T09:53:24.153+0000: 1375.586: Application time: 7.5620191 seconds
2022-08-07T09:53:25.153+0000: 1376.587: Application time: 1.0008735 seconds
2022-08-07T09:53:37.606+0000: 1389.040: Application time: 12.4525927 seconds
{Heap before GC invocations=287 (full 35):
 par new generation   total 19008K, used 17129K [0x00000000c2600000, 0x00000000c3aa0000, 0x00000000d6e00000)
  eden space 16896K, 100% used [0x00000000c2600000, 0x00000000c3680000, 0x00000000c3680000)
  from space 2112K,  11% used [0x00000000c3890000, 0x00000000c38ca568, 0x00000000c3aa0000)
  to   space 2112K,   0% used [0x00000000c3680000, 0x00000000c3680000, 0x00000000c3890000)
 concurrent mark-sweep generation total 90796K, used 48907K [0x00000000d6e00000, 0x00000000dc6ab000, 0x0000000100000000)
 Metaspace       used 74174K, capacity 77718K, committed 77800K, reserved 1118208K
  class space    used 9301K, capacity 9945K, committed 9980K, reserved 1048576K
2022-08-07T09:53:37.607+0000: 1389.040: [GC (Allocation Failure) 2022-08-07T09:53:37.607+0000: 1389.040: [ParNew: 17129K->231K(19008K), 0.0046081 secs] 66036K->49143K(109804K), 0.0051885 secs] [Times: user=0.01 sys=0.00, real=0.00 secs] 
Heap after GC invocations=288 (full 35):
 par new generation   total 19008K, used 231K [0x00000000c2600000, 0x00000000c3aa0000, 0x00000000d6e00000)
  eden space 16896K,   0% used [0x00000000c2600000, 0x00000000c2600000, 0x00000000c3680000)
  from space 2112K,  10% used [0x00000000c3680000, 0x00000000c36b9c50, 0x00000000c3890000)
  to   space 2112K,   0% used [0x00000000c3890000, 0x00000000c3890000, 0x00000000c3aa0000)
 concurrent mark-sweep generation total 90796K, used 48912K [0x00000000d6e00000, 0x00000000dc6ab000, 0x0000000100000000)
 Metaspace       used 74174K, capacity 77718K, committed 77800K, reserved 1118208K
  class space    used 9301K, capacity 9945K, committed 9980K, reserved 1048576K
}
2022-08-07T09:54:06.589+0000: 1418.056: Application time: 29.0101935 seconds
2022-08-07T09:54:25.153+0000: 1436.654: Application time: 18.5976477 seconds
2022-08-07T09:54:26.153+0000: 1437.654: Application time: 1.0003603 seconds
2022-08-07T09:54:28.154+0000: 1439.655: Application time: 2.0003603 seconds
2022-08-07T09:54:35.779+0000: 1447.280: Application time: 7.6249265 seconds
{Heap before GC invocations=288 (full 35):
 par new generation   total 19008K, used 17127K [0x00000000c2600000, 0x00000000c3aa0000, 0x00000000d6e00000)
  eden space 16896K, 100% used [0x00000000c2600000, 0x00000000c3680000, 0x00000000c3680000)
  from space 2112K,  10% used [0x00000000c3680000, 0x00000000c36b9c50, 0x00000000c3890000)
  to   space 2112K,   0% used [0x00000000c3890000, 0x00000000c3890000, 0x00000000c3aa0000)
 concurrent mark-sweep generation total 90796K, used 48912K [0x00000000d6e00000, 0x00000000dc6ab000, 0x0000000100000000)
 Metaspace       used 74175K, capacity 77718K, committed 77800K, reserved 1118208K
  class space    used 9301K, capacity 9945K, committed 9980K, reserved 1048576K
2022-08-07T09:54:35.779+0000: 1447.280: [GC (Allocation Failure) 2022-08-07T09:54:35.780+0000: 1447.280: [ParNew: 17127K->212K(19008K), 0.0025136 secs] 66039K->49133K(109804K), 0.0076880 secs] [Times: user=0.01 sys=0.00, real=0.00 secs] 
Heap after GC invocations=289 (full 35):
 par new generation   total 19008K, used 212K [0x00000000c2600000, 0x00000000c3aa0000, 0x00000000d6e00000)
  eden space 16896K,   0% used [0x00000000c2600000, 0x00000000c2600000, 0x00000000c3680000)
  from space 2112K,  10% used [0x00000000c3890000, 0x00000000c38c52b8, 0x00000000c3aa0000)
  to   space 2112K,   0% used [0x00000000c3680000, 0x00000000c3680000, 0x00000000c3890000)
 concurrent mark-sweep generation total 90796K, used 48920K [0x00000000d6e00000, 0x00000000dc6ab000, 0x0000000100000000)
 Metaspace       used 74175K, capacity 77718K, committed 77800K, reserved 1118208K
  class space    used 9301K, capacity 9945K, committed 9980K, reserved 1048576K
}
2022-08-07T09:54:36.788+0000: 1448.289: Application time: 1.0006677 seconds
2022-08-07T09:54:46.758+0000: 1458.293: Application time: 10.0038562 seconds
2022-08-07T09:54:47.759+0000: 1459.293: Application time: 1.0002167 seconds
2022-08-07T09:54:58.763+0000: 1470.298: Application time: 11.0045000 seconds
2022-08-07T09:55:26.742+0000: 1498.311: Application time: 28.0125595 seconds
2022-08-07T09:55:26.983+0000: 1498.552: Application time: 0.2408422 seconds
2022-08-07T09:55:26.984+0000: 1498.552: Application time: 0.0001744 seconds
{Heap before GC invocations=289 (full 35):
 par new generation   total 19008K, used 17108K [0x00000000c2600000, 0x00000000c3aa0000, 0x00000000d6e00000)
  eden space 16896K, 100% used [0x00000000c2600000, 0x00000000c3680000, 0x00000000c3680000)
  from space 2112K,  10% used [0x00000000c3890000, 0x00000000c38c52b8, 0x00000000c3aa0000)
  to   space 2112K,   0% used [0x00000000c3680000, 0x00000000c3680000, 0x00000000c3890000)
 concurrent mark-sweep generation total 90796K, used 48920K [0x00000000d6e00000, 0x00000000dc6ab000, 0x0000000100000000)
 Metaspace       used 74178K, capacity 77718K, committed 77800K, reserved 1118208K
  class space    used 9301K, capacity 9945K, committed 9980K, reserved 1048576K
2022-08-07T09:55:26.984+0000: 1498.552: [GC (Allocation Failure) 2022-08-07T09:55:26.984+0000: 1498.553: [ParNew: 17108K->178K(19008K), 0.0033431 secs] 66029K->49104K(109804K), 0.0041169 secs] [Times: user=0.01 sys=0.00, real=0.00 secs] 
Heap after GC invocations=290 (full 35):
 par new generation   total 19008K, used 178K [0x00000000c2600000, 0x00000000c3aa0000, 0x00000000d6e00000)
  eden space 16896K,   0% used [0x00000000c2600000, 0x00000000c2600000, 0x00000000c3680000)
  from space 2112K,   8% used [0x00000000c3680000, 0x00000000c36ac8e0, 0x00000000c3890000)
  to   space 2112K,   0% used [0x00000000c3890000, 0x00000000c3890000, 0x00000000c3aa0000)
 concurrent mark-sweep generation total 90796K, used 48926K [0x00000000d6e00000, 0x00000000dc6ab000, 0x0000000100000000)
 Metaspace       used 74178K, capacity 77718K, committed 77800K, reserved 1118208K
  class space    used 9301K, capacity 9945K, committed 9980K, reserved 1048576K
}
2022-08-07T09:55:27.989+0000: 1499.558: Application time: 1.0002521 seconds
2022-08-07T09:55:45.964+0000: 1517.566: Application time: 18.0087687 seconds
2022-08-07T09:56:25.914+0000: 1557.550: Application time: 39.9837240 seconds
{Heap before GC invocations=290 (full 35):
 par new generation   total 19008K, used 17074K [0x00000000c2600000, 0x00000000c3aa0000, 0x00000000d6e00000)
  eden space 16896K, 100% used [0x00000000c2600000, 0x00000000c3680000, 0x00000000c3680000)
  from space 2112K,   8% used [0x00000000c3680000, 0x00000000c36ac8e0, 0x00000000c3890000)
  to   space 2112K,   0% used [0x00000000c3890000, 0x00000000c3890000, 0x00000000c3aa0000)
 concurrent mark-sweep generation total 90796K, used 48926K [0x00000000d6e00000, 0x00000000dc6ab000, 0x0000000100000000)
 Metaspace       used 74195K, capacity 77782K, committed 78056K, reserved 1118208K
  class space    used 9301K, capacity 9945K, committed 9980K, reserved 1048576K
2022-08-07T09:56:25.915+0000: 1557.551: [GC (Allocation Failure) 2022-08-07T09:56:25.915+0000: 1557.551: [ParNew: 17074K->149K(19008K), 0.0039873 secs] 66000K->49128K(109804K), 0.0046314 secs] [Times: user=0.01 sys=0.00, real=0.00 secs] 
Heap after GC invocations=291 (full 35):
 par new generation   total 19008K, used 149K [0x00000000c2600000, 0x00000000c3aa0000, 0x00000000d6e00000)
  eden space 16896K,   0% used [0x00000000c2600000, 0x00000000c2600000, 0x00000000c3680000)
  from space 2112K,   7% used [0x00000000c3890000, 0x00000000c38b5430, 0x00000000c3aa0000)
  to   space 2112K,   0% used [0x00000000c3680000, 0x00000000c3680000, 0x00000000c3890000)
 concurrent mark-sweep generation total 90796K, used 48978K [0x00000000d6e00000, 0x00000000dc6ab000, 0x0000000100000000)
 Metaspace       used 74195K, capacity 77782K, committed 78056K, reserved 1118208K
  class space    used 9301K, capacity 9945K, committed 9980K, reserved 1048576K
}
2022-08-07T09:56:26.920+0000: 1558.556: Application time: 1.0002756 seconds
2022-08-07T09:56:28.921+0000: 1560.558: Application time: 2.0010719 seconds
2022-08-07T09:56:46.897+0000: 1578.566: Application time: 18.0086926 seconds
2022-08-07T09:56:48.897+0000: 1580.567: Application time: 2.0005263 seconds
2022-08-07T09:57:15.966+0000: 1607.670: Application time: 27.1026601 seconds
{Heap before GC invocations=291 (full 35):
 par new generation   total 19008K, used 17045K [0x00000000c2600000, 0x00000000c3aa0000, 0x00000000d6e00000)
  eden space 16896K, 100% used [0x00000000c2600000, 0x00000000c3680000, 0x00000000c3680000)
  from space 2112K,   7% used [0x00000000c3890000, 0x00000000c38b5430, 0x00000000c3aa0000)
  to   space 2112K,   0% used [0x00000000c3680000, 0x00000000c3680000, 0x00000000c3890000)
 concurrent mark-sweep generation total 90796K, used 48978K [0x00000000d6e00000, 0x00000000dc6ab000, 0x0000000100000000)
 Metaspace       used 74202K, capacity 77782K, committed 78056K, reserved 1118208K
  class space    used 9301K, capacity 9945K, committed 9980K, reserved 1048576K
2022-08-07T09:57:15.967+0000: 1607.671: [GC (Allocation Failure) 2022-08-07T09:57:15.967+0000: 1607.671: [ParNew: 17045K->155K(19008K), 0.0028421 secs] 66024K->49140K(109804K), 0.0034106 secs] [Times: user=0.01 sys=0.00, real=0.00 secs] 
Heap after GC invocations=292 (full 35):
 par new generation   total 19008K, used 155K [0x00000000c2600000, 0x00000000c3aa0000, 0x00000000d6e00000)
  eden space 16896K,   0% used [0x00000000c2600000, 0x00000000c2600000, 0x00000000c3680000)
  from space 2112K,   7% used [0x00000000c3680000, 0x00000000c36a6eb8, 0x00000000c3890000)
  to   space 2112K,   0% used [0x00000000c3890000, 0x00000000c3890000, 0x00000000c3aa0000)
 concurrent mark-sweep generation total 90796K, used 48984K [0x00000000d6e00000, 0x00000000dc6ab000, 0x0000000100000000)
 Metaspace       used 74202K, capacity 77782K, committed 78056K, reserved 1118208K
  class space    used 9301K, capacity 9945K, committed 9980K, reserved 1048576K
}
2022-08-07T09:57:28.001+0000: 1619.704: Application time: 12.0297861 seconds
2022-08-07T09:57:36.003+0000: 1627.707: Application time: 8.0026107 seconds
2022-08-07T09:58:08.232+0000: 1659.970: Application time: 32.2625626 seconds
{Heap before GC invocations=292 (full 35):
 par new generation   total 19008K, used 17051K [0x00000000c2600000, 0x00000000c3aa0000, 0x00000000d6e00000)
  eden space 16896K, 100% used [0x00000000c2600000, 0x00000000c3680000, 0x00000000c3680000)
  from space 2112K,   7% used [0x00000000c3680000, 0x00000000c36a6eb8, 0x00000000c3890000)
  to   space 2112K,   0% used [0x00000000c3890000, 0x00000000c3890000, 0x00000000c3aa0000)
 concurrent mark-sweep generation total 90796K, used 48984K [0x00000000d6e00000, 0x00000000dc6ab000, 0x0000000100000000)
 Metaspace       used 74221K, capacity 77846K, committed 78056K, reserved 1118208K
  class space    used 9301K, capacity 9945K, committed 9980K, reserved 1048576K
2022-08-07T09:58:08.233+0000: 1659.970: [GC (Allocation Failure) 2022-08-07T09:58:08.233+0000: 1659.971: [ParNew: 17051K->144K(19008K), 0.0032467 secs] 66036K->49162K(109804K), 0.0040724 secs] [Times: user=0.00 sys=0.01, real=0.00 secs] 
Heap after GC invocations=293 (full 35):
 par new generation   total 19008K, used 144K [0x00000000c2600000, 0x00000000c3aa0000, 0x00000000d6e00000)
  eden space 16896K,   0% used [0x00000000c2600000, 0x00000000c2600000, 0x00000000c3680000)
  from space 2112K,   6% used [0x00000000c3890000, 0x00000000c38b42f8, 0x00000000c3aa0000)
  to   space 2112K,   0% used [0x00000000c3680000, 0x00000000c3680000, 0x00000000c3890000)
 concurrent mark-sweep generation total 90796K, used 49017K [0x00000000d6e00000, 0x00000000dc6ab000, 0x0000000100000000)
 Metaspace       used 74221K, capacity 77846K, committed 78056K, reserved 1118208K
  class space    used 9301K, capacity 9945K, committed 9980K, reserved 1048576K
}
2022-08-07T09:58:16.206+0000: 1667.977: Application time: 8.0020557 seconds
2022-08-07T09:58:26.208+0000: 1677.979: Application time: 10.0022817 seconds
2022-08-07T09:58:29.907+0000: 1681.678: Application time: 3.6987312 seconds
2022-08-07T09:58:46.880+0000: 1698.685: Application time: 17.0063225 seconds
2022-08-07T09:58:50.883+0000: 1702.689: Application time: 4.0040590 seconds
2022-08-07T09:58:56.885+0000: 1708.690: Application time: 6.0012873 seconds
2022-08-07T09:59:06.125+0000: 1717.930: Application time: 9.2398559 seconds
{Heap before GC invocations=293 (full 35):
 par new generation   total 19008K, used 17040K [0x00000000c2600000, 0x00000000c3aa0000, 0x00000000d6e00000)
  eden space 16896K, 100% used [0x00000000c2600000, 0x00000000c3680000, 0x00000000c3680000)
  from space 2112K,   6% used [0x00000000c3890000, 0x00000000c38b42f8, 0x00000000c3aa0000)
  to   space 2112K,   0% used [0x00000000c3680000, 0x00000000c3680000, 0x00000000c3890000)
 concurrent mark-sweep generation total 90796K, used 49017K [0x00000000d6e00000, 0x00000000dc6ab000, 0x0000000100000000)
 Metaspace       used 74226K, capacity 77846K, committed 78056K, reserved 1118208K
  class space    used 9301K, capacity 9945K, committed 9980K, reserved 1048576K
2022-08-07T09:59:06.125+0000: 1717.931: [GC (Allocation Failure) 2022-08-07T09:59:06.126+0000: 1717.931: [ParNew: 17040K->107K(19008K), 0.0033380 secs] 66058K->49130K(109804K), 0.0040370 secs] [Times: user=0.00 sys=0.00, real=0.00 secs] 
Heap after GC invocations=294 (full 35):
 par new generation   total 19008K, used 107K [0x00000000c2600000, 0x00000000c3aa0000, 0x00000000d6e00000)
  eden space 16896K,   0% used [0x00000000c2600000, 0x00000000c2600000, 0x00000000c3680000)
  from space 2112K,   5% used [0x00000000c3680000, 0x00000000c369add0, 0x00000000c3890000)
  to   space 2112K,   0% used [0x00000000c3890000, 0x00000000c3890000, 0x00000000c3aa0000)
 concurrent mark-sweep generation total 90796K, used 49023K [0x00000000d6e00000, 0x00000000dc6ab000, 0x0000000100000000)
 Metaspace       used 74226K, capacity 77846K, committed 78056K, reserved 1118208K
  class space    used 9301K, capacity 9945K, committed 9980K, reserved 1048576K
}
2022-08-07T09:59:27.100+0000: 1738.939: Application time: 21.0034499 seconds
2022-08-07T09:59:29.100+0000: 1740.939: Application time: 2.0005120 seconds
2022-08-07T09:59:37.102+0000: 1748.941: Application time: 8.0014643 seconds
2022-08-07T09:59:47.070+0000: 1758.943: Application time: 10.0017255 seconds
2022-08-07T09:59:56.178+0000: 1768.051: Application time: 9.1082163 seconds
{Heap before GC invocations=294 (full 35):
 par new generation   total 19008K, used 17003K [0x00000000c2600000, 0x00000000c3aa0000, 0x00000000d6e00000)
  eden space 16896K, 100% used [0x00000000c2600000, 0x00000000c3680000, 0x00000000c3680000)
  from space 2112K,   5% used [0x00000000c3680000, 0x00000000c369add0, 0x00000000c3890000)
  to   space 2112K,   0% used [0x00000000c3890000, 0x00000000c3890000, 0x00000000c3aa0000)
 concurrent mark-sweep generation total 90796K, used 49023K [0x00000000d6e00000, 0x00000000dc6ab000, 0x0000000100000000)
 Metaspace       used 74236K, capacity 77846K, committed 78056K, reserved 1118208K
  class space    used 9301K, capacity 9945K, committed 9980K, reserved 1048576K
2022-08-07T09:59:56.179+0000: 1768.051: [GC (Allocation Failure) 2022-08-07T09:59:56.179+0000: 1768.052: [ParNew: 17003K->121K(19008K), 0.0029235 secs] 66026K->49151K(109804K), 0.0034929 secs] [Times: user=0.01 sys=0.00, real=0.00 secs] 
Heap after GC invocations=295 (full 35):
 par new generation   total 19008K, used 121K [0x00000000c2600000, 0x00000000c3aa0000, 0x00000000d6e00000)
  eden space 16896K,   0% used [0x00000000c2600000, 0x00000000c2600000, 0x00000000c3680000)
  from space 2112K,   5% used [0x00000000c3890000, 0x00000000c38ae4a0, 0x00000000c3aa0000)
  to   space 2112K,   0% used [0x00000000c3680000, 0x00000000c3680000, 0x00000000c3890000)
 concurrent mark-sweep generation total 90796K, used 49029K [0x00000000d6e00000, 0x00000000dc6ab000, 0x0000000100000000)
 Metaspace       used 74236K, capacity 77846K, committed 78056K, reserved 1118208K
  class space    used 9301K, capacity 9945K, committed 9980K, reserved 1048576K
}
2022-08-07T09:59:57.183+0000: 1769.056: Application time: 1.0001950 seconds
2022-08-07T09:59:57.549+0000: 1769.422: Application time: 0.3661309 seconds
2022-08-07T09:59:57.680+0000: 1769.552: Application time: 0.1301680 seconds
2022-08-07T09:59:57.684+0000: 1769.557: Application time: 0.0001961 seconds
2022-08-07T09:59:57.686+0000: 1769.559: Application time: 0.0025867 seconds
2022-08-07T09:59:59.644+0000: 1771.517: Application time: 1.9574065 seconds
2022-08-07T09:59:59.645+0000: 1771.518: Application time: 0.0002946 seconds
2022-08-07T09:59:59.646+0000: 1771.519: Application time: 0.0002004 seconds
2022-08-07T10:00:00.646+0000: 1772.519: Application time: 1.0002990 seconds
2022-08-07T10:00:04.647+0000: 1776.519: Application time: 4.0003232 seconds
2022-08-07T10:00:04.655+0000: 1776.527: Application time: 0.0076672 seconds
2022-08-07T10:00:06.656+0000: 1778.528: Application time: 2.0009705 seconds
2022-08-07T10:00:08.134+0000: 1780.006: Application time: 1.4776754 seconds
2022-08-07T10:00:08.143+0000: 1780.016: Application time: 0.0093388 seconds
2022-08-07T10:00:13.134+0000: 1785.007: Application time: 4.9909768 seconds
2022-08-07T10:00:13.144+0000: 1785.016: Application time: 0.0094258 seconds
2022-08-07T10:00:22.087+0000: 1793.993: Application time: 8.9765131 seconds
2022-08-07T10:00:22.094+0000: 1794.000: Application time: 0.0068308 seconds
2022-08-07T10:00:23.434+0000: 1795.340: Application time: 1.3395549 seconds
2022-08-07T10:00:23.434+0000: 1795.341: Application time: 0.0003119 seconds
2022-08-07T10:00:23.435+0000: 1795.341: Application time: 0.0003312 seconds
2022-08-07T10:00:24.354+0000: 1796.261: Application time: 0.9191380 seconds
2022-08-07T10:00:24.355+0000: 1796.262: Application time: 0.0002346 seconds
2022-08-07T10:00:24.356+0000: 1796.262: Application time: 0.0001993 seconds
2022-08-07T10:00:29.356+0000: 1801.263: Application time: 5.0006366 seconds
2022-08-07T10:00:29.363+0000: 1801.269: Application time: 0.0063291 seconds
2022-08-07T10:00:33.364+0000: 1805.271: Application time: 4.0010257 seconds
2022-08-07T10:00:35.307+0000: 1807.214: Application time: 1.9430897 seconds
2022-08-07T10:00:35.308+0000: 1807.214: Application time: 0.0002745 seconds
2022-08-07T10:00:35.309+0000: 1807.216: Application time: 0.0009614 seconds
2022-08-07T10:00:36.310+0000: 1808.216: Application time: 1.0003203 seconds
2022-08-07T10:00:39.312+0000: 1811.218: Application time: 3.0024825 seconds
2022-08-07T10:00:40.310+0000: 1812.216: Application time: 0.9974401 seconds
2022-08-07T10:00:40.316+0000: 1812.222: Application time: 0.0057418 seconds
2022-08-07T10:00:46.250+0000: 1818.190: Application time: 5.9675899 seconds
{Heap before GC invocations=295 (full 35):
 par new generation   total 19008K, used 17017K [0x00000000c2600000, 0x00000000c3aa0000, 0x00000000d6e00000)
  eden space 16896K, 100% used [0x00000000c2600000, 0x00000000c3680000, 0x00000000c3680000)
  from space 2112K,   5% used [0x00000000c3890000, 0x00000000c38ae4a0, 0x00000000c3aa0000)
  to   space 2112K,   0% used [0x00000000c3680000, 0x00000000c3680000, 0x00000000c3890000)
 concurrent mark-sweep generation total 90796K, used 49029K [0x00000000d6e00000, 0x00000000dc6ab000, 0x0000000100000000)
 Metaspace       used 74302K, capacity 77874K, committed 78056K, reserved 1118208K
  class space    used 9304K, capacity 9949K, committed 9980K, reserved 1048576K
2022-08-07T10:00:46.250+0000: 1818.190: [GC (Allocation Failure) 2022-08-07T10:00:46.250+0000: 1818.191: [ParNew: 17017K->873K(19008K), 0.0033157 secs] 66047K->49908K(109804K), 0.0040571 secs] [Times: user=0.00 sys=0.00, real=0.00 secs] 
Heap after GC invocations=296 (full 35):
 par new generation   total 19008K, used 873K [0x00000000c2600000, 0x00000000c3aa0000, 0x00000000d6e00000)
  eden space 16896K,   0% used [0x00000000c2600000, 0x00000000c2600000, 0x00000000c3680000)
  from space 2112K,  41% used [0x00000000c3680000, 0x00000000c375a530, 0x00000000c3890000)
  to   space 2112K,   0% used [0x00000000c3890000, 0x00000000c3890000, 0x00000000c3aa0000)
 concurrent mark-sweep generation total 90796K, used 49035K [0x00000000d6e00000, 0x00000000dc6ab000, 0x0000000100000000)
 Metaspace       used 74302K, capacity 77874K, committed 78056K, reserved 1118208K
  class space    used 9304K, capacity 9949K, committed 9980K, reserved 1048576K
}
2022-08-07T10:00:46.604+0000: 1818.545: Application time: 0.3495225 seconds
2022-08-07T10:00:46.605+0000: 1818.545: Application time: 0.0001309 seconds
2022-08-07T10:00:46.605+0000: 1818.545: Application time: 0.0001403 seconds
2022-08-07T10:00:46.605+0000: 1818.545: Application time: 0.0001178 seconds
2022-08-07T10:00:46.605+0000: 1818.546: Application time: 0.0005664 seconds
2022-08-07T10:00:46.606+0000: 1818.546: Application time: 0.0002203 seconds
2022-08-07T10:00:47.607+0000: 1819.547: Application time: 1.0011087 seconds
2022-08-07T10:00:56.613+0000: 1828.553: Application time: 9.0052957 seconds
2022-08-07T10:01:16.585+0000: 1848.559: Application time: 20.0055448 seconds
2022-08-07T10:01:19.586+0000: 1851.560: Application time: 3.0009097 seconds
2022-08-07T10:01:31.189+0000: 1863.163: Application time: 11.6030379 seconds
2022-08-07T10:01:37.193+0000: 1869.167: Application time: 6.0043763 seconds
2022-08-07T10:01:38.681+0000: 1870.655: Application time: 1.4878026 seconds
{Heap before GC invocations=296 (full 35):
 par new generation   total 19008K, used 17769K [0x00000000c2600000, 0x00000000c3aa0000, 0x00000000d6e00000)
  eden space 16896K, 100% used [0x00000000c2600000, 0x00000000c3680000, 0x00000000c3680000)
  from space 2112K,  41% used [0x00000000c3680000, 0x00000000c375a530, 0x00000000c3890000)
  to   space 2112K,   0% used [0x00000000c3890000, 0x00000000c3890000, 0x00000000c3aa0000)
 concurrent mark-sweep generation total 90796K, used 49035K [0x00000000d6e00000, 0x00000000dc6ab000, 0x0000000100000000)
 Metaspace       used 74312K, capacity 77874K, committed 78056K, reserved 1118208K
  class space    used 9304K, capacity 9949K, committed 9980K, reserved 1048576K
2022-08-07T10:01:38.682+0000: 1870.656: [GC (Allocation Failure) 2022-08-07T10:01:38.683+0000: 1870.657: [ParNew: 17769K->923K(19008K), 0.0032955 secs] 66804K->49964K(109804K), 0.0038422 secs] [Times: user=0.00 sys=0.00, real=0.01 secs] 
Heap after GC invocations=297 (full 35):
 par new generation   total 19008K, used 923K [0x00000000c2600000, 0x00000000c3aa0000, 0x00000000d6e00000)
  eden space 16896K,   0% used [0x00000000c2600000, 0x00000000c2600000, 0x00000000c3680000)
  from space 2112K,  43% used [0x00000000c3890000, 0x00000000c3976e90, 0x00000000c3aa0000)
  to   space 2112K,   0% used [0x00000000c3680000, 0x00000000c3680000, 0x00000000c3890000)
 concurrent mark-sweep generation total 90796K, used 49040K [0x00000000d6e00000, 0x00000000dc6ab000, 0x0000000100000000)
 Metaspace       used 74312K, capacity 77874K, committed 78056K, reserved 1118208K
  class space    used 9304K, capacity 9949K, committed 9980K, reserved 1048576K
}
2022-08-07T10:01:39.687+0000: 1871.661: Application time: 1.0002696 seconds
2022-08-07T10:02:09.664+0000: 1901.672: Application time: 30.0105172 seconds
2022-08-07T10:02:20.623+0000: 1912.677: Application time: 11.0051812 seconds
2022-08-07T10:02:31.627+0000: 1923.681: Application time: 11.0038114 seconds
2022-08-07T10:02:36.380+0000: 1928.435: Application time: 4.7540457 seconds
{Heap before GC invocations=297 (full 35):
 par new generation   total 19008K, used 17819K [0x00000000c2600000, 0x00000000c3aa0000, 0x00000000d6e00000)
  eden space 16896K, 100% used [0x00000000c2600000, 0x00000000c3680000, 0x00000000c3680000)
  from space 2112K,  43% used [0x00000000c3890000, 0x00000000c3976e90, 0x00000000c3aa0000)
  to   space 2112K,   0% used [0x00000000c3680000, 0x00000000c3680000, 0x00000000c3890000)
 concurrent mark-sweep generation total 90796K, used 49040K [0x00000000d6e00000, 0x00000000dc6ab000, 0x0000000100000000)
 Metaspace       used 74315K, capacity 77938K, committed 78056K, reserved 1118208K
  class space    used 9304K, capacity 9949K, committed 9980K, reserved 1048576K
2022-08-07T10:02:36.381+0000: 1928.435: [GC (Allocation Failure) 2022-08-07T10:02:36.382+0000: 1928.436: [ParNew: 17819K->954K(19008K), 0.0054142 secs] 66860K->50000K(109804K), 0.0060886 secs] [Times: user=0.01 sys=0.00, real=0.01 secs] 
Heap after GC invocations=298 (full 35):
 par new generation   total 19008K, used 954K [0x00000000c2600000, 0x00000000c3aa0000, 0x00000000d6e00000)
  eden space 16896K,   0% used [0x00000000c2600000, 0x00000000c2600000, 0x00000000c3680000)
  from space 2112K,  45% used [0x00000000c3680000, 0x00000000c376e8f8, 0x00000000c3890000)
  to   space 2112K,   0% used [0x00000000c3890000, 0x00000000c3890000, 0x00000000c3aa0000)
 concurrent mark-sweep generation total 90796K, used 49046K [0x00000000d6e00000, 0x00000000dc6ab000, 0x0000000100000000)
 Metaspace       used 74315K, capacity 77938K, committed 78056K, reserved 1118208K
  class space    used 9304K, capacity 9949K, committed 9980K, reserved 1048576K
}
2022-08-07T10:02:37.390+0000: 1929.444: Application time: 1.0016043 seconds
2022-08-07T10:02:39.392+0000: 1931.446: Application time: 2.0019563 seconds
2022-08-07T10:03:28.897+0000: 1981.025: Application time: 49.5787215 seconds
{Heap before GC invocations=298 (full 35):
 par new generation   total 19008K, used 17850K [0x00000000c2600000, 0x00000000c3aa0000, 0x00000000d6e00000)
  eden space 16896K, 100% used [0x00000000c2600000, 0x00000000c3680000, 0x00000000c3680000)
  from space 2112K,  45% used [0x00000000c3680000, 0x00000000c376e8f8, 0x00000000c3890000)
  to   space 2112K,   0% used [0x00000000c3890000, 0x00000000c3890000, 0x00000000c3aa0000)
 concurrent mark-sweep generation total 90796K, used 49046K [0x00000000d6e00000, 0x00000000dc6ab000, 0x0000000100000000)
 Metaspace       used 74341K, capacity 77938K, committed 78056K, reserved 1118208K
  class space    used 9304K, capacity 9949K, committed 9980K, reserved 1048576K
2022-08-07T10:03:28.897+0000: 1981.025: [GC (Allocation Failure) 2022-08-07T10:03:28.898+0000: 1981.026: [ParNew: 17850K->1013K(19008K), 0.0040938 secs] 66896K->50061K(109804K), 0.0047313 secs] [Times: user=0.01 sys=0.00, real=0.01 secs] 
