OpenJDK 64-Bit Server VM (25.212-b04) for linux-amd64 JRE (1.8.0_212-b04), built on May  4 2019 17:56:12 by "buildozer" with gcc 8.3.0
Memory: 4k page, physical 4032816k(1181020k free), swap 1048572k(710560k free)
CommandLine flags: -XX:+CMSClassUnloadingEnabled -XX:CMSFullGCsBeforeCompaction=9 -XX:CMSInitiatingOccupancyFraction=60 -XX:+CMSParallelRemarkEnabled -XX:+DisableExplicitGC -XX:+ExplicitGCInvokesConcurrent -XX:GCLogFileSize=5242880 -XX:+HeapDumpOnOutOfMemoryError -XX:HeapDumpPath=/opt/logs/100003172/HeapDumpOnOutOfMemoryError/ -XX:InitialHeapSize=64525056 -XX:MaxHeapSize=1032400896 -XX:MaxNewSize=343932928 -XX:MaxTenuringThreshold=9 -XX:NumberOfGCLogFiles=5 -XX:OldPLABSize=16 -XX:-OmitStackTraceInFastThrow -XX:ParallelGCThreads=4 -XX:+PrintGC -XX:+PrintGCApplicationConcurrentTime -XX:+PrintGCDateStamps -XX:+PrintGCDetails -XX:+PrintGCTimeStamps -XX:+PrintHeapAtGC -XX:+ScavengeBeforeFullGC -XX:SoftRefLRUPolicyMSPerMB=0 -XX:+UseCMSCompactAtFullCollection -XX:+UseCMSInitiatingOccupancyOnly -XX:+UseCompressedClassPointers -XX:+UseCompressedOops -XX:+UseConcMarkSweepGC -XX:+UseGCLogFileRotation -XX:+UseParNewGC 
2022-08-07T09:29:44.644+0000: 0.425: Application time: 0.2626301 seconds
2022-08-07T09:29:44.725+0000: 0.506: Application time: 0.0802283 seconds
{Heap before GC invocations=0 (full 0):
 par new generation   total 19008K, used 16896K [0x00000000c2600000, 0x00000000c3aa0000, 0x00000000d6e00000)
  eden space 16896K, 100% used [0x00000000c2600000, 0x00000000c3680000, 0x00000000c3680000)
  from space 2112K,   0% used [0x00000000c3680000, 0x00000000c3680000, 0x00000000c3890000)
  to   space 2112K,   0% used [0x00000000c3890000, 0x00000000c3890000, 0x00000000c3aa0000)
 concurrent mark-sweep generation total 42368K, used 0K [0x00000000d6e00000, 0x00000000d9760000, 0x0000000100000000)
 Metaspace       used 3971K, capacity 4804K, committed 5120K, reserved 1056768K
  class space    used 368K, capacity 428K, committed 512K, reserved 1048576K
2022-08-07T09:29:44.725+0000: 0.506: [GC (Allocation Failure) 2022-08-07T09:29:44.725+0000: 0.506: [ParNew: 16896K->2112K(19008K), 0.1209496 secs] 16896K->12983K(61376K), 0.1236104 secs] [Times: user=0.12 sys=0.03, real=0.13 secs] 
Heap after GC invocations=1 (full 0):
 par new generation   total 19008K, used 2112K [0x00000000c2600000, 0x00000000c3aa0000, 0x00000000d6e00000)
  eden space 16896K,   0% used [0x00000000c2600000, 0x00000000c2600000, 0x00000000c3680000)
  from space 2112K, 100% used [0x00000000c3890000, 0x00000000c3aa0000, 0x00000000c3aa0000)
  to   space 2112K,   0% used [0x00000000c3680000, 0x00000000c3680000, 0x00000000c3890000)
 concurrent mark-sweep generation total 42368K, used 10871K [0x00000000d6e00000, 0x00000000d9760000, 0x0000000100000000)
 Metaspace       used 3971K, capacity 4804K, committed 5120K, reserved 1056768K
  class space    used 368K, capacity 428K, committed 512K, reserved 1048576K
}
2022-08-07T09:29:44.988+0000: 0.768: Application time: 0.1381968 seconds
{Heap before GC invocations=1 (full 0):
 par new generation   total 19008K, used 19008K [0x00000000c2600000, 0x00000000c3aa0000, 0x00000000d6e00000)
  eden space 16896K, 100% used [0x00000000c2600000, 0x00000000c3680000, 0x00000000c3680000)
  from space 2112K, 100% used [0x00000000c3890000, 0x00000000c3aa0000, 0x00000000c3aa0000)
  to   space 2112K,   0% used [0x00000000c3680000, 0x00000000c3680000, 0x00000000c3890000)
 concurrent mark-sweep generation total 42368K, used 10871K [0x00000000d6e00000, 0x00000000d9760000, 0x0000000100000000)
 Metaspace       used 4417K, capacity 5192K, committed 5376K, reserved 1056768K
  class space    used 411K, capacity 496K, committed 512K, reserved 1048576K
2022-08-07T09:29:44.988+0000: 0.769: [GC (Allocation Failure) 2022-08-07T09:29:44.989+0000: 0.770: [ParNew: 19008K->2109K(19008K), 0.0102833 secs] 29879K->15107K(61376K), 0.0110325 secs] [Times: user=0.02 sys=0.01, real=0.01 secs] 
Heap after GC invocations=2 (full 0):
 par new generation   total 19008K, used 2109K [0x00000000c2600000, 0x00000000c3aa0000, 0x00000000d6e00000)
  eden space 16896K,   0% used [0x00000000c2600000, 0x00000000c2600000, 0x00000000c3680000)
  from space 2112K,  99% used [0x00000000c3680000, 0x00000000c388f638, 0x00000000c3890000)
  to   space 2112K,   0% used [0x00000000c3890000, 0x00000000c3890000, 0x00000000c3aa0000)
 concurrent mark-sweep generation total 42368K, used 12997K [0x00000000d6e00000, 0x00000000d9760000, 0x0000000100000000)
 Metaspace       used 4417K, capacity 5192K, committed 5376K, reserved 1056768K
  class space    used 411K, capacity 496K, committed 512K, reserved 1048576K
}
2022-08-07T09:29:45.095+0000: 0.876: Application time: 0.0954240 seconds
2022-08-07T09:29:45.131+0000: 0.912: Application time: 0.0349740 seconds
{Heap before GC invocations=2 (full 0):
 par new generation   total 19008K, used 19005K [0x00000000c2600000, 0x00000000c3aa0000, 0x00000000d6e00000)
  eden space 16896K, 100% used [0x00000000c2600000, 0x00000000c3680000, 0x00000000c3680000)
  from space 2112K,  99% used [0x00000000c3680000, 0x00000000c388f638, 0x00000000c3890000)
  to   space 2112K,   0% used [0x00000000c3890000, 0x00000000c3890000, 0x00000000c3aa0000)
 concurrent mark-sweep generation total 42368K, used 12997K [0x00000000d6e00000, 0x00000000d9760000, 0x0000000100000000)
 Metaspace       used 4977K, capacity 5360K, committed 5504K, reserved 1056768K
  class space    used 491K, capacity 536K, committed 640K, reserved 1048576K
2022-08-07T09:29:45.132+0000: 0.913: [GC (Allocation Failure) 2022-08-07T09:29:45.132+0000: 0.913: [ParNew: 19005K->645K(19008K), 0.0023383 secs] 32003K->13643K(61376K), 0.0030692 secs] [Times: user=0.01 sys=0.00, real=0.00 secs] 
Heap after GC invocations=3 (full 0):
 par new generation   total 19008K, used 645K [0x00000000c2600000, 0x00000000c3aa0000, 0x00000000d6e00000)
  eden space 16896K,   0% used [0x00000000c2600000, 0x00000000c2600000, 0x00000000c3680000)
  from space 2112K,  30% used [0x00000000c3890000, 0x00000000c39316b0, 0x00000000c3aa0000)
  to   space 2112K,   0% used [0x00000000c3680000, 0x00000000c3680000, 0x00000000c3890000)
 concurrent mark-sweep generation total 42368K, used 12997K [0x00000000d6e00000, 0x00000000d9760000, 0x0000000100000000)
 Metaspace       used 4977K, capacity 5360K, committed 5504K, reserved 1056768K
  class space    used 491K, capacity 536K, committed 640K, reserved 1048576K
}
2022-08-07T09:29:45.254+0000: 1.035: Application time: 0.1185742 seconds
{Heap before GC invocations=3 (full 0):
 par new generation   total 19008K, used 17541K [0x00000000c2600000, 0x00000000c3aa0000, 0x00000000d6e00000)
  eden space 16896K, 100% used [0x00000000c2600000, 0x00000000c3680000, 0x00000000c3680000)
  from space 2112K,  30% used [0x00000000c3890000, 0x00000000c39316b0, 0x00000000c3aa0000)
  to   space 2112K,   0% used [0x00000000c3680000, 0x00000000c3680000, 0x00000000c3890000)
 concurrent mark-sweep generation total 42368K, used 12997K [0x00000000d6e00000, 0x00000000d9760000, 0x0000000100000000)
 Metaspace       used 5628K, capacity 5792K, committed 6016K, reserved 1056768K
  class space    used 580K, capacity 632K, committed 640K, reserved 1048576K
2022-08-07T09:29:45.256+0000: 1.037: [GC (Allocation Failure) 2022-08-07T09:29:45.258+0000: 1.039: [ParNew: 17541K->700K(19008K), 0.0075849 secs] 30539K->13697K(61376K), 0.0095664 secs] [Times: user=0.02 sys=0.01, real=0.01 secs] 
Heap after GC invocations=4 (full 0):
 par new generation   total 19008K, used 700K [0x00000000c2600000, 0x00000000c3aa0000, 0x00000000d6e00000)
  eden space 16896K,   0% used [0x00000000c2600000, 0x00000000c2600000, 0x00000000c3680000)
  from space 2112K,  33% used [0x00000000c3680000, 0x00000000c372f098, 0x00000000c3890000)
  to   space 2112K,   0% used [0x00000000c3890000, 0x00000000c3890000, 0x00000000c3aa0000)
 concurrent mark-sweep generation total 42368K, used 12997K [0x00000000d6e00000, 0x00000000d9760000, 0x0000000100000000)
 Metaspace       used 5628K, capacity 5792K, committed 6016K, reserved 1056768K
  class space    used 580K, capacity 632K, committed 640K, reserved 1048576K
}
2022-08-07T09:29:45.276+0000: 1.057: Application time: 0.0095807 seconds
2022-08-07T09:29:45.434+0000: 1.215: Application time: 0.1578315 seconds
{Heap before GC invocations=4 (full 0):
 par new generation   total 19008K, used 17596K [0x00000000c2600000, 0x00000000c3aa0000, 0x00000000d6e00000)
  eden space 16896K, 100% used [0x00000000c2600000, 0x00000000c3680000, 0x00000000c3680000)
  from space 2112K,  33% used [0x00000000c3680000, 0x00000000c372f098, 0x00000000c3890000)
  to   space 2112K,   0% used [0x00000000c3890000, 0x00000000c3890000, 0x00000000c3aa0000)
 concurrent mark-sweep generation total 42368K, used 12997K [0x00000000d6e00000, 0x00000000d9760000, 0x0000000100000000)
 Metaspace       used 7015K, capacity 7168K, committed 7296K, reserved 1056768K
  class space    used 745K, capacity 792K, committed 896K, reserved 1048576K
2022-08-07T09:29:45.435+0000: 1.216: [GC (Allocation Failure) 2022-08-07T09:29:45.435+0000: 1.216: [ParNew: 17596K->1044K(19008K), 0.0029845 secs] 30593K->14041K(61376K), 0.0037665 secs] [Times: user=0.00 sys=0.01, real=0.01 secs] 
Heap after GC invocations=5 (full 0):
 par new generation   total 19008K, used 1044K [0x00000000c2600000, 0x00000000c3aa0000, 0x00000000d6e00000)
  eden space 16896K,   0% used [0x00000000c2600000, 0x00000000c2600000, 0x00000000c3680000)
  from space 2112K,  49% used [0x00000000c3890000, 0x00000000c3995150, 0x00000000c3aa0000)
  to   space 2112K,   0% used [0x00000000c3680000, 0x00000000c3680000, 0x00000000c3890000)
 concurrent mark-sweep generation total 42368K, used 12997K [0x00000000d6e00000, 0x00000000d9760000, 0x0000000100000000)
 Metaspace       used 7015K, capacity 7168K, committed 7296K, reserved 1056768K
  class space    used 745K, capacity 792K, committed 896K, reserved 1048576K
}
2022-08-07T09:29:45.549+0000: 1.330: Application time: 0.1093499 seconds
2022-08-07T09:29:45.588+0000: 1.369: Application time: 0.0389586 seconds
{Heap before GC invocations=5 (full 0):
 par new generation   total 19008K, used 17940K [0x00000000c2600000, 0x00000000c3aa0000, 0x00000000d6e00000)
  eden space 16896K, 100% used [0x00000000c2600000, 0x00000000c3680000, 0x00000000c3680000)
  from space 2112K,  49% used [0x00000000c3890000, 0x00000000c3995150, 0x00000000c3aa0000)
  to   space 2112K,   0% used [0x00000000c3680000, 0x00000000c3680000, 0x00000000c3890000)
 concurrent mark-sweep generation total 42368K, used 12997K [0x00000000d6e00000, 0x00000000d9760000, 0x0000000100000000)
 Metaspace       used 8072K, capacity 8192K, committed 8448K, reserved 1056768K
  class space    used 888K, capacity 920K, committed 1024K, reserved 1048576K
2022-08-07T09:29:45.588+0000: 1.369: [GC (Allocation Failure) 2022-08-07T09:29:45.589+0000: 1.370: [ParNew: 17940K->1335K(19008K), 0.0031471 secs] 30937K->14333K(61376K), 0.0040098 secs] [Times: user=0.01 sys=0.00, real=0.00 secs] 
Heap after GC invocations=6 (full 0):
 par new generation   total 19008K, used 1335K [0x00000000c2600000, 0x00000000c3aa0000, 0x00000000d6e00000)
  eden space 16896K,   0% used [0x00000000c2600000, 0x00000000c2600000, 0x00000000c3680000)
  from space 2112K,  63% used [0x00000000c3680000, 0x00000000c37cded8, 0x00000000c3890000)
  to   space 2112K,   0% used [0x00000000c3890000, 0x00000000c3890000, 0x00000000c3aa0000)
 concurrent mark-sweep generation total 42368K, used 12997K [0x00000000d6e00000, 0x00000000d9760000, 0x0000000100000000)
 Metaspace       used 8072K, capacity 8192K, committed 8448K, reserved 1056768K
  class space    used 888K, capacity 920K, committed 1024K, reserved 1048576K
}
2022-08-07T09:29:45.681+0000: 1.462: Application time: 0.0875894 seconds
{Heap before GC invocations=6 (full 0):
 par new generation   total 19008K, used 18231K [0x00000000c2600000, 0x00000000c3aa0000, 0x00000000d6e00000)
  eden space 16896K, 100% used [0x00000000c2600000, 0x00000000c3680000, 0x00000000c3680000)
  from space 2112K,  63% used [0x00000000c3680000, 0x00000000c37cded8, 0x00000000c3890000)
  to   space 2112K,   0% used [0x00000000c3890000, 0x00000000c3890000, 0x00000000c3aa0000)
 concurrent mark-sweep generation total 42368K, used 12997K [0x00000000d6e00000, 0x00000000d9760000, 0x0000000100000000)
 Metaspace       used 8502K, capacity 8640K, committed 8704K, reserved 1056768K
  class space    used 939K, capacity 984K, committed 1024K, reserved 1048576K
2022-08-07T09:29:45.681+0000: 1.462: [GC (Allocation Failure) 2022-08-07T09:29:45.682+0000: 1.463: [ParNew: 18231K->1733K(19008K), 0.0033611 secs] 31229K->14897K(61376K), 0.0042400 secs] [Times: user=0.02 sys=0.00, real=0.00 secs] 
Heap after GC invocations=7 (full 0):
 par new generation   total 19008K, used 1733K [0x00000000c2600000, 0x00000000c3aa0000, 0x00000000d6e00000)
  eden space 16896K,   0% used [0x00000000c2600000, 0x00000000c2600000, 0x00000000c3680000)
  from space 2112K,  82% used [0x00000000c3890000, 0x00000000c3a41460, 0x00000000c3aa0000)
  to   space 2112K,   0% used [0x00000000c3680000, 0x00000000c3680000, 0x00000000c3890000)
 concurrent mark-sweep generation total 42368K, used 13164K [0x00000000d6e00000, 0x00000000d9760000, 0x0000000100000000)
 Metaspace       used 8502K, capacity 8640K, committed 8704K, reserved 1056768K
  class space    used 939K, capacity 984K, committed 1024K, reserved 1048576K
}
2022-08-07T09:29:45.815+0000: 1.596: Application time: 0.1287129 seconds
2022-08-07T09:29:45.932+0000: 1.713: Application time: 0.1168101 seconds
{Heap before GC invocations=7 (full 0):
 par new generation   total 19008K, used 18629K [0x00000000c2600000, 0x00000000c3aa0000, 0x00000000d6e00000)
  eden space 16896K, 100% used [0x00000000c2600000, 0x00000000c3680000, 0x00000000c3680000)
  from space 2112K,  82% used [0x00000000c3890000, 0x00000000c3a41460, 0x00000000c3aa0000)
  to   space 2112K,   0% used [0x00000000c3680000, 0x00000000c3680000, 0x00000000c3890000)
 concurrent mark-sweep generation total 42368K, used 13164K [0x00000000d6e00000, 0x00000000d9760000, 0x0000000100000000)
 Metaspace       used 9607K, capacity 9786K, committed 9984K, reserved 1058816K
  class space    used 1062K, capacity 1157K, committed 1280K, reserved 1048576K
2022-08-07T09:29:45.933+0000: 1.714: [GC (Allocation Failure) 2022-08-07T09:29:45.933+0000: 1.714: [ParNew: 18629K->1721K(19008K), 0.0073213 secs] 31793K->15213K(61376K), 0.0082923 secs] [Times: user=0.02 sys=0.00, real=0.01 secs] 
Heap after GC invocations=8 (full 0):
 par new generation   total 19008K, used 1721K [0x00000000c2600000, 0x00000000c3aa0000, 0x00000000d6e00000)
  eden space 16896K,   0% used [0x00000000c2600000, 0x00000000c2600000, 0x00000000c3680000)
  from space 2112K,  81% used [0x00000000c3680000, 0x00000000c382e458, 0x00000000c3890000)
  to   space 2112K,   0% used [0x00000000c3890000, 0x00000000c3890000, 0x00000000c3aa0000)
 concurrent mark-sweep generation total 42368K, used 13492K [0x00000000d6e00000, 0x00000000d9760000, 0x0000000100000000)
 Metaspace       used 9607K, capacity 9786K, committed 9984K, reserved 1058816K
  class space    used 1062K, capacity 1157K, committed 1280K, reserved 1048576K
}
2022-08-07T09:29:46.050+0000: 1.831: Application time: 0.1076143 seconds
{Heap before GC invocations=8 (full 0):
 par new generation   total 19008K, used 18617K [0x00000000c2600000, 0x00000000c3aa0000, 0x00000000d6e00000)
  eden space 16896K, 100% used [0x00000000c2600000, 0x00000000c3680000, 0x00000000c3680000)
  from space 2112K,  81% used [0x00000000c3680000, 0x00000000c382e458, 0x00000000c3890000)
  to   space 2112K,   0% used [0x00000000c3890000, 0x00000000c3890000, 0x00000000c3aa0000)
 concurrent mark-sweep generation total 42368K, used 13492K [0x00000000d6e00000, 0x00000000d9760000, 0x0000000100000000)
 Metaspace       used 10120K, capacity 10298K, committed 10496K, reserved 1058816K
  class space    used 1129K, capacity 1221K, committed 1280K, reserved 1048576K
2022-08-07T09:29:46.059+0000: 1.840: [GC (Allocation Failure) 2022-08-07T09:29:46.059+0000: 1.840: [ParNew: 18617K->1450K(19008K), 0.0205909 secs] 32109K->15339K(61376K), 0.0214319 secs] [Times: user=0.04 sys=0.00, real=0.02 secs] 
Heap after GC invocations=9 (full 0):
 par new generation   total 19008K, used 1450K [0x00000000c2600000, 0x00000000c3aa0000, 0x00000000d6e00000)
  eden space 16896K,   0% used [0x00000000c2600000, 0x00000000c2600000, 0x00000000c3680000)
  from space 2112K,  68% used [0x00000000c3890000, 0x00000000c39fa9a8, 0x00000000c3aa0000)
  to   space 2112K,   0% used [0x00000000c3680000, 0x00000000c3680000, 0x00000000c3890000)
 concurrent mark-sweep generation total 42368K, used 13889K [0x00000000d6e00000, 0x00000000d9760000, 0x0000000100000000)
 Metaspace       used 10120K, capacity 10298K, committed 10496K, reserved 1058816K
  class space    used 1129K, capacity 1221K, committed 1280K, reserved 1048576K
}
2022-08-07T09:29:46.186+0000: 1.967: Application time: 0.1052538 seconds
{Heap before GC invocations=9 (full 0):
 par new generation   total 19008K, used 18346K [0x00000000c2600000, 0x00000000c3aa0000, 0x00000000d6e00000)
  eden space 16896K, 100% used [0x00000000c2600000, 0x00000000c3680000, 0x00000000c3680000)
  from space 2112K,  68% used [0x00000000c3890000, 0x00000000c39fa9a8, 0x00000000c3aa0000)
  to   space 2112K,   0% used [0x00000000c3680000, 0x00000000c3680000, 0x00000000c3890000)
 concurrent mark-sweep generation total 42368K, used 13889K [0x00000000d6e00000, 0x00000000d9760000, 0x0000000100000000)
 Metaspace       used 10726K, capacity 11036K, committed 11136K, reserved 1058816K
  class space    used 1212K, capacity 1338K, committed 1408K, reserved 1048576K
2022-08-07T09:29:46.187+0000: 1.968: [GC (Allocation Failure) 2022-08-07T09:29:46.187+0000: 1.968: [ParNew: 18346K->1027K(19008K), 0.0063353 secs] 32235K->14917K(61376K), 0.0073395 secs] [Times: user=0.00 sys=0.00, real=0.00 secs] 
Heap after GC invocations=10 (full 0):
 par new generation   total 19008K, used 1027K [0x00000000c2600000, 0x00000000c3aa0000, 0x00000000d6e00000)
  eden space 16896K,   0% used [0x00000000c2600000, 0x00000000c2600000, 0x00000000c3680000)
  from space 2112K,  48% used [0x00000000c3680000, 0x00000000c3780fd8, 0x00000000c3890000)
  to   space 2112K,   0% used [0x00000000c3890000, 0x00000000c3890000, 0x00000000c3aa0000)
 concurrent mark-sweep generation total 42368K, used 13889K [0x00000000d6e00000, 0x00000000d9760000, 0x0000000100000000)
 Metaspace       used 10726K, capacity 11036K, committed 11136K, reserved 1058816K
  class space    used 1212K, capacity 1338K, committed 1408K, reserved 1048576K
}
2022-08-07T09:29:46.227+0000: 2.008: Application time: 0.0320423 seconds
{Heap before GC invocations=10 (full 0):
 par new generation   total 19008K, used 17923K [0x00000000c2600000, 0x00000000c3aa0000, 0x00000000d6e00000)
  eden space 16896K, 100% used [0x00000000c2600000, 0x00000000c3680000, 0x00000000c3680000)
  from space 2112K,  48% used [0x00000000c3680000, 0x00000000c3780fd8, 0x00000000c3890000)
  to   space 2112K,   0% used [0x00000000c3890000, 0x00000000c3890000, 0x00000000c3aa0000)
 concurrent mark-sweep generation total 42368K, used 13889K [0x00000000d6e00000, 0x00000000d9760000, 0x0000000100000000)
 Metaspace       used 10874K, capacity 11102K, committed 11392K, reserved 1058816K
  class space    used 1239K, capacity 1339K, committed 1408K, reserved 1048576K
2022-08-07T09:29:46.232+0000: 2.013: [GC (Allocation Failure) 2022-08-07T09:29:46.232+0000: 2.013: [ParNew: 17923K->980K(19008K), 0.0123677 secs] 31813K->14869K(61376K), 0.0130055 secs] [Times: user=0.00 sys=0.00, real=0.01 secs] 
Heap after GC invocations=11 (full 0):
 par new generation   total 19008K, used 980K [0x00000000c2600000, 0x00000000c3aa0000, 0x00000000d6e00000)
  eden space 16896K,   0% used [0x00000000c2600000, 0x00000000c2600000, 0x00000000c3680000)
  from space 2112K,  46% used [0x00000000c3890000, 0x00000000c3985008, 0x00000000c3aa0000)
  to   space 2112K,   0% used [0x00000000c3680000, 0x00000000c3680000, 0x00000000c3890000)
 concurrent mark-sweep generation total 42368K, used 13889K [0x00000000d6e00000, 0x00000000d9760000, 0x0000000100000000)
 Metaspace       used 10874K, capacity 11102K, committed 11392K, reserved 1058816K
  class space    used 1239K, capacity 1339K, committed 1408K, reserved 1048576K
}
2022-08-07T09:29:46.279+0000: 2.060: Application time: 0.0334788 seconds
2022-08-07T09:29:46.279+0000: 2.060: Application time: 0.0001907 seconds
{Heap before GC invocations=11 (full 0):
 par new generation   total 19008K, used 17876K [0x00000000c2600000, 0x00000000c3aa0000, 0x00000000d6e00000)
  eden space 16896K, 100% used [0x00000000c2600000, 0x00000000c3680000, 0x00000000c3680000)
  from space 2112K,  46% used [0x00000000c3890000, 0x00000000c3985068, 0x00000000c3aa0000)
  to   space 2112K,   0% used [0x00000000c3680000, 0x00000000c3680000, 0x00000000c3890000)
 concurrent mark-sweep generation total 42368K, used 13889K [0x00000000d6e00000, 0x00000000d9760000, 0x0000000100000000)
 Metaspace       used 11150K, capacity 11422K, committed 11648K, reserved 1058816K
  class space    used 1278K, capacity 1377K, committed 1408K, reserved 1048576K
2022-08-07T09:29:46.280+0000: 2.061: [GC (GCLocker Initiated GC) 2022-08-07T09:29:46.280+0000: 2.061: [ParNew: 17876K->1388K(19008K), 0.0042946 secs] 31765K->15278K(61376K), 0.0048773 secs] [Times: user=0.01 sys=0.00, real=0.00 secs] 
Heap after GC invocations=12 (full 0):
 par new generation   total 19008K, used 1388K [0x00000000c2600000, 0x00000000c3aa0000, 0x00000000d6e00000)
  eden space 16896K,   0% used [0x00000000c2600000, 0x00000000c2600000, 0x00000000c3680000)
  from space 2112K,  65% used [0x00000000c3680000, 0x00000000c37db3f0, 0x00000000c3890000)
  to   space 2112K,   0% used [0x00000000c3890000, 0x00000000c3890000, 0x00000000c3aa0000)
 concurrent mark-sweep generation total 42368K, used 13889K [0x00000000d6e00000, 0x00000000d9760000, 0x0000000100000000)
 Metaspace       used 11150K, capacity 11422K, committed 11648K, reserved 1058816K
  class space    used 1278K, capacity 1377K, committed 1408K, reserved 1048576K
}
2022-08-07T09:29:46.310+0000: 2.091: Application time: 0.0246984 seconds
{Heap before GC invocations=12 (full 0):
 par new generation   total 19008K, used 18284K [0x00000000c2600000, 0x00000000c3aa0000, 0x00000000d6e00000)
  eden space 16896K, 100% used [0x00000000c2600000, 0x00000000c3680000, 0x00000000c3680000)
  from space 2112K,  65% used [0x00000000c3680000, 0x00000000c37db3f0, 0x00000000c3890000)
  to   space 2112K,   0% used [0x00000000c3890000, 0x00000000c3890000, 0x00000000c3aa0000)
 concurrent mark-sweep generation total 42368K, used 13889K [0x00000000d6e00000, 0x00000000d9760000, 0x0000000100000000)
 Metaspace       used 11375K, capacity 11646K, committed 11776K, reserved 1058816K
  class space    used 1304K, capacity 1409K, committed 1536K, reserved 1048576K
2022-08-07T09:29:46.311+0000: 2.092: [GC (Allocation Failure) 2022-08-07T09:29:46.311+0000: 2.092: [ParNew: 18284K->1370K(19008K), 0.0041542 secs] 32174K->15259K(61376K), 0.0047747 secs] [Times: user=0.01 sys=0.00, real=0.00 secs] 
Heap after GC invocations=13 (full 0):
 par new generation   total 19008K, used 1370K [0x00000000c2600000, 0x00000000c3aa0000, 0x00000000d6e00000)
  eden space 16896K,   0% used [0x00000000c2600000, 0x00000000c2600000, 0x00000000c3680000)
  from space 2112K,  64% used [0x00000000c3890000, 0x00000000c39e6bd0, 0x00000000c3aa0000)
  to   space 2112K,   0% used [0x00000000c3680000, 0x00000000c3680000, 0x00000000c3890000)
 concurrent mark-sweep generation total 42368K, used 13889K [0x00000000d6e00000, 0x00000000d9760000, 0x0000000100000000)
 Metaspace       used 11375K, capacity 11646K, committed 11776K, reserved 1058816K
  class space    used 1304K, capacity 1409K, committed 1536K, reserved 1048576K
}
2022-08-07T09:29:46.345+0000: 2.126: Application time: 0.0292615 seconds
{Heap before GC invocations=13 (full 0):
 par new generation   total 19008K, used 18266K [0x00000000c2600000, 0x00000000c3aa0000, 0x00000000d6e00000)
  eden space 16896K, 100% used [0x00000000c2600000, 0x00000000c3680000, 0x00000000c3680000)
  from space 2112K,  64% used [0x00000000c3890000, 0x00000000c39e6bd0, 0x00000000c3aa0000)
  to   space 2112K,   0% used [0x00000000c3680000, 0x00000000c3680000, 0x00000000c3890000)
 concurrent mark-sweep generation total 42368K, used 13889K [0x00000000d6e00000, 0x00000000d9760000, 0x0000000100000000)
 Metaspace       used 11704K, capacity 11916K, committed 12288K, reserved 1060864K
  class space    used 1335K, capacity 1412K, committed 1536K, reserved 1048576K
2022-08-07T09:29:46.346+0000: 2.127: [GC (Allocation Failure) 2022-08-07T09:29:46.346+0000: 2.127: [ParNew: 18266K->1281K(19008K), 0.0033414 secs] 32155K->15459K(61376K), 0.0042950 secs] [Times: user=0.01 sys=0.00, real=0.01 secs] 
Heap after GC invocations=14 (full 0):
 par new generation   total 19008K, used 1281K [0x00000000c2600000, 0x00000000c3aa0000, 0x00000000d6e00000)
  eden space 16896K,   0% used [0x00000000c2600000, 0x00000000c2600000, 0x00000000c3680000)
  from space 2112K,  60% used [0x00000000c3680000, 0x00000000c37c0610, 0x00000000c3890000)
  to   space 2112K,   0% used [0x00000000c3890000, 0x00000000c3890000, 0x00000000c3aa0000)
 concurrent mark-sweep generation total 42368K, used 14177K [0x00000000d6e00000, 0x00000000d9760000, 0x0000000100000000)
 Metaspace       used 11704K, capacity 11916K, committed 12288K, reserved 1060864K
  class space    used 1335K, capacity 1412K, committed 1536K, reserved 1048576K
}
2022-08-07T09:29:46.374+0000: 2.155: Application time: 0.0226924 seconds
{Heap before GC invocations=14 (full 0):
 par new generation   total 19008K, used 18177K [0x00000000c2600000, 0x00000000c3aa0000, 0x00000000d6e00000)
  eden space 16896K, 100% used [0x00000000c2600000, 0x00000000c3680000, 0x00000000c3680000)
  from space 2112K,  60% used [0x00000000c3680000, 0x00000000c37c0610, 0x00000000c3890000)
  to   space 2112K,   0% used [0x00000000c3890000, 0x00000000c3890000, 0x00000000c3aa0000)
 concurrent mark-sweep generation total 42368K, used 14177K [0x00000000d6e00000, 0x00000000d9760000, 0x0000000100000000)
 Metaspace       used 12028K, capacity 12300K, committed 12544K, reserved 1060864K
  class space    used 1361K, capacity 1476K, committed 1536K, reserved 1048576K
2022-08-07T09:29:46.375+0000: 2.156: [GC (Allocation Failure) 2022-08-07T09:29:46.375+0000: 2.156: [ParNew: 18177K->1276K(19008K), 0.0031830 secs] 32355K->15453K(61376K), 0.0038181 secs] [Times: user=0.01 sys=0.00, real=0.01 secs] 
Heap after GC invocations=15 (full 0):
 par new generation   total 19008K, used 1276K [0x00000000c2600000, 0x00000000c3aa0000, 0x00000000d6e00000)
  eden space 16896K,   0% used [0x00000000c2600000, 0x00000000c2600000, 0x00000000c3680000)
  from space 2112K,  60% used [0x00000000c3890000, 0x00000000c39cf120, 0x00000000c3aa0000)
  to   space 2112K,   0% used [0x00000000c3680000, 0x00000000c3680000, 0x00000000c3890000)
 concurrent mark-sweep generation total 42368K, used 14177K [0x00000000d6e00000, 0x00000000d9760000, 0x0000000100000000)
 Metaspace       used 12028K, capacity 12300K, committed 12544K, reserved 1060864K
  class space    used 1361K, capacity 1476K, committed 1536K, reserved 1048576K
}
2022-08-07T09:29:46.435+0000: 2.216: Application time: 0.0560596 seconds
{Heap before GC invocations=15 (full 0):
 par new generation   total 19008K, used 18172K [0x00000000c2600000, 0x00000000c3aa0000, 0x00000000d6e00000)
  eden space 16896K, 100% used [0x00000000c2600000, 0x00000000c3680000, 0x00000000c3680000)
  from space 2112K,  60% used [0x00000000c3890000, 0x00000000c39cf120, 0x00000000c3aa0000)
  to   space 2112K,   0% used [0x00000000c3680000, 0x00000000c3680000, 0x00000000c3890000)
 concurrent mark-sweep generation total 42368K, used 14177K [0x00000000d6e00000, 0x00000000d9760000, 0x0000000100000000)
 Metaspace       used 12676K, capacity 12992K, committed 13184K, reserved 1060864K
  class space    used 1429K, capacity 1558K, committed 1664K, reserved 1048576K
2022-08-07T09:29:46.436+0000: 2.217: [GC (Allocation Failure) 2022-08-07T09:29:46.436+0000: 2.217: [ParNew: 18172K->1567K(19008K), 0.0031459 secs] 32349K->15745K(61376K), 0.0037411 secs] [Times: user=0.01 sys=0.00, real=0.01 secs] 
Heap after GC invocations=16 (full 0):
 par new generation   total 19008K, used 1567K [0x00000000c2600000, 0x00000000c3aa0000, 0x00000000d6e00000)
  eden space 16896K,   0% used [0x00000000c2600000, 0x00000000c2600000, 0x00000000c3680000)
  from space 2112K,  74% used [0x00000000c3680000, 0x00000000c3807fc8, 0x00000000c3890000)
  to   space 2112K,   0% used [0x00000000c3890000, 0x00000000c3890000, 0x00000000c3aa0000)
 concurrent mark-sweep generation total 42368K, used 14177K [0x00000000d6e00000, 0x00000000d9760000, 0x0000000100000000)
 Metaspace       used 12676K, capacity 12992K, committed 13184K, reserved 1060864K
  class space    used 1429K, capacity 1558K, committed 1664K, reserved 1048576K
}
2022-08-07T09:29:46.497+0000: 2.278: Application time: 0.0568631 seconds
{Heap before GC invocations=16 (full 0):
 par new generation   total 19008K, used 18463K [0x00000000c2600000, 0x00000000c3aa0000, 0x00000000d6e00000)
  eden space 16896K, 100% used [0x00000000c2600000, 0x00000000c3680000, 0x00000000c3680000)
  from space 2112K,  74% used [0x00000000c3680000, 0x00000000c3807fc8, 0x00000000c3890000)
  to   space 2112K,   0% used [0x00000000c3890000, 0x00000000c3890000, 0x00000000c3aa0000)
 concurrent mark-sweep generation total 42368K, used 14177K [0x00000000d6e00000, 0x00000000d9760000, 0x0000000100000000)
 Metaspace       used 13006K, capacity 13280K, committed 13440K, reserved 1060864K
  class space    used 1465K, capacity 1590K, committed 1664K, reserved 1048576K
2022-08-07T09:29:46.498+0000: 2.279: [GC (Allocation Failure) 2022-08-07T09:29:46.498+0000: 2.279: [ParNew: 18463K->1504K(19008K), 0.0039172 secs] 32641K->15892K(61376K), 0.0046737 secs] [Times: user=0.01 sys=0.00, real=0.00 secs] 
Heap after GC invocations=17 (full 0):
 par new generation   total 19008K, used 1504K [0x00000000c2600000, 0x00000000c3aa0000, 0x00000000d6e00000)
  eden space 16896K,   0% used [0x00000000c2600000, 0x00000000c2600000, 0x00000000c3680000)
  from space 2112K,  71% used [0x00000000c3890000, 0x00000000c3a08298, 0x00000000c3aa0000)
  to   space 2112K,   0% used [0x00000000c3680000, 0x00000000c3680000, 0x00000000c3890000)
 concurrent mark-sweep generation total 42368K, used 14387K [0x00000000d6e00000, 0x00000000d9760000, 0x0000000100000000)
 Metaspace       used 13006K, capacity 13280K, committed 13440K, reserved 1060864K
  class space    used 1465K, capacity 1590K, committed 1664K, reserved 1048576K
}
2022-08-07T09:29:46.511+0000: 2.326: Application time: 0.0417006 seconds
{Heap before GC invocations=17 (full 0):
 par new generation   total 19008K, used 18400K [0x00000000c2600000, 0x00000000c3aa0000, 0x00000000d6e00000)
  eden space 16896K, 100% used [0x00000000c2600000, 0x00000000c3680000, 0x00000000c3680000)
  from space 2112K,  71% used [0x00000000c3890000, 0x00000000c3a08298, 0x00000000c3aa0000)
  to   space 2112K,   0% used [0x00000000c3680000, 0x00000000c3680000, 0x00000000c3890000)
 concurrent mark-sweep generation total 42368K, used 14387K [0x00000000d6e00000, 0x00000000d9760000, 0x0000000100000000)
 Metaspace       used 13438K, capacity 13734K, committed 13952K, reserved 1060864K
  class space    used 1516K, capacity 1629K, committed 1664K, reserved 1048576K
2022-08-07T09:29:46.512+0000: 2.326: [GC (Allocation Failure) 2022-08-07T09:29:46.512+0000: 2.327: [ParNew: 18400K->1184K(19008K), 0.0039881 secs] 32788K->15665K(61376K), 0.0045810 secs] [Times: user=0.01 sys=0.00, real=0.01 secs] 
Heap after GC invocations=18 (full 0):
 par new generation   total 19008K, used 1184K [0x00000000c2600000, 0x00000000c3aa0000, 0x00000000d6e00000)
  eden space 16896K,   0% used [0x00000000c2600000, 0x00000000c2600000, 0x00000000c3680000)
  from space 2112K,  56% used [0x00000000c3680000, 0x00000000c37a8068, 0x00000000c3890000)
  to   space 2112K,   0% used [0x00000000c3890000, 0x00000000c3890000, 0x00000000c3aa0000)
 concurrent mark-sweep generation total 42368K, used 14480K [0x00000000d6e00000, 0x00000000d9760000, 0x0000000100000000)
 Metaspace       used 13438K, capacity 13734K, committed 13952K, reserved 1060864K
  class space    used 1516K, capacity 1629K, committed 1664K, reserved 1048576K
}
2022-08-07T09:29:46.552+0000: 2.366: Application time: 0.0348989 seconds
{Heap before GC invocations=18 (full 0):
 par new generation   total 19008K, used 18080K [0x00000000c2600000, 0x00000000c3aa0000, 0x00000000d6e00000)
  eden space 16896K, 100% used [0x00000000c2600000, 0x00000000c3680000, 0x00000000c3680000)
  from space 2112K,  56% used [0x00000000c3680000, 0x00000000c37a8068, 0x00000000c3890000)
  to   space 2112K,   0% used [0x00000000c3890000, 0x00000000c3890000, 0x00000000c3aa0000)
 concurrent mark-sweep generation total 42368K, used 14480K [0x00000000d6e00000, 0x00000000d9760000, 0x0000000100000000)
 Metaspace       used 13863K, capacity 14214K, committed 14592K, reserved 1062912K
  class space    used 1568K, capacity 1677K, committed 1792K, reserved 1048576K
2022-08-07T09:29:46.553+0000: 2.367: [GC (Allocation Failure) 2022-08-07T09:29:46.553+0000: 2.368: [ParNew: 18080K->1167K(19008K), 0.0038639 secs] 32561K->15748K(61376K), 0.0045701 secs] [Times: user=0.01 sys=0.00, real=0.01 secs] 
Heap after GC invocations=19 (full 0):
 par new generation   total 19008K, used 1167K [0x00000000c2600000, 0x00000000c3aa0000, 0x00000000d6e00000)
  eden space 16896K,   0% used [0x00000000c2600000, 0x00000000c2600000, 0x00000000c3680000)
  from space 2112K,  55% used [0x00000000c3890000, 0x00000000c39b3ee0, 0x00000000c3aa0000)
  to   space 2112K,   0% used [0x00000000c3680000, 0x00000000c3680000, 0x00000000c3890000)
 concurrent mark-sweep generation total 42368K, used 14581K [0x00000000d6e00000, 0x00000000d9760000, 0x0000000100000000)
 Metaspace       used 13863K, capacity 14214K, committed 14592K, reserved 1062912K
  class space    used 1568K, capacity 1677K, committed 1792K, reserved 1048576K
}
2022-08-07T09:29:46.586+0000: 2.400: Application time: 0.0278496 seconds
2022-08-07T09:29:46.604+0000: 2.419: Application time: 0.0173533 seconds
{Heap before GC invocations=19 (full 0):
 par new generation   total 19008K, used 18063K [0x00000000c2600000, 0x00000000c3aa0000, 0x00000000d6e00000)
  eden space 16896K, 100% used [0x00000000c2600000, 0x00000000c3680000, 0x00000000c3680000)
  from space 2112K,  55% used [0x00000000c3890000, 0x00000000c39b3ee0, 0x00000000c3aa0000)
  to   space 2112K,   0% used [0x00000000c3680000, 0x00000000c3680000, 0x00000000c3890000)
 concurrent mark-sweep generation total 42368K, used 14581K [0x00000000d6e00000, 0x00000000d9760000, 0x0000000100000000)
 Metaspace       used 14321K, capacity 14646K, committed 14848K, reserved 1062912K
  class space    used 1632K, capacity 1751K, committed 1792K, reserved 1048576K
2022-08-07T09:29:46.605+0000: 2.419: [GC (Allocation Failure) 2022-08-07T09:29:46.606+0000: 2.420: [ParNew: 18063K->1156K(19008K), 0.0034205 secs] 32644K->15769K(61376K), 0.0046931 secs] [Times: user=0.01 sys=0.00, real=0.00 secs] 
Heap after GC invocations=20 (full 0):
 par new generation   total 19008K, used 1156K [0x00000000c2600000, 0x00000000c3aa0000, 0x00000000d6e00000)
  eden space 16896K,   0% used [0x00000000c2600000, 0x00000000c2600000, 0x00000000c3680000)
  from space 2112K,  54% used [0x00000000c3680000, 0x00000000c37a1098, 0x00000000c3890000)
  to   space 2112K,   0% used [0x00000000c3890000, 0x00000000c3890000, 0x00000000c3aa0000)
 concurrent mark-sweep generation total 42368K, used 14613K [0x00000000d6e00000, 0x00000000d9760000, 0x0000000100000000)
 Metaspace       used 14321K, capacity 14646K, committed 14848K, reserved 1062912K
  class space    used 1632K, capacity 1751K, committed 1792K, reserved 1048576K
}
2022-08-07T09:29:46.679+0000: 2.494: Application time: 0.0689340 seconds
{Heap before GC invocations=20 (full 0):
 par new generation   total 19008K, used 18052K [0x00000000c2600000, 0x00000000c3aa0000, 0x00000000d6e00000)
  eden space 16896K, 100% used [0x00000000c2600000, 0x00000000c3680000, 0x00000000c3680000)
  from space 2112K,  54% used [0x00000000c3680000, 0x00000000c37a1098, 0x00000000c3890000)
  to   space 2112K,   0% used [0x00000000c3890000, 0x00000000c3890000, 0x00000000c3aa0000)
 concurrent mark-sweep generation total 42368K, used 14613K [0x00000000d6e00000, 0x00000000d9760000, 0x0000000100000000)
 Metaspace       used 14790K, capacity 15190K, committed 15488K, reserved 1062912K
  class space    used 1703K, capacity 1845K, committed 1920K, reserved 1048576K
2022-08-07T09:29:46.680+0000: 2.495: [GC (Allocation Failure) 2022-08-07T09:29:46.680+0000: 2.495: [ParNew: 18052K->1288K(19008K), 0.0047708 secs] 32665K->15980K(61376K), 0.0054483 secs] [Times: user=0.00 sys=0.01, real=0.01 secs] 
Heap after GC invocations=21 (full 0):
 par new generation   total 19008K, used 1288K [0x00000000c2600000, 0x00000000c3aa0000, 0x00000000d6e00000)
  eden space 16896K,   0% used [0x00000000c2600000, 0x00000000c2600000, 0x00000000c3680000)
  from space 2112K,  61% used [0x00000000c3890000, 0x00000000c39d2350, 0x00000000c3aa0000)
  to   space 2112K,   0% used [0x00000000c3680000, 0x00000000c3680000, 0x00000000c3890000)
 concurrent mark-sweep generation total 42368K, used 14691K [0x00000000d6e00000, 0x00000000d9760000, 0x0000000100000000)
 Metaspace       used 14790K, capacity 15190K, committed 15488K, reserved 1062912K
  class space    used 1703K, capacity 1845K, committed 1920K, reserved 1048576K
}
2022-08-07T09:29:46.730+0000: 2.545: Application time: 0.0441678 seconds
{Heap before GC invocations=21 (full 0):
 par new generation   total 19008K, used 18184K [0x00000000c2600000, 0x00000000c3aa0000, 0x00000000d6e00000)
  eden space 16896K, 100% used [0x00000000c2600000, 0x00000000c3680000, 0x00000000c3680000)
  from space 2112K,  61% used [0x00000000c3890000, 0x00000000c39d2350, 0x00000000c3aa0000)
  to   space 2112K,   0% used [0x00000000c3680000, 0x00000000c3680000, 0x00000000c3890000)
 concurrent mark-sweep generation total 42368K, used 14691K [0x00000000d6e00000, 0x00000000d9760000, 0x0000000100000000)
 Metaspace       used 15017K, capacity 15438K, committed 15488K, reserved 1062912K
  class space    used 1738K, capacity 1881K, committed 1920K, reserved 1048576K
2022-08-07T09:29:46.731+0000: 2.545: [GC (Allocation Failure) 2022-08-07T09:29:46.731+0000: 2.546: [ParNew: 18184K->1432K(19008K), 0.0042928 secs] 32876K->16175K(61376K), 0.0050583 secs] [Times: user=0.00 sys=0.01, real=0.01 secs] 
Heap after GC invocations=22 (full 0):
 par new generation   total 19008K, used 1432K [0x00000000c2600000, 0x00000000c3aa0000, 0x00000000d6e00000)
  eden space 16896K,   0% used [0x00000000c2600000, 0x00000000c2600000, 0x00000000c3680000)
  from space 2112K,  67% used [0x00000000c3680000, 0x00000000c37e6108, 0x00000000c3890000)
  to   space 2112K,   0% used [0x00000000c3890000, 0x00000000c3890000, 0x00000000c3aa0000)
 concurrent mark-sweep generation total 42368K, used 14743K [0x00000000d6e00000, 0x00000000d9760000, 0x0000000100000000)
 Metaspace       used 15017K, capacity 15438K, committed 15488K, reserved 1062912K
  class space    used 1738K, capacity 1881K, committed 1920K, reserved 1048576K
}
2022-08-07T09:29:46.800+0000: 2.614: Application time: 0.0630310 seconds
{Heap before GC invocations=22 (full 0):
 par new generation   total 19008K, used 18328K [0x00000000c2600000, 0x00000000c3aa0000, 0x00000000d6e00000)
  eden space 16896K, 100% used [0x00000000c2600000, 0x00000000c3680000, 0x00000000c3680000)
  from space 2112K,  67% used [0x00000000c3680000, 0x00000000c37e6108, 0x00000000c3890000)
  to   space 2112K,   0% used [0x00000000c3890000, 0x00000000c3890000, 0x00000000c3aa0000)
 concurrent mark-sweep generation total 42368K, used 14743K [0x00000000d6e00000, 0x00000000d9760000, 0x0000000100000000)
 Metaspace       used 15415K, capacity 15860K, committed 16000K, reserved 1062912K
  class space    used 1801K, capacity 1914K, committed 1920K, reserved 1048576K
2022-08-07T09:29:46.800+0000: 2.615: [GC (Allocation Failure) 2022-08-07T09:29:46.801+0000: 2.615: [ParNew: 18328K->1350K(19008K), 0.0035542 secs] 33071K->16176K(61376K), 0.0042127 secs] [Times: user=0.01 sys=0.00, real=0.01 secs] 
Heap after GC invocations=23 (full 0):
 par new generation   total 19008K, used 1350K [0x00000000c2600000, 0x00000000c3aa0000, 0x00000000d6e00000)
  eden space 16896K,   0% used [0x00000000c2600000, 0x00000000c2600000, 0x00000000c3680000)
  from space 2112K,  63% used [0x00000000c3890000, 0x00000000c39e1aa8, 0x00000000c3aa0000)
  to   space 2112K,   0% used [0x00000000c3680000, 0x00000000c3680000, 0x00000000c3890000)
 concurrent mark-sweep generation total 42368K, used 14825K [0x00000000d6e00000, 0x00000000d9760000, 0x0000000100000000)
 Metaspace       used 15415K, capacity 15860K, committed 16000K, reserved 1062912K
  class space    used 1801K, capacity 1914K, committed 1920K, reserved 1048576K
}
2022-08-07T09:29:46.856+0000: 2.670: Application time: 0.0505763 seconds
{Heap before GC invocations=23 (full 0):
 par new generation   total 19008K, used 18246K [0x00000000c2600000, 0x00000000c3aa0000, 0x00000000d6e00000)
  eden space 16896K, 100% used [0x00000000c2600000, 0x00000000c3680000, 0x00000000c3680000)
  from space 2112K,  63% used [0x00000000c3890000, 0x00000000c39e1aa8, 0x00000000c3aa0000)
  to   space 2112K,   0% used [0x00000000c3680000, 0x00000000c3680000, 0x00000000c3890000)
 concurrent mark-sweep generation total 42368K, used 14825K [0x00000000d6e00000, 0x00000000d9760000, 0x0000000100000000)
 Metaspace       used 15657K, capacity 16084K, committed 16128K, reserved 1062912K
  class space    used 1856K, capacity 2010K, committed 2048K, reserved 1048576K
2022-08-07T09:29:46.857+0000: 2.671: [GC (Allocation Failure) 2022-08-07T09:29:46.857+0000: 2.672: [ParNew: 18246K->1312K(19008K), 0.0049084 secs] 33072K->16187K(61376K), 0.0060887 secs] [Times: user=0.00 sys=0.01, real=0.00 secs] 
Heap after GC invocations=24 (full 0):
 par new generation   total 19008K, used 1312K [0x00000000c2600000, 0x00000000c3aa0000, 0x00000000d6e00000)
  eden space 16896K,   0% used [0x00000000c2600000, 0x00000000c2600000, 0x00000000c3680000)
  from space 2112K,  62% used [0x00000000c3680000, 0x00000000c37c80d8, 0x00000000c3890000)
  to   space 2112K,   0% used [0x00000000c3890000, 0x00000000c3890000, 0x00000000c3aa0000)
 concurrent mark-sweep generation total 42368K, used 14875K [0x00000000d6e00000, 0x00000000d9760000, 0x0000000100000000)
 Metaspace       used 15657K, capacity 16084K, committed 16128K, reserved 1062912K
  class space    used 1856K, capacity 2010K, committed 2048K, reserved 1048576K
}
2022-08-07T09:29:46.915+0000: 2.729: Application time: 0.0510866 seconds
{Heap before GC invocations=24 (full 0):
 par new generation   total 19008K, used 18208K [0x00000000c2600000, 0x00000000c3aa0000, 0x00000000d6e00000)
  eden space 16896K, 100% used [0x00000000c2600000, 0x00000000c3680000, 0x00000000c3680000)
  from space 2112K,  62% used [0x00000000c3680000, 0x00000000c37c80d8, 0x00000000c3890000)
  to   space 2112K,   0% used [0x00000000c3890000, 0x00000000c3890000, 0x00000000c3aa0000)
 concurrent mark-sweep generation total 42368K, used 14875K [0x00000000d6e00000, 0x00000000d9760000, 0x0000000100000000)
 Metaspace       used 15893K, capacity 16340K, committed 16512K, reserved 1062912K
  class space    used 1914K, capacity 2074K, committed 2176K, reserved 1048576K
2022-08-07T09:29:46.915+0000: 2.730: [GC (Allocation Failure) 2022-08-07T09:29:46.916+0000: 2.730: [ParNew: 18208K->1239K(19008K), 0.0051071 secs] 33083K->16258K(61376K), 0.0058209 secs] [Times: user=0.01 sys=0.01, real=0.00 secs] 
Heap after GC invocations=25 (full 0):
 par new generation   total 19008K, used 1239K [0x00000000c2600000, 0x00000000c3aa0000, 0x00000000d6e00000)
  eden space 16896K,   0% used [0x00000000c2600000, 0x00000000c2600000, 0x00000000c3680000)
  from space 2112K,  58% used [0x00000000c3890000, 0x00000000c39c5ca8, 0x00000000c3aa0000)
  to   space 2112K,   0% used [0x00000000c3680000, 0x00000000c3680000, 0x00000000c3890000)
 concurrent mark-sweep generation total 42368K, used 15019K [0x00000000d6e00000, 0x00000000d9760000, 0x0000000100000000)
 Metaspace       used 15893K, capacity 16340K, committed 16512K, reserved 1062912K
  class space    used 1914K, capacity 2074K, committed 2176K, reserved 1048576K
}
2022-08-07T09:29:46.971+0000: 2.785: Application time: 0.0485923 seconds
2022-08-07T09:29:46.990+0000: 2.804: Application time: 0.0185101 seconds
{Heap before GC invocations=25 (full 0):
 par new generation   total 19008K, used 18135K [0x00000000c2600000, 0x00000000c3aa0000, 0x00000000d6e00000)
  eden space 16896K, 100% used [0x00000000c2600000, 0x00000000c3680000, 0x00000000c3680000)
  from space 2112K,  58% used [0x00000000c3890000, 0x00000000c39c5ca8, 0x00000000c3aa0000)
  to   space 2112K,   0% used [0x00000000c3680000, 0x00000000c3680000, 0x00000000c3890000)
 concurrent mark-sweep generation total 42368K, used 15019K [0x00000000d6e00000, 0x00000000d9760000, 0x0000000100000000)
 Metaspace       used 16207K, capacity 16680K, committed 16768K, reserved 1064960K
  class space    used 1973K, capacity 2118K, committed 2176K, reserved 1048576K
2022-08-07T09:29:46.991+0000: 2.806: [GC (Allocation Failure) 2022-08-07T09:29:46.992+0000: 2.807: [ParNew: 18135K->1715K(19008K), 0.0111141 secs] 33154K->16796K(61376K), 0.0124714 secs] [Times: user=0.02 sys=0.00, real=0.02 secs] 
Heap after GC invocations=26 (full 0):
 par new generation   total 19008K, used 1715K [0x00000000c2600000, 0x00000000c3aa0000, 0x00000000d6e00000)
  eden space 16896K,   0% used [0x00000000c2600000, 0x00000000c2600000, 0x00000000c3680000)
  from space 2112K,  81% used [0x00000000c3680000, 0x00000000c382cdd0, 0x00000000c3890000)
  to   space 2112K,   0% used [0x00000000c3890000, 0x00000000c3890000, 0x00000000c3aa0000)
 concurrent mark-sweep generation total 42368K, used 15081K [0x00000000d6e00000, 0x00000000d9760000, 0x0000000100000000)
 Metaspace       used 16207K, capacity 16680K, committed 16768K, reserved 1064960K
  class space    used 1973K, capacity 2118K, committed 2176K, reserved 1048576K
}
2022-08-07T09:29:47.029+0000: 2.844: Application time: 0.0248782 seconds
{Heap before GC invocations=26 (full 0):
 par new generation   total 19008K, used 18611K [0x00000000c2600000, 0x00000000c3aa0000, 0x00000000d6e00000)
  eden space 16896K, 100% used [0x00000000c2600000, 0x00000000c3680000, 0x00000000c3680000)
  from space 2112K,  81% used [0x00000000c3680000, 0x00000000c382cdd0, 0x00000000c3890000)
  to   space 2112K,   0% used [0x00000000c3890000, 0x00000000c3890000, 0x00000000c3aa0000)
 concurrent mark-sweep generation total 42368K, used 15081K [0x00000000d6e00000, 0x00000000d9760000, 0x0000000100000000)
 Metaspace       used 16435K, capacity 16926K, committed 17024K, reserved 1064960K
  class space    used 2008K, capacity 2157K, committed 2176K, reserved 1048576K
2022-08-07T09:29:47.030+0000: 2.845: [GC (Allocation Failure) 2022-08-07T09:29:47.031+0000: 2.845: [ParNew: 18611K->1287K(19008K), 0.0105625 secs] 33692K->16541K(61376K), 0.0113296 secs] [Times: user=0.03 sys=0.00, real=0.01 secs] 
Heap after GC invocations=27 (full 0):
 par new generation   total 19008K, used 1287K [0x00000000c2600000, 0x00000000c3aa0000, 0x00000000d6e00000)
  eden space 16896K,   0% used [0x00000000c2600000, 0x00000000c2600000, 0x00000000c3680000)
  from space 2112K,  60% used [0x00000000c3890000, 0x00000000c39d1f58, 0x00000000c3aa0000)
  to   space 2112K,   0% used [0x00000000c3680000, 0x00000000c3680000, 0x00000000c3890000)
 concurrent mark-sweep generation total 42368K, used 15254K [0x00000000d6e00000, 0x00000000d9760000, 0x0000000100000000)
 Metaspace       used 16435K, capacity 16926K, committed 17024K, reserved 1064960K
  class space    used 2008K, capacity 2157K, committed 2176K, reserved 1048576K
}
2022-08-07T09:29:47.072+0000: 2.886: Application time: 0.0290212 seconds
{Heap before GC invocations=27 (full 0):
 par new generation   total 19008K, used 18183K [0x00000000c2600000, 0x00000000c3aa0000, 0x00000000d6e00000)
  eden space 16896K, 100% used [0x00000000c2600000, 0x00000000c3680000, 0x00000000c3680000)
  from space 2112K,  60% used [0x00000000c3890000, 0x00000000c39d1f58, 0x00000000c3aa0000)
  to   space 2112K,   0% used [0x00000000c3680000, 0x00000000c3680000, 0x00000000c3890000)
 concurrent mark-sweep generation total 42368K, used 15254K [0x00000000d6e00000, 0x00000000d9760000, 0x0000000100000000)
 Metaspace       used 16595K, capacity 17066K, committed 17280K, reserved 1064960K
  class space    used 2028K, capacity 2159K, committed 2176K, reserved 1048576K
2022-08-07T09:29:47.073+0000: 2.887: [GC (Allocation Failure) 2022-08-07T09:29:47.073+0000: 2.888: [ParNew: 18183K->1182K(19008K), 0.0039564 secs] 33437K->16436K(61376K), 0.0051587 secs] [Times: user=0.01 sys=0.00, real=0.01 secs] 
Heap after GC invocations=28 (full 0):
 par new generation   total 19008K, used 1182K [0x00000000c2600000, 0x00000000c3aa0000, 0x00000000d6e00000)
  eden space 16896K,   0% used [0x00000000c2600000, 0x00000000c2600000, 0x00000000c3680000)
  from space 2112K,  55% used [0x00000000c3680000, 0x00000000c37a7858, 0x00000000c3890000)
  to   space 2112K,   0% used [0x00000000c3890000, 0x00000000c3890000, 0x00000000c3aa0000)
 concurrent mark-sweep generation total 42368K, used 15254K [0x00000000d6e00000, 0x00000000d9760000, 0x0000000100000000)
 Metaspace       used 16595K, capacity 17066K, committed 17280K, reserved 1064960K
  class space    used 2028K, capacity 2159K, committed 2176K, reserved 1048576K
}
2022-08-07T09:29:47.142+0000: 2.956: Application time: 0.0563263 seconds
{Heap before GC invocations=28 (full 0):
 par new generation   total 19008K, used 18078K [0x00000000c2600000, 0x00000000c3aa0000, 0x00000000d6e00000)
  eden space 16896K, 100% used [0x00000000c2600000, 0x00000000c3680000, 0x00000000c3680000)
  from space 2112K,  55% used [0x00000000c3680000, 0x00000000c37a7858, 0x00000000c3890000)
  to   space 2112K,   0% used [0x00000000c3890000, 0x00000000c3890000, 0x00000000c3aa0000)
 concurrent mark-sweep generation total 42368K, used 15254K [0x00000000d6e00000, 0x00000000d9760000, 0x0000000100000000)
 Metaspace       used 16882K, capacity 17406K, committed 17664K, reserved 1064960K
  class space    used 2065K, capacity 2203K, committed 2304K, reserved 1048576K
2022-08-07T09:29:47.143+0000: 2.957: [GC (Allocation Failure) 2022-08-07T09:29:47.143+0000: 2.958: [ParNew: 18078K->1481K(19008K), 0.0026287 secs] 33332K->16795K(61376K), 0.0034637 secs] [Times: user=0.01 sys=0.00, real=0.01 secs] 
Heap after GC invocations=29 (full 0):
 par new generation   total 19008K, used 1481K [0x00000000c2600000, 0x00000000c3aa0000, 0x00000000d6e00000)
  eden space 16896K,   0% used [0x00000000c2600000, 0x00000000c2600000, 0x00000000c3680000)
  from space 2112K,  70% used [0x00000000c3890000, 0x00000000c3a02470, 0x00000000c3aa0000)
  to   space 2112K,   0% used [0x00000000c3680000, 0x00000000c3680000, 0x00000000c3890000)
 concurrent mark-sweep generation total 42368K, used 15314K [0x00000000d6e00000, 0x00000000d9760000, 0x0000000100000000)
 Metaspace       used 16882K, capacity 17406K, committed 17664K, reserved 1064960K
  class space    used 2065K, capacity 2203K, committed 2304K, reserved 1048576K
}
2022-08-07T09:29:47.166+0000: 2.981: Application time: 0.0192397 seconds
2022-08-07T09:29:47.169+0000: 2.983: Application time: 0.0016998 seconds
2022-08-07T09:29:47.192+0000: 3.007: Application time: 0.0234704 seconds
{Heap before GC invocations=29 (full 0):
 par new generation   total 19008K, used 18377K [0x00000000c2600000, 0x00000000c3aa0000, 0x00000000d6e00000)
  eden space 16896K, 100% used [0x00000000c2600000, 0x00000000c3680000, 0x00000000c3680000)
  from space 2112K,  70% used [0x00000000c3890000, 0x00000000c3a02470, 0x00000000c3aa0000)
  to   space 2112K,   0% used [0x00000000c3680000, 0x00000000c3680000, 0x00000000c3890000)
 concurrent mark-sweep generation total 42368K, used 15314K [0x00000000d6e00000, 0x00000000d9760000, 0x0000000100000000)
 Metaspace       used 17302K, capacity 17844K, committed 17920K, reserved 1064960K
  class space    used 2122K, capacity 2256K, committed 2304K, reserved 1048576K
2022-08-07T09:29:47.193+0000: 3.008: [GC (Allocation Failure) 2022-08-07T09:29:47.194+0000: 3.008: [ParNew: 18377K->1798K(19008K), 0.0030195 secs] 33691K->17395K(61376K), 0.0036570 secs] [Times: user=0.01 sys=0.00, real=0.00 secs] 
Heap after GC invocations=30 (full 0):
 par new generation   total 19008K, used 1798K [0x00000000c2600000, 0x00000000c3aa0000, 0x00000000d6e00000)
  eden space 16896K,   0% used [0x00000000c2600000, 0x00000000c2600000, 0x00000000c3680000)
  from space 2112K,  85% used [0x00000000c3680000, 0x00000000c3841bc0, 0x00000000c3890000)
  to   space 2112K,   0% used [0x00000000c3890000, 0x00000000c3890000, 0x00000000c3aa0000)
 concurrent mark-sweep generation total 42368K, used 15596K [0x00000000d6e00000, 0x00000000d9760000, 0x0000000100000000)
 Metaspace       used 17302K, capacity 17844K, committed 17920K, reserved 1064960K
  class space    used 2122K, capacity 2256K, committed 2304K, reserved 1048576K
}
2022-08-07T09:29:47.218+0000: 3.033: Application time: 0.0208725 seconds
2022-08-07T09:29:47.231+0000: 3.046: Application time: 0.0125495 seconds
{Heap before GC invocations=30 (full 0):
 par new generation   total 19008K, used 18694K [0x00000000c2600000, 0x00000000c3aa0000, 0x00000000d6e00000)
  eden space 16896K, 100% used [0x00000000c2600000, 0x00000000c3680000, 0x00000000c3680000)
  from space 2112K,  85% used [0x00000000c3680000, 0x00000000c3841bc0, 0x00000000c3890000)
  to   space 2112K,   0% used [0x00000000c3890000, 0x00000000c3890000, 0x00000000c3aa0000)
 concurrent mark-sweep generation total 42368K, used 15596K [0x00000000d6e00000, 0x00000000d9760000, 0x0000000100000000)
 Metaspace       used 17632K, capacity 18190K, committed 18304K, reserved 1064960K
  class space    used 2165K, capacity 2327K, committed 2432K, reserved 1048576K
2022-08-07T09:29:47.232+0000: 3.047: [GC (Allocation Failure) 2022-08-07T09:29:47.233+0000: 3.047: [ParNew: 18694K->1197K(19008K), 0.0022856 secs] 34291K->16940K(61376K), 0.0030040 secs] [Times: user=0.01 sys=0.00, real=0.01 secs] 
Heap after GC invocations=31 (full 0):
 par new generation   total 19008K, used 1197K [0x00000000c2600000, 0x00000000c3aa0000, 0x00000000d6e00000)
  eden space 16896K,   0% used [0x00000000c2600000, 0x00000000c2600000, 0x00000000c3680000)
  from space 2112K,  56% used [0x00000000c3890000, 0x00000000c39bb4f0, 0x00000000c3aa0000)
  to   space 2112K,   0% used [0x00000000c3680000, 0x00000000c3680000, 0x00000000c3890000)
 concurrent mark-sweep generation total 42368K, used 15743K [0x00000000d6e00000, 0x00000000d9760000, 0x0000000100000000)
 Metaspace       used 17632K, capacity 18190K, committed 18304K, reserved 1064960K
  class space    used 2165K, capacity 2327K, committed 2432K, reserved 1048576K
}
2022-08-07T09:29:47.301+0000: 3.116: Application time: 0.0656871 seconds
{Heap before GC invocations=31 (full 0):
 par new generation   total 19008K, used 18093K [0x00000000c2600000, 0x00000000c3aa0000, 0x00000000d6e00000)
  eden space 16896K, 100% used [0x00000000c2600000, 0x00000000c3680000, 0x00000000c3680000)
  from space 2112K,  56% used [0x00000000c3890000, 0x00000000c39bb4f0, 0x00000000c3aa0000)
  to   space 2112K,   0% used [0x00000000c3680000, 0x00000000c3680000, 0x00000000c3890000)
 concurrent mark-sweep generation total 42368K, used 15743K [0x00000000d6e00000, 0x00000000d9760000, 0x0000000100000000)
 Metaspace       used 18311K, capacity 18872K, committed 19072K, reserved 1067008K
  class space    used 2248K, capacity 2428K, committed 2432K, reserved 1048576K
2022-08-07T09:29:47.305+0000: 3.119: [GC (Allocation Failure) 2022-08-07T09:29:47.305+0000: 3.120: [ParNew: 18093K->1818K(19008K), 0.0025995 secs] 33836K->17562K(61376K), 0.0036662 secs] [Times: user=0.01 sys=0.00, real=0.00 secs] 
Heap after GC invocations=32 (full 0):
 par new generation   total 19008K, used 1818K [0x00000000c2600000, 0x00000000c3aa0000, 0x00000000d6e00000)
  eden space 16896K,   0% used [0x00000000c2600000, 0x00000000c2600000, 0x00000000c3680000)
  from space 2112K,  86% used [0x00000000c3680000, 0x00000000c3846b88, 0x00000000c3890000)
  to   space 2112K,   0% used [0x00000000c3890000, 0x00000000c3890000, 0x00000000c3aa0000)
 concurrent mark-sweep generation total 42368K, used 15743K [0x00000000d6e00000, 0x00000000d9760000, 0x0000000100000000)
 Metaspace       used 18311K, capacity 18872K, committed 19072K, reserved 1067008K
  class space    used 2248K, capacity 2428K, committed 2432K, reserved 1048576K
}
2022-08-07T09:29:47.341+0000: 3.156: Application time: 0.0318387 seconds
{Heap before GC invocations=32 (full 0):
 par new generation   total 19008K, used 18714K [0x00000000c2600000, 0x00000000c3aa0000, 0x00000000d6e00000)
  eden space 16896K, 100% used [0x00000000c2600000, 0x00000000c3680000, 0x00000000c3680000)
  from space 2112K,  86% used [0x00000000c3680000, 0x00000000c3846b88, 0x00000000c3890000)
  to   space 2112K,   0% used [0x00000000c3890000, 0x00000000c3890000, 0x00000000c3aa0000)
 concurrent mark-sweep generation total 42368K, used 15743K [0x00000000d6e00000, 0x00000000d9760000, 0x0000000100000000)
 Metaspace       used 18821K, capacity 19448K, committed 19712K, reserved 1067008K
  class space    used 2298K, capacity 2492K, committed 2560K, reserved 1048576K
2022-08-07T09:29:47.342+0000: 3.156: [GC (Allocation Failure) 2022-08-07T09:29:47.342+0000: 3.157: [ParNew: 18714K->1217K(19008K), 0.0044267 secs] 34458K->17245K(61376K), 0.0050972 secs] [Times: user=0.00 sys=0.00, real=0.01 secs] 
Heap after GC invocations=33 (full 0):
 par new generation   total 19008K, used 1217K [0x00000000c2600000, 0x00000000c3aa0000, 0x00000000d6e00000)
  eden space 16896K,   0% used [0x00000000c2600000, 0x00000000c2600000, 0x00000000c3680000)
  from space 2112K,  57% used [0x00000000c3890000, 0x00000000c39c0660, 0x00000000c3aa0000)
  to   space 2112K,   0% used [0x00000000c3680000, 0x00000000c3680000, 0x00000000c3890000)
 concurrent mark-sweep generation total 42368K, used 16027K [0x00000000d6e00000, 0x00000000d9760000, 0x0000000100000000)
 Metaspace       used 18821K, capacity 19448K, committed 19712K, reserved 1067008K
  class space    used 2298K, capacity 2492K, committed 2560K, reserved 1048576K
}
2022-08-07T09:29:47.377+0000: 3.192: Application time: 0.0294653 seconds
{Heap before GC invocations=33 (full 0):
 par new generation   total 19008K, used 18113K [0x00000000c2600000, 0x00000000c3aa0000, 0x00000000d6e00000)
  eden space 16896K, 100% used [0x00000000c2600000, 0x00000000c3680000, 0x00000000c3680000)
  from space 2112K,  57% used [0x00000000c3890000, 0x00000000c39c0660, 0x00000000c3aa0000)
  to   space 2112K,   0% used [0x00000000c3680000, 0x00000000c3680000, 0x00000000c3890000)
 concurrent mark-sweep generation total 42368K, used 16027K [0x00000000d6e00000, 0x00000000d9760000, 0x0000000100000000)
 Metaspace       used 19248K, capacity 19864K, committed 19968K, reserved 1067008K
  class space    used 2339K, capacity 2524K, committed 2560K, reserved 1048576K
2022-08-07T09:29:47.378+0000: 3.193: [GC (Allocation Failure) 2022-08-07T09:29:47.378+0000: 3.193: [ParNew: 18113K->1319K(19008K), 0.0019218 secs] 34141K->17347K(61376K), 0.0025824 secs] [Times: user=0.01 sys=0.00, real=0.00 secs] 
Heap after GC invocations=34 (full 0):
 par new generation   total 19008K, used 1319K [0x00000000c2600000, 0x00000000c3aa0000, 0x00000000d6e00000)
  eden space 16896K,   0% used [0x00000000c2600000, 0x00000000c2600000, 0x00000000c3680000)
  from space 2112K,  62% used [0x00000000c3680000, 0x00000000c37c9dd0, 0x00000000c3890000)
  to   space 2112K,   0% used [0x00000000c3890000, 0x00000000c3890000, 0x00000000c3aa0000)
 concurrent mark-sweep generation total 42368K, used 16027K [0x00000000d6e00000, 0x00000000d9760000, 0x0000000100000000)
 Metaspace       used 19248K, capacity 19864K, committed 19968K, reserved 1067008K
  class space    used 2339K, capacity 2524K, committed 2560K, reserved 1048576K
}
2022-08-07T09:29:47.408+0000: 3.222: Application time: 0.0262798 seconds
{Heap before GC invocations=34 (full 0):
 par new generation   total 19008K, used 18215K [0x00000000c2600000, 0x00000000c3aa0000, 0x00000000d6e00000)
  eden space 16896K, 100% used [0x00000000c2600000, 0x00000000c3680000, 0x00000000c3680000)
  from space 2112K,  62% used [0x00000000c3680000, 0x00000000c37c9dd0, 0x00000000c3890000)
  to   space 2112K,   0% used [0x00000000c3890000, 0x00000000c3890000, 0x00000000c3aa0000)
 concurrent mark-sweep generation total 42368K, used 16027K [0x00000000d6e00000, 0x00000000d9760000, 0x0000000100000000)
 Metaspace       used 19599K, capacity 20218K, committed 20480K, reserved 1067008K
  class space    used 2377K, capacity 2557K, committed 2560K, reserved 1048576K
2022-08-07T09:29:47.408+0000: 3.223: [GC (Allocation Failure) 2022-08-07T09:29:47.409+0000: 3.223: [ParNew: 18215K->1240K(19008K), 0.0020113 secs] 34243K->17267K(61376K), 0.0029548 secs] [Times: user=0.01 sys=0.00, real=0.00 secs] 
Heap after GC invocations=35 (full 0):
 par new generation   total 19008K, used 1240K [0x00000000c2600000, 0x00000000c3aa0000, 0x00000000d6e00000)
  eden space 16896K,   0% used [0x00000000c2600000, 0x00000000c2600000, 0x00000000c3680000)
  from space 2112K,  58% used [0x00000000c3890000, 0x00000000c39c6088, 0x00000000c3aa0000)
  to   space 2112K,   0% used [0x00000000c3680000, 0x00000000c3680000, 0x00000000c3890000)
 concurrent mark-sweep generation total 42368K, used 16027K [0x00000000d6e00000, 0x00000000d9760000, 0x0000000100000000)
 Metaspace       used 19599K, capacity 20218K, committed 20480K, reserved 1067008K
  class space    used 2377K, capacity 2557K, committed 2560K, reserved 1048576K
}
2022-08-07T09:29:47.440+0000: 3.255: Application time: 0.0280923 seconds
{Heap before GC invocations=35 (full 0):
 par new generation   total 19008K, used 18136K [0x00000000c2600000, 0x00000000c3aa0000, 0x00000000d6e00000)
  eden space 16896K, 100% used [0x00000000c2600000, 0x00000000c3680000, 0x00000000c3680000)
  from space 2112K,  58% used [0x00000000c3890000, 0x00000000c39c6088, 0x00000000c3aa0000)
  to   space 2112K,   0% used [0x00000000c3680000, 0x00000000c3680000, 0x00000000c3890000)
 concurrent mark-sweep generation total 42368K, used 16027K [0x00000000d6e00000, 0x00000000d9760000, 0x0000000100000000)
 Metaspace       used 20038K, capacity 20636K, committed 20864K, reserved 1067008K
  class space    used 2417K, capacity 2590K, committed 2688K, reserved 1048576K
2022-08-07T09:29:47.441+0000: 3.255: [GC (Allocation Failure) 2022-08-07T09:29:47.441+0000: 3.256: [ParNew: 18136K->1445K(19008K), 0.0021638 secs] 34163K->17511K(61376K), 0.0028909 secs] [Times: user=0.01 sys=0.01, real=0.01 secs] 
Heap after GC invocations=36 (full 0):
 par new generation   total 19008K, used 1445K [0x00000000c2600000, 0x00000000c3aa0000, 0x00000000d6e00000)
  eden space 16896K,   0% used [0x00000000c2600000, 0x00000000c2600000, 0x00000000c3680000)
  from space 2112K,  68% used [0x00000000c3680000, 0x00000000c37e95b0, 0x00000000c3890000)
  to   space 2112K,   0% used [0x00000000c3890000, 0x00000000c3890000, 0x00000000c3aa0000)
 concurrent mark-sweep generation total 42368K, used 16065K [0x00000000d6e00000, 0x00000000d9760000, 0x0000000100000000)
 Metaspace       used 20038K, capacity 20636K, committed 20864K, reserved 1067008K
  class space    used 2417K, capacity 2590K, committed 2688K, reserved 1048576K
}
2022-08-07T09:29:47.473+0000: 3.287: Application time: 0.0285372 seconds
{Heap before GC invocations=36 (full 0):
 par new generation   total 19008K, used 18341K [0x00000000c2600000, 0x00000000c3aa0000, 0x00000000d6e00000)
  eden space 16896K, 100% used [0x00000000c2600000, 0x00000000c3680000, 0x00000000c3680000)
  from space 2112K,  68% used [0x00000000c3680000, 0x00000000c37e95b0, 0x00000000c3890000)
  to   space 2112K,   0% used [0x00000000c3890000, 0x00000000c3890000, 0x00000000c3aa0000)
 concurrent mark-sweep generation total 42368K, used 16065K [0x00000000d6e00000, 0x00000000d9760000, 0x0000000100000000)
 Metaspace       used 20357K, capacity 20988K, committed 21120K, reserved 1067008K
  class space    used 2449K, capacity 2622K, committed 2688K, reserved 1048576K
2022-08-07T09:29:47.474+0000: 3.288: [GC (Allocation Failure) 2022-08-07T09:29:47.474+0000: 3.289: [ParNew: 18341K->1113K(19008K), 0.0023868 secs] 34407K->17230K(61376K), 0.0032651 secs] [Times: user=0.01 sys=0.00, real=0.00 secs] 
Heap after GC invocations=37 (full 0):
 par new generation   total 19008K, used 1113K [0x00000000c2600000, 0x00000000c3aa0000, 0x00000000d6e00000)
  eden space 16896K,   0% used [0x00000000c2600000, 0x00000000c2600000, 0x00000000c3680000)
  from space 2112K,  52% used [0x00000000c3890000, 0x00000000c39a6538, 0x00000000c3aa0000)
  to   space 2112K,   0% used [0x00000000c3680000, 0x00000000c3680000, 0x00000000c3890000)
 concurrent mark-sweep generation total 42368K, used 16116K [0x00000000d6e00000, 0x00000000d9760000, 0x0000000100000000)
 Metaspace       used 20357K, capacity 20988K, committed 21120K, reserved 1067008K
  class space    used 2449K, capacity 2622K, committed 2688K, reserved 1048576K
}
2022-08-07T09:29:47.500+0000: 3.315: Application time: 0.0222226 seconds
2022-08-07T09:29:47.508+0000: 3.323: Application time: 0.0078442 seconds
{Heap before GC invocations=37 (full 0):
 par new generation   total 19008K, used 18009K [0x00000000c2600000, 0x00000000c3aa0000, 0x00000000d6e00000)
  eden space 16896K, 100% used [0x00000000c2600000, 0x00000000c3680000, 0x00000000c3680000)
  from space 2112K,  52% used [0x00000000c3890000, 0x00000000c39a6538, 0x00000000c3aa0000)
  to   space 2112K,   0% used [0x00000000c3680000, 0x00000000c3680000, 0x00000000c3890000)
 concurrent mark-sweep generation total 42368K, used 16116K [0x00000000d6e00000, 0x00000000d9760000, 0x0000000100000000)
 Metaspace       used 20675K, capacity 21308K, committed 21552K, reserved 1069056K
  class space    used 2502K, capacity 2686K, committed 2688K, reserved 1048576K
2022-08-07T09:29:47.509+0000: 3.324: [GC (Allocation Failure) 2022-08-07T09:29:47.509+0000: 3.324: [ParNew: 18009K->1024K(19008K), 0.0024422 secs] 34126K->17307K(61376K), 0.0031864 secs] [Times: user=0.00 sys=0.00, real=0.00 secs] 
Heap after GC invocations=38 (full 0):
 par new generation   total 19008K, used 1024K [0x00000000c2600000, 0x00000000c3aa0000, 0x00000000d6e00000)
  eden space 16896K,   0% used [0x00000000c2600000, 0x00000000c2600000, 0x00000000c3680000)
  from space 2112K,  48% used [0x00000000c3680000, 0x00000000c3780168, 0x00000000c3890000)
  to   space 2112K,   0% used [0x00000000c3890000, 0x00000000c3890000, 0x00000000c3aa0000)
 concurrent mark-sweep generation total 42368K, used 16282K [0x00000000d6e00000, 0x00000000d9760000, 0x0000000100000000)
 Metaspace       used 20675K, capacity 21308K, committed 21552K, reserved 1069056K
  class space    used 2502K, capacity 2686K, committed 2688K, reserved 1048576K
}
2022-08-07T09:29:47.513+0000: 3.328: Application time: 0.0003807 seconds
2022-08-07T09:29:47.514+0000: 3.329: [GC (CMS Initial Mark) [1 CMS-initial-mark: 16282K(42368K)] 17839K(61376K), 0.0037672 secs] [Times: user=0.01 sys=0.01, real=0.00 secs] 
2022-08-07T09:29:47.519+0000: 3.333: [CMS-concurrent-mark-start]
2022-08-07T09:29:47.549+0000: 3.364: [CMS-concurrent-mark: 0.030/0.030 secs] [Times: user=0.06 sys=0.02, real=0.03 secs] 
2022-08-07T09:29:47.550+0000: 3.364: Application time: 0.0310300 seconds
2022-08-07T09:29:47.550+0000: 3.365: [CMS-concurrent-preclean-start]
2022-08-07T09:29:47.551+0000: 3.366: Application time: 0.0008600 seconds
2022-08-07T09:29:47.555+0000: 3.369: [CMS-concurrent-preclean: 0.002/0.004 secs] [Times: user=0.00 sys=0.01, real=0.01 secs] 
2022-08-07T09:29:47.555+0000: 3.370: [CMS-concurrent-abortable-preclean-start]
2022-08-07T09:29:47.559+0000: 3.374: Application time: 0.0078178 seconds
{Heap before GC invocations=38 (full 1):
 par new generation   total 19008K, used 17920K [0x00000000c2600000, 0x00000000c3aa0000, 0x00000000d6e00000)
  eden space 16896K, 100% used [0x00000000c2600000, 0x00000000c3680000, 0x00000000c3680000)
  from space 2112K,  48% used [0x00000000c3680000, 0x00000000c3780168, 0x00000000c3890000)
  to   space 2112K,   0% used [0x00000000c3890000, 0x00000000c3890000, 0x00000000c3aa0000)
 concurrent mark-sweep generation total 42368K, used 16282K [0x00000000d6e00000, 0x00000000d9760000, 0x0000000100000000)
 Metaspace       used 20952K, capacity 21556K, committed 21884K, reserved 1069056K
  class space    used 2541K, capacity 2726K, committed 2764K, reserved 1048576K
2022-08-07T09:29:47.560+0000: 3.375: [GC (Allocation Failure) 2022-08-07T09:29:47.562+0000: 3.376: [ParNew: 17920K->773K(19008K), 0.0143222 secs] 34203K->17159K(61376K), 0.0159857 secs] [Times: user=0.01 sys=0.00, real=0.02 secs] 
Heap after GC invocations=39 (full 1):
 par new generation   total 19008K, used 773K [0x00000000c2600000, 0x00000000c3aa0000, 0x00000000d6e00000)
  eden space 16896K,   0% used [0x00000000c2600000, 0x00000000c2600000, 0x00000000c3680000)
  from space 2112K,  36% used [0x00000000c3890000, 0x00000000c39514a8, 0x00000000c3aa0000)
  to   space 2112K,   0% used [0x00000000c3680000, 0x00000000c3680000, 0x00000000c3890000)
 concurrent mark-sweep generation total 42368K, used 16386K [0x00000000d6e00000, 0x00000000d9760000, 0x0000000100000000)
 Metaspace       used 20952K, capacity 21556K, committed 21884K, reserved 1069056K
  class space    used 2541K, capacity 2726K, committed 2764K, reserved 1048576K
}
2022-08-07T09:29:47.598+0000: 3.413: [CMS-concurrent-abortable-preclean: 0.014/0.043 secs] [Times: user=0.05 sys=0.03, real=0.04 secs] 
2022-08-07T09:29:47.600+0000: 3.415: Application time: 0.0231925 seconds
2022-08-07T09:29:47.601+0000: 3.416: [GC (CMS Final Remark) [YG occupancy: 15518 K (19008 K)]2022-08-07T09:29:47.602+0000: 3.416: [Rescan (parallel) , 0.0087089 secs]2022-08-07T09:29:47.611+0000: 3.426: [weak refs processing, 0.0005634 secs]2022-08-07T09:29:47.612+0000: 3.427: [class unloading, 0.0037239 secs]2022-08-07T09:29:47.616+0000: 3.431: [scrub symbol table, 0.0032553 secs]2022-08-07T09:29:47.620+0000: 3.435: [scrub string table, 0.0007380 secs][1 CMS-remark: 16386K(42368K)] 31904K(61376K), 0.0203086 secs] [Times: user=0.02 sys=0.00, real=0.02 secs] 
2022-08-07T09:29:47.623+0000: 3.438: [CMS-concurrent-sweep-start]
2022-08-07T09:29:47.627+0000: 3.441: Application time: 0.0041471 seconds
{Heap before GC invocations=39 (full 1):
 par new generation   total 19008K, used 17669K [0x00000000c2600000, 0x00000000c3aa0000, 0x00000000d6e00000)
  eden space 16896K, 100% used [0x00000000c2600000, 0x00000000c3680000, 0x00000000c3680000)
  from space 2112K,  36% used [0x00000000c3890000, 0x00000000c39514a8, 0x00000000c3aa0000)
  to   space 2112K,   0% used [0x00000000c3680000, 0x00000000c3680000, 0x00000000c3890000)
 concurrent mark-sweep generation total 42368K, used 16346K [0x00000000d6e00000, 0x00000000d9760000, 0x0000000100000000)
 Metaspace       used 21229K, capacity 21844K, committed 21960K, reserved 1069056K
  class space    used 2575K, capacity 2758K, committed 2764K, reserved 1048576K
2022-08-07T09:29:47.628+0000: 3.443: [GC (Allocation Failure) 2022-08-07T09:29:47.629+0000: 3.443: [ParNew: 17669K->967K(19008K), 0.0036435 secs] 34015K->17358K(61376K), 0.0045223 secs] [Times: user=0.01 sys=0.00, real=0.01 secs] 
Heap after GC invocations=40 (full 1):
 par new generation   total 19008K, used 967K [0x00000000c2600000, 0x00000000c3aa0000, 0x00000000d6e00000)
  eden space 16896K,   0% used [0x00000000c2600000, 0x00000000c2600000, 0x00000000c3680000)
  from space 2112K,  45% used [0x00000000c3680000, 0x00000000c3771fb0, 0x00000000c3890000)
  to   space 2112K,   0% used [0x00000000c3890000, 0x00000000c3890000, 0x00000000c3aa0000)
 concurrent mark-sweep generation total 42368K, used 16390K [0x00000000d6e00000, 0x00000000d9760000, 0x0000000100000000)
 Metaspace       used 21229K, capacity 21844K, committed 21960K, reserved 1069056K
  class space    used 2575K, capacity 2758K, committed 2764K, reserved 1048576K
}
2022-08-07T09:29:47.639+0000: 3.453: [CMS-concurrent-sweep: 0.008/0.015 secs] [Times: user=0.03 sys=0.01, real=0.01 secs] 
2022-08-07T09:29:47.640+0000: 3.454: [CMS-concurrent-reset-start]
2022-08-07T09:29:47.731+0000: 3.545: Application time: 0.0975538 seconds
{Heap before GC invocations=40 (full 1):
 par new generation   total 19008K, used 17863K [0x00000000c2600000, 0x00000000c3aa0000, 0x00000000d6e00000)
  eden space 16896K, 100% used [0x00000000c2600000, 0x00000000c3680000, 0x00000000c3680000)
  from space 2112K,  45% used [0x00000000c3680000, 0x00000000c3771fb0, 0x00000000c3890000)
  to   space 2112K,   0% used [0x00000000c3890000, 0x00000000c3890000, 0x00000000c3aa0000)
 concurrent mark-sweep generation total 42368K, used 15929K [0x00000000d6e00000, 0x00000000d9760000, 0x0000000100000000)
 Metaspace       used 21524K, capacity 22184K, committed 22600K, reserved 1069056K
  class space    used 2622K, capacity 2808K, committed 2892K, reserved 1048576K
2022-08-07T09:29:47.731+0000: 3.546: [GC (Allocation Failure) 2022-08-07T09:29:47.732+0000: 3.547: [ParNew: 17863K->911K(19008K), 0.0046232 secs] 33793K->16912K(61376K), 0.0054713 secs] [Times: user=0.01 sys=0.00, real=0.01 secs] 
Heap after GC invocations=41 (full 1):
 par new generation   total 19008K, used 911K [0x00000000c2600000, 0x00000000c3aa0000, 0x00000000d6e00000)
  eden space 16896K,   0% used [0x00000000c2600000, 0x00000000c2600000, 0x00000000c3680000)
  from space 2112K,  43% used [0x00000000c3890000, 0x00000000c3973c28, 0x00000000c3aa0000)
  to   space 2112K,   0% used [0x00000000c3680000, 0x00000000c3680000, 0x00000000c3890000)
 concurrent mark-sweep generation total 42368K, used 16001K [0x00000000d6e00000, 0x00000000d9760000, 0x0000000100000000)
 Metaspace       used 21524K, capacity 22184K, committed 22600K, reserved 1069056K
  class space    used 2622K, capacity 2808K, committed 2892K, reserved 1048576K
}
2022-08-07T09:29:47.760+0000: 3.575: [CMS-concurrent-reset: 0.114/0.121 secs] [Times: user=0.13 sys=0.18, real=0.12 secs] 
2022-08-07T09:29:47.814+0000: 3.628: Application time: 0.0760889 seconds
{Heap before GC invocations=41 (full 1):
 par new generation   total 19008K, used 17807K [0x00000000c2600000, 0x00000000c3aa0000, 0x00000000d6e00000)
  eden space 16896K, 100% used [0x00000000c2600000, 0x00000000c3680000, 0x00000000c3680000)
  from space 2112K,  43% used [0x00000000c3890000, 0x00000000c3973c28, 0x00000000c3aa0000)
  to   space 2112K,   0% used [0x00000000c3680000, 0x00000000c3680000, 0x00000000c3890000)
 concurrent mark-sweep generation total 42368K, used 16001K [0x00000000d6e00000, 0x00000000d9760000, 0x0000000100000000)
 Metaspace       used 21966K, capacity 22614K, committed 22856K, reserved 1069056K
  class space    used 2683K, capacity 2843K, committed 2892K, reserved 1048576K
2022-08-07T09:29:47.814+0000: 3.629: [GC (Allocation Failure) 2022-08-07T09:29:47.815+0000: 3.629: [ParNew: 17807K->1049K(19008K), 0.0045680 secs] 33808K->17085K(61376K), 0.0054237 secs] [Times: user=0.01 sys=0.00, real=0.00 secs] 
Heap after GC invocations=42 (full 1):
 par new generation   total 19008K, used 1049K [0x00000000c2600000, 0x00000000c3aa0000, 0x00000000d6e00000)
  eden space 16896K,   0% used [0x00000000c2600000, 0x00000000c2600000, 0x00000000c3680000)
  from space 2112K,  49% used [0x00000000c3680000, 0x00000000c37864a8, 0x00000000c3890000)
  to   space 2112K,   0% used [0x00000000c3890000, 0x00000000c3890000, 0x00000000c3aa0000)
 concurrent mark-sweep generation total 42368K, used 16035K [0x00000000d6e00000, 0x00000000d9760000, 0x0000000100000000)
 Metaspace       used 21966K, capacity 22614K, committed 22856K, reserved 1069056K
  class space    used 2683K, capacity 2843K, committed 2892K, reserved 1048576K
}
2022-08-07T09:29:47.883+0000: 3.697: Application time: 0.0620541 seconds
{Heap before GC invocations=42 (full 1):
 par new generation   total 19008K, used 17945K [0x00000000c2600000, 0x00000000c3aa0000, 0x00000000d6e00000)
  eden space 16896K, 100% used [0x00000000c2600000, 0x00000000c3680000, 0x00000000c3680000)
  from space 2112K,  49% used [0x00000000c3680000, 0x00000000c37864a8, 0x00000000c3890000)
  to   space 2112K,   0% used [0x00000000c3890000, 0x00000000c3890000, 0x00000000c3aa0000)
 concurrent mark-sweep generation total 42368K, used 16035K [0x00000000d6e00000, 0x00000000d9760000, 0x0000000100000000)
 Metaspace       used 22396K, capacity 23004K, committed 23240K, reserved 1069056K
  class space    used 2756K, capacity 2910K, committed 3020K, reserved 1048576K
2022-08-07T09:29:47.885+0000: 3.700: [GC (Allocation Failure) 2022-08-07T09:29:47.889+0000: 3.704: [ParNew: 17945K->1115K(19008K), 0.0038933 secs] 33981K->17189K(61376K), 0.0083981 secs] [Times: user=0.01 sys=0.00, real=0.01 secs] 
Heap after GC invocations=43 (full 1):
 par new generation   total 19008K, used 1115K [0x00000000c2600000, 0x00000000c3aa0000, 0x00000000d6e00000)
  eden space 16896K,   0% used [0x00000000c2600000, 0x00000000c2600000, 0x00000000c3680000)
  from space 2112K,  52% used [0x00000000c3890000, 0x00000000c39a6fa0, 0x00000000c3aa0000)
  to   space 2112K,   0% used [0x00000000c3680000, 0x00000000c3680000, 0x00000000c3890000)
 concurrent mark-sweep generation total 42368K, used 16073K [0x00000000d6e00000, 0x00000000d9760000, 0x0000000100000000)
 Metaspace       used 22396K, capacity 23004K, committed 23240K, reserved 1069056K
  class space    used 2756K, capacity 2910K, committed 3020K, reserved 1048576K
}
2022-08-07T09:29:47.941+0000: 3.756: Application time: 0.0469618 seconds
2022-08-07T09:29:47.967+0000: 3.782: Application time: 0.0251584 seconds
{Heap before GC invocations=43 (full 1):
 par new generation   total 19008K, used 18011K [0x00000000c2600000, 0x00000000c3aa0000, 0x00000000d6e00000)
  eden space 16896K, 100% used [0x00000000c2600000, 0x00000000c3680000, 0x00000000c3680000)
  from space 2112K,  52% used [0x00000000c3890000, 0x00000000c39a6fa0, 0x00000000c3aa0000)
  to   space 2112K,   0% used [0x00000000c3680000, 0x00000000c3680000, 0x00000000c3890000)
 concurrent mark-sweep generation total 42368K, used 16073K [0x00000000d6e00000, 0x00000000d9760000, 0x0000000100000000)
 Metaspace       used 22776K, capacity 23414K, committed 23752K, reserved 1071104K
  class space    used 2805K, capacity 2969K, committed 3020K, reserved 1048576K
2022-08-07T09:29:47.969+0000: 3.783: [GC (Allocation Failure) 2022-08-07T09:29:47.969+0000: 3.784: [ParNew: 18011K->1003K(19008K), 0.0040960 secs] 34085K->17122K(61376K), 0.0048195 secs] [Times: user=0.02 sys=0.00, real=0.01 secs] 
Heap after GC invocations=44 (full 1):
 par new generation   total 19008K, used 1003K [0x00000000c2600000, 0x00000000c3aa0000, 0x00000000d6e00000)
  eden space 16896K,   0% used [0x00000000c2600000, 0x00000000c2600000, 0x00000000c3680000)
  from space 2112K,  47% used [0x00000000c3680000, 0x00000000c377af50, 0x00000000c3890000)
  to   space 2112K,   0% used [0x00000000c3890000, 0x00000000c3890000, 0x00000000c3aa0000)
 concurrent mark-sweep generation total 42368K, used 16118K [0x00000000d6e00000, 0x00000000d9760000, 0x0000000100000000)
 Metaspace       used 22776K, capacity 23414K, committed 23752K, reserved 1071104K
  class space    used 2805K, capacity 2969K, committed 3020K, reserved 1048576K
}
2022-08-07T09:29:48.003+0000: 3.818: Application time: 0.0290560 seconds
{Heap before GC invocations=44 (full 1):
 par new generation   total 19008K, used 17899K [0x00000000c2600000, 0x00000000c3aa0000, 0x00000000d6e00000)
  eden space 16896K, 100% used [0x00000000c2600000, 0x00000000c3680000, 0x00000000c3680000)
  from space 2112K,  47% used [0x00000000c3680000, 0x00000000c377af50, 0x00000000c3890000)
  to   space 2112K,   0% used [0x00000000c3890000, 0x00000000c3890000, 0x00000000c3aa0000)
 concurrent mark-sweep generation total 42368K, used 16118K [0x00000000d6e00000, 0x00000000d9760000, 0x0000000100000000)
 Metaspace       used 23087K, capacity 23718K, committed 24008K, reserved 1071104K
  class space    used 2833K, capacity 3005K, committed 3020K, reserved 1048576K
2022-08-07T09:29:48.004+0000: 3.819: [GC (Allocation Failure) 2022-08-07T09:29:48.004+0000: 3.819: [ParNew: 17899K->1157K(19008K), 0.0039868 secs] 34018K->17325K(61376K), 0.0047118 secs] [Times: user=0.01 sys=0.00, real=0.00 secs] 
Heap after GC invocations=45 (full 1):
 par new generation   total 19008K, used 1157K [0x00000000c2600000, 0x00000000c3aa0000, 0x00000000d6e00000)
  eden space 16896K,   0% used [0x00000000c2600000, 0x00000000c2600000, 0x00000000c3680000)
  from space 2112K,  54% used [0x00000000c3890000, 0x00000000c39b15d8, 0x00000000c3aa0000)
  to   space 2112K,   0% used [0x00000000c3680000, 0x00000000c3680000, 0x00000000c3890000)
 concurrent mark-sweep generation total 42368K, used 16167K [0x00000000d6e00000, 0x00000000d9760000, 0x0000000100000000)
 Metaspace       used 23087K, capacity 23718K, committed 24008K, reserved 1071104K
  class space    used 2833K, capacity 3005K, committed 3020K, reserved 1048576K
}
2022-08-07T09:29:48.031+0000: 3.845: Application time: 0.0212546 seconds
2022-08-07T09:29:48.074+0000: 3.888: Application time: 0.0427788 seconds
{Heap before GC invocations=45 (full 1):
 par new generation   total 19008K, used 18053K [0x00000000c2600000, 0x00000000c3aa0000, 0x00000000d6e00000)
  eden space 16896K, 100% used [0x00000000c2600000, 0x00000000c3680000, 0x00000000c3680000)
  from space 2112K,  54% used [0x00000000c3890000, 0x00000000c39b15d8, 0x00000000c3aa0000)
  to   space 2112K,   0% used [0x00000000c3680000, 0x00000000c3680000, 0x00000000c3890000)
 concurrent mark-sweep generation total 42368K, used 16167K [0x00000000d6e00000, 0x00000000d9760000, 0x0000000100000000)
 Metaspace       used 23586K, capacity 24244K, committed 24392K, reserved 1071104K
  class space    used 2896K, capacity 3084K, committed 3148K, reserved 1048576K
2022-08-07T09:29:48.081+0000: 3.895: [GC (Allocation Failure) 2022-08-07T09:29:48.081+0000: 3.896: [ParNew: 18053K->1102K(19008K), 0.0038040 secs] 34221K->17321K(61376K), 0.0045709 secs] [Times: user=0.01 sys=0.00, real=0.01 secs] 
Heap after GC invocations=46 (full 1):
 par new generation   total 19008K, used 1102K [0x00000000c2600000, 0x00000000c3aa0000, 0x00000000d6e00000)
  eden space 16896K,   0% used [0x00000000c2600000, 0x00000000c2600000, 0x00000000c3680000)
  from space 2112K,  52% used [0x00000000c3680000, 0x00000000c37939b8, 0x00000000c3890000)
  to   space 2112K,   0% used [0x00000000c3890000, 0x00000000c3890000, 0x00000000c3aa0000)
 concurrent mark-sweep generation total 42368K, used 16218K [0x00000000d6e00000, 0x00000000d9760000, 0x0000000100000000)
 Metaspace       used 23586K, capacity 24244K, committed 24392K, reserved 1071104K
  class space    used 2896K, capacity 3084K, committed 3148K, reserved 1048576K
}
2022-08-07T09:29:48.212+0000: 4.027: Application time: 0.1261341 seconds
{Heap before GC invocations=46 (full 1):
 par new generation   total 19008K, used 17998K [0x00000000c2600000, 0x00000000c3aa0000, 0x00000000d6e00000)
  eden space 16896K, 100% used [0x00000000c2600000, 0x00000000c3680000, 0x00000000c3680000)
  from space 2112K,  52% used [0x00000000c3680000, 0x00000000c37939b8, 0x00000000c3890000)
  to   space 2112K,   0% used [0x00000000c3890000, 0x00000000c3890000, 0x00000000c3aa0000)
 concurrent mark-sweep generation total 42368K, used 16218K [0x00000000d6e00000, 0x00000000d9760000, 0x0000000100000000)
 Metaspace       used 23981K, capacity 24724K, committed 24904K, reserved 1071104K
  class space    used 2940K, capacity 3142K, committed 3148K, reserved 1048576K
2022-08-07T09:29:48.213+0000: 4.027: [GC (Allocation Failure) 2022-08-07T09:29:48.213+0000: 4.027: [ParNew: 17998K->1679K(19008K), 0.0034061 secs] 34217K->17947K(61376K), 0.0039250 secs] [Times: user=0.01 sys=0.00, real=0.01 secs] 
Heap after GC invocations=47 (full 1):
 par new generation   total 19008K, used 1679K [0x00000000c2600000, 0x00000000c3aa0000, 0x00000000d6e00000)
  eden space 16896K,   0% used [0x00000000c2600000, 0x00000000c2600000, 0x00000000c3680000)
  from space 2112K,  79% used [0x00000000c3890000, 0x00000000c3a33dc8, 0x00000000c3aa0000)
  to   space 2112K,   0% used [0x00000000c3680000, 0x00000000c3680000, 0x00000000c3890000)
 concurrent mark-sweep generation total 42368K, used 16267K [0x00000000d6e00000, 0x00000000d9760000, 0x0000000100000000)
 Metaspace       used 23981K, capacity 24724K, committed 24904K, reserved 1071104K
  class space    used 2940K, capacity 3142K, committed 3148K, reserved 1048576K
}
2022-08-07T09:29:48.281+0000: 4.095: Application time: 0.0631609 seconds
{Heap before GC invocations=47 (full 1):
 par new generation   total 19008K, used 18575K [0x00000000c2600000, 0x00000000c3aa0000, 0x00000000d6e00000)
  eden space 16896K, 100% used [0x00000000c2600000, 0x00000000c3680000, 0x00000000c3680000)
  from space 2112K,  79% used [0x00000000c3890000, 0x00000000c3a33dc8, 0x00000000c3aa0000)
  to   space 2112K,   0% used [0x00000000c3680000, 0x00000000c3680000, 0x00000000c3890000)
 concurrent mark-sweep generation total 42368K, used 16267K [0x00000000d6e00000, 0x00000000d9760000, 0x0000000100000000)
 Metaspace       used 24440K, capacity 25178K, committed 25288K, reserved 1071104K
  class space    used 2995K, capacity 3207K, committed 3276K, reserved 1048576K
2022-08-07T09:29:48.282+0000: 4.096: [GC (Allocation Failure) 2022-08-07T09:29:48.282+0000: 4.097: [ParNew: 18575K->1587K(19008K), 0.0069980 secs] 34843K->18115K(61376K), 0.0076154 secs] [Times: user=0.02 sys=0.00, real=0.01 secs] 
Heap after GC invocations=48 (full 1):
 par new generation   total 19008K, used 1587K [0x00000000c2600000, 0x00000000c3aa0000, 0x00000000d6e00000)
  eden space 16896K,   0% used [0x00000000c2600000, 0x00000000c2600000, 0x00000000c3680000)
  from space 2112K,  75% used [0x00000000c3680000, 0x00000000c380cf48, 0x00000000c3890000)
  to   space 2112K,   0% used [0x00000000c3890000, 0x00000000c3890000, 0x00000000c3aa0000)
 concurrent mark-sweep generation total 42368K, used 16527K [0x00000000d6e00000, 0x00000000d9760000, 0x0000000100000000)
 Metaspace       used 24440K, capacity 25178K, committed 25288K, reserved 1071104K
  class space    used 2995K, capacity 3207K, committed 3276K, reserved 1048576K
}
2022-08-07T09:29:48.367+0000: 4.182: Application time: 0.0771966 seconds
2022-08-07T09:29:48.376+0000: 4.190: Application time: 0.0080991 seconds
{Heap before GC invocations=48 (full 1):
 par new generation   total 19008K, used 18483K [0x00000000c2600000, 0x00000000c3aa0000, 0x00000000d6e00000)
  eden space 16896K, 100% used [0x00000000c2600000, 0x00000000c3680000, 0x00000000c3680000)
  from space 2112K,  75% used [0x00000000c3680000, 0x00000000c380cf48, 0x00000000c3890000)
  to   space 2112K,   0% used [0x00000000c3890000, 0x00000000c3890000, 0x00000000c3aa0000)
 concurrent mark-sweep generation total 42368K, used 16527K [0x00000000d6e00000, 0x00000000d9760000, 0x0000000100000000)
 Metaspace       used 25149K, capacity 25914K, committed 26184K, reserved 1073152K
  class space    used 3081K, capacity 3303K, committed 3404K, reserved 1048576K
2022-08-07T09:29:48.377+0000: 4.191: [GC (Allocation Failure) 2022-08-07T09:29:48.377+0000: 4.191: [ParNew: 18483K->1854K(19008K), 0.0073889 secs] 35011K->18509K(61376K), 0.0081581 secs] [Times: user=0.01 sys=0.00, real=0.01 secs] 
Heap after GC invocations=49 (full 1):
 par new generation   total 19008K, used 1854K [0x00000000c2600000, 0x00000000c3aa0000, 0x00000000d6e00000)
  eden space 16896K,   0% used [0x00000000c2600000, 0x00000000c2600000, 0x00000000c3680000)
  from space 2112K,  87% used [0x00000000c3890000, 0x00000000c3a5f9e8, 0x00000000c3aa0000)
  to   space 2112K,   0% used [0x00000000c3680000, 0x00000000c3680000, 0x00000000c3890000)
 concurrent mark-sweep generation total 42368K, used 16655K [0x00000000d6e00000, 0x00000000d9760000, 0x0000000100000000)
 Metaspace       used 25149K, capacity 25914K, committed 26184K, reserved 1073152K
  class space    used 3081K, capacity 3303K, committed 3404K, reserved 1048576K
}
2022-08-07T09:29:48.386+0000: 4.200: Application time: 0.0002868 seconds
2022-08-07T09:29:48.386+0000: 4.201: Application time: 0.0001839 seconds
2022-08-07T09:29:48.387+0000: 4.201: Application time: 0.0001995 seconds
2022-08-07T09:29:48.387+0000: 4.202: Application time: 0.0001535 seconds
2022-08-07T09:29:48.388+0000: 4.203: Application time: 0.0005054 seconds
2022-08-07T09:29:48.389+0000: 4.203: Application time: 0.0001549 seconds
2022-08-07T09:29:48.389+0000: 4.203: Application time: 0.0001526 seconds
2022-08-07T09:29:48.447+0000: 4.261: Application time: 0.0573089 seconds
{Heap before GC invocations=49 (full 1):
 par new generation   total 19008K, used 18750K [0x00000000c2600000, 0x00000000c3aa0000, 0x00000000d6e00000)
  eden space 16896K, 100% used [0x00000000c2600000, 0x00000000c3680000, 0x00000000c3680000)
  from space 2112K,  87% used [0x00000000c3890000, 0x00000000c3a5f9e8, 0x00000000c3aa0000)
  to   space 2112K,   0% used [0x00000000c3680000, 0x00000000c3680000, 0x00000000c3890000)
 concurrent mark-sweep generation total 42368K, used 16655K [0x00000000d6e00000, 0x00000000d9760000, 0x0000000100000000)
 Metaspace       used 25512K, capacity 26276K, committed 26440K, reserved 1073152K
  class space    used 3130K, capacity 3338K, committed 3404K, reserved 1048576K
2022-08-07T09:29:48.447+0000: 4.262: [GC (Allocation Failure) 2022-08-07T09:29:48.448+0000: 4.262: [ParNew: 18750K->1676K(19008K), 0.0041637 secs] 35405K->18554K(61376K), 0.0048429 secs] [Times: user=0.01 sys=0.00, real=0.00 secs] 
Heap after GC invocations=50 (full 1):
 par new generation   total 19008K, used 1676K [0x00000000c2600000, 0x00000000c3aa0000, 0x00000000d6e00000)
  eden space 16896K,   0% used [0x00000000c2600000, 0x00000000c2600000, 0x00000000c3680000)
  from space 2112K,  79% used [0x00000000c3680000, 0x00000000c3823310, 0x00000000c3890000)
  to   space 2112K,   0% used [0x00000000c3890000, 0x00000000c3890000, 0x00000000c3aa0000)
 concurrent mark-sweep generation total 42368K, used 16878K [0x00000000d6e00000, 0x00000000d9760000, 0x0000000100000000)
 Metaspace       used 25512K, capacity 26276K, committed 26440K, reserved 1073152K
  class space    used 3130K, capacity 3338K, committed 3404K, reserved 1048576K
}
2022-08-07T09:29:48.453+0000: 4.267: Application time: 0.0003762 seconds
2022-08-07T09:29:48.454+0000: 4.268: Application time: 0.0001480 seconds
2022-08-07T09:29:48.454+0000: 4.269: Application time: 0.0001699 seconds
2022-08-07T09:29:48.455+0000: 4.270: Application time: 0.0002467 seconds
2022-08-07T09:29:48.456+0000: 4.271: Application time: 0.0005217 seconds
2022-08-07T09:29:48.457+0000: 4.271: Application time: 0.0002154 seconds
2022-08-07T09:29:48.457+0000: 4.272: Application time: 0.0002181 seconds
2022-08-07T09:29:48.458+0000: 4.272: Application time: 0.0001895 seconds
2022-08-07T09:29:48.458+0000: 4.273: Application time: 0.0001978 seconds
2022-08-07T09:29:48.459+0000: 4.273: Application time: 0.0001885 seconds
2022-08-07T09:29:48.459+0000: 4.274: Application time: 0.0002067 seconds
2022-08-07T09:29:48.460+0000: 4.274: Application time: 0.0002005 seconds
2022-08-07T09:29:48.461+0000: 4.275: Application time: 0.0001903 seconds
2022-08-07T09:29:48.490+0000: 4.305: Application time: 0.0291236 seconds
{Heap before GC invocations=50 (full 1):
 par new generation   total 19008K, used 18572K [0x00000000c2600000, 0x00000000c3aa0000, 0x00000000d6e00000)
  eden space 16896K, 100% used [0x00000000c2600000, 0x00000000c3680000, 0x00000000c3680000)
  from space 2112K,  79% used [0x00000000c3680000, 0x00000000c3823310, 0x00000000c3890000)
  to   space 2112K,   0% used [0x00000000c3890000, 0x00000000c3890000, 0x00000000c3aa0000)
 concurrent mark-sweep generation total 42368K, used 16878K [0x00000000d6e00000, 0x00000000d9760000, 0x0000000100000000)
 Metaspace       used 25543K, capacity 26298K, committed 26440K, reserved 1073152K
  class space    used 3134K, capacity 3343K, committed 3404K, reserved 1048576K
2022-08-07T09:29:48.491+0000: 4.305: [GC (Allocation Failure) 2022-08-07T09:29:48.491+0000: 4.306: [ParNew: 18572K->1312K(19008K), 0.0071163 secs] 35450K->18632K(61376K), 0.0077566 secs] [Times: user=0.02 sys=0.00, real=0.01 secs] 
Heap after GC invocations=51 (full 1):
 par new generation   total 19008K, used 1312K [0x00000000c2600000, 0x00000000c3aa0000, 0x00000000d6e00000)
  eden space 16896K,   0% used [0x00000000c2600000, 0x00000000c2600000, 0x00000000c3680000)
  from space 2112K,  62% used [0x00000000c3890000, 0x00000000c39d8398, 0x00000000c3aa0000)
  to   space 2112K,   0% used [0x00000000c3680000, 0x00000000c3680000, 0x00000000c3890000)
 concurrent mark-sweep generation total 42368K, used 17319K [0x00000000d6e00000, 0x00000000d9760000, 0x0000000100000000)
 Metaspace       used 25543K, capacity 26298K, committed 26440K, reserved 1073152K
  class space    used 3134K, capacity 3343K, committed 3404K, reserved 1048576K
}
2022-08-07T09:29:48.500+0000: 4.314: Application time: 0.0003159 seconds
2022-08-07T09:29:48.500+0000: 4.315: Application time: 0.0002900 seconds
2022-08-07T09:29:48.543+0000: 4.357: Application time: 0.0416537 seconds
{Heap before GC invocations=51 (full 1):
 par new generation   total 19008K, used 18208K [0x00000000c2600000, 0x00000000c3aa0000, 0x00000000d6e00000)
  eden space 16896K, 100% used [0x00000000c2600000, 0x00000000c3680000, 0x00000000c3680000)
  from space 2112K,  62% used [0x00000000c3890000, 0x00000000c39d8398, 0x00000000c3aa0000)
  to   space 2112K,   0% used [0x00000000c3680000, 0x00000000c3680000, 0x00000000c3890000)
 concurrent mark-sweep generation total 42368K, used 17319K [0x00000000d6e00000, 0x00000000d9760000, 0x0000000100000000)
 Metaspace       used 25582K, capacity 26368K, committed 26696K, reserved 1073152K
  class space    used 3139K, capacity 3344K, committed 3404K, reserved 1048576K
2022-08-07T09:29:48.543+0000: 4.358: [GC (Allocation Failure) 2022-08-07T09:29:48.543+0000: 4.358: [ParNew: 18208K->895K(19008K), 0.0034307 secs] 35528K->18214K(61376K), 0.0042103 secs] [Times: user=0.00 sys=0.00, real=0.00 secs] 
Heap after GC invocations=52 (full 1):
 par new generation   total 19008K, used 895K [0x00000000c2600000, 0x00000000c3aa0000, 0x00000000d6e00000)
  eden space 16896K,   0% used [0x00000000c2600000, 0x00000000c2600000, 0x00000000c3680000)
  from space 2112K,  42% used [0x00000000c3680000, 0x00000000c375fda0, 0x00000000c3890000)
  to   space 2112K,   0% used [0x00000000c3890000, 0x00000000c3890000, 0x00000000c3aa0000)
 concurrent mark-sweep generation total 42368K, used 17319K [0x00000000d6e00000, 0x00000000d9760000, 0x0000000100000000)
 Metaspace       used 25582K, capacity 26368K, committed 26696K, reserved 1073152K
  class space    used 3139K, capacity 3344K, committed 3404K, reserved 1048576K
}
2022-08-07T09:29:48.548+0000: 4.363: Application time: 0.0003400 seconds
2022-08-07T09:29:48.549+0000: 4.363: Application time: 0.0002430 seconds
2022-08-07T09:29:48.549+0000: 4.364: Application time: 0.0001974 seconds
2022-08-07T09:29:48.550+0000: 4.364: Application time: 0.0001601 seconds
2022-08-07T09:29:48.550+0000: 4.365: Application time: 0.0004393 seconds
2022-08-07T09:29:48.579+0000: 4.393: Application time: 0.0277770 seconds
{Heap before GC invocations=52 (full 1):
 par new generation   total 19008K, used 17791K [0x00000000c2600000, 0x00000000c3aa0000, 0x00000000d6e00000)
  eden space 16896K, 100% used [0x00000000c2600000, 0x00000000c3680000, 0x00000000c3680000)
  from space 2112K,  42% used [0x00000000c3680000, 0x00000000c375fda0, 0x00000000c3890000)
  to   space 2112K,   0% used [0x00000000c3890000, 0x00000000c3890000, 0x00000000c3aa0000)
 concurrent mark-sweep generation total 42368K, used 17319K [0x00000000d6e00000, 0x00000000d9760000, 0x0000000100000000)
 Metaspace       used 25627K, capacity 26368K, committed 26696K, reserved 1073152K
  class space    used 3143K, capacity 3344K, committed 3404K, reserved 1048576K
2022-08-07T09:29:48.579+0000: 4.393: [GC (Allocation Failure) 2022-08-07T09:29:48.579+0000: 4.394: [ParNew: 17791K->883K(19008K), 0.0031311 secs] 35110K->18203K(61376K), 0.0039306 secs] [Times: user=0.01 sys=0.00, real=0.01 secs] 
Heap after GC invocations=53 (full 1):
 par new generation   total 19008K, used 883K [0x00000000c2600000, 0x00000000c3aa0000, 0x00000000d6e00000)
  eden space 16896K,   0% used [0x00000000c2600000, 0x00000000c2600000, 0x00000000c3680000)
  from space 2112K,  41% used [0x00000000c3890000, 0x00000000c396cf80, 0x00000000c3aa0000)
  to   space 2112K,   0% used [0x00000000c3680000, 0x00000000c3680000, 0x00000000c3890000)
 concurrent mark-sweep generation total 42368K, used 17319K [0x00000000d6e00000, 0x00000000d9760000, 0x0000000100000000)
 Metaspace       used 25627K, capacity 26368K, committed 26696K, reserved 1073152K
  class space    used 3143K, capacity 3344K, committed 3404K, reserved 1048576K
}
2022-08-07T09:29:48.584+0000: 4.398: Application time: 0.0003161 seconds
2022-08-07T09:29:48.584+0000: 4.399: Application time: 0.0001464 seconds
2022-08-07T09:29:48.585+0000: 4.399: Application time: 0.0002171 seconds
2022-08-07T09:29:48.586+0000: 4.400: Application time: 0.0003156 seconds
2022-08-07T09:29:48.610+0000: 4.425: Application time: 0.0246399 seconds
{Heap before GC invocations=53 (full 1):
 par new generation   total 19008K, used 17779K [0x00000000c2600000, 0x00000000c3aa0000, 0x00000000d6e00000)
  eden space 16896K, 100% used [0x00000000c2600000, 0x00000000c3680000, 0x00000000c3680000)
  from space 2112K,  41% used [0x00000000c3890000, 0x00000000c396cf80, 0x00000000c3aa0000)
  to   space 2112K,   0% used [0x00000000c3680000, 0x00000000c3680000, 0x00000000c3890000)
 concurrent mark-sweep generation total 42368K, used 17319K [0x00000000d6e00000, 0x00000000d9760000, 0x0000000100000000)
 Metaspace       used 25634K, capacity 26368K, committed 26696K, reserved 1073152K
  class space    used 3143K, capacity 3344K, committed 3404K, reserved 1048576K
2022-08-07T09:29:48.611+0000: 4.426: [GC (Allocation Failure) 2022-08-07T09:29:48.611+0000: 4.426: [ParNew: 17779K->959K(19008K), 0.0030968 secs] 35099K->18278K(61376K), 0.0036449 secs] [Times: user=0.01 sys=0.00, real=0.01 secs] 
Heap after GC invocations=54 (full 1):
 par new generation   total 19008K, used 959K [0x00000000c2600000, 0x00000000c3aa0000, 0x00000000d6e00000)
  eden space 16896K,   0% used [0x00000000c2600000, 0x00000000c2600000, 0x00000000c3680000)
  from space 2112K,  45% used [0x00000000c3680000, 0x00000000c376fe20, 0x00000000c3890000)
  to   space 2112K,   0% used [0x00000000c3890000, 0x00000000c3890000, 0x00000000c3aa0000)
 concurrent mark-sweep generation total 42368K, used 17319K [0x00000000d6e00000, 0x00000000d9760000, 0x0000000100000000)
 Metaspace       used 25634K, capacity 26368K, committed 26696K, reserved 1073152K
  class space    used 3143K, capacity 3344K, committed 3404K, reserved 1048576K
}
2022-08-07T09:29:48.653+0000: 4.467: Application time: 0.0375120 seconds
{Heap before GC invocations=54 (full 1):
 par new generation   total 19008K, used 17855K [0x00000000c2600000, 0x00000000c3aa0000, 0x00000000d6e00000)
  eden space 16896K, 100% used [0x00000000c2600000, 0x00000000c3680000, 0x00000000c3680000)
  from space 2112K,  45% used [0x00000000c3680000, 0x00000000c376fe20, 0x00000000c3890000)
  to   space 2112K,   0% used [0x00000000c3890000, 0x00000000c3890000, 0x00000000c3aa0000)
 concurrent mark-sweep generation total 42368K, used 17319K [0x00000000d6e00000, 0x00000000d9760000, 0x0000000100000000)
 Metaspace       used 25721K, capacity 26532K, committed 26696K, reserved 1073152K
  class space    used 3155K, capacity 3390K, committed 3404K, reserved 1048576K
2022-08-07T09:29:48.654+0000: 4.468: [GC (Allocation Failure) 2022-08-07T09:29:48.654+0000: 4.468: [ParNew: 17855K->1449K(19008K), 0.0036427 secs] 35174K->18768K(61376K), 0.0042341 secs] [Times: user=0.01 sys=0.00, real=0.00 secs] 
Heap after GC invocations=55 (full 1):
 par new generation   total 19008K, used 1449K [0x00000000c2600000, 0x00000000c3aa0000, 0x00000000d6e00000)
  eden space 16896K,   0% used [0x00000000c2600000, 0x00000000c2600000, 0x00000000c3680000)
  from space 2112K,  68% used [0x00000000c3890000, 0x00000000c39fa548, 0x00000000c3aa0000)
  to   space 2112K,   0% used [0x00000000c3680000, 0x00000000c3680000, 0x00000000c3890000)
 concurrent mark-sweep generation total 42368K, used 17319K [0x00000000d6e00000, 0x00000000d9760000, 0x0000000100000000)
 Metaspace       used 25721K, capacity 26532K, committed 26696K, reserved 1073152K
  class space    used 3155K, capacity 3390K, committed 3404K, reserved 1048576K
}
2022-08-07T09:29:48.659+0000: 4.473: Application time: 0.0003295 seconds
2022-08-07T09:29:48.659+0000: 4.474: Application time: 0.0002091 seconds
2022-08-07T09:29:48.660+0000: 4.475: Application time: 0.0002538 seconds
2022-08-07T09:29:48.661+0000: 4.475: Application time: 0.0001995 seconds
2022-08-07T09:29:48.662+0000: 4.476: Application time: 0.0006837 seconds
2022-08-07T09:29:48.663+0000: 4.477: Application time: 0.0002762 seconds
2022-08-07T09:29:48.663+0000: 4.478: Application time: 0.0005551 seconds
2022-08-07T09:29:48.664+0000: 4.479: Application time: 0.0004311 seconds
2022-08-07T09:29:48.665+0000: 4.480: Application time: 0.0003196 seconds
2022-08-07T09:29:48.774+0000: 4.588: Application time: 0.1074458 seconds
{Heap before GC invocations=55 (full 1):
 par new generation   total 19008K, used 18345K [0x00000000c2600000, 0x00000000c3aa0000, 0x00000000d6e00000)
  eden space 16896K, 100% used [0x00000000c2600000, 0x00000000c3680000, 0x00000000c3680000)
  from space 2112K,  68% used [0x00000000c3890000, 0x00000000c39fa548, 0x00000000c3aa0000)
  to   space 2112K,   0% used [0x00000000c3680000, 0x00000000c3680000, 0x00000000c3890000)
 concurrent mark-sweep generation total 42368K, used 17319K [0x00000000d6e00000, 0x00000000d9760000, 0x0000000100000000)
 Metaspace       used 25871K, capacity 26666K, committed 26696K, reserved 1073152K
  class space    used 3173K, capacity 3391K, committed 3404K, reserved 1048576K
2022-08-07T09:29:48.775+0000: 4.589: [GC (Allocation Failure) 2022-08-07T09:29:48.775+0000: 4.590: [ParNew: 18345K->1367K(19008K), 0.0056446 secs] 35664K->18687K(61376K), 0.0065511 secs] [Times: user=0.01 sys=0.01, real=0.00 secs] 
Heap after GC invocations=56 (full 1):
 par new generation   total 19008K, used 1367K [0x00000000c2600000, 0x00000000c3aa0000, 0x00000000d6e00000)
  eden space 16896K,   0% used [0x00000000c2600000, 0x00000000c2600000, 0x00000000c3680000)
  from space 2112K,  64% used [0x00000000c3680000, 0x00000000c37d5ee8, 0x00000000c3890000)
  to   space 2112K,   0% used [0x00000000c3890000, 0x00000000c3890000, 0x00000000c3aa0000)
 concurrent mark-sweep generation total 42368K, used 17319K [0x00000000d6e00000, 0x00000000d9760000, 0x0000000100000000)
 Metaspace       used 25871K, capacity 26666K, committed 26696K, reserved 1073152K
  class space    used 3173K, capacity 3391K, committed 3404K, reserved 1048576K
}
2022-08-07T09:29:48.841+0000: 4.655: Application time: 0.0588141 seconds
{Heap before GC invocations=56 (full 1):
 par new generation   total 19008K, used 18263K [0x00000000c2600000, 0x00000000c3aa0000, 0x00000000d6e00000)
  eden space 16896K, 100% used [0x00000000c2600000, 0x00000000c3680000, 0x00000000c3680000)
  from space 2112K,  64% used [0x00000000c3680000, 0x00000000c37d5ee8, 0x00000000c3890000)
  to   space 2112K,   0% used [0x00000000c3890000, 0x00000000c3890000, 0x00000000c3aa0000)
 concurrent mark-sweep generation total 42368K, used 17319K [0x00000000d6e00000, 0x00000000d9760000, 0x0000000100000000)
 Metaspace       used 25902K, capacity 26730K, committed 26952K, reserved 1073152K
  class space    used 3176K, capacity 3391K, committed 3404K, reserved 1048576K
2022-08-07T09:29:48.842+0000: 4.656: [GC (Allocation Failure) 2022-08-07T09:29:48.842+0000: 4.657: [ParNew: 18263K->1200K(19008K), 0.0079252 secs] 35583K->18760K(61376K), 0.0087789 secs] [Times: user=0.01 sys=0.01, real=0.01 secs] 
Heap after GC invocations=57 (full 1):
 par new generation   total 19008K, used 1200K [0x00000000c2600000, 0x00000000c3aa0000, 0x00000000d6e00000)
  eden space 16896K,   0% used [0x00000000c2600000, 0x00000000c2600000, 0x00000000c3680000)
  from space 2112K,  56% used [0x00000000c3890000, 0x00000000c39bc298, 0x00000000c3aa0000)
  to   space 2112K,   0% used [0x00000000c3680000, 0x00000000c3680000, 0x00000000c3890000)
 concurrent mark-sweep generation total 42368K, used 17560K [0x00000000d6e00000, 0x00000000d9760000, 0x0000000100000000)
 Metaspace       used 25902K, capacity 26730K, committed 26952K, reserved 1073152K
  class space    used 3176K, capacity 3391K, committed 3404K, reserved 1048576K
}
2022-08-07T09:29:48.908+0000: 4.723: Application time: 0.0568431 seconds
{Heap before GC invocations=57 (full 1):
 par new generation   total 19008K, used 18096K [0x00000000c2600000, 0x00000000c3aa0000, 0x00000000d6e00000)
  eden space 16896K, 100% used [0x00000000c2600000, 0x00000000c3680000, 0x00000000c3680000)
  from space 2112K,  56% used [0x00000000c3890000, 0x00000000c39bc298, 0x00000000c3aa0000)
  to   space 2112K,   0% used [0x00000000c3680000, 0x00000000c3680000, 0x00000000c3890000)
 concurrent mark-sweep generation total 42368K, used 17560K [0x00000000d6e00000, 0x00000000d9760000, 0x0000000100000000)
 Metaspace       used 25951K, capacity 26746K, committed 26952K, reserved 1073152K
  class space    used 3184K, capacity 3395K, committed 3404K, reserved 1048576K
2022-08-07T09:29:48.909+0000: 4.724: [GC (Allocation Failure) 2022-08-07T09:29:48.910+0000: 4.724: [ParNew: 18096K->1053K(19008K), 0.0057443 secs] 35656K->18819K(61376K), 0.0064431 secs] [Times: user=0.01 sys=0.00, real=0.01 secs] 
Heap after GC invocations=58 (full 1):
 par new generation   total 19008K, used 1053K [0x00000000c2600000, 0x00000000c3aa0000, 0x00000000d6e00000)
  eden space 16896K,   0% used [0x00000000c2600000, 0x00000000c2600000, 0x00000000c3680000)
  from space 2112K,  49% used [0x00000000c3680000, 0x00000000c37876c8, 0x00000000c3890000)
  to   space 2112K,   0% used [0x00000000c3890000, 0x00000000c3890000, 0x00000000c3aa0000)
 concurrent mark-sweep generation total 42368K, used 17766K [0x00000000d6e00000, 0x00000000d9760000, 0x0000000100000000)
 Metaspace       used 25951K, capacity 26746K, committed 26952K, reserved 1073152K
  class space    used 3184K, capacity 3395K, committed 3404K, reserved 1048576K
}
2022-08-07T09:29:48.963+0000: 4.777: Application time: 0.0463313 seconds
{Heap before GC invocations=58 (full 1):
 par new generation   total 19008K, used 17949K [0x00000000c2600000, 0x00000000c3aa0000, 0x00000000d6e00000)
  eden space 16896K, 100% used [0x00000000c2600000, 0x00000000c3680000, 0x00000000c3680000)
  from space 2112K,  49% used [0x00000000c3680000, 0x00000000c37876c8, 0x00000000c3890000)
  to   space 2112K,   0% used [0x00000000c3890000, 0x00000000c3890000, 0x00000000c3aa0000)
 concurrent mark-sweep generation total 42368K, used 17766K [0x00000000d6e00000, 0x00000000d9760000, 0x0000000100000000)
 Metaspace       used 26023K, capacity 26886K, committed 26952K, reserved 1073152K
  class space    used 3192K, capacity 3397K, committed 3404K, reserved 1048576K
2022-08-07T09:29:48.963+0000: 4.778: [GC (Allocation Failure) 2022-08-07T09:29:48.964+0000: 4.778: [ParNew: 17949K->1059K(19008K), 0.0035774 secs] 35715K->18989K(61376K), 0.0042935 secs] [Times: user=0.01 sys=0.00, real=0.00 secs] 
Heap after GC invocations=59 (full 1):
 par new generation   total 19008K, used 1059K [0x00000000c2600000, 0x00000000c3aa0000, 0x00000000d6e00000)
  eden space 16896K,   0% used [0x00000000c2600000, 0x00000000c2600000, 0x00000000c3680000)
  from space 2112K,  50% used [0x00000000c3890000, 0x00000000c3998d50, 0x00000000c3aa0000)
  to   space 2112K,   0% used [0x00000000c3680000, 0x00000000c3680000, 0x00000000c3890000)
 concurrent mark-sweep generation total 42368K, used 17929K [0x00000000d6e00000, 0x00000000d9760000, 0x0000000100000000)
 Metaspace       used 26023K, capacity 26886K, committed 26952K, reserved 1073152K
  class space    used 3192K, capacity 3397K, committed 3404K, reserved 1048576K
}
2022-08-07T09:29:49.070+0000: 4.885: Application time: 0.1018056 seconds
2022-08-07T09:29:49.074+0000: 4.888: Application time: 0.0034899 seconds
{Heap before GC invocations=59 (full 1):
 par new generation   total 19008K, used 17955K [0x00000000c2600000, 0x00000000c3aa0000, 0x00000000d6e00000)
  eden space 16896K, 100% used [0x00000000c2600000, 0x00000000c3680000, 0x00000000c3680000)
  from space 2112K,  50% used [0x00000000c3890000, 0x00000000c3998d50, 0x00000000c3aa0000)
  to   space 2112K,   0% used [0x00000000c3680000, 0x00000000c3680000, 0x00000000c3890000)
 concurrent mark-sweep generation total 42368K, used 17929K [0x00000000d6e00000, 0x00000000d9760000, 0x0000000100000000)
 Metaspace       used 26283K, capacity 27138K, committed 27336K, reserved 1073152K
  class space    used 3220K, capacity 3447K, committed 3532K, reserved 1048576K
2022-08-07T09:29:49.075+0000: 4.890: [GC (Allocation Failure) 2022-08-07T09:29:49.076+0000: 4.890: [ParNew: 17955K->1053K(19008K), 0.0098658 secs] 35885K->19036K(61376K), 0.0106502 secs] [Times: user=0.01 sys=0.00, real=0.01 secs] 
Heap after GC invocations=60 (full 1):
 par new generation   total 19008K, used 1053K [0x00000000c2600000, 0x00000000c3aa0000, 0x00000000d6e00000)
  eden space 16896K,   0% used [0x00000000c2600000, 0x00000000c2600000, 0x00000000c3680000)
  from space 2112K,  49% used [0x00000000c3680000, 0x00000000c3787720, 0x00000000c3890000)
  to   space 2112K,   0% used [0x00000000c3890000, 0x00000000c3890000, 0x00000000c3aa0000)
 concurrent mark-sweep generation total 42368K, used 17982K [0x00000000d6e00000, 0x00000000d9760000, 0x0000000100000000)
 Metaspace       used 26283K, capacity 27138K, committed 27336K, reserved 1073152K
  class space    used 3220K, capacity 3447K, committed 3532K, reserved 1048576K
}
2022-08-07T09:29:49.092+0000: 4.906: Application time: 0.0049567 seconds
2022-08-07T09:29:49.093+0000: 4.907: Application time: 0.0007251 seconds
2022-08-07T09:29:49.136+0000: 4.951: Application time: 0.0429878 seconds
{Heap before GC invocations=60 (full 1):
 par new generation   total 19008K, used 17949K [0x00000000c2600000, 0x00000000c3aa0000, 0x00000000d6e00000)
  eden space 16896K, 100% used [0x00000000c2600000, 0x00000000c3680000, 0x00000000c3680000)
  from space 2112K,  49% used [0x00000000c3680000, 0x00000000c3787720, 0x00000000c3890000)
  to   space 2112K,   0% used [0x00000000c3890000, 0x00000000c3890000, 0x00000000c3aa0000)
 concurrent mark-sweep generation total 42368K, used 17982K [0x00000000d6e00000, 0x00000000d9760000, 0x0000000100000000)
 Metaspace       used 26406K, capacity 27322K, committed 27592K, reserved 1073152K
  class space    used 3238K, capacity 3461K, committed 3532K, reserved 1048576K
2022-08-07T09:29:49.137+0000: 4.952: [GC (Allocation Failure) 2022-08-07T09:29:49.137+0000: 4.952: [ParNew: 17949K->789K(19008K), 0.0031082 secs] 35932K->18790K(61376K), 0.0037898 secs] [Times: user=0.01 sys=0.00, real=0.00 secs] 
Heap after GC invocations=61 (full 1):
 par new generation   total 19008K, used 789K [0x00000000c2600000, 0x00000000c3aa0000, 0x00000000d6e00000)
  eden space 16896K,   0% used [0x00000000c2600000, 0x00000000c2600000, 0x00000000c3680000)
  from space 2112K,  37% used [0x00000000c3890000, 0x00000000c39556c8, 0x00000000c3aa0000)
  to   space 2112K,   0% used [0x00000000c3680000, 0x00000000c3680000, 0x00000000c3890000)
 concurrent mark-sweep generation total 42368K, used 18001K [0x00000000d6e00000, 0x00000000d9760000, 0x0000000100000000)
 Metaspace       used 26406K, capacity 27322K, committed 27592K, reserved 1073152K
  class space    used 3238K, capacity 3461K, committed 3532K, reserved 1048576K
}
2022-08-07T09:29:49.142+0000: 4.957: Application time: 0.0008799 seconds
2022-08-07T09:29:49.225+0000: 5.040: Application time: 0.0822140 seconds
{Heap before GC invocations=61 (full 1):
 par new generation   total 19008K, used 17685K [0x00000000c2600000, 0x00000000c3aa0000, 0x00000000d6e00000)
  eden space 16896K, 100% used [0x00000000c2600000, 0x00000000c3680000, 0x00000000c3680000)
  from space 2112K,  37% used [0x00000000c3890000, 0x00000000c39556c8, 0x00000000c3aa0000)
  to   space 2112K,   0% used [0x00000000c3680000, 0x00000000c3680000, 0x00000000c3890000)
 concurrent mark-sweep generation total 42368K, used 18001K [0x00000000d6e00000, 0x00000000d9760000, 0x0000000100000000)
 Metaspace       used 26495K, capacity 27392K, committed 27592K, reserved 1073152K
  class space    used 3246K, capacity 3462K, committed 3532K, reserved 1048576K
2022-08-07T09:29:49.226+0000: 5.040: [GC (Allocation Failure) 2022-08-07T09:29:49.226+0000: 5.040: [ParNew: 17685K->891K(19008K), 0.0060482 secs] 35686K->18910K(61376K), 0.0066712 secs] [Times: user=0.01 sys=0.00, real=0.00 secs] 
Heap after GC invocations=62 (full 1):
 par new generation   total 19008K, used 891K [0x00000000c2600000, 0x00000000c3aa0000, 0x00000000d6e00000)
  eden space 16896K,   0% used [0x00000000c2600000, 0x00000000c2600000, 0x00000000c3680000)
  from space 2112K,  42% used [0x00000000c3680000, 0x00000000c375ee10, 0x00000000c3890000)
  to   space 2112K,   0% used [0x00000000c3890000, 0x00000000c3890000, 0x00000000c3aa0000)
 concurrent mark-sweep generation total 42368K, used 18018K [0x00000000d6e00000, 0x00000000d9760000, 0x0000000100000000)
 Metaspace       used 26495K, capacity 27392K, committed 27592K, reserved 1073152K
  class space    used 3246K, capacity 3462K, committed 3532K, reserved 1048576K
}
2022-08-07T09:29:49.302+0000: 5.116: Application time: 0.0687123 seconds
{Heap before GC invocations=62 (full 1):
 par new generation   total 19008K, used 17787K [0x00000000c2600000, 0x00000000c3aa0000, 0x00000000d6e00000)
  eden space 16896K, 100% used [0x00000000c2600000, 0x00000000c3680000, 0x00000000c3680000)
  from space 2112K,  42% used [0x00000000c3680000, 0x00000000c375ee10, 0x00000000c3890000)
  to   space 2112K,   0% used [0x00000000c3890000, 0x00000000c3890000, 0x00000000c3aa0000)
 concurrent mark-sweep generation total 42368K, used 18018K [0x00000000d6e00000, 0x00000000d9760000, 0x0000000100000000)
 Metaspace       used 26702K, capacity 27552K, committed 27592K, reserved 1073152K
  class space    used 3286K, capacity 3494K, committed 3532K, reserved 1048576K
2022-08-07T09:29:49.303+0000: 5.117: [GC (Allocation Failure) 2022-08-07T09:29:49.303+0000: 5.117: [ParNew: 17787K->1211K(19008K), 0.0037002 secs] 35806K->19242K(61376K), 0.0043588 secs] [Times: user=0.00 sys=0.00, real=0.01 secs] 
Heap after GC invocations=63 (full 1):
 par new generation   total 19008K, used 1211K [0x00000000c2600000, 0x00000000c3aa0000, 0x00000000d6e00000)
  eden space 16896K,   0% used [0x00000000c2600000, 0x00000000c2600000, 0x00000000c3680000)
  from space 2112K,  57% used [0x00000000c3890000, 0x00000000c39becd8, 0x00000000c3aa0000)
  to   space 2112K,   0% used [0x00000000c3680000, 0x00000000c3680000, 0x00000000c3890000)
 concurrent mark-sweep generation total 42368K, used 18031K [0x00000000d6e00000, 0x00000000d9760000, 0x0000000100000000)
 Metaspace       used 26702K, capacity 27552K, committed 27592K, reserved 1073152K
  class space    used 3286K, capacity 3494K, committed 3532K, reserved 1048576K
}
2022-08-07T09:29:49.340+0000: 5.154: Application time: 0.0325520 seconds
{Heap before GC invocations=63 (full 1):
 par new generation   total 19008K, used 18098K [0x00000000c2600000, 0x00000000c3aa0000, 0x00000000d6e00000)
  eden space 16896K,  99% used [0x00000000c2600000, 0x00000000c367de98, 0x00000000c3680000)
  from space 2112K,  57% used [0x00000000c3890000, 0x00000000c39becd8, 0x00000000c3aa0000)
  to   space 2112K,   0% used [0x00000000c3680000, 0x00000000c3680000, 0x00000000c3890000)
 concurrent mark-sweep generation total 42368K, used 18031K [0x00000000d6e00000, 0x00000000d9760000, 0x0000000100000000)
 Metaspace       used 26757K, capacity 27718K, committed 27848K, reserved 1073152K
  class space    used 3292K, capacity 3527K, committed 3532K, reserved 1048576K
2022-08-07T09:29:49.341+0000: 5.155: [GC (Allocation Failure) 2022-08-07T09:29:49.341+0000: 5.156: [ParNew: 18098K->1298K(19008K), 0.0023237 secs] 36130K->19376K(61376K), 0.0029841 secs] [Times: user=0.00 sys=0.00, real=0.01 secs] 
Heap after GC invocations=64 (full 1):
 par new generation   total 19008K, used 1298K [0x00000000c2600000, 0x00000000c3aa0000, 0x00000000d6e00000)
  eden space 16896K,   0% used [0x00000000c2600000, 0x00000000c2600000, 0x00000000c3680000)
  from space 2112K,  61% used [0x00000000c3680000, 0x00000000c37c4940, 0x00000000c3890000)
  to   space 2112K,   0% used [0x00000000c3890000, 0x00000000c3890000, 0x00000000c3aa0000)
 concurrent mark-sweep generation total 42368K, used 18078K [0x00000000d6e00000, 0x00000000d9760000, 0x0000000100000000)
 Metaspace       used 26757K, capacity 27718K, committed 27848K, reserved 1073152K
  class space    used 3292K, capacity 3527K, committed 3532K, reserved 1048576K
}
2022-08-07T09:29:49.347+0000: 5.162: Application time: 0.0028704 seconds
{Heap before GC invocations=64 (full 1):
 par new generation   total 19008K, used 18191K [0x00000000c2600000, 0x00000000c3aa0000, 0x00000000d6e00000)
  eden space 16896K,  99% used [0x00000000c2600000, 0x00000000c367f560, 0x00000000c3680000)
  from space 2112K,  61% used [0x00000000c3680000, 0x00000000c37c4940, 0x00000000c3890000)
  to   space 2112K,   0% used [0x00000000c3890000, 0x00000000c3890000, 0x00000000c3aa0000)
 concurrent mark-sweep generation total 42368K, used 18078K [0x00000000d6e00000, 0x00000000d9760000, 0x0000000100000000)
 Metaspace       used 26757K, capacity 27718K, committed 27848K, reserved 1073152K
  class space    used 3292K, capacity 3527K, committed 3532K, reserved 1048576K
2022-08-07T09:29:49.348+0000: 5.162: [GC (Allocation Failure) 2022-08-07T09:29:49.348+0000: 5.162: [ParNew: 18191K->1141K(19008K), 0.0019430 secs] 36270K->19258K(61376K), 0.0025846 secs] [Times: user=0.00 sys=0.00, real=0.00 secs] 
Heap after GC invocations=65 (full 1):
 par new generation   total 19008K, used 1141K [0x00000000c2600000, 0x00000000c3aa0000, 0x00000000d6e00000)
  eden space 16896K,   0% used [0x00000000c2600000, 0x00000000c2600000, 0x00000000c3680000)
  from space 2112K,  54% used [0x00000000c3890000, 0x00000000c39ad5a0, 0x00000000c3aa0000)
  to   space 2112K,   0% used [0x00000000c3680000, 0x00000000c3680000, 0x00000000c3890000)
 concurrent mark-sweep generation total 42368K, used 18117K [0x00000000d6e00000, 0x00000000d9760000, 0x0000000100000000)
 Metaspace       used 26757K, capacity 27718K, committed 27848K, reserved 1073152K
  class space    used 3292K, capacity 3527K, committed 3532K, reserved 1048576K
}
2022-08-07T09:29:49.486+0000: 5.300: Application time: 0.1350037 seconds
{Heap before GC invocations=65 (full 1):
 par new generation   total 19008K, used 18037K [0x00000000c2600000, 0x00000000c3aa0000, 0x00000000d6e00000)
  eden space 16896K, 100% used [0x00000000c2600000, 0x00000000c3680000, 0x00000000c3680000)
  from space 2112K,  54% used [0x00000000c3890000, 0x00000000c39ad5a0, 0x00000000c3aa0000)
  to   space 2112K,   0% used [0x00000000c3680000, 0x00000000c3680000, 0x00000000c3890000)
 concurrent mark-sweep generation total 42368K, used 18117K [0x00000000d6e00000, 0x00000000d9760000, 0x0000000100000000)
 Metaspace       used 27216K, capacity 28094K, committed 28232K, reserved 1073152K
  class space    used 3355K, capacity 3563K, committed 3660K, reserved 1048576K
2022-08-07T09:29:49.486+0000: 5.301: [GC (Allocation Failure) 2022-08-07T09:29:49.487+0000: 5.301: [ParNew: 18037K->2112K(19008K), 0.0027619 secs] 36154K->20332K(61376K), 0.0035123 secs] [Times: user=0.01 sys=0.00, real=0.00 secs] 
Heap after GC invocations=66 (full 1):
 par new generation   total 19008K, used 2112K [0x00000000c2600000, 0x00000000c3aa0000, 0x00000000d6e00000)
  eden space 16896K,   0% used [0x00000000c2600000, 0x00000000c2600000, 0x00000000c3680000)
  from space 2112K, 100% used [0x00000000c3680000, 0x00000000c3890000, 0x00000000c3890000)
  to   space 2112K,   0% used [0x00000000c3890000, 0x00000000c3890000, 0x00000000c3aa0000)
 concurrent mark-sweep generation total 42368K, used 18220K [0x00000000d6e00000, 0x00000000d9760000, 0x0000000100000000)
 Metaspace       used 27216K, capacity 28094K, committed 28232K, reserved 1073152K
  class space    used 3355K, capacity 3563K, committed 3660K, reserved 1048576K
}
2022-08-07T09:29:49.567+0000: 5.382: Application time: 0.0769462 seconds
{Heap before GC invocations=66 (full 1):
 par new generation   total 19008K, used 19008K [0x00000000c2600000, 0x00000000c3aa0000, 0x00000000d6e00000)
  eden space 16896K, 100% used [0x00000000c2600000, 0x00000000c3680000, 0x00000000c3680000)
  from space 2112K, 100% used [0x00000000c3680000, 0x00000000c3890000, 0x00000000c3890000)
  to   space 2112K,   0% used [0x00000000c3890000, 0x00000000c3890000, 0x00000000c3aa0000)
 concurrent mark-sweep generation total 42368K, used 18220K [0x00000000d6e00000, 0x00000000d9760000, 0x0000000100000000)
 Metaspace       used 27318K, capacity 28268K, committed 28488K, reserved 1075200K
  class space    used 3359K, capacity 3596K, committed 3660K, reserved 1048576K
2022-08-07T09:29:49.568+0000: 5.383: [GC (Allocation Failure) 2022-08-07T09:29:49.569+0000: 5.383: [ParNew: 19008K->1469K(19008K), 0.0093128 secs] 37228K->21018K(61376K), 0.0100248 secs] [Times: user=0.03 sys=0.01, real=0.01 secs] 
Heap after GC invocations=67 (full 1):
 par new generation   total 19008K, used 1469K [0x00000000c2600000, 0x00000000c3aa0000, 0x00000000d6e00000)
  eden space 16896K,   0% used [0x00000000c2600000, 0x00000000c2600000, 0x00000000c3680000)
  from space 2112K,  69% used [0x00000000c3890000, 0x00000000c39ff7b8, 0x00000000c3aa0000)
  to   space 2112K,   0% used [0x00000000c3680000, 0x00000000c3680000, 0x00000000c3890000)
 concurrent mark-sweep generation total 42368K, used 19548K [0x00000000d6e00000, 0x00000000d9760000, 0x0000000100000000)
 Metaspace       used 27318K, capacity 28268K, committed 28488K, reserved 1075200K
  class space    used 3359K, capacity 3596K, committed 3660K, reserved 1048576K
}
2022-08-07T09:29:49.652+0000: 5.467: Application time: 0.0733037 seconds
{Heap before GC invocations=67 (full 1):
 par new generation   total 19008K, used 18365K [0x00000000c2600000, 0x00000000c3aa0000, 0x00000000d6e00000)
  eden space 16896K, 100% used [0x00000000c2600000, 0x00000000c3680000, 0x00000000c3680000)
  from space 2112K,  69% used [0x00000000c3890000, 0x00000000c39ff7b8, 0x00000000c3aa0000)
  to   space 2112K,   0% used [0x00000000c3680000, 0x00000000c3680000, 0x00000000c3890000)
 concurrent mark-sweep generation total 42368K, used 19548K [0x00000000d6e00000, 0x00000000d9760000, 0x0000000100000000)
 Metaspace       used 27511K, capacity 28420K, committed 28744K, reserved 1075200K
  class space    used 3376K, capacity 3600K, committed 3660K, reserved 1048576K
2022-08-07T09:29:49.653+0000: 5.468: [GC (Allocation Failure) 2022-08-07T09:29:49.654+0000: 5.468: [ParNew: 18365K->2111K(19008K), 0.0082494 secs] 37914K->21697K(61376K), 0.0090735 secs] [Times: user=0.02 sys=0.00, real=0.00 secs] 
Heap after GC invocations=68 (full 1):
 par new generation   total 19008K, used 2111K [0x00000000c2600000, 0x00000000c3aa0000, 0x00000000d6e00000)
  eden space 16896K,   0% used [0x00000000c2600000, 0x00000000c2600000, 0x00000000c3680000)
  from space 2112K,  99% used [0x00000000c3680000, 0x00000000c388fc00, 0x00000000c3890000)
  to   space 2112K,   0% used [0x00000000c3890000, 0x00000000c3890000, 0x00000000c3aa0000)
 concurrent mark-sweep generation total 42368K, used 19586K [0x00000000d6e00000, 0x00000000d9760000, 0x0000000100000000)
 Metaspace       used 27511K, capacity 28420K, committed 28744K, reserved 1075200K
  class space    used 3376K, capacity 3600K, committed 3660K, reserved 1048576K
}
2022-08-07T09:29:49.665+0000: 5.479: Application time: 0.0016564 seconds
2022-08-07T09:29:49.674+0000: 5.489: Application time: 0.0090567 seconds
2022-08-07T09:29:49.675+0000: 5.490: Application time: 0.0006903 seconds
2022-08-07T09:29:49.678+0000: 5.493: Application time: 0.0017635 seconds
2022-08-07T09:29:49.688+0000: 5.503: Application time: 0.0100834 seconds
2022-08-07T09:29:49.690+0000: 5.504: Application time: 0.0002415 seconds
2022-08-07T09:29:49.693+0000: 5.508: Application time: 0.0033632 seconds
2022-08-07T09:29:49.700+0000: 5.514: Application time: 0.0003077 seconds
2022-08-07T09:29:49.701+0000: 5.515: Application time: 0.0004727 seconds
2022-08-07T09:29:49.702+0000: 5.516: Application time: 0.0003208 seconds
2022-08-07T09:29:49.703+0000: 5.518: Application time: 0.0012669 seconds
2022-08-07T09:29:49.716+0000: 5.530: Application time: 0.0121716 seconds
{Heap before GC invocations=68 (full 1):
 par new generation   total 19008K, used 19007K [0x00000000c2600000, 0x00000000c3aa0000, 0x00000000d6e00000)
  eden space 16896K, 100% used [0x00000000c2600000, 0x00000000c3680000, 0x00000000c3680000)
  from space 2112K,  99% used [0x00000000c3680000, 0x00000000c388fc00, 0x00000000c3890000)
  to   space 2112K,   0% used [0x00000000c3890000, 0x00000000c3890000, 0x00000000c3aa0000)
 concurrent mark-sweep generation total 42368K, used 19586K [0x00000000d6e00000, 0x00000000d9760000, 0x0000000100000000)
 Metaspace       used 27614K, capacity 28496K, committed 28744K, reserved 1075200K
  class space    used 3389K, capacity 3604K, committed 3660K, reserved 1048576K
2022-08-07T09:29:49.716+0000: 5.531: [GC (Allocation Failure) 2022-08-07T09:29:49.717+0000: 5.531: [ParNew: 19007K->1208K(19008K), 0.0120135 secs] 38593K->22194K(61376K), 0.0127298 secs] [Times: user=0.01 sys=0.01, real=0.01 secs] 
Heap after GC invocations=69 (full 1):
 par new generation   total 19008K, used 1208K [0x00000000c2600000, 0x00000000c3aa0000, 0x00000000d6e00000)
  eden space 16896K,   0% used [0x00000000c2600000, 0x00000000c2600000, 0x00000000c3680000)
  from space 2112K,  57% used [0x00000000c3890000, 0x00000000c39be2b8, 0x00000000c3aa0000)
  to   space 2112K,   0% used [0x00000000c3680000, 0x00000000c3680000, 0x00000000c3890000)
 concurrent mark-sweep generation total 42368K, used 20986K [0x00000000d6e00000, 0x00000000d9760000, 0x0000000100000000)
 Metaspace       used 27614K, capacity 28496K, committed 28744K, reserved 1075200K
  class space    used 3389K, capacity 3604K, committed 3660K, reserved 1048576K
}
2022-08-07T09:29:49.741+0000: 5.556: Application time: 0.0115079 seconds
2022-08-07T09:29:49.742+0000: 5.557: Application time: 0.0003399 seconds
2022-08-07T09:29:49.745+0000: 5.559: Application time: 0.0016953 seconds
2022-08-07T09:29:49.756+0000: 5.570: Application time: 0.0104670 seconds
2022-08-07T09:29:49.764+0000: 5.579: Application time: 0.0079782 seconds
{Heap before GC invocations=69 (full 1):
 par new generation   total 19008K, used 18104K [0x00000000c2600000, 0x00000000c3aa0000, 0x00000000d6e00000)
  eden space 16896K, 100% used [0x00000000c2600000, 0x00000000c3680000, 0x00000000c3680000)
  from space 2112K,  57% used [0x00000000c3890000, 0x00000000c39be2b8, 0x00000000c3aa0000)
  to   space 2112K,   0% used [0x00000000c3680000, 0x00000000c3680000, 0x00000000c3890000)
 concurrent mark-sweep generation total 42368K, used 20986K [0x00000000d6e00000, 0x00000000d9760000, 0x0000000100000000)
 Metaspace       used 27647K, capacity 28560K, committed 28744K, reserved 1075200K
  class space    used 3391K, capacity 3604K, committed 3660K, reserved 1048576K
2022-08-07T09:29:49.765+0000: 5.579: [GC (Allocation Failure) 2022-08-07T09:29:49.765+0000: 5.579: [ParNew: 18104K->327K(19008K), 0.0030166 secs] 39090K->21313K(61376K), 0.0037405 secs] [Times: user=0.00 sys=0.01, real=0.00 secs] 
Heap after GC invocations=70 (full 1):
 par new generation   total 19008K, used 327K [0x00000000c2600000, 0x00000000c3aa0000, 0x00000000d6e00000)
  eden space 16896K,   0% used [0x00000000c2600000, 0x00000000c2600000, 0x00000000c3680000)
  from space 2112K,  15% used [0x00000000c3680000, 0x00000000c36d1e90, 0x00000000c3890000)
  to   space 2112K,   0% used [0x00000000c3890000, 0x00000000c3890000, 0x00000000c3aa0000)
 concurrent mark-sweep generation total 42368K, used 20986K [0x00000000d6e00000, 0x00000000d9760000, 0x0000000100000000)
 Metaspace       used 27647K, capacity 28560K, committed 28744K, reserved 1075200K
  class space    used 3391K, capacity 3604K, committed 3660K, reserved 1048576K
}
2022-08-07T09:29:49.782+0000: 5.596: Application time: 0.0127645 seconds
2022-08-07T09:29:49.783+0000: 5.597: Application time: 0.0001781 seconds
2022-08-07T09:29:49.783+0000: 5.598: Application time: 0.0004365 seconds
2022-08-07T09:29:49.784+0000: 5.599: Application time: 0.0002244 seconds
2022-08-07T09:29:49.785+0000: 5.600: Application time: 0.0010542 seconds
2022-08-07T09:29:49.786+0000: 5.601: Application time: 0.0002864 seconds
2022-08-07T09:29:49.791+0000: 5.605: Application time: 0.0044753 seconds
{Heap before GC invocations=70 (full 1):
 par new generation   total 19008K, used 17223K [0x00000000c2600000, 0x00000000c3aa0000, 0x00000000d6e00000)
  eden space 16896K, 100% used [0x00000000c2600000, 0x00000000c3680000, 0x00000000c3680000)
  from space 2112K,  15% used [0x00000000c3680000, 0x00000000c36d1e90, 0x00000000c3890000)
  to   space 2112K,   0% used [0x00000000c3890000, 0x00000000c3890000, 0x00000000c3aa0000)
 concurrent mark-sweep generation total 42368K, used 20986K [0x00000000d6e00000, 0x00000000d9760000, 0x0000000100000000)
 Metaspace       used 27747K, capacity 28656K, committed 28744K, reserved 1075200K
  class space    used 3400K, capacity 3636K, committed 3660K, reserved 1048576K
2022-08-07T09:29:49.796+0000: 5.610: [GC (Allocation Failure) 2022-08-07T09:29:49.796+0000: 5.611: [ParNew: 17223K->217K(19008K), 0.0038832 secs] 38209K->21203K(61376K), 0.0049273 secs] [Times: user=0.01 sys=0.00, real=0.00 secs] 
Heap after GC invocations=71 (full 1):
 par new generation   total 19008K, used 217K [0x00000000c2600000, 0x00000000c3aa0000, 0x00000000d6e00000)
  eden space 16896K,   0% used [0x00000000c2600000, 0x00000000c2600000, 0x00000000c3680000)
  from space 2112K,  10% used [0x00000000c3890000, 0x00000000c38c6428, 0x00000000c3aa0000)
  to   space 2112K,   0% used [0x00000000c3680000, 0x00000000c3680000, 0x00000000c3890000)
 concurrent mark-sweep generation total 42368K, used 20986K [0x00000000d6e00000, 0x00000000d9760000, 0x0000000100000000)
 Metaspace       used 27747K, capacity 28656K, committed 28744K, reserved 1075200K
  class space    used 3400K, capacity 3636K, committed 3660K, reserved 1048576K
}
2022-08-07T09:29:49.809+0000: 5.623: Application time: 0.0068759 seconds
2022-08-07T09:29:49.809+0000: 5.624: Application time: 0.0003127 seconds
2022-08-07T09:29:49.820+0000: 5.635: Application time: 0.0088022 seconds
2022-08-07T09:29:49.821+0000: 5.636: Application time: 0.0003634 seconds
2022-08-07T09:29:49.822+0000: 5.637: Application time: 0.0008296 seconds
2022-08-07T09:29:49.823+0000: 5.637: Application time: 0.0003149 seconds
2022-08-07T09:29:49.829+0000: 5.643: Application time: 0.0051616 seconds
2022-08-07T09:29:49.830+0000: 5.644: Application time: 0.0004077 seconds
2022-08-07T09:29:49.832+0000: 5.646: Application time: 0.0011224 seconds
2022-08-07T09:29:49.836+0000: 5.651: Application time: 0.0039019 seconds
2022-08-07T09:29:49.837+0000: 5.652: Application time: 0.0007234 seconds
{Heap before GC invocations=71 (full 1):
 par new generation   total 19008K, used 17113K [0x00000000c2600000, 0x00000000c3aa0000, 0x00000000d6e00000)
  eden space 16896K, 100% used [0x00000000c2600000, 0x00000000c3680000, 0x00000000c3680000)
  from space 2112K,  10% used [0x00000000c3890000, 0x00000000c38c6428, 0x00000000c3aa0000)
  to   space 2112K,   0% used [0x00000000c3680000, 0x00000000c3680000, 0x00000000c3890000)
 concurrent mark-sweep generation total 42368K, used 20986K [0x00000000d6e00000, 0x00000000d9760000, 0x0000000100000000)
 Metaspace       used 27814K, capacity 28720K, committed 29000K, reserved 1075200K
  class space    used 3409K, capacity 3636K, committed 3660K, reserved 1048576K
2022-08-07T09:29:49.838+0000: 5.653: [GC (Allocation Failure) 2022-08-07T09:29:49.839+0000: 5.653: [ParNew: 17113K->182K(19008K), 0.0026761 secs] 38099K->21168K(61376K), 0.0033080 secs] [Times: user=0.01 sys=0.01, real=0.00 secs] 
Heap after GC invocations=72 (full 1):
 par new generation   total 19008K, used 182K [0x00000000c2600000, 0x00000000c3aa0000, 0x00000000d6e00000)
  eden space 16896K,   0% used [0x00000000c2600000, 0x00000000c2600000, 0x00000000c3680000)
  from space 2112K,   8% used [0x00000000c3680000, 0x00000000c36ad970, 0x00000000c3890000)
  to   space 2112K,   0% used [0x00000000c3890000, 0x00000000c3890000, 0x00000000c3aa0000)
 concurrent mark-sweep generation total 42368K, used 20986K [0x00000000d6e00000, 0x00000000d9760000, 0x0000000100000000)
 Metaspace       used 27814K, capacity 28720K, committed 29000K, reserved 1075200K
  class space    used 3409K, capacity 3636K, committed 3660K, reserved 1048576K
}
2022-08-07T09:29:49.844+0000: 5.659: Application time: 0.0022274 seconds
2022-08-07T09:29:49.846+0000: 5.661: Application time: 0.0011043 seconds
2022-08-07T09:29:49.847+0000: 5.661: Application time: 0.0001739 seconds
2022-08-07T09:29:49.847+0000: 5.662: Application time: 0.0003693 seconds
2022-08-07T09:29:49.848+0000: 5.662: Application time: 0.0005332 seconds
2022-08-07T09:29:49.849+0000: 5.664: Application time: 0.0011614 seconds
2022-08-07T09:29:49.868+0000: 5.683: Application time: 0.0188157 seconds
2022-08-07T09:29:49.869+0000: 5.684: Application time: 0.0003197 seconds
2022-08-07T09:29:49.870+0000: 5.685: Application time: 0.0011040 seconds
2022-08-07T09:29:49.883+0000: 5.697: Application time: 0.0119826 seconds
{Heap before GC invocations=72 (full 1):
 par new generation   total 19008K, used 17078K [0x00000000c2600000, 0x00000000c3aa0000, 0x00000000d6e00000)
  eden space 16896K, 100% used [0x00000000c2600000, 0x00000000c3680000, 0x00000000c3680000)
  from space 2112K,   8% used [0x00000000c3680000, 0x00000000c36ad970, 0x00000000c3890000)
  to   space 2112K,   0% used [0x00000000c3890000, 0x00000000c3890000, 0x00000000c3aa0000)
 concurrent mark-sweep generation total 42368K, used 20986K [0x00000000d6e00000, 0x00000000d9760000, 0x0000000100000000)
 Metaspace       used 27832K, capacity 28720K, committed 29000K, reserved 1075200K
  class space    used 3411K, capacity 3636K, committed 3660K, reserved 1048576K
2022-08-07T09:29:49.884+0000: 5.698: [GC (Allocation Failure) 2022-08-07T09:29:49.884+0000: 5.699: [ParNew: 17078K->162K(19008K), 0.0034870 secs] 38064K->21149K(61376K), 0.0043966 secs] [Times: user=0.01 sys=0.00, real=0.00 secs] 
Heap after GC invocations=73 (full 1):
 par new generation   total 19008K, used 162K [0x00000000c2600000, 0x00000000c3aa0000, 0x00000000d6e00000)
  eden space 16896K,   0% used [0x00000000c2600000, 0x00000000c2600000, 0x00000000c3680000)
  from space 2112K,   7% used [0x00000000c3890000, 0x00000000c38b8ad0, 0x00000000c3aa0000)
  to   space 2112K,   0% used [0x00000000c3680000, 0x00000000c3680000, 0x00000000c3890000)
 concurrent mark-sweep generation total 42368K, used 20986K [0x00000000d6e00000, 0x00000000d9760000, 0x0000000100000000)
 Metaspace       used 27832K, capacity 28720K, committed 29000K, reserved 1075200K
  class space    used 3411K, capacity 3636K, committed 3660K, reserved 1048576K
}
2022-08-07T09:29:49.895+0000: 5.709: Application time: 0.0058186 seconds
2022-08-07T09:29:49.896+0000: 5.710: Application time: 0.0003375 seconds
2022-08-07T09:29:49.918+0000: 5.733: Application time: 0.0224280 seconds
{Heap before GC invocations=73 (full 1):
 par new generation   total 19008K, used 17058K [0x00000000c2600000, 0x00000000c3aa0000, 0x00000000d6e00000)
  eden space 16896K, 100% used [0x00000000c2600000, 0x00000000c3680000, 0x00000000c3680000)
  from space 2112K,   7% used [0x00000000c3890000, 0x00000000c38b8ad0, 0x00000000c3aa0000)
  to   space 2112K,   0% used [0x00000000c3680000, 0x00000000c3680000, 0x00000000c3890000)
 concurrent mark-sweep generation total 42368K, used 20986K [0x00000000d6e00000, 0x00000000d9760000, 0x0000000100000000)
 Metaspace       used 27901K, capacity 28784K, committed 29000K, reserved 1075200K
  class space    used 3419K, capacity 3636K, committed 3660K, reserved 1048576K
2022-08-07T09:29:49.919+0000: 5.734: [GC (Allocation Failure) 2022-08-07T09:29:49.920+0000: 5.734: [ParNew: 17058K->194K(19008K), 0.0024885 secs] 38045K->21180K(61376K), 0.0033845 secs] [Times: user=0.01 sys=0.00, real=0.00 secs] 
Heap after GC invocations=74 (full 1):
 par new generation   total 19008K, used 194K [0x00000000c2600000, 0x00000000c3aa0000, 0x00000000d6e00000)
  eden space 16896K,   0% used [0x00000000c2600000, 0x00000000c2600000, 0x00000000c3680000)
  from space 2112K,   9% used [0x00000000c3680000, 0x00000000c36b0aa8, 0x00000000c3890000)
  to   space 2112K,   0% used [0x00000000c3890000, 0x00000000c3890000, 0x00000000c3aa0000)
 concurrent mark-sweep generation total 42368K, used 20986K [0x00000000d6e00000, 0x00000000d9760000, 0x0000000100000000)
 Metaspace       used 27901K, capacity 28784K, committed 29000K, reserved 1075200K
  class space    used 3419K, capacity 3636K, committed 3660K, reserved 1048576K
}
2022-08-07T09:29:49.949+0000: 5.764: Application time: 0.0263810 seconds
{Heap before GC invocations=74 (full 1):
 par new generation   total 19008K, used 17090K [0x00000000c2600000, 0x00000000c3aa0000, 0x00000000d6e00000)
  eden space 16896K, 100% used [0x00000000c2600000, 0x00000000c3680000, 0x00000000c3680000)
  from space 2112K,   9% used [0x00000000c3680000, 0x00000000c36b0aa8, 0x00000000c3890000)
  to   space 2112K,   0% used [0x00000000c3890000, 0x00000000c3890000, 0x00000000c3aa0000)
 concurrent mark-sweep generation total 42368K, used 20986K [0x00000000d6e00000, 0x00000000d9760000, 0x0000000100000000)
 Metaspace       used 27935K, capacity 28944K, committed 29128K, reserved 1075200K
  class space    used 3427K, capacity 3668K, committed 3788K, reserved 1048576K
2022-08-07T09:29:49.950+0000: 5.765: [GC (Allocation Failure) 2022-08-07T09:29:49.951+0000: 5.765: [ParNew: 17090K->163K(19008K), 0.0028089 secs] 38076K->21149K(61376K), 0.0036485 secs] [Times: user=0.03 sys=0.00, real=0.02 secs] 
Heap after GC invocations=75 (full 1):
 par new generation   total 19008K, used 163K [0x00000000c2600000, 0x00000000c3aa0000, 0x00000000d6e00000)
  eden space 16896K,   0% used [0x00000000c2600000, 0x00000000c2600000, 0x00000000c3680000)
  from space 2112K,   7% used [0x00000000c3890000, 0x00000000c38b8c90, 0x00000000c3aa0000)
  to   space 2112K,   0% used [0x00000000c3680000, 0x00000000c3680000, 0x00000000c3890000)
 concurrent mark-sweep generation total 42368K, used 20986K [0x00000000d6e00000, 0x00000000d9760000, 0x0000000100000000)
 Metaspace       used 27935K, capacity 28944K, committed 29128K, reserved 1075200K
  class space    used 3427K, capacity 3668K, committed 3788K, reserved 1048576K
}
2022-08-07T09:29:50.005+0000: 5.819: Application time: 0.0385029 seconds
2022-08-07T09:29:50.007+0000: 5.822: Application time: 0.0019686 seconds
{Heap before GC invocations=75 (full 1):
 par new generation   total 19008K, used 17059K [0x00000000c2600000, 0x00000000c3aa0000, 0x00000000d6e00000)
  eden space 16896K, 100% used [0x00000000c2600000, 0x00000000c3680000, 0x00000000c3680000)
  from space 2112K,   7% used [0x00000000c3890000, 0x00000000c38b8c90, 0x00000000c3aa0000)
  to   space 2112K,   0% used [0x00000000c3680000, 0x00000000c3680000, 0x00000000c3890000)
 concurrent mark-sweep generation total 42368K, used 20986K [0x00000000d6e00000, 0x00000000d9760000, 0x0000000100000000)
 Metaspace       used 27976K, capacity 28976K, committed 29128K, reserved 1075200K
  class space    used 3434K, capacity 3700K, committed 3788K, reserved 1048576K
2022-08-07T09:29:50.008+0000: 5.822: [GC (Allocation Failure) 2022-08-07T09:29:50.008+0000: 5.823: [ParNew: 17059K->636K(19008K), 0.0025033 secs] 38045K->21623K(61376K), 0.0032149 secs] [Times: user=0.01 sys=0.01, real=0.00 secs] 
Heap after GC invocations=76 (full 1):
 par new generation   total 19008K, used 636K [0x00000000c2600000, 0x00000000c3aa0000, 0x00000000d6e00000)
  eden space 16896K,   0% used [0x00000000c2600000, 0x00000000c2600000, 0x00000000c3680000)
  from space 2112K,  30% used [0x00000000c3680000, 0x00000000c371f3d0, 0x00000000c3890000)
  to   space 2112K,   0% used [0x00000000c3890000, 0x00000000c3890000, 0x00000000c3aa0000)
 concurrent mark-sweep generation total 42368K, used 20986K [0x00000000d6e00000, 0x00000000d9760000, 0x0000000100000000)
 Metaspace       used 27976K, capacity 28976K, committed 29128K, reserved 1075200K
  class space    used 3434K, capacity 3700K, committed 3788K, reserved 1048576K
}
2022-08-07T09:29:50.020+0000: 5.834: Application time: 0.0076940 seconds
2022-08-07T09:29:50.020+0000: 5.835: Application time: 0.0002600 seconds
2022-08-07T09:29:50.021+0000: 5.836: Application time: 0.0009587 seconds
2022-08-07T09:29:50.022+0000: 5.837: Application time: 0.0006244 seconds
2022-08-07T09:29:50.025+0000: 5.840: Application time: 0.0029293 seconds
2022-08-07T09:29:50.026+0000: 5.840: Application time: 0.0001885 seconds
2022-08-07T09:29:50.027+0000: 5.841: Application time: 0.0006046 seconds
2022-08-07T09:29:50.027+0000: 5.842: Application time: 0.0001339 seconds
2022-08-07T09:29:50.028+0000: 5.843: Application time: 0.0006462 seconds
2022-08-07T09:29:50.029+0000: 5.843: Application time: 0.0002573 seconds
2022-08-07T09:29:50.030+0000: 5.844: Application time: 0.0002832 seconds
2022-08-07T09:29:50.030+0000: 5.845: Application time: 0.0004180 seconds
2022-08-07T09:29:50.034+0000: 5.849: Application time: 0.0032153 seconds
2022-08-07T09:29:50.035+0000: 5.849: Application time: 0.0001417 seconds
2022-08-07T09:29:50.037+0000: 5.852: Application time: 0.0008523 seconds
2022-08-07T09:29:50.038+0000: 5.852: Application time: 0.0001375 seconds
2022-08-07T09:29:50.042+0000: 5.856: Application time: 0.0019984 seconds
{Heap before GC invocations=76 (full 1):
 par new generation   total 19008K, used 17532K [0x00000000c2600000, 0x00000000c3aa0000, 0x00000000d6e00000)
  eden space 16896K, 100% used [0x00000000c2600000, 0x00000000c3680000, 0x00000000c3680000)
  from space 2112K,  30% used [0x00000000c3680000, 0x00000000c371f3d0, 0x00000000c3890000)
  to   space 2112K,   0% used [0x00000000c3890000, 0x00000000c3890000, 0x00000000c3aa0000)
 concurrent mark-sweep generation total 42368K, used 20986K [0x00000000d6e00000, 0x00000000d9760000, 0x0000000100000000)
 Metaspace       used 27977K, capacity 28976K, committed 29128K, reserved 1075200K
  class space    used 3434K, capacity 3700K, committed 3788K, reserved 1048576K
2022-08-07T09:29:50.043+0000: 5.857: [GC (Allocation Failure) 2022-08-07T09:29:50.043+0000: 5.857: [ParNew: 17532K->613K(19008K), 0.0028434 secs] 38519K->21599K(61376K), 0.0036029 secs] [Times: user=0.00 sys=0.00, real=0.01 secs] 
Heap after GC invocations=77 (full 1):
 par new generation   total 19008K, used 613K [0x00000000c2600000, 0x00000000c3aa0000, 0x00000000d6e00000)
  eden space 16896K,   0% used [0x00000000c2600000, 0x00000000c2600000, 0x00000000c3680000)
  from space 2112K,  29% used [0x00000000c3890000, 0x00000000c39295d0, 0x00000000c3aa0000)
  to   space 2112K,   0% used [0x00000000c3680000, 0x00000000c3680000, 0x00000000c3890000)
 concurrent mark-sweep generation total 42368K, used 20986K [0x00000000d6e00000, 0x00000000d9760000, 0x0000000100000000)
 Metaspace       used 27977K, capacity 28976K, committed 29128K, reserved 1075200K
  class space    used 3434K, capacity 3700K, committed 3788K, reserved 1048576K
}
2022-08-07T09:29:50.048+0000: 5.863: Application time: 0.0017649 seconds
2022-08-07T09:29:50.051+0000: 5.865: Application time: 0.0017984 seconds
2022-08-07T09:29:50.051+0000: 5.866: Application time: 0.0002725 seconds
2022-08-07T09:29:50.052+0000: 5.866: Application time: 0.0001699 seconds
2022-08-07T09:29:50.053+0000: 5.868: Application time: 0.0010534 seconds
2022-08-07T09:29:50.054+0000: 5.868: Application time: 0.0002270 seconds
2022-08-07T09:29:50.055+0000: 5.870: Application time: 0.0010634 seconds
2022-08-07T09:29:50.063+0000: 5.877: Application time: 0.0071449 seconds
{Heap before GC invocations=77 (full 1):
 par new generation   total 19008K, used 17509K [0x00000000c2600000, 0x00000000c3aa0000, 0x00000000d6e00000)
  eden space 16896K, 100% used [0x00000000c2600000, 0x00000000c3680000, 0x00000000c3680000)
  from space 2112K,  29% used [0x00000000c3890000, 0x00000000c39295d0, 0x00000000c3aa0000)
  to   space 2112K,   0% used [0x00000000c3680000, 0x00000000c3680000, 0x00000000c3890000)
 concurrent mark-sweep generation total 42368K, used 20986K [0x00000000d6e00000, 0x00000000d9760000, 0x0000000100000000)
 Metaspace       used 27980K, capacity 28976K, committed 29128K, reserved 1075200K
  class space    used 3434K, capacity 3700K, committed 3788K, reserved 1048576K
2022-08-07T09:29:50.063+0000: 5.878: [GC (Allocation Failure) 2022-08-07T09:29:50.064+0000: 5.878: [ParNew: 17509K->603K(19008K), 0.0025938 secs] 38495K->21609K(61376K), 0.0033522 secs] [Times: user=0.01 sys=0.00, real=0.00 secs] 
Heap after GC invocations=78 (full 1):
 par new generation   total 19008K, used 603K [0x00000000c2600000, 0x00000000c3aa0000, 0x00000000d6e00000)
  eden space 16896K,   0% used [0x00000000c2600000, 0x00000000c2600000, 0x00000000c3680000)
  from space 2112K,  28% used [0x00000000c3680000, 0x00000000c3716c80, 0x00000000c3890000)
  to   space 2112K,   0% used [0x00000000c3890000, 0x00000000c3890000, 0x00000000c3aa0000)
 concurrent mark-sweep generation total 42368K, used 21006K [0x00000000d6e00000, 0x00000000d9760000, 0x0000000100000000)
 Metaspace       used 27980K, capacity 28976K, committed 29128K, reserved 1075200K
  class space    used 3434K, capacity 3700K, committed 3788K, reserved 1048576K
}
2022-08-07T09:29:50.072+0000: 5.887: Application time: 0.0052745 seconds
2022-08-07T09:29:50.076+0000: 5.891: Application time: 0.0033094 seconds
2022-08-07T09:29:50.077+0000: 5.892: Application time: 0.0002157 seconds
2022-08-07T09:29:50.081+0000: 5.896: Application time: 0.0028428 seconds
{Heap before GC invocations=78 (full 1):
 par new generation   total 19008K, used 17499K [0x00000000c2600000, 0x00000000c3aa0000, 0x00000000d6e00000)
  eden space 16896K, 100% used [0x00000000c2600000, 0x00000000c3680000, 0x00000000c3680000)
  from space 2112K,  28% used [0x00000000c3680000, 0x00000000c3716c80, 0x00000000c3890000)
  to   space 2112K,   0% used [0x00000000c3890000, 0x00000000c3890000, 0x00000000c3aa0000)
 concurrent mark-sweep generation total 42368K, used 21006K [0x00000000d6e00000, 0x00000000d9760000, 0x0000000100000000)
 Metaspace       used 27980K, capacity 28976K, committed 29128K, reserved 1075200K
  class space    used 3434K, capacity 3700K, committed 3788K, reserved 1048576K
2022-08-07T09:29:50.082+0000: 5.896: [GC (Allocation Failure) 2022-08-07T09:29:50.082+0000: 5.897: [ParNew: 17499K->735K(19008K), 0.0024982 secs] 38505K->21749K(61376K), 0.0030677 secs] [Times: user=0.00 sys=0.00, real=0.01 secs] 
Heap after GC invocations=79 (full 1):
 par new generation   total 19008K, used 735K [0x00000000c2600000, 0x00000000c3aa0000, 0x00000000d6e00000)
  eden space 16896K,   0% used [0x00000000c2600000, 0x00000000c2600000, 0x00000000c3680000)
  from space 2112K,  34% used [0x00000000c3890000, 0x00000000c3947c90, 0x00000000c3aa0000)
  to   space 2112K,   0% used [0x00000000c3680000, 0x00000000c3680000, 0x00000000c3890000)
 concurrent mark-sweep generation total 42368K, used 21013K [0x00000000d6e00000, 0x00000000d9760000, 0x0000000100000000)
 Metaspace       used 27980K, capacity 28976K, committed 29128K, reserved 1075200K
  class space    used 3434K, capacity 3700K, committed 3788K, reserved 1048576K
}
2022-08-07T09:29:50.086+0000: 5.900: Application time: 0.0001390 seconds
2022-08-07T09:29:50.087+0000: 5.901: Application time: 0.0003024 seconds
2022-08-07T09:29:50.090+0000: 5.905: Application time: 0.0027405 seconds
2022-08-07T09:29:50.091+0000: 5.905: Application time: 0.0002228 seconds
2022-08-07T09:29:50.093+0000: 5.908: Application time: 0.0018399 seconds
2022-08-07T09:29:50.100+0000: 5.914: Application time: 0.0059340 seconds
2022-08-07T09:29:50.101+0000: 5.915: Application time: 0.0004979 seconds
{Heap before GC invocations=79 (full 1):
 par new generation   total 19008K, used 17631K [0x00000000c2600000, 0x00000000c3aa0000, 0x00000000d6e00000)
  eden space 16896K, 100% used [0x00000000c2600000, 0x00000000c3680000, 0x00000000c3680000)
  from space 2112K,  34% used [0x00000000c3890000, 0x00000000c3947c90, 0x00000000c3aa0000)
  to   space 2112K,   0% used [0x00000000c3680000, 0x00000000c3680000, 0x00000000c3890000)
 concurrent mark-sweep generation total 42368K, used 21013K [0x00000000d6e00000, 0x00000000d9760000, 0x0000000100000000)
 Metaspace       used 27981K, capacity 28976K, committed 29128K, reserved 1075200K
  class space    used 3434K, capacity 3700K, committed 3788K, reserved 1048576K
2022-08-07T09:29:50.101+0000: 5.915: [GC (Allocation Failure) 2022-08-07T09:29:50.101+0000: 5.916: [ParNew: 17631K->611K(19008K), 0.0024183 secs] 38645K->21643K(61376K), 0.0031417 secs] [Times: user=0.01 sys=0.00, real=0.01 secs] 
Heap after GC invocations=80 (full 1):
 par new generation   total 19008K, used 611K [0x00000000c2600000, 0x00000000c3aa0000, 0x00000000d6e00000)
  eden space 16896K,   0% used [0x00000000c2600000, 0x00000000c2600000, 0x00000000c3680000)
  from space 2112K,  28% used [0x00000000c3680000, 0x00000000c3718d78, 0x00000000c3890000)
  to   space 2112K,   0% used [0x00000000c3890000, 0x00000000c3890000, 0x00000000c3aa0000)
 concurrent mark-sweep generation total 42368K, used 21031K [0x00000000d6e00000, 0x00000000d9760000, 0x0000000100000000)
 Metaspace       used 27981K, capacity 28976K, committed 29128K, reserved 1075200K
  class space    used 3434K, capacity 3700K, committed 3788K, reserved 1048576K
}
2022-08-07T09:29:50.125+0000: 5.940: Application time: 0.0205434 seconds
{Heap before GC invocations=80 (full 1):
 par new generation   total 19008K, used 17507K [0x00000000c2600000, 0x00000000c3aa0000, 0x00000000d6e00000)
  eden space 16896K, 100% used [0x00000000c2600000, 0x00000000c3680000, 0x00000000c3680000)
  from space 2112K,  28% used [0x00000000c3680000, 0x00000000c3718d78, 0x00000000c3890000)
  to   space 2112K,   0% used [0x00000000c3890000, 0x00000000c3890000, 0x00000000c3aa0000)
 concurrent mark-sweep generation total 42368K, used 21031K [0x00000000d6e00000, 0x00000000d9760000, 0x0000000100000000)
 Metaspace       used 27988K, capacity 28976K, committed 29128K, reserved 1075200K
  class space    used 3434K, capacity 3700K, committed 3788K, reserved 1048576K
2022-08-07T09:29:50.126+0000: 5.940: [GC (Allocation Failure) 2022-08-07T09:29:50.126+0000: 5.941: [ParNew: 17507K->598K(19008K), 0.0030911 secs] 38539K->21645K(61376K), 0.0037222 secs] [Times: user=0.01 sys=0.00, real=0.00 secs] 
Heap after GC invocations=81 (full 1):
 par new generation   total 19008K, used 598K [0x00000000c2600000, 0x00000000c3aa0000, 0x00000000d6e00000)
  eden space 16896K,   0% used [0x00000000c2600000, 0x00000000c2600000, 0x00000000c3680000)
  from space 2112K,  28% used [0x00000000c3890000, 0x00000000c39258f8, 0x00000000c3aa0000)
  to   space 2112K,   0% used [0x00000000c3680000, 0x00000000c3680000, 0x00000000c3890000)
 concurrent mark-sweep generation total 42368K, used 21046K [0x00000000d6e00000, 0x00000000d9760000, 0x0000000100000000)
 Metaspace       used 27988K, capacity 28976K, committed 29128K, reserved 1075200K
  class space    used 3434K, capacity 3700K, committed 3788K, reserved 1048576K
}
2022-08-07T09:29:50.152+0000: 5.967: Application time: 0.0216913 seconds
2022-08-07T09:29:50.159+0000: 5.973: Application time: 0.0002440 seconds
2022-08-07T09:29:50.159+0000: 5.974: Application time: 0.0001721 seconds
2022-08-07T09:29:50.160+0000: 5.975: Application time: 0.0001341 seconds
2022-08-07T09:29:50.161+0000: 5.976: Application time: 0.0012728 seconds
2022-08-07T09:29:50.163+0000: 5.977: Application time: 0.0004215 seconds
{Heap before GC invocations=81 (full 1):
 par new generation   total 19008K, used 17494K [0x00000000c2600000, 0x00000000c3aa0000, 0x00000000d6e00000)
  eden space 16896K, 100% used [0x00000000c2600000, 0x00000000c3680000, 0x00000000c3680000)
  from space 2112K,  28% used [0x00000000c3890000, 0x00000000c39258f8, 0x00000000c3aa0000)
  to   space 2112K,   0% used [0x00000000c3680000, 0x00000000c3680000, 0x00000000c3890000)
 concurrent mark-sweep generation total 42368K, used 21046K [0x00000000d6e00000, 0x00000000d9760000, 0x0000000100000000)
 Metaspace       used 27989K, capacity 28976K, committed 29128K, reserved 1075200K
  class space    used 3434K, capacity 3700K, committed 3788K, reserved 1048576K
2022-08-07T09:29:50.163+0000: 5.978: [GC (Allocation Failure) 2022-08-07T09:29:50.163+0000: 5.978: [ParNew: 17494K->642K(19008K), 0.0034686 secs] 38541K->21699K(61376K), 0.0042827 secs] [Times: user=0.01 sys=0.00, real=0.01 secs] 
Heap after GC invocations=82 (full 1):
 par new generation   total 19008K, used 642K [0x00000000c2600000, 0x00000000c3aa0000, 0x00000000d6e00000)
  eden space 16896K,   0% used [0x00000000c2600000, 0x00000000c2600000, 0x00000000c3680000)
  from space 2112K,  30% used [0x00000000c3680000, 0x00000000c3720948, 0x00000000c3890000)
  to   space 2112K,   0% used [0x00000000c3890000, 0x00000000c3890000, 0x00000000c3aa0000)
 concurrent mark-sweep generation total 42368K, used 21056K [0x00000000d6e00000, 0x00000000d9760000, 0x0000000100000000)
 Metaspace       used 27989K, capacity 28976K, committed 29128K, reserved 1075200K
  class space    used 3434K, capacity 3700K, committed 3788K, reserved 1048576K
}
2022-08-07T09:29:50.173+0000: 5.987: Application time: 0.0041764 seconds
2022-08-07T09:29:50.173+0000: 5.988: Application time: 0.0002039 seconds
2022-08-07T09:29:50.174+0000: 5.989: Application time: 0.0003001 seconds
2022-08-07T09:29:50.175+0000: 5.989: Application time: 0.0002235 seconds
2022-08-07T09:29:50.176+0000: 5.991: Application time: 0.0012045 seconds
2022-08-07T09:29:50.184+0000: 5.998: Application time: 0.0070350 seconds
{Heap before GC invocations=82 (full 1):
 par new generation   total 19008K, used 17538K [0x00000000c2600000, 0x00000000c3aa0000, 0x00000000d6e00000)
  eden space 16896K, 100% used [0x00000000c2600000, 0x00000000c3680000, 0x00000000c3680000)
  from space 2112K,  30% used [0x00000000c3680000, 0x00000000c3720948, 0x00000000c3890000)
  to   space 2112K,   0% used [0x00000000c3890000, 0x00000000c3890000, 0x00000000c3aa0000)
 concurrent mark-sweep generation total 42368K, used 21056K [0x00000000d6e00000, 0x00000000d9760000, 0x0000000100000000)
 Metaspace       used 27989K, capacity 28976K, committed 29128K, reserved 1075200K
  class space    used 3434K, capacity 3700K, committed 3788K, reserved 1048576K
2022-08-07T09:29:50.184+0000: 5.998: [GC (Allocation Failure) 2022-08-07T09:29:50.185+0000: 5.999: [ParNew: 17538K->552K(19008K), 0.0036578 secs] 38595K->21625K(61376K), 0.0113331 secs] [Times: user=0.01 sys=0.00, real=0.01 secs] 
Heap after GC invocations=83 (full 1):
 par new generation   total 19008K, used 552K [0x00000000c2600000, 0x00000000c3aa0000, 0x00000000d6e00000)
  eden space 16896K,   0% used [0x00000000c2600000, 0x00000000c2600000, 0x00000000c3680000)
  from space 2112K,  26% used [0x00000000c3890000, 0x00000000c391a070, 0x00000000c3aa0000)
  to   space 2112K,   0% used [0x00000000c3680000, 0x00000000c3680000, 0x00000000c3890000)
 concurrent mark-sweep generation total 42368K, used 21073K [0x00000000d6e00000, 0x00000000d9760000, 0x0000000100000000)
 Metaspace       used 27989K, capacity 28976K, committed 29128K, reserved 1075200K
  class space    used 3434K, capacity 3700K, committed 3788K, reserved 1048576K
}
2022-08-07T09:29:50.220+0000: 6.034: Application time: 0.0233458 seconds
{Heap before GC invocations=83 (full 1):
 par new generation   total 19008K, used 17448K [0x00000000c2600000, 0x00000000c3aa0000, 0x00000000d6e00000)
  eden space 16896K, 100% used [0x00000000c2600000, 0x00000000c3680000, 0x00000000c3680000)
  from space 2112K,  26% used [0x00000000c3890000, 0x00000000c391a070, 0x00000000c3aa0000)
  to   space 2112K,   0% used [0x00000000c3680000, 0x00000000c3680000, 0x00000000c3890000)
 concurrent mark-sweep generation total 42368K, used 21073K [0x00000000d6e00000, 0x00000000d9760000, 0x0000000100000000)
 Metaspace       used 27989K, capacity 28976K, committed 29128K, reserved 1075200K
  class space    used 3434K, capacity 3700K, committed 3788K, reserved 1048576K
2022-08-07T09:29:50.221+0000: 6.036: [GC (Allocation Failure) 2022-08-07T09:29:50.221+0000: 6.036: [ParNew: 17448K->744K(19008K), 0.0174952 secs] 38521K->21846K(61376K), 0.0182172 secs] [Times: user=0.03 sys=0.00, real=0.02 secs] 
Heap after GC invocations=84 (full 1):
 par new generation   total 19008K, used 744K [0x00000000c2600000, 0x00000000c3aa0000, 0x00000000d6e00000)
  eden space 16896K,   0% used [0x00000000c2600000, 0x00000000c2600000, 0x00000000c3680000)
  from space 2112K,  35% used [0x00000000c3680000, 0x00000000c373a2b8, 0x00000000c3890000)
  to   space 2112K,   0% used [0x00000000c3890000, 0x00000000c3890000, 0x00000000c3aa0000)
 concurrent mark-sweep generation total 42368K, used 21101K [0x00000000d6e00000, 0x00000000d9760000, 0x0000000100000000)
 Metaspace       used 27989K, capacity 28976K, committed 29128K, reserved 1075200K
  class space    used 3434K, capacity 3700K, committed 3788K, reserved 1048576K
}
2022-08-07T09:29:50.250+0000: 6.064: Application time: 0.0096455 seconds
{Heap before GC invocations=84 (full 1):
 par new generation   total 19008K, used 17640K [0x00000000c2600000, 0x00000000c3aa0000, 0x00000000d6e00000)
  eden space 16896K, 100% used [0x00000000c2600000, 0x00000000c3680000, 0x00000000c3680000)
  from space 2112K,  35% used [0x00000000c3680000, 0x00000000c373a2b8, 0x00000000c3890000)
  to   space 2112K,   0% used [0x00000000c3890000, 0x00000000c3890000, 0x00000000c3aa0000)
 concurrent mark-sweep generation total 42368K, used 21101K [0x00000000d6e00000, 0x00000000d9760000, 0x0000000100000000)
 Metaspace       used 27989K, capacity 28976K, committed 29128K, reserved 1075200K
  class space    used 3434K, capacity 3700K, committed 3788K, reserved 1048576K
2022-08-07T09:29:50.250+0000: 6.065: [GC (Allocation Failure) 2022-08-07T09:29:50.251+0000: 6.065: [ParNew: 17640K->447K(19008K), 0.0028101 secs] 38742K->21592K(61376K), 0.0038193 secs] [Times: user=0.00 sys=0.00, real=0.01 secs] 
Heap after GC invocations=85 (full 1):
 par new generation   total 19008K, used 447K [0x00000000c2600000, 0x00000000c3aa0000, 0x00000000d6e00000)
  eden space 16896K,   0% used [0x00000000c2600000, 0x00000000c2600000, 0x00000000c3680000)
  from space 2112K,  21% used [0x00000000c3890000, 0x00000000c38ffcf0, 0x00000000c3aa0000)
  to   space 2112K,   0% used [0x00000000c3680000, 0x00000000c3680000, 0x00000000c3890000)
 concurrent mark-sweep generation total 42368K, used 21144K [0x00000000d6e00000, 0x00000000d9760000, 0x0000000100000000)
 Metaspace       used 27989K, capacity 28976K, committed 29128K, reserved 1075200K
  class space    used 3434K, capacity 3700K, committed 3788K, reserved 1048576K
}
2022-08-07T09:29:50.268+0000: 6.082: Application time: 0.0129705 seconds
{Heap before GC invocations=85 (full 1):
 par new generation   total 19008K, used 17343K [0x00000000c2600000, 0x00000000c3aa0000, 0x00000000d6e00000)
  eden space 16896K, 100% used [0x00000000c2600000, 0x00000000c3680000, 0x00000000c3680000)
  from space 2112K,  21% used [0x00000000c3890000, 0x00000000c38ffcf0, 0x00000000c3aa0000)
  to   space 2112K,   0% used [0x00000000c3680000, 0x00000000c3680000, 0x00000000c3890000)
 concurrent mark-sweep generation total 42368K, used 21144K [0x00000000d6e00000, 0x00000000d9760000, 0x0000000100000000)
 Metaspace       used 27994K, capacity 28976K, committed 29128K, reserved 1075200K
  class space    used 3434K, capacity 3700K, committed 3788K, reserved 1048576K
2022-08-07T09:29:50.274+0000: 6.089: [GC (Allocation Failure) 2022-08-07T09:29:50.275+0000: 6.089: [ParNew: 17343K->501K(19008K), 0.0036459 secs] 38488K->21646K(61376K), 0.0048442 secs] [Times: user=0.00 sys=0.00, real=0.00 secs] 
Heap after GC invocations=86 (full 1):
 par new generation   total 19008K, used 501K [0x00000000c2600000, 0x00000000c3aa0000, 0x00000000d6e00000)
  eden space 16896K,   0% used [0x00000000c2600000, 0x00000000c2600000, 0x00000000c3680000)
  from space 2112K,  23% used [0x00000000c3680000, 0x00000000c36fd5b0, 0x00000000c3890000)
  to   space 2112K,   0% used [0x00000000c3890000, 0x00000000c3890000, 0x00000000c3aa0000)
 concurrent mark-sweep generation total 42368K, used 21144K [0x00000000d6e00000, 0x00000000d9760000, 0x0000000100000000)
 Metaspace       used 27994K, capacity 28976K, committed 29128K, reserved 1075200K
  class space    used 3434K, capacity 3700K, committed 3788K, reserved 1048576K
}
2022-08-07T09:29:50.283+0000: 6.097: Application time: 0.0025361 seconds
2022-08-07T09:29:50.298+0000: 6.113: Application time: 0.0154580 seconds
{Heap before GC invocations=86 (full 1):
 par new generation   total 19008K, used 17397K [0x00000000c2600000, 0x00000000c3aa0000, 0x00000000d6e00000)
  eden space 16896K, 100% used [0x00000000c2600000, 0x00000000c3680000, 0x00000000c3680000)
  from space 2112K,  23% used [0x00000000c3680000, 0x00000000c36fd5b0, 0x00000000c3890000)
  to   space 2112K,   0% used [0x00000000c3890000, 0x00000000c3890000, 0x00000000c3aa0000)
 concurrent mark-sweep generation total 42368K, used 21144K [0x00000000d6e00000, 0x00000000d9760000, 0x0000000100000000)
 Metaspace       used 27994K, capacity 28976K, committed 29128K, reserved 1075200K
  class space    used 3434K, capacity 3700K, committed 3788K, reserved 1048576K
2022-08-07T09:29:50.299+0000: 6.114: [GC (Allocation Failure) 2022-08-07T09:29:50.300+0000: 6.114: [ParNew: 17397K->537K(19008K), 0.0028634 secs] 38542K->21681K(61376K), 0.0037719 secs] [Times: user=0.00 sys=0.00, real=0.01 secs] 
Heap after GC invocations=87 (full 1):
 par new generation   total 19008K, used 537K [0x00000000c2600000, 0x00000000c3aa0000, 0x00000000d6e00000)
  eden space 16896K,   0% used [0x00000000c2600000, 0x00000000c2600000, 0x00000000c3680000)
  from space 2112K,  25% used [0x00000000c3890000, 0x00000000c3916460, 0x00000000c3aa0000)
  to   space 2112K,   0% used [0x00000000c3680000, 0x00000000c3680000, 0x00000000c3890000)
 concurrent mark-sweep generation total 42368K, used 21144K [0x00000000d6e00000, 0x00000000d9760000, 0x0000000100000000)
 Metaspace       used 27994K, capacity 28976K, committed 29128K, reserved 1075200K
  class space    used 3434K, capacity 3700K, committed 3788K, reserved 1048576K
}
2022-08-07T09:29:50.323+0000: 6.138: Application time: 0.0194096 seconds
{Heap before GC invocations=87 (full 1):
 par new generation   total 19008K, used 17433K [0x00000000c2600000, 0x00000000c3aa0000, 0x00000000d6e00000)
  eden space 16896K, 100% used [0x00000000c2600000, 0x00000000c3680000, 0x00000000c3680000)
  from space 2112K,  25% used [0x00000000c3890000, 0x00000000c3916460, 0x00000000c3aa0000)
  to   space 2112K,   0% used [0x00000000c3680000, 0x00000000c3680000, 0x00000000c3890000)
 concurrent mark-sweep generation total 42368K, used 21144K [0x00000000d6e00000, 0x00000000d9760000, 0x0000000100000000)
 Metaspace       used 27994K, capacity 28976K, committed 29128K, reserved 1075200K
  class space    used 3434K, capacity 3700K, committed 3788K, reserved 1048576K
2022-08-07T09:29:50.324+0000: 6.138: [GC (Allocation Failure) 2022-08-07T09:29:50.325+0000: 6.139: [ParNew: 17433K->458K(19008K), 0.0083178 secs] 38577K->21603K(61376K), 0.0096123 secs] [Times: user=0.01 sys=0.00, real=0.01 secs] 
Heap after GC invocations=88 (full 1):
 par new generation   total 19008K, used 458K [0x00000000c2600000, 0x00000000c3aa0000, 0x00000000d6e00000)
  eden space 16896K,   0% used [0x00000000c2600000, 0x00000000c2600000, 0x00000000c3680000)
  from space 2112K,  21% used [0x00000000c3680000, 0x00000000c36f28f8, 0x00000000c3890000)
  to   space 2112K,   0% used [0x00000000c3890000, 0x00000000c3890000, 0x00000000c3aa0000)
 concurrent mark-sweep generation total 42368K, used 21144K [0x00000000d6e00000, 0x00000000d9760000, 0x0000000100000000)
 Metaspace       used 27994K, capacity 28976K, committed 29128K, reserved 1075200K
  class space    used 3434K, capacity 3700K, committed 3788K, reserved 1048576K
}
2022-08-07T09:29:50.394+0000: 6.208: Application time: 0.0595900 seconds
{Heap before GC invocations=88 (full 1):
 par new generation   total 19008K, used 17354K [0x00000000c2600000, 0x00000000c3aa0000, 0x00000000d6e00000)
  eden space 16896K, 100% used [0x00000000c2600000, 0x00000000c3680000, 0x00000000c3680000)
  from space 2112K,  21% used [0x00000000c3680000, 0x00000000c36f28f8, 0x00000000c3890000)
  to   space 2112K,   0% used [0x00000000c3890000, 0x00000000c3890000, 0x00000000c3aa0000)
 concurrent mark-sweep generation total 42368K, used 21144K [0x00000000d6e00000, 0x00000000d9760000, 0x0000000100000000)
 Metaspace       used 28045K, capacity 29062K, committed 29384K, reserved 1075200K
  class space    used 3442K, capacity 3705K, committed 3788K, reserved 1048576K
2022-08-07T09:29:50.398+0000: 6.213: [GC (Allocation Failure) 2022-08-07T09:29:50.399+0000: 6.213: [ParNew: 17354K->414K(19008K), 0.0042909 secs] 38499K->21559K(61376K), 0.0050402 secs] [Times: user=0.00 sys=0.00, real=0.01 secs] 
Heap after GC invocations=89 (full 1):
 par new generation   total 19008K, used 414K [0x00000000c2600000, 0x00000000c3aa0000, 0x00000000d6e00000)
  eden space 16896K,   0% used [0x00000000c2600000, 0x00000000c2600000, 0x00000000c3680000)
  from space 2112K,  19% used [0x00000000c3890000, 0x00000000c38f7b48, 0x00000000c3aa0000)
  to   space 2112K,   0% used [0x00000000c3680000, 0x00000000c3680000, 0x00000000c3890000)
 concurrent mark-sweep generation total 42368K, used 21144K [0x00000000d6e00000, 0x00000000d9760000, 0x0000000100000000)
 Metaspace       used 28045K, capacity 29062K, committed 29384K, reserved 1075200K
  class space    used 3442K, capacity 3705K, committed 3788K, reserved 1048576K
}
2022-08-07T09:29:50.437+0000: 6.251: Application time: 0.0326809 seconds
{Heap before GC invocations=89 (full 1):
 par new generation   total 19008K, used 17310K [0x00000000c2600000, 0x00000000c3aa0000, 0x00000000d6e00000)
  eden space 16896K, 100% used [0x00000000c2600000, 0x00000000c3680000, 0x00000000c3680000)
  from space 2112K,  19% used [0x00000000c3890000, 0x00000000c38f7b48, 0x00000000c3aa0000)
  to   space 2112K,   0% used [0x00000000c3680000, 0x00000000c3680000, 0x00000000c3890000)
 concurrent mark-sweep generation total 42368K, used 21144K [0x00000000d6e00000, 0x00000000d9760000, 0x0000000100000000)
 Metaspace       used 28118K, capacity 29142K, committed 29384K, reserved 1075200K
  class space    used 3451K, capacity 3707K, committed 3788K, reserved 1048576K
2022-08-07T09:29:50.438+0000: 6.252: [GC (Allocation Failure) 2022-08-07T09:29:50.438+0000: 6.253: [ParNew: 17310K->402K(19008K), 0.0026212 secs] 38455K->21547K(61376K), 0.0033091 secs] [Times: user=0.01 sys=0.00, real=0.00 secs] 
Heap after GC invocations=90 (full 1):
 par new generation   total 19008K, used 402K [0x00000000c2600000, 0x00000000c3aa0000, 0x00000000d6e00000)
  eden space 16896K,   0% used [0x00000000c2600000, 0x00000000c2600000, 0x00000000c3680000)
  from space 2112K,  19% used [0x00000000c3680000, 0x00000000c36e4a08, 0x00000000c3890000)
  to   space 2112K,   0% used [0x00000000c3890000, 0x00000000c3890000, 0x00000000c3aa0000)
 concurrent mark-sweep generation total 42368K, used 21144K [0x00000000d6e00000, 0x00000000d9760000, 0x0000000100000000)
 Metaspace       used 28118K, capacity 29142K, committed 29384K, reserved 1075200K
  class space    used 3451K, capacity 3707K, committed 3788K, reserved 1048576K
}
2022-08-07T09:29:50.495+0000: 6.309: Application time: 0.0532090 seconds
{Heap before GC invocations=90 (full 1):
 par new generation   total 19008K, used 17298K [0x00000000c2600000, 0x00000000c3aa0000, 0x00000000d6e00000)
  eden space 16896K, 100% used [0x00000000c2600000, 0x00000000c3680000, 0x00000000c3680000)
  from space 2112K,  19% used [0x00000000c3680000, 0x00000000c36e4a08, 0x00000000c3890000)
  to   space 2112K,   0% used [0x00000000c3890000, 0x00000000c3890000, 0x00000000c3aa0000)
 concurrent mark-sweep generation total 42368K, used 21144K [0x00000000d6e00000, 0x00000000d9760000, 0x0000000100000000)
 Metaspace       used 28499K, capacity 29506K, committed 29640K, reserved 1075200K
  class space    used 3493K, capacity 3741K, committed 3788K, reserved 1048576K
2022-08-07T09:29:50.495+0000: 6.310: [GC (Allocation Failure) 2022-08-07T09:29:50.496+0000: 6.311: [ParNew: 17298K->761K(19008K), 0.0054606 secs] 38443K->21906K(61376K), 0.0067679 secs] [Times: user=0.00 sys=0.00, real=0.00 secs] 
Heap after GC invocations=91 (full 1):
 par new generation   total 19008K, used 761K [0x00000000c2600000, 0x00000000c3aa0000, 0x00000000d6e00000)
  eden space 16896K,   0% used [0x00000000c2600000, 0x00000000c2600000, 0x00000000c3680000)
  from space 2112K,  36% used [0x00000000c3890000, 0x00000000c394e770, 0x00000000c3aa0000)
  to   space 2112K,   0% used [0x00000000c3680000, 0x00000000c3680000, 0x00000000c3890000)
 concurrent mark-sweep generation total 42368K, used 21144K [0x00000000d6e00000, 0x00000000d9760000, 0x0000000100000000)
 Metaspace       used 28499K, capacity 29506K, committed 29640K, reserved 1075200K
  class space    used 3493K, capacity 3741K, committed 3788K, reserved 1048576K
}
2022-08-07T09:29:50.532+0000: 6.346: Application time: 0.0292101 seconds
{Heap before GC invocations=91 (full 1):
 par new generation   total 19008K, used 17657K [0x00000000c2600000, 0x00000000c3aa0000, 0x00000000d6e00000)
  eden space 16896K, 100% used [0x00000000c2600000, 0x00000000c3680000, 0x00000000c3680000)
  from space 2112K,  36% used [0x00000000c3890000, 0x00000000c394e770, 0x00000000c3aa0000)
  to   space 2112K,   0% used [0x00000000c3680000, 0x00000000c3680000, 0x00000000c3890000)
 concurrent mark-sweep generation total 42368K, used 21144K [0x00000000d6e00000, 0x00000000d9760000, 0x0000000100000000)
 Metaspace       used 28543K, capacity 29538K, committed 29640K, reserved 1075200K
  class space    used 3503K, capacity 3773K, committed 3788K, reserved 1048576K
2022-08-07T09:29:50.533+0000: 6.347: [GC (Allocation Failure) 2022-08-07T09:29:50.533+0000: 6.347: [ParNew: 17657K->589K(19008K), 0.0028300 secs] 38802K->21735K(61376K), 0.0033696 secs] [Times: user=0.01 sys=0.00, real=0.01 secs] 
Heap after GC invocations=92 (full 1):
 par new generation   total 19008K, used 589K [0x00000000c2600000, 0x00000000c3aa0000, 0x00000000d6e00000)
  eden space 16896K,   0% used [0x00000000c2600000, 0x00000000c2600000, 0x00000000c3680000)
  from space 2112K,  27% used [0x00000000c3680000, 0x00000000c3713518, 0x00000000c3890000)
  to   space 2112K,   0% used [0x00000000c3890000, 0x00000000c3890000, 0x00000000c3aa0000)
 concurrent mark-sweep generation total 42368K, used 21146K [0x00000000d6e00000, 0x00000000d9760000, 0x0000000100000000)
 Metaspace       used 28543K, capacity 29538K, committed 29640K, reserved 1075200K
  class space    used 3503K, capacity 3773K, committed 3788K, reserved 1048576K
}
2022-08-07T09:29:50.564+0000: 6.379: Application time: 0.0280904 seconds
{Heap before GC invocations=92 (full 1):
 par new generation   total 19008K, used 17485K [0x00000000c2600000, 0x00000000c3aa0000, 0x00000000d6e00000)
  eden space 16896K, 100% used [0x00000000c2600000, 0x00000000c3680000, 0x00000000c3680000)
  from space 2112K,  27% used [0x00000000c3680000, 0x00000000c3713518, 0x00000000c3890000)
  to   space 2112K,   0% used [0x00000000c3890000, 0x00000000c3890000, 0x00000000c3aa0000)
 concurrent mark-sweep generation total 42368K, used 21146K [0x00000000d6e00000, 0x00000000d9760000, 0x0000000100000000)
 Metaspace       used 28563K, capacity 29614K, committed 29640K, reserved 1075200K
  class space    used 3505K, capacity 3775K, committed 3788K, reserved 1048576K
2022-08-07T09:29:50.565+0000: 6.380: [GC (Allocation Failure) 2022-08-07T09:29:50.565+0000: 6.380: [ParNew: 17485K->773K(19008K), 0.0018046 secs] 38631K->21921K(61376K), 0.0024199 secs] [Times: user=0.00 sys=0.01, real=0.00 secs] 
Heap after GC invocations=93 (full 1):
 par new generation   total 19008K, used 773K [0x00000000c2600000, 0x00000000c3aa0000, 0x00000000d6e00000)
  eden space 16896K,   0% used [0x00000000c2600000, 0x00000000c2600000, 0x00000000c3680000)
  from space 2112K,  36% used [0x00000000c3890000, 0x00000000c39515e8, 0x00000000c3aa0000)
  to   space 2112K,   0% used [0x00000000c3680000, 0x00000000c3680000, 0x00000000c3890000)
 concurrent mark-sweep generation total 42368K, used 21147K [0x00000000d6e00000, 0x00000000d9760000, 0x0000000100000000)
 Metaspace       used 28563K, capacity 29614K, committed 29640K, reserved 1075200K
  class space    used 3505K, capacity 3775K, committed 3788K, reserved 1048576K
}
2022-08-07T09:29:50.607+0000: 6.421: Application time: 0.0381310 seconds
{Heap before GC invocations=93 (full 1):
 par new generation   total 19008K, used 17669K [0x00000000c2600000, 0x00000000c3aa0000, 0x00000000d6e00000)
  eden space 16896K, 100% used [0x00000000c2600000, 0x00000000c3680000, 0x00000000c3680000)
  from space 2112K,  36% used [0x00000000c3890000, 0x00000000c39515e8, 0x00000000c3aa0000)
  to   space 2112K,   0% used [0x00000000c3680000, 0x00000000c3680000, 0x00000000c3890000)
 concurrent mark-sweep generation total 42368K, used 21147K [0x00000000d6e00000, 0x00000000d9760000, 0x0000000100000000)
 Metaspace       used 28641K, capacity 29708K, committed 29896K, reserved 1075200K
  class space    used 3513K, capacity 3780K, committed 3788K, reserved 1048576K
2022-08-07T09:29:50.607+0000: 6.422: [GC (Allocation Failure) 2022-08-07T09:29:50.608+0000: 6.422: [ParNew: 17669K->981K(19008K), 0.0021882 secs] 38817K->22131K(61376K), 0.0028783 secs] [Times: user=0.01 sys=0.00, real=0.00 secs] 
Heap after GC invocations=94 (full 1):
 par new generation   total 19008K, used 981K [0x00000000c2600000, 0x00000000c3aa0000, 0x00000000d6e00000)
  eden space 16896K,   0% used [0x00000000c2600000, 0x00000000c2600000, 0x00000000c3680000)
  from space 2112K,  46% used [0x00000000c3680000, 0x00000000c3775788, 0x00000000c3890000)
  to   space 2112K,   0% used [0x00000000c3890000, 0x00000000c3890000, 0x00000000c3aa0000)
 concurrent mark-sweep generation total 42368K, used 21149K [0x00000000d6e00000, 0x00000000d9760000, 0x0000000100000000)
 Metaspace       used 28641K, capacity 29708K, committed 29896K, reserved 1075200K
  class space    used 3513K, capacity 3780K, committed 3788K, reserved 1048576K
}
2022-08-07T09:29:50.642+0000: 6.456: Application time: 0.0309603 seconds
{Heap before GC invocations=94 (full 1):
 par new generation   total 19008K, used 17877K [0x00000000c2600000, 0x00000000c3aa0000, 0x00000000d6e00000)
  eden space 16896K, 100% used [0x00000000c2600000, 0x00000000c3680000, 0x00000000c3680000)
  from space 2112K,  46% used [0x00000000c3680000, 0x00000000c3775788, 0x00000000c3890000)
  to   space 2112K,   0% used [0x00000000c3890000, 0x00000000c3890000, 0x00000000c3aa0000)
 concurrent mark-sweep generation total 42368K, used 21149K [0x00000000d6e00000, 0x00000000d9760000, 0x0000000100000000)
 Metaspace       used 28731K, capacity 29784K, committed 29896K, reserved 1075200K
  class space    used 3522K, capacity 3782K, committed 3788K, reserved 1048576K
2022-08-07T09:29:50.643+0000: 6.457: [GC (Allocation Failure) 2022-08-07T09:29:50.643+0000: 6.457: [ParNew: 17877K->1164K(19008K), 0.0020467 secs] 39027K->22316K(61376K), 0.0026930 secs] [Times: user=0.00 sys=0.00, real=0.01 secs] 
Heap after GC invocations=95 (full 1):
 par new generation   total 19008K, used 1164K [0x00000000c2600000, 0x00000000c3aa0000, 0x00000000d6e00000)
  eden space 16896K,   0% used [0x00000000c2600000, 0x00000000c2600000, 0x00000000c3680000)
  from space 2112K,  55% used [0x00000000c3890000, 0x00000000c39b3388, 0x00000000c3aa0000)
  to   space 2112K,   0% used [0x00000000c3680000, 0x00000000c3680000, 0x00000000c3890000)
 concurrent mark-sweep generation total 42368K, used 21151K [0x00000000d6e00000, 0x00000000d9760000, 0x0000000100000000)
 Metaspace       used 28731K, capacity 29784K, committed 29896K, reserved 1075200K
  class space    used 3522K, capacity 3782K, committed 3788K, reserved 1048576K
}
2022-08-07T09:29:50.721+0000: 6.536: Application time: 0.0753075 seconds
{Heap before GC invocations=95 (full 1):
 par new generation   total 19008K, used 18060K [0x00000000c2600000, 0x00000000c3aa0000, 0x00000000d6e00000)
  eden space 16896K, 100% used [0x00000000c2600000, 0x00000000c3680000, 0x00000000c3680000)
  from space 2112K,  55% used [0x00000000c3890000, 0x00000000c39b3388, 0x00000000c3aa0000)
  to   space 2112K,   0% used [0x00000000c3680000, 0x00000000c3680000, 0x00000000c3890000)
 concurrent mark-sweep generation total 42368K, used 21151K [0x00000000d6e00000, 0x00000000d9760000, 0x0000000100000000)
 Metaspace       used 28763K, capacity 29796K, committed 29896K, reserved 1075200K
  class space    used 3526K, capacity 3784K, committed 3788K, reserved 1048576K
2022-08-07T09:29:50.722+0000: 6.537: [GC (Allocation Failure) 2022-08-07T09:29:50.723+0000: 6.538: [ParNew: 18060K->1515K(19008K), 0.0042128 secs] 39212K->22668K(61376K), 0.0053851 secs] [Times: user=0.01 sys=0.00, real=0.01 secs] 
Heap after GC invocations=96 (full 1):
 par new generation   total 19008K, used 1515K [0x00000000c2600000, 0x00000000c3aa0000, 0x00000000d6e00000)
  eden space 16896K,   0% used [0x00000000c2600000, 0x00000000c2600000, 0x00000000c3680000)
  from space 2112K,  71% used [0x00000000c3680000, 0x00000000c37faf80, 0x00000000c3890000)
  to   space 2112K,   0% used [0x00000000c3890000, 0x00000000c3890000, 0x00000000c3aa0000)
 concurrent mark-sweep generation total 42368K, used 21152K [0x00000000d6e00000, 0x00000000d9760000, 0x0000000100000000)
 Metaspace       used 28763K, capacity 29796K, committed 29896K, reserved 1075200K
  class space    used 3526K, capacity 3784K, committed 3788K, reserved 1048576K
}
2022-08-07T09:29:50.799+0000: 6.614: Application time: 0.0713243 seconds
{Heap before GC invocations=96 (full 1):
 par new generation   total 19008K, used 18411K [0x00000000c2600000, 0x00000000c3aa0000, 0x00000000d6e00000)
  eden space 16896K, 100% used [0x00000000c2600000, 0x00000000c3680000, 0x00000000c3680000)
  from space 2112K,  71% used [0x00000000c3680000, 0x00000000c37faf80, 0x00000000c3890000)
  to   space 2112K,   0% used [0x00000000c3890000, 0x00000000c3890000, 0x00000000c3aa0000)
 concurrent mark-sweep generation total 42368K, used 21152K [0x00000000d6e00000, 0x00000000d9760000, 0x0000000100000000)
 Metaspace       used 28848K, capacity 29878K, committed 29896K, reserved 1075200K
  class space    used 3536K, capacity 3787K, committed 3788K, reserved 1048576K
2022-08-07T09:29:50.800+0000: 6.615: [GC (Allocation Failure) 2022-08-07T09:29:50.800+0000: 6.615: [ParNew: 18411K->1503K(19008K), 0.0035106 secs] 39564K->22768K(61376K), 0.0043178 secs] [Times: user=0.01 sys=0.01, real=0.01 secs] 
Heap after GC invocations=97 (full 1):
 par new generation   total 19008K, used 1503K [0x00000000c2600000, 0x00000000c3aa0000, 0x00000000d6e00000)
  eden space 16896K,   0% used [0x00000000c2600000, 0x00000000c2600000, 0x00000000c3680000)
  from space 2112K,  71% used [0x00000000c3890000, 0x00000000c3a07ee8, 0x00000000c3aa0000)
  to   space 2112K,   0% used [0x00000000c3680000, 0x00000000c3680000, 0x00000000c3890000)
 concurrent mark-sweep generation total 42368K, used 21264K [0x00000000d6e00000, 0x00000000d9760000, 0x0000000100000000)
 Metaspace       used 28848K, capacity 29878K, committed 29896K, reserved 1075200K
  class space    used 3536K, capacity 3787K, committed 3788K, reserved 1048576K
}
2022-08-07T09:29:50.841+0000: 6.655: Application time: 0.0358727 seconds
{Heap before GC invocations=97 (full 1):
 par new generation   total 19008K, used 18399K [0x00000000c2600000, 0x00000000c3aa0000, 0x00000000d6e00000)
  eden space 16896K, 100% used [0x00000000c2600000, 0x00000000c3680000, 0x00000000c3680000)
  from space 2112K,  71% used [0x00000000c3890000, 0x00000000c3a07ee8, 0x00000000c3aa0000)
  to   space 2112K,   0% used [0x00000000c3680000, 0x00000000c3680000, 0x00000000c3890000)
 concurrent mark-sweep generation total 42368K, used 21264K [0x00000000d6e00000, 0x00000000d9760000, 0x0000000100000000)
 Metaspace       used 28873K, capacity 29918K, committed 30024K, reserved 1075200K
  class space    used 3542K, capacity 3821K, committed 3916K, reserved 1048576K
2022-08-07T09:29:50.842+0000: 6.656: [GC (Allocation Failure) 2022-08-07T09:29:50.842+0000: 6.657: [ParNew: 18399K->1580K(19008K), 0.0044488 secs] 39664K->23035K(61376K), 0.0053983 secs] [Times: user=0.01 sys=0.00, real=0.01 secs] 
Heap after GC invocations=98 (full 1):
 par new generation   total 19008K, used 1580K [0x00000000c2600000, 0x00000000c3aa0000, 0x00000000d6e00000)
  eden space 16896K,   0% used [0x00000000c2600000, 0x00000000c2600000, 0x00000000c3680000)
  from space 2112K,  74% used [0x00000000c3680000, 0x00000000c380b018, 0x00000000c3890000)
  to   space 2112K,   0% used [0x00000000c3890000, 0x00000000c3890000, 0x00000000c3aa0000)
 concurrent mark-sweep generation total 42368K, used 21455K [0x00000000d6e00000, 0x00000000d9760000, 0x0000000100000000)
 Metaspace       used 28873K, capacity 29918K, committed 30024K, reserved 1075200K
  class space    used 3542K, capacity 3821K, committed 3916K, reserved 1048576K
}
2022-08-07T09:29:50.880+0000: 6.694: Application time: 0.0320577 seconds
{Heap before GC invocations=98 (full 1):
 par new generation   total 19008K, used 18476K [0x00000000c2600000, 0x00000000c3aa0000, 0x00000000d6e00000)
  eden space 16896K, 100% used [0x00000000c2600000, 0x00000000c3680000, 0x00000000c3680000)
  from space 2112K,  74% used [0x00000000c3680000, 0x00000000c380b018, 0x00000000c3890000)
  to   space 2112K,   0% used [0x00000000c3890000, 0x00000000c3890000, 0x00000000c3aa0000)
 concurrent mark-sweep generation total 42368K, used 21455K [0x00000000d6e00000, 0x00000000d9760000, 0x0000000100000000)
 Metaspace       used 28892K, capacity 29986K, committed 30280K, reserved 1075200K
  class space    used 3542K, capacity 3821K, committed 3916K, reserved 1048576K
2022-08-07T09:29:50.881+0000: 6.695: [GC (Allocation Failure) 2022-08-07T09:29:50.881+0000: 6.695: [ParNew: 18476K->1388K(19008K), 0.0021124 secs] 39931K->22844K(61376K), 0.0027373 secs] [Times: user=0.01 sys=0.00, real=0.01 secs] 
Heap after GC invocations=99 (full 1):
 par new generation   total 19008K, used 1388K [0x00000000c2600000, 0x00000000c3aa0000, 0x00000000d6e00000)
  eden space 16896K,   0% used [0x00000000c2600000, 0x00000000c2600000, 0x00000000c3680000)
  from space 2112K,  65% used [0x00000000c3890000, 0x00000000c39eb248, 0x00000000c3aa0000)
  to   space 2112K,   0% used [0x00000000c3680000, 0x00000000c3680000, 0x00000000c3890000)
 concurrent mark-sweep generation total 42368K, used 21455K [0x00000000d6e00000, 0x00000000d9760000, 0x0000000100000000)
 Metaspace       used 28892K, capacity 29986K, committed 30280K, reserved 1075200K
  class space    used 3542K, capacity 3821K, committed 3916K, reserved 1048576K
}
2022-08-07T09:29:50.917+0000: 6.731: Application time: 0.0327630 seconds
{Heap before GC invocations=99 (full 1):
 par new generation   total 19008K, used 18284K [0x00000000c2600000, 0x00000000c3aa0000, 0x00000000d6e00000)
  eden space 16896K, 100% used [0x00000000c2600000, 0x00000000c3680000, 0x00000000c3680000)
  from space 2112K,  65% used [0x00000000c3890000, 0x00000000c39eb248, 0x00000000c3aa0000)
  to   space 2112K,   0% used [0x00000000c3680000, 0x00000000c3680000, 0x00000000c3890000)
 concurrent mark-sweep generation total 42368K, used 21455K [0x00000000d6e00000, 0x00000000d9760000, 0x0000000100000000)
 Metaspace       used 28943K, capacity 30000K, committed 30280K, reserved 1075200K
  class space    used 3548K, capacity 3822K, committed 3916K, reserved 1048576K
2022-08-07T09:29:50.917+0000: 6.732: [GC (Allocation Failure) 2022-08-07T09:29:50.918+0000: 6.732: [ParNew: 18284K->1669K(19008K), 0.0027221 secs] 39740K->23125K(61376K), 0.0034726 secs] [Times: user=0.01 sys=0.00, real=0.00 secs] 
Heap after GC invocations=100 (full 1):
 par new generation   total 19008K, used 1669K [0x00000000c2600000, 0x00000000c3aa0000, 0x00000000d6e00000)
  eden space 16896K,   0% used [0x00000000c2600000, 0x00000000c2600000, 0x00000000c3680000)
  from space 2112K,  79% used [0x00000000c3680000, 0x00000000c3821648, 0x00000000c3890000)
  to   space 2112K,   0% used [0x00000000c3890000, 0x00000000c3890000, 0x00000000c3aa0000)
 concurrent mark-sweep generation total 42368K, used 21455K [0x00000000d6e00000, 0x00000000d9760000, 0x0000000100000000)
 Metaspace       used 28943K, capacity 30000K, committed 30280K, reserved 1075200K
  class space    used 3548K, capacity 3822K, committed 3916K, reserved 1048576K
}
2022-08-07T09:29:50.957+0000: 6.772: Application time: 0.0359403 seconds
{Heap before GC invocations=100 (full 1):
 par new generation   total 19008K, used 18565K [0x00000000c2600000, 0x00000000c3aa0000, 0x00000000d6e00000)
  eden space 16896K, 100% used [0x00000000c2600000, 0x00000000c3680000, 0x00000000c3680000)
  from space 2112K,  79% used [0x00000000c3680000, 0x00000000c3821648, 0x00000000c3890000)
  to   space 2112K,   0% used [0x00000000c3890000, 0x00000000c3890000, 0x00000000c3aa0000)
 concurrent mark-sweep generation total 42368K, used 21455K [0x00000000d6e00000, 0x00000000d9760000, 0x0000000100000000)
 Metaspace       used 28986K, capacity 30084K, committed 30280K, reserved 1075200K
  class space    used 3557K, capacity 3830K, committed 3916K, reserved 1048576K
2022-08-07T09:29:50.958+0000: 6.773: [GC (Allocation Failure) 2022-08-07T09:29:50.959+0000: 6.773: [ParNew: 18565K->1772K(19008K), 0.0037345 secs] 40021K->23517K(61376K), 0.0045745 secs] [Times: user=0.01 sys=0.00, real=0.01 secs] 
Heap after GC invocations=101 (full 1):
 par new generation   total 19008K, used 1772K [0x00000000c2600000, 0x00000000c3aa0000, 0x00000000d6e00000)
  eden space 16896K,   0% used [0x00000000c2600000, 0x00000000c2600000, 0x00000000c3680000)
  from space 2112K,  83% used [0x00000000c3890000, 0x00000000c3a4b260, 0x00000000c3aa0000)
  to   space 2112K,   0% used [0x00000000c3680000, 0x00000000c3680000, 0x00000000c3890000)
 concurrent mark-sweep generation total 42368K, used 21744K [0x00000000d6e00000, 0x00000000d9760000, 0x0000000100000000)
 Metaspace       used 28986K, capacity 30084K, committed 30280K, reserved 1075200K
  class space    used 3557K, capacity 3830K, committed 3916K, reserved 1048576K
}
2022-08-07T09:29:50.988+0000: 6.803: Application time: 0.0249461 seconds
{Heap before GC invocations=101 (full 1):
 par new generation   total 19008K, used 18668K [0x00000000c2600000, 0x00000000c3aa0000, 0x00000000d6e00000)
  eden space 16896K, 100% used [0x00000000c2600000, 0x00000000c3680000, 0x00000000c3680000)
  from space 2112K,  83% used [0x00000000c3890000, 0x00000000c3a4b260, 0x00000000c3aa0000)
  to   space 2112K,   0% used [0x00000000c3680000, 0x00000000c3680000, 0x00000000c3890000)
 concurrent mark-sweep generation total 42368K, used 21744K [0x00000000d6e00000, 0x00000000d9760000, 0x0000000100000000)
 Metaspace       used 28994K, capacity 30090K, committed 30280K, reserved 1075200K
  class space    used 3558K, capacity 3831K, committed 3916K, reserved 1048576K
2022-08-07T09:29:50.989+0000: 6.804: [GC (Allocation Failure) 2022-08-07T09:29:50.990+0000: 6.804: [ParNew: 18668K->1372K(19008K), 0.0035948 secs] 40413K->23406K(61376K), 0.0043466 secs] [Times: user=0.01 sys=0.00, real=0.01 secs] 
Heap after GC invocations=102 (full 1):
 par new generation   total 19008K, used 1372K [0x00000000c2600000, 0x00000000c3aa0000, 0x00000000d6e00000)
  eden space 16896K,   0% used [0x00000000c2600000, 0x00000000c2600000, 0x00000000c3680000)
  from space 2112K,  64% used [0x00000000c3680000, 0x00000000c37d7330, 0x00000000c3890000)
  to   space 2112K,   0% used [0x00000000c3890000, 0x00000000c3890000, 0x00000000c3aa0000)
 concurrent mark-sweep generation total 42368K, used 22033K [0x00000000d6e00000, 0x00000000d9760000, 0x0000000100000000)
 Metaspace       used 28994K, capacity 30090K, committed 30280K, reserved 1075200K
  class space    used 3558K, capacity 3831K, committed 3916K, reserved 1048576K
}
2022-08-07T09:29:51.032+0000: 6.846: Application time: 0.0376310 seconds
{Heap before GC invocations=102 (full 1):
 par new generation   total 19008K, used 18268K [0x00000000c2600000, 0x00000000c3aa0000, 0x00000000d6e00000)
  eden space 16896K, 100% used [0x00000000c2600000, 0x00000000c3680000, 0x00000000c3680000)
  from space 2112K,  64% used [0x00000000c3680000, 0x00000000c37d7330, 0x00000000c3890000)
  to   space 2112K,   0% used [0x00000000c3890000, 0x00000000c3890000, 0x00000000c3aa0000)
 concurrent mark-sweep generation total 42368K, used 22033K [0x00000000d6e00000, 0x00000000d9760000, 0x0000000100000000)
 Metaspace       used 29063K, capacity 30114K, committed 30280K, reserved 1075200K
  class space    used 3569K, capacity 3835K, committed 3916K, reserved 1048576K
2022-08-07T09:29:51.033+0000: 6.847: [GC (Allocation Failure) 2022-08-07T09:29:51.033+0000: 6.847: [ParNew: 18268K->1786K(19008K), 0.0026738 secs] 40302K->23820K(61376K), 0.0035910 secs] [Times: user=0.01 sys=0.00, real=0.01 secs] 
Heap after GC invocations=103 (full 1):
 par new generation   total 19008K, used 1786K [0x00000000c2600000, 0x00000000c3aa0000, 0x00000000d6e00000)
  eden space 16896K,   0% used [0x00000000c2600000, 0x00000000c2600000, 0x00000000c3680000)
  from space 2112K,  84% used [0x00000000c3890000, 0x00000000c3a4eb48, 0x00000000c3aa0000)
  to   space 2112K,   0% used [0x00000000c3680000, 0x00000000c3680000, 0x00000000c3890000)
 concurrent mark-sweep generation total 42368K, used 22033K [0x00000000d6e00000, 0x00000000d9760000, 0x0000000100000000)
 Metaspace       used 29063K, capacity 30114K, committed 30280K, reserved 1075200K
  class space    used 3569K, capacity 3835K, committed 3916K, reserved 1048576K
}
2022-08-07T09:29:51.064+0000: 6.879: Application time: 0.0277354 seconds
{Heap before GC invocations=103 (full 1):
 par new generation   total 19008K, used 18682K [0x00000000c2600000, 0x00000000c3aa0000, 0x00000000d6e00000)
  eden space 16896K, 100% used [0x00000000c2600000, 0x00000000c3680000, 0x00000000c3680000)
  from space 2112K,  84% used [0x00000000c3890000, 0x00000000c3a4eb48, 0x00000000c3aa0000)
  to   space 2112K,   0% used [0x00000000c3680000, 0x00000000c3680000, 0x00000000c3890000)
 concurrent mark-sweep generation total 42368K, used 22033K [0x00000000d6e00000, 0x00000000d9760000, 0x0000000100000000)
 Metaspace       used 29082K, capacity 30178K, committed 30280K, reserved 1075200K
  class space    used 3571K, capacity 3835K, committed 3916K, reserved 1048576K
2022-08-07T09:29:51.065+0000: 6.880: [GC (Allocation Failure) 2022-08-07T09:29:51.066+0000: 6.880: [ParNew: 18682K->1725K(19008K), 0.0028260 secs] 40716K->24020K(61376K), 0.0035088 secs] [Times: user=0.01 sys=0.00, real=0.00 secs] 
Heap after GC invocations=104 (full 1):
 par new generation   total 19008K, used 1725K [0x00000000c2600000, 0x00000000c3aa0000, 0x00000000d6e00000)
  eden space 16896K,   0% used [0x00000000c2600000, 0x00000000c2600000, 0x00000000c3680000)
  from space 2112K,  81% used [0x00000000c3680000, 0x00000000c382f7f8, 0x00000000c3890000)
  to   space 2112K,   0% used [0x00000000c3890000, 0x00000000c3890000, 0x00000000c3aa0000)
 concurrent mark-sweep generation total 42368K, used 22294K [0x00000000d6e00000, 0x00000000d9760000, 0x0000000100000000)
 Metaspace       used 29082K, capacity 30178K, committed 30280K, reserved 1075200K
  class space    used 3571K, capacity 3835K, committed 3916K, reserved 1048576K
}
2022-08-07T09:29:51.159+0000: 6.973: Application time: 0.0891326 seconds
{Heap before GC invocations=104 (full 1):
 par new generation   total 19008K, used 18621K [0x00000000c2600000, 0x00000000c3aa0000, 0x00000000d6e00000)
  eden space 16896K, 100% used [0x00000000c2600000, 0x00000000c3680000, 0x00000000c3680000)
  from space 2112K,  81% used [0x00000000c3680000, 0x00000000c382f7f8, 0x00000000c3890000)
  to   space 2112K,   0% used [0x00000000c3890000, 0x00000000c3890000, 0x00000000c3aa0000)
 concurrent mark-sweep generation total 42368K, used 22294K [0x00000000d6e00000, 0x00000000d9760000, 0x0000000100000000)
 Metaspace       used 29364K, capacity 30426K, committed 30536K, reserved 1075200K
  class space    used 3613K, capacity 3871K, committed 3916K, reserved 1048576K
2022-08-07T09:29:51.159+0000: 6.974: [GC (Allocation Failure) 2022-08-07T09:29:51.160+0000: 6.974: [ParNew: 18621K->2112K(19008K), 0.0036638 secs] 40916K->24598K(61376K), 0.0044635 secs] [Times: user=0.01 sys=0.00, real=0.01 secs] 
Heap after GC invocations=105 (full 1):
 par new generation   total 19008K, used 2112K [0x00000000c2600000, 0x00000000c3aa0000, 0x00000000d6e00000)
  eden space 16896K,   0% used [0x00000000c2600000, 0x00000000c2600000, 0x00000000c3680000)
  from space 2112K, 100% used [0x00000000c3890000, 0x00000000c3aa0000, 0x00000000c3aa0000)
  to   space 2112K,   0% used [0x00000000c3680000, 0x00000000c3680000, 0x00000000c3890000)
 concurrent mark-sweep generation total 42368K, used 22486K [0x00000000d6e00000, 0x00000000d9760000, 0x0000000100000000)
 Metaspace       used 29364K, capacity 30426K, committed 30536K, reserved 1075200K
  class space    used 3613K, capacity 3871K, committed 3916K, reserved 1048576K
}
2022-08-07T09:29:51.223+0000: 7.037: Application time: 0.0580518 seconds
{Heap before GC invocations=105 (full 1):
 par new generation   total 19008K, used 19008K [0x00000000c2600000, 0x00000000c3aa0000, 0x00000000d6e00000)
  eden space 16896K, 100% used [0x00000000c2600000, 0x00000000c3680000, 0x00000000c3680000)
  from space 2112K, 100% used [0x00000000c3890000, 0x00000000c3aa0000, 0x00000000c3aa0000)
  to   space 2112K,   0% used [0x00000000c3680000, 0x00000000c3680000, 0x00000000c3890000)
 concurrent mark-sweep generation total 42368K, used 22486K [0x00000000d6e00000, 0x00000000d9760000, 0x0000000100000000)
 Metaspace       used 29580K, capacity 30662K, committed 30792K, reserved 1077248K
  class space    used 3647K, capacity 3905K, committed 3916K, reserved 1048576K
2022-08-07T09:29:51.224+0000: 7.038: [GC (Allocation Failure) 2022-08-07T09:29:51.224+0000: 7.038: [ParNew: 19008K->1378K(19008K), 0.0035045 secs] 41494K->24203K(61376K), 0.0042301 secs] [Times: user=0.01 sys=0.00, real=0.00 secs] 
Heap after GC invocations=106 (full 1):
 par new generation   total 19008K, used 1378K [0x00000000c2600000, 0x00000000c3aa0000, 0x00000000d6e00000)
  eden space 16896K,   0% used [0x00000000c2600000, 0x00000000c2600000, 0x00000000c3680000)
  from space 2112K,  65% used [0x00000000c3680000, 0x00000000c37d8af8, 0x00000000c3890000)
  to   space 2112K,   0% used [0x00000000c3890000, 0x00000000c3890000, 0x00000000c3aa0000)
 concurrent mark-sweep generation total 42368K, used 22824K [0x00000000d6e00000, 0x00000000d9760000, 0x0000000100000000)
 Metaspace       used 29580K, capacity 30662K, committed 30792K, reserved 1077248K
  class space    used 3647K, capacity 3905K, committed 3916K, reserved 1048576K
}
2022-08-07T09:29:51.269+0000: 7.083: Application time: 0.0403219 seconds
{Heap before GC invocations=106 (full 1):
 par new generation   total 19008K, used 18274K [0x00000000c2600000, 0x00000000c3aa0000, 0x00000000d6e00000)
  eden space 16896K, 100% used [0x00000000c2600000, 0x00000000c3680000, 0x00000000c3680000)
  from space 2112K,  65% used [0x00000000c3680000, 0x00000000c37d8af8, 0x00000000c3890000)
  to   space 2112K,   0% used [0x00000000c3890000, 0x00000000c3890000, 0x00000000c3aa0000)
 concurrent mark-sweep generation total 42368K, used 22824K [0x00000000d6e00000, 0x00000000d9760000, 0x0000000100000000)
 Metaspace       used 29682K, capacity 30758K, committed 30920K, reserved 1077248K
  class space    used 3668K, capacity 3937K, committed 4044K, reserved 1048576K
2022-08-07T09:29:51.269+0000: 7.084: [GC (Allocation Failure) 2022-08-07T09:29:51.270+0000: 7.084: [ParNew: 18274K->1477K(19008K), 0.0150888 secs] 41099K->24301K(61376K), 0.0159295 secs] [Times: user=0.03 sys=0.01, real=0.02 secs] 
Heap after GC invocations=107 (full 1):
 par new generation   total 19008K, used 1477K [0x00000000c2600000, 0x00000000c3aa0000, 0x00000000d6e00000)
  eden space 16896K,   0% used [0x00000000c2600000, 0x00000000c2600000, 0x00000000c3680000)
  from space 2112K,  69% used [0x00000000c3890000, 0x00000000c3a015b8, 0x00000000c3aa0000)
  to   space 2112K,   0% used [0x00000000c3680000, 0x00000000c3680000, 0x00000000c3890000)
 concurrent mark-sweep generation total 42368K, used 22824K [0x00000000d6e00000, 0x00000000d9760000, 0x0000000100000000)
 Metaspace       used 29682K, capacity 30758K, committed 30920K, reserved 1077248K
  class space    used 3668K, capacity 3937K, committed 4044K, reserved 1048576K
}
2022-08-07T09:29:51.372+0000: 7.187: Application time: 0.0862720 seconds
{Heap before GC invocations=107 (full 1):
 par new generation   total 19008K, used 18373K [0x00000000c2600000, 0x00000000c3aa0000, 0x00000000d6e00000)
  eden space 16896K, 100% used [0x00000000c2600000, 0x00000000c3680000, 0x00000000c3680000)
  from space 2112K,  69% used [0x00000000c3890000, 0x00000000c3a015b8, 0x00000000c3aa0000)
  to   space 2112K,   0% used [0x00000000c3680000, 0x00000000c3680000, 0x00000000c3890000)
 concurrent mark-sweep generation total 42368K, used 22824K [0x00000000d6e00000, 0x00000000d9760000, 0x0000000100000000)
 Metaspace       used 30108K, capacity 31226K, committed 31432K, reserved 1077248K
  class space    used 3727K, capacity 4003K, committed 4044K, reserved 1048576K
2022-08-07T09:29:51.373+0000: 7.187: [GC (Allocation Failure) 2022-08-07T09:29:51.373+0000: 7.188: [ParNew: 18373K->2076K(19008K), 0.0026084 secs] 41197K->24900K(61376K), 0.0034048 secs] [Times: user=0.01 sys=0.00, real=0.01 secs] 
Heap after GC invocations=108 (full 1):
 par new generation   total 19008K, used 2076K [0x00000000c2600000, 0x00000000c3aa0000, 0x00000000d6e00000)
  eden space 16896K,   0% used [0x00000000c2600000, 0x00000000c2600000, 0x00000000c3680000)
  from space 2112K,  98% used [0x00000000c3680000, 0x00000000c38871b8, 0x00000000c3890000)
  to   space 2112K,   0% used [0x00000000c3890000, 0x00000000c3890000, 0x00000000c3aa0000)
 concurrent mark-sweep generation total 42368K, used 22824K [0x00000000d6e00000, 0x00000000d9760000, 0x0000000100000000)
 Metaspace       used 30108K, capacity 31226K, committed 31432K, reserved 1077248K
  class space    used 3727K, capacity 4003K, committed 4044K, reserved 1048576K
}
2022-08-07T09:29:51.429+0000: 7.244: Application time: 0.0522051 seconds
{Heap before GC invocations=108 (full 1):
 par new generation   total 19008K, used 18972K [0x00000000c2600000, 0x00000000c3aa0000, 0x00000000d6e00000)
  eden space 16896K, 100% used [0x00000000c2600000, 0x00000000c3680000, 0x00000000c3680000)
  from space 2112K,  98% used [0x00000000c3680000, 0x00000000c38871b8, 0x00000000c3890000)
  to   space 2112K,   0% used [0x00000000c3890000, 0x00000000c3890000, 0x00000000c3aa0000)
 concurrent mark-sweep generation total 42368K, used 22824K [0x00000000d6e00000, 0x00000000d9760000, 0x0000000100000000)
 Metaspace       used 30279K, capacity 31394K, committed 31432K, reserved 1077248K
  class space    used 3758K, capacity 4037K, committed 4044K, reserved 1048576K
2022-08-07T09:29:51.430+0000: 7.244: [GC (Allocation Failure) 2022-08-07T09:29:51.430+0000: 7.245: [ParNew: 18972K->1407K(19008K), 0.0063018 secs] 41796K->24759K(61376K), 0.0074985 secs] [Times: user=0.01 sys=0.01, real=0.01 secs] 
Heap after GC invocations=109 (full 1):
 par new generation   total 19008K, used 1407K [0x00000000c2600000, 0x00000000c3aa0000, 0x00000000d6e00000)
  eden space 16896K,   0% used [0x00000000c2600000, 0x00000000c2600000, 0x00000000c3680000)
  from space 2112K,  66% used [0x00000000c3890000, 0x00000000c39efd30, 0x00000000c3aa0000)
  to   space 2112K,   0% used [0x00000000c3680000, 0x00000000c3680000, 0x00000000c3890000)
 concurrent mark-sweep generation total 42368K, used 23351K [0x00000000d6e00000, 0x00000000d9760000, 0x0000000100000000)
 Metaspace       used 30279K, capacity 31394K, committed 31432K, reserved 1077248K
  class space    used 3758K, capacity 4037K, committed 4044K, reserved 1048576K
}
2022-08-07T09:29:51.580+0000: 7.394: Application time: 0.1418154 seconds
{Heap before GC invocations=109 (full 1):
 par new generation   total 19008K, used 18303K [0x00000000c2600000, 0x00000000c3aa0000, 0x00000000d6e00000)
  eden space 16896K, 100% used [0x00000000c2600000, 0x00000000c3680000, 0x00000000c3680000)
  from space 2112K,  66% used [0x00000000c3890000, 0x00000000c39efd30, 0x00000000c3aa0000)
  to   space 2112K,   0% used [0x00000000c3680000, 0x00000000c3680000, 0x00000000c3890000)
 concurrent mark-sweep generation total 42368K, used 23351K [0x00000000d6e00000, 0x00000000d9760000, 0x0000000100000000)
 Metaspace       used 30689K, capacity 31880K, committed 32072K, reserved 1077248K
  class space    used 3825K, capacity 4106K, committed 4172K, reserved 1048576K
2022-08-07T09:29:51.581+0000: 7.395: [GC (Allocation Failure) 2022-08-07T09:29:51.581+0000: 7.396: [ParNew: 18303K->1479K(19008K), 0.0025294 secs] 41655K->24831K(61376K), 0.0032549 secs] [Times: user=0.01 sys=0.00, real=0.01 secs] 
Heap after GC invocations=110 (full 1):
 par new generation   total 19008K, used 1479K [0x00000000c2600000, 0x00000000c3aa0000, 0x00000000d6e00000)
  eden space 16896K,   0% used [0x00000000c2600000, 0x00000000c2600000, 0x00000000c3680000)
  from space 2112K,  70% used [0x00000000c3680000, 0x00000000c37f1d38, 0x00000000c3890000)
  to   space 2112K,   0% used [0x00000000c3890000, 0x00000000c3890000, 0x00000000c3aa0000)
 concurrent mark-sweep generation total 42368K, used 23351K [0x00000000d6e00000, 0x00000000d9760000, 0x0000000100000000)
 Metaspace       used 30689K, capacity 31880K, committed 32072K, reserved 1077248K
  class space    used 3825K, capacity 4106K, committed 4172K, reserved 1048576K
}
2022-08-07T09:29:51.635+0000: 7.449: Application time: 0.0499912 seconds
{Heap before GC invocations=110 (full 1):
 par new generation   total 19008K, used 18375K [0x00000000c2600000, 0x00000000c3aa0000, 0x00000000d6e00000)
  eden space 16896K, 100% used [0x00000000c2600000, 0x00000000c3680000, 0x00000000c3680000)
  from space 2112K,  70% used [0x00000000c3680000, 0x00000000c37f1d38, 0x00000000c3890000)
  to   space 2112K,   0% used [0x00000000c3890000, 0x00000000c3890000, 0x00000000c3aa0000)
 concurrent mark-sweep generation total 42368K, used 23351K [0x00000000d6e00000, 0x00000000d9760000, 0x0000000100000000)
 Metaspace       used 30853K, capacity 32046K, committed 32328K, reserved 1077248K
  class space    used 3847K, capacity 4139K, committed 4172K, reserved 1048576K
2022-08-07T09:29:51.635+0000: 7.450: [GC (Allocation Failure) 2022-08-07T09:29:51.636+0000: 7.450: [ParNew: 18375K->1464K(19008K), 0.0033683 secs] 41727K->25161K(61376K), 0.0040375 secs] [Times: user=0.01 sys=0.00, real=0.00 secs] 
Heap after GC invocations=111 (full 1):
 par new generation   total 19008K, used 1464K [0x00000000c2600000, 0x00000000c3aa0000, 0x00000000d6e00000)
  eden space 16896K,   0% used [0x00000000c2600000, 0x00000000c2600000, 0x00000000c3680000)
  from space 2112K,  69% used [0x00000000c3890000, 0x00000000c39fe0e0, 0x00000000c3aa0000)
  to   space 2112K,   0% used [0x00000000c3680000, 0x00000000c3680000, 0x00000000c3890000)
 concurrent mark-sweep generation total 42368K, used 23697K [0x00000000d6e00000, 0x00000000d9760000, 0x0000000100000000)
 Metaspace       used 30853K, capacity 32046K, committed 32328K, reserved 1077248K
  class space    used 3847K, capacity 4139K, committed 4172K, reserved 1048576K
}
2022-08-07T09:29:51.747+0000: 7.561: Application time: 0.1061223 seconds
{Heap before GC invocations=111 (full 1):
 par new generation   total 19008K, used 18360K [0x00000000c2600000, 0x00000000c3aa0000, 0x00000000d6e00000)
  eden space 16896K, 100% used [0x00000000c2600000, 0x00000000c3680000, 0x00000000c3680000)
  from space 2112K,  69% used [0x00000000c3890000, 0x00000000c39fe0e0, 0x00000000c3aa0000)
  to   space 2112K,   0% used [0x00000000c3680000, 0x00000000c3680000, 0x00000000c3890000)
 concurrent mark-sweep generation total 42368K, used 23697K [0x00000000d6e00000, 0x00000000d9760000, 0x0000000100000000)
 Metaspace       used 31139K, capacity 32280K, committed 32328K, reserved 1077248K
  class space    used 3887K, capacity 4172K, committed 4172K, reserved 1048576K
2022-08-07T09:29:51.747+0000: 7.562: [GC (Allocation Failure) 2022-08-07T09:29:51.748+0000: 7.562: [ParNew: 18360K->1519K(19008K), 0.0034094 secs] 42057K->25216K(61376K), 0.0041704 secs] [Times: user=0.01 sys=0.00, real=0.00 secs] 
Heap after GC invocations=112 (full 1):
 par new generation   total 19008K, used 1519K [0x00000000c2600000, 0x00000000c3aa0000, 0x00000000d6e00000)
  eden space 16896K,   0% used [0x00000000c2600000, 0x00000000c2600000, 0x00000000c3680000)
  from space 2112K,  71% used [0x00000000c3680000, 0x00000000c37fbc70, 0x00000000c3890000)
  to   space 2112K,   0% used [0x00000000c3890000, 0x00000000c3890000, 0x00000000c3aa0000)
 concurrent mark-sweep generation total 42368K, used 23697K [0x00000000d6e00000, 0x00000000d9760000, 0x0000000100000000)
 Metaspace       used 31139K, capacity 32280K, committed 32328K, reserved 1077248K
  class space    used 3887K, capacity 4172K, committed 4172K, reserved 1048576K
}
2022-08-07T09:29:51.786+0000: 7.600: Application time: 0.0250534 seconds
2022-08-07T09:29:51.862+0000: 7.676: Application time: 0.0753684 seconds
{Heap before GC invocations=112 (full 1):
 par new generation   total 19008K, used 18415K [0x00000000c2600000, 0x00000000c3aa0000, 0x00000000d6e00000)
  eden space 16896K, 100% used [0x00000000c2600000, 0x00000000c3680000, 0x00000000c3680000)
  from space 2112K,  71% used [0x00000000c3680000, 0x00000000c37fbc70, 0x00000000c3890000)
  to   space 2112K,   0% used [0x00000000c3890000, 0x00000000c3890000, 0x00000000c3aa0000)
 concurrent mark-sweep generation total 42368K, used 23697K [0x00000000d6e00000, 0x00000000d9760000, 0x0000000100000000)
 Metaspace       used 31318K, capacity 32452K, committed 32712K, reserved 1077248K
  class space    used 3908K, capacity 4180K, committed 4300K, reserved 1048576K
2022-08-07T09:29:51.862+0000: 7.677: [GC (Allocation Failure) 2022-08-07T09:29:51.863+0000: 7.677: [ParNew: 18415K->1435K(19008K), 0.0033130 secs] 42112K->25314K(61376K), 0.0043158 secs] [Times: user=0.01 sys=0.00, real=0.01 secs] 
Heap after GC invocations=113 (full 1):
 par new generation   total 19008K, used 1435K [0x00000000c2600000, 0x00000000c3aa0000, 0x00000000d6e00000)
  eden space 16896K,   0% used [0x00000000c2600000, 0x00000000c2600000, 0x00000000c3680000)
  from space 2112K,  67% used [0x00000000c3890000, 0x00000000c39f6d70, 0x00000000c3aa0000)
  to   space 2112K,   0% used [0x00000000c3680000, 0x00000000c3680000, 0x00000000c3890000)
 concurrent mark-sweep generation total 42368K, used 23879K [0x00000000d6e00000, 0x00000000d9760000, 0x0000000100000000)
 Metaspace       used 31318K, capacity 32452K, committed 32712K, reserved 1077248K
  class space    used 3908K, capacity 4180K, committed 4300K, reserved 1048576K
}
2022-08-07T09:29:51.882+0000: 7.696: Application time: 0.0142118 seconds
2022-08-07T09:29:51.948+0000: 7.763: Application time: 0.0659283 seconds
{Heap before GC invocations=113 (full 1):
 par new generation   total 19008K, used 18331K [0x00000000c2600000, 0x00000000c3aa0000, 0x00000000d6e00000)
  eden space 16896K, 100% used [0x00000000c2600000, 0x00000000c3680000, 0x00000000c3680000)
  from space 2112K,  67% used [0x00000000c3890000, 0x00000000c39f6d70, 0x00000000c3aa0000)
  to   space 2112K,   0% used [0x00000000c3680000, 0x00000000c3680000, 0x00000000c3890000)
 concurrent mark-sweep generation total 42368K, used 23879K [0x00000000d6e00000, 0x00000000d9760000, 0x0000000100000000)
 Metaspace       used 31740K, capacity 32972K, committed 33224K, reserved 1079296K
  class space    used 3957K, capacity 4240K, committed 4300K, reserved 1048576K
2022-08-07T09:29:51.949+0000: 7.763: [GC (Allocation Failure) 2022-08-07T09:29:51.949+0000: 7.764: [ParNew: 18331K->1222K(19008K), 0.0026222 secs] 42210K->25205K(61376K), 0.0034407 secs] [Times: user=0.00 sys=0.00, real=0.00 secs] 
Heap after GC invocations=114 (full 1):
 par new generation   total 19008K, used 1222K [0x00000000c2600000, 0x00000000c3aa0000, 0x00000000d6e00000)
  eden space 16896K,   0% used [0x00000000c2600000, 0x00000000c2600000, 0x00000000c3680000)
  from space 2112K,  57% used [0x00000000c3680000, 0x00000000c37b18d8, 0x00000000c3890000)
  to   space 2112K,   0% used [0x00000000c3890000, 0x00000000c3890000, 0x00000000c3aa0000)
 concurrent mark-sweep generation total 42368K, used 23983K [0x00000000d6e00000, 0x00000000d9760000, 0x0000000100000000)
 Metaspace       used 31740K, capacity 32972K, committed 33224K, reserved 1079296K
  class space    used 3957K, capacity 4240K, committed 4300K, reserved 1048576K
}
2022-08-07T09:29:51.953+0000: 7.768: Application time: 0.0003529 seconds
2022-08-07T09:29:51.982+0000: 7.797: Application time: 0.0288803 seconds
{Heap before GC invocations=114 (full 1):
 par new generation   total 19008K, used 18118K [0x00000000c2600000, 0x00000000c3aa0000, 0x00000000d6e00000)
  eden space 16896K, 100% used [0x00000000c2600000, 0x00000000c3680000, 0x00000000c3680000)
  from space 2112K,  57% used [0x00000000c3680000, 0x00000000c37b18d8, 0x00000000c3890000)
  to   space 2112K,   0% used [0x00000000c3890000, 0x00000000c3890000, 0x00000000c3aa0000)
 concurrent mark-sweep generation total 42368K, used 23983K [0x00000000d6e00000, 0x00000000d9760000, 0x0000000100000000)
 Metaspace       used 31773K, capacity 33044K, committed 33224K, reserved 1079296K
  class space    used 3961K, capacity 4240K, committed 4300K, reserved 1048576K
2022-08-07T09:29:51.983+0000: 7.798: [GC (Allocation Failure) 2022-08-07T09:29:51.983+0000: 7.798: [ParNew: 18118K->1435K(19008K), 0.0023617 secs] 42101K->25418K(61376K), 0.0030529 secs] [Times: user=0.01 sys=0.00, real=0.01 secs] 
Heap after GC invocations=115 (full 1):
 par new generation   total 19008K, used 1435K [0x00000000c2600000, 0x00000000c3aa0000, 0x00000000d6e00000)
  eden space 16896K,   0% used [0x00000000c2600000, 0x00000000c2600000, 0x00000000c3680000)
  from space 2112K,  67% used [0x00000000c3890000, 0x00000000c39f6c58, 0x00000000c3aa0000)
  to   space 2112K,   0% used [0x00000000c3680000, 0x00000000c3680000, 0x00000000c3890000)
 concurrent mark-sweep generation total 42368K, used 23983K [0x00000000d6e00000, 0x00000000d9760000, 0x0000000100000000)
 Metaspace       used 31773K, capacity 33044K, committed 33224K, reserved 1079296K
  class space    used 3961K, capacity 4240K, committed 4300K, reserved 1048576K
}
2022-08-07T09:29:52.017+0000: 7.831: Application time: 0.0300429 seconds
{Heap before GC invocations=115 (full 1):
 par new generation   total 19008K, used 18331K [0x00000000c2600000, 0x00000000c3aa0000, 0x00000000d6e00000)
  eden space 16896K, 100% used [0x00000000c2600000, 0x00000000c3680000, 0x00000000c3680000)
  from space 2112K,  67% used [0x00000000c3890000, 0x00000000c39f6c58, 0x00000000c3aa0000)
  to   space 2112K,   0% used [0x00000000c3680000, 0x00000000c3680000, 0x00000000c3890000)
 concurrent mark-sweep generation total 42368K, used 23983K [0x00000000d6e00000, 0x00000000d9760000, 0x0000000100000000)
 Metaspace       used 31816K, capacity 33056K, committed 33224K, reserved 1079296K
  class space    used 3967K, capacity 4240K, committed 4300K, reserved 1048576K
2022-08-07T09:29:52.017+0000: 7.832: [GC (Allocation Failure) 2022-08-07T09:29:52.018+0000: 7.832: [ParNew: 18331K->1172K(19008K), 0.0025340 secs] 42314K->25155K(61376K), 0.0033886 secs] [Times: user=0.01 sys=0.00, real=0.00 secs] 
Heap after GC invocations=116 (full 1):
 par new generation   total 19008K, used 1172K [0x00000000c2600000, 0x00000000c3aa0000, 0x00000000d6e00000)
  eden space 16896K,   0% used [0x00000000c2600000, 0x00000000c2600000, 0x00000000c3680000)
  from space 2112K,  55% used [0x00000000c3680000, 0x00000000c37a5268, 0x00000000c3890000)
  to   space 2112K,   0% used [0x00000000c3890000, 0x00000000c3890000, 0x00000000c3aa0000)
 concurrent mark-sweep generation total 42368K, used 23983K [0x00000000d6e00000, 0x00000000d9760000, 0x0000000100000000)
 Metaspace       used 31816K, capacity 33056K, committed 33224K, reserved 1079296K
  class space    used 3967K, capacity 4240K, committed 4300K, reserved 1048576K
}
2022-08-07T09:29:52.053+0000: 7.868: Application time: 0.0316350 seconds
{Heap before GC invocations=116 (full 1):
 par new generation   total 19008K, used 18068K [0x00000000c2600000, 0x00000000c3aa0000, 0x00000000d6e00000)
  eden space 16896K, 100% used [0x00000000c2600000, 0x00000000c3680000, 0x00000000c3680000)
  from space 2112K,  55% used [0x00000000c3680000, 0x00000000c37a5268, 0x00000000c3890000)
  to   space 2112K,   0% used [0x00000000c3890000, 0x00000000c3890000, 0x00000000c3aa0000)
 concurrent mark-sweep generation total 42368K, used 23983K [0x00000000d6e00000, 0x00000000d9760000, 0x0000000100000000)
 Metaspace       used 31844K, capacity 33100K, committed 33224K, reserved 1079296K
  class space    used 3972K, capacity 4272K, committed 4300K, reserved 1048576K
2022-08-07T09:29:52.054+0000: 7.868: [GC (Allocation Failure) 2022-08-07T09:29:52.054+0000: 7.869: [ParNew: 18068K->1363K(19008K), 0.0162553 secs] 42051K->25346K(61376K), 0.0216853 secs] [Times: user=0.04 sys=0.00, real=0.02 secs] 
Heap after GC invocations=117 (full 1):
 par new generation   total 19008K, used 1363K [0x00000000c2600000, 0x00000000c3aa0000, 0x00000000d6e00000)
  eden space 16896K,   0% used [0x00000000c2600000, 0x00000000c2600000, 0x00000000c3680000)
  from space 2112K,  64% used [0x00000000c3890000, 0x00000000c39e4c50, 0x00000000c3aa0000)
  to   space 2112K,   0% used [0x00000000c3680000, 0x00000000c3680000, 0x00000000c3890000)
 concurrent mark-sweep generation total 42368K, used 23983K [0x00000000d6e00000, 0x00000000d9760000, 0x0000000100000000)
 Metaspace       used 31844K, capacity 33100K, committed 33224K, reserved 1079296K
  class space    used 3972K, capacity 4272K, committed 4300K, reserved 1048576K
}
2022-08-07T09:29:52.124+0000: 7.938: Application time: 0.0474508 seconds
2022-08-07T09:29:52.137+0000: 7.952: Application time: 0.0134508 seconds
{Heap before GC invocations=117 (full 1):
 par new generation   total 19008K, used 18259K [0x00000000c2600000, 0x00000000c3aa0000, 0x00000000d6e00000)
  eden space 16896K, 100% used [0x00000000c2600000, 0x00000000c3680000, 0x00000000c3680000)
  from space 2112K,  64% used [0x00000000c3890000, 0x00000000c39e4c50, 0x00000000c3aa0000)
  to   space 2112K,   0% used [0x00000000c3680000, 0x00000000c3680000, 0x00000000c3890000)
 concurrent mark-sweep generation total 42368K, used 23983K [0x00000000d6e00000, 0x00000000d9760000, 0x0000000100000000)
 Metaspace       used 31992K, capacity 33292K, committed 33480K, reserved 1079296K
  class space    used 3998K, capacity 4296K, committed 4300K, reserved 1048576K
2022-08-07T09:29:52.138+0000: 7.953: [GC (Allocation Failure) 2022-08-07T09:29:52.139+0000: 7.953: [ParNew: 18259K->1548K(19008K), 0.0027066 secs] 42242K->25531K(61376K), 0.0034593 secs] [Times: user=0.01 sys=0.00, real=0.00 secs] 
Heap after GC invocations=118 (full 1):
 par new generation   total 19008K, used 1548K [0x00000000c2600000, 0x00000000c3aa0000, 0x00000000d6e00000)
  eden space 16896K,   0% used [0x00000000c2600000, 0x00000000c2600000, 0x00000000c3680000)
  from space 2112K,  73% used [0x00000000c3680000, 0x00000000c3803230, 0x00000000c3890000)
  to   space 2112K,   0% used [0x00000000c3890000, 0x00000000c3890000, 0x00000000c3aa0000)
 concurrent mark-sweep generation total 42368K, used 23983K [0x00000000d6e00000, 0x00000000d9760000, 0x0000000100000000)
 Metaspace       used 31992K, capacity 33292K, committed 33480K, reserved 1079296K
  class space    used 3998K, capacity 4296K, committed 4300K, reserved 1048576K
}
2022-08-07T09:29:52.193+0000: 8.007: Application time: 0.0504028 seconds
{Heap before GC invocations=118 (full 1):
 par new generation   total 19008K, used 18444K [0x00000000c2600000, 0x00000000c3aa0000, 0x00000000d6e00000)
  eden space 16896K, 100% used [0x00000000c2600000, 0x00000000c3680000, 0x00000000c3680000)
  from space 2112K,  73% used [0x00000000c3680000, 0x00000000c3803230, 0x00000000c3890000)
  to   space 2112K,   0% used [0x00000000c3890000, 0x00000000c3890000, 0x00000000c3aa0000)
 concurrent mark-sweep generation total 42368K, used 23983K [0x00000000d6e00000, 0x00000000d9760000, 0x0000000100000000)
 Metaspace       used 32105K, capacity 33424K, committed 33480K, reserved 1079296K
  class space    used 4015K, capacity 4296K, committed 4300K, reserved 1048576K
2022-08-07T09:29:52.193+0000: 8.008: [GC (Allocation Failure) 2022-08-07T09:29:52.194+0000: 8.008: [ParNew: 18444K->1105K(19008K), 0.0040095 secs] 42427K->25440K(61376K), 0.0049190 secs] [Times: user=0.01 sys=0.01, real=0.00 secs] 
Heap after GC invocations=119 (full 1):
 par new generation   total 19008K, used 1105K [0x00000000c2600000, 0x00000000c3aa0000, 0x00000000d6e00000)
  eden space 16896K,   0% used [0x00000000c2600000, 0x00000000c2600000, 0x00000000c3680000)
  from space 2112K,  52% used [0x00000000c3890000, 0x00000000c39a46f0, 0x00000000c3aa0000)
  to   space 2112K,   0% used [0x00000000c3680000, 0x00000000c3680000, 0x00000000c3890000)
 concurrent mark-sweep generation total 42368K, used 24334K [0x00000000d6e00000, 0x00000000d9760000, 0x0000000100000000)
 Metaspace       used 32105K, capacity 33424K, committed 33480K, reserved 1079296K
  class space    used 4015K, capacity 4296K, committed 4300K, reserved 1048576K
}
2022-08-07T09:29:52.242+0000: 8.056: Application time: 0.0425012 seconds
{Heap before GC invocations=119 (full 1):
 par new generation   total 19008K, used 18001K [0x00000000c2600000, 0x00000000c3aa0000, 0x00000000d6e00000)
  eden space 16896K, 100% used [0x00000000c2600000, 0x00000000c3680000, 0x00000000c3680000)
  from space 2112K,  52% used [0x00000000c3890000, 0x00000000c39a46f0, 0x00000000c3aa0000)
  to   space 2112K,   0% used [0x00000000c3680000, 0x00000000c3680000, 0x00000000c3890000)
 concurrent mark-sweep generation total 42368K, used 24334K [0x00000000d6e00000, 0x00000000d9760000, 0x0000000100000000)
 Metaspace       used 32230K, capacity 33520K, committed 33864K, reserved 1079296K
  class space    used 4034K, capacity 4328K, committed 4428K, reserved 1048576K
2022-08-07T09:29:52.242+0000: 8.057: [GC (Allocation Failure) 2022-08-07T09:29:52.243+0000: 8.057: [ParNew: 18001K->1613K(19008K), 0.0027526 secs] 42336K->26049K(61376K), 0.0034871 secs] [Times: user=0.01 sys=0.00, real=0.01 secs] 
Heap after GC invocations=120 (full 1):
 par new generation   total 19008K, used 1613K [0x00000000c2600000, 0x00000000c3aa0000, 0x00000000d6e00000)
  eden space 16896K,   0% used [0x00000000c2600000, 0x00000000c2600000, 0x00000000c3680000)
  from space 2112K,  76% used [0x00000000c3680000, 0x00000000c38134a8, 0x00000000c3890000)
  to   space 2112K,   0% used [0x00000000c3890000, 0x00000000c3890000, 0x00000000c3aa0000)
 concurrent mark-sweep generation total 42368K, used 24436K [0x00000000d6e00000, 0x00000000d9760000, 0x0000000100000000)
 Metaspace       used 32230K, capacity 33520K, committed 33864K, reserved 1079296K
  class space    used 4034K, capacity 4328K, committed 4428K, reserved 1048576K
}
2022-08-07T09:29:52.306+0000: 8.120: Application time: 0.0594568 seconds
{Heap before GC invocations=120 (full 1):
 par new generation   total 19008K, used 18509K [0x00000000c2600000, 0x00000000c3aa0000, 0x00000000d6e00000)
  eden space 16896K, 100% used [0x00000000c2600000, 0x00000000c3680000, 0x00000000c3680000)
  from space 2112K,  76% used [0x00000000c3680000, 0x00000000c38134a8, 0x00000000c3890000)
  to   space 2112K,   0% used [0x00000000c3890000, 0x00000000c3890000, 0x00000000c3aa0000)
 concurrent mark-sweep generation total 42368K, used 24436K [0x00000000d6e00000, 0x00000000d9760000, 0x0000000100000000)
 Metaspace       used 32349K, capacity 33680K, committed 33864K, reserved 1079296K
  class space    used 4057K, capacity 4360K, committed 4428K, reserved 1048576K
2022-08-07T09:29:52.307+0000: 8.121: [GC (Allocation Failure) 2022-08-07T09:29:52.307+0000: 8.121: [ParNew: 18509K->1014K(19008K), 0.0059301 secs] 42945K->25617K(61376K), 0.0067872 secs] [Times: user=0.01 sys=0.01, real=0.01 secs] 
Heap after GC invocations=121 (full 1):
 par new generation   total 19008K, used 1014K [0x00000000c2600000, 0x00000000c3aa0000, 0x00000000d6e00000)
  eden space 16896K,   0% used [0x00000000c2600000, 0x00000000c2600000, 0x00000000c3680000)
  from space 2112K,  48% used [0x00000000c3890000, 0x00000000c398d898, 0x00000000c3aa0000)
  to   space 2112K,   0% used [0x00000000c3680000, 0x00000000c3680000, 0x00000000c3890000)
 concurrent mark-sweep generation total 42368K, used 24602K [0x00000000d6e00000, 0x00000000d9760000, 0x0000000100000000)
 Metaspace       used 32349K, capacity 33680K, committed 33864K, reserved 1079296K
  class space    used 4057K, capacity 4360K, committed 4428K, reserved 1048576K
}
2022-08-07T09:29:52.354+0000: 8.169: Application time: 0.0401675 seconds
{Heap before GC invocations=121 (full 1):
 par new generation   total 19008K, used 17910K [0x00000000c2600000, 0x00000000c3aa0000, 0x00000000d6e00000)
  eden space 16896K, 100% used [0x00000000c2600000, 0x00000000c3680000, 0x00000000c3680000)
  from space 2112K,  48% used [0x00000000c3890000, 0x00000000c398d898, 0x00000000c3aa0000)
  to   space 2112K,   0% used [0x00000000c3680000, 0x00000000c3680000, 0x00000000c3890000)
 concurrent mark-sweep generation total 42368K, used 24602K [0x00000000d6e00000, 0x00000000d9760000, 0x0000000100000000)
 Metaspace       used 32430K, capacity 33744K, committed 33864K, reserved 1079296K
  class space    used 4074K, capacity 4360K, committed 4428K, reserved 1048576K
2022-08-07T09:29:52.355+0000: 8.169: [GC (Allocation Failure) 2022-08-07T09:29:52.355+0000: 8.170: [ParNew: 17910K->1109K(19008K), 0.0033285 secs] 42513K->25803K(61376K), 0.0042433 secs] [Times: user=0.01 sys=0.01, real=0.00 secs] 
Heap after GC invocations=122 (full 1):
 par new generation   total 19008K, used 1109K [0x00000000c2600000, 0x00000000c3aa0000, 0x00000000d6e00000)
  eden space 16896K,   0% used [0x00000000c2600000, 0x00000000c2600000, 0x00000000c3680000)
  from space 2112K,  52% used [0x00000000c3680000, 0x00000000c37955b0, 0x00000000c3890000)
  to   space 2112K,   0% used [0x00000000c3890000, 0x00000000c3890000, 0x00000000c3aa0000)
 concurrent mark-sweep generation total 42368K, used 24694K [0x00000000d6e00000, 0x00000000d9760000, 0x0000000100000000)
 Metaspace       used 32430K, capacity 33744K, committed 33864K, reserved 1079296K
  class space    used 4074K, capacity 4360K, committed 4428K, reserved 1048576K
}
2022-08-07T09:29:52.410+0000: 8.224: Application time: 0.0496632 seconds
{Heap before GC invocations=122 (full 1):
 par new generation   total 19008K, used 18005K [0x00000000c2600000, 0x00000000c3aa0000, 0x00000000d6e00000)
  eden space 16896K, 100% used [0x00000000c2600000, 0x00000000c3680000, 0x00000000c3680000)
  from space 2112K,  52% used [0x00000000c3680000, 0x00000000c37955b0, 0x00000000c3890000)
  to   space 2112K,   0% used [0x00000000c3890000, 0x00000000c3890000, 0x00000000c3aa0000)
 concurrent mark-sweep generation total 42368K, used 24694K [0x00000000d6e00000, 0x00000000d9760000, 0x0000000100000000)
 Metaspace       used 32606K, capacity 33904K, committed 34120K, reserved 1079296K
  class space    used 4101K, capacity 4392K, committed 4428K, reserved 1048576K
2022-08-07T09:29:52.410+0000: 8.225: [GC (Allocation Failure) 2022-08-07T09:29:52.411+0000: 8.225: [ParNew: 18005K->1265K(19008K), 0.0220035 secs] 42699K->26022K(61376K), 0.0228654 secs] [Times: user=0.04 sys=0.00, real=0.03 secs] 
Heap after GC invocations=123 (full 1):
 par new generation   total 19008K, used 1265K [0x00000000c2600000, 0x00000000c3aa0000, 0x00000000d6e00000)
  eden space 16896K,   0% used [0x00000000c2600000, 0x00000000c2600000, 0x00000000c3680000)
  from space 2112K,  59% used [0x00000000c3890000, 0x00000000c39cc438, 0x00000000c3aa0000)
  to   space 2112K,   0% used [0x00000000c3680000, 0x00000000c3680000, 0x00000000c3890000)
 concurrent mark-sweep generation total 42368K, used 24757K [0x00000000d6e00000, 0x00000000d9760000, 0x0000000100000000)
 Metaspace       used 32606K, capacity 33904K, committed 34120K, reserved 1079296K
  class space    used 4101K, capacity 4392K, committed 4428K, reserved 1048576K
}
2022-08-07T09:29:52.563+0000: 8.378: Application time: 0.1289435 seconds
{Heap before GC invocations=123 (full 1):
 par new generation   total 19008K, used 18161K [0x00000000c2600000, 0x00000000c3aa0000, 0x00000000d6e00000)
  eden space 16896K, 100% used [0x00000000c2600000, 0x00000000c3680000, 0x00000000c3680000)
  from space 2112K,  59% used [0x00000000c3890000, 0x00000000c39cc438, 0x00000000c3aa0000)
  to   space 2112K,   0% used [0x00000000c3680000, 0x00000000c3680000, 0x00000000c3890000)
 concurrent mark-sweep generation total 42368K, used 24757K [0x00000000d6e00000, 0x00000000d9760000, 0x0000000100000000)
 Metaspace       used 32797K, capacity 34134K, committed 34376K, reserved 1079296K
  class space    used 4128K, capacity 4425K, committed 4428K, reserved 1048576K
2022-08-07T09:29:52.564+0000: 8.379: [GC (Allocation Failure) 2022-08-07T09:29:52.565+0000: 8.380: [ParNew: 18161K->1294K(19008K), 0.0033453 secs] 42918K->26063K(61376K), 0.0043504 secs] [Times: user=0.01 sys=0.01, real=0.00 secs] 
Heap after GC invocations=124 (full 1):
 par new generation   total 19008K, used 1294K [0x00000000c2600000, 0x00000000c3aa0000, 0x00000000d6e00000)
  eden space 16896K,   0% used [0x00000000c2600000, 0x00000000c2600000, 0x00000000c3680000)
  from space 2112K,  61% used [0x00000000c3680000, 0x00000000c37c3b40, 0x00000000c3890000)
  to   space 2112K,   0% used [0x00000000c3890000, 0x00000000c3890000, 0x00000000c3aa0000)
 concurrent mark-sweep generation total 42368K, used 24768K [0x00000000d6e00000, 0x00000000d9760000, 0x0000000100000000)
 Metaspace       used 32797K, capacity 34134K, committed 34376K, reserved 1079296K
  class space    used 4128K, capacity 4425K, committed 4428K, reserved 1048576K
}
2022-08-07T09:29:52.718+0000: 8.532: Application time: 0.1479835 seconds
{Heap before GC invocations=124 (full 1):
 par new generation   total 19008K, used 18190K [0x00000000c2600000, 0x00000000c3aa0000, 0x00000000d6e00000)
  eden space 16896K, 100% used [0x00000000c2600000, 0x00000000c3680000, 0x00000000c3680000)
  from space 2112K,  61% used [0x00000000c3680000, 0x00000000c37c3b40, 0x00000000c3890000)
  to   space 2112K,   0% used [0x00000000c3890000, 0x00000000c3890000, 0x00000000c3aa0000)
 concurrent mark-sweep generation total 42368K, used 24768K [0x00000000d6e00000, 0x00000000d9760000, 0x0000000100000000)
 Metaspace       used 33119K, capacity 34506K, committed 34760K, reserved 1079296K
  class space    used 4153K, capacity 4459K, committed 4556K, reserved 1048576K
2022-08-07T09:29:52.718+0000: 8.533: [GC (Allocation Failure) 2022-08-07T09:29:52.719+0000: 8.533: [ParNew: 18190K->1912K(19008K), 0.0045641 secs] 42959K->26697K(61376K), 0.0052114 secs] [Times: user=0.02 sys=0.00, real=0.01 secs] 
Heap after GC invocations=125 (full 1):
 par new generation   total 19008K, used 1912K [0x00000000c2600000, 0x00000000c3aa0000, 0x00000000d6e00000)
  eden space 16896K,   0% used [0x00000000c2600000, 0x00000000c2600000, 0x00000000c3680000)
  from space 2112K,  90% used [0x00000000c3890000, 0x00000000c3a6e1b8, 0x00000000c3aa0000)
  to   space 2112K,   0% used [0x00000000c3680000, 0x00000000c3680000, 0x00000000c3890000)
 concurrent mark-sweep generation total 42368K, used 24784K [0x00000000d6e00000, 0x00000000d9760000, 0x0000000100000000)
 Metaspace       used 33119K, capacity 34506K, committed 34760K, reserved 1079296K
  class space    used 4153K, capacity 4459K, committed 4556K, reserved 1048576K
}
2022-08-07T09:29:52.999+0000: 8.813: Application time: 0.2744952 seconds
{Heap before GC invocations=125 (full 1):
 par new generation   total 19008K, used 18808K [0x00000000c2600000, 0x00000000c3aa0000, 0x00000000d6e00000)
  eden space 16896K, 100% used [0x00000000c2600000, 0x00000000c3680000, 0x00000000c3680000)
  from space 2112K,  90% used [0x00000000c3890000, 0x00000000c3a6e1b8, 0x00000000c3aa0000)
  to   space 2112K,   0% used [0x00000000c3680000, 0x00000000c3680000, 0x00000000c3890000)
 concurrent mark-sweep generation total 42368K, used 24784K [0x00000000d6e00000, 0x00000000d9760000, 0x0000000100000000)
 Metaspace       used 33655K, capacity 34986K, committed 35272K, reserved 1079296K
  class space    used 4199K, capacity 4491K, committed 4556K, reserved 1048576K
2022-08-07T09:29:53.000+0000: 8.814: [GC (Allocation Failure) 2022-08-07T09:29:53.000+0000: 8.814: [ParNew: 18808K->2008K(19008K), 0.0048052 secs] 43593K->27142K(61376K), 0.0055195 secs] [Times: user=0.02 sys=0.00, real=0.01 secs] 
Heap after GC invocations=126 (full 1):
 par new generation   total 19008K, used 2008K [0x00000000c2600000, 0x00000000c3aa0000, 0x00000000d6e00000)
  eden space 16896K,   0% used [0x00000000c2600000, 0x00000000c2600000, 0x00000000c3680000)
  from space 2112K,  95% used [0x00000000c3680000, 0x00000000c3876008, 0x00000000c3890000)
  to   space 2112K,   0% used [0x00000000c3890000, 0x00000000c3890000, 0x00000000c3aa0000)
 concurrent mark-sweep generation total 42368K, used 25134K [0x00000000d6e00000, 0x00000000d9760000, 0x0000000100000000)
 Metaspace       used 33655K, capacity 34986K, committed 35272K, reserved 1079296K
  class space    used 4199K, capacity 4491K, committed 4556K, reserved 1048576K
}
2022-08-07T09:29:53.134+0000: 8.948: Application time: 0.1276540 seconds
2022-08-07T09:29:53.136+0000: 8.951: Application time: 0.0021465 seconds
2022-08-07T09:29:53.184+0000: 8.999: Application time: 0.0475384 seconds
{Heap before GC invocations=126 (full 1):
 par new generation   total 19008K, used 18904K [0x00000000c2600000, 0x00000000c3aa0000, 0x00000000d6e00000)
  eden space 16896K, 100% used [0x00000000c2600000, 0x00000000c3680000, 0x00000000c3680000)
  from space 2112K,  95% used [0x00000000c3680000, 0x00000000c3876008, 0x00000000c3890000)
  to   space 2112K,   0% used [0x00000000c3890000, 0x00000000c3890000, 0x00000000c3aa0000)
 concurrent mark-sweep generation total 42368K, used 25134K [0x00000000d6e00000, 0x00000000d9760000, 0x0000000100000000)
 Metaspace       used 34314K, capacity 35632K, committed 35784K, reserved 1081344K
  class space    used 4262K, capacity 4556K, committed 4556K, reserved 1048576K
2022-08-07T09:29:53.185+0000: 8.999: [GC (Allocation Failure) 2022-08-07T09:29:53.185+0000: 9.000: [ParNew: 18904K->2112K(19008K), 0.0061211 secs] 44038K->27856K(61376K), 0.0067239 secs] [Times: user=0.01 sys=0.00, real=0.00 secs] 
Heap after GC invocations=127 (full 1):
 par new generation   total 19008K, used 2112K [0x00000000c2600000, 0x00000000c3aa0000, 0x00000000d6e00000)
  eden space 16896K,   0% used [0x00000000c2600000, 0x00000000c2600000, 0x00000000c3680000)
  from space 2112K, 100% used [0x00000000c3890000, 0x00000000c3aa0000, 0x00000000c3aa0000)
  to   space 2112K,   0% used [0x00000000c3680000, 0x00000000c3680000, 0x00000000c3890000)
 concurrent mark-sweep generation total 42368K, used 25744K [0x00000000d6e00000, 0x00000000d9760000, 0x0000000100000000)
 Metaspace       used 34314K, capacity 35632K, committed 35784K, reserved 1081344K
  class space    used 4262K, capacity 4556K, committed 4556K, reserved 1048576K
}
2022-08-07T09:29:53.193+0000: 9.007: Application time: 0.0005351 seconds
2022-08-07T09:29:53.193+0000: 9.008: [GC (CMS Initial Mark) [1 CMS-initial-mark: 25744K(42368K)] 28194K(61376K), 0.0179418 secs] [Times: user=0.00 sys=0.01, real=0.01 secs] 
2022-08-07T09:29:53.212+0000: 9.027: [CMS-concurrent-mark-start]
2022-08-07T09:29:53.257+0000: 9.072: [CMS-concurrent-mark: 0.045/0.045 secs] [Times: user=0.11 sys=0.01, real=0.05 secs] 
2022-08-07T09:29:53.258+0000: 9.072: [CMS-concurrent-preclean-start]
2022-08-07T09:29:53.263+0000: 9.077: [CMS-concurrent-preclean: 0.004/0.005 secs] [Times: user=0.01 sys=0.00, real=0.00 secs] 
2022-08-07T09:29:53.263+0000: 9.078: [CMS-concurrent-abortable-preclean-start]
2022-08-07T09:29:53.266+0000: 9.081: Application time: 0.0543010 seconds
{Heap before GC invocations=127 (full 2):
 par new generation   total 19008K, used 19008K [0x00000000c2600000, 0x00000000c3aa0000, 0x00000000d6e00000)
  eden space 16896K, 100% used [0x00000000c2600000, 0x00000000c3680000, 0x00000000c3680000)
  from space 2112K, 100% used [0x00000000c3890000, 0x00000000c3aa0000, 0x00000000c3aa0000)
  to   space 2112K,   0% used [0x00000000c3680000, 0x00000000c3680000, 0x00000000c3890000)
 concurrent mark-sweep generation total 42368K, used 25744K [0x00000000d6e00000, 0x00000000d9760000, 0x0000000100000000)
 Metaspace       used 34337K, capacity 35700K, committed 35784K, reserved 1081344K
  class space    used 4262K, capacity 4556K, committed 4556K, reserved 1048576K
2022-08-07T09:29:53.267+0000: 9.081: [GC (Allocation Failure) 2022-08-07T09:29:53.267+0000: 9.081: [ParNew: 19008K->810K(19008K), 0.0053307 secs] 44752K->27190K(61376K), 0.0059310 secs] [Times: user=0.01 sys=0.00, real=0.00 secs] 
Heap after GC invocations=128 (full 2):
 par new generation   total 19008K, used 810K [0x00000000c2600000, 0x00000000c3aa0000, 0x00000000d6e00000)
  eden space 16896K,   0% used [0x00000000c2600000, 0x00000000c2600000, 0x00000000c3680000)
  from space 2112K,  38% used [0x00000000c3680000, 0x00000000c374ab60, 0x00000000c3890000)
  to   space 2112K,   0% used [0x00000000c3890000, 0x00000000c3890000, 0x00000000c3aa0000)
 concurrent mark-sweep generation total 42368K, used 26379K [0x00000000d6e00000, 0x00000000d9760000, 0x0000000100000000)
 Metaspace       used 34337K, capacity 35700K, committed 35784K, reserved 1081344K
  class space    used 4262K, capacity 4556K, committed 4556K, reserved 1048576K
}
2022-08-07T09:29:53.296+0000: 9.110: [CMS-concurrent-abortable-preclean: 0.016/0.032 secs] [Times: user=0.09 sys=0.02, real=0.03 secs] 
2022-08-07T09:29:53.297+0000: 9.111: Application time: 0.0237653 seconds
2022-08-07T09:29:53.297+0000: 9.112: [GC (CMS Final Remark) [YG occupancy: 9261 K (19008 K)]2022-08-07T09:29:53.298+0000: 9.112: [Rescan (parallel) , 0.0032697 secs]2022-08-07T09:29:53.301+0000: 9.116: [weak refs processing, 0.0004279 secs]2022-08-07T09:29:53.302+0000: 9.117: [class unloading, 0.0085970 secs]2022-08-07T09:29:53.311+0000: 9.125: [scrub symbol table, 0.0059244 secs]2022-08-07T09:29:53.317+0000: 9.132: [scrub string table, 0.0008090 secs][1 CMS-remark: 26379K(42368K)] 35641K(61376K), 0.0243164 secs] [Times: user=0.03 sys=0.00, real=0.02 secs] 
2022-08-07T09:29:53.323+0000: 9.137: [CMS-concurrent-sweep-start]
2022-08-07T09:29:53.335+0000: 9.150: [CMS-concurrent-sweep: 0.012/0.012 secs] [Times: user=0.04 sys=0.01, real=0.02 secs] 
2022-08-07T09:29:53.336+0000: 9.150: [CMS-concurrent-reset-start]
2022-08-07T09:29:53.337+0000: 9.151: [CMS-concurrent-reset: 0.001/0.001 secs] [Times: user=0.00 sys=0.00, real=0.00 secs] 
2022-08-07T09:29:53.381+0000: 9.196: Application time: 0.0588888 seconds
{Heap before GC invocations=128 (full 2):
 par new generation   total 19008K, used 17706K [0x00000000c2600000, 0x00000000c3aa0000, 0x00000000d6e00000)
  eden space 16896K, 100% used [0x00000000c2600000, 0x00000000c3680000, 0x00000000c3680000)
  from space 2112K,  38% used [0x00000000c3680000, 0x00000000c374ab60, 0x00000000c3890000)
  to   space 2112K,   0% used [0x00000000c3890000, 0x00000000c3890000, 0x00000000c3aa0000)
 concurrent mark-sweep generation total 42368K, used 24074K [0x00000000d6e00000, 0x00000000d9760000, 0x0000000100000000)
 Metaspace       used 34249K, capacity 35476K, committed 35912K, reserved 1081344K
  class space    used 4245K, capacity 4518K, committed 4684K, reserved 1048576K
2022-08-07T09:29:53.381+0000: 9.196: [GC (Allocation Failure) 2022-08-07T09:29:53.382+0000: 9.196: [ParNew: 17706K->1544K(19008K), 0.0028410 secs] 41781K->25618K(61376K), 0.0064700 secs] [Times: user=0.01 sys=0.00, real=0.01 secs] 
Heap after GC invocations=129 (full 2):
 par new generation   total 19008K, used 1544K [0x00000000c2600000, 0x00000000c3aa0000, 0x00000000d6e00000)
  eden space 16896K,   0% used [0x00000000c2600000, 0x00000000c2600000, 0x00000000c3680000)
  from space 2112K,  73% used [0x00000000c3890000, 0x00000000c3a12000, 0x00000000c3aa0000)
  to   space 2112K,   0% used [0x00000000c3680000, 0x00000000c3680000, 0x00000000c3890000)
 concurrent mark-sweep generation total 42368K, used 24074K [0x00000000d6e00000, 0x00000000d9760000, 0x0000000100000000)
 Metaspace       used 34249K, capacity 35476K, committed 35912K, reserved 1081344K
  class space    used 4245K, capacity 4518K, committed 4684K, reserved 1048576K
}
2022-08-07T09:29:53.413+0000: 9.228: Application time: 0.0247756 seconds
{Heap before GC invocations=129 (full 2):
 par new generation   total 19008K, used 18440K [0x00000000c2600000, 0x00000000c3aa0000, 0x00000000d6e00000)
  eden space 16896K, 100% used [0x00000000c2600000, 0x00000000c3680000, 0x00000000c3680000)
  from space 2112K,  73% used [0x00000000c3890000, 0x00000000c3a12000, 0x00000000c3aa0000)
  to   space 2112K,   0% used [0x00000000c3680000, 0x00000000c3680000, 0x00000000c3890000)
 concurrent mark-sweep generation total 42368K, used 24074K [0x00000000d6e00000, 0x00000000d9760000, 0x0000000100000000)
 Metaspace       used 34249K, capacity 35476K, committed 35912K, reserved 1081344K
  class space    used 4245K, capacity 4518K, committed 4684K, reserved 1048576K
2022-08-07T09:29:53.414+0000: 9.229: [GC (Allocation Failure) 2022-08-07T09:29:53.414+0000: 9.229: [ParNew: 18440K->1320K(19008K), 0.0043860 secs] 42514K->25801K(61376K), 0.0051366 secs] [Times: user=0.01 sys=0.00, real=0.00 secs] 
Heap after GC invocations=130 (full 2):
 par new generation   total 19008K, used 1320K [0x00000000c2600000, 0x00000000c3aa0000, 0x00000000d6e00000)
  eden space 16896K,   0% used [0x00000000c2600000, 0x00000000c2600000, 0x00000000c3680000)
  from space 2112K,  62% used [0x00000000c3680000, 0x00000000c37ca0a0, 0x00000000c3890000)
  to   space 2112K,   0% used [0x00000000c3890000, 0x00000000c3890000, 0x00000000c3aa0000)
 concurrent mark-sweep generation total 42368K, used 24481K [0x00000000d6e00000, 0x00000000d9760000, 0x0000000100000000)
 Metaspace       used 34249K, capacity 35476K, committed 35912K, reserved 1081344K
  class space    used 4245K, capacity 4518K, committed 4684K, reserved 1048576K
}
2022-08-07T09:29:53.445+0000: 9.259: Application time: 0.0249897 seconds
{Heap before GC invocations=130 (full 2):
 par new generation   total 19008K, used 18216K [0x00000000c2600000, 0x00000000c3aa0000, 0x00000000d6e00000)
  eden space 16896K, 100% used [0x00000000c2600000, 0x00000000c3680000, 0x00000000c3680000)
  from space 2112K,  62% used [0x00000000c3680000, 0x00000000c37ca0a0, 0x00000000c3890000)
  to   space 2112K,   0% used [0x00000000c3890000, 0x00000000c3890000, 0x00000000c3aa0000)
 concurrent mark-sweep generation total 42368K, used 24481K [0x00000000d6e00000, 0x00000000d9760000, 0x0000000100000000)
 Metaspace       used 34249K, capacity 35476K, committed 35912K, reserved 1081344K
  class space    used 4245K, capacity 4518K, committed 4684K, reserved 1048576K
2022-08-07T09:29:53.446+0000: 9.260: [GC (Allocation Failure) 2022-08-07T09:29:53.446+0000: 9.261: [ParNew: 18216K->1314K(19008K), 0.0021936 secs] 42697K->25796K(61376K), 0.0029716 secs] [Times: user=0.01 sys=0.00, real=0.00 secs] 
Heap after GC invocations=131 (full 2):
 par new generation   total 19008K, used 1314K [0x00000000c2600000, 0x00000000c3aa0000, 0x00000000d6e00000)
  eden space 16896K,   0% used [0x00000000c2600000, 0x00000000c2600000, 0x00000000c3680000)
  from space 2112K,  62% used [0x00000000c3890000, 0x00000000c39d8b30, 0x00000000c3aa0000)
  to   space 2112K,   0% used [0x00000000c3680000, 0x00000000c3680000, 0x00000000c3890000)
 concurrent mark-sweep generation total 42368K, used 24481K [0x00000000d6e00000, 0x00000000d9760000, 0x0000000100000000)
 Metaspace       used 34249K, capacity 35476K, committed 35912K, reserved 1081344K
  class space    used 4245K, capacity 4518K, committed 4684K, reserved 1048576K
}
2022-08-07T09:29:53.489+0000: 9.303: Application time: 0.0396948 seconds
{Heap before GC invocations=131 (full 2):
 par new generation   total 19008K, used 18210K [0x00000000c2600000, 0x00000000c3aa0000, 0x00000000d6e00000)
  eden space 16896K, 100% used [0x00000000c2600000, 0x00000000c3680000, 0x00000000c3680000)
  from space 2112K,  62% used [0x00000000c3890000, 0x00000000c39d8b30, 0x00000000c3aa0000)
  to   space 2112K,   0% used [0x00000000c3680000, 0x00000000c3680000, 0x00000000c3890000)
 concurrent mark-sweep generation total 42368K, used 24481K [0x00000000d6e00000, 0x00000000d9760000, 0x0000000100000000)
 Metaspace       used 34312K, capacity 35578K, committed 36168K, reserved 1081344K
  class space    used 4258K, capacity 4551K, committed 4684K, reserved 1048576K
2022-08-07T09:29:53.490+0000: 9.304: [GC (Allocation Failure) 2022-08-07T09:29:53.490+0000: 9.305: [ParNew: 18210K->1581K(19008K), 0.0021382 secs] 42692K->26063K(61376K), 0.0028270 secs] [Times: user=0.01 sys=0.00, real=0.00 secs] 
Heap after GC invocations=132 (full 2):
 par new generation   total 19008K, used 1581K [0x00000000c2600000, 0x00000000c3aa0000, 0x00000000d6e00000)
  eden space 16896K,   0% used [0x00000000c2600000, 0x00000000c2600000, 0x00000000c3680000)
  from space 2112K,  74% used [0x00000000c3680000, 0x00000000c380b790, 0x00000000c3890000)
  to   space 2112K,   0% used [0x00000000c3890000, 0x00000000c3890000, 0x00000000c3aa0000)
 concurrent mark-sweep generation total 42368K, used 24481K [0x00000000d6e00000, 0x00000000d9760000, 0x0000000100000000)
 Metaspace       used 34312K, capacity 35578K, committed 36168K, reserved 1081344K
  class space    used 4258K, capacity 4551K, committed 4684K, reserved 1048576K
}
2022-08-07T09:29:53.520+0000: 9.335: Application time: 0.0269587 seconds
{Heap before GC invocations=132 (full 2):
 par new generation   total 19008K, used 18477K [0x00000000c2600000, 0x00000000c3aa0000, 0x00000000d6e00000)
  eden space 16896K, 100% used [0x00000000c2600000, 0x00000000c3680000, 0x00000000c3680000)
  from space 2112K,  74% used [0x00000000c3680000, 0x00000000c380b790, 0x00000000c3890000)
  to   space 2112K,   0% used [0x00000000c3890000, 0x00000000c3890000, 0x00000000c3aa0000)
 concurrent mark-sweep generation total 42368K, used 24481K [0x00000000d6e00000, 0x00000000d9760000, 0x0000000100000000)
 Metaspace       used 34338K, capacity 35578K, committed 36168K, reserved 1081344K
  class space    used 4260K, capacity 4551K, committed 4684K, reserved 1048576K
2022-08-07T09:29:53.521+0000: 9.335: [GC (Allocation Failure) 2022-08-07T09:29:53.521+0000: 9.336: [ParNew: 18477K->1424K(19008K), 0.0022393 secs] 42959K->25905K(61376K), 0.0030403 secs] [Times: user=0.01 sys=0.00, real=0.01 secs] 
Heap after GC invocations=133 (full 2):
 par new generation   total 19008K, used 1424K [0x00000000c2600000, 0x00000000c3aa0000, 0x00000000d6e00000)
  eden space 16896K,   0% used [0x00000000c2600000, 0x00000000c2600000, 0x00000000c3680000)
  from space 2112K,  67% used [0x00000000c3890000, 0x00000000c39f4178, 0x00000000c3aa0000)
  to   space 2112K,   0% used [0x00000000c3680000, 0x00000000c3680000, 0x00000000c3890000)
 concurrent mark-sweep generation total 42368K, used 24481K [0x00000000d6e00000, 0x00000000d9760000, 0x0000000100000000)
 Metaspace       used 34338K, capacity 35578K, committed 36168K, reserved 1081344K
  class space    used 4260K, capacity 4551K, committed 4684K, reserved 1048576K
}
2022-08-07T09:29:53.595+0000: 9.410: Application time: 0.0706836 seconds
{Heap before GC invocations=133 (full 2):
 par new generation   total 19008K, used 18320K [0x00000000c2600000, 0x00000000c3aa0000, 0x00000000d6e00000)
  eden space 16896K, 100% used [0x00000000c2600000, 0x00000000c3680000, 0x00000000c3680000)
  from space 2112K,  67% used [0x00000000c3890000, 0x00000000c39f4178, 0x00000000c3aa0000)
  to   space 2112K,   0% used [0x00000000c3680000, 0x00000000c3680000, 0x00000000c3890000)
 concurrent mark-sweep generation total 42368K, used 24481K [0x00000000d6e00000, 0x00000000d9760000, 0x0000000100000000)
 Metaspace       used 34468K, capacity 35726K, committed 36168K, reserved 1081344K
  class space    used 4285K, capacity 4559K, committed 4684K, reserved 1048576K
2022-08-07T09:29:53.596+0000: 9.410: [GC (Allocation Failure) 2022-08-07T09:29:53.596+0000: 9.411: [ParNew: 18320K->1544K(19008K), 0.0056049 secs] 42801K->26025K(61376K), 0.0064565 secs] [Times: user=0.01 sys=0.00, real=0.00 secs] 
Heap after GC invocations=134 (full 2):
 par new generation   total 19008K, used 1544K [0x00000000c2600000, 0x00000000c3aa0000, 0x00000000d6e00000)
  eden space 16896K,   0% used [0x00000000c2600000, 0x00000000c2600000, 0x00000000c3680000)
  from space 2112K,  73% used [0x00000000c3680000, 0x00000000c3802158, 0x00000000c3890000)
  to   space 2112K,   0% used [0x00000000c3890000, 0x00000000c3890000, 0x00000000c3aa0000)
 concurrent mark-sweep generation total 42368K, used 24481K [0x00000000d6e00000, 0x00000000d9760000, 0x0000000100000000)
 Metaspace       used 34468K, capacity 35726K, committed 36168K, reserved 1081344K
  class space    used 4285K, capacity 4559K, committed 4684K, reserved 1048576K
}
2022-08-07T09:29:53.637+0000: 9.452: Application time: 0.0342362 seconds
{Heap before GC invocations=134 (full 2):
 par new generation   total 19008K, used 18440K [0x00000000c2600000, 0x00000000c3aa0000, 0x00000000d6e00000)
  eden space 16896K, 100% used [0x00000000c2600000, 0x00000000c3680000, 0x00000000c3680000)
  from space 2112K,  73% used [0x00000000c3680000, 0x00000000c3802158, 0x00000000c3890000)
  to   space 2112K,   0% used [0x00000000c3890000, 0x00000000c3890000, 0x00000000c3aa0000)
 concurrent mark-sweep generation total 42368K, used 24481K [0x00000000d6e00000, 0x00000000d9760000, 0x0000000100000000)
 Metaspace       used 34498K, capacity 35758K, committed 36168K, reserved 1081344K
  class space    used 4290K, capacity 4591K, committed 4684K, reserved 1048576K
2022-08-07T09:29:53.638+0000: 9.452: [GC (Allocation Failure) 2022-08-07T09:29:53.638+0000: 9.453: [ParNew: 18440K->576K(19008K), 0.0054278 secs] 42921K->25833K(61376K), 0.0062388 secs] [Times: user=0.02 sys=0.00, real=0.01 secs] 
Heap after GC invocations=135 (full 2):
 par new generation   total 19008K, used 576K [0x00000000c2600000, 0x00000000c3aa0000, 0x00000000d6e00000)
  eden space 16896K,   0% used [0x00000000c2600000, 0x00000000c2600000, 0x00000000c3680000)
  from space 2112K,  27% used [0x00000000c3890000, 0x00000000c3920050, 0x00000000c3aa0000)
  to   space 2112K,   0% used [0x00000000c3680000, 0x00000000c3680000, 0x00000000c3890000)
 concurrent mark-sweep generation total 42368K, used 25257K [0x00000000d6e00000, 0x00000000d9760000, 0x0000000100000000)
 Metaspace       used 34498K, capacity 35758K, committed 36168K, reserved 1081344K
  class space    used 4290K, capacity 4591K, committed 4684K, reserved 1048576K
}
2022-08-07T09:29:53.679+0000: 9.494: Application time: 0.0341170 seconds
{Heap before GC invocations=135 (full 2):
 par new generation   total 19008K, used 17472K [0x00000000c2600000, 0x00000000c3aa0000, 0x00000000d6e00000)
  eden space 16896K, 100% used [0x00000000c2600000, 0x00000000c3680000, 0x00000000c3680000)
  from space 2112K,  27% used [0x00000000c3890000, 0x00000000c3920050, 0x00000000c3aa0000)
  to   space 2112K,   0% used [0x00000000c3680000, 0x00000000c3680000, 0x00000000c3890000)
 concurrent mark-sweep generation total 42368K, used 25257K [0x00000000d6e00000, 0x00000000d9760000, 0x0000000100000000)
 Metaspace       used 34503K, capacity 35758K, committed 36168K, reserved 1081344K
  class space    used 4291K, capacity 4591K, committed 4684K, reserved 1048576K
2022-08-07T09:29:53.680+0000: 9.494: [GC (Allocation Failure) 2022-08-07T09:29:53.680+0000: 9.495: [ParNew: 17472K->808K(19008K), 0.0039628 secs] 42729K->26065K(61376K), 0.0049425 secs] [Times: user=0.01 sys=0.00, real=0.01 secs] 
Heap after GC invocations=136 (full 2):
 par new generation   total 19008K, used 808K [0x00000000c2600000, 0x00000000c3aa0000, 0x00000000d6e00000)
  eden space 16896K,   0% used [0x00000000c2600000, 0x00000000c2600000, 0x00000000c3680000)
  from space 2112K,  38% used [0x00000000c3680000, 0x00000000c374a040, 0x00000000c3890000)
  to   space 2112K,   0% used [0x00000000c3890000, 0x00000000c3890000, 0x00000000c3aa0000)
 concurrent mark-sweep generation total 42368K, used 25257K [0x00000000d6e00000, 0x00000000d9760000, 0x0000000100000000)
 Metaspace       used 34503K, capacity 35758K, committed 36168K, reserved 1081344K
  class space    used 4291K, capacity 4591K, committed 4684K, reserved 1048576K
}
2022-08-07T09:29:53.778+0000: 9.593: Application time: 0.0926743 seconds
{Heap before GC invocations=136 (full 2):
 par new generation   total 19008K, used 17704K [0x00000000c2600000, 0x00000000c3aa0000, 0x00000000d6e00000)
  eden space 16896K, 100% used [0x00000000c2600000, 0x00000000c3680000, 0x00000000c3680000)
  from space 2112K,  38% used [0x00000000c3680000, 0x00000000c374a040, 0x00000000c3890000)
  to   space 2112K,   0% used [0x00000000c3890000, 0x00000000c3890000, 0x00000000c3aa0000)
 concurrent mark-sweep generation total 42368K, used 25257K [0x00000000d6e00000, 0x00000000d9760000, 0x0000000100000000)
 Metaspace       used 34679K, capacity 35894K, committed 36424K, reserved 1081344K
  class space    used 4314K, capacity 4593K, committed 4684K, reserved 1048576K
2022-08-07T09:29:53.779+0000: 9.594: [GC (Allocation Failure) 2022-08-07T09:29:53.780+0000: 9.594: [ParNew: 17704K->782K(19008K), 0.0048212 secs] 42961K->26040K(61376K), 0.0055304 secs] [Times: user=0.00 sys=0.01, real=0.01 secs] 
Heap after GC invocations=137 (full 2):
 par new generation   total 19008K, used 782K [0x00000000c2600000, 0x00000000c3aa0000, 0x00000000d6e00000)
  eden space 16896K,   0% used [0x00000000c2600000, 0x00000000c2600000, 0x00000000c3680000)
  from space 2112K,  37% used [0x00000000c3890000, 0x00000000c3953be8, 0x00000000c3aa0000)
  to   space 2112K,   0% used [0x00000000c3680000, 0x00000000c3680000, 0x00000000c3890000)
 concurrent mark-sweep generation total 42368K, used 25257K [0x00000000d6e00000, 0x00000000d9760000, 0x0000000100000000)
 Metaspace       used 34679K, capacity 35894K, committed 36424K, reserved 1081344K
  class space    used 4314K, capacity 4593K, committed 4684K, reserved 1048576K
}
2022-08-07T09:29:53.967+0000: 9.781: Application time: 0.1814765 seconds
{Heap before GC invocations=137 (full 2):
 par new generation   total 19008K, used 17678K [0x00000000c2600000, 0x00000000c3aa0000, 0x00000000d6e00000)
  eden space 16896K, 100% used [0x00000000c2600000, 0x00000000c3680000, 0x00000000c3680000)
  from space 2112K,  37% used [0x00000000c3890000, 0x00000000c3953be8, 0x00000000c3aa0000)
  to   space 2112K,   0% used [0x00000000c3680000, 0x00000000c3680000, 0x00000000c3890000)
 concurrent mark-sweep generation total 42368K, used 25257K [0x00000000d6e00000, 0x00000000d9760000, 0x0000000100000000)
 Metaspace       used 35055K, capacity 36344K, committed 36680K, reserved 1081344K
  class space    used 4359K, capacity 4640K, committed 4684K, reserved 1048576K
2022-08-07T09:29:53.968+0000: 9.783: [GC (Allocation Failure) 2022-08-07T09:29:53.969+0000: 9.783: [ParNew: 17678K->1322K(19008K), 0.0084717 secs] 42936K->26580K(61376K), 0.0090872 secs] [Times: user=0.02 sys=0.00, real=0.01 secs] 
Heap after GC invocations=138 (full 2):
 par new generation   total 19008K, used 1322K [0x00000000c2600000, 0x00000000c3aa0000, 0x00000000d6e00000)
  eden space 16896K,   0% used [0x00000000c2600000, 0x00000000c2600000, 0x00000000c3680000)
  from space 2112K,  62% used [0x00000000c3680000, 0x00000000c37cab10, 0x00000000c3890000)
  to   space 2112K,   0% used [0x00000000c3890000, 0x00000000c3890000, 0x00000000c3aa0000)
 concurrent mark-sweep generation total 42368K, used 25257K [0x00000000d6e00000, 0x00000000d9760000, 0x0000000100000000)
 Metaspace       used 35055K, capacity 36344K, committed 36680K, reserved 1081344K
  class space    used 4359K, capacity 4640K, committed 4684K, reserved 1048576K
}
2022-08-07T09:29:54.119+0000: 9.934: Application time: 0.1409389 seconds
{Heap before GC invocations=138 (full 2):
 par new generation   total 19008K, used 18218K [0x00000000c2600000, 0x00000000c3aa0000, 0x00000000d6e00000)
  eden space 16896K, 100% used [0x00000000c2600000, 0x00000000c3680000, 0x00000000c3680000)
  from space 2112K,  62% used [0x00000000c3680000, 0x00000000c37cab10, 0x00000000c3890000)
  to   space 2112K,   0% used [0x00000000c3890000, 0x00000000c3890000, 0x00000000c3aa0000)
 concurrent mark-sweep generation total 42368K, used 25257K [0x00000000d6e00000, 0x00000000d9760000, 0x0000000100000000)
 Metaspace       used 35960K, capacity 37272K, committed 37576K, reserved 1081344K
  class space    used 4452K, capacity 4736K, committed 4812K, reserved 1048576K
2022-08-07T09:29:54.120+0000: 9.934: [GC (Allocation Failure) 2022-08-07T09:29:54.120+0000: 9.935: [ParNew: 18218K->2032K(19008K), 0.0037509 secs] 43476K->27493K(61376K), 0.0045134 secs] [Times: user=0.01 sys=0.00, real=0.01 secs] 
Heap after GC invocations=139 (full 2):
 par new generation   total 19008K, used 2032K [0x00000000c2600000, 0x00000000c3aa0000, 0x00000000d6e00000)
  eden space 16896K,   0% used [0x00000000c2600000, 0x00000000c2600000, 0x00000000c3680000)
  from space 2112K,  96% used [0x00000000c3890000, 0x00000000c3a8c0c8, 0x00000000c3aa0000)
  to   space 2112K,   0% used [0x00000000c3680000, 0x00000000c3680000, 0x00000000c3890000)
 concurrent mark-sweep generation total 42368K, used 25461K [0x00000000d6e00000, 0x00000000d9760000, 0x0000000100000000)
 Metaspace       used 35960K, capacity 37272K, committed 37576K, reserved 1081344K
  class space    used 4452K, capacity 4736K, committed 4812K, reserved 1048576K
}
2022-08-07T09:29:54.125+0000: 9.939: Application time: 0.0001814 seconds
2022-08-07T09:29:54.125+0000: 9.940: [GC (CMS Initial Mark) [1 CMS-initial-mark: 25461K(42368K)] 27831K(61376K), 0.0018063 secs] [Times: user=0.01 sys=0.01, real=0.00 secs] 
2022-08-07T09:29:54.128+0000: 9.942: [CMS-concurrent-mark-start]
2022-08-07T09:29:54.162+0000: 9.976: Application time: 0.0340942 seconds
2022-08-07T09:29:54.171+0000: 9.986: Application time: 0.0085706 seconds
2022-08-07T09:29:54.201+0000: 10.015: [CMS-concurrent-mark: 0.069/0.073 secs] [Times: user=0.14 sys=0.03, real=0.07 secs] 
2022-08-07T09:29:54.201+0000: 10.016: [CMS-concurrent-preclean-start]
2022-08-07T09:29:54.205+0000: 10.019: [CMS-concurrent-preclean: 0.002/0.004 secs] [Times: user=0.00 sys=0.00, real=0.01 secs] 
2022-08-07T09:29:54.205+0000: 10.020: [CMS-concurrent-abortable-preclean-start]
2022-08-07T09:29:54.304+0000: 10.118: Application time: 0.1317849 seconds
{Heap before GC invocations=139 (full 3):
 par new generation   total 19008K, used 18928K [0x00000000c2600000, 0x00000000c3aa0000, 0x00000000d6e00000)
  eden space 16896K, 100% used [0x00000000c2600000, 0x00000000c3680000, 0x00000000c3680000)
  from space 2112K,  96% used [0x00000000c3890000, 0x00000000c3a8c0c8, 0x00000000c3aa0000)
  to   space 2112K,   0% used [0x00000000c3680000, 0x00000000c3680000, 0x00000000c3890000)
 concurrent mark-sweep generation total 42368K, used 25461K [0x00000000d6e00000, 0x00000000d9760000, 0x0000000100000000)
 Metaspace       used 36814K, capacity 38168K, committed 38472K, reserved 1083392K
  class space    used 4562K, capacity 4864K, committed 4940K, reserved 1048576K
2022-08-07T09:29:54.304+0000: 10.119: [GC (Allocation Failure) 2022-08-07T09:29:54.304+0000: 10.119: [ParNew: 18928K->1226K(19008K), 0.0050807 secs] 44389K->27354K(61376K), 0.0058697 secs] [Times: user=0.02 sys=0.00, real=0.00 secs] 
Heap after GC invocations=140 (full 3):
 par new generation   total 19008K, used 1226K [0x00000000c2600000, 0x00000000c3aa0000, 0x00000000d6e00000)
  eden space 16896K,   0% used [0x00000000c2600000, 0x00000000c2600000, 0x00000000c3680000)
  from space 2112K,  58% used [0x00000000c3680000, 0x00000000c37b2818, 0x00000000c3890000)
  to   space 2112K,   0% used [0x00000000c3890000, 0x00000000c3890000, 0x00000000c3aa0000)
 concurrent mark-sweep generation total 42368K, used 26128K [0x00000000d6e00000, 0x00000000d9760000, 0x0000000100000000)
 Metaspace       used 36814K, capacity 38168K, committed 38472K, reserved 1083392K
  class space    used 4562K, capacity 4864K, committed 4940K, reserved 1048576K
}
2022-08-07T09:29:54.470+0000: 10.284: Application time: 0.1593114 seconds
{Heap before GC invocations=140 (full 3):
 par new generation   total 19008K, used 18122K [0x00000000c2600000, 0x00000000c3aa0000, 0x00000000d6e00000)
  eden space 16896K, 100% used [0x00000000c2600000, 0x00000000c3680000, 0x00000000c3680000)
  from space 2112K,  58% used [0x00000000c3680000, 0x00000000c37b2818, 0x00000000c3890000)
  to   space 2112K,   0% used [0x00000000c3890000, 0x00000000c3890000, 0x00000000c3aa0000)
 concurrent mark-sweep generation total 42368K, used 26128K [0x00000000d6e00000, 0x00000000d9760000, 0x0000000100000000)
 Metaspace       used 37094K, capacity 38378K, committed 38728K, reserved 1083392K
  class space    used 4595K, capacity 4867K, committed 4940K, reserved 1048576K
2022-08-07T09:29:54.470+0000: 10.285: [GC (Allocation Failure) 2022-08-07T09:29:54.471+0000: 10.285: [ParNew: 18122K->683K(19008K), 0.0031685 secs] 44250K->26811K(61376K), 0.0037301 secs] [Times: user=0.01 sys=0.00, real=0.01 secs] 
Heap after GC invocations=141 (full 3):
 par new generation   total 19008K, used 683K [0x00000000c2600000, 0x00000000c3aa0000, 0x00000000d6e00000)
  eden space 16896K,   0% used [0x00000000c2600000, 0x00000000c2600000, 0x00000000c3680000)
  from space 2112K,  32% used [0x00000000c3890000, 0x00000000c393ae88, 0x00000000c3aa0000)
  to   space 2112K,   0% used [0x00000000c3680000, 0x00000000c3680000, 0x00000000c3890000)
 concurrent mark-sweep generation total 42368K, used 26128K [0x00000000d6e00000, 0x00000000d9760000, 0x0000000100000000)
 Metaspace       used 37094K, capacity 38378K, committed 38728K, reserved 1083392K
  class space    used 4595K, capacity 4867K, committed 4940K, reserved 1048576K
}
2022-08-07T09:29:54.535+0000: 10.350: Application time: 0.0603503 seconds
{Heap before GC invocations=141 (full 3):
 par new generation   total 19008K, used 17579K [0x00000000c2600000, 0x00000000c3aa0000, 0x00000000d6e00000)
  eden space 16896K, 100% used [0x00000000c2600000, 0x00000000c3680000, 0x00000000c3680000)
  from space 2112K,  32% used [0x00000000c3890000, 0x00000000c393ae88, 0x00000000c3aa0000)
  to   space 2112K,   0% used [0x00000000c3680000, 0x00000000c3680000, 0x00000000c3890000)
 concurrent mark-sweep generation total 42368K, used 26128K [0x00000000d6e00000, 0x00000000d9760000, 0x0000000100000000)
 Metaspace       used 37133K, capacity 38480K, committed 38728K, reserved 1083392K
  class space    used 4601K, capacity 4900K, committed 4940K, reserved 1048576K
2022-08-07T09:29:54.536+0000: 10.350: [GC (Allocation Failure) 2022-08-07T09:29:54.536+0000: 10.351: [ParNew: 17579K->649K(19008K), 0.0172115 secs] 43707K->26777K(61376K), 0.0179470 secs] [Times: user=0.02 sys=0.00, real=0.02 secs] 
Heap after GC invocations=142 (full 3):
 par new generation   total 19008K, used 649K [0x00000000c2600000, 0x00000000c3aa0000, 0x00000000d6e00000)
  eden space 16896K,   0% used [0x00000000c2600000, 0x00000000c2600000, 0x00000000c3680000)
  from space 2112K,  30% used [0x00000000c3680000, 0x00000000c3722540, 0x00000000c3890000)
  to   space 2112K,   0% used [0x00000000c3890000, 0x00000000c3890000, 0x00000000c3aa0000)
 concurrent mark-sweep generation total 42368K, used 26128K [0x00000000d6e00000, 0x00000000d9760000, 0x0000000100000000)
 Metaspace       used 37133K, capacity 38480K, committed 38728K, reserved 1083392K
  class space    used 4601K, capacity 4900K, committed 4940K, reserved 1048576K
}
2022-08-07T09:29:54.555+0000: 10.369: [CMS-concurrent-abortable-preclean: 0.079/0.349 secs] [Times: user=0.70 sys=0.15, real=0.35 secs] 
2022-08-07T09:29:54.556+0000: 10.371: Application time: 0.0017179 seconds
2022-08-07T09:29:54.561+0000: 10.375: [GC (CMS Final Remark) [YG occupancy: 1662 K (19008 K)]2022-08-07T09:29:54.561+0000: 10.376: [Rescan (parallel) , 0.0088987 secs]2022-08-07T09:29:54.570+0000: 10.385: [weak refs processing, 0.0035737 secs]2022-08-07T09:29:54.574+0000: 10.389: [class unloading, 0.0093336 secs]2022-08-07T09:29:54.584+0000: 10.399: [scrub symbol table, 0.0076946 secs]2022-08-07T09:29:54.593+0000: 10.407: [scrub string table, 0.0009835 secs][1 CMS-remark: 26128K(42368K)] 27790K(61376K), 0.0361747 secs] [Times: user=0.07 sys=0.00, real=0.04 secs] 
2022-08-07T09:29:54.602+0000: 10.417: [CMS-concurrent-sweep-start]
2022-08-07T09:29:54.623+0000: 10.438: [CMS-concurrent-sweep: 0.021/0.021 secs] [Times: user=0.05 sys=0.01, real=0.03 secs] 
2022-08-07T09:29:54.624+0000: 10.438: [CMS-concurrent-reset-start]
2022-08-07T09:29:54.628+0000: 10.443: [CMS-concurrent-reset: 0.005/0.005 secs] [Times: user=0.01 sys=0.00, real=0.00 secs] 
2022-08-07T09:29:54.640+0000: 10.454: Application time: 0.0418103 seconds
{Heap before GC invocations=142 (full 3):
 par new generation   total 19008K, used 17545K [0x00000000c2600000, 0x00000000c3aa0000, 0x00000000d6e00000)
  eden space 16896K, 100% used [0x00000000c2600000, 0x00000000c3680000, 0x00000000c3680000)
  from space 2112K,  30% used [0x00000000c3680000, 0x00000000c3722540, 0x00000000c3890000)
  to   space 2112K,   0% used [0x00000000c3890000, 0x00000000c3890000, 0x00000000c3aa0000)
 concurrent mark-sweep generation total 42988K, used 25791K [0x00000000d6e00000, 0x00000000d97fb000, 0x0000000100000000)
 Metaspace       used 37177K, capacity 38490K, committed 38728K, reserved 1083392K
  class space    used 4608K, capacity 4891K, committed 4940K, reserved 1048576K
2022-08-07T09:29:54.640+0000: 10.454: [GC (Allocation Failure) 2022-08-07T09:29:54.640+0000: 10.455: [ParNew: 17545K->993K(19008K), 0.0020968 secs] 43337K->26784K(61996K), 0.0028231 secs] [Times: user=0.01 sys=0.00, real=0.00 secs] 
Heap after GC invocations=143 (full 3):
 par new generation   total 19008K, used 993K [0x00000000c2600000, 0x00000000c3aa0000, 0x00000000d6e00000)
  eden space 16896K,   0% used [0x00000000c2600000, 0x00000000c2600000, 0x00000000c3680000)
  from space 2112K,  47% used [0x00000000c3890000, 0x00000000c3988418, 0x00000000c3aa0000)
  to   space 2112K,   0% used [0x00000000c3680000, 0x00000000c3680000, 0x00000000c3890000)
 concurrent mark-sweep generation total 42988K, used 25791K [0x00000000d6e00000, 0x00000000d97fb000, 0x0000000100000000)
 Metaspace       used 37177K, capacity 38490K, committed 38728K, reserved 1083392K
  class space    used 4608K, capacity 4891K, committed 4940K, reserved 1048576K
}
2022-08-07T09:29:54.719+0000: 10.534: Application time: 0.0763483 seconds
{Heap before GC invocations=143 (full 3):
 par new generation   total 19008K, used 17889K [0x00000000c2600000, 0x00000000c3aa0000, 0x00000000d6e00000)
  eden space 16896K, 100% used [0x00000000c2600000, 0x00000000c3680000, 0x00000000c3680000)
  from space 2112K,  47% used [0x00000000c3890000, 0x00000000c3988418, 0x00000000c3aa0000)
  to   space 2112K,   0% used [0x00000000c3680000, 0x00000000c3680000, 0x00000000c3890000)
 concurrent mark-sweep generation total 42988K, used 25791K [0x00000000d6e00000, 0x00000000d97fb000, 0x0000000100000000)
 Metaspace       used 37219K, capacity 38496K, committed 38728K, reserved 1083392K
  class space    used 4611K, capacity 4892K, committed 4940K, reserved 1048576K
2022-08-07T09:29:54.720+0000: 10.535: [GC (Allocation Failure) 2022-08-07T09:29:54.721+0000: 10.535: [ParNew: 17889K->1012K(19008K), 0.0039685 secs] 43680K->26804K(61996K), 0.0045327 secs] [Times: user=0.01 sys=0.00, real=0.01 secs] 
Heap after GC invocations=144 (full 3):
 par new generation   total 19008K, used 1012K [0x00000000c2600000, 0x00000000c3aa0000, 0x00000000d6e00000)
  eden space 16896K,   0% used [0x00000000c2600000, 0x00000000c2600000, 0x00000000c3680000)
  from space 2112K,  47% used [0x00000000c3680000, 0x00000000c377d138, 0x00000000c3890000)
  to   space 2112K,   0% used [0x00000000c3890000, 0x00000000c3890000, 0x00000000c3aa0000)
 concurrent mark-sweep generation total 42988K, used 25791K [0x00000000d6e00000, 0x00000000d97fb000, 0x0000000100000000)
 Metaspace       used 37219K, capacity 38496K, committed 38728K, reserved 1083392K
  class space    used 4611K, capacity 4892K, committed 4940K, reserved 1048576K
}
2022-08-07T09:29:54.815+0000: 10.630: Application time: 0.0899297 seconds
{Heap before GC invocations=144 (full 3):
 par new generation   total 19008K, used 17908K [0x00000000c2600000, 0x00000000c3aa0000, 0x00000000d6e00000)
  eden space 16896K,  99% used [0x00000000c2600000, 0x00000000c367ff98, 0x00000000c3680000)
  from space 2112K,  47% used [0x00000000c3680000, 0x00000000c377d138, 0x00000000c3890000)
  to   space 2112K,   0% used [0x00000000c3890000, 0x00000000c3890000, 0x00000000c3aa0000)
 concurrent mark-sweep generation total 42988K, used 25791K [0x00000000d6e00000, 0x00000000d97fb000, 0x0000000100000000)
 Metaspace       used 37275K, capacity 38560K, committed 38984K, reserved 1083392K
  class space    used 4617K, capacity 4892K, committed 4940K, reserved 1048576K
2022-08-07T09:29:54.816+0000: 10.631: [GC (Allocation Failure) 2022-08-07T09:29:54.817+0000: 10.631: [ParNew: 17908K->1027K(19008K), 0.0034257 secs] 43700K->26819K(61996K), 0.0042548 secs] [Times: user=0.00 sys=0.00, real=0.00 secs] 
Heap after GC invocations=145 (full 3):
 par new generation   total 19008K, used 1027K [0x00000000c2600000, 0x00000000c3aa0000, 0x00000000d6e00000)
  eden space 16896K,   0% used [0x00000000c2600000, 0x00000000c2600000, 0x00000000c3680000)
  from space 2112K,  48% used [0x00000000c3890000, 0x00000000c3990d80, 0x00000000c3aa0000)
  to   space 2112K,   0% used [0x00000000c3680000, 0x00000000c3680000, 0x00000000c3890000)
 concurrent mark-sweep generation total 42988K, used 25791K [0x00000000d6e00000, 0x00000000d97fb000, 0x0000000100000000)
 Metaspace       used 37275K, capacity 38560K, committed 38984K, reserved 1083392K
  class space    used 4617K, capacity 4892K, committed 4940K, reserved 1048576K
}
2022-08-07T09:29:54.854+0000: 10.669: Application time: 0.0330102 seconds
{Heap before GC invocations=145 (full 3):
 par new generation   total 19008K, used 17923K [0x00000000c2600000, 0x00000000c3aa0000, 0x00000000d6e00000)
  eden space 16896K, 100% used [0x00000000c2600000, 0x00000000c3680000, 0x00000000c3680000)
  from space 2112K,  48% used [0x00000000c3890000, 0x00000000c3990d80, 0x00000000c3aa0000)
  to   space 2112K,   0% used [0x00000000c3680000, 0x00000000c3680000, 0x00000000c3890000)
 concurrent mark-sweep generation total 42988K, used 25791K [0x00000000d6e00000, 0x00000000d97fb000, 0x0000000100000000)
 Metaspace       used 37290K, capacity 38560K, committed 38984K, reserved 1083392K
  class space    used 4618K, capacity 4892K, committed 4940K, reserved 1048576K
2022-08-07T09:29:54.855+0000: 10.669: [GC (Allocation Failure) 2022-08-07T09:29:54.855+0000: 10.670: [ParNew: 17923K->1211K(19008K), 0.0025500 secs] 43715K->27003K(61996K), 0.0032766 secs] [Times: user=0.00 sys=0.00, real=0.00 secs] 
Heap after GC invocations=146 (full 3):
 par new generation   total 19008K, used 1211K [0x00000000c2600000, 0x00000000c3aa0000, 0x00000000d6e00000)
  eden space 16896K,   0% used [0x00000000c2600000, 0x00000000c2600000, 0x00000000c3680000)
  from space 2112K,  57% used [0x00000000c3680000, 0x00000000c37aed70, 0x00000000c3890000)
  to   space 2112K,   0% used [0x00000000c3890000, 0x00000000c3890000, 0x00000000c3aa0000)
 concurrent mark-sweep generation total 42988K, used 25791K [0x00000000d6e00000, 0x00000000d97fb000, 0x0000000100000000)
 Metaspace       used 37290K, capacity 38560K, committed 38984K, reserved 1083392K
  class space    used 4618K, capacity 4892K, committed 4940K, reserved 1048576K
}
2022-08-07T09:29:54.911+0000: 10.725: Application time: 0.0519382 seconds
{Heap before GC invocations=146 (full 3):
 par new generation   total 19008K, used 18107K [0x00000000c2600000, 0x00000000c3aa0000, 0x00000000d6e00000)
  eden space 16896K, 100% used [0x00000000c2600000, 0x00000000c3680000, 0x00000000c3680000)
  from space 2112K,  57% used [0x00000000c3680000, 0x00000000c37aed70, 0x00000000c3890000)
  to   space 2112K,   0% used [0x00000000c3890000, 0x00000000c3890000, 0x00000000c3aa0000)
 concurrent mark-sweep generation total 42988K, used 25791K [0x00000000d6e00000, 0x00000000d97fb000, 0x0000000100000000)
 Metaspace       used 37393K, capacity 38666K, committed 39112K, reserved 1083392K
  class space    used 4632K, capacity 4925K, committed 5068K, reserved 1048576K
2022-08-07T09:29:54.918+0000: 10.732: [GC (Allocation Failure) 2022-08-07T09:29:54.918+0000: 10.733: [ParNew: 18107K->1345K(19008K), 0.0023407 secs] 43899K->27136K(61996K), 0.0029237 secs] [Times: user=0.01 sys=0.01, real=0.00 secs] 
Heap after GC invocations=147 (full 3):
 par new generation   total 19008K, used 1345K [0x00000000c2600000, 0x00000000c3aa0000, 0x00000000d6e00000)
  eden space 16896K,   0% used [0x00000000c2600000, 0x00000000c2600000, 0x00000000c3680000)
  from space 2112K,  63% used [0x00000000c3890000, 0x00000000c39e0478, 0x00000000c3aa0000)
  to   space 2112K,   0% used [0x00000000c3680000, 0x00000000c3680000, 0x00000000c3890000)
 concurrent mark-sweep generation total 42988K, used 25791K [0x00000000d6e00000, 0x00000000d97fb000, 0x0000000100000000)
 Metaspace       used 37393K, capacity 38666K, committed 39112K, reserved 1083392K
  class space    used 4632K, capacity 4925K, committed 5068K, reserved 1048576K
}
2022-08-07T09:29:54.965+0000: 10.780: Application time: 0.0438245 seconds
{Heap before GC invocations=147 (full 3):
 par new generation   total 19008K, used 18241K [0x00000000c2600000, 0x00000000c3aa0000, 0x00000000d6e00000)
  eden space 16896K, 100% used [0x00000000c2600000, 0x00000000c3680000, 0x00000000c3680000)
  from space 2112K,  63% used [0x00000000c3890000, 0x00000000c39e0478, 0x00000000c3aa0000)
  to   space 2112K,   0% used [0x00000000c3680000, 0x00000000c3680000, 0x00000000c3890000)
 concurrent mark-sweep generation total 42988K, used 25791K [0x00000000d6e00000, 0x00000000d97fb000, 0x0000000100000000)
 Metaspace       used 37421K, capacity 38730K, committed 39112K, reserved 1083392K
  class space    used 4634K, capacity 4925K, committed 5068K, reserved 1048576K
2022-08-07T09:29:54.966+0000: 10.781: [GC (Allocation Failure) 2022-08-07T09:29:54.966+0000: 10.781: [ParNew: 18241K->1165K(19008K), 0.0025900 secs] 44032K->27102K(61996K), 0.0032983 secs] [Times: user=0.01 sys=0.01, real=0.00 secs] 
Heap after GC invocations=148 (full 3):
 par new generation   total 19008K, used 1165K [0x00000000c2600000, 0x00000000c3aa0000, 0x00000000d6e00000)
  eden space 16896K,   0% used [0x00000000c2600000, 0x00000000c2600000, 0x00000000c3680000)
  from space 2112K,  55% used [0x00000000c3680000, 0x00000000c37a3520, 0x00000000c3890000)
  to   space 2112K,   0% used [0x00000000c3890000, 0x00000000c3890000, 0x00000000c3aa0000)
 concurrent mark-sweep generation total 42988K, used 25937K [0x00000000d6e00000, 0x00000000d97fb000, 0x0000000100000000)
 Metaspace       used 37421K, capacity 38730K, committed 39112K, reserved 1083392K
  class space    used 4634K, capacity 4925K, committed 5068K, reserved 1048576K
}
2022-08-07T09:29:54.970+0000: 10.785: Application time: 0.0002783 seconds
2022-08-07T09:29:54.971+0000: 10.785: [GC (CMS Initial Mark) [1 CMS-initial-mark: 25937K(42988K)] 27440K(61996K), 0.0026840 secs] [Times: user=0.00 sys=0.00, real=0.01 secs] 
2022-08-07T09:29:54.974+0000: 10.788: [CMS-concurrent-mark-start]
2022-08-07T09:29:55.018+0000: 10.833: [CMS-concurrent-mark: 0.044/0.044 secs] [Times: user=0.16 sys=0.01, real=0.04 secs] 
2022-08-07T09:29:55.019+0000: 10.833: [CMS-concurrent-preclean-start]
2022-08-07T09:29:55.023+0000: 10.837: [CMS-concurrent-preclean: 0.003/0.004 secs] [Times: user=0.01 sys=0.00, real=0.00 secs] 
2022-08-07T09:29:55.023+0000: 10.838: [CMS-concurrent-abortable-preclean-start]
2022-08-07T09:29:55.037+0000: 10.851: Application time: 0.0628088 seconds
{Heap before GC invocations=148 (full 4):
 par new generation   total 19008K, used 18061K [0x00000000c2600000, 0x00000000c3aa0000, 0x00000000d6e00000)
  eden space 16896K, 100% used [0x00000000c2600000, 0x00000000c3680000, 0x00000000c3680000)
  from space 2112K,  55% used [0x00000000c3680000, 0x00000000c37a3520, 0x00000000c3890000)
  to   space 2112K,   0% used [0x00000000c3890000, 0x00000000c3890000, 0x00000000c3aa0000)
 concurrent mark-sweep generation total 42988K, used 25937K [0x00000000d6e00000, 0x00000000d97fb000, 0x0000000100000000)
 Metaspace       used 37775K, capacity 39024K, committed 39368K, reserved 1083392K
  class space    used 4669K, capacity 4958K, committed 5068K, reserved 1048576K
2022-08-07T09:29:55.037+0000: 10.851: [GC (Allocation Failure) 2022-08-07T09:29:55.037+0000: 10.852: [ParNew: 18061K->1492K(19008K), 0.0047201 secs] 43998K->27526K(61996K), 0.0055775 secs] [Times: user=0.02 sys=0.00, real=0.00 secs] 
Heap after GC invocations=149 (full 4):
 par new generation   total 19008K, used 1492K [0x00000000c2600000, 0x00000000c3aa0000, 0x00000000d6e00000)
  eden space 16896K,   0% used [0x00000000c2600000, 0x00000000c2600000, 0x00000000c3680000)
  from space 2112K,  70% used [0x00000000c3890000, 0x00000000c3a05220, 0x00000000c3aa0000)
  to   space 2112K,   0% used [0x00000000c3680000, 0x00000000c3680000, 0x00000000c3890000)
 concurrent mark-sweep generation total 42988K, used 26033K [0x00000000d6e00000, 0x00000000d97fb000, 0x0000000100000000)
 Metaspace       used 37775K, capacity 39024K, committed 39368K, reserved 1083392K
  class space    used 4669K, capacity 4958K, committed 5068K, reserved 1048576K
}
2022-08-07T09:29:55.076+0000: 10.891: Application time: 0.0328963 seconds
{Heap before GC invocations=149 (full 4):
 par new generation   total 19008K, used 18388K [0x00000000c2600000, 0x00000000c3aa0000, 0x00000000d6e00000)
  eden space 16896K, 100% used [0x00000000c2600000, 0x00000000c3680000, 0x00000000c3680000)
  from space 2112K,  70% used [0x00000000c3890000, 0x00000000c3a05220, 0x00000000c3aa0000)
  to   space 2112K,   0% used [0x00000000c3680000, 0x00000000c3680000, 0x00000000c3890000)
 concurrent mark-sweep generation total 42988K, used 26033K [0x00000000d6e00000, 0x00000000d97fb000, 0x0000000100000000)
 Metaspace       used 37789K, capacity 39030K, committed 39368K, reserved 1083392K
  class space    used 4670K, capacity 4959K, committed 5068K, reserved 1048576K
2022-08-07T09:29:55.077+0000: 10.891: [GC (Allocation Failure) 2022-08-07T09:29:55.077+0000: 10.892: [ParNew: 18388K->1401K(19008K), 0.0039912 secs] 44422K->27632K(61996K), 0.0047191 secs] [Times: user=0.01 sys=0.00, real=0.00 secs] 
Heap after GC invocations=150 (full 4):
 par new generation   total 19008K, used 1401K [0x00000000c2600000, 0x00000000c3aa0000, 0x00000000d6e00000)
  eden space 16896K,   0% used [0x00000000c2600000, 0x00000000c2600000, 0x00000000c3680000)
  from space 2112K,  66% used [0x00000000c3680000, 0x00000000c37de4c0, 0x00000000c3890000)
  to   space 2112K,   0% used [0x00000000c3890000, 0x00000000c3890000, 0x00000000c3aa0000)
 concurrent mark-sweep generation total 42988K, used 26231K [0x00000000d6e00000, 0x00000000d97fb000, 0x0000000100000000)
 Metaspace       used 37789K, capacity 39030K, committed 39368K, reserved 1083392K
  class space    used 4670K, capacity 4959K, committed 5068K, reserved 1048576K
}
2022-08-07T09:29:55.083+0000: 10.897: [CMS-concurrent-abortable-preclean: 0.032/0.059 secs] [Times: user=0.19 sys=0.03, real=0.05 secs] 
2022-08-07T09:29:55.083+0000: 10.898: Application time: 0.0008649 seconds
2022-08-07T09:29:55.083+0000: 10.898: [GC (CMS Final Remark) [YG occupancy: 2077 K (19008 K)]2022-08-07T09:29:55.084+0000: 10.898: [Rescan (parallel) , 0.0028649 secs]2022-08-07T09:29:55.087+0000: 10.901: [weak refs processing, 0.0028993 secs]2022-08-07T09:29:55.090+0000: 10.905: [class unloading, 0.0110597 secs]2022-08-07T09:29:55.102+0000: 10.916: [scrub symbol table, 0.0066282 secs]2022-08-07T09:29:55.109+0000: 10.923: [scrub string table, 0.0007257 secs][1 CMS-remark: 26231K(42988K)] 28308K(61996K), 0.0262390 secs] [Times: user=0.06 sys=0.01, real=0.02 secs] 
2022-08-07T09:29:55.111+0000: 10.925: [CMS-concurrent-sweep-start]
2022-08-07T09:29:55.122+0000: 10.937: [CMS-concurrent-sweep: 0.012/0.012 secs] [Times: user=0.04 sys=0.00, real=0.01 secs] 
2022-08-07T09:29:55.123+0000: 10.937: [CMS-concurrent-reset-start]
2022-08-07T09:29:55.123+0000: 10.938: [CMS-concurrent-reset: 0.001/0.001 secs] [Times: user=0.00 sys=0.00, real=0.01 secs] 
2022-08-07T09:29:55.169+0000: 10.984: Application time: 0.0592265 seconds
{Heap before GC invocations=150 (full 4):
 par new generation   total 19008K, used 18297K [0x00000000c2600000, 0x00000000c3aa0000, 0x00000000d6e00000)
  eden space 16896K, 100% used [0x00000000c2600000, 0x00000000c3680000, 0x00000000c3680000)
  from space 2112K,  66% used [0x00000000c3680000, 0x00000000c37de4c0, 0x00000000c3890000)
  to   space 2112K,   0% used [0x00000000c3890000, 0x00000000c3890000, 0x00000000c3aa0000)
 concurrent mark-sweep generation total 43352K, used 26010K [0x00000000d6e00000, 0x00000000d9856000, 0x0000000100000000)
 Metaspace       used 37784K, capacity 39024K, committed 39368K, reserved 1083392K
  class space    used 4665K, capacity 4946K, committed 5068K, reserved 1048576K
2022-08-07T09:29:55.170+0000: 10.984: [GC (Allocation Failure) 2022-08-07T09:29:55.170+0000: 10.985: [ParNew: 18297K->1404K(19008K), 0.0049451 secs] 44307K->27488K(62360K), 0.0056747 secs] [Times: user=0.02 sys=0.00, real=0.01 secs] 
Heap after GC invocations=151 (full 4):
 par new generation   total 19008K, used 1404K [0x00000000c2600000, 0x00000000c3aa0000, 0x00000000d6e00000)
  eden space 16896K,   0% used [0x00000000c2600000, 0x00000000c2600000, 0x00000000c3680000)
  from space 2112K,  66% used [0x00000000c3890000, 0x00000000c39ef330, 0x00000000c3aa0000)
  to   space 2112K,   0% used [0x00000000c3680000, 0x00000000c3680000, 0x00000000c3890000)
 concurrent mark-sweep generation total 43352K, used 26083K [0x00000000d6e00000, 0x00000000d9856000, 0x0000000100000000)
 Metaspace       used 37784K, capacity 39024K, committed 39368K, reserved 1083392K
  class space    used 4665K, capacity 4946K, committed 5068K, reserved 1048576K
}
2022-08-07T09:29:55.176+0000: 10.991: Application time: 0.0003665 seconds
2022-08-07T09:29:55.177+0000: 10.991: [GC (CMS Initial Mark) [1 CMS-initial-mark: 26083K(43352K)] 27826K(62360K), 0.0020949 secs] [Times: user=0.01 sys=0.00, real=0.00 secs] 
2022-08-07T09:29:55.179+0000: 10.994: [CMS-concurrent-mark-start]
2022-08-07T09:29:55.220+0000: 11.034: Application time: 0.0403059 seconds
{Heap before GC invocations=151 (full 5):
 par new generation   total 19008K, used 18300K [0x00000000c2600000, 0x00000000c3aa0000, 0x00000000d6e00000)
  eden space 16896K, 100% used [0x00000000c2600000, 0x00000000c3680000, 0x00000000c3680000)
  from space 2112K,  66% used [0x00000000c3890000, 0x00000000c39ef330, 0x00000000c3aa0000)
  to   space 2112K,   0% used [0x00000000c3680000, 0x00000000c3680000, 0x00000000c3890000)
 concurrent mark-sweep generation total 43352K, used 26083K [0x00000000d6e00000, 0x00000000d9856000, 0x0000000100000000)
 Metaspace       used 37832K, capacity 39156K, committed 39624K, reserved 1083392K
  class space    used 4670K, capacity 4946K, committed 5068K, reserved 1048576K
2022-08-07T09:29:55.220+0000: 11.034: [GC (Allocation Failure) 2022-08-07T09:29:55.220+0000: 11.035: [ParNew: 18300K->1617K(19008K), 0.0040254 secs] 44384K->27780K(62360K), 0.0047912 secs] [Times: user=0.02 sys=0.00, real=0.01 secs] 
Heap after GC invocations=152 (full 5):
 par new generation   total 19008K, used 1617K [0x00000000c2600000, 0x00000000c3aa0000, 0x00000000d6e00000)
  eden space 16896K,   0% used [0x00000000c2600000, 0x00000000c2600000, 0x00000000c3680000)
  from space 2112K,  76% used [0x00000000c3680000, 0x00000000c3814598, 0x00000000c3890000)
  to   space 2112K,   0% used [0x00000000c3890000, 0x00000000c3890000, 0x00000000c3aa0000)
 concurrent mark-sweep generation total 43352K, used 26163K [0x00000000d6e00000, 0x00000000d9856000, 0x0000000100000000)
 Metaspace       used 37832K, capacity 39156K, committed 39624K, reserved 1083392K
  class space    used 4670K, capacity 4946K, committed 5068K, reserved 1048576K
}
2022-08-07T09:29:55.241+0000: 11.056: [CMS-concurrent-mark: 0.056/0.062 secs] [Times: user=0.21 sys=0.02, real=0.06 secs] 
2022-08-07T09:29:55.242+0000: 11.056: [CMS-concurrent-preclean-start]
2022-08-07T09:29:55.262+0000: 11.076: [CMS-concurrent-preclean: 0.011/0.020 secs] [Times: user=0.06 sys=0.02, real=0.02 secs] 
2022-08-07T09:29:55.262+0000: 11.077: [CMS-concurrent-abortable-preclean-start]
2022-08-07T09:29:55.287+0000: 11.102: Application time: 0.0621987 seconds
{Heap before GC invocations=152 (full 5):
 par new generation   total 19008K, used 18513K [0x00000000c2600000, 0x00000000c3aa0000, 0x00000000d6e00000)
  eden space 16896K, 100% used [0x00000000c2600000, 0x00000000c3680000, 0x00000000c3680000)
  from space 2112K,  76% used [0x00000000c3680000, 0x00000000c3814598, 0x00000000c3890000)
  to   space 2112K,   0% used [0x00000000c3890000, 0x00000000c3890000, 0x00000000c3aa0000)
 concurrent mark-sweep generation total 43352K, used 26163K [0x00000000d6e00000, 0x00000000d9856000, 0x0000000100000000)
 Metaspace       used 37872K, capacity 39164K, committed 39624K, reserved 1083392K
  class space    used 4673K, capacity 4946K, committed 5068K, reserved 1048576K
2022-08-07T09:29:55.288+0000: 11.102: [GC (Allocation Failure) 2022-08-07T09:29:55.288+0000: 11.103: [ParNew: 18513K->1628K(19008K), 0.0072286 secs] 44676K->27853K(62360K), 0.0080012 secs] [Times: user=0.01 sys=0.00, real=0.01 secs] 
Heap after GC invocations=153 (full 5):
 par new generation   total 19008K, used 1628K [0x00000000c2600000, 0x00000000c3aa0000, 0x00000000d6e00000)
  eden space 16896K,   0% used [0x00000000c2600000, 0x00000000c2600000, 0x00000000c3680000)
  from space 2112K,  77% used [0x00000000c3890000, 0x00000000c3a270d0, 0x00000000c3aa0000)
  to   space 2112K,   0% used [0x00000000c3680000, 0x00000000c3680000, 0x00000000c3890000)
 concurrent mark-sweep generation total 43352K, used 26224K [0x00000000d6e00000, 0x00000000d9856000, 0x0000000100000000)
 Metaspace       used 37872K, capacity 39164K, committed 39624K, reserved 1083392K
  class space    used 4673K, capacity 4946K, committed 5068K, reserved 1048576K
}
2022-08-07T09:29:55.323+0000: 11.137: [CMS-concurrent-abortable-preclean: 0.040/0.061 secs] [Times: user=0.13 sys=0.04, real=0.06 secs] 
2022-08-07T09:29:55.324+0000: 11.139: Application time: 0.0281291 seconds
2022-08-07T09:29:55.329+0000: 11.144: [GC (CMS Final Remark) [YG occupancy: 12445 K (19008 K)]2022-08-07T09:29:55.330+0000: 11.144: [Rescan (parallel) , 0.0111527 secs]2022-08-07T09:29:55.341+0000: 11.156: [weak refs processing, 0.0003806 secs]2022-08-07T09:29:55.342+0000: 11.157: [class unloading, 0.0093314 secs]2022-08-07T09:29:55.352+0000: 11.166: [scrub symbol table, 0.0062650 secs]2022-08-07T09:29:55.359+0000: 11.173: [scrub string table, 0.0008677 secs][1 CMS-remark: 26224K(43352K)] 38669K(62360K), 0.0306514 secs] [Times: user=0.05 sys=0.00, real=0.03 secs] 
2022-08-07T09:29:55.361+0000: 11.175: [CMS-concurrent-sweep-start]
2022-08-07T09:29:55.374+0000: 11.188: [CMS-concurrent-sweep: 0.013/0.013 secs] [Times: user=0.03 sys=0.00, real=0.02 secs] 
2022-08-07T09:29:55.374+0000: 11.189: [CMS-concurrent-reset-start]
2022-08-07T09:29:55.375+0000: 11.189: [CMS-concurrent-reset: 0.001/0.001 secs] [Times: user=0.00 sys=0.00, real=0.00 secs] 
2022-08-07T09:29:55.376+0000: 11.190: Application time: 0.0153919 seconds
{Heap before GC invocations=153 (full 5):
 par new generation   total 19008K, used 18524K [0x00000000c2600000, 0x00000000c3aa0000, 0x00000000d6e00000)
  eden space 16896K, 100% used [0x00000000c2600000, 0x00000000c3680000, 0x00000000c3680000)
  from space 2112K,  77% used [0x00000000c3890000, 0x00000000c3a270d0, 0x00000000c3aa0000)
  to   space 2112K,   0% used [0x00000000c3680000, 0x00000000c3680000, 0x00000000c3890000)
 concurrent mark-sweep generation total 43668K, used 26199K [0x00000000d6e00000, 0x00000000d98a5000, 0x0000000100000000)
 Metaspace       used 37896K, capacity 39166K, committed 39624K, reserved 1083392K
  class space    used 4676K, capacity 4947K, committed 5068K, reserved 1048576K
2022-08-07T09:29:55.376+0000: 11.191: [GC (Allocation Failure) 2022-08-07T09:29:55.377+0000: 11.191: [ParNew: 18524K->1206K(19008K), 0.0039755 secs] 44723K->27658K(62676K), 0.0046459 secs] [Times: user=0.01 sys=0.00, real=0.00 secs] 
Heap after GC invocations=154 (full 5):
 par new generation   total 19008K, used 1206K [0x00000000c2600000, 0x00000000c3aa0000, 0x00000000d6e00000)
  eden space 16896K,   0% used [0x00000000c2600000, 0x00000000c2600000, 0x00000000c3680000)
  from space 2112K,  57% used [0x00000000c3680000, 0x00000000c37ada20, 0x00000000c3890000)
  to   space 2112K,   0% used [0x00000000c3890000, 0x00000000c3890000, 0x00000000c3aa0000)
 concurrent mark-sweep generation total 43668K, used 26452K [0x00000000d6e00000, 0x00000000d98a5000, 0x0000000100000000)
 Metaspace       used 37896K, capacity 39166K, committed 39624K, reserved 1083392K
  class space    used 4676K, capacity 4947K, committed 5068K, reserved 1048576K
}
2022-08-07T09:29:55.382+0000: 11.196: Application time: 0.0002413 seconds
2022-08-07T09:29:55.386+0000: 11.201: [GC (CMS Initial Mark) [1 CMS-initial-mark: 26452K(43668K)] 27996K(62676K), 0.0015934 secs] [Times: user=0.00 sys=0.00, real=0.00 secs] 
2022-08-07T09:29:55.389+0000: 11.203: [CMS-concurrent-mark-start]
2022-08-07T09:29:55.409+0000: 11.224: Application time: 0.0205192 seconds
{Heap before GC invocations=154 (full 6):
 par new generation   total 19008K, used 18102K [0x00000000c2600000, 0x00000000c3aa0000, 0x00000000d6e00000)
  eden space 16896K, 100% used [0x00000000c2600000, 0x00000000c3680000, 0x00000000c3680000)
  from space 2112K,  57% used [0x00000000c3680000, 0x00000000c37ada20, 0x00000000c3890000)
  to   space 2112K,   0% used [0x00000000c3890000, 0x00000000c3890000, 0x00000000c3aa0000)
 concurrent mark-sweep generation total 43668K, used 26452K [0x00000000d6e00000, 0x00000000d98a5000, 0x0000000100000000)
 Metaspace       used 37897K, capacity 39166K, committed 39624K, reserved 1083392K
  class space    used 4676K, capacity 4947K, committed 5068K, reserved 1048576K
2022-08-07T09:29:55.409+0000: 11.224: [GC (Allocation Failure) 2022-08-07T09:29:55.410+0000: 11.224: [ParNew: 18102K->1292K(19008K), 0.0044072 secs] 44554K->27744K(62676K), 0.0052380 secs] [Times: user=0.01 sys=0.00, real=0.01 secs] 
Heap after GC invocations=155 (full 6):
 par new generation   total 19008K, used 1292K [0x00000000c2600000, 0x00000000c3aa0000, 0x00000000d6e00000)
  eden space 16896K,   0% used [0x00000000c2600000, 0x00000000c2600000, 0x00000000c3680000)
  from space 2112K,  61% used [0x00000000c3890000, 0x00000000c39d30c0, 0x00000000c3aa0000)
  to   space 2112K,   0% used [0x00000000c3680000, 0x00000000c3680000, 0x00000000c3890000)
 concurrent mark-sweep generation total 43668K, used 26452K [0x00000000d6e00000, 0x00000000d98a5000, 0x0000000100000000)
 Metaspace       used 37897K, capacity 39166K, committed 39624K, reserved 1083392K
  class space    used 4676K, capacity 4947K, committed 5068K, reserved 1048576K
}
2022-08-07T09:29:55.467+0000: 11.281: Application time: 0.0511524 seconds
{Heap before GC invocations=155 (full 6):
 par new generation   total 19008K, used 18188K [0x00000000c2600000, 0x00000000c3aa0000, 0x00000000d6e00000)
  eden space 16896K, 100% used [0x00000000c2600000, 0x00000000c3680000, 0x00000000c3680000)
  from space 2112K,  61% used [0x00000000c3890000, 0x00000000c39d30c0, 0x00000000c3aa0000)
  to   space 2112K,   0% used [0x00000000c3680000, 0x00000000c3680000, 0x00000000c3890000)
 concurrent mark-sweep generation total 43668K, used 26452K [0x00000000d6e00000, 0x00000000d98a5000, 0x0000000100000000)
 Metaspace       used 37924K, capacity 39234K, committed 39624K, reserved 1083392K
  class space    used 4677K, capacity 4947K, committed 5068K, reserved 1048576K
2022-08-07T09:29:55.467+0000: 11.282: [GC (Allocation Failure) 2022-08-07T09:29:55.468+0000: 11.282: [ParNew: 18188K->1762K(19008K), 0.0160605 secs] 44640K->28214K(62676K), 0.0169322 secs] [Times: user=0.02 sys=0.00, real=0.02 secs] 
Heap after GC invocations=156 (full 6):
 par new generation   total 19008K, used 1762K [0x00000000c2600000, 0x00000000c3aa0000, 0x00000000d6e00000)
  eden space 16896K,   0% used [0x00000000c2600000, 0x00000000c2600000, 0x00000000c3680000)
  from space 2112K,  83% used [0x00000000c3680000, 0x00000000c3838ba8, 0x00000000c3890000)
  to   space 2112K,   0% used [0x00000000c3890000, 0x00000000c3890000, 0x00000000c3aa0000)
 concurrent mark-sweep generation total 43668K, used 26452K [0x00000000d6e00000, 0x00000000d98a5000, 0x0000000100000000)
 Metaspace       used 37924K, capacity 39234K, committed 39624K, reserved 1083392K
  class space    used 4677K, capacity 4947K, committed 5068K, reserved 1048576K
}
2022-08-07T09:29:55.508+0000: 11.323: [CMS-concurrent-mark: 0.088/0.120 secs] [Times: user=0.29 sys=0.04, real=0.12 secs] 
2022-08-07T09:29:55.510+0000: 11.324: [CMS-concurrent-preclean-start]
2022-08-07T09:29:55.529+0000: 11.343: [CMS-concurrent-preclean: 0.010/0.019 secs] [Times: user=0.05 sys=0.02, real=0.02 secs] 
2022-08-07T09:29:55.529+0000: 11.344: [CMS-concurrent-abortable-preclean-start]
2022-08-07T09:29:55.532+0000: 11.346: Application time: 0.0470833 seconds
{Heap before GC invocations=156 (full 6):
 par new generation   total 19008K, used 18658K [0x00000000c2600000, 0x00000000c3aa0000, 0x00000000d6e00000)
  eden space 16896K, 100% used [0x00000000c2600000, 0x00000000c3680000, 0x00000000c3680000)
  from space 2112K,  83% used [0x00000000c3680000, 0x00000000c3838ba8, 0x00000000c3890000)
  to   space 2112K,   0% used [0x00000000c3890000, 0x00000000c3890000, 0x00000000c3aa0000)
 concurrent mark-sweep generation total 43668K, used 26452K [0x00000000d6e00000, 0x00000000d98a5000, 0x0000000100000000)
 Metaspace       used 37980K, capacity 39262K, committed 39624K, reserved 1083392K
  class space    used 4687K, capacity 4955K, committed 5068K, reserved 1048576K
2022-08-07T09:29:55.532+0000: 11.347: [GC (Allocation Failure) 2022-08-07T09:29:55.533+0000: 11.347: [ParNew: 18658K->1417K(19008K), 0.0059163 secs] 45110K->28113K(62676K), 0.0067020 secs] [Times: user=0.01 sys=0.00, real=0.01 secs] 
Heap after GC invocations=157 (full 6):
 par new generation   total 19008K, used 1417K [0x00000000c2600000, 0x00000000c3aa0000, 0x00000000d6e00000)
  eden space 16896K,   0% used [0x00000000c2600000, 0x00000000c2600000, 0x00000000c3680000)
  from space 2112K,  67% used [0x00000000c3890000, 0x00000000c39f2420, 0x00000000c3aa0000)
  to   space 2112K,   0% used [0x00000000c3680000, 0x00000000c3680000, 0x00000000c3890000)
 concurrent mark-sweep generation total 43668K, used 26696K [0x00000000d6e00000, 0x00000000d98a5000, 0x0000000100000000)
 Metaspace       used 37980K, capacity 39262K, committed 39624K, reserved 1083392K
  class space    used 4687K, capacity 4955K, committed 5068K, reserved 1048576K
}
2022-08-07T09:29:55.695+0000: 11.510: Application time: 0.1556047 seconds
{Heap before GC invocations=157 (full 6):
 par new generation   total 19008K, used 18313K [0x00000000c2600000, 0x00000000c3aa0000, 0x00000000d6e00000)
  eden space 16896K, 100% used [0x00000000c2600000, 0x00000000c3680000, 0x00000000c3680000)
  from space 2112K,  67% used [0x00000000c3890000, 0x00000000c39f2420, 0x00000000c3aa0000)
  to   space 2112K,   0% used [0x00000000c3680000, 0x00000000c3680000, 0x00000000c3890000)
 concurrent mark-sweep generation total 43668K, used 26696K [0x00000000d6e00000, 0x00000000d98a5000, 0x0000000100000000)
 Metaspace       used 38157K, capacity 39760K, committed 39880K, reserved 1083392K
  class space    used 4732K, capacity 5062K, committed 5068K, reserved 1048576K
2022-08-07T09:29:55.696+0000: 11.511: [GC (Allocation Failure) 2022-08-07T09:29:55.697+0000: 11.511: [ParNew: 18313K->1655K(19008K), 0.0072062 secs] 45009K->28502K(62676K), 0.0080446 secs] [Times: user=0.01 sys=0.00, real=0.01 secs] 
Heap after GC invocations=158 (full 6):
 par new generation   total 19008K, used 1655K [0x00000000c2600000, 0x00000000c3aa0000, 0x00000000d6e00000)
  eden space 16896K,   0% used [0x00000000c2600000, 0x00000000c2600000, 0x00000000c3680000)
  from space 2112K,  78% used [0x00000000c3680000, 0x00000000c381dea0, 0x00000000c3890000)
  to   space 2112K,   0% used [0x00000000c3890000, 0x00000000c3890000, 0x00000000c3aa0000)
 concurrent mark-sweep generation total 43668K, used 26847K [0x00000000d6e00000, 0x00000000d98a5000, 0x0000000100000000)
 Metaspace       used 38157K, capacity 39760K, committed 39880K, reserved 1083392K
  class space    used 4732K, capacity 5062K, committed 5068K, reserved 1048576K
}
2022-08-07T09:29:55.740+0000: 11.554: [CMS-concurrent-abortable-preclean: 0.066/0.210 secs] [Times: user=0.48 sys=0.10, real=0.21 secs] 
2022-08-07T09:29:55.740+0000: 11.555: Application time: 0.0354355 seconds
2022-08-07T09:29:55.741+0000: 11.556: [GC (CMS Final Remark) [YG occupancy: 3346 K (19008 K)]2022-08-07T09:29:55.742+0000: 11.556: [Rescan (parallel) , 0.0056352 secs]2022-08-07T09:29:55.748+0000: 11.562: [weak refs processing, 0.0003835 secs]2022-08-07T09:29:55.748+0000: 11.563: [class unloading, 0.0166652 secs]2022-08-07T09:29:55.765+0000: 11.580: [scrub symbol table, 0.0102686 secs]2022-08-07T09:29:55.776+0000: 11.591: [scrub string table, 0.0011560 secs][1 CMS-remark: 26847K(43668K)] 30193K(62676K), 0.0363301 secs] [Times: user=0.03 sys=0.01, real=0.04 secs] 
2022-08-07T09:29:55.786+0000: 11.600: [CMS-concurrent-sweep-start]
2022-08-07T09:29:55.809+0000: 11.623: [CMS-concurrent-sweep: 0.023/0.023 secs] [Times: user=0.04 sys=0.01, real=0.02 secs] 
2022-08-07T09:29:55.815+0000: 11.630: [CMS-concurrent-reset-start]
2022-08-07T09:29:55.816+0000: 11.630: [CMS-concurrent-reset: 0.001/0.001 secs] [Times: user=0.00 sys=0.00, real=0.00 secs] 
2022-08-07T09:29:55.860+0000: 11.675: Application time: 0.0818002 seconds
{Heap before GC invocations=158 (full 6):
 par new generation   total 19008K, used 18551K [0x00000000c2600000, 0x00000000c3aa0000, 0x00000000d6e00000)
  eden space 16896K, 100% used [0x00000000c2600000, 0x00000000c3680000, 0x00000000c3680000)
  from space 2112K,  78% used [0x00000000c3680000, 0x00000000c381dea0, 0x00000000c3890000)
  to   space 2112K,   0% used [0x00000000c3890000, 0x00000000c3890000, 0x00000000c3aa0000)
 concurrent mark-sweep generation total 44660K, used 26795K [0x00000000d6e00000, 0x00000000d999d000, 0x0000000100000000)
 Metaspace       used 38174K, capacity 39748K, committed 39880K, reserved 1083392K
  class space    used 4733K, capacity 5060K, committed 5068K, reserved 1048576K
2022-08-07T09:29:55.861+0000: 11.675: [GC (Allocation Failure) 2022-08-07T09:29:55.861+0000: 11.676: [ParNew: 18551K->1744K(19008K), 0.0078330 secs] 45346K->28793K(63668K), 0.0086217 secs] [Times: user=0.02 sys=0.01, real=0.01 secs] 
Heap after GC invocations=159 (full 6):
 par new generation   total 19008K, used 1744K [0x00000000c2600000, 0x00000000c3aa0000, 0x00000000d6e00000)
  eden space 16896K,   0% used [0x00000000c2600000, 0x00000000c2600000, 0x00000000c3680000)
  from space 2112K,  82% used [0x00000000c3890000, 0x00000000c3a443c0, 0x00000000c3aa0000)
  to   space 2112K,   0% used [0x00000000c3680000, 0x00000000c3680000, 0x00000000c3890000)
 concurrent mark-sweep generation total 44660K, used 27048K [0x00000000d6e00000, 0x00000000d999d000, 0x0000000100000000)
 Metaspace       used 38174K, capacity 39748K, committed 39880K, reserved 1083392K
  class space    used 4733K, capacity 5060K, committed 5068K, reserved 1048576K
}
2022-08-07T09:29:55.870+0000: 11.685: Application time: 0.0002068 seconds
2022-08-07T09:29:55.870+0000: 11.685: [GC (CMS Initial Mark) [1 CMS-initial-mark: 27048K(44660K)] 28793K(63668K), 0.0025028 secs] [Times: user=0.00 sys=0.00, real=0.01 secs] 
2022-08-07T09:29:55.874+0000: 11.688: [CMS-concurrent-mark-start]
2022-08-07T09:29:55.935+0000: 11.749: [CMS-concurrent-mark: 0.061/0.061 secs] [Times: user=0.18 sys=0.04, real=0.06 secs] 
2022-08-07T09:29:55.935+0000: 11.750: [CMS-concurrent-preclean-start]
2022-08-07T09:29:55.941+0000: 11.756: Application time: 0.0676621 seconds
{Heap before GC invocations=159 (full 7):
 par new generation   total 19008K, used 18640K [0x00000000c2600000, 0x00000000c3aa0000, 0x00000000d6e00000)
  eden space 16896K, 100% used [0x00000000c2600000, 0x00000000c3680000, 0x00000000c3680000)
  from space 2112K,  82% used [0x00000000c3890000, 0x00000000c3a443c0, 0x00000000c3aa0000)
  to   space 2112K,   0% used [0x00000000c3680000, 0x00000000c3680000, 0x00000000c3890000)
 concurrent mark-sweep generation total 44660K, used 27048K [0x00000000d6e00000, 0x00000000d999d000, 0x0000000100000000)
 Metaspace       used 38292K, capacity 39818K, committed 39880K, reserved 1083392K
  class space    used 4756K, capacity 5061K, committed 5068K, reserved 1048576K
2022-08-07T09:29:55.941+0000: 11.756: [GC (Allocation Failure) 2022-08-07T09:29:55.942+0000: 11.756: [ParNew: 18640K->1507K(19008K), 0.0039641 secs] 45689K->28555K(63668K), 0.0048366 secs] [Times: user=0.02 sys=0.00, real=0.01 secs] 
Heap after GC invocations=160 (full 7):
 par new generation   total 19008K, used 1507K [0x00000000c2600000, 0x00000000c3aa0000, 0x00000000d6e00000)
  eden space 16896K,   0% used [0x00000000c2600000, 0x00000000c2600000, 0x00000000c3680000)
  from space 2112K,  71% used [0x00000000c3680000, 0x00000000c37f8cd8, 0x00000000c3890000)
  to   space 2112K,   0% used [0x00000000c3890000, 0x00000000c3890000, 0x00000000c3aa0000)
 concurrent mark-sweep generation total 44660K, used 27048K [0x00000000d6e00000, 0x00000000d999d000, 0x0000000100000000)
 Metaspace       used 38292K, capacity 39818K, committed 39880K, reserved 1083392K
  class space    used 4756K, capacity 5061K, committed 5068K, reserved 1048576K
}
2022-08-07T09:29:55.947+0000: 11.762: [CMS-concurrent-preclean: 0.004/0.012 secs] [Times: user=0.04 sys=0.00, real=0.01 secs] 
2022-08-07T09:29:55.948+0000: 11.762: Application time: 0.0005186 seconds
2022-08-07T09:29:55.949+0000: 11.763: [GC (CMS Final Remark) [YG occupancy: 1845 K (19008 K)]2022-08-07T09:29:55.949+0000: 11.764: [Rescan (parallel) , 0.0027212 secs]2022-08-07T09:29:55.952+0000: 11.767: [weak refs processing, 0.0008515 secs]2022-08-07T09:29:55.953+0000: 11.768: [class unloading, 0.0103536 secs]2022-08-07T09:29:55.964+0000: 11.779: [scrub symbol table, 0.0058064 secs]2022-08-07T09:29:55.970+0000: 11.785: [scrub string table, 0.0007689 secs][1 CMS-remark: 27048K(44660K)] 28893K(63668K), 0.0227767 secs] [Times: user=0.03 sys=0.00, real=0.02 secs] 
2022-08-07T09:29:55.972+0000: 11.787: [CMS-concurrent-sweep-start]
2022-08-07T09:29:55.984+0000: 11.799: [CMS-concurrent-sweep: 0.012/0.012 secs] [Times: user=0.05 sys=0.01, real=0.02 secs] 
2022-08-07T09:29:55.985+0000: 11.799: [CMS-concurrent-reset-start]
2022-08-07T09:29:55.991+0000: 11.805: [CMS-concurrent-reset: 0.006/0.006 secs] [Times: user=0.02 sys=0.00, real=0.00 secs] 
2022-08-07T09:29:56.063+0000: 11.878: Application time: 0.0914177 seconds
{Heap before GC invocations=160 (full 7):
 par new generation   total 19008K, used 18403K [0x00000000c2600000, 0x00000000c3aa0000, 0x00000000d6e00000)
  eden space 16896K, 100% used [0x00000000c2600000, 0x00000000c3680000, 0x00000000c3680000)
  from space 2112K,  71% used [0x00000000c3680000, 0x00000000c37f8cd8, 0x00000000c3890000)
  to   space 2112K,   0% used [0x00000000c3890000, 0x00000000c3890000, 0x00000000c3aa0000)
 concurrent mark-sweep generation total 44660K, used 26705K [0x00000000d6e00000, 0x00000000d999d000, 0x0000000100000000)
 Metaspace       used 38312K, capacity 39870K, committed 40136K, reserved 1085440K
  class space    used 4758K, capacity 5059K, committed 5068K, reserved 1048576K
2022-08-07T09:29:56.067+0000: 11.881: [GC (Allocation Failure) 2022-08-07T09:29:56.067+0000: 11.882: [ParNew: 18403K->1916K(19008K), 0.0047816 secs] 45109K->28848K(63668K), 0.0056789 secs] [Times: user=0.02 sys=0.00, real=0.00 secs] 
Heap after GC invocations=161 (full 7):
 par new generation   total 19008K, used 1916K [0x00000000c2600000, 0x00000000c3aa0000, 0x00000000d6e00000)
  eden space 16896K,   0% used [0x00000000c2600000, 0x00000000c2600000, 0x00000000c3680000)
  from space 2112K,  90% used [0x00000000c3890000, 0x00000000c3a6f2f8, 0x00000000c3aa0000)
  to   space 2112K,   0% used [0x00000000c3680000, 0x00000000c3680000, 0x00000000c3890000)
 concurrent mark-sweep generation total 44660K, used 26932K [0x00000000d6e00000, 0x00000000d999d000, 0x0000000100000000)
 Metaspace       used 38312K, capacity 39870K, committed 40136K, reserved 1085440K
  class space    used 4758K, capacity 5059K, committed 5068K, reserved 1048576K
}
2022-08-07T09:29:56.073+0000: 11.888: Application time: 0.0003187 seconds
2022-08-07T09:29:56.074+0000: 11.888: [GC (CMS Initial Mark) [1 CMS-initial-mark: 26932K(44660K)] 28849K(63668K), 0.0019598 secs] [Times: user=0.00 sys=0.00, real=0.00 secs] 
2022-08-07T09:29:56.076+0000: 11.891: [CMS-concurrent-mark-start]
2022-08-07T09:29:56.098+0000: 11.912: Application time: 0.0215157 seconds
2022-08-07T09:29:56.132+0000: 11.947: [CMS-concurrent-mark: 0.055/0.056 secs] [Times: user=0.19 sys=0.01, real=0.05 secs] 
2022-08-07T09:29:56.133+0000: 11.947: [CMS-concurrent-preclean-start]
2022-08-07T09:29:56.141+0000: 11.955: [CMS-concurrent-preclean: 0.006/0.008 secs] [Times: user=0.02 sys=0.00, real=0.01 secs] 
2022-08-07T09:29:56.141+0000: 11.956: [CMS-concurrent-abortable-preclean-start]
2022-08-07T09:29:56.148+0000: 11.963: Application time: 0.0502247 seconds
{Heap before GC invocations=161 (full 8):
 par new generation   total 19008K, used 18812K [0x00000000c2600000, 0x00000000c3aa0000, 0x00000000d6e00000)
  eden space 16896K, 100% used [0x00000000c2600000, 0x00000000c3680000, 0x00000000c3680000)
  from space 2112K,  90% used [0x00000000c3890000, 0x00000000c3a6f2f8, 0x00000000c3aa0000)
  to   space 2112K,   0% used [0x00000000c3680000, 0x00000000c3680000, 0x00000000c3890000)
 concurrent mark-sweep generation total 44660K, used 26932K [0x00000000d6e00000, 0x00000000d999d000, 0x0000000100000000)
 Metaspace       used 38352K, capacity 39870K, committed 40136K, reserved 1085440K
  class space    used 4762K, capacity 5059K, committed 5068K, reserved 1048576K
2022-08-07T09:29:56.149+0000: 11.963: [GC (Allocation Failure) 2022-08-07T09:29:56.149+0000: 11.964: [ParNew: 18812K->1660K(19008K), 0.0108034 secs] 45744K->29153K(63668K), 0.0118774 secs] [Times: user=0.03 sys=0.01, real=0.01 secs] 
Heap after GC invocations=162 (full 8):
 par new generation   total 19008K, used 1660K [0x00000000c2600000, 0x00000000c3aa0000, 0x00000000d6e00000)
  eden space 16896K,   0% used [0x00000000c2600000, 0x00000000c2600000, 0x00000000c3680000)
  from space 2112K,  78% used [0x00000000c3680000, 0x00000000c381f170, 0x00000000c3890000)
  to   space 2112K,   0% used [0x00000000c3890000, 0x00000000c3890000, 0x00000000c3aa0000)
 concurrent mark-sweep generation total 44660K, used 27492K [0x00000000d6e00000, 0x00000000d999d000, 0x0000000100000000)
 Metaspace       used 38352K, capacity 39870K, committed 40136K, reserved 1085440K
  class space    used 4762K, capacity 5059K, committed 5068K, reserved 1048576K
}
2022-08-07T09:29:56.199+0000: 12.013: Application time: 0.0373464 seconds
{Heap before GC invocations=162 (full 8):
 par new generation   total 19008K, used 18556K [0x00000000c2600000, 0x00000000c3aa0000, 0x00000000d6e00000)
  eden space 16896K, 100% used [0x00000000c2600000, 0x00000000c3680000, 0x00000000c3680000)
  from space 2112K,  78% used [0x00000000c3680000, 0x00000000c381f170, 0x00000000c3890000)
  to   space 2112K,   0% used [0x00000000c3890000, 0x00000000c3890000, 0x00000000c3aa0000)
 concurrent mark-sweep generation total 44660K, used 27492K [0x00000000d6e00000, 0x00000000d999d000, 0x0000000100000000)
 Metaspace       used 38391K, capacity 39982K, committed 40264K, reserved 1085440K
  class space    used 4768K, capacity 5095K, committed 5196K, reserved 1048576K
2022-08-07T09:29:56.199+0000: 12.014: [GC (Allocation Failure) 2022-08-07T09:29:56.200+0000: 12.014: [ParNew: 18556K->1462K(19008K), 0.0064878 secs] 46049K->29022K(63668K), 0.0072706 secs] [Times: user=0.02 sys=0.00, real=0.01 secs] 
Heap after GC invocations=163 (full 8):
 par new generation   total 19008K, used 1462K [0x00000000c2600000, 0x00000000c3aa0000, 0x00000000d6e00000)
  eden space 16896K,   0% used [0x00000000c2600000, 0x00000000c2600000, 0x00000000c3680000)
  from space 2112K,  69% used [0x00000000c3890000, 0x00000000c39fd960, 0x00000000c3aa0000)
  to   space 2112K,   0% used [0x00000000c3680000, 0x00000000c3680000, 0x00000000c3890000)
 concurrent mark-sweep generation total 44660K, used 27560K [0x00000000d6e00000, 0x00000000d999d000, 0x0000000100000000)
 Metaspace       used 38391K, capacity 39982K, committed 40264K, reserved 1085440K
  class space    used 4768K, capacity 5095K, committed 5196K, reserved 1048576K
}
2022-08-07T09:29:56.249+0000: 12.064: [CMS-concurrent-abortable-preclean: 0.051/0.108 secs] [Times: user=0.29 sys=0.07, real=0.11 secs] 
2022-08-07T09:29:56.250+0000: 12.064: Application time: 0.0422699 seconds
2022-08-07T09:29:56.250+0000: 12.065: [GC (CMS Final Remark) [YG occupancy: 13967 K (19008 K)]2022-08-07T09:29:56.251+0000: 12.065: [Rescan (parallel) , 0.0171651 secs]2022-08-07T09:29:56.268+0000: 12.083: [weak refs processing, 0.0005366 secs]2022-08-07T09:29:56.269+0000: 12.084: [class unloading, 0.0082166 secs]2022-08-07T09:29:56.282+0000: 12.097: [scrub symbol table, 0.0081307 secs]2022-08-07T09:29:56.291+0000: 12.105: [scrub string table, 0.0067532 secs][1 CMS-remark: 27560K(44660K)] 41527K(63668K), 0.0484470 secs] [Times: user=0.08 sys=0.00, real=0.05 secs] 
2022-08-07T09:29:56.305+0000: 12.119: [CMS-concurrent-sweep-start]
2022-08-07T09:29:56.329+0000: 12.143: [CMS-concurrent-sweep: 0.024/0.024 secs] [Times: user=0.08 sys=0.01, real=0.02 secs] 
2022-08-07T09:29:56.330+0000: 12.144: [CMS-concurrent-reset-start]
2022-08-07T09:29:56.330+0000: 12.145: [CMS-concurrent-reset: 0.001/0.001 secs] [Times: user=0.00 sys=0.00, real=0.00 secs] 
2022-08-07T09:29:56.373+0000: 12.188: Application time: 0.0722705 seconds
{Heap before GC invocations=163 (full 8):
 par new generation   total 19008K, used 18358K [0x00000000c2600000, 0x00000000c3aa0000, 0x00000000d6e00000)
  eden space 16896K, 100% used [0x00000000c2600000, 0x00000000c3680000, 0x00000000c3680000)
  from space 2112K,  69% used [0x00000000c3890000, 0x00000000c39fd960, 0x00000000c3aa0000)
  to   space 2112K,   0% used [0x00000000c3680000, 0x00000000c3680000, 0x00000000c3890000)
 concurrent mark-sweep generation total 45916K, used 27548K [0x00000000d6e00000, 0x00000000d9ad7000, 0x0000000100000000)
 Metaspace       used 38698K, capacity 40276K, committed 40520K, reserved 1085440K
  class space    used 4797K, capacity 5128K, committed 5196K, reserved 1048576K
2022-08-07T09:29:56.374+0000: 12.188: [GC (Allocation Failure) 2022-08-07T09:29:56.374+0000: 12.189: [ParNew: 18358K->1913K(19008K), 0.0169376 secs] 45907K->29602K(64924K), 0.0178063 secs] [Times: user=0.06 sys=0.00, real=0.01 secs] 
Heap after GC invocations=164 (full 8):
 par new generation   total 19008K, used 1913K [0x00000000c2600000, 0x00000000c3aa0000, 0x00000000d6e00000)
  eden space 16896K,   0% used [0x00000000c2600000, 0x00000000c2600000, 0x00000000c3680000)
  from space 2112K,  90% used [0x00000000c3680000, 0x00000000c385e700, 0x00000000c3890000)
  to   space 2112K,   0% used [0x00000000c3890000, 0x00000000c3890000, 0x00000000c3aa0000)
 concurrent mark-sweep generation total 45916K, used 27688K [0x00000000d6e00000, 0x00000000d9ad7000, 0x0000000100000000)
 Metaspace       used 38698K, capacity 40276K, committed 40520K, reserved 1085440K
  class space    used 4797K, capacity 5128K, committed 5196K, reserved 1048576K
}
2022-08-07T09:29:56.392+0000: 12.207: Application time: 0.0002474 seconds
2022-08-07T09:29:56.393+0000: 12.207: [GC (CMS Initial Mark) [1 CMS-initial-mark: 27688K(45916K)] 29940K(64924K), 0.0036252 secs] [Times: user=0.01 sys=0.00, real=0.01 secs] 
2022-08-07T09:29:56.397+0000: 12.212: [CMS-concurrent-mark-start]
2022-08-07T09:29:56.450+0000: 12.264: [CMS-concurrent-mark: 0.053/0.053 secs] [Times: user=0.19 sys=0.01, real=0.05 secs] 
2022-08-07T09:29:56.451+0000: 12.266: [CMS-concurrent-preclean-start]
2022-08-07T09:29:56.456+0000: 12.271: [CMS-concurrent-preclean: 0.003/0.005 secs] [Times: user=0.01 sys=0.01, real=0.01 secs] 
2022-08-07T09:29:56.457+0000: 12.271: [CMS-concurrent-abortable-preclean-start]
2022-08-07T09:29:56.458+0000: 12.273: Application time: 0.0610808 seconds
{Heap before GC invocations=164 (full 9):
 par new generation   total 19008K, used 18809K [0x00000000c2600000, 0x00000000c3aa0000, 0x00000000d6e00000)
  eden space 16896K, 100% used [0x00000000c2600000, 0x00000000c3680000, 0x00000000c3680000)
  from space 2112K,  90% used [0x00000000c3680000, 0x00000000c385e700, 0x00000000c3890000)
  to   space 2112K,   0% used [0x00000000c3890000, 0x00000000c3890000, 0x00000000c3aa0000)
 concurrent mark-sweep generation total 45916K, used 27688K [0x00000000d6e00000, 0x00000000d9ad7000, 0x0000000100000000)
 Metaspace       used 39065K, capacity 40628K, committed 40776K, reserved 1085440K
  class space    used 4834K, capacity 5160K, committed 5196K, reserved 1048576K
2022-08-07T09:29:56.458+0000: 12.273: [GC (Allocation Failure) 2022-08-07T09:29:56.459+0000: 12.273: [ParNew: 18809K->1687K(19008K), 0.0157027 secs] 46498K->29947K(64924K), 0.0163198 secs] [Times: user=0.03 sys=0.00, real=0.02 secs] 
Heap after GC invocations=165 (full 9):
 par new generation   total 19008K, used 1687K [0x00000000c2600000, 0x00000000c3aa0000, 0x00000000d6e00000)
  eden space 16896K,   0% used [0x00000000c2600000, 0x00000000c2600000, 0x00000000c3680000)
  from space 2112K,  79% used [0x00000000c3890000, 0x00000000c3a35c50, 0x00000000c3aa0000)
  to   space 2112K,   0% used [0x00000000c3680000, 0x00000000c3680000, 0x00000000c3890000)
 concurrent mark-sweep generation total 45916K, used 28260K [0x00000000d6e00000, 0x00000000d9ad7000, 0x0000000100000000)
 Metaspace       used 39065K, capacity 40628K, committed 40776K, reserved 1085440K
  class space    used 4834K, capacity 5160K, committed 5196K, reserved 1048576K
}
2022-08-07T09:29:56.616+0000: 12.431: Application time: 0.1346667 seconds
2022-08-07T09:29:56.656+0000: 12.470: Application time: 0.0387828 seconds
2022-08-07T09:29:56.656+0000: 12.471: [CMS-concurrent-abortable-preclean: 0.033/0.200 secs] [Times: user=0.47 sys=0.07, real=0.20 secs] 
2022-08-07T09:29:56.666+0000: 12.480: Application time: 0.0092104 seconds
2022-08-07T09:29:56.666+0000: 12.481: Application time: 0.0001829 seconds
2022-08-07T09:29:56.667+0000: 12.481: [GC (CMS Final Remark) [YG occupancy: 12354 K (19008 K)]2022-08-07T09:29:56.667+0000: 12.481: [Rescan (parallel) , 0.0229154 secs]2022-08-07T09:29:56.690+0000: 12.505: [weak refs processing, 0.0003971 secs]2022-08-07T09:29:56.691+0000: 12.505: [class unloading, 0.0155117 secs]2022-08-07T09:29:56.707+0000: 12.521: [scrub symbol table, 0.0135740 secs]2022-08-07T09:29:56.721+0000: 12.535: [scrub string table, 0.0012637 secs][1 CMS-remark: 28260K(45916K)] 40614K(64924K), 0.0616909 secs] [Times: user=0.10 sys=0.02, real=0.06 secs] 
2022-08-07T09:29:56.730+0000: 12.544: [CMS-concurrent-sweep-start]
2022-08-07T09:29:56.757+0000: 12.572: [CMS-concurrent-sweep: 0.028/0.028 secs] [Times: user=0.06 sys=0.02, real=0.03 secs] 
2022-08-07T09:29:56.758+0000: 12.572: [CMS-concurrent-reset-start]
2022-08-07T09:29:56.758+0000: 12.573: [CMS-concurrent-reset: 0.001/0.001 secs] [Times: user=0.01 sys=0.00, real=0.00 secs] 
2022-08-07T09:29:56.833+0000: 12.648: Application time: 0.1043551 seconds
{Heap before GC invocations=165 (full 9):
 par new generation   total 19008K, used 18583K [0x00000000c2600000, 0x00000000c3aa0000, 0x00000000d6e00000)
  eden space 16896K, 100% used [0x00000000c2600000, 0x00000000c3680000, 0x00000000c3680000)
  from space 2112K,  79% used [0x00000000c3890000, 0x00000000c3a35c50, 0x00000000c3aa0000)
  to   space 2112K,   0% used [0x00000000c3680000, 0x00000000c3680000, 0x00000000c3890000)
 concurrent mark-sweep generation total 46996K, used 28196K [0x00000000d6e00000, 0x00000000d9be5000, 0x0000000100000000)
 Metaspace       used 40131K, capacity 41710K, committed 41928K, reserved 1085440K
  class space    used 4980K, capacity 5287K, committed 5324K, reserved 1048576K
2022-08-07T09:29:56.834+0000: 12.648: [GC (Allocation Failure) 2022-08-07T09:29:56.834+0000: 12.648: [ParNew: 18583K->2112K(19008K), 0.0148689 secs] 46779K->32992K(66004K), 0.0154457 secs] [Times: user=0.02 sys=0.01, real=0.01 secs] 
Heap after GC invocations=166 (full 9):
 par new generation   total 19008K, used 2112K [0x00000000c2600000, 0x00000000c3aa0000, 0x00000000d6e00000)
  eden space 16896K,   0% used [0x00000000c2600000, 0x00000000c2600000, 0x00000000c3680000)
  from space 2112K, 100% used [0x00000000c3680000, 0x00000000c3890000, 0x00000000c3890000)
  to   space 2112K,   0% used [0x00000000c3890000, 0x00000000c3890000, 0x00000000c3aa0000)
 concurrent mark-sweep generation total 46996K, used 30880K [0x00000000d6e00000, 0x00000000d9be5000, 0x0000000100000000)
 Metaspace       used 40131K, capacity 41710K, committed 41928K, reserved 1085440K
  class space    used 4980K, capacity 5287K, committed 5324K, reserved 1048576K
}
2022-08-07T09:29:56.850+0000: 12.665: Application time: 0.0004780 seconds
2022-08-07T09:29:56.851+0000: 12.665: [GC (CMS Initial Mark) [1 CMS-initial-mark: 30880K(46996K)] 33330K(66004K), 0.0037477 secs] [Times: user=0.01 sys=0.01, real=0.01 secs] 
2022-08-07T09:29:56.855+0000: 12.670: [CMS-concurrent-mark-start]
2022-08-07T09:29:56.926+0000: 12.741: [CMS-concurrent-mark: 0.071/0.071 secs] [Times: user=0.18 sys=0.03, real=0.07 secs] 
2022-08-07T09:29:56.927+0000: 12.741: [CMS-concurrent-preclean-start]
2022-08-07T09:29:56.929+0000: 12.744: [CMS-concurrent-preclean: 0.002/0.002 secs] [Times: user=0.01 sys=0.00, real=0.00 secs] 
2022-08-07T09:29:56.930+0000: 12.744: [CMS-concurrent-abortable-preclean-start]
2022-08-07T09:29:57.012+0000: 12.827: Application time: 0.1570866 seconds
{Heap before GC invocations=166 (full 10):
 par new generation   total 19008K, used 19008K [0x00000000c2600000, 0x00000000c3aa0000, 0x00000000d6e00000)
  eden space 16896K, 100% used [0x00000000c2600000, 0x00000000c3680000, 0x00000000c3680000)
  from space 2112K, 100% used [0x00000000c3680000, 0x00000000c3890000, 0x00000000c3890000)
  to   space 2112K,   0% used [0x00000000c3890000, 0x00000000c3890000, 0x00000000c3aa0000)
 concurrent mark-sweep generation total 46996K, used 30880K [0x00000000d6e00000, 0x00000000d9be5000, 0x0000000100000000)
 Metaspace       used 40658K, capacity 42250K, committed 42568K, reserved 1087488K
  class space    used 5035K, capacity 5357K, committed 5452K, reserved 1048576K
2022-08-07T09:29:57.013+0000: 12.827: [GC (Allocation Failure) 2022-08-07T09:29:57.013+0000: 12.827: [ParNew: 19008K->2048K(19008K), 0.0254405 secs] 49888K->35086K(66004K), 0.0269152 secs] [Times: user=0.08 sys=0.01, real=0.03 secs] 
Heap after GC invocations=167 (full 10):
 par new generation   total 19008K, used 2048K [0x00000000c2600000, 0x00000000c3aa0000, 0x00000000d6e00000)
  eden space 16896K,   0% used [0x00000000c2600000, 0x00000000c2600000, 0x00000000c3680000)
  from space 2112K,  96% used [0x00000000c3890000, 0x00000000c3a900a8, 0x00000000c3aa0000)
  to   space 2112K,   0% used [0x00000000c3680000, 0x00000000c3680000, 0x00000000c3890000)
 concurrent mark-sweep generation total 46996K, used 33038K [0x00000000d6e00000, 0x00000000d9be5000, 0x0000000100000000)
 Metaspace       used 40658K, capacity 42250K, committed 42568K, reserved 1087488K
  class space    used 5035K, capacity 5357K, committed 5452K, reserved 1048576K
}
2022-08-07T09:29:57.147+0000: 12.961: Application time: 0.1065510 seconds
2022-08-07T09:29:57.157+0000: 12.971: Application time: 0.0094538 seconds
2022-08-07T09:29:57.158+0000: 12.972: [CMS-concurrent-abortable-preclean: 0.083/0.228 secs] [Times: user=0.60 sys=0.09, real=0.23 secs] 
2022-08-07T09:29:57.160+0000: 12.974: Application time: 0.0021617 seconds
2022-08-07T09:29:57.161+0000: 12.976: [GC (CMS Final Remark) [YG occupancy: 11917 K (19008 K)]2022-08-07T09:29:57.162+0000: 12.977: [Rescan (parallel) , 0.0116572 secs]2022-08-07T09:29:57.174+0000: 12.989: [weak refs processing, 0.0004626 secs]2022-08-07T09:29:57.175+0000: 12.989: [class unloading, 0.0093341 secs]2022-08-07T09:29:57.185+0000: 12.999: [scrub symbol table, 0.0068609 secs]2022-08-07T09:29:57.192+0000: 13.006: [scrub string table, 0.0008424 secs][1 CMS-remark: 33038K(46996K)] 44956K(66004K), 0.0316784 secs] [Times: user=0.05 sys=0.00, real=0.04 secs] 
2022-08-07T09:29:57.195+0000: 13.009: [CMS-concurrent-sweep-start]
2022-08-07T09:29:57.210+0000: 13.025: [CMS-concurrent-sweep: 0.015/0.015 secs] [Times: user=0.04 sys=0.00, real=0.01 secs] 
2022-08-07T09:29:57.219+0000: 13.034: [CMS-concurrent-reset-start]
2022-08-07T09:29:57.220+0000: 13.034: [CMS-concurrent-reset: 0.001/0.001 secs] [Times: user=0.00 sys=0.00, real=0.00 secs] 
2022-08-07T09:29:57.224+0000: 13.038: Application time: 0.0290830 seconds
2022-08-07T09:29:57.229+0000: 13.043: Application time: 0.0047240 seconds
2022-08-07T09:29:57.229+0000: 13.044: Application time: 0.0003164 seconds
2022-08-07T09:29:57.230+0000: 13.044: Application time: 0.0002457 seconds
2022-08-07T09:29:57.232+0000: 13.046: Application time: 0.0018340 seconds
2022-08-07T09:29:57.232+0000: 13.047: Application time: 0.0003543 seconds
2022-08-07T09:29:57.233+0000: 13.047: Application time: 0.0002514 seconds
2022-08-07T09:29:57.233+0000: 13.048: Application time: 0.0006545 seconds
2022-08-07T09:29:57.234+0000: 13.048: Application time: 0.0002127 seconds
2022-08-07T09:29:57.240+0000: 13.055: Application time: 0.0060254 seconds
2022-08-07T09:29:57.278+0000: 13.092: Application time: 0.0372404 seconds
{Heap before GC invocations=167 (full 10):
 par new generation   total 19008K, used 18944K [0x00000000c2600000, 0x00000000c3aa0000, 0x00000000d6e00000)
  eden space 16896K, 100% used [0x00000000c2600000, 0x00000000c3680000, 0x00000000c3680000)
  from space 2112K,  96% used [0x00000000c3890000, 0x00000000c3a900a8, 0x00000000c3aa0000)
  to   space 2112K,   0% used [0x00000000c3680000, 0x00000000c3680000, 0x00000000c3890000)
 concurrent mark-sweep generation total 54616K, used 32767K [0x00000000d6e00000, 0x00000000da356000, 0x0000000100000000)
 Metaspace       used 41188K, capacity 42724K, committed 43080K, reserved 1087488K
  class space    used 5088K, capacity 5388K, committed 5452K, reserved 1048576K
2022-08-07T09:29:57.278+0000: 13.093: [GC (Allocation Failure) 2022-08-07T09:29:57.279+0000: 13.093: [ParNew: 18944K->994K(19008K), 0.0044998 secs] 51711K->33762K(73624K), 0.0051469 secs] [Times: user=0.01 sys=0.00, real=0.01 secs] 
Heap after GC invocations=168 (full 10):
 par new generation   total 19008K, used 994K [0x00000000c2600000, 0x00000000c3aa0000, 0x00000000d6e00000)
  eden space 16896K,   0% used [0x00000000c2600000, 0x00000000c2600000, 0x00000000c3680000)
  from space 2112K,  47% used [0x00000000c3680000, 0x00000000c3778b78, 0x00000000c3890000)
  to   space 2112K,   0% used [0x00000000c3890000, 0x00000000c3890000, 0x00000000c3aa0000)
 concurrent mark-sweep generation total 54616K, used 32767K [0x00000000d6e00000, 0x00000000da356000, 0x0000000100000000)
 Metaspace       used 41188K, capacity 42724K, committed 43080K, reserved 1087488K
  class space    used 5088K, capacity 5388K, committed 5452K, reserved 1048576K
}
2022-08-07T09:29:57.288+0000: 13.102: Application time: 0.0040302 seconds
2022-08-07T09:29:57.292+0000: 13.106: Application time: 0.0032324 seconds
2022-08-07T09:29:57.337+0000: 13.152: Application time: 0.0452530 seconds
2022-08-07T09:29:57.338+0000: 13.152: Application time: 0.0001425 seconds
2022-08-07T09:29:57.338+0000: 13.153: Application time: 0.0005629 seconds
2022-08-07T09:29:57.376+0000: 13.190: Application time: 0.0366050 seconds
2022-08-07T09:29:57.414+0000: 13.228: Application time: 0.0376257 seconds
{Heap before GC invocations=168 (full 10):
 par new generation   total 19008K, used 17890K [0x00000000c2600000, 0x00000000c3aa0000, 0x00000000d6e00000)
  eden space 16896K, 100% used [0x00000000c2600000, 0x00000000c3680000, 0x00000000c3680000)
  from space 2112K,  47% used [0x00000000c3680000, 0x00000000c3778b78, 0x00000000c3890000)
  to   space 2112K,   0% used [0x00000000c3890000, 0x00000000c3890000, 0x00000000c3aa0000)
 concurrent mark-sweep generation total 54616K, used 32767K [0x00000000d6e00000, 0x00000000da356000, 0x0000000100000000)
 Metaspace       used 41473K, capacity 43076K, committed 43336K, reserved 1087488K
  class space    used 5117K, capacity 5420K, committed 5452K, reserved 1048576K
2022-08-07T09:29:57.414+0000: 13.228: [GC (Allocation Failure) 2022-08-07T09:29:57.415+0000: 13.229: [ParNew: 17890K->1229K(19008K), 0.0239097 secs] 50658K->33996K(73624K), 0.0271305 secs] [Times: user=0.07 sys=0.00, real=0.03 secs] 
Heap after GC invocations=169 (full 10):
 par new generation   total 19008K, used 1229K [0x00000000c2600000, 0x00000000c3aa0000, 0x00000000d6e00000)
  eden space 16896K,   0% used [0x00000000c2600000, 0x00000000c2600000, 0x00000000c3680000)
  from space 2112K,  58% used [0x00000000c3890000, 0x00000000c39c3518, 0x00000000c3aa0000)
  to   space 2112K,   0% used [0x00000000c3680000, 0x00000000c3680000, 0x00000000c3890000)
 concurrent mark-sweep generation total 54616K, used 32767K [0x00000000d6e00000, 0x00000000da356000, 0x0000000100000000)
 Metaspace       used 41473K, capacity 43076K, committed 43336K, reserved 1087488K
  class space    used 5117K, capacity 5420K, committed 5452K, reserved 1048576K
}
2022-08-07T09:29:57.451+0000: 13.266: Application time: 0.0045031 seconds
2022-08-07T09:29:57.502+0000: 13.317: Application time: 0.0503187 seconds
2022-08-07T09:29:57.503+0000: 13.317: Application time: 0.0001575 seconds
2022-08-07T09:29:57.507+0000: 13.321: Application time: 0.0037292 seconds
2022-08-07T09:29:57.509+0000: 13.324: Application time: 0.0024234 seconds
2022-08-07T09:29:57.513+0000: 13.328: Application time: 0.0033857 seconds
2022-08-07T09:29:57.513+0000: 13.328: Application time: 0.0001390 seconds
2022-08-07T09:29:57.514+0000: 13.328: Application time: 0.0001336 seconds
2022-08-07T09:29:57.514+0000: 13.329: Application time: 0.0001984 seconds
2022-08-07T09:29:57.515+0000: 13.329: Application time: 0.0001362 seconds
2022-08-07T09:29:57.515+0000: 13.330: Application time: 0.0001367 seconds
2022-08-07T09:29:57.516+0000: 13.330: Application time: 0.0001869 seconds
2022-08-07T09:29:57.526+0000: 13.341: Application time: 0.0006405 seconds
2022-08-07T09:29:57.529+0000: 13.344: Application time: 0.0002752 seconds
2022-08-07T09:29:57.530+0000: 13.344: Application time: 0.0001337 seconds
2022-08-07T09:29:57.530+0000: 13.345: Application time: 0.0001325 seconds
2022-08-07T09:29:57.531+0000: 13.345: Application time: 0.0001316 seconds
2022-08-07T09:29:57.531+0000: 13.346: Application time: 0.0001444 seconds
2022-08-07T09:29:57.533+0000: 13.348: Application time: 0.0012815 seconds
2022-08-07T09:29:57.536+0000: 13.350: Application time: 0.0013122 seconds
2022-08-07T09:29:57.546+0000: 13.361: Application time: 0.0098123 seconds
2022-08-07T09:29:57.547+0000: 13.361: Application time: 0.0003003 seconds
2022-08-07T09:29:57.561+0000: 13.376: Application time: 0.0143500 seconds
2022-08-07T09:29:57.591+0000: 13.405: Application time: 0.0285784 seconds
2022-08-07T09:29:57.594+0000: 13.409: Application time: 0.0005755 seconds
2022-08-07T09:29:57.596+0000: 13.410: Application time: 0.0001404 seconds
2022-08-07T09:29:57.597+0000: 13.412: Application time: 0.0002253 seconds
2022-08-07T09:29:57.600+0000: 13.415: Application time: 0.0026902 seconds
2022-08-07T09:29:57.601+0000: 13.415: Application time: 0.0002147 seconds
2022-08-07T09:29:57.601+0000: 13.416: Application time: 0.0007053 seconds
2022-08-07T09:29:57.602+0000: 13.416: Application time: 0.0001333 seconds
2022-08-07T09:29:57.602+0000: 13.417: Application time: 0.0002040 seconds
2022-08-07T09:29:57.603+0000: 13.418: Application time: 0.0012046 seconds
2022-08-07T09:29:57.604+0000: 13.418: Application time: 0.0001280 seconds
2022-08-07T09:29:57.604+0000: 13.419: Application time: 0.0002018 seconds
2022-08-07T09:29:57.605+0000: 13.420: Application time: 0.0004473 seconds
2022-08-07T09:29:57.605+0000: 13.420: Application time: 0.0001330 seconds
2022-08-07T09:29:57.606+0000: 13.420: Application time: 0.0001852 seconds
2022-08-07T09:29:57.606+0000: 13.421: Application time: 0.0003829 seconds
2022-08-07T09:29:57.607+0000: 13.421: Application time: 0.0001324 seconds
2022-08-07T09:29:57.607+0000: 13.422: Application time: 0.0002375 seconds
2022-08-07T09:29:57.608+0000: 13.423: Application time: 0.0007113 seconds
2022-08-07T09:29:57.610+0000: 13.425: Application time: 0.0019126 seconds
2022-08-07T09:29:57.611+0000: 13.425: Application time: 0.0001943 seconds
2022-08-07T09:29:57.611+0000: 13.426: Application time: 0.0004998 seconds
2022-08-07T09:29:57.612+0000: 13.426: Application time: 0.0001323 seconds
2022-08-07T09:29:57.612+0000: 13.429: Application time: 0.0023729 seconds
2022-08-07T09:29:57.615+0000: 13.430: Application time: 0.0005480 seconds
2022-08-07T09:29:57.618+0000: 13.432: Application time: 0.0001475 seconds
2022-08-07T09:29:57.619+0000: 13.433: Application time: 0.0005988 seconds
2022-08-07T09:29:57.621+0000: 13.435: Application time: 0.0013899 seconds
2022-08-07T09:29:57.633+0000: 13.448: Application time: 0.0118178 seconds
{Heap before GC invocations=169 (full 10):
 par new generation   total 19008K, used 18125K [0x00000000c2600000, 0x00000000c3aa0000, 0x00000000d6e00000)
  eden space 16896K, 100% used [0x00000000c2600000, 0x00000000c3680000, 0x00000000c3680000)
  from space 2112K,  58% used [0x00000000c3890000, 0x00000000c39c3518, 0x00000000c3aa0000)
  to   space 2112K,   0% used [0x00000000c3680000, 0x00000000c3680000, 0x00000000c3890000)
 concurrent mark-sweep generation total 54616K, used 32767K [0x00000000d6e00000, 0x00000000da356000, 0x0000000100000000)
 Metaspace       used 41692K, capacity 43320K, committed 43720K, reserved 1087488K
  class space    used 5147K, capacity 5458K, committed 5580K, reserved 1048576K
2022-08-07T09:29:57.634+0000: 13.449: [GC (Allocation Failure) 2022-08-07T09:29:57.634+0000: 13.449: [ParNew: 18125K->1178K(19008K), 0.0035742 secs] 50892K->33946K(73624K), 0.0041404 secs] [Times: user=0.01 sys=0.01, real=0.00 secs] 
Heap after GC invocations=170 (full 10):
 par new generation   total 19008K, used 1178K [0x00000000c2600000, 0x00000000c3aa0000, 0x00000000d6e00000)
  eden space 16896K,   0% used [0x00000000c2600000, 0x00000000c2600000, 0x00000000c3680000)
  from space 2112K,  55% used [0x00000000c3680000, 0x00000000c37a6b98, 0x00000000c3890000)
  to   space 2112K,   0% used [0x00000000c3890000, 0x00000000c3890000, 0x00000000c3aa0000)
 concurrent mark-sweep generation total 54616K, used 32767K [0x00000000d6e00000, 0x00000000da356000, 0x0000000100000000)
 Metaspace       used 41692K, capacity 43320K, committed 43720K, reserved 1087488K
  class space    used 5147K, capacity 5458K, committed 5580K, reserved 1048576K
}
2022-08-07T09:29:57.696+0000: 13.510: Application time: 0.0571556 seconds
2022-08-07T09:29:57.716+0000: 13.531: Application time: 0.0196577 seconds
2022-08-07T09:29:57.717+0000: 13.531: Application time: 0.0003333 seconds
2022-08-07T09:29:57.723+0000: 13.538: Application time: 0.0060525 seconds
2022-08-07T09:29:57.724+0000: 13.539: Application time: 0.0005992 seconds
2022-08-07T09:29:57.734+0000: 13.549: Application time: 0.0094106 seconds
{Heap before GC invocations=170 (full 10):
 par new generation   total 19008K, used 18074K [0x00000000c2600000, 0x00000000c3aa0000, 0x00000000d6e00000)
  eden space 16896K, 100% used [0x00000000c2600000, 0x00000000c3680000, 0x00000000c3680000)
  from space 2112K,  55% used [0x00000000c3680000, 0x00000000c37a6b98, 0x00000000c3890000)
  to   space 2112K,   0% used [0x00000000c3890000, 0x00000000c3890000, 0x00000000c3aa0000)
 concurrent mark-sweep generation total 54616K, used 32767K [0x00000000d6e00000, 0x00000000da356000, 0x0000000100000000)
 Metaspace       used 41709K, capacity 43326K, committed 43720K, reserved 1087488K
  class space    used 5148K, capacity 5459K, committed 5580K, reserved 1048576K
2022-08-07T09:29:57.735+0000: 13.549: [GC (Allocation Failure) 2022-08-07T09:29:57.739+0000: 13.554: [ParNew: 18074K->1404K(19008K), 0.0112202 secs] 50842K->34171K(73624K), 0.0163364 secs] [Times: user=0.02 sys=0.01, real=0.01 secs] 
Heap after GC invocations=171 (full 10):
 par new generation   total 19008K, used 1404K [0x00000000c2600000, 0x00000000c3aa0000, 0x00000000d6e00000)
  eden space 16896K,   0% used [0x00000000c2600000, 0x00000000c2600000, 0x00000000c3680000)
  from space 2112K,  66% used [0x00000000c3890000, 0x00000000c39ef288, 0x00000000c3aa0000)
  to   space 2112K,   0% used [0x00000000c3680000, 0x00000000c3680000, 0x00000000c3890000)
 concurrent mark-sweep generation total 54616K, used 32767K [0x00000000d6e00000, 0x00000000da356000, 0x0000000100000000)
 Metaspace       used 41709K, capacity 43326K, committed 43720K, reserved 1087488K
  class space    used 5148K, capacity 5459K, committed 5580K, reserved 1048576K
}
2022-08-07T09:29:57.846+0000: 13.661: Application time: 0.0940611 seconds
2022-08-07T09:29:57.858+0000: 13.673: Application time: 0.0115237 seconds
{Heap before GC invocations=171 (full 10):
 par new generation   total 19008K, used 18300K [0x00000000c2600000, 0x00000000c3aa0000, 0x00000000d6e00000)
  eden space 16896K, 100% used [0x00000000c2600000, 0x00000000c3680000, 0x00000000c3680000)
  from space 2112K,  66% used [0x00000000c3890000, 0x00000000c39ef288, 0x00000000c3aa0000)
  to   space 2112K,   0% used [0x00000000c3680000, 0x00000000c3680000, 0x00000000c3890000)
 concurrent mark-sweep generation total 54616K, used 32767K [0x00000000d6e00000, 0x00000000da356000, 0x0000000100000000)
 Metaspace       used 41732K, capacity 43330K, committed 43720K, reserved 1087488K
  class space    used 5152K, capacity 5461K, committed 5580K, reserved 1048576K
2022-08-07T09:29:57.859+0000: 13.673: [GC (Allocation Failure) 2022-08-07T09:29:57.859+0000: 13.674: [ParNew: 18300K->1648K(19008K), 0.0048957 secs] 51067K->34416K(73624K), 0.0058162 secs] [Times: user=0.02 sys=0.00, real=0.01 secs] 
Heap after GC invocations=172 (full 10):
 par new generation   total 19008K, used 1648K [0x00000000c2600000, 0x00000000c3aa0000, 0x00000000d6e00000)
  eden space 16896K,   0% used [0x00000000c2600000, 0x00000000c2600000, 0x00000000c3680000)
  from space 2112K,  78% used [0x00000000c3680000, 0x00000000c381c3a0, 0x00000000c3890000)
  to   space 2112K,   0% used [0x00000000c3890000, 0x00000000c3890000, 0x00000000c3aa0000)
 concurrent mark-sweep generation total 54616K, used 32767K [0x00000000d6e00000, 0x00000000da356000, 0x0000000100000000)
 Metaspace       used 41732K, capacity 43330K, committed 43720K, reserved 1087488K
  class space    used 5152K, capacity 5461K, committed 5580K, reserved 1048576K
}
2022-08-07T09:29:57.942+0000: 13.757: Application time: 0.0769683 seconds
2022-08-07T09:29:57.975+0000: 13.790: Application time: 0.0327486 seconds
2022-08-07T09:29:57.984+0000: 13.798: Application time: 0.0080070 seconds
{Heap before GC invocations=172 (full 10):
 par new generation   total 19008K, used 18544K [0x00000000c2600000, 0x00000000c3aa0000, 0x00000000d6e00000)
  eden space 16896K, 100% used [0x00000000c2600000, 0x00000000c3680000, 0x00000000c3680000)
  from space 2112K,  78% used [0x00000000c3680000, 0x00000000c381c3a0, 0x00000000c3890000)
  to   space 2112K,   0% used [0x00000000c3890000, 0x00000000c3890000, 0x00000000c3aa0000)
 concurrent mark-sweep generation total 54616K, used 32767K [0x00000000d6e00000, 0x00000000da356000, 0x0000000100000000)
 Metaspace       used 41773K, capacity 43394K, committed 43720K, reserved 1087488K
  class space    used 5157K, capacity 5461K, committed 5580K, reserved 1048576K
2022-08-07T09:29:57.984+0000: 13.799: [GC (Allocation Failure) 2022-08-07T09:29:57.985+0000: 13.799: [ParNew: 18544K->1370K(19008K), 0.0073986 secs] 51312K->34313K(73624K), 0.0081597 secs] [Times: user=0.02 sys=0.01, real=0.00 secs] 
Heap after GC invocations=173 (full 10):
 par new generation   total 19008K, used 1370K [0x00000000c2600000, 0x00000000c3aa0000, 0x00000000d6e00000)
  eden space 16896K,   0% used [0x00000000c2600000, 0x00000000c2600000, 0x00000000c3680000)
  from space 2112K,  64% used [0x00000000c3890000, 0x00000000c39e68c8, 0x00000000c3aa0000)
  to   space 2112K,   0% used [0x00000000c3680000, 0x00000000c3680000, 0x00000000c3890000)
 concurrent mark-sweep generation total 54616K, used 32943K [0x00000000d6e00000, 0x00000000da356000, 0x0000000100000000)
 Metaspace       used 41773K, capacity 43394K, committed 43720K, reserved 1087488K
  class space    used 5157K, capacity 5461K, committed 5580K, reserved 1048576K
}
2022-08-07T09:29:57.994+0000: 13.808: Application time: 0.0005053 seconds
2022-08-07T09:29:57.994+0000: 13.809: [GC (CMS Initial Mark) [1 CMS-initial-mark: 32943K(54616K)] 34638K(73624K), 0.0022634 secs] [Times: user=0.00 sys=0.00, real=0.00 secs] 
2022-08-07T09:29:57.997+0000: 13.812: [CMS-concurrent-mark-start]
2022-08-07T09:29:58.011+0000: 13.825: Application time: 0.0134285 seconds
2022-08-07T09:29:58.050+0000: 13.865: [CMS-concurrent-mark: 0.052/0.053 secs] [Times: user=0.18 sys=0.02, real=0.05 secs] 
2022-08-07T09:29:58.051+0000: 13.865: [CMS-concurrent-preclean-start]
2022-08-07T09:29:58.061+0000: 13.875: [CMS-concurrent-preclean: 0.006/0.010 secs] [Times: user=0.03 sys=0.01, real=0.01 secs] 
2022-08-07T09:29:58.061+0000: 13.876: [CMS-concurrent-abortable-preclean-start]
2022-08-07T09:29:58.075+0000: 13.890: Application time: 0.0639720 seconds
2022-08-07T09:29:58.081+0000: 13.895: Application time: 0.0053716 seconds
{Heap before GC invocations=173 (full 11):
 par new generation   total 19008K, used 18266K [0x00000000c2600000, 0x00000000c3aa0000, 0x00000000d6e00000)
  eden space 16896K, 100% used [0x00000000c2600000, 0x00000000c3680000, 0x00000000c3680000)
  from space 2112K,  64% used [0x00000000c3890000, 0x00000000c39e68c8, 0x00000000c3aa0000)
  to   space 2112K,   0% used [0x00000000c3680000, 0x00000000c3680000, 0x00000000c3890000)
 concurrent mark-sweep generation total 54616K, used 32943K [0x00000000d6e00000, 0x00000000da356000, 0x0000000100000000)
 Metaspace       used 41976K, capacity 43566K, committed 43976K, reserved 1087488K
  class space    used 5180K, capacity 5497K, committed 5580K, reserved 1048576K
2022-08-07T09:29:58.081+0000: 13.896: [GC (Allocation Failure) 2022-08-07T09:29:58.082+0000: 13.897: [ParNew: 18266K->1912K(19008K), 0.0029581 secs] 51209K->34855K(73624K), 0.0042425 secs] [Times: user=0.01 sys=0.00, real=0.01 secs] 
Heap after GC invocations=174 (full 11):
 par new generation   total 19008K, used 1912K [0x00000000c2600000, 0x00000000c3aa0000, 0x00000000d6e00000)
  eden space 16896K,   0% used [0x00000000c2600000, 0x00000000c2600000, 0x00000000c3680000)
  from space 2112K,  90% used [0x00000000c3680000, 0x00000000c385e2a8, 0x00000000c3890000)
  to   space 2112K,   0% used [0x00000000c3890000, 0x00000000c3890000, 0x00000000c3aa0000)
 concurrent mark-sweep generation total 54616K, used 32943K [0x00000000d6e00000, 0x00000000da356000, 0x0000000100000000)
 Metaspace       used 41976K, capacity 43566K, committed 43976K, reserved 1087488K
  class space    used 5180K, capacity 5497K, committed 5580K, reserved 1048576K
}
2022-08-07T09:29:58.098+0000: 13.913: Application time: 0.0123482 seconds
2022-08-07T09:29:58.099+0000: 13.914: Application time: 0.0004087 seconds
2022-08-07T09:29:58.111+0000: 13.925: Application time: 0.0112576 seconds
2022-08-07T09:29:58.121+0000: 13.935: [CMS-concurrent-abortable-preclean: 0.037/0.060 secs] [Times: user=0.15 sys=0.05, real=0.06 secs] 
2022-08-07T09:29:58.122+0000: 13.936: Application time: 0.0110442 seconds
2022-08-07T09:29:58.125+0000: 13.940: [GC (CMS Final Remark) [YG occupancy: 13121 K (19008 K)]2022-08-07T09:29:58.126+0000: 13.940: [Rescan (parallel) , 0.0143879 secs]2022-08-07T09:29:58.140+0000: 13.955: [weak refs processing, 0.0031902 secs]2022-08-07T09:29:58.144+0000: 13.958: [class unloading, 0.0072379 secs]2022-08-07T09:29:58.151+0000: 13.966: [scrub symbol table, 0.0084947 secs]2022-08-07T09:29:58.160+0000: 13.975: [scrub string table, 0.0008517 secs][1 CMS-remark: 32943K(54616K)] 46064K(73624K), 0.0361672 secs] [Times: user=0.09 sys=0.01, real=0.03 secs] 
2022-08-07T09:29:58.167+0000: 13.982: [CMS-concurrent-sweep-start]
2022-08-07T09:29:58.185+0000: 13.999: [CMS-concurrent-sweep: 0.017/0.017 secs] [Times: user=0.05 sys=0.01, real=0.02 secs] 
2022-08-07T09:29:58.185+0000: 14.000: [CMS-concurrent-reset-start]
2022-08-07T09:29:58.186+0000: 14.000: [CMS-concurrent-reset: 0.000/0.001 secs] [Times: user=0.00 sys=0.00, real=0.00 secs] 
2022-08-07T09:29:58.186+0000: 14.001: Application time: 0.0245663 seconds
{Heap before GC invocations=174 (full 11):
 par new generation   total 19008K, used 18808K [0x00000000c2600000, 0x00000000c3aa0000, 0x00000000d6e00000)
  eden space 16896K, 100% used [0x00000000c2600000, 0x00000000c3680000, 0x00000000c3680000)
  from space 2112K,  90% used [0x00000000c3680000, 0x00000000c385e2a8, 0x00000000c3890000)
  to   space 2112K,   0% used [0x00000000c3890000, 0x00000000c3890000, 0x00000000c3aa0000)
 concurrent mark-sweep generation total 54808K, used 32846K [0x00000000d6e00000, 0x00000000da386000, 0x0000000100000000)
 Metaspace       used 41983K, capacity 43636K, committed 43976K, reserved 1087488K
  class space    used 5181K, capacity 5498K, committed 5580K, reserved 1048576K
2022-08-07T09:29:58.187+0000: 14.001: [GC (Allocation Failure) 2022-08-07T09:29:58.187+0000: 14.002: [ParNew: 18808K->1191K(19008K), 0.0035525 secs] 51655K->34527K(73816K), 0.0042929 secs] [Times: user=0.01 sys=0.00, real=0.00 secs] 
Heap after GC invocations=175 (full 11):
 par new generation   total 19008K, used 1191K [0x00000000c2600000, 0x00000000c3aa0000, 0x00000000d6e00000)
  eden space 16896K,   0% used [0x00000000c2600000, 0x00000000c2600000, 0x00000000c3680000)
  from space 2112K,  56% used [0x00000000c3890000, 0x00000000c39b9f40, 0x00000000c3aa0000)
  to   space 2112K,   0% used [0x00000000c3680000, 0x00000000c3680000, 0x00000000c3890000)
 concurrent mark-sweep generation total 54808K, used 33335K [0x00000000d6e00000, 0x00000000da386000, 0x0000000100000000)
 Metaspace       used 41983K, capacity 43636K, committed 43976K, reserved 1087488K
  class space    used 5181K, capacity 5498K, committed 5580K, reserved 1048576K
}
2022-08-07T09:29:58.231+0000: 14.046: Application time: 0.0395842 seconds
{Heap before GC invocations=175 (full 11):
 par new generation   total 19008K, used 18087K [0x00000000c2600000, 0x00000000c3aa0000, 0x00000000d6e00000)
  eden space 16896K, 100% used [0x00000000c2600000, 0x00000000c3680000, 0x00000000c3680000)
  from space 2112K,  56% used [0x00000000c3890000, 0x00000000c39b9f40, 0x00000000c3aa0000)
  to   space 2112K,   0% used [0x00000000c3680000, 0x00000000c3680000, 0x00000000c3890000)
 concurrent mark-sweep generation total 54808K, used 33335K [0x00000000d6e00000, 0x00000000da386000, 0x0000000100000000)
 Metaspace       used 41992K, capacity 43636K, committed 43976K, reserved 1087488K
  class space    used 5182K, capacity 5498K, committed 5580K, reserved 1048576K
2022-08-07T09:29:58.233+0000: 14.048: [GC (Allocation Failure) 2022-08-07T09:29:58.233+0000: 14.048: [ParNew: 18087K->1357K(19008K), 0.0023713 secs] 51423K->34693K(73816K), 0.0030263 secs] [Times: user=0.01 sys=0.00, real=0.00 secs] 
Heap after GC invocations=176 (full 11):
 par new generation   total 19008K, used 1357K [0x00000000c2600000, 0x00000000c3aa0000, 0x00000000d6e00000)
  eden space 16896K,   0% used [0x00000000c2600000, 0x00000000c2600000, 0x00000000c3680000)
  from space 2112K,  64% used [0x00000000c3680000, 0x00000000c37d37e0, 0x00000000c3890000)
  to   space 2112K,   0% used [0x00000000c3890000, 0x00000000c3890000, 0x00000000c3aa0000)
 concurrent mark-sweep generation total 54808K, used 33335K [0x00000000d6e00000, 0x00000000da386000, 0x0000000100000000)
 Metaspace       used 41992K, capacity 43636K, committed 43976K, reserved 1087488K
  class space    used 5182K, capacity 5498K, committed 5580K, reserved 1048576K
}
2022-08-07T09:29:58.237+0000: 14.051: Application time: 0.0002120 seconds
2022-08-07T09:29:58.239+0000: 14.053: [GC (CMS Initial Mark) [1 CMS-initial-mark: 33335K(54808K)] 35027K(73816K), 0.0015095 secs] [Times: user=0.00 sys=0.00, real=0.00 secs] 
2022-08-07T09:29:58.241+0000: 14.056: [CMS-concurrent-mark-start]
2022-08-07T09:29:58.291+0000: 14.106: Application time: 0.0505792 seconds
{Heap before GC invocations=176 (full 12):
 par new generation   total 19008K, used 18253K [0x00000000c2600000, 0x00000000c3aa0000, 0x00000000d6e00000)
  eden space 16896K, 100% used [0x00000000c2600000, 0x00000000c3680000, 0x00000000c3680000)
  from space 2112K,  64% used [0x00000000c3680000, 0x00000000c37d37e0, 0x00000000c3890000)
  to   space 2112K,   0% used [0x00000000c3890000, 0x00000000c3890000, 0x00000000c3aa0000)
 concurrent mark-sweep generation total 54808K, used 33335K [0x00000000d6e00000, 0x00000000da386000, 0x0000000100000000)
 Metaspace       used 42026K, capacity 43636K, committed 43976K, reserved 1087488K
  class space    used 5183K, capacity 5498K, committed 5580K, reserved 1048576K
2022-08-07T09:29:58.292+0000: 14.106: [GC (Allocation Failure) 2022-08-07T09:29:58.292+0000: 14.107: [ParNew: 18253K->1561K(19008K), 0.0027816 secs] 51589K->34896K(73816K), 0.0037122 secs] [Times: user=0.00 sys=0.00, real=0.01 secs] 
Heap after GC invocations=177 (full 12):
 par new generation   total 19008K, used 1561K [0x00000000c2600000, 0x00000000c3aa0000, 0x00000000d6e00000)
  eden space 16896K,   0% used [0x00000000c2600000, 0x00000000c2600000, 0x00000000c3680000)
  from space 2112K,  73% used [0x00000000c3890000, 0x00000000c3a165f8, 0x00000000c3aa0000)
  to   space 2112K,   0% used [0x00000000c3680000, 0x00000000c3680000, 0x00000000c3890000)
 concurrent mark-sweep generation total 54808K, used 33335K [0x00000000d6e00000, 0x00000000da386000, 0x0000000100000000)
 Metaspace       used 42026K, capacity 43636K, committed 43976K, reserved 1087488K
  class space    used 5183K, capacity 5498K, committed 5580K, reserved 1048576K
}
2022-08-07T09:29:58.304+0000: 14.118: [CMS-concurrent-mark: 0.055/0.063 secs] [Times: user=0.20 sys=0.03, real=0.07 secs] 
2022-08-07T09:29:58.305+0000: 14.120: [CMS-concurrent-preclean-start]
2022-08-07T09:29:58.362+0000: 14.176: Application time: 0.0659785 seconds
{Heap before GC invocations=177 (full 12):
 par new generation   total 19008K, used 18457K [0x00000000c2600000, 0x00000000c3aa0000, 0x00000000d6e00000)
  eden space 16896K, 100% used [0x00000000c2600000, 0x00000000c3680000, 0x00000000c3680000)
  from space 2112K,  73% used [0x00000000c3890000, 0x00000000c3a165f8, 0x00000000c3aa0000)
  to   space 2112K,   0% used [0x00000000c3680000, 0x00000000c3680000, 0x00000000c3890000)
 concurrent mark-sweep generation total 54808K, used 33335K [0x00000000d6e00000, 0x00000000da386000, 0x0000000100000000)
 Metaspace       used 42061K, capacity 43636K, committed 43976K, reserved 1087488K
  class space    used 5187K, capacity 5498K, committed 5580K, reserved 1048576K
2022-08-07T09:29:58.362+0000: 14.177: [GC (Allocation Failure) 2022-08-07T09:29:58.363+0000: 14.177: [ParNew: 18457K->1523K(19008K), 0.0042457 secs] 51792K->34858K(73816K), 0.0050222 secs] [Times: user=0.01 sys=0.00, real=0.01 secs] 
Heap after GC invocations=178 (full 12):
 par new generation   total 19008K, used 1523K [0x00000000c2600000, 0x00000000c3aa0000, 0x00000000d6e00000)
  eden space 16896K,   0% used [0x00000000c2600000, 0x00000000c2600000, 0x00000000c3680000)
  from space 2112K,  72% used [0x00000000c3680000, 0x00000000c37fce50, 0x00000000c3890000)
  to   space 2112K,   0% used [0x00000000c3890000, 0x00000000c3890000, 0x00000000c3aa0000)
 concurrent mark-sweep generation total 54808K, used 33335K [0x00000000d6e00000, 0x00000000da386000, 0x0000000100000000)
 Metaspace       used 42061K, capacity 43636K, committed 43976K, reserved 1087488K
  class space    used 5187K, capacity 5498K, committed 5580K, reserved 1048576K
}
2022-08-07T09:29:58.371+0000: 14.186: [CMS-concurrent-preclean: 0.035/0.066 secs] [Times: user=0.13 sys=0.04, real=0.06 secs] 
2022-08-07T09:29:58.372+0000: 14.186: Application time: 0.0037734 seconds
2022-08-07T09:29:58.372+0000: 14.187: [GC (CMS Final Remark) [YG occupancy: 1860 K (19008 K)]2022-08-07T09:29:58.372+0000: 14.187: [Rescan (parallel) , 0.0031616 secs]2022-08-07T09:29:58.376+0000: 14.190: [weak refs processing, 0.0017155 secs]2022-08-07T09:29:58.378+0000: 14.192: [class unloading, 0.0069880 secs]2022-08-07T09:29:58.385+0000: 14.200: [scrub symbol table, 0.0067412 secs]2022-08-07T09:29:58.392+0000: 14.207: [scrub string table, 0.0009195 secs][1 CMS-remark: 33335K(54808K)] 35195K(73816K), 0.0215482 secs] [Times: user=0.05 sys=0.00, real=0.03 secs] 
2022-08-07T09:29:58.394+0000: 14.209: [CMS-concurrent-sweep-start]
2022-08-07T09:29:58.409+0000: 14.224: [CMS-concurrent-sweep: 0.015/0.015 secs] [Times: user=0.05 sys=0.00, real=0.01 secs] 
2022-08-07T09:29:58.410+0000: 14.224: [CMS-concurrent-reset-start]
2022-08-07T09:29:58.410+0000: 14.225: [CMS-concurrent-reset: 0.001/0.001 secs] [Times: user=0.00 sys=0.01, real=0.00 secs] 
2022-08-07T09:29:58.411+0000: 14.225: Application time: 0.0165568 seconds
2022-08-07T09:29:58.412+0000: 14.227: Application time: 0.0014497 seconds
2022-08-07T09:29:58.413+0000: 14.228: Application time: 0.0004822 seconds
2022-08-07T09:29:58.456+0000: 14.271: Application time: 0.0428920 seconds
2022-08-07T09:29:58.549+0000: 14.364: Application time: 0.0920860 seconds
2022-08-07T09:29:58.551+0000: 14.365: Application time: 0.0014723 seconds
{Heap before GC invocations=178 (full 12):
 par new generation   total 19008K, used 18419K [0x00000000c2600000, 0x00000000c3aa0000, 0x00000000d6e00000)
  eden space 16896K, 100% used [0x00000000c2600000, 0x00000000c3680000, 0x00000000c3680000)
  from space 2112K,  72% used [0x00000000c3680000, 0x00000000c37fce50, 0x00000000c3890000)
  to   space 2112K,   0% used [0x00000000c3890000, 0x00000000c3890000, 0x00000000c3aa0000)
 concurrent mark-sweep generation total 55500K, used 33297K [0x00000000d6e00000, 0x00000000da433000, 0x0000000100000000)
 Metaspace       used 42520K, capacity 44332K, committed 44616K, reserved 1087488K
  class space    used 5279K, capacity 5654K, committed 5708K, reserved 1048576K
2022-08-07T09:29:58.552+0000: 14.367: [GC (Allocation Failure) 2022-08-07T09:29:58.552+0000: 14.367: [ParNew: 18419K->2111K(19008K), 0.0244717 secs] 51717K->35678K(74508K), 0.0252503 secs] [Times: user=0.05 sys=0.00, real=0.03 secs] 
Heap after GC invocations=179 (full 12):
 par new generation   total 19008K, used 2111K [0x00000000c2600000, 0x00000000c3aa0000, 0x00000000d6e00000)
  eden space 16896K,   0% used [0x00000000c2600000, 0x00000000c2600000, 0x00000000c3680000)
  from space 2112K,  99% used [0x00000000c3890000, 0x00000000c3a9fff8, 0x00000000c3aa0000)
  to   space 2112K,   0% used [0x00000000c3680000, 0x00000000c3680000, 0x00000000c3890000)
 concurrent mark-sweep generation total 55500K, used 33566K [0x00000000d6e00000, 0x00000000da433000, 0x0000000100000000)
 Metaspace       used 42520K, capacity 44332K, committed 44616K, reserved 1087488K
  class space    used 5279K, capacity 5654K, committed 5708K, reserved 1048576K
}
2022-08-07T09:29:58.587+0000: 14.402: Application time: 0.0067953 seconds
2022-08-07T09:29:58.588+0000: 14.402: [GC (CMS Initial Mark) [1 CMS-initial-mark: 33566K(55500K)] 36016K(74508K), 0.0084128 secs] [Times: user=0.02 sys=0.00, real=0.01 secs] 
2022-08-07T09:29:58.597+0000: 14.411: [CMS-concurrent-mark-start]
2022-08-07T09:29:58.681+0000: 14.496: [CMS-concurrent-mark: 0.084/0.084 secs] [Times: user=0.24 sys=0.04, real=0.08 secs] 
2022-08-07T09:29:58.681+0000: 14.496: [CMS-concurrent-preclean-start]
2022-08-07T09:29:58.692+0000: 14.506: [CMS-concurrent-preclean: 0.007/0.010 secs] [Times: user=0.03 sys=0.01, real=0.01 secs] 
2022-08-07T09:29:58.692+0000: 14.507: [CMS-concurrent-abortable-preclean-start]
2022-08-07T09:29:58.706+0000: 14.521: Application time: 0.1095274 seconds
{Heap before GC invocations=179 (full 13):
 par new generation   total 19008K, used 19007K [0x00000000c2600000, 0x00000000c3aa0000, 0x00000000d6e00000)
  eden space 16896K, 100% used [0x00000000c2600000, 0x00000000c3680000, 0x00000000c3680000)
  from space 2112K,  99% used [0x00000000c3890000, 0x00000000c3a9fff8, 0x00000000c3aa0000)
  to   space 2112K,   0% used [0x00000000c3680000, 0x00000000c3680000, 0x00000000c3890000)
 concurrent mark-sweep generation total 55500K, used 33566K [0x00000000d6e00000, 0x00000000da433000, 0x0000000100000000)
 Metaspace       used 43075K, capacity 44916K, committed 45256K, reserved 1089536K
  class space    used 5362K, capacity 5732K, committed 5836K, reserved 1048576K
2022-08-07T09:29:58.707+0000: 14.521: [GC (Allocation Failure) 2022-08-07T09:29:58.707+0000: 14.522: [ParNew: 19007K->1342K(19008K), 0.0082364 secs] 52574K->35326K(74508K), 0.0090067 secs] [Times: user=0.01 sys=0.01, real=0.01 secs] 
Heap after GC invocations=180 (full 13):
 par new generation   total 19008K, used 1342K [0x00000000c2600000, 0x00000000c3aa0000, 0x00000000d6e00000)
  eden space 16896K,   0% used [0x00000000c2600000, 0x00000000c2600000, 0x00000000c3680000)
  from space 2112K,  63% used [0x00000000c3680000, 0x00000000c37cfb30, 0x00000000c3890000)
  to   space 2112K,   0% used [0x00000000c3890000, 0x00000000c3890000, 0x00000000c3aa0000)
 concurrent mark-sweep generation total 55500K, used 33983K [0x00000000d6e00000, 0x00000000da433000, 0x0000000100000000)
 Metaspace       used 43075K, capacity 44916K, committed 45256K, reserved 1089536K
  class space    used 5362K, capacity 5732K, committed 5836K, reserved 1048576K
}
2022-08-07T09:29:58.730+0000: 14.544: Application time: 0.0135642 seconds
2022-08-07T09:29:58.799+0000: 14.614: [CMS-concurrent-abortable-preclean: 0.069/0.107 secs] [Times: user=0.18 sys=0.09, real=0.11 secs] 
2022-08-07T09:29:58.801+0000: 14.615: Application time: 0.0699354 seconds
2022-08-07T09:29:58.803+0000: 14.617: [GC (CMS Final Remark) [YG occupancy: 13538 K (19008 K)]2022-08-07T09:29:58.803+0000: 14.618: [Rescan (parallel) , 0.0085433 secs]2022-08-07T09:29:58.813+0000: 14.627: [weak refs processing, 0.0012690 secs]2022-08-07T09:29:58.814+0000: 14.629: [class unloading, 0.0346359 secs]2022-08-07T09:29:58.849+0000: 14.664: [scrub symbol table, 0.0122539 secs]2022-08-07T09:29:58.862+0000: 14.676: [scrub string table, 0.0010001 secs][1 CMS-remark: 33983K(55500K)] 47521K(74508K), 0.0603185 secs] [Times: user=0.09 sys=0.03, real=0.07 secs] 
2022-08-07T09:29:58.870+0000: 14.685: [CMS-concurrent-sweep-start]
2022-08-07T09:29:58.895+0000: 14.710: [CMS-concurrent-sweep: 0.025/0.025 secs] [Times: user=0.06 sys=0.02, real=0.03 secs] 
2022-08-07T09:29:58.896+0000: 14.710: [CMS-concurrent-reset-start]
2022-08-07T09:29:58.897+0000: 14.711: [CMS-concurrent-reset: 0.001/0.001 secs] [Times: user=0.00 sys=0.00, real=0.00 secs] 
2022-08-07T09:29:58.902+0000: 14.717: Application time: 0.0382856 seconds
{Heap before GC invocations=180 (full 13):
 par new generation   total 19008K, used 18238K [0x00000000c2600000, 0x00000000c3aa0000, 0x00000000d6e00000)
  eden space 16896K, 100% used [0x00000000c2600000, 0x00000000c3680000, 0x00000000c3680000)
  from space 2112K,  63% used [0x00000000c3680000, 0x00000000c37cfb30, 0x00000000c3890000)
  to   space 2112K,   0% used [0x00000000c3890000, 0x00000000c3890000, 0x00000000c3aa0000)
 concurrent mark-sweep generation total 56596K, used 33957K [0x00000000d6e00000, 0x00000000da545000, 0x0000000100000000)
 Metaspace       used 43256K, capacity 45174K, committed 45256K, reserved 1089536K
  class space    used 5391K, capacity 5771K, committed 5836K, reserved 1048576K
2022-08-07T09:29:58.903+0000: 14.717: [GC (Allocation Failure) 2022-08-07T09:29:58.903+0000: 14.717: [ParNew: 18238K->1294K(19008K), 0.0068170 secs] 52196K->35434K(75604K), 0.0076839 secs] [Times: user=0.01 sys=0.00, real=0.01 secs] 
Heap after GC invocations=181 (full 13):
 par new generation   total 19008K, used 1294K [0x00000000c2600000, 0x00000000c3aa0000, 0x00000000d6e00000)
  eden space 16896K,   0% used [0x00000000c2600000, 0x00000000c2600000, 0x00000000c3680000)
  from space 2112K,  61% used [0x00000000c3890000, 0x00000000c39d3a08, 0x00000000c3aa0000)
  to   space 2112K,   0% used [0x00000000c3680000, 0x00000000c3680000, 0x00000000c3890000)
 concurrent mark-sweep generation total 56596K, used 34140K [0x00000000d6e00000, 0x00000000da545000, 0x0000000100000000)
 Metaspace       used 43256K, capacity 45174K, committed 45256K, reserved 1089536K
  class space    used 5391K, capacity 5771K, committed 5836K, reserved 1048576K
}
2022-08-07T09:29:58.913+0000: 14.727: Application time: 0.0014929 seconds
2022-08-07T09:29:58.913+0000: 14.727: [GC (CMS Initial Mark) [1 CMS-initial-mark: 34140K(56596K)] 35882K(75604K), 0.0027887 secs] [Times: user=0.01 sys=0.00, real=0.01 secs] 
2022-08-07T09:29:58.917+0000: 14.731: [CMS-concurrent-mark-start]
2022-08-07T09:29:58.939+0000: 14.753: Application time: 0.0226463 seconds
2022-08-07T09:29:58.940+0000: 14.754: Application time: 0.0003380 seconds
2022-08-07T09:29:58.940+0000: 14.755: Application time: 0.0003892 seconds
2022-08-07T09:29:58.965+0000: 14.779: Application time: 0.0244026 seconds
{Heap before GC invocations=181 (full 14):
 par new generation   total 19008K, used 18190K [0x00000000c2600000, 0x00000000c3aa0000, 0x00000000d6e00000)
  eden space 16896K, 100% used [0x00000000c2600000, 0x00000000c3680000, 0x00000000c3680000)
  from space 2112K,  61% used [0x00000000c3890000, 0x00000000c39d3a08, 0x00000000c3aa0000)
  to   space 2112K,   0% used [0x00000000c3680000, 0x00000000c3680000, 0x00000000c3890000)
 concurrent mark-sweep generation total 56596K, used 34140K [0x00000000d6e00000, 0x00000000da545000, 0x0000000100000000)
 Metaspace       used 43286K, capacity 45184K, committed 45256K, reserved 1089536K
  class space    used 5397K, capacity 5774K, committed 5836K, reserved 1048576K
2022-08-07T09:29:58.966+0000: 14.780: [GC (Allocation Failure) 2022-08-07T09:29:58.966+0000: 14.780: [ParNew: 18190K->1595K(19008K), 0.0047813 secs] 52330K->35736K(75604K), 0.0055368 secs] [Times: user=0.02 sys=0.00, real=0.00 secs] 
Heap after GC invocations=182 (full 14):
 par new generation   total 19008K, used 1595K [0x00000000c2600000, 0x00000000c3aa0000, 0x00000000d6e00000)
  eden space 16896K,   0% used [0x00000000c2600000, 0x00000000c2600000, 0x00000000c3680000)
  from space 2112K,  75% used [0x00000000c3680000, 0x00000000c380efe0, 0x00000000c3890000)
  to   space 2112K,   0% used [0x00000000c3890000, 0x00000000c3890000, 0x00000000c3aa0000)
 concurrent mark-sweep generation total 56596K, used 34140K [0x00000000d6e00000, 0x00000000da545000, 0x0000000100000000)
 Metaspace       used 43286K, capacity 45184K, committed 45256K, reserved 1089536K
  class space    used 5397K, capacity 5774K, committed 5836K, reserved 1048576K
}
2022-08-07T09:29:58.984+0000: 14.798: [CMS-concurrent-mark: 0.059/0.067 secs] [Times: user=0.23 sys=0.02, real=0.07 secs] 
2022-08-07T09:29:58.985+0000: 14.800: [CMS-concurrent-preclean-start]
2022-08-07T09:29:59.007+0000: 14.821: Application time: 0.0350261 seconds
{Heap before GC invocations=182 (full 14):
 par new generation   total 19008K, used 18491K [0x00000000c2600000, 0x00000000c3aa0000, 0x00000000d6e00000)
  eden space 16896K, 100% used [0x00000000c2600000, 0x00000000c3680000, 0x00000000c3680000)
  from space 2112K,  75% used [0x00000000c3680000, 0x00000000c380efe0, 0x00000000c3890000)
  to   space 2112K,   0% used [0x00000000c3890000, 0x00000000c3890000, 0x00000000c3aa0000)
 concurrent mark-sweep generation total 56596K, used 34140K [0x00000000d6e00000, 0x00000000da545000, 0x0000000100000000)
 Metaspace       used 43292K, capacity 45184K, committed 45256K, reserved 1089536K
  class space    used 5397K, capacity 5774K, committed 5836K, reserved 1048576K
2022-08-07T09:29:59.007+0000: 14.822: [GC (Allocation Failure) 2022-08-07T09:29:59.008+0000: 14.822: [ParNew: 18491K->1453K(19008K), 0.0047205 secs] 52632K->35741K(75604K), 0.0053943 secs] [Times: user=0.02 sys=0.00, real=0.00 secs] 
Heap after GC invocations=183 (full 14):
 par new generation   total 19008K, used 1453K [0x00000000c2600000, 0x00000000c3aa0000, 0x00000000d6e00000)
  eden space 16896K,   0% used [0x00000000c2600000, 0x00000000c2600000, 0x00000000c3680000)
  from space 2112K,  68% used [0x00000000c3890000, 0x00000000c39fb5a8, 0x00000000c3aa0000)
  to   space 2112K,   0% used [0x00000000c3680000, 0x00000000c3680000, 0x00000000c3890000)
 concurrent mark-sweep generation total 56596K, used 34288K [0x00000000d6e00000, 0x00000000da545000, 0x0000000100000000)
 Metaspace       used 43292K, capacity 45184K, committed 45256K, reserved 1089536K
  class space    used 5397K, capacity 5774K, committed 5836K, reserved 1048576K
}
2022-08-07T09:29:59.013+0000: 14.828: [CMS-concurrent-preclean: 0.013/0.028 secs] [Times: user=0.09 sys=0.02, real=0.03 secs] 
2022-08-07T09:29:59.015+0000: 14.829: Application time: 0.0013203 seconds
2022-08-07T09:29:59.015+0000: 14.829: [GC (CMS Final Remark) [YG occupancy: 1837 K (19008 K)]2022-08-07T09:29:59.015+0000: 14.830: [Rescan (parallel) , 0.0031296 secs]2022-08-07T09:29:59.019+0000: 14.833: [weak refs processing, 0.0013547 secs]2022-08-07T09:29:59.020+0000: 14.835: [class unloading, 0.0098133 secs]2022-08-07T09:29:59.031+0000: 14.845: [scrub symbol table, 0.0074246 secs]2022-08-07T09:29:59.038+0000: 14.853: [scrub string table, 0.0008756 secs][1 CMS-remark: 34288K(56596K)] 36125K(75604K), 0.0291694 secs] [Times: user=0.08 sys=0.00, real=0.03 secs] 
2022-08-07T09:29:59.048+0000: 14.863: [CMS-concurrent-sweep-start]
2022-08-07T09:29:59.063+0000: 14.877: [CMS-concurrent-sweep: 0.015/0.015 secs] [Times: user=0.04 sys=0.01, real=0.01 secs] 
2022-08-07T09:29:59.063+0000: 14.878: [CMS-concurrent-reset-start]
2022-08-07T09:29:59.064+0000: 14.878: [CMS-concurrent-reset: 0.001/0.001 secs] [Times: user=0.00 sys=0.00, real=0.00 secs] 
2022-08-07T09:29:59.098+0000: 14.912: Application time: 0.0530855 seconds
{Heap before GC invocations=183 (full 14):
 par new generation   total 19008K, used 18349K [0x00000000c2600000, 0x00000000c3aa0000, 0x00000000d6e00000)
  eden space 16896K, 100% used [0x00000000c2600000, 0x00000000c3680000, 0x00000000c3680000)
  from space 2112K,  68% used [0x00000000c3890000, 0x00000000c39fb5a8, 0x00000000c3aa0000)
  to   space 2112K,   0% used [0x00000000c3680000, 0x00000000c3680000, 0x00000000c3890000)
 concurrent mark-sweep generation total 56596K, used 33901K [0x00000000d6e00000, 0x00000000da545000, 0x0000000100000000)
 Metaspace       used 43293K, capacity 45242K, committed 45512K, reserved 1089536K
  class space    used 5397K, capacity 5773K, committed 5836K, reserved 1048576K
2022-08-07T09:29:59.098+0000: 14.913: [GC (Allocation Failure) 2022-08-07T09:29:59.099+0000: 14.914: [ParNew: 18349K->1466K(19008K), 0.0041874 secs] 52251K->35368K(75604K), 0.0056748 secs] [Times: user=0.02 sys=0.00, real=0.01 secs] 
Heap after GC invocations=184 (full 14):
 par new generation   total 19008K, used 1466K [0x00000000c2600000, 0x00000000c3aa0000, 0x00000000d6e00000)
  eden space 16896K,   0% used [0x00000000c2600000, 0x00000000c2600000, 0x00000000c3680000)
  from space 2112K,  69% used [0x00000000c3680000, 0x00000000c37eea40, 0x00000000c3890000)
  to   space 2112K,   0% used [0x00000000c3890000, 0x00000000c3890000, 0x00000000c3aa0000)
 concurrent mark-sweep generation total 56596K, used 33901K [0x00000000d6e00000, 0x00000000da545000, 0x0000000100000000)
 Metaspace       used 43293K, capacity 45242K, committed 45512K, reserved 1089536K
  class space    used 5397K, capacity 5773K, committed 5836K, reserved 1048576K
}
2022-08-07T09:29:59.118+0000: 14.933: Application time: 0.0139324 seconds
2022-08-07T09:29:59.120+0000: 14.935: Application time: 0.0013807 seconds
2022-08-07T09:29:59.175+0000: 14.990: Application time: 0.0541853 seconds
{Heap before GC invocations=184 (full 14):
 par new generation   total 19008K, used 18362K [0x00000000c2600000, 0x00000000c3aa0000, 0x00000000d6e00000)
  eden space 16896K, 100% used [0x00000000c2600000, 0x00000000c3680000, 0x00000000c3680000)
  from space 2112K,  69% used [0x00000000c3680000, 0x00000000c37eea40, 0x00000000c3890000)
  to   space 2112K,   0% used [0x00000000c3890000, 0x00000000c3890000, 0x00000000c3aa0000)
 concurrent mark-sweep generation total 56596K, used 33901K [0x00000000d6e00000, 0x00000000da545000, 0x0000000100000000)
 Metaspace       used 43369K, capacity 45342K, committed 45512K, reserved 1089536K
  class space    used 5407K, capacity 5807K, committed 5836K, reserved 1048576K
2022-08-07T09:29:59.177+0000: 14.991: [GC (Allocation Failure) 2022-08-07T09:29:59.177+0000: 14.992: [ParNew: 18362K->1522K(19008K), 0.0049512 secs] 52264K->35757K(75604K), 0.0056477 secs] [Times: user=0.02 sys=0.01, real=0.00 secs] 
Heap after GC invocations=185 (full 14):
 par new generation   total 19008K, used 1522K [0x00000000c2600000, 0x00000000c3aa0000, 0x00000000d6e00000)
  eden space 16896K,   0% used [0x00000000c2600000, 0x00000000c2600000, 0x00000000c3680000)
  from space 2112K,  72% used [0x00000000c3890000, 0x00000000c3a0c820, 0x00000000c3aa0000)
  to   space 2112K,   0% used [0x00000000c3680000, 0x00000000c3680000, 0x00000000c3890000)
 concurrent mark-sweep generation total 56596K, used 34235K [0x00000000d6e00000, 0x00000000da545000, 0x0000000100000000)
 Metaspace       used 43369K, capacity 45342K, committed 45512K, reserved 1089536K
  class space    used 5407K, capacity 5807K, committed 5836K, reserved 1048576K
}
2022-08-07T09:29:59.186+0000: 15.000: Application time: 0.0028088 seconds
2022-08-07T09:29:59.186+0000: 15.001: [GC (CMS Initial Mark) [1 CMS-initial-mark: 34235K(56596K)] 36136K(75604K), 0.0023902 secs] [Times: user=0.01 sys=0.00, real=0.00 secs] 
2022-08-07T09:29:59.189+0000: 15.004: [CMS-concurrent-mark-start]
2022-08-07T09:29:59.273+0000: 15.088: [CMS-concurrent-mark: 0.084/0.084 secs] [Times: user=0.22 sys=0.02, real=0.08 secs] 
2022-08-07T09:29:59.274+0000: 15.088: Application time: 0.0844799 seconds
{Heap before GC invocations=185 (full 15):
 par new generation   total 19008K, used 18418K [0x00000000c2600000, 0x00000000c3aa0000, 0x00000000d6e00000)
  eden space 16896K, 100% used [0x00000000c2600000, 0x00000000c3680000, 0x00000000c3680000)
  from space 2112K,  72% used [0x00000000c3890000, 0x00000000c3a0c820, 0x00000000c3aa0000)
  to   space 2112K,   0% used [0x00000000c3680000, 0x00000000c3680000, 0x00000000c3890000)
 concurrent mark-sweep generation total 56596K, used 34235K [0x00000000d6e00000, 0x00000000da545000, 0x0000000100000000)
 Metaspace       used 43420K, capacity 45348K, committed 45512K, reserved 1089536K
  class space    used 5416K, capacity 5810K, committed 5836K, reserved 1048576K
2022-08-07T09:29:59.274+0000: 15.088: [GC (Allocation Failure) 2022-08-07T09:29:59.275+0000: 15.089: [ParNew: 18418K->1389K(19008K), 0.0056574 secs] 52653K->35843K(75604K), 0.0067091 secs] [Times: user=0.01 sys=0.00, real=0.00 secs] 
Heap after GC invocations=186 (full 15):
 par new generation   total 19008K, used 1389K [0x00000000c2600000, 0x00000000c3aa0000, 0x00000000d6e00000)
  eden space 16896K,   0% used [0x00000000c2600000, 0x00000000c2600000, 0x00000000c3680000)
  from space 2112K,  65% used [0x00000000c3680000, 0x00000000c37db780, 0x00000000c3890000)
  to   space 2112K,   0% used [0x00000000c3890000, 0x00000000c3890000, 0x00000000c3aa0000)
 concurrent mark-sweep generation total 56596K, used 34453K [0x00000000d6e00000, 0x00000000da545000, 0x0000000100000000)
 Metaspace       used 43420K, capacity 45348K, committed 45512K, reserved 1089536K
  class space    used 5416K, capacity 5810K, committed 5836K, reserved 1048576K
}
2022-08-07T09:29:59.281+0000: 15.096: [CMS-concurrent-preclean-start]
2022-08-07T09:29:59.324+0000: 15.138: [CMS-concurrent-preclean: 0.024/0.042 secs] [Times: user=0.12 sys=0.05, real=0.05 secs] 
2022-08-07T09:29:59.324+0000: 15.139: [CMS-concurrent-abortable-preclean-start]
2022-08-07T09:29:59.328+0000: 15.142: Application time: 0.0467117 seconds
{Heap before GC invocations=186 (full 15):
 par new generation   total 19008K, used 18285K [0x00000000c2600000, 0x00000000c3aa0000, 0x00000000d6e00000)
  eden space 16896K, 100% used [0x00000000c2600000, 0x00000000c3680000, 0x00000000c3680000)
  from space 2112K,  65% used [0x00000000c3680000, 0x00000000c37db780, 0x00000000c3890000)
  to   space 2112K,   0% used [0x00000000c3890000, 0x00000000c3890000, 0x00000000c3aa0000)
 concurrent mark-sweep generation total 56596K, used 34453K [0x00000000d6e00000, 0x00000000da545000, 0x0000000100000000)
 Metaspace       used 43450K, capacity 45364K, committed 45512K, reserved 1089536K
  class space    used 5420K, capacity 5814K, committed 5836K, reserved 1048576K
2022-08-07T09:29:59.328+0000: 15.143: [GC (Allocation Failure) 2022-08-07T09:29:59.328+0000: 15.143: [ParNew: 18285K->1468K(19008K), 0.0031218 secs] 52739K->36121K(75604K), 0.0037971 secs] [Times: user=0.02 sys=0.00, real=0.00 secs] 
Heap after GC invocations=187 (full 15):
 par new generation   total 19008K, used 1468K [0x00000000c2600000, 0x00000000c3aa0000, 0x00000000d6e00000)
  eden space 16896K,   0% used [0x00000000c2600000, 0x00000000c2600000, 0x00000000c3680000)
  from space 2112K,  69% used [0x00000000c3890000, 0x00000000c39ff300, 0x00000000c3aa0000)
  to   space 2112K,   0% used [0x00000000c3680000, 0x00000000c3680000, 0x00000000c3890000)
 concurrent mark-sweep generation total 56596K, used 34652K [0x00000000d6e00000, 0x00000000da545000, 0x0000000100000000)
 Metaspace       used 43450K, capacity 45364K, committed 45512K, reserved 1089536K
  class space    used 5420K, capacity 5814K, committed 5836K, reserved 1048576K
}
2022-08-07T09:29:59.369+0000: 15.183: [CMS-concurrent-abortable-preclean: 0.024/0.045 secs] [Times: user=0.14 sys=0.04, real=0.04 secs] 
2022-08-07T09:29:59.369+0000: 15.184: Application time: 0.0370044 seconds
2022-08-07T09:29:59.370+0000: 15.185: [GC (CMS Final Remark) [YG occupancy: 15965 K (19008 K)]2022-08-07T09:29:59.370+0000: 15.185: [Rescan (parallel) , 0.0048180 secs]2022-08-07T09:29:59.376+0000: 15.190: [weak refs processing, 0.0006633 secs]2022-08-07T09:29:59.377+0000: 15.191: [class unloading, 0.0100649 secs]2022-08-07T09:29:59.387+0000: 15.201: [scrub symbol table, 0.0068272 secs]2022-08-07T09:29:59.394+0000: 15.209: [scrub string table, 0.0008418 secs][1 CMS-remark: 34652K(56596K)] 50618K(75604K), 0.0252290 secs] [Times: user=0.07 sys=0.00, real=0.03 secs] 
2022-08-07T09:29:59.396+0000: 15.211: [CMS-concurrent-sweep-start]
2022-08-07T09:29:59.400+0000: 15.215: Application time: 0.0045326 seconds
{Heap before GC invocations=187 (full 15):
 par new generation   total 19008K, used 18364K [0x00000000c2600000, 0x00000000c3aa0000, 0x00000000d6e00000)
  eden space 16896K, 100% used [0x00000000c2600000, 0x00000000c3680000, 0x00000000c3680000)
  from space 2112K,  69% used [0x00000000c3890000, 0x00000000c39ff300, 0x00000000c3aa0000)
  to   space 2112K,   0% used [0x00000000c3680000, 0x00000000c3680000, 0x00000000c3890000)
 concurrent mark-sweep generation total 56596K, used 34640K [0x00000000d6e00000, 0x00000000da545000, 0x0000000100000000)
 Metaspace       used 43483K, capacity 45428K, committed 45512K, reserved 1089536K
  class space    used 5424K, capacity 5814K, committed 5836K, reserved 1048576K
2022-08-07T09:29:59.401+0000: 15.215: [GC (Allocation Failure) 2022-08-07T09:29:59.402+0000: 15.216: [ParNew: 18364K->1544K(19008K), 0.0027238 secs] 53004K->36184K(75604K), 0.0039131 secs] [Times: user=0.01 sys=0.00, real=0.01 secs] 
Heap after GC invocations=188 (full 15):
 par new generation   total 19008K, used 1544K [0x00000000c2600000, 0x00000000c3aa0000, 0x00000000d6e00000)
  eden space 16896K,   0% used [0x00000000c2600000, 0x00000000c2600000, 0x00000000c3680000)
  from space 2112K,  73% used [0x00000000c3680000, 0x00000000c38020c8, 0x00000000c3890000)
  to   space 2112K,   0% used [0x00000000c3890000, 0x00000000c3890000, 0x00000000c3aa0000)
 concurrent mark-sweep generation total 56596K, used 34640K [0x00000000d6e00000, 0x00000000da545000, 0x0000000100000000)
 Metaspace       used 43483K, capacity 45428K, committed 45512K, reserved 1089536K
  class space    used 5424K, capacity 5814K, committed 5836K, reserved 1048576K
}
2022-08-07T09:29:59.416+0000: 15.230: [CMS-concurrent-sweep: 0.014/0.020 secs] [Times: user=0.06 sys=0.00, real=0.02 secs] 
2022-08-07T09:29:59.416+0000: 15.231: [CMS-concurrent-reset-start]
2022-08-07T09:29:59.417+0000: 15.232: [CMS-concurrent-reset: 0.001/0.001 secs] [Times: user=0.01 sys=0.00, real=0.00 secs] 
2022-08-07T09:29:59.458+0000: 15.272: Application time: 0.0522742 seconds
{Heap before GC invocations=188 (full 15):
 par new generation   total 19008K, used 18440K [0x00000000c2600000, 0x00000000c3aa0000, 0x00000000d6e00000)
  eden space 16896K, 100% used [0x00000000c2600000, 0x00000000c3680000, 0x00000000c3680000)
  from space 2112K,  73% used [0x00000000c3680000, 0x00000000c38020c8, 0x00000000c3890000)
  to   space 2112K,   0% used [0x00000000c3890000, 0x00000000c3890000, 0x00000000c3aa0000)
 concurrent mark-sweep generation total 57572K, used 34542K [0x00000000d6e00000, 0x00000000da639000, 0x0000000100000000)
 Metaspace       used 43508K, capacity 45422K, committed 45512K, reserved 1089536K
  class space    used 5427K, capacity 5813K, committed 5836K, reserved 1048576K
2022-08-07T09:29:59.458+0000: 15.273: [GC (Allocation Failure) 2022-08-07T09:29:59.459+0000: 15.273: [ParNew: 18440K->1806K(19008K), 0.0030229 secs] 52983K->36349K(76580K), 0.0039452 secs] [Times: user=0.01 sys=0.00, real=0.00 secs] 
Heap after GC invocations=189 (full 15):
 par new generation   total 19008K, used 1806K [0x00000000c2600000, 0x00000000c3aa0000, 0x00000000d6e00000)
  eden space 16896K,   0% used [0x00000000c2600000, 0x00000000c2600000, 0x00000000c3680000)
  from space 2112K,  85% used [0x00000000c3890000, 0x00000000c3a539a0, 0x00000000c3aa0000)
  to   space 2112K,   0% used [0x00000000c3680000, 0x00000000c3680000, 0x00000000c3890000)
 concurrent mark-sweep generation total 57572K, used 34542K [0x00000000d6e00000, 0x00000000da639000, 0x0000000100000000)
 Metaspace       used 43508K, capacity 45422K, committed 45512K, reserved 1089536K
  class space    used 5427K, capacity 5813K, committed 5836K, reserved 1048576K
}
2022-08-07T09:29:59.516+0000: 15.331: Application time: 0.0535847 seconds
{Heap before GC invocations=189 (full 15):
 par new generation   total 19008K, used 18702K [0x00000000c2600000, 0x00000000c3aa0000, 0x00000000d6e00000)
  eden space 16896K, 100% used [0x00000000c2600000, 0x00000000c3680000, 0x00000000c3680000)
  from space 2112K,  85% used [0x00000000c3890000, 0x00000000c3a539a0, 0x00000000c3aa0000)
  to   space 2112K,   0% used [0x00000000c3680000, 0x00000000c3680000, 0x00000000c3890000)
 concurrent mark-sweep generation total 57572K, used 34542K [0x00000000d6e00000, 0x00000000da639000, 0x0000000100000000)
 Metaspace       used 43539K, capacity 45448K, committed 45512K, reserved 1089536K
  class space    used 5433K, capacity 5820K, committed 5836K, reserved 1048576K
2022-08-07T09:29:59.517+0000: 15.332: [GC (Allocation Failure) 2022-08-07T09:29:59.518+0000: 15.332: [ParNew: 18702K->1411K(19008K), 0.0081955 secs] 53245K->36103K(76580K), 0.0093142 secs] [Times: user=0.02 sys=0.00, real=0.01 secs] 
Heap after GC invocations=190 (full 15):
 par new generation   total 19008K, used 1411K [0x00000000c2600000, 0x00000000c3aa0000, 0x00000000d6e00000)
  eden space 16896K,   0% used [0x00000000c2600000, 0x00000000c2600000, 0x00000000c3680000)
  from space 2112K,  66% used [0x00000000c3680000, 0x00000000c37e0f18, 0x00000000c3890000)
  to   space 2112K,   0% used [0x00000000c3890000, 0x00000000c3890000, 0x00000000c3aa0000)
 concurrent mark-sweep generation total 57572K, used 34692K [0x00000000d6e00000, 0x00000000da639000, 0x0000000100000000)
 Metaspace       used 43539K, capacity 45448K, committed 45512K, reserved 1089536K
  class space    used 5433K, capacity 5820K, committed 5836K, reserved 1048576K
}
2022-08-07T09:29:59.528+0000: 15.342: Application time: 0.0006082 seconds
2022-08-07T09:29:59.533+0000: 15.348: [GC (CMS Initial Mark) [1 CMS-initial-mark: 34692K(57572K)] 36463K(76580K), 0.0021480 secs] [Times: user=0.00 sys=0.00, real=0.00 secs] 
2022-08-07T09:29:59.542+0000: 15.357: [CMS-concurrent-mark-start]
2022-08-07T09:29:59.592+0000: 15.407: Application time: 0.0562600 seconds
{Heap before GC invocations=190 (full 16):
 par new generation   total 19008K, used 18307K [0x00000000c2600000, 0x00000000c3aa0000, 0x00000000d6e00000)
  eden space 16896K, 100% used [0x00000000c2600000, 0x00000000c3680000, 0x00000000c3680000)
  from space 2112K,  66% used [0x00000000c3680000, 0x00000000c37e0f18, 0x00000000c3890000)
  to   space 2112K,   0% used [0x00000000c3890000, 0x00000000c3890000, 0x00000000c3aa0000)
 concurrent mark-sweep generation total 57572K, used 34692K [0x00000000d6e00000, 0x00000000da639000, 0x0000000100000000)
 Metaspace       used 43592K, capacity 45512K, committed 45768K, reserved 1089536K
  class space    used 5437K, capacity 5820K, committed 5836K, reserved 1048576K
2022-08-07T09:29:59.593+0000: 15.407: [GC (Allocation Failure) 2022-08-07T09:29:59.593+0000: 15.407: [ParNew: 18307K->1158K(19008K), 0.0060248 secs] 52999K->36178K(76580K), 0.0068350 secs] [Times: user=0.02 sys=0.00, real=0.01 secs] 
Heap after GC invocations=191 (full 16):
 par new generation   total 19008K, used 1158K [0x00000000c2600000, 0x00000000c3aa0000, 0x00000000d6e00000)
  eden space 16896K,   0% used [0x00000000c2600000, 0x00000000c2600000, 0x00000000c3680000)
  from space 2112K,  54% used [0x00000000c3890000, 0x00000000c39b1bd0, 0x00000000c3aa0000)
  to   space 2112K,   0% used [0x00000000c3680000, 0x00000000c3680000, 0x00000000c3890000)
 concurrent mark-sweep generation total 57572K, used 35019K [0x00000000d6e00000, 0x00000000da639000, 0x0000000100000000)
 Metaspace       used 43592K, capacity 45512K, committed 45768K, reserved 1089536K
  class space    used 5437K, capacity 5820K, committed 5836K, reserved 1048576K
}
2022-08-07T09:29:59.612+0000: 15.426: Application time: 0.0118390 seconds
2022-08-07T09:29:59.636+0000: 15.451: [CMS-concurrent-mark: 0.085/0.094 secs] [Times: user=0.29 sys=0.02, real=0.10 secs] 
2022-08-07T09:29:59.641+0000: 15.455: [CMS-concurrent-preclean-start]
2022-08-07T09:29:59.672+0000: 15.487: [CMS-concurrent-preclean: 0.018/0.031 secs] [Times: user=0.07 sys=0.03, real=0.03 secs] 
2022-08-07T09:29:59.674+0000: 15.489: [CMS-concurrent-abortable-preclean-start]
2022-08-07T09:29:59.744+0000: 15.559: Application time: 0.1317503 seconds
{Heap before GC invocations=191 (full 16):
 par new generation   total 19008K, used 18054K [0x00000000c2600000, 0x00000000c3aa0000, 0x00000000d6e00000)
  eden space 16896K, 100% used [0x00000000c2600000, 0x00000000c3680000, 0x00000000c3680000)
  from space 2112K,  54% used [0x00000000c3890000, 0x00000000c39b1bd0, 0x00000000c3aa0000)
  to   space 2112K,   0% used [0x00000000c3680000, 0x00000000c3680000, 0x00000000c3890000)
 concurrent mark-sweep generation total 57572K, used 35019K [0x00000000d6e00000, 0x00000000da639000, 0x0000000100000000)
 Metaspace       used 43611K, capacity 45522K, committed 45768K, reserved 1089536K
  class space    used 5439K, capacity 5823K, committed 5836K, reserved 1048576K
2022-08-07T09:29:59.745+0000: 15.559: [GC (Allocation Failure) 2022-08-07T09:29:59.745+0000: 15.560: [ParNew: 18054K->1404K(19008K), 0.0084140 secs] 53074K->36424K(76580K), 0.0096090 secs] [Times: user=0.02 sys=0.01, real=0.01 secs] 
Heap after GC invocations=192 (full 16):
 par new generation   total 19008K, used 1404K [0x00000000c2600000, 0x00000000c3aa0000, 0x00000000d6e00000)
  eden space 16896K,   0% used [0x00000000c2600000, 0x00000000c2600000, 0x00000000c3680000)
  from space 2112K,  66% used [0x00000000c3680000, 0x00000000c37df3f8, 0x00000000c3890000)
  to   space 2112K,   0% used [0x00000000c3890000, 0x00000000c3890000, 0x00000000c3aa0000)
 concurrent mark-sweep generation total 57572K, used 35019K [0x00000000d6e00000, 0x00000000da639000, 0x0000000100000000)
 Metaspace       used 43611K, capacity 45522K, committed 45768K, reserved 1089536K
  class space    used 5439K, capacity 5823K, committed 5836K, reserved 1048576K
}
2022-08-07T09:29:59.825+0000: 15.640: [CMS-concurrent-abortable-preclean: 0.104/0.151 secs] [Times: user=0.33 sys=0.11, real=0.15 secs] 
2022-08-07T09:29:59.826+0000: 15.641: Application time: 0.0708513 seconds
2022-08-07T09:29:59.827+0000: 15.641: [GC (CMS Final Remark) [YG occupancy: 12223 K (19008 K)]2022-08-07T09:29:59.827+0000: 15.642: [Rescan (parallel) , 0.0081199 secs]2022-08-07T09:29:59.836+0000: 15.650: [weak refs processing, 0.0005406 secs]2022-08-07T09:29:59.837+0000: 15.651: [class unloading, 0.0185119 secs]2022-08-07T09:29:59.856+0000: 15.670: [scrub symbol table, 0.0151275 secs]2022-08-07T09:29:59.871+0000: 15.686: [scrub string table, 0.0011471 secs][1 CMS-remark: 35019K(57572K)] 47242K(76580K), 0.0459848 secs] [Times: user=0.09 sys=0.02, real=0.05 secs] 
2022-08-07T09:29:59.881+0000: 15.696: [CMS-concurrent-sweep-start]
2022-08-07T09:29:59.907+0000: 15.722: [CMS-concurrent-sweep: 0.026/0.026 secs] [Times: user=0.05 sys=0.02, real=0.03 secs] 
2022-08-07T09:29:59.908+0000: 15.723: [CMS-concurrent-reset-start]
2022-08-07T09:29:59.909+0000: 15.724: [CMS-concurrent-reset: 0.001/0.001 secs] [Times: user=0.00 sys=0.00, real=0.00 secs] 
2022-08-07T09:29:59.991+0000: 15.805: Application time: 0.1171845 seconds
{Heap before GC invocations=192 (full 16):
 par new generation   total 19008K, used 18300K [0x00000000c2600000, 0x00000000c3aa0000, 0x00000000d6e00000)
  eden space 16896K, 100% used [0x00000000c2600000, 0x00000000c3680000, 0x00000000c3680000)
  from space 2112K,  66% used [0x00000000c3680000, 0x00000000c37df3f8, 0x00000000c3890000)
  to   space 2112K,   0% used [0x00000000c3890000, 0x00000000c3890000, 0x00000000c3aa0000)
 concurrent mark-sweep generation total 58236K, used 34941K [0x00000000d6e00000, 0x00000000da6df000, 0x0000000100000000)
 Metaspace       used 43671K, capacity 45592K, committed 45768K, reserved 1089536K
  class space    used 5447K, capacity 5824K, committed 5836K, reserved 1048576K
2022-08-07T09:29:59.991+0000: 15.806: [GC (Allocation Failure) 2022-08-07T09:29:59.992+0000: 15.806: [ParNew: 18300K->1682K(19008K), 0.0057929 secs] 53242K->36728K(77244K), 0.0065969 secs] [Times: user=0.02 sys=0.00, real=0.01 secs] 
Heap after GC invocations=193 (full 16):
 par new generation   total 19008K, used 1682K [0x00000000c2600000, 0x00000000c3aa0000, 0x00000000d6e00000)
  eden space 16896K,   0% used [0x00000000c2600000, 0x00000000c2600000, 0x00000000c3680000)
  from space 2112K,  79% used [0x00000000c3890000, 0x00000000c3a34910, 0x00000000c3aa0000)
  to   space 2112K,   0% used [0x00000000c3680000, 0x00000000c3680000, 0x00000000c3890000)
 concurrent mark-sweep generation total 58236K, used 35045K [0x00000000d6e00000, 0x00000000da6df000, 0x0000000100000000)
 Metaspace       used 43671K, capacity 45592K, committed 45768K, reserved 1089536K
  class space    used 5447K, capacity 5824K, committed 5836K, reserved 1048576K
}
2022-08-07T09:29:59.999+0000: 15.813: Application time: 0.0001546 seconds
2022-08-07T09:29:59.999+0000: 15.814: [GC (CMS Initial Mark) [1 CMS-initial-mark: 35045K(58236K)] 36732K(77244K), 0.0029722 secs] [Times: user=0.00 sys=0.00, real=0.00 secs] 
2022-08-07T09:30:00.003+0000: 15.817: [CMS-concurrent-mark-start]
2022-08-07T09:30:00.033+0000: 15.847: Application time: 0.0298359 seconds
2022-08-07T09:30:00.060+0000: 15.875: Application time: 0.0272232 seconds
2022-08-07T09:30:00.069+0000: 15.883: [CMS-concurrent-mark: 0.066/0.066 secs] [Times: user=0.23 sys=0.03, real=0.07 secs] 
2022-08-07T09:30:00.069+0000: 15.884: [CMS-concurrent-preclean-start]
2022-08-07T09:30:00.072+0000: 15.887: Application time: 0.0120968 seconds
2022-08-07T09:30:00.076+0000: 15.891: Application time: 0.0030715 seconds
{Heap before GC invocations=193 (full 17):
 par new generation   total 19008K, used 18578K [0x00000000c2600000, 0x00000000c3aa0000, 0x00000000d6e00000)
  eden space 16896K, 100% used [0x00000000c2600000, 0x00000000c3680000, 0x00000000c3680000)
  from space 2112K,  79% used [0x00000000c3890000, 0x00000000c3a34910, 0x00000000c3aa0000)
  to   space 2112K,   0% used [0x00000000c3680000, 0x00000000c3680000, 0x00000000c3890000)
 concurrent mark-sweep generation total 58236K, used 35045K [0x00000000d6e00000, 0x00000000da6df000, 0x0000000100000000)
 Metaspace       used 43771K, capacity 45758K, committed 45896K, reserved 1089536K
  class space    used 5462K, capacity 5857K, committed 5964K, reserved 1048576K
2022-08-07T09:30:00.077+0000: 15.891: [GC (Allocation Failure) 2022-08-07T09:30:00.077+0000: 15.892: [ParNew: 18578K->1798K(19008K), 0.0043337 secs] 53624K->37118K(77244K), 0.0052950 secs] [Times: user=0.01 sys=0.01, real=0.00 secs] 
Heap after GC invocations=194 (full 17):
 par new generation   total 19008K, used 1798K [0x00000000c2600000, 0x00000000c3aa0000, 0x00000000d6e00000)
  eden space 16896K,   0% used [0x00000000c2600000, 0x00000000c2600000, 0x00000000c3680000)
  from space 2112K,  85% used [0x00000000c3680000, 0x00000000c3841ab8, 0x00000000c3890000)
  to   space 2112K,   0% used [0x00000000c3890000, 0x00000000c3890000, 0x00000000c3aa0000)
 concurrent mark-sweep generation total 58236K, used 35319K [0x00000000d6e00000, 0x00000000da6df000, 0x0000000100000000)
 Metaspace       used 43771K, capacity 45758K, committed 45896K, reserved 1089536K
  class space    used 5462K, capacity 5857K, committed 5964K, reserved 1048576K
}
2022-08-07T09:30:00.083+0000: 15.898: [CMS-concurrent-preclean: 0.004/0.014 secs] [Times: user=0.03 sys=0.01, real=0.02 secs] 
2022-08-07T09:30:00.084+0000: 15.899: Application time: 0.0014094 seconds
2022-08-07T09:30:00.085+0000: 15.900: [GC (CMS Final Remark) [YG occupancy: 2498 K (19008 K)]2022-08-07T09:30:00.086+0000: 15.900: [Rescan (parallel) , 0.0028247 secs]2022-08-07T09:30:00.089+0000: 15.903: [weak refs processing, 0.0004691 secs]2022-08-07T09:30:00.090+0000: 15.904: [class unloading, 0.0097407 secs]2022-08-07T09:30:00.100+0000: 15.914: [scrub symbol table, 0.0067829 secs]2022-08-07T09:30:00.107+0000: 15.922: [scrub string table, 0.0010318 secs][1 CMS-remark: 35319K(58236K)] 37817K(77244K), 0.0232257 secs] [Times: user=0.03 sys=0.00, real=0.02 secs] 
2022-08-07T09:30:00.110+0000: 15.924: [CMS-concurrent-sweep-start]
2022-08-07T09:30:00.116+0000: 15.931: Application time: 0.0069301 seconds
2022-08-07T09:30:00.137+0000: 15.951: [CMS-concurrent-sweep: 0.026/0.027 secs] [Times: user=0.08 sys=0.01, real=0.03 secs] 
2022-08-07T09:30:00.141+0000: 15.955: [CMS-concurrent-reset-start]
2022-08-07T09:30:00.141+0000: 15.956: [CMS-concurrent-reset: 0.001/0.001 secs] [Times: user=0.00 sys=0.00, real=0.00 secs] 
2022-08-07T09:30:00.172+0000: 15.986: Application time: 0.0550905 seconds
2022-08-07T09:30:00.197+0000: 16.012: Application time: 0.0247792 seconds
{Heap before GC invocations=194 (full 17):
 par new generation   total 19008K, used 18694K [0x00000000c2600000, 0x00000000c3aa0000, 0x00000000d6e00000)
  eden space 16896K, 100% used [0x00000000c2600000, 0x00000000c3680000, 0x00000000c3680000)
  from space 2112K,  85% used [0x00000000c3680000, 0x00000000c3841ab8, 0x00000000c3890000)
  to   space 2112K,   0% used [0x00000000c3890000, 0x00000000c3890000, 0x00000000c3aa0000)
 concurrent mark-sweep generation total 58840K, used 35301K [0x00000000d6e00000, 0x00000000da776000, 0x0000000100000000)
 Metaspace       used 43931K, capacity 45894K, committed 46152K, reserved 1089536K
  class space    used 5480K, capacity 5859K, committed 5964K, reserved 1048576K
2022-08-07T09:30:00.197+0000: 16.012: [GC (Allocation Failure) 2022-08-07T09:30:00.203+0000: 16.018: [ParNew: 18694K->2112K(19008K), 0.0053756 secs] 53996K->37533K(77848K), 0.0117767 secs] [Times: user=0.03 sys=0.00, real=0.01 secs] 
Heap after GC invocations=195 (full 17):
 par new generation   total 19008K, used 2112K [0x00000000c2600000, 0x00000000c3aa0000, 0x00000000d6e00000)
  eden space 16896K,   0% used [0x00000000c2600000, 0x00000000c2600000, 0x00000000c3680000)
  from space 2112K, 100% used [0x00000000c3890000, 0x00000000c3aa0000, 0x00000000c3aa0000)
  to   space 2112K,   0% used [0x00000000c3680000, 0x00000000c3680000, 0x00000000c3890000)
 concurrent mark-sweep generation total 58840K, used 35421K [0x00000000d6e00000, 0x00000000da776000, 0x0000000100000000)
 Metaspace       used 43931K, capacity 45894K, committed 46152K, reserved 1089536K
  class space    used 5480K, capacity 5859K, committed 5964K, reserved 1048576K
}
2022-08-07T09:30:00.212+0000: 16.026: Application time: 0.0021195 seconds
2022-08-07T09:30:00.212+0000: 16.027: [GC (CMS Initial Mark) [1 CMS-initial-mark: 35421K(58840K)] 37897K(77848K), 0.0063955 secs] [Times: user=0.02 sys=0.00, real=0.01 secs] 
2022-08-07T09:30:00.219+0000: 16.034: [CMS-concurrent-mark-start]
2022-08-07T09:30:00.293+0000: 16.107: [CMS-concurrent-mark: 0.073/0.073 secs] [Times: user=0.21 sys=0.02, real=0.07 secs] 
2022-08-07T09:30:00.293+0000: 16.108: [CMS-concurrent-preclean-start]
2022-08-07T09:30:00.305+0000: 16.119: [CMS-concurrent-preclean: 0.007/0.011 secs] [Times: user=0.03 sys=0.01, real=0.01 secs] 
2022-08-07T09:30:00.305+0000: 16.120: [CMS-concurrent-abortable-preclean-start]
2022-08-07T09:30:00.312+0000: 16.127: Application time: 0.0929495 seconds
{Heap before GC invocations=195 (full 18):
 par new generation   total 19008K, used 19008K [0x00000000c2600000, 0x00000000c3aa0000, 0x00000000d6e00000)
  eden space 16896K, 100% used [0x00000000c2600000, 0x00000000c3680000, 0x00000000c3680000)
  from space 2112K, 100% used [0x00000000c3890000, 0x00000000c3aa0000, 0x00000000c3aa0000)
  to   space 2112K,   0% used [0x00000000c3680000, 0x00000000c3680000, 0x00000000c3890000)
 concurrent mark-sweep generation total 58840K, used 35421K [0x00000000d6e00000, 0x00000000da776000, 0x0000000100000000)
 Metaspace       used 44104K, capacity 46028K, committed 46152K, reserved 1089536K
  class space    used 5505K, capacity 5902K, committed 5964K, reserved 1048576K
2022-08-07T09:30:00.313+0000: 16.127: [GC (Allocation Failure) 2022-08-07T09:30:00.313+0000: 16.128: [ParNew: 19008K->2112K(19008K), 0.0058791 secs] 54429K->37898K(77848K), 0.0066074 secs] [Times: user=0.02 sys=0.00, real=0.01 secs] 
Heap after GC invocations=196 (full 18):
 par new generation   total 19008K, used 2112K [0x00000000c2600000, 0x00000000c3aa0000, 0x00000000d6e00000)
  eden space 16896K,   0% used [0x00000000c2600000, 0x00000000c2600000, 0x00000000c3680000)
  from space 2112K, 100% used [0x00000000c3680000, 0x00000000c3890000, 0x00000000c3890000)
  to   space 2112K,   0% used [0x00000000c3890000, 0x00000000c3890000, 0x00000000c3aa0000)
 concurrent mark-sweep generation total 58840K, used 35786K [0x00000000d6e00000, 0x00000000da776000, 0x0000000100000000)
 Metaspace       used 44104K, capacity 46028K, committed 46152K, reserved 1089536K
  class space    used 5505K, capacity 5902K, committed 5964K, reserved 1048576K
}
2022-08-07T09:30:00.360+0000: 16.174: Application time: 0.0400226 seconds
2022-08-07T09:30:00.370+0000: 16.185: [CMS-concurrent-abortable-preclean: 0.035/0.065 secs] [Times: user=0.20 sys=0.04, real=0.06 secs] 
2022-08-07T09:30:00.371+0000: 16.186: Application time: 0.0109346 seconds
2022-08-07T09:30:00.372+0000: 16.187: [GC (CMS Final Remark) [YG occupancy: 14242 K (19008 K)]2022-08-07T09:30:00.373+0000: 16.187: [Rescan (parallel) , 0.0056521 secs]2022-08-07T09:30:00.379+0000: 16.193: [weak refs processing, 0.0004607 secs]2022-08-07T09:30:00.379+0000: 16.194: [class unloading, 0.0076670 secs]2022-08-07T09:30:00.387+0000: 16.202: [scrub symbol table, 0.0076703 secs]2022-08-07T09:30:00.396+0000: 16.210: [scrub string table, 0.0009266 secs][1 CMS-remark: 35786K(58840K)] 50028K(77848K), 0.0243678 secs] [Times: user=0.07 sys=0.00, real=0.03 secs] 
2022-08-07T09:30:00.401+0000: 16.215: [CMS-concurrent-sweep-start]
2022-08-07T09:30:00.427+0000: 16.242: [CMS-concurrent-sweep: 0.026/0.026 secs] [Times: user=0.06 sys=0.00, real=0.03 secs] 
2022-08-07T09:30:00.428+0000: 16.242: [CMS-concurrent-reset-start]
2022-08-07T09:30:00.428+0000: 16.243: [CMS-concurrent-reset: 0.001/0.001 secs] [Times: user=0.00 sys=0.01, real=0.00 secs] 
2022-08-07T09:30:00.448+0000: 16.262: Application time: 0.0501177 seconds
{Heap before GC invocations=196 (full 18):
 par new generation   total 19008K, used 19008K [0x00000000c2600000, 0x00000000c3aa0000, 0x00000000d6e00000)
  eden space 16896K, 100% used [0x00000000c2600000, 0x00000000c3680000, 0x00000000c3680000)
  from space 2112K, 100% used [0x00000000c3680000, 0x00000000c3890000, 0x00000000c3890000)
  to   space 2112K,   0% used [0x00000000c3890000, 0x00000000c3890000, 0x00000000c3aa0000)
 concurrent mark-sweep generation total 59556K, used 35731K [0x00000000d6e00000, 0x00000000da829000, 0x0000000100000000)
 Metaspace       used 44169K, capacity 46094K, committed 46408K, reserved 1089536K
  class space    used 5512K, capacity 5903K, committed 5964K, reserved 1048576K
2022-08-07T09:30:00.448+0000: 16.262: [GC (Allocation Failure) 2022-08-07T09:30:00.448+0000: 16.263: [ParNew: 19008K->2012K(19008K), 0.0064462 secs] 54739K->38111K(78564K), 0.0072368 secs] [Times: user=0.01 sys=0.00, real=0.01 secs] 
Heap after GC invocations=197 (full 18):
 par new generation   total 19008K, used 2012K [0x00000000c2600000, 0x00000000c3aa0000, 0x00000000d6e00000)
  eden space 16896K,   0% used [0x00000000c2600000, 0x00000000c2600000, 0x00000000c3680000)
  from space 2112K,  95% used [0x00000000c3890000, 0x00000000c3a871d8, 0x00000000c3aa0000)
  to   space 2112K,   0% used [0x00000000c3680000, 0x00000000c3680000, 0x00000000c3890000)
 concurrent mark-sweep generation total 59556K, used 36099K [0x00000000d6e00000, 0x00000000da829000, 0x0000000100000000)
 Metaspace       used 44169K, capacity 46094K, committed 46408K, reserved 1089536K
  class space    used 5512K, capacity 5903K, committed 5964K, reserved 1048576K
}
2022-08-07T09:30:00.456+0000: 16.270: Application time: 0.0002103 seconds
2022-08-07T09:30:00.456+0000: 16.271: [GC (CMS Initial Mark) [1 CMS-initial-mark: 36099K(59556K)] 38117K(78564K), 0.0021240 secs] [Times: user=0.01 sys=0.01, real=0.00 secs] 
2022-08-07T09:30:00.459+0000: 16.274: [CMS-concurrent-mark-start]
2022-08-07T09:30:00.543+0000: 16.358: [CMS-concurrent-mark: 0.084/0.084 secs] [Times: user=0.26 sys=0.01, real=0.08 secs] 
2022-08-07T09:30:00.543+0000: 16.358: [CMS-concurrent-preclean-start]
2022-08-07T09:30:00.554+0000: 16.369: [CMS-concurrent-preclean: 0.006/0.011 secs] [Times: user=0.03 sys=0.01, real=0.01 secs] 
2022-08-07T09:30:00.554+0000: 16.369: [CMS-concurrent-abortable-preclean-start]
2022-08-07T09:30:00.556+0000: 16.371: Application time: 0.0975602 seconds
{Heap before GC invocations=197 (full 19):
 par new generation   total 19008K, used 18908K [0x00000000c2600000, 0x00000000c3aa0000, 0x00000000d6e00000)
  eden space 16896K, 100% used [0x00000000c2600000, 0x00000000c3680000, 0x00000000c3680000)
  from space 2112K,  95% used [0x00000000c3890000, 0x00000000c3a871d8, 0x00000000c3aa0000)
  to   space 2112K,   0% used [0x00000000c3680000, 0x00000000c3680000, 0x00000000c3890000)
 concurrent mark-sweep generation total 59556K, used 36099K [0x00000000d6e00000, 0x00000000da829000, 0x0000000100000000)
 Metaspace       used 44267K, capacity 46244K, committed 46408K, reserved 1089536K
  class space    used 5520K, capacity 5908K, committed 5964K, reserved 1048576K
2022-08-07T09:30:00.557+0000: 16.371: [GC (Allocation Failure) 2022-08-07T09:30:00.557+0000: 16.372: [ParNew: 18908K->1424K(19008K), 0.0049030 secs] 55007K->38302K(78564K), 0.0058549 secs] [Times: user=0.01 sys=0.00, real=0.00 secs] 
Heap after GC invocations=198 (full 19):
 par new generation   total 19008K, used 1424K [0x00000000c2600000, 0x00000000c3aa0000, 0x00000000d6e00000)
  eden space 16896K,   0% used [0x00000000c2600000, 0x00000000c2600000, 0x00000000c3680000)
  from space 2112K,  67% used [0x00000000c3680000, 0x00000000c37e41e8, 0x00000000c3890000)
  to   space 2112K,   0% used [0x00000000c3890000, 0x00000000c3890000, 0x00000000c3aa0000)
 concurrent mark-sweep generation total 59556K, used 36878K [0x00000000d6e00000, 0x00000000da829000, 0x0000000100000000)
 Metaspace       used 44267K, capacity 46244K, committed 46408K, reserved 1089536K
  class space    used 5520K, capacity 5908K, committed 5964K, reserved 1048576K
}
2022-08-07T09:30:00.604+0000: 16.418: [CMS-concurrent-abortable-preclean: 0.026/0.049 secs] [Times: user=0.15 sys=0.03, real=0.05 secs] 
2022-08-07T09:30:00.605+0000: 16.419: Application time: 0.0413158 seconds
2022-08-07T09:30:00.605+0000: 16.419: [GC (CMS Final Remark) [YG occupancy: 17636 K (19008 K)]2022-08-07T09:30:00.605+0000: 16.420: [Rescan (parallel) , 0.0034836 secs]2022-08-07T09:30:00.609+0000: 16.424: [weak refs processing, 0.0021310 secs]2022-08-07T09:30:00.612+0000: 16.426: [class unloading, 0.0080765 secs]2022-08-07T09:30:00.620+0000: 16.435: [scrub symbol table, 0.0069059 secs]2022-08-07T09:30:00.627+0000: 16.442: [scrub string table, 0.0009372 secs][1 CMS-remark: 36878K(59556K)] 54514K(78564K), 0.0237731 secs] [Times: user=0.07 sys=0.01, real=0.02 secs] 
2022-08-07T09:30:00.630+0000: 16.444: [CMS-concurrent-sweep-start]
2022-08-07T09:30:00.631+0000: 16.445: Application time: 0.0012618 seconds
{Heap before GC invocations=198 (full 19):
 par new generation   total 19008K, used 18320K [0x00000000c2600000, 0x00000000c3aa0000, 0x00000000d6e00000)
  eden space 16896K, 100% used [0x00000000c2600000, 0x00000000c3680000, 0x00000000c3680000)
  from space 2112K,  67% used [0x00000000c3680000, 0x00000000c37e41e8, 0x00000000c3890000)
  to   space 2112K,   0% used [0x00000000c3890000, 0x00000000c3890000, 0x00000000c3aa0000)
 concurrent mark-sweep generation total 59556K, used 36878K [0x00000000d6e00000, 0x00000000da829000, 0x0000000100000000)
 Metaspace       used 44294K, capacity 46260K, committed 46408K, reserved 1089536K
  class space    used 5524K, capacity 5912K, committed 5964K, reserved 1048576K
2022-08-07T09:30:00.631+0000: 16.446: [GC (Allocation Failure) 2022-08-07T09:30:00.631+0000: 16.446: [ParNew: 18320K->721K(19008K), 0.0023789 secs] 55198K->37599K(78564K), 0.0030698 secs] [Times: user=0.01 sys=0.00, real=0.01 secs] 
Heap after GC invocations=199 (full 19):
 par new generation   total 19008K, used 721K [0x00000000c2600000, 0x00000000c3aa0000, 0x00000000d6e00000)
  eden space 16896K,   0% used [0x00000000c2600000, 0x00000000c2600000, 0x00000000c3680000)
  from space 2112K,  34% used [0x00000000c3890000, 0x00000000c3944500, 0x00000000c3aa0000)
  to   space 2112K,   0% used [0x00000000c3680000, 0x00000000c3680000, 0x00000000c3890000)
 concurrent mark-sweep generation total 59556K, used 36878K [0x00000000d6e00000, 0x00000000da829000, 0x0000000100000000)
 Metaspace       used 44294K, capacity 46260K, committed 46408K, reserved 1089536K
  class space    used 5524K, capacity 5912K, committed 5964K, reserved 1048576K
}
2022-08-07T09:30:00.650+0000: 16.465: [CMS-concurrent-sweep: 0.017/0.021 secs] [Times: user=0.06 sys=0.00, real=0.02 secs] 
2022-08-07T09:30:00.651+0000: 16.466: [CMS-concurrent-reset-start]
2022-08-07T09:30:00.652+0000: 16.466: [CMS-concurrent-reset: 0.001/0.001 secs] [Times: user=0.00 sys=0.00, real=0.00 secs] 
2022-08-07T09:30:00.671+0000: 16.485: Application time: 0.0362551 seconds
{Heap before GC invocations=199 (full 19):
 par new generation   total 19008K, used 17617K [0x00000000c2600000, 0x00000000c3aa0000, 0x00000000d6e00000)
  eden space 16896K, 100% used [0x00000000c2600000, 0x00000000c3680000, 0x00000000c3680000)
  from space 2112K,  34% used [0x00000000c3890000, 0x00000000c3944500, 0x00000000c3aa0000)
  to   space 2112K,   0% used [0x00000000c3680000, 0x00000000c3680000, 0x00000000c3890000)
 concurrent mark-sweep generation total 61272K, used 36761K [0x00000000d6e00000, 0x00000000da9d6000, 0x0000000100000000)
 Metaspace       used 44295K, capacity 46260K, committed 46408K, reserved 1089536K
  class space    used 5524K, capacity 5912K, committed 5964K, reserved 1048576K
2022-08-07T09:30:00.671+0000: 16.486: [GC (Allocation Failure) 2022-08-07T09:30:00.672+0000: 16.486: [ParNew: 17617K->727K(19008K), 0.0068733 secs] 54378K->37489K(80280K), 0.0076839 secs] [Times: user=0.02 sys=0.01, real=0.01 secs] 
Heap after GC invocations=200 (full 19):
 par new generation   total 19008K, used 727K [0x00000000c2600000, 0x00000000c3aa0000, 0x00000000d6e00000)
  eden space 16896K,   0% used [0x00000000c2600000, 0x00000000c2600000, 0x00000000c3680000)
  from space 2112K,  34% used [0x00000000c3680000, 0x00000000c3735e00, 0x00000000c3890000)
  to   space 2112K,   0% used [0x00000000c3890000, 0x00000000c3890000, 0x00000000c3aa0000)
 concurrent mark-sweep generation total 61272K, used 36761K [0x00000000d6e00000, 0x00000000da9d6000, 0x0000000100000000)
 Metaspace       used 44295K, capacity 46260K, committed 46408K, reserved 1089536K
  class space    used 5524K, capacity 5912K, committed 5964K, reserved 1048576K
}
2022-08-07T09:30:00.737+0000: 16.552: Application time: 0.0577598 seconds
{Heap before GC invocations=200 (full 19):
 par new generation   total 19008K, used 17623K [0x00000000c2600000, 0x00000000c3aa0000, 0x00000000d6e00000)
  eden space 16896K, 100% used [0x00000000c2600000, 0x00000000c3680000, 0x00000000c3680000)
  from space 2112K,  34% used [0x00000000c3680000, 0x00000000c3735e00, 0x00000000c3890000)
  to   space 2112K,   0% used [0x00000000c3890000, 0x00000000c3890000, 0x00000000c3aa0000)
 concurrent mark-sweep generation total 61272K, used 36761K [0x00000000d6e00000, 0x00000000da9d6000, 0x0000000100000000)
 Metaspace       used 44304K, capacity 46266K, committed 46408K, reserved 1089536K
  class space    used 5525K, capacity 5913K, committed 5964K, reserved 1048576K
2022-08-07T09:30:00.738+0000: 16.553: [GC (Allocation Failure) 2022-08-07T09:30:00.739+0000: 16.553: [ParNew: 17623K->877K(19008K), 0.0039425 secs] 54385K->37638K(80280K), 0.0050855 secs] [Times: user=0.02 sys=0.00, real=0.01 secs] 
Heap after GC invocations=201 (full 19):
 par new generation   total 19008K, used 877K [0x00000000c2600000, 0x00000000c3aa0000, 0x00000000d6e00000)
  eden space 16896K,   0% used [0x00000000c2600000, 0x00000000c2600000, 0x00000000c3680000)
  from space 2112K,  41% used [0x00000000c3890000, 0x00000000c396b508, 0x00000000c3aa0000)
  to   space 2112K,   0% used [0x00000000c3680000, 0x00000000c3680000, 0x00000000c3890000)
 concurrent mark-sweep generation total 61272K, used 36761K [0x00000000d6e00000, 0x00000000da9d6000, 0x0000000100000000)
 Metaspace       used 44304K, capacity 46266K, committed 46408K, reserved 1089536K
  class space    used 5525K, capacity 5913K, committed 5964K, reserved 1048576K
}
2022-08-07T09:30:00.807+0000: 16.622: Application time: 0.0629930 seconds
{Heap before GC invocations=201 (full 19):
 par new generation   total 19008K, used 17768K [0x00000000c2600000, 0x00000000c3aa0000, 0x00000000d6e00000)
  eden space 16896K,  99% used [0x00000000c2600000, 0x00000000c367eb50, 0x00000000c3680000)
  from space 2112K,  41% used [0x00000000c3890000, 0x00000000c396b508, 0x00000000c3aa0000)
  to   space 2112K,   0% used [0x00000000c3680000, 0x00000000c3680000, 0x00000000c3890000)
 concurrent mark-sweep generation total 61272K, used 36761K [0x00000000d6e00000, 0x00000000da9d6000, 0x0000000100000000)
 Metaspace       used 44349K, capacity 46330K, committed 46408K, reserved 1089536K
  class space    used 5530K, capacity 5913K, committed 5964K, reserved 1048576K
2022-08-07T09:30:00.808+0000: 16.622: [GC (Allocation Failure) 2022-08-07T09:30:00.808+0000: 16.623: [ParNew: 17768K->825K(19008K), 0.0043803 secs] 54529K->37587K(80280K), 0.0052455 secs] [Times: user=0.01 sys=0.00, real=0.01 secs] 
Heap after GC invocations=202 (full 19):
 par new generation   total 19008K, used 825K [0x00000000c2600000, 0x00000000c3aa0000, 0x00000000d6e00000)
  eden space 16896K,   0% used [0x00000000c2600000, 0x00000000c2600000, 0x00000000c3680000)
  from space 2112K,  39% used [0x00000000c3680000, 0x00000000c374e600, 0x00000000c3890000)
  to   space 2112K,   0% used [0x00000000c3890000, 0x00000000c3890000, 0x00000000c3aa0000)
 concurrent mark-sweep generation total 61272K, used 36761K [0x00000000d6e00000, 0x00000000da9d6000, 0x0000000100000000)
 Metaspace       used 44349K, capacity 46330K, committed 46408K, reserved 1089536K
  class space    used 5530K, capacity 5913K, committed 5964K, reserved 1048576K
}
2022-08-07T09:30:00.818+0000: 16.633: Application time: 0.0044127 seconds
{Heap before GC invocations=202 (full 19):
 par new generation   total 19008K, used 17704K [0x00000000c2600000, 0x00000000c3aa0000, 0x00000000d6e00000)
  eden space 16896K,  99% used [0x00000000c2600000, 0x00000000c367ba28, 0x00000000c3680000)
  from space 2112K,  39% used [0x00000000c3680000, 0x00000000c374e600, 0x00000000c3890000)
  to   space 2112K,   0% used [0x00000000c3890000, 0x00000000c3890000, 0x00000000c3aa0000)
 concurrent mark-sweep generation total 61272K, used 36761K [0x00000000d6e00000, 0x00000000da9d6000, 0x0000000100000000)
 Metaspace       used 44349K, capacity 46330K, committed 46408K, reserved 1089536K
  class space    used 5530K, capacity 5913K, committed 5964K, reserved 1048576K
2022-08-07T09:30:00.819+0000: 16.633: [GC (Allocation Failure) 2022-08-07T09:30:00.819+0000: 16.634: [ParNew: 17704K->1023K(19008K), 0.0041218 secs] 54465K->37785K(80280K), 0.0048272 secs] [Times: user=0.01 sys=0.00, real=0.01 secs] 
Heap after GC invocations=203 (full 19):
 par new generation   total 19008K, used 1023K [0x00000000c2600000, 0x00000000c3aa0000, 0x00000000d6e00000)
  eden space 16896K,   0% used [0x00000000c2600000, 0x00000000c2600000, 0x00000000c3680000)
  from space 2112K,  48% used [0x00000000c3890000, 0x00000000c398fd80, 0x00000000c3aa0000)
  to   space 2112K,   0% used [0x00000000c3680000, 0x00000000c3680000, 0x00000000c3890000)
 concurrent mark-sweep generation total 61272K, used 36761K [0x00000000d6e00000, 0x00000000da9d6000, 0x0000000100000000)
 Metaspace       used 44349K, capacity 46330K, committed 46408K, reserved 1089536K
  class space    used 5530K, capacity 5913K, committed 5964K, reserved 1048576K
}
2022-08-07T09:30:00.902+0000: 16.716: Application time: 0.0772692 seconds
2022-08-07T09:30:00.903+0000: 16.717: Application time: 0.0002106 seconds
2022-08-07T09:30:00.915+0000: 16.730: Application time: 0.0119296 seconds
2022-08-07T09:30:00.988+0000: 16.803: Application time: 0.0727149 seconds
{Heap before GC invocations=203 (full 19):
 par new generation   total 19008K, used 17919K [0x00000000c2600000, 0x00000000c3aa0000, 0x00000000d6e00000)
  eden space 16896K, 100% used [0x00000000c2600000, 0x00000000c3680000, 0x00000000c3680000)
  from space 2112K,  48% used [0x00000000c3890000, 0x00000000c398fd80, 0x00000000c3aa0000)
  to   space 2112K,   0% used [0x00000000c3680000, 0x00000000c3680000, 0x00000000c3890000)
 concurrent mark-sweep generation total 61272K, used 36761K [0x00000000d6e00000, 0x00000000da9d6000, 0x0000000100000000)
 Metaspace       used 44924K, capacity 46926K, committed 47048K, reserved 1089536K
  class space    used 5585K, capacity 5981K, committed 6092K, reserved 1048576K
2022-08-07T09:30:00.989+0000: 16.803: [GC (Allocation Failure) 2022-08-07T09:30:00.989+0000: 16.804: [ParNew: 17919K->1939K(19008K), 0.0031071 secs] 54681K->38700K(80280K), 0.0056490 secs] [Times: user=0.01 sys=0.00, real=0.01 secs] 
Heap after GC invocations=204 (full 19):
 par new generation   total 19008K, used 1939K [0x00000000c2600000, 0x00000000c3aa0000, 0x00000000d6e00000)
  eden space 16896K,   0% used [0x00000000c2600000, 0x00000000c2600000, 0x00000000c3680000)
  from space 2112K,  91% used [0x00000000c3680000, 0x00000000c3864c28, 0x00000000c3890000)
  to   space 2112K,   0% used [0x00000000c3890000, 0x00000000c3890000, 0x00000000c3aa0000)
 concurrent mark-sweep generation total 61272K, used 36761K [0x00000000d6e00000, 0x00000000da9d6000, 0x0000000100000000)
 Metaspace       used 44924K, capacity 46926K, committed 47048K, reserved 1089536K
  class space    used 5585K, capacity 5981K, committed 6092K, reserved 1048576K
}
2022-08-07T09:30:01.115+0000: 16.929: Application time: 0.1194314 seconds
2022-08-07T09:30:01.201+0000: 17.015: Application time: 0.0860822 seconds
2022-08-07T09:30:01.345+0000: 17.160: Application time: 0.1436375 seconds
{Heap before GC invocations=204 (full 19):
 par new generation   total 19008K, used 18835K [0x00000000c2600000, 0x00000000c3aa0000, 0x00000000d6e00000)
  eden space 16896K, 100% used [0x00000000c2600000, 0x00000000c3680000, 0x00000000c3680000)
  from space 2112K,  91% used [0x00000000c3680000, 0x00000000c3864c28, 0x00000000c3890000)
  to   space 2112K,   0% used [0x00000000c3890000, 0x00000000c3890000, 0x00000000c3aa0000)
 concurrent mark-sweep generation total 61272K, used 36761K [0x00000000d6e00000, 0x00000000da9d6000, 0x0000000100000000)
 Metaspace       used 46865K, capacity 48848K, committed 48968K, reserved 1091584K
  class space    used 5757K, capacity 6174K, committed 6220K, reserved 1048576K
2022-08-07T09:30:01.346+0000: 17.161: [GC (Allocation Failure) 2022-08-07T09:30:01.346+0000: 17.161: [ParNew: 18835K->2087K(19008K), 0.0044771 secs] 55596K->39323K(80280K), 0.0050662 secs] [Times: user=0.01 sys=0.00, real=0.00 secs] 
Heap after GC invocations=205 (full 19):
 par new generation   total 19008K, used 2087K [0x00000000c2600000, 0x00000000c3aa0000, 0x00000000d6e00000)
  eden space 16896K,   0% used [0x00000000c2600000, 0x00000000c2600000, 0x00000000c3680000)
  from space 2112K,  98% used [0x00000000c3890000, 0x00000000c3a99e90, 0x00000000c3aa0000)
  to   space 2112K,   0% used [0x00000000c3680000, 0x00000000c3680000, 0x00000000c3890000)
 concurrent mark-sweep generation total 61272K, used 37235K [0x00000000d6e00000, 0x00000000da9d6000, 0x0000000100000000)
 Metaspace       used 46865K, capacity 48848K, committed 48968K, reserved 1091584K
  class space    used 5757K, capacity 6174K, committed 6220K, reserved 1048576K
}
2022-08-07T09:30:01.352+0000: 17.167: Application time: 0.0004311 seconds
2022-08-07T09:30:01.353+0000: 17.168: [GC (CMS Initial Mark) [1 CMS-initial-mark: 37235K(61272K)] 39678K(80280K), 0.0015972 secs] [Times: user=0.00 sys=0.00, real=0.00 secs] 
2022-08-07T09:30:01.356+0000: 17.170: [CMS-concurrent-mark-start]
2022-08-07T09:30:01.396+0000: 17.210: Application time: 0.0404126 seconds
2022-08-07T09:30:01.401+0000: 17.215: Application time: 0.0042993 seconds
2022-08-07T09:30:01.431+0000: 17.245: [CMS-concurrent-mark: 0.071/0.075 secs] [Times: user=0.25 sys=0.02, real=0.07 secs] 
2022-08-07T09:30:01.431+0000: 17.246: [CMS-concurrent-preclean-start]
2022-08-07T09:30:01.447+0000: 17.261: [CMS-concurrent-preclean: 0.005/0.007 secs] [Times: user=0.05 sys=0.00, real=0.02 secs] 
2022-08-07T09:30:01.447+0000: 17.262: [CMS-concurrent-abortable-preclean-start]
2022-08-07T09:30:01.484+0000: 17.298: Application time: 0.0799338 seconds
{Heap before GC invocations=205 (full 20):
 par new generation   total 19008K, used 18970K [0x00000000c2600000, 0x00000000c3aa0000, 0x00000000d6e00000)
  eden space 16896K,  99% used [0x00000000c2600000, 0x00000000c367cc40, 0x00000000c3680000)
  from space 2112K,  98% used [0x00000000c3890000, 0x00000000c3a99e90, 0x00000000c3aa0000)
  to   space 2112K,   0% used [0x00000000c3680000, 0x00000000c3680000, 0x00000000c3890000)
 concurrent mark-sweep generation total 61272K, used 37235K [0x00000000d6e00000, 0x00000000da9d6000, 0x0000000100000000)
 Metaspace       used 47167K, capacity 49236K, committed 49480K, reserved 1093632K
  class space    used 5802K, capacity 6218K, committed 6220K, reserved 1048576K
2022-08-07T09:30:01.484+0000: 17.299: [GC (Allocation Failure) 2022-08-07T09:30:01.485+0000: 17.299: [ParNew: 18970K->1401K(19008K), 0.0045415 secs] 56206K->39073K(80280K), 0.0055229 secs] [Times: user=0.01 sys=0.00, real=0.00 secs] 
Heap after GC invocations=206 (full 20):
 par new generation   total 19008K, used 1401K [0x00000000c2600000, 0x00000000c3aa0000, 0x00000000d6e00000)
  eden space 16896K,   0% used [0x00000000c2600000, 0x00000000c2600000, 0x00000000c3680000)
  from space 2112K,  66% used [0x00000000c3680000, 0x00000000c37de438, 0x00000000c3890000)
  to   space 2112K,   0% used [0x00000000c3890000, 0x00000000c3890000, 0x00000000c3aa0000)
 concurrent mark-sweep generation total 61272K, used 37672K [0x00000000d6e00000, 0x00000000da9d6000, 0x0000000100000000)
 Metaspace       used 47167K, capacity 49236K, committed 49480K, reserved 1093632K
  class space    used 5802K, capacity 6218K, committed 6220K, reserved 1048576K
}
2022-08-07T09:30:01.496+0000: 17.311: Application time: 0.0062347 seconds
{Heap before GC invocations=206 (full 20):
 par new generation   total 19008K, used 18293K [0x00000000c2600000, 0x00000000c3aa0000, 0x00000000d6e00000)
  eden space 16896K,  99% used [0x00000000c2600000, 0x00000000c367f328, 0x00000000c3680000)
  from space 2112K,  66% used [0x00000000c3680000, 0x00000000c37de438, 0x00000000c3890000)
  to   space 2112K,   0% used [0x00000000c3890000, 0x00000000c3890000, 0x00000000c3aa0000)
 concurrent mark-sweep generation total 61272K, used 37672K [0x00000000d6e00000, 0x00000000da9d6000, 0x0000000100000000)
 Metaspace       used 47168K, capacity 49236K, committed 49480K, reserved 1093632K
  class space    used 5802K, capacity 6218K, committed 6220K, reserved 1048576K
2022-08-07T09:30:01.497+0000: 17.311: [GC (Allocation Failure) 2022-08-07T09:30:01.497+0000: 17.312: [ParNew: 18293K->1154K(19008K), 0.0030703 secs] 55965K->38826K(80280K), 0.0035815 secs] [Times: user=0.01 sys=0.00, real=0.00 secs] 
Heap after GC invocations=207 (full 20):
 par new generation   total 19008K, used 1154K [0x00000000c2600000, 0x00000000c3aa0000, 0x00000000d6e00000)
  eden space 16896K,   0% used [0x00000000c2600000, 0x00000000c2600000, 0x00000000c3680000)
  from space 2112K,  54% used [0x00000000c3890000, 0x00000000c39b09c0, 0x00000000c3aa0000)
  to   space 2112K,   0% used [0x00000000c3680000, 0x00000000c3680000, 0x00000000c3890000)
 concurrent mark-sweep generation total 61272K, used 37672K [0x00000000d6e00000, 0x00000000da9d6000, 0x0000000100000000)
 Metaspace       used 47168K, capacity 49236K, committed 49480K, reserved 1093632K
  class space    used 5802K, capacity 6218K, committed 6220K, reserved 1048576K
}
2022-08-07T09:30:01.523+0000: 17.338: Application time: 0.0224030 seconds
2022-08-07T09:30:01.527+0000: 17.342: Application time: 0.0032344 seconds
2022-08-07T09:30:01.533+0000: 17.347: Application time: 0.0025095 seconds
2022-08-07T09:30:01.538+0000: 17.353: Application time: 0.0048326 seconds
{Heap before GC invocations=207 (full 20):
 par new generation   total 19008K, used 18050K [0x00000000c2600000, 0x00000000c3aa0000, 0x00000000d6e00000)
  eden space 16896K, 100% used [0x00000000c2600000, 0x00000000c3680000, 0x00000000c3680000)
  from space 2112K,  54% used [0x00000000c3890000, 0x00000000c39b09c0, 0x00000000c3aa0000)
  to   space 2112K,   0% used [0x00000000c3680000, 0x00000000c3680000, 0x00000000c3890000)
 concurrent mark-sweep generation total 61272K, used 37672K [0x00000000d6e00000, 0x00000000da9d6000, 0x0000000100000000)
 Metaspace       used 47254K, capacity 49306K, committed 49480K, reserved 1093632K
  class space    used 5815K, capacity 6219K, committed 6220K, reserved 1048576K
2022-08-07T09:30:01.539+0000: 17.353: [GC (Allocation Failure) 2022-08-07T09:30:01.539+0000: 17.353: [ParNew: 18050K->1410K(19008K), 0.0038993 secs] 55722K->39082K(80280K), 0.0044347 secs] [Times: user=0.02 sys=0.00, real=0.01 secs] 
Heap after GC invocations=208 (full 20):
 par new generation   total 19008K, used 1410K [0x00000000c2600000, 0x00000000c3aa0000, 0x00000000d6e00000)
  eden space 16896K,   0% used [0x00000000c2600000, 0x00000000c2600000, 0x00000000c3680000)
  from space 2112K,  66% used [0x00000000c3680000, 0x00000000c37e0b68, 0x00000000c3890000)
  to   space 2112K,   0% used [0x00000000c3890000, 0x00000000c3890000, 0x00000000c3aa0000)
 concurrent mark-sweep generation total 61272K, used 37672K [0x00000000d6e00000, 0x00000000da9d6000, 0x0000000100000000)
 Metaspace       used 47254K, capacity 49306K, committed 49480K, reserved 1093632K
  class space    used 5815K, capacity 6219K, committed 6220K, reserved 1048576K
}
2022-08-07T09:30:01.596+0000: 17.410: [CMS-concurrent-abortable-preclean: 0.087/0.148 secs] [Times: user=0.40 sys=0.10, real=0.15 secs] 
2022-08-07T09:30:01.602+0000: 17.417: Application time: 0.0585720 seconds
2022-08-07T09:30:01.603+0000: 17.418: [GC (CMS Final Remark) [YG occupancy: 10415 K (19008 K)]2022-08-07T09:30:01.604+0000: 17.418: [Rescan (parallel) , 0.0204489 secs]2022-08-07T09:30:01.626+0000: 17.440: [weak refs processing, 0.0049783 secs]2022-08-07T09:30:01.631+0000: 17.446: [class unloading, 0.0139640 secs]2022-08-07T09:30:01.647+0000: 17.461: [scrub symbol table, 0.0090108 secs]2022-08-07T09:30:01.656+0000: 17.470: [scrub string table, 0.0009650 secs][1 CMS-remark: 37672K(61272K)] 48087K(80280K), 0.0585290 secs] [Times: user=0.11 sys=0.00, real=0.05 secs] 
2022-08-07T09:30:01.662+0000: 17.477: [CMS-concurrent-sweep-start]
2022-08-07T09:30:01.696+0000: 17.510: [CMS-concurrent-sweep: 0.033/0.033 secs] [Times: user=0.08 sys=0.02, real=0.04 secs] 
2022-08-07T09:30:01.697+0000: 17.512: [CMS-concurrent-reset-start]
2022-08-07T09:30:01.699+0000: 17.513: [CMS-concurrent-reset: 0.002/0.002 secs] [Times: user=0.00 sys=0.00, real=0.00 secs] 
2022-08-07T09:30:01.712+0000: 17.527: Application time: 0.0496848 seconds
{Heap before GC invocations=208 (full 20):
 par new generation   total 19008K, used 18306K [0x00000000c2600000, 0x00000000c3aa0000, 0x00000000d6e00000)
  eden space 16896K, 100% used [0x00000000c2600000, 0x00000000c3680000, 0x00000000c3680000)
  from space 2112K,  66% used [0x00000000c3680000, 0x00000000c37e0b68, 0x00000000c3890000)
  to   space 2112K,   0% used [0x00000000c3890000, 0x00000000c3890000, 0x00000000c3aa0000)
 concurrent mark-sweep generation total 62648K, used 37586K [0x00000000d6e00000, 0x00000000dab2e000, 0x0000000100000000)
 Metaspace       used 47280K, capacity 49294K, committed 49608K, reserved 1093632K
  class space    used 5813K, capacity 6217K, committed 6348K, reserved 1048576K
2022-08-07T09:30:01.713+0000: 17.527: [GC (Allocation Failure) 2022-08-07T09:30:01.713+0000: 17.528: [ParNew: 18306K->1638K(19008K), 0.0093674 secs] 55893K->39661K(81656K), 0.0100892 secs] [Times: user=0.02 sys=0.01, real=0.02 secs] 
Heap after GC invocations=209 (full 20):
 par new generation   total 19008K, used 1638K [0x00000000c2600000, 0x00000000c3aa0000, 0x00000000d6e00000)
  eden space 16896K,   0% used [0x00000000c2600000, 0x00000000c2600000, 0x00000000c3680000)
  from space 2112K,  77% used [0x00000000c3890000, 0x00000000c3a29bc0, 0x00000000c3aa0000)
  to   space 2112K,   0% used [0x00000000c3680000, 0x00000000c3680000, 0x00000000c3890000)
 concurrent mark-sweep generation total 62648K, used 38022K [0x00000000d6e00000, 0x00000000dab2e000, 0x0000000100000000)
 Metaspace       used 47280K, capacity 49294K, committed 49608K, reserved 1093632K
  class space    used 5813K, capacity 6217K, committed 6348K, reserved 1048576K
}
2022-08-07T09:30:01.725+0000: 17.539: Application time: 0.0012281 seconds
2022-08-07T09:30:01.726+0000: 17.540: [GC (CMS Initial Mark) [1 CMS-initial-mark: 38022K(62648K)] 40014K(81656K), 0.0037982 secs] [Times: user=0.01 sys=0.00, real=0.00 secs] 
2022-08-07T09:30:01.730+0000: 17.545: [CMS-concurrent-mark-start]
2022-08-07T09:30:01.795+0000: 17.609: Application time: 0.0644476 seconds
{Heap before GC invocations=209 (full 21):
 par new generation   total 19008K, used 18534K [0x00000000c2600000, 0x00000000c3aa0000, 0x00000000d6e00000)
  eden space 16896K, 100% used [0x00000000c2600000, 0x00000000c3680000, 0x00000000c3680000)
  from space 2112K,  77% used [0x00000000c3890000, 0x00000000c3a29bc0, 0x00000000c3aa0000)
  to   space 2112K,   0% used [0x00000000c3680000, 0x00000000c3680000, 0x00000000c3890000)
 concurrent mark-sweep generation total 62648K, used 38022K [0x00000000d6e00000, 0x00000000dab2e000, 0x0000000100000000)
 Metaspace       used 47294K, capacity 49326K, committed 49608K, reserved 1093632K
  class space    used 5821K, capacity 6249K, committed 6348K, reserved 1048576K
2022-08-07T09:30:01.795+0000: 17.610: [GC (Allocation Failure) 2022-08-07T09:30:01.796+0000: 17.610: [ParNew: 18534K->1522K(19008K), 0.0078813 secs] 56557K->39849K(81656K), 0.0090939 secs] [Times: user=0.02 sys=0.00, real=0.01 secs] 
Heap after GC invocations=210 (full 21):
 par new generation   total 19008K, used 1522K [0x00000000c2600000, 0x00000000c3aa0000, 0x00000000d6e00000)
  eden space 16896K,   0% used [0x00000000c2600000, 0x00000000c2600000, 0x00000000c3680000)
  from space 2112K,  72% used [0x00000000c3680000, 0x00000000c37fc958, 0x00000000c3890000)
  to   space 2112K,   0% used [0x00000000c3890000, 0x00000000c3890000, 0x00000000c3aa0000)
 concurrent mark-sweep generation total 62648K, used 38326K [0x00000000d6e00000, 0x00000000dab2e000, 0x0000000100000000)
 Metaspace       used 47294K, capacity 49326K, committed 49608K, reserved 1093632K
  class space    used 5821K, capacity 6249K, committed 6348K, reserved 1048576K
}
2022-08-07T09:30:01.820+0000: 17.635: Application time: 0.0155226 seconds
{Heap before GC invocations=210 (full 21):
 par new generation   total 19008K, used 18377K [0x00000000c2600000, 0x00000000c3aa0000, 0x00000000d6e00000)
  eden space 16896K,  99% used [0x00000000c2600000, 0x00000000c3675bb8, 0x00000000c3680000)
  from space 2112K,  72% used [0x00000000c3680000, 0x00000000c37fc958, 0x00000000c3890000)
  to   space 2112K,   0% used [0x00000000c3890000, 0x00000000c3890000, 0x00000000c3aa0000)
 concurrent mark-sweep generation total 62648K, used 38326K [0x00000000d6e00000, 0x00000000dab2e000, 0x0000000100000000)
 Metaspace       used 47294K, capacity 49326K, committed 49608K, reserved 1093632K
  class space    used 5821K, capacity 6249K, committed 6348K, reserved 1048576K
2022-08-07T09:30:01.822+0000: 17.637: [GC (Allocation Failure) 2022-08-07T09:30:01.823+0000: 17.637: [ParNew: 18377K->1406K(19008K), 0.0116573 secs] 56704K->39733K(81656K), 0.0145046 secs] [Times: user=0.03 sys=0.00, real=0.02 secs] 
Heap after GC invocations=211 (full 21):
 par new generation   total 19008K, used 1406K [0x00000000c2600000, 0x00000000c3aa0000, 0x00000000d6e00000)
  eden space 16896K,   0% used [0x00000000c2600000, 0x00000000c2600000, 0x00000000c3680000)
  from space 2112K,  66% used [0x00000000c3890000, 0x00000000c39ef8a0, 0x00000000c3aa0000)
  to   space 2112K,   0% used [0x00000000c3680000, 0x00000000c3680000, 0x00000000c3890000)
 concurrent mark-sweep generation total 62648K, used 38326K [0x00000000d6e00000, 0x00000000dab2e000, 0x0000000100000000)
 Metaspace       used 47294K, capacity 49326K, committed 49608K, reserved 1093632K
  class space    used 5821K, capacity 6249K, committed 6348K, reserved 1048576K
}
2022-08-07T09:30:01.888+0000: 17.702: [CMS-concurrent-mark: 0.128/0.157 secs] [Times: user=0.33 sys=0.06, real=0.16 secs] 
2022-08-07T09:30:01.888+0000: 17.703: [CMS-concurrent-preclean-start]
2022-08-07T09:30:01.913+0000: 17.728: [CMS-concurrent-preclean: 0.015/0.025 secs] [Times: user=0.04 sys=0.02, real=0.03 secs] 
2022-08-07T09:30:01.914+0000: 17.729: [CMS-concurrent-abortable-preclean-start]
2022-08-07T09:30:02.017+0000: 17.831: Application time: 0.1793028 seconds
{Heap before GC invocations=211 (full 21):
 par new generation   total 19008K, used 18302K [0x00000000c2600000, 0x00000000c3aa0000, 0x00000000d6e00000)
  eden space 16896K, 100% used [0x00000000c2600000, 0x00000000c3680000, 0x00000000c3680000)
  from space 2112K,  66% used [0x00000000c3890000, 0x00000000c39ef8a0, 0x00000000c3aa0000)
  to   space 2112K,   0% used [0x00000000c3680000, 0x00000000c3680000, 0x00000000c3890000)
 concurrent mark-sweep generation total 62648K, used 38326K [0x00000000d6e00000, 0x00000000dab2e000, 0x0000000100000000)
 Metaspace       used 47921K, capacity 49942K, committed 50120K, reserved 1093632K
  class space    used 5876K, capacity 6283K, committed 6348K, reserved 1048576K
2022-08-07T09:30:02.017+0000: 17.832: [GC (Allocation Failure) 2022-08-07T09:30:02.018+0000: 17.833: [ParNew2022-08-07T09:30:02.033+0000: 17.847: [CMS-concurrent-abortable-preclean: 0.009/0.118 secs] [Times: user=0.17 sys=0.04, real=0.11 secs] 
: 18302K->1643K(19008K), 0.0147921 secs] 56629K->39970K(81656K), 0.0159350 secs] [Times: user=0.03 sys=0.00, real=0.02 secs] 
Heap after GC invocations=212 (full 21):
 par new generation   total 19008K, used 1643K [0x00000000c2600000, 0x00000000c3aa0000, 0x00000000d6e00000)
  eden space 16896K,   0% used [0x00000000c2600000, 0x00000000c2600000, 0x00000000c3680000)
  from space 2112K,  77% used [0x00000000c3680000, 0x00000000c381add0, 0x00000000c3890000)
  to   space 2112K,   0% used [0x00000000c3890000, 0x00000000c3890000, 0x00000000c3aa0000)
 concurrent mark-sweep generation total 62648K, used 38326K [0x00000000d6e00000, 0x00000000dab2e000, 0x0000000100000000)
 Metaspace       used 47921K, capacity 49942K, committed 50120K, reserved 1093632K
  class space    used 5876K, capacity 6283K, committed 6348K, reserved 1048576K
}
2022-08-07T09:30:02.035+0000: 17.849: Application time: 0.0010122 seconds
2022-08-07T09:30:02.035+0000: 17.850: [GC (CMS Final Remark) [YG occupancy: 2337 K (19008 K)]2022-08-07T09:30:02.036+0000: 17.850: [Rescan (parallel) , 0.0032633 secs]2022-08-07T09:30:02.040+0000: 17.854: [weak refs processing, 0.0013742 secs]2022-08-07T09:30:02.045+0000: 17.860: [class unloading, 0.0122283 secs]2022-08-07T09:30:02.061+0000: 17.875: [scrub symbol table, 0.0098906 secs]2022-08-07T09:30:02.071+0000: 17.886: [scrub string table, 0.0011440 secs][1 CMS-remark: 38326K(62648K)] 40664K(81656K), 0.0372779 secs] [Times: user=0.06 sys=0.00, real=0.04 secs] 
2022-08-07T09:30:02.074+0000: 17.888: [CMS-concurrent-sweep-start]
2022-08-07T09:30:02.093+0000: 17.907: [CMS-concurrent-sweep: 0.019/0.019 secs] [Times: user=0.05 sys=0.01, real=0.01 secs] 
2022-08-07T09:30:02.093+0000: 17.908: [CMS-concurrent-reset-start]
2022-08-07T09:30:02.094+0000: 17.908: [CMS-concurrent-reset: 0.001/0.001 secs] [Times: user=0.00 sys=0.00, real=0.00 secs] 
2022-08-07T09:30:02.167+0000: 17.981: Application time: 0.0932470 seconds
{Heap before GC invocations=212 (full 21):
 par new generation   total 19008K, used 18539K [0x00000000c2600000, 0x00000000c3aa0000, 0x00000000d6e00000)
  eden space 16896K, 100% used [0x00000000c2600000, 0x00000000c3680000, 0x00000000c3680000)
  from space 2112K,  77% used [0x00000000c3680000, 0x00000000c381add0, 0x00000000c3890000)
  to   space 2112K,   0% used [0x00000000c3890000, 0x00000000c3890000, 0x00000000c3aa0000)
 concurrent mark-sweep generation total 63784K, used 38269K [0x00000000d6e00000, 0x00000000dac4a000, 0x0000000100000000)
 Metaspace       used 48522K, capacity 50580K, committed 50760K, reserved 1093632K
  class space    used 6012K, capacity 6412K, committed 6476K, reserved 1048576K
2022-08-07T09:30:02.167+0000: 17.982: [GC (Allocation Failure) 2022-08-07T09:30:02.168+0000: 17.982: [ParNew: 18539K->1595K(19008K), 0.0062293 secs] 56808K->40614K(82792K), 0.0071494 secs] [Times: user=0.02 sys=0.00, real=0.01 secs] 
Heap after GC invocations=213 (full 21):
 par new generation   total 19008K, used 1595K [0x00000000c2600000, 0x00000000c3aa0000, 0x00000000d6e00000)
  eden space 16896K,   0% used [0x00000000c2600000, 0x00000000c2600000, 0x00000000c3680000)
  from space 2112K,  75% used [0x00000000c3890000, 0x00000000c3a1ec20, 0x00000000c3aa0000)
  to   space 2112K,   0% used [0x00000000c3680000, 0x00000000c3680000, 0x00000000c3890000)
 concurrent mark-sweep generation total 63784K, used 39019K [0x00000000d6e00000, 0x00000000dac4a000, 0x0000000100000000)
 Metaspace       used 48522K, capacity 50580K, committed 50760K, reserved 1093632K
  class space    used 6012K, capacity 6412K, committed 6476K, reserved 1048576K
}
2022-08-07T09:30:02.177+0000: 17.991: Application time: 0.0017410 seconds
2022-08-07T09:30:02.178+0000: 17.993: [GC (CMS Initial Mark) [1 CMS-initial-mark: 39019K(63784K)] 40974K(82792K), 0.0023615 secs] [Times: user=0.00 sys=0.00, real=0.00 secs] 
2022-08-07T09:30:02.181+0000: 17.996: [CMS-concurrent-mark-start]
2022-08-07T09:30:02.250+0000: 18.064: [CMS-concurrent-mark: 0.068/0.068 secs] [Times: user=0.23 sys=0.02, real=0.07 secs] 
2022-08-07T09:30:02.250+0000: 18.065: [CMS-concurrent-preclean-start]
2022-08-07T09:30:02.252+0000: 18.066: Application time: 0.0704259 seconds
{Heap before GC invocations=213 (full 22):
 par new generation   total 19008K, used 18491K [0x00000000c2600000, 0x00000000c3aa0000, 0x00000000d6e00000)
  eden space 16896K, 100% used [0x00000000c2600000, 0x00000000c3680000, 0x00000000c3680000)
  from space 2112K,  75% used [0x00000000c3890000, 0x00000000c3a1ec20, 0x00000000c3aa0000)
  to   space 2112K,   0% used [0x00000000c3680000, 0x00000000c3680000, 0x00000000c3890000)
 concurrent mark-sweep generation total 63784K, used 39019K [0x00000000d6e00000, 0x00000000dac4a000, 0x0000000100000000)
 Metaspace       used 48733K, capacity 50772K, committed 51144K, reserved 1093632K
  class space    used 6050K, capacity 6476K, committed 6604K, reserved 1048576K
2022-08-07T09:30:02.252+0000: 18.067: [GC (Allocation Failure) 2022-08-07T09:30:02.252+0000: 18.067: [ParNew: 18491K->849K(19008K), 0.0039951 secs] 57510K->39869K(82792K), 0.0047250 secs] [Times: user=0.01 sys=0.01, real=0.01 secs] 
Heap after GC invocations=214 (full 22):
 par new generation   total 19008K, used 849K [0x00000000c2600000, 0x00000000c3aa0000, 0x00000000d6e00000)
  eden space 16896K,   0% used [0x00000000c2600000, 0x00000000c2600000, 0x00000000c3680000)
  from space 2112K,  40% used [0x00000000c3680000, 0x00000000c37545e8, 0x00000000c3890000)
  to   space 2112K,   0% used [0x00000000c3890000, 0x00000000c3890000, 0x00000000c3aa0000)
 concurrent mark-sweep generation total 63784K, used 39019K [0x00000000d6e00000, 0x00000000dac4a000, 0x0000000100000000)
 Metaspace       used 48733K, capacity 50772K, committed 51144K, reserved 1093632K
  class space    used 6050K, capacity 6476K, committed 6604K, reserved 1048576K
}
2022-08-07T09:30:02.259+0000: 18.074: [CMS-concurrent-preclean: 0.003/0.009 secs] [Times: user=0.02 sys=0.01, real=0.01 secs] 
2022-08-07T09:30:02.260+0000: 18.074: Application time: 0.0022246 seconds
2022-08-07T09:30:02.260+0000: 18.074: [GC (CMS Final Remark) [YG occupancy: 2557 K (19008 K)]2022-08-07T09:30:02.260+0000: 18.075: [Rescan (parallel) , 0.0028591 secs]2022-08-07T09:30:02.263+0000: 18.078: [weak refs processing, 0.0014138 secs]2022-08-07T09:30:02.265+0000: 18.080: [class unloading, 0.0121465 secs]2022-08-07T09:30:02.278+0000: 18.092: [scrub symbol table, 0.0144622 secs]2022-08-07T09:30:02.293+0000: 18.107: [scrub string table, 0.0010513 secs][1 CMS-remark: 39019K(63784K)] 41576K(82792K), 0.0342566 secs] [Times: user=0.05 sys=0.00, real=0.04 secs] 
2022-08-07T09:30:02.295+0000: 18.110: [CMS-concurrent-sweep-start]
2022-08-07T09:30:02.312+0000: 18.127: [CMS-concurrent-sweep: 0.017/0.017 secs] [Times: user=0.04 sys=0.00, real=0.01 secs] 
2022-08-07T09:30:02.313+0000: 18.127: [CMS-concurrent-reset-start]
2022-08-07T09:30:02.313+0000: 18.128: [CMS-concurrent-reset: 0.001/0.001 secs] [Times: user=0.00 sys=0.00, real=0.01 secs] 
2022-08-07T09:30:02.380+0000: 18.194: Application time: 0.0849974 seconds
{Heap before GC invocations=214 (full 22):
 par new generation   total 19008K, used 17745K [0x00000000c2600000, 0x00000000c3aa0000, 0x00000000d6e00000)
  eden space 16896K, 100% used [0x00000000c2600000, 0x00000000c3680000, 0x00000000c3680000)
  from space 2112K,  40% used [0x00000000c3680000, 0x00000000c37545e8, 0x00000000c3890000)
  to   space 2112K,   0% used [0x00000000c3890000, 0x00000000c3890000, 0x00000000c3aa0000)
 concurrent mark-sweep generation total 64948K, used 38968K [0x00000000d6e00000, 0x00000000dad6d000, 0x0000000100000000)
 Metaspace       used 48921K, capacity 50964K, committed 51400K, reserved 1093632K
  class space    used 6073K, capacity 6476K, committed 6604K, reserved 1048576K
2022-08-07T09:30:02.380+0000: 18.195: [GC (Allocation Failure) 2022-08-07T09:30:02.381+0000: 18.196: [ParNew: 17745K->790K(19008K), 0.0030937 secs] 56714K->39759K(83956K), 0.0043691 secs] [Times: user=0.01 sys=0.00, real=0.01 secs] 
Heap after GC invocations=215 (full 22):
 par new generation   total 19008K, used 790K [0x00000000c2600000, 0x00000000c3aa0000, 0x00000000d6e00000)
  eden space 16896K,   0% used [0x00000000c2600000, 0x00000000c2600000, 0x00000000c3680000)
  from space 2112K,  37% used [0x00000000c3890000, 0x00000000c3955bd0, 0x00000000c3aa0000)
  to   space 2112K,   0% used [0x00000000c3680000, 0x00000000c3680000, 0x00000000c3890000)
 concurrent mark-sweep generation total 64948K, used 38968K [0x00000000d6e00000, 0x00000000dad6d000, 0x0000000100000000)
 Metaspace       used 48921K, capacity 50964K, committed 51400K, reserved 1093632K
  class space    used 6073K, capacity 6476K, committed 6604K, reserved 1048576K
}
2022-08-07T09:30:02.460+0000: 18.275: Application time: 0.0749739 seconds
{Heap before GC invocations=215 (full 22):
 par new generation   total 19008K, used 17686K [0x00000000c2600000, 0x00000000c3aa0000, 0x00000000d6e00000)
  eden space 16896K, 100% used [0x00000000c2600000, 0x00000000c3680000, 0x00000000c3680000)
  from space 2112K,  37% used [0x00000000c3890000, 0x00000000c3955bd0, 0x00000000c3aa0000)
  to   space 2112K,   0% used [0x00000000c3680000, 0x00000000c3680000, 0x00000000c3890000)
 concurrent mark-sweep generation total 64948K, used 38968K [0x00000000d6e00000, 0x00000000dad6d000, 0x0000000100000000)
 Metaspace       used 49174K, capacity 51212K, committed 51400K, reserved 1093632K
  class space    used 6121K, capacity 6512K, committed 6604K, reserved 1048576K
2022-08-07T09:30:02.461+0000: 18.276: [GC (Allocation Failure) 2022-08-07T09:30:02.461+0000: 18.276: [ParNew: 17686K->927K(19008K), 0.0034244 secs] 56655K->39896K(83956K), 0.0043485 secs] [Times: user=0.01 sys=0.00, real=0.01 secs] 
Heap after GC invocations=216 (full 22):
 par new generation   total 19008K, used 927K [0x00000000c2600000, 0x00000000c3aa0000, 0x00000000d6e00000)
  eden space 16896K,   0% used [0x00000000c2600000, 0x00000000c2600000, 0x00000000c3680000)
  from space 2112K,  43% used [0x00000000c3680000, 0x00000000c3767f20, 0x00000000c3890000)
  to   space 2112K,   0% used [0x00000000c3890000, 0x00000000c3890000, 0x00000000c3aa0000)
 concurrent mark-sweep generation total 64948K, used 38968K [0x00000000d6e00000, 0x00000000dad6d000, 0x0000000100000000)
 Metaspace       used 49174K, capacity 51212K, committed 51400K, reserved 1093632K
  class space    used 6121K, capacity 6512K, committed 6604K, reserved 1048576K
}
2022-08-07T09:30:02.554+0000: 18.369: Application time: 0.0883197 seconds
{Heap before GC invocations=216 (full 22):
 par new generation   total 19008K, used 17823K [0x00000000c2600000, 0x00000000c3aa0000, 0x00000000d6e00000)
  eden space 16896K, 100% used [0x00000000c2600000, 0x00000000c3680000, 0x00000000c3680000)
  from space 2112K,  43% used [0x00000000c3680000, 0x00000000c3767f20, 0x00000000c3890000)
  to   space 2112K,   0% used [0x00000000c3890000, 0x00000000c3890000, 0x00000000c3aa0000)
 concurrent mark-sweep generation total 64948K, used 38968K [0x00000000d6e00000, 0x00000000dad6d000, 0x0000000100000000)
 Metaspace       used 49497K, capacity 51532K, committed 51656K, reserved 1093632K
  class space    used 6173K, capacity 6576K, committed 6604K, reserved 1048576K
2022-08-07T09:30:02.555+0000: 18.370: [GC (Allocation Failure) 2022-08-07T09:30:02.556+0000: 18.370: [ParNew: 17823K->1075K(19008K), 0.0068796 secs] 56792K->40044K(83956K), 0.0077861 secs] [Times: user=0.02 sys=0.00, real=0.01 secs] 
Heap after GC invocations=217 (full 22):
 par new generation   total 19008K, used 1075K [0x00000000c2600000, 0x00000000c3aa0000, 0x00000000d6e00000)
  eden space 16896K,   0% used [0x00000000c2600000, 0x00000000c2600000, 0x00000000c3680000)
  from space 2112K,  50% used [0x00000000c3890000, 0x00000000c399cfb0, 0x00000000c3aa0000)
  to   space 2112K,   0% used [0x00000000c3680000, 0x00000000c3680000, 0x00000000c3890000)
 concurrent mark-sweep generation total 64948K, used 38968K [0x00000000d6e00000, 0x00000000dad6d000, 0x0000000100000000)
 Metaspace       used 49497K, capacity 51532K, committed 51656K, reserved 1093632K
  class space    used 6173K, capacity 6576K, committed 6604K, reserved 1048576K
}
2022-08-07T09:30:02.624+0000: 18.439: Application time: 0.0599113 seconds
{Heap before GC invocations=217 (full 22):
 par new generation   total 19008K, used 17971K [0x00000000c2600000, 0x00000000c3aa0000, 0x00000000d6e00000)
  eden space 16896K, 100% used [0x00000000c2600000, 0x00000000c3680000, 0x00000000c3680000)
  from space 2112K,  50% used [0x00000000c3890000, 0x00000000c399cfb0, 0x00000000c3aa0000)
  to   space 2112K,   0% used [0x00000000c3680000, 0x00000000c3680000, 0x00000000c3890000)
 concurrent mark-sweep generation total 64948K, used 38968K [0x00000000d6e00000, 0x00000000dad6d000, 0x0000000100000000)
 Metaspace       used 49797K, capacity 51820K, committed 52040K, reserved 1095680K
  class space    used 6208K, capacity 6608K, committed 6732K, reserved 1048576K
2022-08-07T09:30:02.626+0000: 18.441: [GC (Allocation Failure) 2022-08-07T09:30:02.627+0000: 18.442: [ParNew: 17971K->1854K(19008K), 0.0027249 secs] 56940K->40823K(83956K), 0.0037040 secs] [Times: user=0.01 sys=0.00, real=0.00 secs] 
Heap after GC invocations=218 (full 22):
 par new generation   total 19008K, used 1854K [0x00000000c2600000, 0x00000000c3aa0000, 0x00000000d6e00000)
  eden space 16896K,   0% used [0x00000000c2600000, 0x00000000c2600000, 0x00000000c3680000)
  from space 2112K,  87% used [0x00000000c3680000, 0x00000000c384f988, 0x00000000c3890000)
  to   space 2112K,   0% used [0x00000000c3890000, 0x00000000c3890000, 0x00000000c3aa0000)
 concurrent mark-sweep generation total 64948K, used 38968K [0x00000000d6e00000, 0x00000000dad6d000, 0x0000000100000000)
 Metaspace       used 49797K, capacity 51820K, committed 52040K, reserved 1095680K
  class space    used 6208K, capacity 6608K, committed 6732K, reserved 1048576K
}
2022-08-07T09:30:02.641+0000: 18.456: Application time: 0.0105711 seconds
{Heap before GC invocations=218 (full 22):
 par new generation   total 19008K, used 18750K [0x00000000c2600000, 0x00000000c3aa0000, 0x00000000d6e00000)
  eden space 16896K, 100% used [0x00000000c2600000, 0x00000000c3680000, 0x00000000c3680000)
  from space 2112K,  87% used [0x00000000c3680000, 0x00000000c384f988, 0x00000000c3890000)
  to   space 2112K,   0% used [0x00000000c3890000, 0x00000000c3890000, 0x00000000c3aa0000)
 concurrent mark-sweep generation total 64948K, used 38968K [0x00000000d6e00000, 0x00000000dad6d000, 0x0000000100000000)
 Metaspace       used 49797K, capacity 51820K, committed 52040K, reserved 1095680K
  class space    used 6208K, capacity 6608K, committed 6732K, reserved 1048576K
2022-08-07T09:30:02.642+0000: 18.456: [GC (Allocation Failure) 2022-08-07T09:30:02.642+0000: 18.457: [ParNew: 18750K->840K(19008K), 0.0036539 secs] 57719K->40328K(83956K), 0.0043372 secs] [Times: user=0.01 sys=0.00, real=0.01 secs] 
Heap after GC invocations=219 (full 22):
 par new generation   total 19008K, used 840K [0x00000000c2600000, 0x00000000c3aa0000, 0x00000000d6e00000)
  eden space 16896K,   0% used [0x00000000c2600000, 0x00000000c2600000, 0x00000000c3680000)
  from space 2112K,  39% used [0x00000000c3890000, 0x00000000c39621b8, 0x00000000c3aa0000)
  to   space 2112K,   0% used [0x00000000c3680000, 0x00000000c3680000, 0x00000000c3890000)
 concurrent mark-sweep generation total 64948K, used 39487K [0x00000000d6e00000, 0x00000000dad6d000, 0x0000000100000000)
 Metaspace       used 49797K, capacity 51820K, committed 52040K, reserved 1095680K
  class space    used 6208K, capacity 6608K, committed 6732K, reserved 1048576K
}
2022-08-07T09:30:02.648+0000: 18.462: Application time: 0.0007132 seconds
2022-08-07T09:30:02.648+0000: 18.462: [GC (CMS Initial Mark) [1 CMS-initial-mark: 39487K(64948K)] 41176K(83956K), 0.0018516 secs] [Times: user=0.00 sys=0.00, real=0.00 secs] 
2022-08-07T09:30:02.650+0000: 18.465: [CMS-concurrent-mark-start]
2022-08-07T09:30:02.659+0000: 18.473: Application time: 0.0086663 seconds
{Heap before GC invocations=219 (full 23):
 par new generation   total 19008K, used 13307K [0x00000000c2600000, 0x00000000c3aa0000, 0x00000000d6e00000)
  eden space 16896K,  73% used [0x00000000c2600000, 0x00000000c322cb10, 0x00000000c3680000)
  from space 2112K,  39% used [0x00000000c3890000, 0x00000000c39621b8, 0x00000000c3aa0000)
  to   space 2112K,   0% used [0x00000000c3680000, 0x00000000c3680000, 0x00000000c3890000)
 concurrent mark-sweep generation total 64948K, used 39487K [0x00000000d6e00000, 0x00000000dad6d000, 0x0000000100000000)
 Metaspace       used 49797K, capacity 51820K, committed 52040K, reserved 1095680K
  class space    used 6208K, capacity 6608K, committed 6732K, reserved 1048576K
2022-08-07T09:30:02.659+0000: 18.474: [GC (Allocation Failure) 2022-08-07T09:30:02.660+0000: 18.474: [ParNew: 13307K->2112K(19008K), 0.0080481 secs] 52794K->46156K(83956K), 0.0089935 secs] [Times: user=0.02 sys=0.01, real=0.01 secs] 
Heap after GC invocations=220 (full 23):
 par new generation   total 19008K, used 2112K [0x00000000c2600000, 0x00000000c3aa0000, 0x00000000d6e00000)
  eden space 16896K,   0% used [0x00000000c2600000, 0x00000000c2600000, 0x00000000c3680000)
  from space 2112K, 100% used [0x00000000c3680000, 0x00000000c3890000, 0x00000000c3890000)
  to   space 2112K,   0% used [0x00000000c3890000, 0x00000000c3890000, 0x00000000c3aa0000)
 concurrent mark-sweep generation total 64948K, used 44044K [0x00000000d6e00000, 0x00000000dad6d000, 0x0000000100000000)
 Metaspace       used 49797K, capacity 51820K, committed 52040K, reserved 1095680K
  class space    used 6208K, capacity 6608K, committed 6732K, reserved 1048576K
}
2022-08-07T09:30:02.678+0000: 18.493: Application time: 0.0092082 seconds
{Heap before GC invocations=220 (full 23):
 par new generation   total 19008K, used 19008K [0x00000000c2600000, 0x00000000c3aa0000, 0x00000000d6e00000)
  eden space 16896K, 100% used [0x00000000c2600000, 0x00000000c3680000, 0x00000000c3680000)
  from space 2112K, 100% used [0x00000000c3680000, 0x00000000c3890000, 0x00000000c3890000)
  to   space 2112K,   0% used [0x00000000c3890000, 0x00000000c3890000, 0x00000000c3aa0000)
 concurrent mark-sweep generation total 64948K, used 44044K [0x00000000d6e00000, 0x00000000dad6d000, 0x0000000100000000)
 Metaspace       used 49800K, capacity 51820K, committed 52040K, reserved 1095680K
  class space    used 6208K, capacity 6608K, committed 6732K, reserved 1048576K
2022-08-07T09:30:02.679+0000: 18.494: [GC (Allocation Failure) 2022-08-07T09:30:02.679+0000: 18.494: [ParNew: 19008K->1241K(19008K), 0.0071583 secs] 63052K->47374K(83956K), 0.0079321 secs] [Times: user=0.01 sys=0.01, real=0.01 secs] 
Heap after GC invocations=221 (full 23):
 par new generation   total 19008K, used 1241K [0x00000000c2600000, 0x00000000c3aa0000, 0x00000000d6e00000)
  eden space 16896K,   0% used [0x00000000c2600000, 0x00000000c2600000, 0x00000000c3680000)
  from space 2112K,  58% used [0x00000000c3890000, 0x00000000c39c67d0, 0x00000000c3aa0000)
  to   space 2112K,   0% used [0x00000000c3680000, 0x00000000c3680000, 0x00000000c3890000)
 concurrent mark-sweep generation total 64948K, used 46132K [0x00000000d6e00000, 0x00000000dad6d000, 0x0000000100000000)
 Metaspace       used 49800K, capacity 51820K, committed 52040K, reserved 1095680K
  class space    used 6208K, capacity 6608K, committed 6732K, reserved 1048576K
}
2022-08-07T09:30:02.701+0000: 18.516: Application time: 0.0134505 seconds
{Heap before GC invocations=221 (full 23):
 par new generation   total 19008K, used 18137K [0x00000000c2600000, 0x00000000c3aa0000, 0x00000000d6e00000)
  eden space 16896K, 100% used [0x00000000c2600000, 0x00000000c3680000, 0x00000000c3680000)
  from space 2112K,  58% used [0x00000000c3890000, 0x00000000c39c67d0, 0x00000000c3aa0000)
  to   space 2112K,   0% used [0x00000000c3680000, 0x00000000c3680000, 0x00000000c3890000)
 concurrent mark-sweep generation total 64948K, used 46132K [0x00000000d6e00000, 0x00000000dad6d000, 0x0000000100000000)
 Metaspace       used 49800K, capacity 51820K, committed 52040K, reserved 1095680K
  class space    used 6208K, capacity 6608K, committed 6732K, reserved 1048576K
2022-08-07T09:30:02.702+0000: 18.516: [GC (Allocation Failure) 2022-08-07T09:30:02.703+0000: 18.517: [ParNew: 18137K->1320K(19008K), 0.0028493 secs] 64270K->47453K(83956K), 0.0039157 secs] [Times: user=0.01 sys=0.00, real=0.01 secs] 
Heap after GC invocations=222 (full 23):
 par new generation   total 19008K, used 1320K [0x00000000c2600000, 0x00000000c3aa0000, 0x00000000d6e00000)
  eden space 16896K,   0% used [0x00000000c2600000, 0x00000000c2600000, 0x00000000c3680000)
  from space 2112K,  62% used [0x00000000c3680000, 0x00000000c37ca248, 0x00000000c3890000)
  to   space 2112K,   0% used [0x00000000c3890000, 0x00000000c3890000, 0x00000000c3aa0000)
 concurrent mark-sweep generation total 64948K, used 46132K [0x00000000d6e00000, 0x00000000dad6d000, 0x0000000100000000)
 Metaspace       used 49800K, capacity 51820K, committed 52040K, reserved 1095680K
  class space    used 6208K, capacity 6608K, committed 6732K, reserved 1048576K
}
2022-08-07T09:30:02.719+0000: 18.533: Application time: 0.0126106 seconds
{Heap before GC invocations=222 (full 23):
 par new generation   total 19008K, used 18216K [0x00000000c2600000, 0x00000000c3aa0000, 0x00000000d6e00000)
  eden space 16896K, 100% used [0x00000000c2600000, 0x00000000c3680000, 0x00000000c3680000)
  from space 2112K,  62% used [0x00000000c3680000, 0x00000000c37ca248, 0x00000000c3890000)
  to   space 2112K,   0% used [0x00000000c3890000, 0x00000000c3890000, 0x00000000c3aa0000)
 concurrent mark-sweep generation total 64948K, used 46132K [0x00000000d6e00000, 0x00000000dad6d000, 0x0000000100000000)
 Metaspace       used 49801K, capacity 51820K, committed 52040K, reserved 1095680K
  class space    used 6208K, capacity 6608K, committed 6732K, reserved 1048576K
2022-08-07T09:30:02.720+0000: 18.535: [GC (Allocation Failure) 2022-08-07T09:30:02.720+0000: 18.535: [ParNew: 18216K->469K(19008K), 0.0044670 secs] 64349K->46602K(83956K), 0.0052404 secs] [Times: user=0.01 sys=0.00, real=0.01 secs] 
Heap after GC invocations=223 (full 23):
 par new generation   total 19008K, used 469K [0x00000000c2600000, 0x00000000c3aa0000, 0x00000000d6e00000)
  eden space 16896K,   0% used [0x00000000c2600000, 0x00000000c2600000, 0x00000000c3680000)
  from space 2112K,  22% used [0x00000000c3890000, 0x00000000c3905778, 0x00000000c3aa0000)
  to   space 2112K,   0% used [0x00000000c3680000, 0x00000000c3680000, 0x00000000c3890000)
 concurrent mark-sweep generation total 64948K, used 46132K [0x00000000d6e00000, 0x00000000dad6d000, 0x0000000100000000)
 Metaspace       used 49801K, capacity 51820K, committed 52040K, reserved 1095680K
  class space    used 6208K, capacity 6608K, committed 6732K, reserved 1048576K
}
2022-08-07T09:30:02.754+0000: 18.569: Application time: 0.0279761 seconds
{Heap before GC invocations=223 (full 23):
 par new generation   total 19008K, used 17365K [0x00000000c2600000, 0x00000000c3aa0000, 0x00000000d6e00000)
  eden space 16896K, 100% used [0x00000000c2600000, 0x00000000c3680000, 0x00000000c3680000)
  from space 2112K,  22% used [0x00000000c3890000, 0x00000000c3905778, 0x00000000c3aa0000)
  to   space 2112K,   0% used [0x00000000c3680000, 0x00000000c3680000, 0x00000000c3890000)
 concurrent mark-sweep generation total 64948K, used 46132K [0x00000000d6e00000, 0x00000000dad6d000, 0x0000000100000000)
 Metaspace       used 49801K, capacity 51820K, committed 52040K, reserved 1095680K
  class space    used 6208K, capacity 6608K, committed 6732K, reserved 1048576K
2022-08-07T09:30:02.755+0000: 18.569: [GC (Allocation Failure) 2022-08-07T09:30:02.756+0000: 18.570: [ParNew: 17365K->1234K(19008K), 0.0087495 secs] 63498K->47367K(83956K), 0.0097695 secs] [Times: user=0.02 sys=0.00, real=0.01 secs] 
Heap after GC invocations=224 (full 23):
 par new generation   total 19008K, used 1234K [0x00000000c2600000, 0x00000000c3aa0000, 0x00000000d6e00000)
  eden space 16896K,   0% used [0x00000000c2600000, 0x00000000c2600000, 0x00000000c3680000)
  from space 2112K,  58% used [0x00000000c3680000, 0x00000000c37b4a48, 0x00000000c3890000)
  to   space 2112K,   0% used [0x00000000c3890000, 0x00000000c3890000, 0x00000000c3aa0000)
 concurrent mark-sweep generation total 64948K, used 46132K [0x00000000d6e00000, 0x00000000dad6d000, 0x0000000100000000)
 Metaspace       used 49801K, capacity 51820K, committed 52040K, reserved 1095680K
  class space    used 6208K, capacity 6608K, committed 6732K, reserved 1048576K
}
2022-08-07T09:30:02.832+0000: 18.647: Application time: 0.0663098 seconds
{Heap before GC invocations=224 (full 23):
 par new generation   total 19008K, used 18130K [0x00000000c2600000, 0x00000000c3aa0000, 0x00000000d6e00000)
  eden space 16896K, 100% used [0x00000000c2600000, 0x00000000c3680000, 0x00000000c3680000)
  from space 2112K,  58% used [0x00000000c3680000, 0x00000000c37b4a48, 0x00000000c3890000)
  to   space 2112K,   0% used [0x00000000c3890000, 0x00000000c3890000, 0x00000000c3aa0000)
 concurrent mark-sweep generation total 64948K, used 46132K [0x00000000d6e00000, 0x00000000dad6d000, 0x0000000100000000)
 Metaspace       used 49818K, capacity 51884K, committed 52296K, reserved 1095680K
  class space    used 6208K, capacity 6608K, committed 6732K, reserved 1048576K
2022-08-07T09:30:02.833+0000: 18.648: [GC (Allocation Failure) 2022-08-07T09:30:02.834+0000: 18.648: [ParNew: 18130K->899K(19008K), 0.0119247 secs] 64263K->47032K(83956K), 0.0126668 secs] [Times: user=0.02 sys=0.00, real=0.01 secs] 
Heap after GC invocations=225 (full 23):
 par new generation   total 19008K, used 899K [0x00000000c2600000, 0x00000000c3aa0000, 0x00000000d6e00000)
  eden space 16896K,   0% used [0x00000000c2600000, 0x00000000c2600000, 0x00000000c3680000)
  from space 2112K,  42% used [0x00000000c3890000, 0x00000000c3970e48, 0x00000000c3aa0000)
  to   space 2112K,   0% used [0x00000000c3680000, 0x00000000c3680000, 0x00000000c3890000)
 concurrent mark-sweep generation total 64948K, used 46132K [0x00000000d6e00000, 0x00000000dad6d000, 0x0000000100000000)
 Metaspace       used 49818K, capacity 51884K, committed 52296K, reserved 1095680K
  class space    used 6208K, capacity 6608K, committed 6732K, reserved 1048576K
}
2022-08-07T09:30:02.857+0000: 18.672: Application time: 0.0099317 seconds
{Heap before GC invocations=225 (full 23):
 par new generation   total 19008K, used 17750K [0x00000000c2600000, 0x00000000c3aa0000, 0x00000000d6e00000)
  eden space 16896K,  99% used [0x00000000c2600000, 0x00000000c3674d48, 0x00000000c3680000)
  from space 2112K,  42% used [0x00000000c3890000, 0x00000000c3970e48, 0x00000000c3aa0000)
  to   space 2112K,   0% used [0x00000000c3680000, 0x00000000c3680000, 0x00000000c3890000)
 concurrent mark-sweep generation total 64948K, used 46132K [0x00000000d6e00000, 0x00000000dad6d000, 0x0000000100000000)
 Metaspace       used 49818K, capacity 51884K, committed 52296K, reserved 1095680K
  class space    used 6208K, capacity 6608K, committed 6732K, reserved 1048576K
2022-08-07T09:30:02.858+0000: 18.672: [GC (Allocation Failure) 2022-08-07T09:30:02.858+0000: 18.673: [ParNew: 17750K->249K(19008K), 0.0036875 secs] 63883K->46382K(83956K), 0.0045263 secs] [Times: user=0.01 sys=0.00, real=0.00 secs] 
Heap after GC invocations=226 (full 23):
 par new generation   total 19008K, used 249K [0x00000000c2600000, 0x00000000c3aa0000, 0x00000000d6e00000)
  eden space 16896K,   0% used [0x00000000c2600000, 0x00000000c2600000, 0x00000000c3680000)
  from space 2112K,  11% used [0x00000000c3680000, 0x00000000c36be7a0, 0x00000000c3890000)
  to   space 2112K,   0% used [0x00000000c3890000, 0x00000000c3890000, 0x00000000c3aa0000)
 concurrent mark-sweep generation total 64948K, used 46132K [0x00000000d6e00000, 0x00000000dad6d000, 0x0000000100000000)
 Metaspace       used 49818K, capacity 51884K, committed 52296K, reserved 1095680K
  class space    used 6208K, capacity 6608K, committed 6732K, reserved 1048576K
}
2022-08-07T09:30:02.903+0000: 18.717: [CMS-concurrent-mark: 0.175/0.252 secs] [Times: user=0.50 sys=0.16, real=0.25 secs] 
2022-08-07T09:30:02.903+0000: 18.718: [CMS-concurrent-preclean-start]
2022-08-07T09:30:02.907+0000: 18.721: [CMS-concurrent-preclean: 0.003/0.004 secs] [Times: user=0.01 sys=0.00, real=0.00 secs] 
2022-08-07T09:30:02.909+0000: 18.724: [CMS-concurrent-abortable-preclean-start]
2022-08-07T09:30:03.013+0000: 18.828: Application time: 0.1501781 seconds
{Heap before GC invocations=226 (full 23):
 par new generation   total 19008K, used 17145K [0x00000000c2600000, 0x00000000c3aa0000, 0x00000000d6e00000)
  eden space 16896K, 100% used [0x00000000c2600000, 0x00000000c3680000, 0x00000000c3680000)
  from space 2112K,  11% used [0x00000000c3680000, 0x00000000c36be7a0, 0x00000000c3890000)
  to   space 2112K,   0% used [0x00000000c3890000, 0x00000000c3890000, 0x00000000c3aa0000)
 concurrent mark-sweep generation total 64948K, used 46132K [0x00000000d6e00000, 0x00000000dad6d000, 0x0000000100000000)
 Metaspace       used 50400K, capacity 52412K, committed 52680K, reserved 1095680K
  class space    used 6346K, capacity 6744K, committed 6860K, reserved 1048576K
2022-08-07T09:30:03.014+0000: 18.828: [GC (Allocation Failure) 2022-08-07T09:30:03.014+0000: 18.829: [ParNew: 17145K->598K(19008K), 0.0076981 secs] 63278K->46730K(83956K), 0.0086183 secs] [Times: user=0.01 sys=0.00, real=0.00 secs] 
Heap after GC invocations=227 (full 23):
 par new generation   total 19008K, used 598K [0x00000000c2600000, 0x00000000c3aa0000, 0x00000000d6e00000)
  eden space 16896K,   0% used [0x00000000c2600000, 0x00000000c2600000, 0x00000000c3680000)
  from space 2112K,  28% used [0x00000000c3890000, 0x00000000c3925870, 0x00000000c3aa0000)
  to   space 2112K,   0% used [0x00000000c3680000, 0x00000000c3680000, 0x00000000c3890000)
 concurrent mark-sweep generation total 64948K, used 46132K [0x00000000d6e00000, 0x00000000dad6d000, 0x0000000100000000)
 Metaspace       used 50400K, capacity 52412K, committed 52680K, reserved 1095680K
  class space    used 6346K, capacity 6744K, committed 6860K, reserved 1048576K
}
2022-08-07T09:30:03.110+0000: 18.925: Application time: 0.0869933 seconds
{Heap before GC invocations=227 (full 23):
 par new generation   total 19008K, used 17494K [0x00000000c2600000, 0x00000000c3aa0000, 0x00000000d6e00000)
  eden space 16896K, 100% used [0x00000000c2600000, 0x00000000c3680000, 0x00000000c3680000)
  from space 2112K,  28% used [0x00000000c3890000, 0x00000000c3925870, 0x00000000c3aa0000)
  to   space 2112K,   0% used [0x00000000c3680000, 0x00000000c3680000, 0x00000000c3890000)
 concurrent mark-sweep generation total 64948K, used 46132K [0x00000000d6e00000, 0x00000000dad6d000, 0x0000000100000000)
 Metaspace       used 50759K, capacity 52828K, committed 53192K, reserved 1095680K
  class space    used 6423K, capacity 6840K, committed 6860K, reserved 1048576K
2022-08-07T09:30:03.111+0000: 18.925: [GC (Allocation Failure) 2022-08-07T09:30:03.111+0000: 18.926: [ParNew: 17494K->570K(19008K), 0.0030930 secs] 63626K->46703K(83956K), 0.0038936 secs] [Times: user=0.01 sys=0.00, real=0.01 secs] 
Heap after GC invocations=228 (full 23):
 par new generation   total 19008K, used 570K [0x00000000c2600000, 0x00000000c3aa0000, 0x00000000d6e00000)
  eden space 16896K,   0% used [0x00000000c2600000, 0x00000000c2600000, 0x00000000c3680000)
  from space 2112K,  27% used [0x00000000c3680000, 0x00000000c370ea70, 0x00000000c3890000)
  to   space 2112K,   0% used [0x00000000c3890000, 0x00000000c3890000, 0x00000000c3aa0000)
 concurrent mark-sweep generation total 64948K, used 46132K [0x00000000d6e00000, 0x00000000dad6d000, 0x0000000100000000)
 Metaspace       used 50759K, capacity 52828K, committed 53192K, reserved 1095680K
  class space    used 6423K, capacity 6840K, committed 6860K, reserved 1048576K
}
2022-08-07T09:30:03.224+0000: 19.038: Application time: 0.1081725 seconds
{Heap before GC invocations=228 (full 23):
 par new generation   total 19008K, used 17466K [0x00000000c2600000, 0x00000000c3aa0000, 0x00000000d6e00000)
  eden space 16896K, 100% used [0x00000000c2600000, 0x00000000c3680000, 0x00000000c3680000)
  from space 2112K,  27% used [0x00000000c3680000, 0x00000000c370ea70, 0x00000000c3890000)
  to   space 2112K,   0% used [0x00000000c3890000, 0x00000000c3890000, 0x00000000c3aa0000)
 concurrent mark-sweep generation total 64948K, used 46132K [0x00000000d6e00000, 0x00000000dad6d000, 0x0000000100000000)
 Metaspace       used 51098K, capacity 53116K, committed 53576K, reserved 1095680K
  class space    used 6472K, capacity 6872K, committed 6988K, reserved 1048576K
2022-08-07T09:30:03.225+0000: 19.039: [GC (Allocation Failure) 2022-08-07T09:30:03.225+0000: 19.040: [ParNew: 17466K->774K(19008K), 0.0039356 secs] 63599K->46907K(83956K), 0.0045795 secs] [Times: user=0.00 sys=0.00, real=0.00 secs] 
Heap after GC invocations=229 (full 23):
 par new generation   total 19008K, used 774K [0x00000000c2600000, 0x00000000c3aa0000, 0x00000000d6e00000)
  eden space 16896K,   0% used [0x00000000c2600000, 0x00000000c2600000, 0x00000000c3680000)
  from space 2112K,  36% used [0x00000000c3890000, 0x00000000c3951ae0, 0x00000000c3aa0000)
  to   space 2112K,   0% used [0x00000000c3680000, 0x00000000c3680000, 0x00000000c3890000)
 concurrent mark-sweep generation total 64948K, used 46132K [0x00000000d6e00000, 0x00000000dad6d000, 0x0000000100000000)
 Metaspace       used 51098K, capacity 53116K, committed 53576K, reserved 1095680K
  class space    used 6472K, capacity 6872K, committed 6988K, reserved 1048576K
}
2022-08-07T09:30:03.236+0000: 19.051: Application time: 0.0063880 seconds
2022-08-07T09:30:03.308+0000: 19.122: Application time: 0.0708323 seconds
{Heap before GC invocations=229 (full 23):
 par new generation   total 19008K, used 17670K [0x00000000c2600000, 0x00000000c3aa0000, 0x00000000d6e00000)
  eden space 16896K, 100% used [0x00000000c2600000, 0x00000000c3680000, 0x00000000c3680000)
  from space 2112K,  36% used [0x00000000c3890000, 0x00000000c3951ae0, 0x00000000c3aa0000)
  to   space 2112K,   0% used [0x00000000c3680000, 0x00000000c3680000, 0x00000000c3890000)
 concurrent mark-sweep generation total 64948K, used 46132K [0x00000000d6e00000, 0x00000000dad6d000, 0x0000000100000000)
 Metaspace       used 51597K, capacity 53596K, committed 53832K, reserved 1095680K
  class space    used 6551K, capacity 6968K, committed 6988K, reserved 1048576K
2022-08-07T09:30:03.309+0000: 19.123: [GC (Allocation Failure) 2022-08-07T09:30:03.309+0000: 19.123: [ParNew: 17670K->929K(19008K), 0.0033793 secs] 63803K->47062K(83956K), 0.0041238 secs] [Times: user=0.01 sys=0.00, real=0.00 secs] 
Heap after GC invocations=230 (full 23):
 par new generation   total 19008K, used 929K [0x00000000c2600000, 0x00000000c3aa0000, 0x00000000d6e00000)
  eden space 16896K,   0% used [0x00000000c2600000, 0x00000000c2600000, 0x00000000c3680000)
  from space 2112K,  44% used [0x00000000c3680000, 0x00000000c3768750, 0x00000000c3890000)
  to   space 2112K,   0% used [0x00000000c3890000, 0x00000000c3890000, 0x00000000c3aa0000)
 concurrent mark-sweep generation total 64948K, used 46132K [0x00000000d6e00000, 0x00000000dad6d000, 0x0000000100000000)
 Metaspace       used 51597K, capacity 53596K, committed 53832K, reserved 1095680K
  class space    used 6551K, capacity 6968K, committed 6988K, reserved 1048576K
}
2022-08-07T09:30:03.379+0000: 19.193: Application time: 0.0655517 seconds
2022-08-07T09:30:03.388+0000: 19.202: [CMS-concurrent-abortable-preclean: 0.066/0.479 secs] [Times: user=0.59 sys=0.23, real=0.48 secs] 
2022-08-07T09:30:03.388+0000: 19.203: Application time: 0.0088583 seconds
2022-08-07T09:30:03.389+0000: 19.203: [GC (CMS Final Remark) [YG occupancy: 13763 K (19008 K)]2022-08-07T09:30:03.389+0000: 19.204: [Rescan (parallel) , 0.0090279 secs]2022-08-07T09:30:03.399+0000: 19.213: [weak refs processing, 0.0037713 secs]2022-08-07T09:30:03.403+0000: 19.217: [class unloading, 0.0116655 secs]2022-08-07T09:30:03.415+0000: 19.229: [scrub symbol table, 0.0132224 secs]2022-08-07T09:30:03.428+0000: 19.243: [scrub string table, 0.0011110 secs][1 CMS-remark: 46132K(64948K)] 59895K(83956K), 0.0409971 secs] [Times: user=0.04 sys=0.00, real=0.04 secs] 
2022-08-07T09:30:03.431+0000: 19.245: [CMS-concurrent-sweep-start]
2022-08-07T09:30:03.448+0000: 19.262: [CMS-concurrent-sweep: 0.017/0.017 secs] [Times: user=0.03 sys=0.00, real=0.02 secs] 
2022-08-07T09:30:03.448+0000: 19.263: [CMS-concurrent-reset-start]
2022-08-07T09:30:03.450+0000: 19.264: [CMS-concurrent-reset: 0.001/0.001 secs] [Times: user=0.00 sys=0.00, real=0.00 secs] 
2022-08-07T09:30:03.460+0000: 19.274: Application time: 0.0294083 seconds
{Heap before GC invocations=230 (full 23):
 par new generation   total 19008K, used 17825K [0x00000000c2600000, 0x00000000c3aa0000, 0x00000000d6e00000)
  eden space 16896K, 100% used [0x00000000c2600000, 0x00000000c3680000, 0x00000000c3680000)
  from space 2112K,  44% used [0x00000000c3680000, 0x00000000c3768750, 0x00000000c3890000)
  to   space 2112K,   0% used [0x00000000c3890000, 0x00000000c3890000, 0x00000000c3aa0000)
 concurrent mark-sweep generation total 76848K, used 46106K [0x00000000d6e00000, 0x00000000db90c000, 0x0000000100000000)
 Metaspace       used 52241K, capacity 54242K, committed 54728K, reserved 1097728K
  class space    used 6631K, capacity 7033K, committed 7116K, reserved 1048576K
2022-08-07T09:30:03.460+0000: 19.275: [GC (Allocation Failure) 2022-08-07T09:30:03.460+0000: 19.275: [ParNew: 17825K->976K(19008K), 0.0031895 secs] 63932K->47082K(95856K), 0.0040351 secs] [Times: user=0.01 sys=0.00, real=0.01 secs] 
Heap after GC invocations=231 (full 23):
 par new generation   total 19008K, used 976K [0x00000000c2600000, 0x00000000c3aa0000, 0x00000000d6e00000)
  eden space 16896K,   0% used [0x00000000c2600000, 0x00000000c2600000, 0x00000000c3680000)
  from space 2112K,  46% used [0x00000000c3890000, 0x00000000c3984050, 0x00000000c3aa0000)
  to   space 2112K,   0% used [0x00000000c3680000, 0x00000000c3680000, 0x00000000c3890000)
 concurrent mark-sweep generation total 76848K, used 46106K [0x00000000d6e00000, 0x00000000db90c000, 0x0000000100000000)
 Metaspace       used 52241K, capacity 54242K, committed 54728K, reserved 1097728K
  class space    used 6631K, capacity 7033K, committed 7116K, reserved 1048576K
}
2022-08-07T09:30:03.479+0000: 19.293: Application time: 0.0136734 seconds
{Heap before GC invocations=231 (full 23):
 par new generation   total 19008K, used 17838K [0x00000000c2600000, 0x00000000c3aa0000, 0x00000000d6e00000)
  eden space 16896K,  99% used [0x00000000c2600000, 0x00000000c3677a88, 0x00000000c3680000)
  from space 2112K,  46% used [0x00000000c3890000, 0x00000000c3984050, 0x00000000c3aa0000)
  to   space 2112K,   0% used [0x00000000c3680000, 0x00000000c3680000, 0x00000000c3890000)
 concurrent mark-sweep generation total 76848K, used 46106K [0x00000000d6e00000, 0x00000000db90c000, 0x0000000100000000)
 Metaspace       used 52273K, capacity 54306K, committed 54728K, reserved 1097728K
  class space    used 6633K, capacity 7033K, committed 7116K, reserved 1048576K
2022-08-07T09:30:03.479+0000: 19.294: [GC (Allocation Failure) 2022-08-07T09:30:03.480+0000: 19.294: [ParNew: 17838K->647K(19008K), 0.0024804 secs] 63945K->46753K(95856K), 0.0031236 secs] [Times: user=0.00 sys=0.00, real=0.00 secs] 
Heap after GC invocations=232 (full 23):
 par new generation   total 19008K, used 647K [0x00000000c2600000, 0x00000000c3aa0000, 0x00000000d6e00000)
  eden space 16896K,   0% used [0x00000000c2600000, 0x00000000c2600000, 0x00000000c3680000)
  from space 2112K,  30% used [0x00000000c3680000, 0x00000000c3721cd0, 0x00000000c3890000)
  to   space 2112K,   0% used [0x00000000c3890000, 0x00000000c3890000, 0x00000000c3aa0000)
 concurrent mark-sweep generation total 76848K, used 46106K [0x00000000d6e00000, 0x00000000db90c000, 0x0000000100000000)
 Metaspace       used 52273K, capacity 54306K, committed 54728K, reserved 1097728K
  class space    used 6633K, capacity 7033K, committed 7116K, reserved 1048576K
}
2022-08-07T09:30:03.501+0000: 19.315: Application time: 0.0181573 seconds
{Heap before GC invocations=232 (full 23):
 par new generation   total 19008K, used 17543K [0x00000000c2600000, 0x00000000c3aa0000, 0x00000000d6e00000)
  eden space 16896K, 100% used [0x00000000c2600000, 0x00000000c3680000, 0x00000000c3680000)
  from space 2112K,  30% used [0x00000000c3680000, 0x00000000c3721cd0, 0x00000000c3890000)
  to   space 2112K,   0% used [0x00000000c3890000, 0x00000000c3890000, 0x00000000c3aa0000)
 concurrent mark-sweep generation total 76848K, used 46106K [0x00000000d6e00000, 0x00000000db90c000, 0x0000000100000000)
 Metaspace       used 52325K, capacity 54370K, committed 54728K, reserved 1097728K
  class space    used 6641K, capacity 7033K, committed 7116K, reserved 1048576K
2022-08-07T09:30:03.502+0000: 19.317: [GC (Allocation Failure) 2022-08-07T09:30:03.502+0000: 19.317: [ParNew: 17543K->1053K(19008K), 0.0022250 secs] 63649K->47160K(95856K), 0.0027755 secs] [Times: user=0.01 sys=0.00, real=0.01 secs] 
Heap after GC invocations=233 (full 23):
 par new generation   total 19008K, used 1053K [0x00000000c2600000, 0x00000000c3aa0000, 0x00000000d6e00000)
  eden space 16896K,   0% used [0x00000000c2600000, 0x00000000c2600000, 0x00000000c3680000)
  from space 2112K,  49% used [0x00000000c3890000, 0x00000000c39975b0, 0x00000000c3aa0000)
  to   space 2112K,   0% used [0x00000000c3680000, 0x00000000c3680000, 0x00000000c3890000)
 concurrent mark-sweep generation total 76848K, used 46106K [0x00000000d6e00000, 0x00000000db90c000, 0x0000000100000000)
 Metaspace       used 52325K, capacity 54370K, committed 54728K, reserved 1097728K
  class space    used 6641K, capacity 7033K, committed 7116K, reserved 1048576K
}
2022-08-07T09:30:03.583+0000: 19.397: Application time: 0.0774608 seconds
2022-08-07T09:30:03.599+0000: 19.413: Application time: 0.0152298 seconds
{Heap before GC invocations=233 (full 23):
 par new generation   total 19008K, used 17949K [0x00000000c2600000, 0x00000000c3aa0000, 0x00000000d6e00000)
  eden space 16896K, 100% used [0x00000000c2600000, 0x00000000c3680000, 0x00000000c3680000)
  from space 2112K,  49% used [0x00000000c3890000, 0x00000000c39975b0, 0x00000000c3aa0000)
  to   space 2112K,   0% used [0x00000000c3680000, 0x00000000c3680000, 0x00000000c3890000)
 concurrent mark-sweep generation total 76848K, used 46106K [0x00000000d6e00000, 0x00000000db90c000, 0x0000000100000000)
 Metaspace       used 52673K, capacity 54754K, committed 54984K, reserved 1097728K
  class space    used 6693K, capacity 7097K, committed 7116K, reserved 1048576K
2022-08-07T09:30:03.600+0000: 19.414: [GC (Allocation Failure) 2022-08-07T09:30:03.600+0000: 19.414: [ParNew: 17949K->1075K(19008K), 0.0022929 secs] 64056K->47184K(95856K), 0.0028725 secs] [Times: user=0.01 sys=0.00, real=0.00 secs] 
Heap after GC invocations=234 (full 23):
 par new generation   total 19008K, used 1075K [0x00000000c2600000, 0x00000000c3aa0000, 0x00000000d6e00000)
  eden space 16896K,   0% used [0x00000000c2600000, 0x00000000c2600000, 0x00000000c3680000)
  from space 2112K,  50% used [0x00000000c3680000, 0x00000000c378cd28, 0x00000000c3890000)
  to   space 2112K,   0% used [0x00000000c3890000, 0x00000000c3890000, 0x00000000c3aa0000)
 concurrent mark-sweep generation total 76848K, used 46109K [0x00000000d6e00000, 0x00000000db90c000, 0x0000000100000000)
 Metaspace       used 52673K, capacity 54754K, committed 54984K, reserved 1097728K
  class space    used 6693K, capacity 7097K, committed 7116K, reserved 1048576K
}
2022-08-07T09:30:03.603+0000: 19.418: Application time: 0.0002222 seconds
2022-08-07T09:30:03.604+0000: 19.418: [GC (CMS Initial Mark) [1 CMS-initial-mark: 46109K(76848K)] 47190K(95856K), 0.0015660 secs] [Times: user=0.00 sys=0.00, real=0.00 secs] 
2022-08-07T09:30:03.606+0000: 19.420: [CMS-concurrent-mark-start]
2022-08-07T09:30:03.610+0000: 19.424: Application time: 0.0042439 seconds
2022-08-07T09:30:03.678+0000: 19.493: [CMS-concurrent-mark: 0.072/0.073 secs] [Times: user=0.14 sys=0.02, real=0.07 secs] 
2022-08-07T09:30:03.679+0000: 19.494: [CMS-concurrent-preclean-start]
2022-08-07T09:30:03.697+0000: 19.512: [CMS-concurrent-preclean: 0.010/0.018 secs] [Times: user=0.03 sys=0.01, real=0.02 secs] 
2022-08-07T09:30:03.708+0000: 19.522: [CMS-concurrent-abortable-preclean-start]
2022-08-07T09:30:03.827+0000: 19.641: Application time: 0.2158748 seconds
{Heap before GC invocations=234 (full 24):
 par new generation   total 19008K, used 17943K [0x00000000c2600000, 0x00000000c3aa0000, 0x00000000d6e00000)
  eden space 16896K,  99% used [0x00000000c2600000, 0x00000000c3679248, 0x00000000c3680000)
  from space 2112K,  50% used [0x00000000c3680000, 0x00000000c378cd28, 0x00000000c3890000)
  to   space 2112K,   0% used [0x00000000c3890000, 0x00000000c3890000, 0x00000000c3aa0000)
 concurrent mark-sweep generation total 76848K, used 46109K [0x00000000d6e00000, 0x00000000db90c000, 0x0000000100000000)
 Metaspace       used 52975K, capacity 55054K, committed 55368K, reserved 1097728K
  class space    used 6733K, capacity 7131K, committed 7244K, reserved 1048576K
2022-08-07T09:30:03.827+0000: 19.641: [GC (Allocation Failure) 2022-08-07T09:30:03.828+0000: 19.642: [ParNew: 17943K->1335K(19008K), 0.0027677 secs] 64052K->47444K(95856K), 0.0041705 secs] [Times: user=0.01 sys=0.00, real=0.00 secs] 
Heap after GC invocations=235 (full 24):
 par new generation   total 19008K, used 1335K [0x00000000c2600000, 0x00000000c3aa0000, 0x00000000d6e00000)
  eden space 16896K,   0% used [0x00000000c2600000, 0x00000000c2600000, 0x00000000c3680000)
  from space 2112K,  63% used [0x00000000c3890000, 0x00000000c39ddf10, 0x00000000c3aa0000)
  to   space 2112K,   0% used [0x00000000c3680000, 0x00000000c3680000, 0x00000000c3890000)
 concurrent mark-sweep generation total 76848K, used 46109K [0x00000000d6e00000, 0x00000000db90c000, 0x0000000100000000)
 Metaspace       used 52975K, capacity 55054K, committed 55368K, reserved 1097728K
  class space    used 6733K, capacity 7131K, committed 7244K, reserved 1048576K
}
2022-08-07T09:30:03.992+0000: 19.806: [CMS-concurrent-abortable-preclean: 0.057/0.284 secs] [Times: user=0.52 sys=0.19, real=0.28 secs] 
2022-08-07T09:30:03.993+0000: 19.807: Application time: 0.1608772 seconds
2022-08-07T09:30:03.994+0000: 19.809: [GC (CMS Final Remark) [YG occupancy: 16836 K (19008 K)]2022-08-07T09:30:03.995+0000: 19.809: [Rescan (parallel) , 0.0089825 secs]2022-08-07T09:30:04.004+0000: 19.819: [weak refs processing, 0.0005872 secs]2022-08-07T09:30:04.005+0000: 19.820: [class unloading, 0.0118400 secs]2022-08-07T09:30:04.018+0000: 19.832: [scrub symbol table, 0.0109524 secs]2022-08-07T09:30:04.029+0000: 19.843: [scrub string table, 0.0010228 secs][1 CMS-remark: 46109K(76848K)] 62945K(95856K), 0.0360025 secs] [Times: user=0.09 sys=0.00, real=0.03 secs] 
2022-08-07T09:30:04.031+0000: 19.846: [CMS-concurrent-sweep-start]
2022-08-07T09:30:04.038+0000: 19.852: Application time: 0.0064809 seconds
{Heap before GC invocations=235 (full 24):
 par new generation   total 19008K, used 18231K [0x00000000c2600000, 0x00000000c3aa0000, 0x00000000d6e00000)
  eden space 16896K, 100% used [0x00000000c2600000, 0x00000000c3680000, 0x00000000c3680000)
  from space 2112K,  63% used [0x00000000c3890000, 0x00000000c39ddf10, 0x00000000c3aa0000)
  to   space 2112K,   0% used [0x00000000c3680000, 0x00000000c3680000, 0x00000000c3890000)
 concurrent mark-sweep generation total 76848K, used 46109K [0x00000000d6e00000, 0x00000000db90c000, 0x0000000100000000)
 Metaspace       used 53494K, capacity 55566K, committed 55880K, reserved 1097728K
  class space    used 6793K, capacity 7195K, committed 7244K, reserved 1048576K
2022-08-07T09:30:04.038+0000: 19.852: [GC (Allocation Failure) 2022-08-07T09:30:04.038+0000: 19.853: [ParNew: 18231K->1791K(19008K), 0.0028933 secs] 64340K->48030K(95856K), 0.0037731 secs] [Times: user=0.01 sys=0.00, real=0.00 secs] 
Heap after GC invocations=236 (full 24):
 par new generation   total 19008K, used 1791K [0x00000000c2600000, 0x00000000c3aa0000, 0x00000000d6e00000)
  eden space 16896K,   0% used [0x00000000c2600000, 0x00000000c2600000, 0x00000000c3680000)
  from space 2112K,  84% used [0x00000000c3680000, 0x00000000c383ff40, 0x00000000c3890000)
  to   space 2112K,   0% used [0x00000000c3890000, 0x00000000c3890000, 0x00000000c3aa0000)
 concurrent mark-sweep generation total 76848K, used 46238K [0x00000000d6e00000, 0x00000000db90c000, 0x0000000100000000)
 Metaspace       used 53494K, capacity 55566K, committed 55880K, reserved 1097728K
  class space    used 6793K, capacity 7195K, committed 7244K, reserved 1048576K
}
2022-08-07T09:30:04.052+0000: 19.867: [CMS-concurrent-sweep: 0.016/0.021 secs] [Times: user=0.07 sys=0.01, real=0.02 secs] 
2022-08-07T09:30:04.053+0000: 19.868: [CMS-concurrent-reset-start]
2022-08-07T09:30:04.054+0000: 19.869: [CMS-concurrent-reset: 0.001/0.001 secs] [Times: user=0.00 sys=0.00, real=0.00 secs] 
2022-08-07T09:30:04.105+0000: 19.920: Application time: 0.0631978 seconds
{Heap before GC invocations=236 (full 24):
 par new generation   total 19008K, used 18687K [0x00000000c2600000, 0x00000000c3aa0000, 0x00000000d6e00000)
  eden space 16896K, 100% used [0x00000000c2600000, 0x00000000c3680000, 0x00000000c3680000)
  from space 2112K,  84% used [0x00000000c3680000, 0x00000000c383ff40, 0x00000000c3890000)
  to   space 2112K,   0% used [0x00000000c3890000, 0x00000000c3890000, 0x00000000c3aa0000)
 concurrent mark-sweep generation total 76848K, used 39584K [0x00000000d6e00000, 0x00000000db90c000, 0x0000000100000000)
 Metaspace       used 53716K, capacity 55784K, committed 56136K, reserved 1097728K
  class space    used 6825K, capacity 7226K, committed 7244K, reserved 1048576K
2022-08-07T09:30:04.106+0000: 19.920: [GC (Allocation Failure) 2022-08-07T09:30:04.106+0000: 19.921: [ParNew: 18687K->1356K(19008K), 0.0094685 secs] 58271K->41247K(95856K), 0.0135291 secs] [Times: user=0.03 sys=0.00, real=0.01 secs] 
Heap after GC invocations=237 (full 24):
 par new generation   total 19008K, used 1356K [0x00000000c2600000, 0x00000000c3aa0000, 0x00000000d6e00000)
  eden space 16896K,   0% used [0x00000000c2600000, 0x00000000c2600000, 0x00000000c3680000)
  from space 2112K,  64% used [0x00000000c3890000, 0x00000000c39e3170, 0x00000000c3aa0000)
  to   space 2112K,   0% used [0x00000000c3680000, 0x00000000c3680000, 0x00000000c3890000)
 concurrent mark-sweep generation total 76848K, used 39891K [0x00000000d6e00000, 0x00000000db90c000, 0x0000000100000000)
 Metaspace       used 53716K, capacity 55784K, committed 56136K, reserved 1097728K
  class space    used 6825K, capacity 7226K, committed 7244K, reserved 1048576K
}
2022-08-07T09:30:04.184+0000: 19.998: Application time: 0.0636567 seconds
{Heap before GC invocations=237 (full 24):
 par new generation   total 19008K, used 18252K [0x00000000c2600000, 0x00000000c3aa0000, 0x00000000d6e00000)
  eden space 16896K, 100% used [0x00000000c2600000, 0x00000000c3680000, 0x00000000c3680000)
  from space 2112K,  64% used [0x00000000c3890000, 0x00000000c39e3170, 0x00000000c3aa0000)
  to   space 2112K,   0% used [0x00000000c3680000, 0x00000000c3680000, 0x00000000c3890000)
 concurrent mark-sweep generation total 76848K, used 39891K [0x00000000d6e00000, 0x00000000db90c000, 0x0000000100000000)
 Metaspace       used 53865K, capacity 55950K, committed 56264K, reserved 1097728K
  class space    used 6840K, capacity 7259K, committed 7372K, reserved 1048576K
2022-08-07T09:30:04.185+0000: 20.000: [GC (Allocation Failure) 2022-08-07T09:30:04.186+0000: 20.000: [ParNew: 18252K->776K(19008K), 0.0040754 secs] 58143K->40667K(95856K), 0.0047622 secs] [Times: user=0.01 sys=0.00, real=0.00 secs] 
Heap after GC invocations=238 (full 24):
 par new generation   total 19008K, used 776K [0x00000000c2600000, 0x00000000c3aa0000, 0x00000000d6e00000)
  eden space 16896K,   0% used [0x00000000c2600000, 0x00000000c2600000, 0x00000000c3680000)
  from space 2112K,  36% used [0x00000000c3680000, 0x00000000c3742248, 0x00000000c3890000)
  to   space 2112K,   0% used [0x00000000c3890000, 0x00000000c3890000, 0x00000000c3aa0000)
 concurrent mark-sweep generation total 76848K, used 39891K [0x00000000d6e00000, 0x00000000db90c000, 0x0000000100000000)
 Metaspace       used 53865K, capacity 55950K, committed 56264K, reserved 1097728K
  class space    used 6840K, capacity 7259K, committed 7372K, reserved 1048576K
}
2022-08-07T09:30:04.210+0000: 20.025: Application time: 0.0195089 seconds
{Heap before GC invocations=238 (full 24):
 par new generation   total 19008K, used 17642K [0x00000000c2600000, 0x00000000c3aa0000, 0x00000000d6e00000)
  eden space 16896K,  99% used [0x00000000c2600000, 0x00000000c36785f0, 0x00000000c3680000)
  from space 2112K,  36% used [0x00000000c3680000, 0x00000000c3742248, 0x00000000c3890000)
  to   space 2112K,   0% used [0x00000000c3890000, 0x00000000c3890000, 0x00000000c3aa0000)
 concurrent mark-sweep generation total 76848K, used 39891K [0x00000000d6e00000, 0x00000000db90c000, 0x0000000100000000)
 Metaspace       used 53906K, capacity 56014K, committed 56520K, reserved 1097728K
  class space    used 6845K, capacity 7259K, committed 7372K, reserved 1048576K
2022-08-07T09:30:04.212+0000: 20.027: [GC (Allocation Failure) 2022-08-07T09:30:04.212+0000: 20.027: [ParNew: 17642K->949K(19008K), 0.0035469 secs] 57533K->40840K(95856K), 0.0040738 secs] [Times: user=0.02 sys=0.00, real=0.01 secs] 
Heap after GC invocations=239 (full 24):
 par new generation   total 19008K, used 949K [0x00000000c2600000, 0x00000000c3aa0000, 0x00000000d6e00000)
  eden space 16896K,   0% used [0x00000000c2600000, 0x00000000c2600000, 0x00000000c3680000)
  from space 2112K,  44% used [0x00000000c3890000, 0x00000000c397d648, 0x00000000c3aa0000)
  to   space 2112K,   0% used [0x00000000c3680000, 0x00000000c3680000, 0x00000000c3890000)
 concurrent mark-sweep generation total 76848K, used 39891K [0x00000000d6e00000, 0x00000000db90c000, 0x0000000100000000)
 Metaspace       used 53906K, capacity 56014K, committed 56520K, reserved 1097728K
  class space    used 6845K, capacity 7259K, committed 7372K, reserved 1048576K
}
2022-08-07T09:30:04.234+0000: 20.048: Application time: 0.0172029 seconds
{Heap before GC invocations=239 (full 24):
 par new generation   total 19008K, used 17845K [0x00000000c2600000, 0x00000000c3aa0000, 0x00000000d6e00000)
  eden space 16896K, 100% used [0x00000000c2600000, 0x00000000c3680000, 0x00000000c3680000)
  from space 2112K,  44% used [0x00000000c3890000, 0x00000000c397d648, 0x00000000c3aa0000)
  to   space 2112K,   0% used [0x00000000c3680000, 0x00000000c3680000, 0x00000000c3890000)
 concurrent mark-sweep generation total 76848K, used 39891K [0x00000000d6e00000, 0x00000000db90c000, 0x0000000100000000)
 Metaspace       used 53992K, capacity 56078K, committed 56520K, reserved 1097728K
  class space    used 6856K, capacity 7259K, committed 7372K, reserved 1048576K
2022-08-07T09:30:04.235+0000: 20.049: [GC (Allocation Failure) 2022-08-07T09:30:04.235+0000: 20.049: [ParNew: 17845K->1196K(19008K), 0.0036362 secs] 57736K->41087K(95856K), 0.0042609 secs] [Times: user=0.01 sys=0.00, real=0.00 secs] 
Heap after GC invocations=240 (full 24):
 par new generation   total 19008K, used 1196K [0x00000000c2600000, 0x00000000c3aa0000, 0x00000000d6e00000)
  eden space 16896K,   0% used [0x00000000c2600000, 0x00000000c2600000, 0x00000000c3680000)
  from space 2112K,  56% used [0x00000000c3680000, 0x00000000c37ab020, 0x00000000c3890000)
  to   space 2112K,   0% used [0x00000000c3890000, 0x00000000c3890000, 0x00000000c3aa0000)
 concurrent mark-sweep generation total 76848K, used 39891K [0x00000000d6e00000, 0x00000000db90c000, 0x0000000100000000)
 Metaspace       used 53992K, capacity 56078K, committed 56520K, reserved 1097728K
  class space    used 6856K, capacity 7259K, committed 7372K, reserved 1048576K
}
2022-08-07T09:30:04.333+0000: 20.148: Application time: 0.0936585 seconds
{Heap before GC invocations=240 (full 24):
 par new generation   total 19008K, used 18092K [0x00000000c2600000, 0x00000000c3aa0000, 0x00000000d6e00000)
  eden space 16896K, 100% used [0x00000000c2600000, 0x00000000c3680000, 0x00000000c3680000)
  from space 2112K,  56% used [0x00000000c3680000, 0x00000000c37ab020, 0x00000000c3890000)
  to   space 2112K,   0% used [0x00000000c3890000, 0x00000000c3890000, 0x00000000c3aa0000)
 concurrent mark-sweep generation total 76848K, used 39891K [0x00000000d6e00000, 0x00000000db90c000, 0x0000000100000000)
 Metaspace       used 54386K, capacity 56486K, committed 56776K, reserved 1099776K
  class space    used 6903K, capacity 7309K, committed 7372K, reserved 1048576K
2022-08-07T09:30:04.334+0000: 20.148: [GC (Allocation Failure) 2022-08-07T09:30:04.334+0000: 20.149: [ParNew: 18092K->1419K(19008K), 0.0045930 secs] 57983K->41312K(95856K), 0.0054802 secs] [Times: user=0.02 sys=0.00, real=0.00 secs] 
Heap after GC invocations=241 (full 24):
 par new generation   total 19008K, used 1419K [0x00000000c2600000, 0x00000000c3aa0000, 0x00000000d6e00000)
  eden space 16896K,   0% used [0x00000000c2600000, 0x00000000c2600000, 0x00000000c3680000)
  from space 2112K,  67% used [0x00000000c3890000, 0x00000000c39f2c00, 0x00000000c3aa0000)
  to   space 2112K,   0% used [0x00000000c3680000, 0x00000000c3680000, 0x00000000c3890000)
 concurrent mark-sweep generation total 76848K, used 39893K [0x00000000d6e00000, 0x00000000db90c000, 0x0000000100000000)
 Metaspace       used 54386K, capacity 56486K, committed 56776K, reserved 1099776K
  class space    used 6903K, capacity 7309K, committed 7372K, reserved 1048576K
}
2022-08-07T09:30:04.491+0000: 20.305: Application time: 0.1509509 seconds
{Heap before GC invocations=241 (full 24):
 par new generation   total 19008K, used 18315K [0x00000000c2600000, 0x00000000c3aa0000, 0x00000000d6e00000)
  eden space 16896K, 100% used [0x00000000c2600000, 0x00000000c3680000, 0x00000000c3680000)
  from space 2112K,  67% used [0x00000000c3890000, 0x00000000c39f2c00, 0x00000000c3aa0000)
  to   space 2112K,   0% used [0x00000000c3680000, 0x00000000c3680000, 0x00000000c3890000)
 concurrent mark-sweep generation total 76848K, used 39893K [0x00000000d6e00000, 0x00000000db90c000, 0x0000000100000000)
 Metaspace       used 54751K, capacity 56842K, committed 57160K, reserved 1099776K
  class space    used 6954K, capacity 7377K, committed 7500K, reserved 1048576K
2022-08-07T09:30:04.492+0000: 20.306: [GC (Allocation Failure) 2022-08-07T09:30:04.492+0000: 20.307: [ParNew: 18315K->1355K(19008K), 0.0049022 secs] 58208K->41668K(95856K), 0.0055176 secs] [Times: user=0.01 sys=0.00, real=0.01 secs] 
Heap after GC invocations=242 (full 24):
 par new generation   total 19008K, used 1355K [0x00000000c2600000, 0x00000000c3aa0000, 0x00000000d6e00000)
  eden space 16896K,   0% used [0x00000000c2600000, 0x00000000c2600000, 0x00000000c3680000)
  from space 2112K,  64% used [0x00000000c3680000, 0x00000000c37d2f80, 0x00000000c3890000)
  to   space 2112K,   0% used [0x00000000c3890000, 0x00000000c3890000, 0x00000000c3aa0000)
 concurrent mark-sweep generation total 76848K, used 40312K [0x00000000d6e00000, 0x00000000db90c000, 0x0000000100000000)
 Metaspace       used 54751K, capacity 56842K, committed 57160K, reserved 1099776K
  class space    used 6954K, capacity 7377K, committed 7500K, reserved 1048576K
}
2022-08-07T09:30:04.609+0000: 20.424: Application time: 0.1111149 seconds
{Heap before GC invocations=242 (full 24):
 par new generation   total 19008K, used 18251K [0x00000000c2600000, 0x00000000c3aa0000, 0x00000000d6e00000)
  eden space 16896K, 100% used [0x00000000c2600000, 0x00000000c3680000, 0x00000000c3680000)
  from space 2112K,  64% used [0x00000000c3680000, 0x00000000c37d2f80, 0x00000000c3890000)
  to   space 2112K,   0% used [0x00000000c3890000, 0x00000000c3890000, 0x00000000c3aa0000)
 concurrent mark-sweep generation total 76848K, used 40312K [0x00000000d6e00000, 0x00000000db90c000, 0x0000000100000000)
 Metaspace       used 55288K, capacity 57364K, committed 57672K, reserved 1099776K
  class space    used 7024K, capacity 7444K, committed 7500K, reserved 1048576K
2022-08-07T09:30:04.610+0000: 20.424: [GC (Allocation Failure) 2022-08-07T09:30:04.610+0000: 20.425: [ParNew: 18251K->1106K(19008K), 0.0053218 secs] 58564K->41419K(95856K), 0.0061721 secs] [Times: user=0.01 sys=0.00, real=0.01 secs] 
Heap after GC invocations=243 (full 24):
 par new generation   total 19008K, used 1106K [0x00000000c2600000, 0x00000000c3aa0000, 0x00000000d6e00000)
  eden space 16896K,   0% used [0x00000000c2600000, 0x00000000c2600000, 0x00000000c3680000)
  from space 2112K,  52% used [0x00000000c3890000, 0x00000000c39a4b50, 0x00000000c3aa0000)
  to   space 2112K,   0% used [0x00000000c3680000, 0x00000000c3680000, 0x00000000c3890000)
 concurrent mark-sweep generation total 76848K, used 40312K [0x00000000d6e00000, 0x00000000db90c000, 0x0000000100000000)
 Metaspace       used 55288K, capacity 57364K, committed 57672K, reserved 1099776K
  class space    used 7024K, capacity 7444K, committed 7500K, reserved 1048576K
}
2022-08-07T09:30:04.719+0000: 20.534: Application time: 0.1022490 seconds
2022-08-07T09:30:04.737+0000: 20.551: Application time: 0.0170641 seconds
{Heap before GC invocations=243 (full 24):
 par new generation   total 19008K, used 18002K [0x00000000c2600000, 0x00000000c3aa0000, 0x00000000d6e00000)
  eden space 16896K, 100% used [0x00000000c2600000, 0x00000000c3680000, 0x00000000c3680000)
  from space 2112K,  52% used [0x00000000c3890000, 0x00000000c39a4b50, 0x00000000c3aa0000)
  to   space 2112K,   0% used [0x00000000c3680000, 0x00000000c3680000, 0x00000000c3890000)
 concurrent mark-sweep generation total 76848K, used 40312K [0x00000000d6e00000, 0x00000000db90c000, 0x0000000100000000)
 Metaspace       used 55709K, capacity 57814K, committed 58312K, reserved 1099776K
  class space    used 7088K, capacity 7509K, committed 7628K, reserved 1048576K
2022-08-07T09:30:04.739+0000: 20.553: [GC (Allocation Failure) 2022-08-07T09:30:04.740+0000: 20.554: [ParNew: 18002K->1241K(19008K), 0.0073226 secs] 58315K->41554K(95856K), 0.0089656 secs] [Times: user=0.01 sys=0.01, real=0.01 secs] 
Heap after GC invocations=244 (full 24):
 par new generation   total 19008K, used 1241K [0x00000000c2600000, 0x00000000c3aa0000, 0x00000000d6e00000)
  eden space 16896K,   0% used [0x00000000c2600000, 0x00000000c2600000, 0x00000000c3680000)
  from space 2112K,  58% used [0x00000000c3680000, 0x00000000c37b67b0, 0x00000000c3890000)
  to   space 2112K,   0% used [0x00000000c3890000, 0x00000000c3890000, 0x00000000c3aa0000)
 concurrent mark-sweep generation total 76848K, used 40312K [0x00000000d6e00000, 0x00000000db90c000, 0x0000000100000000)
 Metaspace       used 55709K, capacity 57814K, committed 58312K, reserved 1099776K
  class space    used 7088K, capacity 7509K, committed 7628K, reserved 1048576K
}
2022-08-07T09:30:04.976+0000: 20.790: Application time: 0.2270774 seconds
{Heap before GC invocations=244 (full 24):
 par new generation   total 19008K, used 18137K [0x00000000c2600000, 0x00000000c3aa0000, 0x00000000d6e00000)
  eden space 16896K, 100% used [0x00000000c2600000, 0x00000000c3680000, 0x00000000c3680000)
  from space 2112K,  58% used [0x00000000c3680000, 0x00000000c37b67b0, 0x00000000c3890000)
  to   space 2112K,   0% used [0x00000000c3890000, 0x00000000c3890000, 0x00000000c3aa0000)
 concurrent mark-sweep generation total 76848K, used 40312K [0x00000000d6e00000, 0x00000000db90c000, 0x0000000100000000)
 Metaspace       used 56190K, capacity 58318K, committed 58568K, reserved 1099776K
  class space    used 7124K, capacity 7545K, committed 7628K, reserved 1048576K
2022-08-07T09:30:04.976+0000: 20.791: [GC (Allocation Failure) 2022-08-07T09:30:04.977+0000: 20.791: [ParNew: 18137K->1757K(19008K), 0.0040676 secs] 58450K->42123K(95856K), 0.0046131 secs] [Times: user=0.01 sys=0.00, real=0.00 secs] 
Heap after GC invocations=245 (full 24):
 par new generation   total 19008K, used 1757K [0x00000000c2600000, 0x00000000c3aa0000, 0x00000000d6e00000)
  eden space 16896K,   0% used [0x00000000c2600000, 0x00000000c2600000, 0x00000000c3680000)
  from space 2112K,  83% used [0x00000000c3890000, 0x00000000c3a47578, 0x00000000c3aa0000)
  to   space 2112K,   0% used [0x00000000c3680000, 0x00000000c3680000, 0x00000000c3890000)
 concurrent mark-sweep generation total 76848K, used 40366K [0x00000000d6e00000, 0x00000000db90c000, 0x0000000100000000)
 Metaspace       used 56190K, capacity 58318K, committed 58568K, reserved 1099776K
  class space    used 7124K, capacity 7545K, committed 7628K, reserved 1048576K
}
2022-08-07T09:30:05.054+0000: 20.868: Application time: 0.0721849 seconds
{Heap before GC invocations=245 (full 24):
 par new generation   total 19008K, used 18653K [0x00000000c2600000, 0x00000000c3aa0000, 0x00000000d6e00000)
  eden space 16896K, 100% used [0x00000000c2600000, 0x00000000c3680000, 0x00000000c3680000)
  from space 2112K,  83% used [0x00000000c3890000, 0x00000000c3a47578, 0x00000000c3aa0000)
  to   space 2112K,   0% used [0x00000000c3680000, 0x00000000c3680000, 0x00000000c3890000)
 concurrent mark-sweep generation total 76848K, used 40366K [0x00000000d6e00000, 0x00000000db90c000, 0x0000000100000000)
 Metaspace       used 56505K, capacity 58638K, committed 58824K, reserved 1099776K
  class space    used 7176K, capacity 7609K, committed 7628K, reserved 1048576K
2022-08-07T09:30:05.055+0000: 20.870: [GC (Allocation Failure) 2022-08-07T09:30:05.056+0000: 20.870: [ParNew: 18653K->1666K(19008K), 0.0030935 secs] 59019K->42495K(95856K), 0.0036892 secs] [Times: user=0.00 sys=0.01, real=0.00 secs] 
Heap after GC invocations=246 (full 24):
 par new generation   total 19008K, used 1666K [0x00000000c2600000, 0x00000000c3aa0000, 0x00000000d6e00000)
  eden space 16896K,   0% used [0x00000000c2600000, 0x00000000c2600000, 0x00000000c3680000)
  from space 2112K,  78% used [0x00000000c3680000, 0x00000000c3820bc8, 0x00000000c3890000)
  to   space 2112K,   0% used [0x00000000c3890000, 0x00000000c3890000, 0x00000000c3aa0000)
 concurrent mark-sweep generation total 76848K, used 40828K [0x00000000d6e00000, 0x00000000db90c000, 0x0000000100000000)
 Metaspace       used 56505K, capacity 58638K, committed 58824K, reserved 1099776K
  class space    used 7176K, capacity 7609K, committed 7628K, reserved 1048576K
}
2022-08-07T09:30:05.173+0000: 20.988: Application time: 0.1137625 seconds
{Heap before GC invocations=246 (full 24):
 par new generation   total 19008K, used 18562K [0x00000000c2600000, 0x00000000c3aa0000, 0x00000000d6e00000)
  eden space 16896K, 100% used [0x00000000c2600000, 0x00000000c3680000, 0x00000000c3680000)
  from space 2112K,  78% used [0x00000000c3680000, 0x00000000c3820bc8, 0x00000000c3890000)
  to   space 2112K,   0% used [0x00000000c3890000, 0x00000000c3890000, 0x00000000c3aa0000)
 concurrent mark-sweep generation total 76848K, used 40828K [0x00000000d6e00000, 0x00000000db90c000, 0x0000000100000000)
 Metaspace       used 56844K, capacity 58926K, committed 59208K, reserved 1101824K
  class space    used 7214K, capacity 7641K, committed 7756K, reserved 1048576K
2022-08-07T09:30:05.174+0000: 20.989: [GC (Allocation Failure) 2022-08-07T09:30:05.174+0000: 20.989: [ParNew: 18562K->2103K(19008K), 0.0029592 secs] 59391K->43044K(95856K), 0.0035607 secs] [Times: user=0.01 sys=0.00, real=0.00 secs] 
Heap after GC invocations=247 (full 24):
 par new generation   total 19008K, used 2103K [0x00000000c2600000, 0x00000000c3aa0000, 0x00000000d6e00000)
  eden space 16896K,   0% used [0x00000000c2600000, 0x00000000c2600000, 0x00000000c3680000)
  from space 2112K,  99% used [0x00000000c3890000, 0x00000000c3a9dc58, 0x00000000c3aa0000)
  to   space 2112K,   0% used [0x00000000c3680000, 0x00000000c3680000, 0x00000000c3890000)
 concurrent mark-sweep generation total 76848K, used 40941K [0x00000000d6e00000, 0x00000000db90c000, 0x0000000100000000)
 Metaspace       used 56844K, capacity 58926K, committed 59208K, reserved 1101824K
  class space    used 7214K, capacity 7641K, committed 7756K, reserved 1048576K
}
2022-08-07T09:30:05.231+0000: 21.045: Application time: 0.0525977 seconds
{Heap before GC invocations=247 (full 24):
 par new generation   total 19008K, used 18999K [0x00000000c2600000, 0x00000000c3aa0000, 0x00000000d6e00000)
  eden space 16896K, 100% used [0x00000000c2600000, 0x00000000c3680000, 0x00000000c3680000)
  from space 2112K,  99% used [0x00000000c3890000, 0x00000000c3a9dc58, 0x00000000c3aa0000)
  to   space 2112K,   0% used [0x00000000c3680000, 0x00000000c3680000, 0x00000000c3890000)
 concurrent mark-sweep generation total 76848K, used 40941K [0x00000000d6e00000, 0x00000000db90c000, 0x0000000100000000)
 Metaspace       used 56980K, capacity 59088K, committed 59464K, reserved 1101824K
  class space    used 7238K, capacity 7674K, committed 7756K, reserved 1048576K
2022-08-07T09:30:05.231+0000: 21.046: [GC (Allocation Failure) 2022-08-07T09:30:05.232+0000: 21.046: [ParNew: 18999K->1360K(19008K), 0.0035214 secs] 59940K->43014K(95856K), 0.0046137 secs] [Times: user=0.01 sys=0.00, real=0.01 secs] 
Heap after GC invocations=248 (full 24):
 par new generation   total 19008K, used 1360K [0x00000000c2600000, 0x00000000c3aa0000, 0x00000000d6e00000)
  eden space 16896K,   0% used [0x00000000c2600000, 0x00000000c2600000, 0x00000000c3680000)
  from space 2112K,  64% used [0x00000000c3680000, 0x00000000c37d4120, 0x00000000c3890000)
  to   space 2112K,   0% used [0x00000000c3890000, 0x00000000c3890000, 0x00000000c3aa0000)
 concurrent mark-sweep generation total 76848K, used 41654K [0x00000000d6e00000, 0x00000000db90c000, 0x0000000100000000)
 Metaspace       used 56980K, capacity 59088K, committed 59464K, reserved 1101824K
  class space    used 7238K, capacity 7674K, committed 7756K, reserved 1048576K
}
2022-08-07T09:30:05.274+0000: 21.088: Application time: 0.0368683 seconds
{Heap before GC invocations=248 (full 24):
 par new generation   total 19008K, used 18256K [0x00000000c2600000, 0x00000000c3aa0000, 0x00000000d6e00000)
  eden space 16896K, 100% used [0x00000000c2600000, 0x00000000c3680000, 0x00000000c3680000)
  from space 2112K,  64% used [0x00000000c3680000, 0x00000000c37d4120, 0x00000000c3890000)
  to   space 2112K,   0% used [0x00000000c3890000, 0x00000000c3890000, 0x00000000c3aa0000)
 concurrent mark-sweep generation total 76848K, used 41654K [0x00000000d6e00000, 0x00000000db90c000, 0x0000000100000000)
 Metaspace       used 57036K, capacity 59160K, committed 59464K, reserved 1101824K
  class space    used 7248K, capacity 7676K, committed 7756K, reserved 1048576K
2022-08-07T09:30:05.274+0000: 21.089: [GC (Allocation Failure) 2022-08-07T09:30:05.275+0000: 21.089: [ParNew: 18256K->933K(19008K), 0.0022741 secs] 59910K->42587K(95856K), 0.0029265 secs] [Times: user=0.01 sys=0.00, real=0.00 secs] 
Heap after GC invocations=249 (full 24):
 par new generation   total 19008K, used 933K [0x00000000c2600000, 0x00000000c3aa0000, 0x00000000d6e00000)
  eden space 16896K,   0% used [0x00000000c2600000, 0x00000000c2600000, 0x00000000c3680000)
  from space 2112K,  44% used [0x00000000c3890000, 0x00000000c3979540, 0x00000000c3aa0000)
  to   space 2112K,   0% used [0x00000000c3680000, 0x00000000c3680000, 0x00000000c3890000)
 concurrent mark-sweep generation total 76848K, used 41654K [0x00000000d6e00000, 0x00000000db90c000, 0x0000000100000000)
 Metaspace       used 57036K, capacity 59160K, committed 59464K, reserved 1101824K
  class space    used 7248K, capacity 7676K, committed 7756K, reserved 1048576K
}
2022-08-07T09:30:05.417+0000: 21.232: Application time: 0.1395473 seconds
{Heap before GC invocations=249 (full 24):
 par new generation   total 19008K, used 17829K [0x00000000c2600000, 0x00000000c3aa0000, 0x00000000d6e00000)
  eden space 16896K, 100% used [0x00000000c2600000, 0x00000000c3680000, 0x00000000c3680000)
  from space 2112K,  44% used [0x00000000c3890000, 0x00000000c3979540, 0x00000000c3aa0000)
  to   space 2112K,   0% used [0x00000000c3680000, 0x00000000c3680000, 0x00000000c3890000)
 concurrent mark-sweep generation total 76848K, used 41654K [0x00000000d6e00000, 0x00000000db90c000, 0x0000000100000000)
 Metaspace       used 57206K, capacity 59338K, committed 59720K, reserved 1101824K
  class space    used 7260K, capacity 7711K, committed 7756K, reserved 1048576K
2022-08-07T09:30:05.418+0000: 21.233: [GC (Allocation Failure) 2022-08-07T09:30:05.419+0000: 21.233: [ParNew: 17829K->1726K(19008K), 0.0034999 secs] 59483K->43380K(95856K), 0.0045565 secs] [Times: user=0.01 sys=0.00, real=0.01 secs] 
Heap after GC invocations=250 (full 24):
 par new generation   total 19008K, used 1726K [0x00000000c2600000, 0x00000000c3aa0000, 0x00000000d6e00000)
  eden space 16896K,   0% used [0x00000000c2600000, 0x00000000c2600000, 0x00000000c3680000)
  from space 2112K,  81% used [0x00000000c3680000, 0x00000000c382f868, 0x00000000c3890000)
  to   space 2112K,   0% used [0x00000000c3890000, 0x00000000c3890000, 0x00000000c3aa0000)
 concurrent mark-sweep generation total 76848K, used 41654K [0x00000000d6e00000, 0x00000000db90c000, 0x0000000100000000)
 Metaspace       used 57206K, capacity 59338K, committed 59720K, reserved 1101824K
  class space    used 7260K, capacity 7711K, committed 7756K, reserved 1048576K
}
2022-08-07T09:30:05.483+0000: 21.298: Application time: 0.0598655 seconds
{Heap before GC invocations=250 (full 24):
 par new generation   total 19008K, used 18622K [0x00000000c2600000, 0x00000000c3aa0000, 0x00000000d6e00000)
  eden space 16896K, 100% used [0x00000000c2600000, 0x00000000c3680000, 0x00000000c3680000)
  from space 2112K,  81% used [0x00000000c3680000, 0x00000000c382f868, 0x00000000c3890000)
  to   space 2112K,   0% used [0x00000000c3890000, 0x00000000c3890000, 0x00000000c3aa0000)
 concurrent mark-sweep generation total 76848K, used 41654K [0x00000000d6e00000, 0x00000000db90c000, 0x0000000100000000)
 Metaspace       used 57306K, capacity 59428K, committed 59720K, reserved 1101824K
  class space    used 7277K, capacity 7718K, committed 7756K, reserved 1048576K
2022-08-07T09:30:05.484+0000: 21.299: [GC (Allocation Failure) 2022-08-07T09:30:05.485+0000: 21.299: [ParNew: 18622K->1307K(19008K), 0.0049214 secs] 60276K->43598K(95856K), 0.0057221 secs] [Times: user=0.01 sys=0.00, real=0.00 secs] 
Heap after GC invocations=251 (full 24):
 par new generation   total 19008K, used 1307K [0x00000000c2600000, 0x00000000c3aa0000, 0x00000000d6e00000)
  eden space 16896K,   0% used [0x00000000c2600000, 0x00000000c2600000, 0x00000000c3680000)
  from space 2112K,  61% used [0x00000000c3890000, 0x00000000c39d6c40, 0x00000000c3aa0000)
  to   space 2112K,   0% used [0x00000000c3680000, 0x00000000c3680000, 0x00000000c3890000)
 concurrent mark-sweep generation total 76848K, used 42291K [0x00000000d6e00000, 0x00000000db90c000, 0x0000000100000000)
 Metaspace       used 57306K, capacity 59428K, committed 59720K, reserved 1101824K
  class space    used 7277K, capacity 7718K, committed 7756K, reserved 1048576K
}
2022-08-07T09:30:05.547+0000: 21.362: Application time: 0.0563506 seconds
2022-08-07T09:30:05.548+0000: 21.362: Application time: 0.0001334 seconds
2022-08-07T09:30:05.621+0000: 21.436: Application time: 0.0734159 seconds
2022-08-07T09:30:05.646+0000: 21.461: Application time: 0.0246824 seconds
{Heap before GC invocations=251 (full 24):
 par new generation   total 19008K, used 18203K [0x00000000c2600000, 0x00000000c3aa0000, 0x00000000d6e00000)
  eden space 16896K, 100% used [0x00000000c2600000, 0x00000000c3680000, 0x00000000c3680000)
  from space 2112K,  61% used [0x00000000c3890000, 0x00000000c39d6c40, 0x00000000c3aa0000)
  to   space 2112K,   0% used [0x00000000c3680000, 0x00000000c3680000, 0x00000000c3890000)
 concurrent mark-sweep generation total 76848K, used 42291K [0x00000000d6e00000, 0x00000000db90c000, 0x0000000100000000)
 Metaspace       used 57938K, capacity 60098K, committed 60360K, reserved 1101824K
  class space    used 7342K, capacity 7791K, committed 7884K, reserved 1048576K
2022-08-07T09:30:05.647+0000: 21.462: [GC (Allocation Failure) 2022-08-07T09:30:05.648+0000: 21.462: [ParNew: 18203K->1815K(19008K), 0.0036842 secs] 60494K->44106K(95856K), 0.0046488 secs] [Times: user=0.01 sys=0.00, real=0.00 secs] 
Heap after GC invocations=252 (full 24):
 par new generation   total 19008K, used 1815K [0x00000000c2600000, 0x00000000c3aa0000, 0x00000000d6e00000)
  eden space 16896K,   0% used [0x00000000c2600000, 0x00000000c2600000, 0x00000000c3680000)
  from space 2112K,  85% used [0x00000000c3680000, 0x00000000c3845d20, 0x00000000c3890000)
  to   space 2112K,   0% used [0x00000000c3890000, 0x00000000c3890000, 0x00000000c3aa0000)
 concurrent mark-sweep generation total 76848K, used 42291K [0x00000000d6e00000, 0x00000000db90c000, 0x0000000100000000)
 Metaspace       used 57938K, capacity 60098K, committed 60360K, reserved 1101824K
  class space    used 7342K, capacity 7791K, committed 7884K, reserved 1048576K
}
2022-08-07T09:30:05.725+0000: 21.539: Application time: 0.0722663 seconds
{Heap before GC invocations=252 (full 24):
 par new generation   total 19008K, used 18711K [0x00000000c2600000, 0x00000000c3aa0000, 0x00000000d6e00000)
  eden space 16896K, 100% used [0x00000000c2600000, 0x00000000c3680000, 0x00000000c3680000)
  from space 2112K,  85% used [0x00000000c3680000, 0x00000000c3845d20, 0x00000000c3890000)
  to   space 2112K,   0% used [0x00000000c3890000, 0x00000000c3890000, 0x00000000c3aa0000)
 concurrent mark-sweep generation total 76848K, used 42291K [0x00000000d6e00000, 0x00000000db90c000, 0x0000000100000000)
 Metaspace       used 58242K, capacity 60386K, committed 60616K, reserved 1101824K
  class space    used 7379K, capacity 7823K, committed 7884K, reserved 1048576K
2022-08-07T09:30:05.726+0000: 21.540: [GC (Allocation Failure) 2022-08-07T09:30:05.726+0000: 21.541: [ParNew: 18711K->1444K(19008K), 0.0050394 secs] 61002K->43906K(95856K), 0.0060144 secs] [Times: user=0.02 sys=0.00, real=0.00 secs] 
Heap after GC invocations=253 (full 24):
 par new generation   total 19008K, used 1444K [0x00000000c2600000, 0x00000000c3aa0000, 0x00000000d6e00000)
  eden space 16896K,   0% used [0x00000000c2600000, 0x00000000c2600000, 0x00000000c3680000)
  from space 2112K,  68% used [0x00000000c3890000, 0x00000000c39f9170, 0x00000000c3aa0000)
  to   space 2112K,   0% used [0x00000000c3680000, 0x00000000c3680000, 0x00000000c3890000)
 concurrent mark-sweep generation total 76848K, used 42462K [0x00000000d6e00000, 0x00000000db90c000, 0x0000000100000000)
 Metaspace       used 58242K, capacity 60386K, committed 60616K, reserved 1101824K
  class space    used 7379K, capacity 7823K, committed 7884K, reserved 1048576K
}
2022-08-07T09:30:05.879+0000: 21.693: Application time: 0.1462205 seconds
{Heap before GC invocations=253 (full 24):
 par new generation   total 19008K, used 18340K [0x00000000c2600000, 0x00000000c3aa0000, 0x00000000d6e00000)
  eden space 16896K, 100% used [0x00000000c2600000, 0x00000000c3680000, 0x00000000c3680000)
  from space 2112K,  68% used [0x00000000c3890000, 0x00000000c39f9170, 0x00000000c3aa0000)
  to   space 2112K,   0% used [0x00000000c3680000, 0x00000000c3680000, 0x00000000c3890000)
 concurrent mark-sweep generation total 76848K, used 42462K [0x00000000d6e00000, 0x00000000db90c000, 0x0000000100000000)
 Metaspace       used 58672K, capacity 61032K, committed 61256K, reserved 1101824K
  class space    used 7460K, capacity 7928K, committed 8012K, reserved 1048576K
2022-08-07T09:30:05.879+0000: 21.694: [GC (Allocation Failure) 2022-08-07T09:30:05.880+0000: 21.694: [ParNew: 18340K->1456K(19008K), 0.0084666 secs] 60802K->43919K(95856K), 0.0091901 secs] [Times: user=0.01 sys=0.00, real=0.01 secs] 
Heap after GC invocations=254 (full 24):
 par new generation   total 19008K, used 1456K [0x00000000c2600000, 0x00000000c3aa0000, 0x00000000d6e00000)
  eden space 16896K,   0% used [0x00000000c2600000, 0x00000000c2600000, 0x00000000c3680000)
  from space 2112K,  68% used [0x00000000c3680000, 0x00000000c37ec2e8, 0x00000000c3890000)
  to   space 2112K,   0% used [0x00000000c3890000, 0x00000000c3890000, 0x00000000c3aa0000)
 concurrent mark-sweep generation total 76848K, used 42462K [0x00000000d6e00000, 0x00000000db90c000, 0x0000000100000000)
 Metaspace       used 58672K, capacity 61032K, committed 61256K, reserved 1101824K
  class space    used 7460K, capacity 7928K, committed 8012K, reserved 1048576K
}
2022-08-07T09:30:05.941+0000: 21.756: Application time: 0.0520228 seconds
2022-08-07T09:30:05.969+0000: 21.784: Application time: 0.0274267 seconds
{Heap before GC invocations=254 (full 24):
 par new generation   total 19008K, used 18352K [0x00000000c2600000, 0x00000000c3aa0000, 0x00000000d6e00000)
  eden space 16896K, 100% used [0x00000000c2600000, 0x00000000c3680000, 0x00000000c3680000)
  from space 2112K,  68% used [0x00000000c3680000, 0x00000000c37ec2e8, 0x00000000c3890000)
  to   space 2112K,   0% used [0x00000000c3890000, 0x00000000c3890000, 0x00000000c3aa0000)
 concurrent mark-sweep generation total 76848K, used 42462K [0x00000000d6e00000, 0x00000000db90c000, 0x0000000100000000)
 Metaspace       used 58955K, capacity 61420K, committed 61512K, reserved 1103872K
  class space    used 7503K, capacity 7982K, committed 8012K, reserved 1048576K
2022-08-07T09:30:05.970+0000: 21.785: [GC (Allocation Failure) 2022-08-07T09:30:05.971+0000: 21.785: [ParNew: 18352K->940K(19008K), 0.0063133 secs] 60815K->43877K(95856K), 0.0073568 secs] [Times: user=0.02 sys=0.00, real=0.01 secs] 
Heap after GC invocations=255 (full 24):
 par new generation   total 19008K, used 940K [0x00000000c2600000, 0x00000000c3aa0000, 0x00000000d6e00000)
  eden space 16896K,   0% used [0x00000000c2600000, 0x00000000c2600000, 0x00000000c3680000)
  from space 2112K,  44% used [0x00000000c3890000, 0x00000000c397b130, 0x00000000c3aa0000)
  to   space 2112K,   0% used [0x00000000c3680000, 0x00000000c3680000, 0x00000000c3890000)
 concurrent mark-sweep generation total 76848K, used 42937K [0x00000000d6e00000, 0x00000000db90c000, 0x0000000100000000)
 Metaspace       used 58955K, capacity 61420K, committed 61512K, reserved 1103872K
  class space    used 7503K, capacity 7982K, committed 8012K, reserved 1048576K
}
2022-08-07T09:30:06.059+0000: 21.873: Application time: 0.0803618 seconds
2022-08-07T09:30:06.059+0000: 21.873: Application time: 0.0001201 seconds
2022-08-07T09:30:06.130+0000: 21.945: Application time: 0.0708429 seconds
{Heap before GC invocations=255 (full 24):
 par new generation   total 19008K, used 17836K [0x00000000c2600000, 0x00000000c3aa0000, 0x00000000d6e00000)
  eden space 16896K, 100% used [0x00000000c2600000, 0x00000000c3680000, 0x00000000c3680000)
  from space 2112K,  44% used [0x00000000c3890000, 0x00000000c397b130, 0x00000000c3aa0000)
  to   space 2112K,   0% used [0x00000000c3680000, 0x00000000c3680000, 0x00000000c3890000)
 concurrent mark-sweep generation total 76848K, used 42937K [0x00000000d6e00000, 0x00000000db90c000, 0x0000000100000000)
 Metaspace       used 59718K, capacity 62256K, committed 62408K, reserved 1103872K
  class space    used 7611K, capacity 8118K, committed 8140K, reserved 1048576K
2022-08-07T09:30:06.131+0000: 21.946: [GC (Allocation Failure) 2022-08-07T09:30:06.131+0000: 21.946: [ParNew: 17836K->1490K(19008K), 0.0052110 secs] 60773K->44427K(95856K), 0.0058595 secs] [Times: user=0.02 sys=0.00, real=0.01 secs] 
Heap after GC invocations=256 (full 24):
 par new generation   total 19008K, used 1490K [0x00000000c2600000, 0x00000000c3aa0000, 0x00000000d6e00000)
  eden space 16896K,   0% used [0x00000000c2600000, 0x00000000c2600000, 0x00000000c3680000)
  from space 2112K,  70% used [0x00000000c3680000, 0x00000000c37f4a40, 0x00000000c3890000)
  to   space 2112K,   0% used [0x00000000c3890000, 0x00000000c3890000, 0x00000000c3aa0000)
 concurrent mark-sweep generation total 76848K, used 42937K [0x00000000d6e00000, 0x00000000db90c000, 0x0000000100000000)
 Metaspace       used 59718K, capacity 62256K, committed 62408K, reserved 1103872K
  class space    used 7611K, capacity 8118K, committed 8140K, reserved 1048576K
}
2022-08-07T09:30:06.272+0000: 22.086: Application time: 0.1339027 seconds
{Heap before GC invocations=256 (full 24):
 par new generation   total 19008K, used 18386K [0x00000000c2600000, 0x00000000c3aa0000, 0x00000000d6e00000)
  eden space 16896K, 100% used [0x00000000c2600000, 0x00000000c3680000, 0x00000000c3680000)
  from space 2112K,  70% used [0x00000000c3680000, 0x00000000c37f4a40, 0x00000000c3890000)
  to   space 2112K,   0% used [0x00000000c3890000, 0x00000000c3890000, 0x00000000c3aa0000)
 concurrent mark-sweep generation total 76848K, used 42937K [0x00000000d6e00000, 0x00000000db90c000, 0x0000000100000000)
 Metaspace       used 60329K, capacity 62908K, committed 63048K, reserved 1103872K
  class space    used 7707K, capacity 8200K, committed 8268K, reserved 1048576K
2022-08-07T09:30:06.272+0000: 22.087: [GC (Allocation Failure) 2022-08-07T09:30:06.273+0000: 22.087: [ParNew: 18386K->1169K(19008K), 0.0053540 secs] 61323K->44377K(95856K), 0.0060623 secs] [Times: user=0.02 sys=0.01, real=0.01 secs] 
Heap after GC invocations=257 (full 24):
 par new generation   total 19008K, used 1169K [0x00000000c2600000, 0x00000000c3aa0000, 0x00000000d6e00000)
  eden space 16896K,   0% used [0x00000000c2600000, 0x00000000c2600000, 0x00000000c3680000)
  from space 2112K,  55% used [0x00000000c3890000, 0x00000000c39b4780, 0x00000000c3aa0000)
  to   space 2112K,   0% used [0x00000000c3680000, 0x00000000c3680000, 0x00000000c3890000)
 concurrent mark-sweep generation total 76848K, used 43207K [0x00000000d6e00000, 0x00000000db90c000, 0x0000000100000000)
 Metaspace       used 60329K, capacity 62908K, committed 63048K, reserved 1103872K
  class space    used 7707K, capacity 8200K, committed 8268K, reserved 1048576K
}
2022-08-07T09:30:06.340+0000: 22.155: Application time: 0.0613365 seconds
2022-08-07T09:30:06.358+0000: 22.173: Application time: 0.0175566 seconds
2022-08-07T09:30:06.398+0000: 22.212: Application time: 0.0390982 seconds
{Heap before GC invocations=257 (full 24):
 par new generation   total 19008K, used 18065K [0x00000000c2600000, 0x00000000c3aa0000, 0x00000000d6e00000)
  eden space 16896K, 100% used [0x00000000c2600000, 0x00000000c3680000, 0x00000000c3680000)
  from space 2112K,  55% used [0x00000000c3890000, 0x00000000c39b4780, 0x00000000c3aa0000)
  to   space 2112K,   0% used [0x00000000c3680000, 0x00000000c3680000, 0x00000000c3890000)
 concurrent mark-sweep generation total 76848K, used 43207K [0x00000000d6e00000, 0x00000000db90c000, 0x0000000100000000)
 Metaspace       used 60946K, capacity 63560K, committed 63816K, reserved 1105920K
  class space    used 7761K, capacity 8266K, committed 8268K, reserved 1048576K
2022-08-07T09:30:06.399+0000: 22.214: [GC (Allocation Failure) 2022-08-07T09:30:06.400+0000: 22.214: [ParNew: 18065K->1557K(19008K), 0.0052992 secs] 61273K->44764K(95856K), 0.0059082 secs] [Times: user=0.02 sys=0.00, real=0.01 secs] 
Heap after GC invocations=258 (full 24):
 par new generation   total 19008K, used 1557K [0x00000000c2600000, 0x00000000c3aa0000, 0x00000000d6e00000)
  eden space 16896K,   0% used [0x00000000c2600000, 0x00000000c2600000, 0x00000000c3680000)
  from space 2112K,  73% used [0x00000000c3680000, 0x00000000c3805570, 0x00000000c3890000)
  to   space 2112K,   0% used [0x00000000c3890000, 0x00000000c3890000, 0x00000000c3aa0000)
 concurrent mark-sweep generation total 76848K, used 43207K [0x00000000d6e00000, 0x00000000db90c000, 0x0000000100000000)
 Metaspace       used 60946K, capacity 63560K, committed 63816K, reserved 1105920K
  class space    used 7761K, capacity 8266K, committed 8268K, reserved 1048576K
}
2022-08-07T09:30:06.480+0000: 22.294: Application time: 0.0742387 seconds
{Heap before GC invocations=258 (full 24):
 par new generation   total 19008K, used 18453K [0x00000000c2600000, 0x00000000c3aa0000, 0x00000000d6e00000)
  eden space 16896K, 100% used [0x00000000c2600000, 0x00000000c3680000, 0x00000000c3680000)
  from space 2112K,  73% used [0x00000000c3680000, 0x00000000c3805570, 0x00000000c3890000)
  to   space 2112K,   0% used [0x00000000c3890000, 0x00000000c3890000, 0x00000000c3aa0000)
 concurrent mark-sweep generation total 76848K, used 43207K [0x00000000d6e00000, 0x00000000db90c000, 0x0000000100000000)
 Metaspace       used 61143K, capacity 63720K, committed 63944K, reserved 1105920K
  class space    used 7790K, capacity 8298K, committed 8396K, reserved 1048576K
2022-08-07T09:30:06.481+0000: 22.295: [GC (Allocation Failure) 2022-08-07T09:30:06.481+0000: 22.296: [ParNew: 18453K->1035K(19008K), 0.0054670 secs] 61660K->44468K(95856K), 0.0062595 secs] [Times: user=0.01 sys=0.00, real=0.01 secs] 
Heap after GC invocations=259 (full 24):
 par new generation   total 19008K, used 1035K [0x00000000c2600000, 0x00000000c3aa0000, 0x00000000d6e00000)
  eden space 16896K,   0% used [0x00000000c2600000, 0x00000000c2600000, 0x00000000c3680000)
  from space 2112K,  49% used [0x00000000c3890000, 0x00000000c3992de0, 0x00000000c3aa0000)
  to   space 2112K,   0% used [0x00000000c3680000, 0x00000000c3680000, 0x00000000c3890000)
 concurrent mark-sweep generation total 76848K, used 43432K [0x00000000d6e00000, 0x00000000db90c000, 0x0000000100000000)
 Metaspace       used 61143K, capacity 63720K, committed 63944K, reserved 1105920K
  class space    used 7790K, capacity 8298K, committed 8396K, reserved 1048576K
}
2022-08-07T09:30:06.562+0000: 22.377: Application time: 0.0747760 seconds
2022-08-07T09:30:06.563+0000: 22.378: Application time: 0.0002922 seconds
2022-08-07T09:30:06.587+0000: 22.401: Application time: 0.0235964 seconds
2022-08-07T09:30:06.607+0000: 22.422: Application time: 0.0196623 seconds
{Heap before GC invocations=259 (full 24):
 par new generation   total 19008K, used 17931K [0x00000000c2600000, 0x00000000c3aa0000, 0x00000000d6e00000)
  eden space 16896K, 100% used [0x00000000c2600000, 0x00000000c3680000, 0x00000000c3680000)
  from space 2112K,  49% used [0x00000000c3890000, 0x00000000c3992de0, 0x00000000c3aa0000)
  to   space 2112K,   0% used [0x00000000c3680000, 0x00000000c3680000, 0x00000000c3890000)
 concurrent mark-sweep generation total 76848K, used 43432K [0x00000000d6e00000, 0x00000000db90c000, 0x0000000100000000)
 Metaspace       used 61536K, capacity 64148K, committed 64456K, reserved 1105920K
  class space    used 7836K, capacity 8332K, committed 8396K, reserved 1048576K
2022-08-07T09:30:06.608+0000: 22.423: [GC (Allocation Failure) 2022-08-07T09:30:06.609+0000: 22.423: [ParNew: 17931K->1669K(19008K), 0.0054446 secs] 61364K->45101K(95856K), 0.0061677 secs] [Times: user=0.01 sys=0.00, real=0.01 secs] 
Heap after GC invocations=260 (full 24):
 par new generation   total 19008K, used 1669K [0x00000000c2600000, 0x00000000c3aa0000, 0x00000000d6e00000)
  eden space 16896K,   0% used [0x00000000c2600000, 0x00000000c2600000, 0x00000000c3680000)
  from space 2112K,  79% used [0x00000000c3680000, 0x00000000c38214f0, 0x00000000c3890000)
  to   space 2112K,   0% used [0x00000000c3890000, 0x00000000c3890000, 0x00000000c3aa0000)
 concurrent mark-sweep generation total 76848K, used 43432K [0x00000000d6e00000, 0x00000000db90c000, 0x0000000100000000)
 Metaspace       used 61536K, capacity 64148K, committed 64456K, reserved 1105920K
  class space    used 7836K, capacity 8332K, committed 8396K, reserved 1048576K
}
2022-08-07T09:30:06.709+0000: 22.524: Application time: 0.0940034 seconds
2022-08-07T09:30:06.864+0000: 22.678: Application time: 0.1544192 seconds
2022-08-07T09:30:06.905+0000: 22.720: Application time: 0.0407786 seconds
{Heap before GC invocations=260 (full 24):
 par new generation   total 19008K, used 18565K [0x00000000c2600000, 0x00000000c3aa0000, 0x00000000d6e00000)
  eden space 16896K, 100% used [0x00000000c2600000, 0x00000000c3680000, 0x00000000c3680000)
  from space 2112K,  79% used [0x00000000c3680000, 0x00000000c38214f0, 0x00000000c3890000)
  to   space 2112K,   0% used [0x00000000c3890000, 0x00000000c3890000, 0x00000000c3aa0000)
 concurrent mark-sweep generation total 76848K, used 43432K [0x00000000d6e00000, 0x00000000db90c000, 0x0000000100000000)
 Metaspace       used 61684K, capacity 64322K, committed 64456K, reserved 1105920K
  class space    used 7849K, capacity 8375K, committed 8396K, reserved 1048576K
2022-08-07T09:30:06.906+0000: 22.720: [GC (Allocation Failure) 2022-08-07T09:30:06.906+0000: 22.721: [ParNew: 18565K->1843K(19008K), 0.0114626 secs] 61997K->45613K(95856K), 0.0121484 secs] [Times: user=0.03 sys=0.00, real=0.01 secs] 
Heap after GC invocations=261 (full 24):
 par new generation   total 19008K, used 1843K [0x00000000c2600000, 0x00000000c3aa0000, 0x00000000d6e00000)
  eden space 16896K,   0% used [0x00000000c2600000, 0x00000000c2600000, 0x00000000c3680000)
  from space 2112K,  87% used [0x00000000c3890000, 0x00000000c3a5cfa0, 0x00000000c3aa0000)
  to   space 2112K,   0% used [0x00000000c3680000, 0x00000000c3680000, 0x00000000c3890000)
 concurrent mark-sweep generation total 76848K, used 43769K [0x00000000d6e00000, 0x00000000db90c000, 0x0000000100000000)
 Metaspace       used 61684K, capacity 64322K, committed 64456K, reserved 1105920K
  class space    used 7849K, capacity 8375K, committed 8396K, reserved 1048576K
}
2022-08-07T09:30:06.994+0000: 22.808: Application time: 0.0748156 seconds
{Heap before GC invocations=261 (full 24):
 par new generation   total 19008K, used 18739K [0x00000000c2600000, 0x00000000c3aa0000, 0x00000000d6e00000)
  eden space 16896K, 100% used [0x00000000c2600000, 0x00000000c3680000, 0x00000000c3680000)
  from space 2112K,  87% used [0x00000000c3890000, 0x00000000c3a5cfa0, 0x00000000c3aa0000)
  to   space 2112K,   0% used [0x00000000c3680000, 0x00000000c3680000, 0x00000000c3890000)
 concurrent mark-sweep generation total 76848K, used 43769K [0x00000000d6e00000, 0x00000000db90c000, 0x0000000100000000)
 Metaspace       used 61708K, capacity 64398K, committed 64456K, reserved 1105920K
  class space    used 7852K, capacity 8377K, committed 8396K, reserved 1048576K
2022-08-07T09:30:06.994+0000: 22.809: [GC (Allocation Failure) 2022-08-07T09:30:06.995+0000: 22.810: [ParNew: 18739K->1304K(19008K), 0.0239527 secs] 62509K->45733K(95856K), 0.0254853 secs] [Times: user=0.06 sys=0.00, real=0.02 secs] 
Heap after GC invocations=262 (full 24):
 par new generation   total 19008K, used 1304K [0x00000000c2600000, 0x00000000c3aa0000, 0x00000000d6e00000)
  eden space 16896K,   0% used [0x00000000c2600000, 0x00000000c2600000, 0x00000000c3680000)
  from space 2112K,  61% used [0x00000000c3680000, 0x00000000c37c63d0, 0x00000000c3890000)
  to   space 2112K,   0% used [0x00000000c3890000, 0x00000000c3890000, 0x00000000c3aa0000)
 concurrent mark-sweep generation total 76848K, used 44428K [0x00000000d6e00000, 0x00000000db90c000, 0x0000000100000000)
 Metaspace       used 61708K, capacity 64398K, committed 64456K, reserved 1105920K
  class space    used 7852K, capacity 8377K, committed 8396K, reserved 1048576K
}
2022-08-07T09:30:07.074+0000: 22.889: Application time: 0.0535942 seconds
{Heap before GC invocations=262 (full 24):
 par new generation   total 19008K, used 18200K [0x00000000c2600000, 0x00000000c3aa0000, 0x00000000d6e00000)
  eden space 16896K, 100% used [0x00000000c2600000, 0x00000000c3680000, 0x00000000c3680000)
  from space 2112K,  61% used [0x00000000c3680000, 0x00000000c37c63d0, 0x00000000c3890000)
  to   space 2112K,   0% used [0x00000000c3890000, 0x00000000c3890000, 0x00000000c3aa0000)
 concurrent mark-sweep generation total 76848K, used 44428K [0x00000000d6e00000, 0x00000000db90c000, 0x0000000100000000)
 Metaspace       used 61727K, capacity 64398K, committed 64456K, reserved 1105920K
  class space    used 7853K, capacity 8377K, committed 8396K, reserved 1048576K
2022-08-07T09:30:07.075+0000: 22.889: [GC (Allocation Failure) 2022-08-07T09:30:07.075+0000: 22.890: [ParNew: 18200K->843K(19008K), 0.0050289 secs] 62629K->45271K(95856K), 0.0057223 secs] [Times: user=0.01 sys=0.00, real=0.00 secs] 
Heap after GC invocations=263 (full 24):
 par new generation   total 19008K, used 843K [0x00000000c2600000, 0x00000000c3aa0000, 0x00000000d6e00000)
  eden space 16896K,   0% used [0x00000000c2600000, 0x00000000c2600000, 0x00000000c3680000)
  from space 2112K,  39% used [0x00000000c3890000, 0x00000000c3962c60, 0x00000000c3aa0000)
  to   space 2112K,   0% used [0x00000000c3680000, 0x00000000c3680000, 0x00000000c3890000)
 concurrent mark-sweep generation total 76848K, used 44428K [0x00000000d6e00000, 0x00000000db90c000, 0x0000000100000000)
 Metaspace       used 61727K, capacity 64398K, committed 64456K, reserved 1105920K
  class space    used 7853K, capacity 8377K, committed 8396K, reserved 1048576K
}
2022-08-07T09:30:07.128+0000: 22.942: Application time: 0.0468356 seconds
{Heap before GC invocations=263 (full 24):
 par new generation   total 19008K, used 17739K [0x00000000c2600000, 0x00000000c3aa0000, 0x00000000d6e00000)
  eden space 16896K, 100% used [0x00000000c2600000, 0x00000000c3680000, 0x00000000c3680000)
  from space 2112K,  39% used [0x00000000c3890000, 0x00000000c3962c60, 0x00000000c3aa0000)
  to   space 2112K,   0% used [0x00000000c3680000, 0x00000000c3680000, 0x00000000c3890000)
 concurrent mark-sweep generation total 76848K, used 44428K [0x00000000d6e00000, 0x00000000db90c000, 0x0000000100000000)
 Metaspace       used 61746K, capacity 64398K, committed 64456K, reserved 1105920K
  class space    used 7855K, capacity 8377K, committed 8396K, reserved 1048576K
2022-08-07T09:30:07.129+0000: 22.943: [GC (Allocation Failure) 2022-08-07T09:30:07.129+0000: 22.944: [ParNew: 17739K->937K(19008K), 0.0061754 secs] 62167K->45365K(95856K), 0.0070054 secs] [Times: user=0.02 sys=0.01, real=0.01 secs] 
Heap after GC invocations=264 (full 24):
 par new generation   total 19008K, used 937K [0x00000000c2600000, 0x00000000c3aa0000, 0x00000000d6e00000)
  eden space 16896K,   0% used [0x00000000c2600000, 0x00000000c2600000, 0x00000000c3680000)
  from space 2112K,  44% used [0x00000000c3680000, 0x00000000c376a650, 0x00000000c3890000)
  to   space 2112K,   0% used [0x00000000c3890000, 0x00000000c3890000, 0x00000000c3aa0000)
 concurrent mark-sweep generation total 76848K, used 44428K [0x00000000d6e00000, 0x00000000db90c000, 0x0000000100000000)
 Metaspace       used 61746K, capacity 64398K, committed 64456K, reserved 1105920K
  class space    used 7855K, capacity 8377K, committed 8396K, reserved 1048576K
}
2022-08-07T09:30:07.198+0000: 23.012: Application time: 0.0605957 seconds
{Heap before GC invocations=264 (full 24):
 par new generation   total 19008K, used 17833K [0x00000000c2600000, 0x00000000c3aa0000, 0x00000000d6e00000)
  eden space 16896K, 100% used [0x00000000c2600000, 0x00000000c3680000, 0x00000000c3680000)
  from space 2112K,  44% used [0x00000000c3680000, 0x00000000c376a650, 0x00000000c3890000)
  to   space 2112K,   0% used [0x00000000c3890000, 0x00000000c3890000, 0x00000000c3aa0000)
 concurrent mark-sweep generation total 76848K, used 44428K [0x00000000d6e00000, 0x00000000db90c000, 0x0000000100000000)
 Metaspace       used 61747K, capacity 64398K, committed 64456K, reserved 1105920K
  class space    used 7855K, capacity 8377K, committed 8396K, reserved 1048576K
2022-08-07T09:30:07.199+0000: 23.013: [GC (Allocation Failure) 2022-08-07T09:30:07.200+0000: 23.014: [ParNew: 17833K->1433K(19008K), 0.0070953 secs] 62261K->45861K(95856K), 0.0081795 secs] [Times: user=0.02 sys=0.00, real=0.01 secs] 
Heap after GC invocations=265 (full 24):
 par new generation   total 19008K, used 1433K [0x00000000c2600000, 0x00000000c3aa0000, 0x00000000d6e00000)
  eden space 16896K,   0% used [0x00000000c2600000, 0x00000000c2600000, 0x00000000c3680000)
  from space 2112K,  67% used [0x00000000c3890000, 0x00000000c39f6458, 0x00000000c3aa0000)
  to   space 2112K,   0% used [0x00000000c3680000, 0x00000000c3680000, 0x00000000c3890000)
 concurrent mark-sweep generation total 76848K, used 44428K [0x00000000d6e00000, 0x00000000db90c000, 0x0000000100000000)
 Metaspace       used 61747K, capacity 64398K, committed 64456K, reserved 1105920K
  class space    used 7855K, capacity 8377K, committed 8396K, reserved 1048576K
}
2022-08-07T09:30:07.263+0000: 23.077: Application time: 0.0549161 seconds
{Heap before GC invocations=265 (full 24):
 par new generation   total 19008K, used 18329K [0x00000000c2600000, 0x00000000c3aa0000, 0x00000000d6e00000)
  eden space 16896K, 100% used [0x00000000c2600000, 0x00000000c3680000, 0x00000000c3680000)
  from space 2112K,  67% used [0x00000000c3890000, 0x00000000c39f6458, 0x00000000c3aa0000)
  to   space 2112K,   0% used [0x00000000c3680000, 0x00000000c3680000, 0x00000000c3890000)
 concurrent mark-sweep generation total 76848K, used 44428K [0x00000000d6e00000, 0x00000000db90c000, 0x0000000100000000)
 Metaspace       used 61832K, capacity 64462K, committed 64712K, reserved 1105920K
  class space    used 7859K, capacity 8377K, committed 8396K, reserved 1048576K
2022-08-07T09:30:07.264+0000: 23.078: [GC (Allocation Failure) 2022-08-07T09:30:07.264+0000: 23.078: [ParNew: 18329K->1703K(19008K), 0.0058348 secs] 62757K->46131K(95856K), 0.0075901 secs] [Times: user=0.02 sys=0.00, real=0.00 secs] 
Heap after GC invocations=266 (full 24):
 par new generation   total 19008K, used 1703K [0x00000000c2600000, 0x00000000c3aa0000, 0x00000000d6e00000)
  eden space 16896K,   0% used [0x00000000c2600000, 0x00000000c2600000, 0x00000000c3680000)
  from space 2112K,  80% used [0x00000000c3680000, 0x00000000c3829d40, 0x00000000c3890000)
  to   space 2112K,   0% used [0x00000000c3890000, 0x00000000c3890000, 0x00000000c3aa0000)
 concurrent mark-sweep generation total 76848K, used 44428K [0x00000000d6e00000, 0x00000000db90c000, 0x0000000100000000)
 Metaspace       used 61832K, capacity 64462K, committed 64712K, reserved 1105920K
  class space    used 7859K, capacity 8377K, committed 8396K, reserved 1048576K
}
2022-08-07T09:30:07.331+0000: 23.146: Application time: 0.0594947 seconds
{Heap before GC invocations=266 (full 24):
 par new generation   total 19008K, used 18599K [0x00000000c2600000, 0x00000000c3aa0000, 0x00000000d6e00000)
  eden space 16896K, 100% used [0x00000000c2600000, 0x00000000c3680000, 0x00000000c3680000)
  from space 2112K,  80% used [0x00000000c3680000, 0x00000000c3829d40, 0x00000000c3890000)
  to   space 2112K,   0% used [0x00000000c3890000, 0x00000000c3890000, 0x00000000c3aa0000)
 concurrent mark-sweep generation total 76848K, used 44428K [0x00000000d6e00000, 0x00000000db90c000, 0x0000000100000000)
 Metaspace       used 61861K, capacity 64470K, committed 64712K, reserved 1105920K
  class space    used 7862K, capacity 8377K, committed 8396K, reserved 1048576K
2022-08-07T09:30:07.333+0000: 23.147: [GC (Allocation Failure) 2022-08-07T09:30:07.333+0000: 23.148: [ParNew: 18599K->1823K(19008K), 0.0058330 secs] 63027K->46697K(95856K), 0.0067254 secs] [Times: user=0.03 sys=0.00, real=0.01 secs] 
Heap after GC invocations=267 (full 24):
 par new generation   total 19008K, used 1823K [0x00000000c2600000, 0x00000000c3aa0000, 0x00000000d6e00000)
  eden space 16896K,   0% used [0x00000000c2600000, 0x00000000c2600000, 0x00000000c3680000)
  from space 2112K,  86% used [0x00000000c3890000, 0x00000000c3a57d20, 0x00000000c3aa0000)
  to   space 2112K,   0% used [0x00000000c3680000, 0x00000000c3680000, 0x00000000c3890000)
 concurrent mark-sweep generation total 76848K, used 44873K [0x00000000d6e00000, 0x00000000db90c000, 0x0000000100000000)
 Metaspace       used 61861K, capacity 64470K, committed 64712K, reserved 1105920K
  class space    used 7862K, capacity 8377K, committed 8396K, reserved 1048576K
}
2022-08-07T09:30:07.367+0000: 23.181: Application time: 0.0266190 seconds
2022-08-07T09:30:07.424+0000: 23.239: Application time: 0.0556273 seconds
{Heap before GC invocations=267 (full 24):
 par new generation   total 19008K, used 18719K [0x00000000c2600000, 0x00000000c3aa0000, 0x00000000d6e00000)
  eden space 16896K, 100% used [0x00000000c2600000, 0x00000000c3680000, 0x00000000c3680000)
  from space 2112K,  86% used [0x00000000c3890000, 0x00000000c3a57d20, 0x00000000c3aa0000)
  to   space 2112K,   0% used [0x00000000c3680000, 0x00000000c3680000, 0x00000000c3890000)
 concurrent mark-sweep generation total 76848K, used 44873K [0x00000000d6e00000, 0x00000000db90c000, 0x0000000100000000)
 Metaspace       used 61922K, capacity 64534K, committed 64712K, reserved 1105920K
  class space    used 7870K, capacity 8377K, committed 8396K, reserved 1048576K
2022-08-07T09:30:07.425+0000: 23.240: [GC (Allocation Failure) 2022-08-07T09:30:07.426+0000: 23.240: [ParNew: 18719K->1459K(19008K), 0.0052780 secs] 63593K->46333K(95856K), 0.0060620 secs] [Times: user=0.02 sys=0.01, real=0.00 secs] 
Heap after GC invocations=268 (full 24):
 par new generation   total 19008K, used 1459K [0x00000000c2600000, 0x00000000c3aa0000, 0x00000000d6e00000)
  eden space 16896K,   0% used [0x00000000c2600000, 0x00000000c2600000, 0x00000000c3680000)
  from space 2112K,  69% used [0x00000000c3680000, 0x00000000c37ecff0, 0x00000000c3890000)
  to   space 2112K,   0% used [0x00000000c3890000, 0x00000000c3890000, 0x00000000c3aa0000)
 concurrent mark-sweep generation total 76848K, used 44873K [0x00000000d6e00000, 0x00000000db90c000, 0x0000000100000000)
 Metaspace       used 61922K, capacity 64534K, committed 64712K, reserved 1105920K
  class space    used 7870K, capacity 8377K, committed 8396K, reserved 1048576K
}
2022-08-07T09:30:07.578+0000: 23.393: Application time: 0.1459732 seconds
{Heap before GC invocations=268 (full 24):
 par new generation   total 19008K, used 18355K [0x00000000c2600000, 0x00000000c3aa0000, 0x00000000d6e00000)
  eden space 16896K, 100% used [0x00000000c2600000, 0x00000000c3680000, 0x00000000c3680000)
  from space 2112K,  69% used [0x00000000c3680000, 0x00000000c37ecff0, 0x00000000c3890000)
  to   space 2112K,   0% used [0x00000000c3890000, 0x00000000c3890000, 0x00000000c3aa0000)
 concurrent mark-sweep generation total 76848K, used 44873K [0x00000000d6e00000, 0x00000000db90c000, 0x0000000100000000)
 Metaspace       used 62516K, capacity 65142K, committed 65352K, reserved 1105920K
  class space    used 7964K, capacity 8473K, committed 8524K, reserved 1048576K
2022-08-07T09:30:07.583+0000: 23.397: [GC (Allocation Failure) 2022-08-07T09:30:07.584+0000: 23.398: [ParNew: 18355K->1733K(19008K), 0.0057897 secs] 63229K->47036K(95856K), 0.0073206 secs] [Times: user=0.03 sys=0.00, real=0.01 secs] 
Heap after GC invocations=269 (full 24):
 par new generation   total 19008K, used 1733K [0x00000000c2600000, 0x00000000c3aa0000, 0x00000000d6e00000)
  eden space 16896K,   0% used [0x00000000c2600000, 0x00000000c2600000, 0x00000000c3680000)
  from space 2112K,  82% used [0x00000000c3890000, 0x00000000c3a41798, 0x00000000c3aa0000)
  to   space 2112K,   0% used [0x00000000c3680000, 0x00000000c3680000, 0x00000000c3890000)
 concurrent mark-sweep generation total 76848K, used 45302K [0x00000000d6e00000, 0x00000000db90c000, 0x0000000100000000)
 Metaspace       used 62516K, capacity 65142K, committed 65352K, reserved 1105920K
  class space    used 7964K, capacity 8473K, committed 8524K, reserved 1048576K
}
2022-08-07T09:30:07.681+0000: 23.495: Application time: 0.0899471 seconds
{Heap before GC invocations=269 (full 24):
 par new generation   total 19008K, used 18629K [0x00000000c2600000, 0x00000000c3aa0000, 0x00000000d6e00000)
  eden space 16896K, 100% used [0x00000000c2600000, 0x00000000c3680000, 0x00000000c3680000)
  from space 2112K,  82% used [0x00000000c3890000, 0x00000000c3a41798, 0x00000000c3aa0000)
  to   space 2112K,   0% used [0x00000000c3680000, 0x00000000c3680000, 0x00000000c3890000)
 concurrent mark-sweep generation total 76848K, used 45302K [0x00000000d6e00000, 0x00000000db90c000, 0x0000000100000000)
 Metaspace       used 62573K, capacity 65212K, committed 65352K, reserved 1105920K
  class space    used 7967K, capacity 8474K, committed 8524K, reserved 1048576K
2022-08-07T09:30:07.682+0000: 23.496: [GC (Allocation Failure) 2022-08-07T09:30:07.682+0000: 23.497: [ParNew: 18629K->1499K(19008K), 0.0089586 secs] 63932K->47450K(95856K), 0.0096329 secs] [Times: user=0.03 sys=0.01, real=0.01 secs] 
Heap after GC invocations=270 (full 24):
 par new generation   total 19008K, used 1499K [0x00000000c2600000, 0x00000000c3aa0000, 0x00000000d6e00000)
  eden space 16896K,   0% used [0x00000000c2600000, 0x00000000c2600000, 0x00000000c3680000)
  from space 2112K,  71% used [0x00000000c3680000, 0x00000000c37f6f08, 0x00000000c3890000)
  to   space 2112K,   0% used [0x00000000c3890000, 0x00000000c3890000, 0x00000000c3aa0000)
 concurrent mark-sweep generation total 76848K, used 45950K [0x00000000d6e00000, 0x00000000db90c000, 0x0000000100000000)
 Metaspace       used 62573K, capacity 65212K, committed 65352K, reserved 1105920K
  class space    used 7967K, capacity 8474K, committed 8524K, reserved 1048576K
}
2022-08-07T09:30:07.722+0000: 23.537: Application time: 0.0301073 seconds
2022-08-07T09:30:07.822+0000: 23.637: Application time: 0.0991516 seconds
{Heap before GC invocations=270 (full 24):
 par new generation   total 19008K, used 18395K [0x00000000c2600000, 0x00000000c3aa0000, 0x00000000d6e00000)
  eden space 16896K, 100% used [0x00000000c2600000, 0x00000000c3680000, 0x00000000c3680000)
  from space 2112K,  71% used [0x00000000c3680000, 0x00000000c37f6f08, 0x00000000c3890000)
  to   space 2112K,   0% used [0x00000000c3890000, 0x00000000c3890000, 0x00000000c3aa0000)
 concurrent mark-sweep generation total 76848K, used 45950K [0x00000000d6e00000, 0x00000000db90c000, 0x0000000100000000)
 Metaspace       used 62710K, capacity 65326K, committed 65352K, reserved 1105920K
  class space    used 7992K, capacity 8509K, committed 8524K, reserved 1048576K
2022-08-07T09:30:07.823+0000: 23.638: [GC (Allocation Failure) 2022-08-07T09:30:07.824+0000: 23.638: [ParNew: 18395K->1175K(19008K), 0.0070766 secs] 64346K->47126K(95856K), 0.0077038 secs] [Times: user=0.03 sys=0.01, real=0.00 secs] 
Heap after GC invocations=271 (full 24):
 par new generation   total 19008K, used 1175K [0x00000000c2600000, 0x00000000c3aa0000, 0x00000000d6e00000)
  eden space 16896K,   0% used [0x00000000c2600000, 0x00000000c2600000, 0x00000000c3680000)
  from space 2112K,  55% used [0x00000000c3890000, 0x00000000c39b5fd8, 0x00000000c3aa0000)
  to   space 2112K,   0% used [0x00000000c3680000, 0x00000000c3680000, 0x00000000c3890000)
 concurrent mark-sweep generation total 76848K, used 45950K [0x00000000d6e00000, 0x00000000db90c000, 0x0000000100000000)
 Metaspace       used 62710K, capacity 65326K, committed 65352K, reserved 1105920K
  class space    used 7992K, capacity 8509K, committed 8524K, reserved 1048576K
}
2022-08-07T09:30:08.025+0000: 23.839: Application time: 0.1930853 seconds
{Heap before GC invocations=271 (full 24):
 par new generation   total 19008K, used 18071K [0x00000000c2600000, 0x00000000c3aa0000, 0x00000000d6e00000)
  eden space 16896K, 100% used [0x00000000c2600000, 0x00000000c3680000, 0x00000000c3680000)
  from space 2112K,  55% used [0x00000000c3890000, 0x00000000c39b5fd8, 0x00000000c3aa0000)
  to   space 2112K,   0% used [0x00000000c3680000, 0x00000000c3680000, 0x00000000c3890000)
 concurrent mark-sweep generation total 76848K, used 45950K [0x00000000d6e00000, 0x00000000db90c000, 0x0000000100000000)
 Metaspace       used 63287K, capacity 66024K, committed 66248K, reserved 1107968K
  class space    used 8066K, capacity 8584K, committed 8652K, reserved 1048576K
2022-08-07T09:30:08.026+0000: 23.840: [GC (Allocation Failure) 2022-08-07T09:30:08.026+0000: 23.841: [ParNew: 18071K->1693K(19008K), 0.0050744 secs] 64022K->47644K(95856K), 0.0056466 secs] [Times: user=0.02 sys=0.00, real=0.00 secs] 
Heap after GC invocations=272 (full 24):
 par new generation   total 19008K, used 1693K [0x00000000c2600000, 0x00000000c3aa0000, 0x00000000d6e00000)
  eden space 16896K,   0% used [0x00000000c2600000, 0x00000000c2600000, 0x00000000c3680000)
  from space 2112K,  80% used [0x00000000c3680000, 0x00000000c3827798, 0x00000000c3890000)
  to   space 2112K,   0% used [0x00000000c3890000, 0x00000000c3890000, 0x00000000c3aa0000)
 concurrent mark-sweep generation total 76848K, used 45950K [0x00000000d6e00000, 0x00000000db90c000, 0x0000000100000000)
 Metaspace       used 63287K, capacity 66024K, committed 66248K, reserved 1107968K
  class space    used 8066K, capacity 8584K, committed 8652K, reserved 1048576K
}
2022-08-07T09:30:08.214+0000: 24.029: Application time: 0.1821609 seconds
{Heap before GC invocations=272 (full 24):
 par new generation   total 19008K, used 18589K [0x00000000c2600000, 0x00000000c3aa0000, 0x00000000d6e00000)
  eden space 16896K, 100% used [0x00000000c2600000, 0x00000000c3680000, 0x00000000c3680000)
  from space 2112K,  80% used [0x00000000c3680000, 0x00000000c3827798, 0x00000000c3890000)
  to   space 2112K,   0% used [0x00000000c3890000, 0x00000000c3890000, 0x00000000c3aa0000)
 concurrent mark-sweep generation total 76848K, used 45950K [0x00000000d6e00000, 0x00000000db90c000, 0x0000000100000000)
 Metaspace       used 63462K, capacity 66204K, committed 66504K, reserved 1107968K
  class space    used 8087K, capacity 8620K, committed 8652K, reserved 1048576K
2022-08-07T09:30:08.215+0000: 24.030: [GC (Allocation Failure) 2022-08-07T09:30:08.215+0000: 24.030: [ParNew: 18589K->1550K(19008K), 0.0083319 secs] 64540K->48023K(95856K), 0.0089277 secs] [Times: user=0.03 sys=0.00, real=0.01 secs] 
Heap after GC invocations=273 (full 24):
 par new generation   total 19008K, used 1550K [0x00000000c2600000, 0x00000000c3aa0000, 0x00000000d6e00000)
  eden space 16896K,   0% used [0x00000000c2600000, 0x00000000c2600000, 0x00000000c3680000)
  from space 2112K,  73% used [0x00000000c3890000, 0x00000000c3a13810, 0x00000000c3aa0000)
  to   space 2112K,   0% used [0x00000000c3680000, 0x00000000c3680000, 0x00000000c3890000)
 concurrent mark-sweep generation total 76848K, used 46473K [0x00000000d6e00000, 0x00000000db90c000, 0x0000000100000000)
 Metaspace       used 63462K, capacity 66204K, committed 66504K, reserved 1107968K
  class space    used 8087K, capacity 8620K, committed 8652K, reserved 1048576K
}
2022-08-07T09:30:08.225+0000: 24.040: Application time: 0.0004836 seconds
2022-08-07T09:30:08.226+0000: 24.040: [GC (CMS Initial Mark) [1 CMS-initial-mark: 46473K(76848K)] 48046K(95856K), 0.0025152 secs] [Times: user=0.01 sys=0.00, real=0.00 secs] 
2022-08-07T09:30:08.229+0000: 24.043: [CMS-concurrent-mark-start]
2022-08-07T09:30:08.279+0000: 24.094: Application time: 0.0507477 seconds
{Heap before GC invocations=273 (full 25):
 par new generation   total 19008K, used 18446K [0x00000000c2600000, 0x00000000c3aa0000, 0x00000000d6e00000)
  eden space 16896K, 100% used [0x00000000c2600000, 0x00000000c3680000, 0x00000000c3680000)
  from space 2112K,  73% used [0x00000000c3890000, 0x00000000c3a13810, 0x00000000c3aa0000)
  to   space 2112K,   0% used [0x00000000c3680000, 0x00000000c3680000, 0x00000000c3890000)
 concurrent mark-sweep generation total 76848K, used 46473K [0x00000000d6e00000, 0x00000000db90c000, 0x0000000100000000)
 Metaspace       used 63482K, capacity 66204K, committed 66504K, reserved 1107968K
  class space    used 8090K, capacity 8620K, committed 8652K, reserved 1048576K
2022-08-07T09:30:08.280+0000: 24.094: [GC (Allocation Failure) 2022-08-07T09:30:08.280+0000: 24.095: [ParNew: 18446K->1261K(19008K), 0.0036678 secs] 64919K->47933K(95856K), 0.0043049 secs] [Times: user=0.01 sys=0.00, real=0.01 secs] 
Heap after GC invocations=274 (full 25):
 par new generation   total 19008K, used 1261K [0x00000000c2600000, 0x00000000c3aa0000, 0x00000000d6e00000)
  eden space 16896K,   0% used [0x00000000c2600000, 0x00000000c2600000, 0x00000000c3680000)
  from space 2112K,  59% used [0x00000000c3680000, 0x00000000c37bb648, 0x00000000c3890000)
  to   space 2112K,   0% used [0x00000000c3890000, 0x00000000c3890000, 0x00000000c3aa0000)
 concurrent mark-sweep generation total 76848K, used 46671K [0x00000000d6e00000, 0x00000000db90c000, 0x0000000100000000)
 Metaspace       used 63482K, capacity 66204K, committed 66504K, reserved 1107968K
  class space    used 8090K, capacity 8620K, committed 8652K, reserved 1048576K
}
2022-08-07T09:30:08.333+0000: 24.147: [CMS-concurrent-mark: 0.099/0.104 secs] [Times: user=0.31 sys=0.03, real=0.10 secs] 
2022-08-07T09:30:08.340+0000: 24.154: [CMS-concurrent-preclean-start]
2022-08-07T09:30:08.342+0000: 24.157: Application time: 0.0576613 seconds
{Heap before GC invocations=274 (full 25):
 par new generation   total 19008K, used 18157K [0x00000000c2600000, 0x00000000c3aa0000, 0x00000000d6e00000)
  eden space 16896K, 100% used [0x00000000c2600000, 0x00000000c3680000, 0x00000000c3680000)
  from space 2112K,  59% used [0x00000000c3680000, 0x00000000c37bb648, 0x00000000c3890000)
  to   space 2112K,   0% used [0x00000000c3890000, 0x00000000c3890000, 0x00000000c3aa0000)
 concurrent mark-sweep generation total 76848K, used 46671K [0x00000000d6e00000, 0x00000000db90c000, 0x0000000100000000)
 Metaspace       used 63515K, capacity 66282K, committed 66504K, reserved 1107968K
  class space    used 8093K, capacity 8621K, committed 8652K, reserved 1048576K
2022-08-07T09:30:08.343+0000: 24.157: [GC (Allocation Failure) 2022-08-07T09:30:08.343+0000: 24.157: [ParNew: 18157K->1289K(19008K), 0.0127209 secs] 64829K->47960K(95856K), 0.0134747 secs] [Times: user=0.03 sys=0.00, real=0.02 secs] 
Heap after GC invocations=275 (full 25):
 par new generation   total 19008K, used 1289K [0x00000000c2600000, 0x00000000c3aa0000, 0x00000000d6e00000)
  eden space 16896K,   0% used [0x00000000c2600000, 0x00000000c2600000, 0x00000000c3680000)
  from space 2112K,  61% used [0x00000000c3890000, 0x00000000c39d2508, 0x00000000c3aa0000)
  to   space 2112K,   0% used [0x00000000c3680000, 0x00000000c3680000, 0x00000000c3890000)
 concurrent mark-sweep generation total 76848K, used 46671K [0x00000000d6e00000, 0x00000000db90c000, 0x0000000100000000)
 Metaspace       used 63515K, capacity 66282K, committed 66504K, reserved 1107968K
  class space    used 8093K, capacity 8621K, committed 8652K, reserved 1048576K
}
2022-08-07T09:30:08.405+0000: 24.219: Application time: 0.0480602 seconds
{Heap before GC invocations=275 (full 25):
 par new generation   total 19008K, used 18185K [0x00000000c2600000, 0x00000000c3aa0000, 0x00000000d6e00000)
  eden space 16896K, 100% used [0x00000000c2600000, 0x00000000c3680000, 0x00000000c3680000)
  from space 2112K,  61% used [0x00000000c3890000, 0x00000000c39d2508, 0x00000000c3aa0000)
  to   space 2112K,   0% used [0x00000000c3680000, 0x00000000c3680000, 0x00000000c3890000)
 concurrent mark-sweep generation total 76848K, used 46671K [0x00000000d6e00000, 0x00000000db90c000, 0x0000000100000000)
 Metaspace       used 63524K, capacity 66282K, committed 66504K, reserved 1107968K
  class space    used 8094K, capacity 8621K, committed 8652K, reserved 1048576K
2022-08-07T09:30:08.406+0000: 24.221: [GC (Allocation Failure) 2022-08-07T09:30:08.406+0000: 24.221: [ParNew: 18185K->1602K(19008K), 0.0031273 secs] 64856K->48273K(95856K), 0.0036140 secs] [Times: user=0.01 sys=0.00, real=0.00 secs] 
Heap after GC invocations=276 (full 25):
 par new generation   total 19008K, used 1602K [0x00000000c2600000, 0x00000000c3aa0000, 0x00000000d6e00000)
  eden space 16896K,   0% used [0x00000000c2600000, 0x00000000c2600000, 0x00000000c3680000)
  from space 2112K,  75% used [0x00000000c3680000, 0x00000000c3810890, 0x00000000c3890000)
  to   space 2112K,   0% used [0x00000000c3890000, 0x00000000c3890000, 0x00000000c3aa0000)
 concurrent mark-sweep generation total 76848K, used 46671K [0x00000000d6e00000, 0x00000000db90c000, 0x0000000100000000)
 Metaspace       used 63524K, capacity 66282K, committed 66504K, reserved 1107968K
  class space    used 8094K, capacity 8621K, committed 8652K, reserved 1048576K
}
2022-08-07T09:30:08.411+0000: 24.225: [CMS-concurrent-preclean: 0.021/0.071 secs] [Times: user=0.16 sys=0.05, real=0.07 secs] 
2022-08-07T09:30:08.412+0000: 24.227: Application time: 0.0019107 seconds
2022-08-07T09:30:08.412+0000: 24.227: [GC (CMS Final Remark) [YG occupancy: 2975 K (19008 K)]2022-08-07T09:30:08.413+0000: 24.227: [Rescan (parallel) , 0.0028353 secs]2022-08-07T09:30:08.416+0000: 24.230: [weak refs processing, 0.0007724 secs]2022-08-07T09:30:08.417+0000: 24.231: [class unloading, 0.0134302 secs]2022-08-07T09:30:08.431+0000: 24.245: [scrub symbol table, 0.0121774 secs]2022-08-07T09:30:08.443+0000: 24.258: [scrub string table, 0.0011738 secs][1 CMS-remark: 46671K(76848K)] 49647K(95856K), 0.0369636 secs] [Times: user=0.06 sys=0.00, real=0.04 secs] 
2022-08-07T09:30:08.450+0000: 24.265: [CMS-concurrent-sweep-start]
2022-08-07T09:30:08.473+0000: 24.287: [CMS-concurrent-sweep: 0.022/0.022 secs] [Times: user=0.08 sys=0.01, real=0.02 secs] 
2022-08-07T09:30:08.473+0000: 24.288: [CMS-concurrent-reset-start]
2022-08-07T09:30:08.477+0000: 24.291: [CMS-concurrent-reset: 0.004/0.004 secs] [Times: user=0.01 sys=0.00, real=0.00 secs] 
2022-08-07T09:30:08.486+0000: 24.301: Application time: 0.0364370 seconds
{Heap before GC invocations=276 (full 25):
 par new generation   total 19008K, used 18498K [0x00000000c2600000, 0x00000000c3aa0000, 0x00000000d6e00000)
  eden space 16896K, 100% used [0x00000000c2600000, 0x00000000c3680000, 0x00000000c3680000)
  from space 2112K,  75% used [0x00000000c3680000, 0x00000000c3810890, 0x00000000c3890000)
  to   space 2112K,   0% used [0x00000000c3890000, 0x00000000c3890000, 0x00000000c3aa0000)
 concurrent mark-sweep generation total 76848K, used 45804K [0x00000000d6e00000, 0x00000000db90c000, 0x0000000100000000)
 Metaspace       used 63477K, capacity 66200K, committed 66504K, reserved 1107968K
  class space    used 8088K, capacity 8606K, committed 8652K, reserved 1048576K
2022-08-07T09:30:08.487+0000: 24.301: [GC (Allocation Failure) 2022-08-07T09:30:08.487+0000: 24.302: [ParNew: 18498K->1316K(19008K), 0.0030563 secs] 64303K->47121K(95856K), 0.0036564 secs] [Times: user=0.01 sys=0.00, real=0.00 secs] 
Heap after GC invocations=277 (full 25):
 par new generation   total 19008K, used 1316K [0x00000000c2600000, 0x00000000c3aa0000, 0x00000000d6e00000)
  eden space 16896K,   0% used [0x00000000c2600000, 0x00000000c2600000, 0x00000000c3680000)
  from space 2112K,  62% used [0x00000000c3890000, 0x00000000c39d91e8, 0x00000000c3aa0000)
  to   space 2112K,   0% used [0x00000000c3680000, 0x00000000c3680000, 0x00000000c3890000)
 concurrent mark-sweep generation total 76848K, used 45804K [0x00000000d6e00000, 0x00000000db90c000, 0x0000000100000000)
 Metaspace       used 63477K, capacity 66200K, committed 66504K, reserved 1107968K
  class space    used 8088K, capacity 8606K, committed 8652K, reserved 1048576K
}
2022-08-07T09:30:08.535+0000: 24.349: Application time: 0.0441573 seconds
{Heap before GC invocations=277 (full 25):
 par new generation   total 19008K, used 18212K [0x00000000c2600000, 0x00000000c3aa0000, 0x00000000d6e00000)
  eden space 16896K, 100% used [0x00000000c2600000, 0x00000000c3680000, 0x00000000c3680000)
  from space 2112K,  62% used [0x00000000c3890000, 0x00000000c39d91e8, 0x00000000c3aa0000)
  to   space 2112K,   0% used [0x00000000c3680000, 0x00000000c3680000, 0x00000000c3890000)
 concurrent mark-sweep generation total 76848K, used 45804K [0x00000000d6e00000, 0x00000000db90c000, 0x0000000100000000)
 Metaspace       used 63486K, capacity 66200K, committed 66504K, reserved 1107968K
  class space    used 8092K, capacity 8606K, committed 8652K, reserved 1048576K
2022-08-07T09:30:08.537+0000: 24.351: [GC (Allocation Failure) 2022-08-07T09:30:08.537+0000: 24.352: [ParNew: 18212K->1343K(19008K), 0.0108782 secs] 64017K->47148K(95856K), 0.0115479 secs] [Times: user=0.02 sys=0.00, real=0.01 secs] 
Heap after GC invocations=278 (full 25):
 par new generation   total 19008K, used 1343K [0x00000000c2600000, 0x00000000c3aa0000, 0x00000000d6e00000)
  eden space 16896K,   0% used [0x00000000c2600000, 0x00000000c2600000, 0x00000000c3680000)
  from space 2112K,  63% used [0x00000000c3680000, 0x00000000c37cfe18, 0x00000000c3890000)
  to   space 2112K,   0% used [0x00000000c3890000, 0x00000000c3890000, 0x00000000c3aa0000)
 concurrent mark-sweep generation total 76848K, used 45804K [0x00000000d6e00000, 0x00000000db90c000, 0x0000000100000000)
 Metaspace       used 63486K, capacity 66200K, committed 66504K, reserved 1107968K
  class space    used 8092K, capacity 8606K, committed 8652K, reserved 1048576K
}
2022-08-07T09:30:08.604+0000: 24.419: Application time: 0.0551554 seconds
{Heap before GC invocations=278 (full 25):
 par new generation   total 19008K, used 18239K [0x00000000c2600000, 0x00000000c3aa0000, 0x00000000d6e00000)
  eden space 16896K, 100% used [0x00000000c2600000, 0x00000000c3680000, 0x00000000c3680000)
  from space 2112K,  63% used [0x00000000c3680000, 0x00000000c37cfe18, 0x00000000c3890000)
  to   space 2112K,   0% used [0x00000000c3890000, 0x00000000c3890000, 0x00000000c3aa0000)
 concurrent mark-sweep generation total 76848K, used 45804K [0x00000000d6e00000, 0x00000000db90c000, 0x0000000100000000)
 Metaspace       used 63517K, capacity 66200K, committed 66504K, reserved 1107968K
  class space    used 8101K, capacity 8606K, committed 8652K, reserved 1048576K
2022-08-07T09:30:08.605+0000: 24.419: [GC (Allocation Failure) 2022-08-07T09:30:08.605+0000: 24.420: [ParNew: 18239K->1630K(19008K), 0.0038219 secs] 64044K->47650K(95856K), 0.0045280 secs] [Times: user=0.01 sys=0.00, real=0.00 secs] 
Heap after GC invocations=279 (full 25):
 par new generation   total 19008K, used 1630K [0x00000000c2600000, 0x00000000c3aa0000, 0x00000000d6e00000)
  eden space 16896K,   0% used [0x00000000c2600000, 0x00000000c2600000, 0x00000000c3680000)
  from space 2112K,  77% used [0x00000000c3890000, 0x00000000c3a27bd0, 0x00000000c3aa0000)
  to   space 2112K,   0% used [0x00000000c3680000, 0x00000000c3680000, 0x00000000c3890000)
 concurrent mark-sweep generation total 76848K, used 46019K [0x00000000d6e00000, 0x00000000db90c000, 0x0000000100000000)
 Metaspace       used 63517K, capacity 66200K, committed 66504K, reserved 1107968K
  class space    used 8101K, capacity 8606K, committed 8652K, reserved 1048576K
}
2022-08-07T09:30:08.662+0000: 24.477: Application time: 0.0521762 seconds
{Heap before GC invocations=279 (full 25):
 par new generation   total 19008K, used 18526K [0x00000000c2600000, 0x00000000c3aa0000, 0x00000000d6e00000)
  eden space 16896K, 100% used [0x00000000c2600000, 0x00000000c3680000, 0x00000000c3680000)
  from space 2112K,  77% used [0x00000000c3890000, 0x00000000c3a27bd0, 0x00000000c3aa0000)
  to   space 2112K,   0% used [0x00000000c3680000, 0x00000000c3680000, 0x00000000c3890000)
 concurrent mark-sweep generation total 76848K, used 46019K [0x00000000d6e00000, 0x00000000db90c000, 0x0000000100000000)
 Metaspace       used 63531K, capacity 66204K, committed 66504K, reserved 1107968K
  class space    used 8104K, capacity 8608K, committed 8652K, reserved 1048576K
2022-08-07T09:30:08.663+0000: 24.478: [GC (Allocation Failure) 2022-08-07T09:30:08.663+0000: 24.478: [ParNew: 18526K->1043K(19008K), 0.0038584 secs] 64546K->47472K(95856K), 0.0044467 secs] [Times: user=0.02 sys=0.00, real=0.00 secs] 
Heap after GC invocations=280 (full 25):
 par new generation   total 19008K, used 1043K [0x00000000c2600000, 0x00000000c3aa0000, 0x00000000d6e00000)
  eden space 16896K,   0% used [0x00000000c2600000, 0x00000000c2600000, 0x00000000c3680000)
  from space 2112K,  49% used [0x00000000c3680000, 0x00000000c3784e90, 0x00000000c3890000)
  to   space 2112K,   0% used [0x00000000c3890000, 0x00000000c3890000, 0x00000000c3aa0000)
 concurrent mark-sweep generation total 76848K, used 46428K [0x00000000d6e00000, 0x00000000db90c000, 0x0000000100000000)
 Metaspace       used 63531K, capacity 66204K, committed 66504K, reserved 1107968K
  class space    used 8104K, capacity 8608K, committed 8652K, reserved 1048576K
}
2022-08-07T09:30:08.668+0000: 24.483: Application time: 0.0003462 seconds
2022-08-07T09:30:08.669+0000: 24.484: [GC (CMS Initial Mark) [1 CMS-initial-mark: 46428K(76848K)] 47834K(95856K), 0.0019760 secs] [Times: user=0.01 sys=0.00, real=0.00 secs] 
2022-08-07T09:30:08.672+0000: 24.486: [CMS-concurrent-mark-start]
2022-08-07T09:30:08.798+0000: 24.612: [CMS-concurrent-mark: 0.126/0.126 secs] [Times: user=0.32 sys=0.10, real=0.13 secs] 
2022-08-07T09:30:08.798+0000: 24.613: [CMS-concurrent-preclean-start]
2022-08-07T09:30:08.808+0000: 24.623: [CMS-concurrent-preclean: 0.006/0.010 secs] [Times: user=0.03 sys=0.00, real=0.01 secs] 
2022-08-07T09:30:08.809+0000: 24.624: [CMS-concurrent-abortable-preclean-start]
2022-08-07T09:30:08.810+0000: 24.624: Application time: 0.1383799 seconds
{Heap before GC invocations=280 (full 26):
 par new generation   total 19008K, used 17939K [0x00000000c2600000, 0x00000000c3aa0000, 0x00000000d6e00000)
  eden space 16896K, 100% used [0x00000000c2600000, 0x00000000c3680000, 0x00000000c3680000)
  from space 2112K,  49% used [0x00000000c3680000, 0x00000000c3784e90, 0x00000000c3890000)
  to   space 2112K,   0% used [0x00000000c3890000, 0x00000000c3890000, 0x00000000c3aa0000)
 concurrent mark-sweep generation total 76848K, used 46428K [0x00000000d6e00000, 0x00000000db90c000, 0x0000000100000000)
 Metaspace       used 63539K, capacity 66204K, committed 66504K, reserved 1107968K
  class space    used 8106K, capacity 8608K, committed 8652K, reserved 1048576K
2022-08-07T09:30:08.810+0000: 24.625: [GC (Allocation Failure) 2022-08-07T09:30:08.811+0000: 24.626: [ParNew: 17939K->1247K(19008K), 0.0112987 secs] 64368K->47676K(95856K), 0.0133179 secs] [Times: user=0.02 sys=0.00, real=0.02 secs] 
Heap after GC invocations=281 (full 26):
 par new generation   total 19008K, used 1247K [0x00000000c2600000, 0x00000000c3aa0000, 0x00000000d6e00000)
  eden space 16896K,   0% used [0x00000000c2600000, 0x00000000c2600000, 0x00000000c3680000)
  from space 2112K,  59% used [0x00000000c3890000, 0x00000000c39c7eb8, 0x00000000c3aa0000)
  to   space 2112K,   0% used [0x00000000c3680000, 0x00000000c3680000, 0x00000000c3890000)
 concurrent mark-sweep generation total 76848K, used 46428K [0x00000000d6e00000, 0x00000000db90c000, 0x0000000100000000)
 Metaspace       used 63539K, capacity 66204K, committed 66504K, reserved 1107968K
  class space    used 8106K, capacity 8608K, committed 8652K, reserved 1048576K
}
2022-08-07T09:30:08.896+0000: 24.711: [CMS-concurrent-abortable-preclean: 0.048/0.087 secs] [Times: user=0.14 sys=0.07, real=0.09 secs] 
2022-08-07T09:30:08.911+0000: 24.725: Application time: 0.0858108 seconds
2022-08-07T09:30:08.912+0000: 24.726: [GC (CMS Final Remark) [YG occupancy: 17803 K (19008 K)]2022-08-07T09:30:08.913+0000: 24.728: [Rescan (parallel) , 0.0047638 secs]2022-08-07T09:30:08.918+0000: 24.733: [weak refs processing, 0.0004050 secs]2022-08-07T09:30:08.919+0000: 24.733: [class unloading, 0.0100681 secs]2022-08-07T09:30:08.929+0000: 24.744: [scrub symbol table, 0.0156352 secs]2022-08-07T09:30:08.945+0000: 24.760: [scrub string table, 0.0011806 secs][1 CMS-remark: 46428K(76848K)] 64232K(95856K), 0.0353030 secs] [Times: user=0.07 sys=0.00, real=0.04 secs] 
2022-08-07T09:30:08.951+0000: 24.766: Application time: 0.0035086 seconds
2022-08-07T09:30:08.951+0000: 24.766: [CMS-concurrent-sweep-start]
{Heap before GC invocations=281 (full 26):
 par new generation   total 19008K, used 18143K [0x00000000c2600000, 0x00000000c3aa0000, 0x00000000d6e00000)
  eden space 16896K, 100% used [0x00000000c2600000, 0x00000000c3680000, 0x00000000c3680000)
  from space 2112K,  59% used [0x00000000c3890000, 0x00000000c39c7eb8, 0x00000000c3aa0000)
  to   space 2112K,   0% used [0x00000000c3680000, 0x00000000c3680000, 0x00000000c3890000)
 concurrent mark-sweep generation total 76848K, used 46428K [0x00000000d6e00000, 0x00000000db90c000, 0x0000000100000000)
 Metaspace       used 63568K, capacity 66280K, committed 66504K, reserved 1107968K
  class space    used 8110K, capacity 8610K, committed 8652K, reserved 1048576K
2022-08-07T09:30:08.952+0000: 24.766: [GC (Allocation Failure) 2022-08-07T09:30:08.952+0000: 24.766: [ParNew: 18143K->1252K(19008K), 0.0035243 secs] 64572K->47681K(95856K), 0.0040948 secs] [Times: user=0.01 sys=0.00, real=0.01 secs] 
Heap after GC invocations=282 (full 26):
 par new generation   total 19008K, used 1252K [0x00000000c2600000, 0x00000000c3aa0000, 0x00000000d6e00000)
  eden space 16896K,   0% used [0x00000000c2600000, 0x00000000c2600000, 0x00000000c3680000)
  from space 2112K,  59% used [0x00000000c3680000, 0x00000000c37b93f8, 0x00000000c3890000)
  to   space 2112K,   0% used [0x00000000c3890000, 0x00000000c3890000, 0x00000000c3aa0000)
 concurrent mark-sweep generation total 76848K, used 46428K [0x00000000d6e00000, 0x00000000db90c000, 0x0000000100000000)
 Metaspace       used 63568K, capacity 66280K, committed 66504K, reserved 1107968K
  class space    used 8110K, capacity 8610K, committed 8652K, reserved 1048576K
}
2022-08-07T09:30:08.978+0000: 24.793: [CMS-concurrent-sweep: 0.027/0.027 secs] [Times: user=0.09 sys=0.00, real=0.03 secs] 
2022-08-07T09:30:08.979+0000: 24.794: [CMS-concurrent-reset-start]
2022-08-07T09:30:08.980+0000: 24.795: [CMS-concurrent-reset: 0.001/0.001 secs] [Times: user=0.00 sys=0.00, real=0.00 secs] 
2022-08-07T09:30:09.000+0000: 24.814: Application time: 0.0433246 seconds
{Heap before GC invocations=282 (full 26):
 par new generation   total 19008K, used 18148K [0x00000000c2600000, 0x00000000c3aa0000, 0x00000000d6e00000)
  eden space 16896K, 100% used [0x00000000c2600000, 0x00000000c3680000, 0x00000000c3680000)
  from space 2112K,  59% used [0x00000000c3680000, 0x00000000c37b93f8, 0x00000000c3890000)
  to   space 2112K,   0% used [0x00000000c3890000, 0x00000000c3890000, 0x00000000c3aa0000)
 concurrent mark-sweep generation total 77264K, used 46356K [0x00000000d6e00000, 0x00000000db974000, 0x0000000100000000)
 Metaspace       used 63579K, capacity 66280K, committed 66504K, reserved 1107968K
  class space    used 8111K, capacity 8610K, committed 8652K, reserved 1048576K
2022-08-07T09:30:09.000+0000: 24.814: [GC (Allocation Failure) 2022-08-07T09:30:09.001+0000: 24.815: [ParNew: 18148K->1541K(19008K), 0.0032600 secs] 64505K->47974K(96272K), 0.0042229 secs] [Times: user=0.02 sys=0.00, real=0.01 secs] 
Heap after GC invocations=283 (full 26):
 par new generation   total 19008K, used 1541K [0x00000000c2600000, 0x00000000c3aa0000, 0x00000000d6e00000)
  eden space 16896K,   0% used [0x00000000c2600000, 0x00000000c2600000, 0x00000000c3680000)
  from space 2112K,  72% used [0x00000000c3890000, 0x00000000c3a11498, 0x00000000c3aa0000)
  to   space 2112K,   0% used [0x00000000c3680000, 0x00000000c3680000, 0x00000000c3890000)
 concurrent mark-sweep generation total 77264K, used 46433K [0x00000000d6e00000, 0x00000000db974000, 0x0000000100000000)
 Metaspace       used 63579K, capacity 66280K, committed 66504K, reserved 1107968K
  class space    used 8111K, capacity 8610K, committed 8652K, reserved 1048576K
}
2022-08-07T09:30:09.006+0000: 24.820: Application time: 0.0005810 seconds
2022-08-07T09:30:09.006+0000: 24.820: [GC (CMS Initial Mark) [1 CMS-initial-mark: 46433K(77264K)] 48674K(96272K), 0.0023116 secs] [Times: user=0.00 sys=0.01, real=0.00 secs] 
2022-08-07T09:30:09.009+0000: 24.823: [CMS-concurrent-mark-start]
2022-08-07T09:30:09.124+0000: 24.939: Application time: 0.1154235 seconds
{Heap before GC invocations=283 (full 27):
 par new generation   total 19008K, used 18437K [0x00000000c2600000, 0x00000000c3aa0000, 0x00000000d6e00000)
  eden space 16896K, 100% used [0x00000000c2600000, 0x00000000c3680000, 0x00000000c3680000)
  from space 2112K,  72% used [0x00000000c3890000, 0x00000000c3a11498, 0x00000000c3aa0000)
  to   space 2112K,   0% used [0x00000000c3680000, 0x00000000c3680000, 0x00000000c3890000)
 concurrent mark-sweep generation total 77264K, used 46433K [0x00000000d6e00000, 0x00000000db974000, 0x0000000100000000)
 Metaspace       used 63611K, capacity 66312K, committed 66632K, reserved 1107968K
  class space    used 8116K, capacity 8642K, committed 8780K, reserved 1048576K
2022-08-07T09:30:09.125+0000: 24.940: [GC (Allocation Failure) 2022-08-07T09:30:09.126+0000: 24.940: [ParNew: 18437K->1414K(19008K), 0.0081470 secs] 64870K->47971K(96272K), 0.0092691 secs] [Times: user=0.01 sys=0.00, real=0.01 secs] 
Heap after GC invocations=284 (full 27):
 par new generation   total 19008K, used 1414K [0x00000000c2600000, 0x00000000c3aa0000, 0x00000000d6e00000)
  eden space 16896K,   0% used [0x00000000c2600000, 0x00000000c2600000, 0x00000000c3680000)
  from space 2112K,  66% used [0x00000000c3680000, 0x00000000c37e19d0, 0x00000000c3890000)
  to   space 2112K,   0% used [0x00000000c3890000, 0x00000000c3890000, 0x00000000c3aa0000)
 concurrent mark-sweep generation total 77264K, used 46557K [0x00000000d6e00000, 0x00000000db974000, 0x0000000100000000)
 Metaspace       used 63611K, capacity 66312K, committed 66632K, reserved 1107968K
  class space    used 8116K, capacity 8642K, committed 8780K, reserved 1048576K
}
2022-08-07T09:30:09.199+0000: 25.014: [CMS-concurrent-mark: 0.178/0.190 secs] [Times: user=0.44 sys=0.04, real=0.19 secs] 
2022-08-07T09:30:09.200+0000: 25.014: [CMS-concurrent-preclean-start]
2022-08-07T09:30:09.216+0000: 25.030: Application time: 0.0806626 seconds
{Heap before GC invocations=284 (full 27):
 par new generation   total 19008K, used 18310K [0x00000000c2600000, 0x00000000c3aa0000, 0x00000000d6e00000)
  eden space 16896K, 100% used [0x00000000c2600000, 0x00000000c3680000, 0x00000000c3680000)
  from space 2112K,  66% used [0x00000000c3680000, 0x00000000c37e19d0, 0x00000000c3890000)
  to   space 2112K,   0% used [0x00000000c3890000, 0x00000000c3890000, 0x00000000c3aa0000)
 concurrent mark-sweep generation total 77264K, used 46557K [0x00000000d6e00000, 0x00000000db974000, 0x0000000100000000)
 Metaspace       used 63655K, capacity 66376K, committed 66632K, reserved 1107968K
  class space    used 8122K, capacity 8642K, committed 8780K, reserved 1048576K
2022-08-07T09:30:09.216+0000: 25.031: [GC (Allocation Failure) 2022-08-07T09:30:09.217+0000: 25.031: [ParNew: 18310K->1149K(19008K), 0.0038753 secs] 64867K->47780K(96272K), 0.0047084 secs] [Times: user=0.01 sys=0.00, real=0.00 secs] 
Heap after GC invocations=285 (full 27):
 par new generation   total 19008K, used 1149K [0x00000000c2600000, 0x00000000c3aa0000, 0x00000000d6e00000)
  eden space 16896K,   0% used [0x00000000c2600000, 0x00000000c2600000, 0x00000000c3680000)
  from space 2112K,  54% used [0x00000000c3890000, 0x00000000c39af558, 0x00000000c3aa0000)
  to   space 2112K,   0% used [0x00000000c3680000, 0x00000000c3680000, 0x00000000c3890000)
 concurrent mark-sweep generation total 77264K, used 46631K [0x00000000d6e00000, 0x00000000db974000, 0x0000000100000000)
 Metaspace       used 63655K, capacity 66376K, committed 66632K, reserved 1107968K
  class space    used 8122K, capacity 8642K, committed 8780K, reserved 1048576K
}
2022-08-07T09:30:09.270+0000: 25.084: Application time: 0.0481675 seconds
{Heap before GC invocations=285 (full 27):
 par new generation   total 19008K, used 18045K [0x00000000c2600000, 0x00000000c3aa0000, 0x00000000d6e00000)
  eden space 16896K, 100% used [0x00000000c2600000, 0x00000000c3680000, 0x00000000c3680000)
  from space 2112K,  54% used [0x00000000c3890000, 0x00000000c39af558, 0x00000000c3aa0000)
  to   space 2112K,   0% used [0x00000000c3680000, 0x00000000c3680000, 0x00000000c3890000)
 concurrent mark-sweep generation total 77264K, used 46631K [0x00000000d6e00000, 0x00000000db974000, 0x0000000100000000)
 Metaspace       used 63686K, capacity 66386K, committed 66632K, reserved 1107968K
  class space    used 8127K, capacity 8645K, committed 8780K, reserved 1048576K
2022-08-07T09:30:09.271+0000: 25.085: [GC (Allocation Failure) 2022-08-07T09:30:09.271+0000: 25.086: [ParNew: 18045K->1573K(19008K), 0.0063789 secs] 64676K->48267K(96272K), 0.0072426 secs] [Times: user=0.01 sys=0.00, real=0.01 secs] 
Heap after GC invocations=286 (full 27):
 par new generation   total 19008K, used 1573K [0x00000000c2600000, 0x00000000c3aa0000, 0x00000000d6e00000)
  eden space 16896K,   0% used [0x00000000c2600000, 0x00000000c2600000, 0x00000000c3680000)
  from space 2112K,  74% used [0x00000000c3680000, 0x00000000c3809680, 0x00000000c3890000)
  to   space 2112K,   0% used [0x00000000c3890000, 0x00000000c3890000, 0x00000000c3aa0000)
 concurrent mark-sweep generation total 77264K, used 46693K [0x00000000d6e00000, 0x00000000db974000, 0x0000000100000000)
 Metaspace       used 63686K, capacity 66386K, committed 66632K, reserved 1107968K
  class space    used 8127K, capacity 8645K, committed 8780K, reserved 1048576K
}
2022-08-07T09:30:09.280+0000: 25.094: [CMS-concurrent-preclean: 0.037/0.080 secs] [Times: user=0.20 sys=0.08, real=0.08 secs] 
2022-08-07T09:30:09.281+0000: 25.095: Application time: 0.0019502 seconds
2022-08-07T09:30:09.281+0000: 25.096: [GC (CMS Final Remark) [YG occupancy: 2611 K (19008 K)]2022-08-07T09:30:09.282+0000: 25.096: [Rescan (parallel) , 0.0192371 secs]2022-08-07T09:30:09.301+0000: 25.116: [weak refs processing, 0.0004664 secs]2022-08-07T09:30:09.302+0000: 25.117: [class unloading, 0.0314157 secs]2022-08-07T09:30:09.334+0000: 25.149: [scrub symbol table, 0.0147618 secs]2022-08-07T09:30:09.350+0000: 25.164: [scrub string table, 0.0020264 secs][1 CMS-remark: 46693K(77264K)] 49305K(96272K), 0.0710989 secs] [Times: user=0.10 sys=0.00, real=0.07 secs] 
2022-08-07T09:30:09.353+0000: 25.168: [CMS-concurrent-sweep-start]
2022-08-07T09:30:09.377+0000: 25.191: [CMS-concurrent-sweep: 0.024/0.024 secs] [Times: user=0.08 sys=0.00, real=0.02 secs] 
2022-08-07T09:30:09.378+0000: 25.192: [CMS-concurrent-reset-start]
2022-08-07T09:30:09.379+0000: 25.193: [CMS-concurrent-reset: 0.001/0.001 secs] [Times: user=0.00 sys=0.00, real=0.00 secs] 
2022-08-07T09:30:09.401+0000: 25.215: Application time: 0.0479343 seconds
{Heap before GC invocations=286 (full 27):
 par new generation   total 19008K, used 18469K [0x00000000c2600000, 0x00000000c3aa0000, 0x00000000d6e00000)
  eden space 16896K, 100% used [0x00000000c2600000, 0x00000000c3680000, 0x00000000c3680000)
  from space 2112K,  74% used [0x00000000c3680000, 0x00000000c3809680, 0x00000000c3890000)
  to   space 2112K,   0% used [0x00000000c3890000, 0x00000000c3890000, 0x00000000c3aa0000)
 concurrent mark-sweep generation total 77752K, used 46649K [0x00000000d6e00000, 0x00000000db9ee000, 0x0000000100000000)
 Metaspace       used 63707K, capacity 66380K, committed 66632K, reserved 1107968K
  class space    used 8130K, capacity 8644K, committed 8780K, reserved 1048576K
2022-08-07T09:30:09.401+0000: 25.216: [GC (Allocation Failure) 2022-08-07T09:30:09.402+0000: 25.216: [ParNew: 18469K->1403K(19008K), 0.0031424 secs] 65118K->48130K(96760K), 0.0039236 secs] [Times: user=0.01 sys=0.00, real=0.01 secs] 
Heap after GC invocations=287 (full 27):
 par new generation   total 19008K, used 1403K [0x00000000c2600000, 0x00000000c3aa0000, 0x00000000d6e00000)
  eden space 16896K,   0% used [0x00000000c2600000, 0x00000000c2600000, 0x00000000c3680000)
  from space 2112K,  66% used [0x00000000c3890000, 0x00000000c39eef98, 0x00000000c3aa0000)
  to   space 2112K,   0% used [0x00000000c3680000, 0x00000000c3680000, 0x00000000c3890000)
 concurrent mark-sweep generation total 77752K, used 46726K [0x00000000d6e00000, 0x00000000db9ee000, 0x0000000100000000)
 Metaspace       used 63707K, capacity 66380K, committed 66632K, reserved 1107968K
  class space    used 8130K, capacity 8644K, committed 8780K, reserved 1048576K
}
2022-08-07T09:30:09.407+0000: 25.222: Application time: 0.0007106 seconds
2022-08-07T09:30:09.408+0000: 25.222: [GC (CMS Initial Mark) [1 CMS-initial-mark: 46726K(77752K)] 48829K(96760K), 0.0018365 secs] [Times: user=0.01 sys=0.00, real=0.00 secs] 
2022-08-07T09:30:09.410+0000: 25.225: [CMS-concurrent-mark-start]
2022-08-07T09:30:09.454+0000: 25.269: Application time: 0.0441311 seconds
{Heap before GC invocations=287 (full 28):
 par new generation   total 19008K, used 18299K [0x00000000c2600000, 0x00000000c3aa0000, 0x00000000d6e00000)
  eden space 16896K, 100% used [0x00000000c2600000, 0x00000000c3680000, 0x00000000c3680000)
  from space 2112K,  66% used [0x00000000c3890000, 0x00000000c39eef98, 0x00000000c3aa0000)
  to   space 2112K,   0% used [0x00000000c3680000, 0x00000000c3680000, 0x00000000c3890000)
 concurrent mark-sweep generation total 77752K, used 46726K [0x00000000d6e00000, 0x00000000db9ee000, 0x0000000100000000)
 Metaspace       used 63743K, capacity 66448K, committed 66888K, reserved 1107968K
  class space    used 8134K, capacity 8646K, committed 8780K, reserved 1048576K
2022-08-07T09:30:09.454+0000: 25.269: [GC (Allocation Failure) 2022-08-07T09:30:09.455+0000: 25.269: [ParNew: 18299K->1410K(19008K), 0.0036329 secs] 65026K->48260K(96760K), 0.0043845 secs] [Times: user=0.02 sys=0.00, real=0.00 secs] 
Heap after GC invocations=288 (full 28):
 par new generation   total 19008K, used 1410K [0x00000000c2600000, 0x00000000c3aa0000, 0x00000000d6e00000)
  eden space 16896K,   0% used [0x00000000c2600000, 0x00000000c2600000, 0x00000000c3680000)
  from space 2112K,  66% used [0x00000000c3680000, 0x00000000c37e08f0, 0x00000000c3890000)
  to   space 2112K,   0% used [0x00000000c3890000, 0x00000000c3890000, 0x00000000c3aa0000)
 concurrent mark-sweep generation total 77752K, used 46850K [0x00000000d6e00000, 0x00000000db9ee000, 0x0000000100000000)
 Metaspace       used 63743K, capacity 66448K, committed 66888K, reserved 1107968K
  class space    used 8134K, capacity 8646K, committed 8780K, reserved 1048576K
}
2022-08-07T09:30:09.501+0000: 25.316: Application time: 0.0421160 seconds
{Heap before GC invocations=288 (full 28):
 par new generation   total 19008K, used 18306K [0x00000000c2600000, 0x00000000c3aa0000, 0x00000000d6e00000)
  eden space 16896K, 100% used [0x00000000c2600000, 0x00000000c3680000, 0x00000000c3680000)
  from space 2112K,  66% used [0x00000000c3680000, 0x00000000c37e08f0, 0x00000000c3890000)
  to   space 2112K,   0% used [0x00000000c3890000, 0x00000000c3890000, 0x00000000c3aa0000)
 concurrent mark-sweep generation total 77752K, used 46850K [0x00000000d6e00000, 0x00000000db9ee000, 0x0000000100000000)
 Metaspace       used 63761K, capacity 66448K, committed 66888K, reserved 1107968K
  class space    used 8137K, capacity 8646K, committed 8780K, reserved 1048576K
2022-08-07T09:30:09.502+0000: 25.317: [GC (Allocation Failure) 2022-08-07T09:30:09.503+0000: 25.317: [ParNew: 18306K->1129K(19008K), 0.0030675 secs] 65156K->48100K(96760K), 0.0036653 secs] [Times: user=0.01 sys=0.00, real=0.01 secs] 
Heap after GC invocations=289 (full 28):
 par new generation   total 19008K, used 1129K [0x00000000c2600000, 0x00000000c3aa0000, 0x00000000d6e00000)
  eden space 16896K,   0% used [0x00000000c2600000, 0x00000000c2600000, 0x00000000c3680000)
  from space 2112K,  53% used [0x00000000c3890000, 0x00000000c39aa750, 0x00000000c3aa0000)
  to   space 2112K,   0% used [0x00000000c3680000, 0x00000000c3680000, 0x00000000c3890000)
 concurrent mark-sweep generation total 77752K, used 46970K [0x00000000d6e00000, 0x00000000db9ee000, 0x0000000100000000)
 Metaspace       used 63761K, capacity 66448K, committed 66888K, reserved 1107968K
  class space    used 8137K, capacity 8646K, committed 8780K, reserved 1048576K
}
2022-08-07T09:30:09.524+0000: 25.339: [CMS-concurrent-mark: 0.096/0.114 secs] [Times: user=0.38 sys=0.04, real=0.12 secs] 
2022-08-07T09:30:09.525+0000: 25.340: [CMS-concurrent-preclean-start]
2022-08-07T09:30:09.546+0000: 25.360: Application time: 0.0389060 seconds
{Heap before GC invocations=289 (full 28):
 par new generation   total 19008K, used 18025K [0x00000000c2600000, 0x00000000c3aa0000, 0x00000000d6e00000)
  eden space 16896K, 100% used [0x00000000c2600000, 0x00000000c3680000, 0x00000000c3680000)
  from space 2112K,  53% used [0x00000000c3890000, 0x00000000c39aa750, 0x00000000c3aa0000)
  to   space 2112K,   0% used [0x00000000c3680000, 0x00000000c3680000, 0x00000000c3890000)
 concurrent mark-sweep generation total 77752K, used 46970K [0x00000000d6e00000, 0x00000000db9ee000, 0x0000000100000000)
 Metaspace       used 63782K, capacity 66448K, committed 66888K, reserved 1107968K
  class space    used 8139K, capacity 8646K, committed 8780K, reserved 1048576K
2022-08-07T09:30:09.546+0000: 25.360: [GC (Allocation Failure) 2022-08-07T09:30:09.546+0000: 25.361: [ParNew: 18025K->1291K(19008K), 0.0030358 secs] 64996K->48342K(96760K), 0.0038878 secs] [Times: user=0.01 sys=0.00, real=0.00 secs] 
Heap after GC invocations=290 (full 28):
 par new generation   total 19008K, used 1291K [0x00000000c2600000, 0x00000000c3aa0000, 0x00000000d6e00000)
  eden space 16896K,   0% used [0x00000000c2600000, 0x00000000c2600000, 0x00000000c3680000)
  from space 2112K,  61% used [0x00000000c3680000, 0x00000000c37c2d18, 0x00000000c3890000)
  to   space 2112K,   0% used [0x00000000c3890000, 0x00000000c3890000, 0x00000000c3aa0000)
 concurrent mark-sweep generation total 77752K, used 47051K [0x00000000d6e00000, 0x00000000db9ee000, 0x0000000100000000)
 Metaspace       used 63782K, capacity 66448K, committed 66888K, reserved 1107968K
  class space    used 8139K, capacity 8646K, committed 8780K, reserved 1048576K
}
2022-08-07T09:30:09.590+0000: 25.404: [CMS-concurrent-preclean: 0.034/0.065 secs] [Times: user=0.18 sys=0.07, real=0.06 secs] 
2022-08-07T09:30:09.593+0000: 25.408: [CMS-concurrent-abortable-preclean-start]
2022-08-07T09:30:09.596+0000: 25.411: Application time: 0.0458871 seconds
{Heap before GC invocations=290 (full 28):
 par new generation   total 19008K, used 18187K [0x00000000c2600000, 0x00000000c3aa0000, 0x00000000d6e00000)
  eden space 16896K, 100% used [0x00000000c2600000, 0x00000000c3680000, 0x00000000c3680000)
  from space 2112K,  61% used [0x00000000c3680000, 0x00000000c37c2d18, 0x00000000c3890000)
  to   space 2112K,   0% used [0x00000000c3890000, 0x00000000c3890000, 0x00000000c3aa0000)
 concurrent mark-sweep generation total 77752K, used 47051K [0x00000000d6e00000, 0x00000000db9ee000, 0x0000000100000000)
 Metaspace       used 63812K, capacity 66512K, committed 66888K, reserved 1107968K
  class space    used 8142K, capacity 8646K, committed 8780K, reserved 1048576K
2022-08-07T09:30:09.597+0000: 25.411: [GC (Allocation Failure) 2022-08-07T09:30:09.597+0000: 25.411: [ParNew: 18187K->1067K(19008K), 0.0033974 secs] 65238K->48258K(96760K), 0.0041494 secs] [Times: user=0.01 sys=0.00, real=0.00 secs] 
Heap after GC invocations=291 (full 28):
 par new generation   total 19008K, used 1067K [0x00000000c2600000, 0x00000000c3aa0000, 0x00000000d6e00000)
  eden space 16896K,   0% used [0x00000000c2600000, 0x00000000c2600000, 0x00000000c3680000)
  from space 2112K,  50% used [0x00000000c3890000, 0x00000000c399af68, 0x00000000c3aa0000)
  to   space 2112K,   0% used [0x00000000c3680000, 0x00000000c3680000, 0x00000000c3890000)
 concurrent mark-sweep generation total 77752K, used 47190K [0x00000000d6e00000, 0x00000000db9ee000, 0x0000000100000000)
 Metaspace       used 63812K, capacity 66512K, committed 66888K, reserved 1107968K
  class space    used 8142K, capacity 8646K, committed 8780K, reserved 1048576K
}
2022-08-07T09:30:09.646+0000: 25.460: Application time: 0.0442432 seconds
{Heap before GC invocations=291 (full 28):
 par new generation   total 19008K, used 17963K [0x00000000c2600000, 0x00000000c3aa0000, 0x00000000d6e00000)
  eden space 16896K, 100% used [0x00000000c2600000, 0x00000000c3680000, 0x00000000c3680000)
  from space 2112K,  50% used [0x00000000c3890000, 0x00000000c399af68, 0x00000000c3aa0000)
  to   space 2112K,   0% used [0x00000000c3680000, 0x00000000c3680000, 0x00000000c3890000)
 concurrent mark-sweep generation total 77752K, used 47190K [0x00000000d6e00000, 0x00000000db9ee000, 0x0000000100000000)
 Metaspace       used 63825K, capacity 66512K, committed 66888K, reserved 1107968K
  class space    used 8143K, capacity 8646K, committed 8780K, reserved 1048576K
2022-08-07T09:30:09.647+0000: 25.462: [GC (Allocation Failure) 2022-08-07T09:30:09.647+0000: 25.462: [ParNew: 17963K->1240K(19008K), 0.0030790 secs] 65154K->48505K(96760K), 0.0040246 secs] [Times: user=0.01 sys=0.01, real=0.00 secs] 
Heap after GC invocations=292 (full 28):
 par new generation   total 19008K, used 1240K [0x00000000c2600000, 0x00000000c3aa0000, 0x00000000d6e00000)
  eden space 16896K,   0% used [0x00000000c2600000, 0x00000000c2600000, 0x00000000c3680000)
  from space 2112K,  58% used [0x00000000c3680000, 0x00000000c37b62d8, 0x00000000c3890000)
  to   space 2112K,   0% used [0x00000000c3890000, 0x00000000c3890000, 0x00000000c3aa0000)
 concurrent mark-sweep generation total 77752K, used 47265K [0x00000000d6e00000, 0x00000000db9ee000, 0x0000000100000000)
 Metaspace       used 63825K, capacity 66512K, committed 66888K, reserved 1107968K
  class space    used 8143K, capacity 8646K, committed 8780K, reserved 1048576K
}
2022-08-07T09:30:09.652+0000: 25.466: [CMS-concurrent-abortable-preclean: 0.029/0.058 secs] [Times: user=0.17 sys=0.04, real=0.05 secs] 
2022-08-07T09:30:09.653+0000: 25.467: Application time: 0.0011806 seconds
2022-08-07T09:30:09.653+0000: 25.468: [GC (CMS Final Remark) [YG occupancy: 1602 K (19008 K)]2022-08-07T09:30:09.654+0000: 25.468: [Rescan (parallel) , 0.0026261 secs]2022-08-07T09:30:09.657+0000: 25.471: [weak refs processing, 0.0003986 secs]2022-08-07T09:30:09.657+0000: 25.472: [class unloading, 0.0111880 secs]2022-08-07T09:30:09.669+0000: 25.483: [scrub symbol table, 0.0219787 secs]2022-08-07T09:30:09.691+0000: 25.506: [scrub string table, 0.0012935 secs][1 CMS-remark: 47265K(77752K)] 48867K(96760K), 0.0396796 secs] [Times: user=0.09 sys=0.01, real=0.04 secs] 
2022-08-07T09:30:09.694+0000: 25.508: [CMS-concurrent-sweep-start]
2022-08-07T09:30:09.758+0000: 25.573: [CMS-concurrent-sweep: 0.064/0.064 secs] [Times: user=0.09 sys=0.06, real=0.06 secs] 
2022-08-07T09:30:09.759+0000: 25.573: [CMS-concurrent-reset-start]
2022-08-07T09:30:09.759+0000: 25.574: [CMS-concurrent-reset: 0.001/0.001 secs] [Times: user=0.00 sys=0.00, real=0.00 secs] 
2022-08-07T09:30:09.768+0000: 25.583: Application time: 0.0747624 seconds
{Heap before GC invocations=292 (full 28):
 par new generation   total 19008K, used 18136K [0x00000000c2600000, 0x00000000c3aa0000, 0x00000000d6e00000)
  eden space 16896K, 100% used [0x00000000c2600000, 0x00000000c3680000, 0x00000000c3680000)
  from space 2112K,  58% used [0x00000000c3680000, 0x00000000c37b62d8, 0x00000000c3890000)
  to   space 2112K,   0% used [0x00000000c3890000, 0x00000000c3890000, 0x00000000c3aa0000)
 concurrent mark-sweep generation total 78668K, used 47200K [0x00000000d6e00000, 0x00000000dbad3000, 0x0000000100000000)
 Metaspace       used 63860K, capacity 66512K, committed 66888K, reserved 1107968K
  class space    used 8145K, capacity 8646K, committed 8780K, reserved 1048576K
2022-08-07T09:30:09.769+0000: 25.583: [GC (Allocation Failure) 2022-08-07T09:30:09.769+0000: 25.583: [ParNew: 18136K->1094K(19008K), 0.0048031 secs] 65337K->48400K(97676K), 0.0054428 secs] [Times: user=0.01 sys=0.01, real=0.01 secs] 
Heap after GC invocations=293 (full 28):
 par new generation   total 19008K, used 1094K [0x00000000c2600000, 0x00000000c3aa0000, 0x00000000d6e00000)
  eden space 16896K,   0% used [0x00000000c2600000, 0x00000000c2600000, 0x00000000c3680000)
  from space 2112K,  51% used [0x00000000c3890000, 0x00000000c39a1858, 0x00000000c3aa0000)
  to   space 2112K,   0% used [0x00000000c3680000, 0x00000000c3680000, 0x00000000c3890000)
 concurrent mark-sweep generation total 78668K, used 47306K [0x00000000d6e00000, 0x00000000dbad3000, 0x0000000100000000)
 Metaspace       used 63860K, capacity 66512K, committed 66888K, reserved 1107968K
  class space    used 8145K, capacity 8646K, committed 8780K, reserved 1048576K
}
2022-08-07T09:30:09.779+0000: 25.594: Application time: 0.0044960 seconds
2022-08-07T09:30:09.780+0000: 25.594: [GC (CMS Initial Mark) [1 CMS-initial-mark: 47306K(78668K)] 48762K(97676K), 0.0039420 secs] [Times: user=0.01 sys=0.01, real=0.01 secs] 
2022-08-07T09:30:09.784+0000: 25.599: [CMS-concurrent-mark-start]
2022-08-07T09:30:09.910+0000: 25.724: [CMS-concurrent-mark: 0.125/0.125 secs] [Times: user=0.30 sys=0.10, real=0.12 secs] 
2022-08-07T09:30:09.910+0000: 25.725: [CMS-concurrent-preclean-start]
2022-08-07T09:30:09.920+0000: 25.735: [CMS-concurrent-preclean: 0.006/0.010 secs] [Times: user=0.03 sys=0.01, real=0.01 secs] 
2022-08-07T09:30:09.921+0000: 25.735: [CMS-concurrent-abortable-preclean-start]
2022-08-07T09:30:09.930+0000: 25.744: Application time: 0.1452445 seconds
{Heap before GC invocations=293 (full 29):
 par new generation   total 19008K, used 17990K [0x00000000c2600000, 0x00000000c3aa0000, 0x00000000d6e00000)
  eden space 16896K, 100% used [0x00000000c2600000, 0x00000000c3680000, 0x00000000c3680000)
  from space 2112K,  51% used [0x00000000c3890000, 0x00000000c39a1858, 0x00000000c3aa0000)
  to   space 2112K,   0% used [0x00000000c3680000, 0x00000000c3680000, 0x00000000c3890000)
 concurrent mark-sweep generation total 78668K, used 47306K [0x00000000d6e00000, 0x00000000dbad3000, 0x0000000100000000)
 Metaspace       used 63968K, capacity 66686K, committed 66888K, reserved 1107968K
  class space    used 8157K, capacity 8683K, committed 8780K, reserved 1048576K
2022-08-07T09:30:09.930+0000: 25.744: [GC (Allocation Failure) 2022-08-07T09:30:09.930+0000: 25.745: [ParNew: 17990K->1636K(19008K), 0.0038414 secs] 65296K->49021K(97676K), 0.0046885 secs] [Times: user=0.01 sys=0.00, real=0.01 secs] 
Heap after GC invocations=294 (full 29):
 par new generation   total 19008K, used 1636K [0x00000000c2600000, 0x00000000c3aa0000, 0x00000000d6e00000)
  eden space 16896K,   0% used [0x00000000c2600000, 0x00000000c2600000, 0x00000000c3680000)
  from space 2112K,  77% used [0x00000000c3680000, 0x00000000c38192a0, 0x00000000c3890000)
  to   space 2112K,   0% used [0x00000000c3890000, 0x00000000c3890000, 0x00000000c3aa0000)
 concurrent mark-sweep generation total 78668K, used 47385K [0x00000000d6e00000, 0x00000000dbad3000, 0x0000000100000000)
 Metaspace       used 63968K, capacity 66686K, committed 66888K, reserved 1107968K
  class space    used 8157K, capacity 8683K, committed 8780K, reserved 1048576K
}
2022-08-07T09:30:09.981+0000: 25.795: Application time: 0.0454531 seconds
{Heap before GC invocations=294 (full 29):
 par new generation   total 19008K, used 18532K [0x00000000c2600000, 0x00000000c3aa0000, 0x00000000d6e00000)
  eden space 16896K,  99% used [0x00000000c2600000, 0x00000000c367ff90, 0x00000000c3680000)
  from space 2112K,  77% used [0x00000000c3680000, 0x00000000c38192a0, 0x00000000c3890000)
  to   space 2112K,   0% used [0x00000000c3890000, 0x00000000c3890000, 0x00000000c3aa0000)
 concurrent mark-sweep generation total 78668K, used 47385K [0x00000000d6e00000, 0x00000000dbad3000, 0x0000000100000000)
 Metaspace       used 63983K, capacity 66686K, committed 66888K, reserved 1107968K
  class space    used 8159K, capacity 8683K, committed 8780K, reserved 1048576K
2022-08-07T09:30:09.982+0000: 25.796: [GC (Allocation Failure) 2022-08-07T09:30:09.982+0000: 25.797: [ParNew: 18532K->1309K(19008K), 0.0043882 secs] 65917K->48802K(97676K), 0.0052965 secs] [Times: user=0.01 sys=0.00, real=0.01 secs] 
Heap after GC invocations=295 (full 29):
 par new generation   total 19008K, used 1309K [0x00000000c2600000, 0x00000000c3aa0000, 0x00000000d6e00000)
  eden space 16896K,   0% used [0x00000000c2600000, 0x00000000c2600000, 0x00000000c3680000)
  from space 2112K,  62% used [0x00000000c3890000, 0x00000000c39d7710, 0x00000000c3aa0000)
  to   space 2112K,   0% used [0x00000000c3680000, 0x00000000c3680000, 0x00000000c3890000)
 concurrent mark-sweep generation total 78668K, used 47492K [0x00000000d6e00000, 0x00000000dbad3000, 0x0000000100000000)
 Metaspace       used 63983K, capacity 66686K, committed 66888K, reserved 1107968K
  class space    used 8159K, capacity 8683K, committed 8780K, reserved 1048576K
}
2022-08-07T09:30:09.989+0000: 25.804: [CMS-concurrent-abortable-preclean: 0.035/0.069 secs] [Times: user=0.21 sys=0.05, real=0.07 secs] 
2022-08-07T09:30:09.990+0000: 25.804: Application time: 0.0014802 seconds
2022-08-07T09:30:09.990+0000: 25.805: [GC (CMS Final Remark) [YG occupancy: 1671 K (19008 K)]2022-08-07T09:30:09.990+0000: 25.805: [Rescan (parallel) , 0.0024189 secs]2022-08-07T09:30:09.993+0000: 25.808: [weak refs processing, 0.0003695 secs]2022-08-07T09:30:09.994+0000: 25.808: [class unloading, 0.0154294 secs]2022-08-07T09:30:10.013+0000: 25.828: [scrub symbol table, 0.0177388 secs]2022-08-07T09:30:10.031+0000: 25.846: [scrub string table, 0.0011602 secs][1 CMS-remark: 47492K(78668K)] 49164K(97676K), 0.0428148 secs] [Times: user=0.07 sys=0.00, real=0.05 secs] 
2022-08-07T09:30:10.034+0000: 25.848: [CMS-concurrent-sweep-start]
2022-08-07T09:30:10.056+0000: 25.871: [CMS-concurrent-sweep: 0.022/0.022 secs] [Times: user=0.06 sys=0.01, real=0.02 secs] 
2022-08-07T09:30:10.062+0000: 25.876: [CMS-concurrent-reset-start]
2022-08-07T09:30:10.062+0000: 25.877: [CMS-concurrent-reset: 0.001/0.001 secs] [Times: user=0.01 sys=0.00, real=0.00 secs] 
2022-08-07T09:30:10.106+0000: 25.921: Application time: 0.0727679 seconds
{Heap before GC invocations=295 (full 29):
 par new generation   total 19008K, used 18205K [0x00000000c2600000, 0x00000000c3aa0000, 0x00000000d6e00000)
  eden space 16896K, 100% used [0x00000000c2600000, 0x00000000c3680000, 0x00000000c3680000)
  from space 2112K,  62% used [0x00000000c3890000, 0x00000000c39d7710, 0x00000000c3aa0000)
  to   space 2112K,   0% used [0x00000000c3680000, 0x00000000c3680000, 0x00000000c3890000)
 concurrent mark-sweep generation total 78668K, used 46902K [0x00000000d6e00000, 0x00000000dbad3000, 0x0000000100000000)
 Metaspace       used 64008K, capacity 66694K, committed 66888K, reserved 1107968K
  class space    used 8163K, capacity 8685K, committed 8780K, reserved 1048576K
2022-08-07T09:30:10.107+0000: 25.921: [GC (Allocation Failure) 2022-08-07T09:30:10.107+0000: 25.922: [ParNew: 18205K->1940K(19008K), 0.0038283 secs] 65108K->48925K(97676K), 0.0046251 secs] [Times: user=0.02 sys=0.00, real=0.00 secs] 
Heap after GC invocations=296 (full 29):
 par new generation   total 19008K, used 1940K [0x00000000c2600000, 0x00000000c3aa0000, 0x00000000d6e00000)
  eden space 16896K,   0% used [0x00000000c2600000, 0x00000000c2600000, 0x00000000c3680000)
  from space 2112K,  91% used [0x00000000c3680000, 0x00000000c38653a8, 0x00000000c3890000)
  to   space 2112K,   0% used [0x00000000c3890000, 0x00000000c3890000, 0x00000000c3aa0000)
 concurrent mark-sweep generation total 78668K, used 46984K [0x00000000d6e00000, 0x00000000dbad3000, 0x0000000100000000)
 Metaspace       used 64008K, capacity 66694K, committed 66888K, reserved 1107968K
  class space    used 8163K, capacity 8685K, committed 8780K, reserved 1048576K
}
2022-08-07T09:30:10.160+0000: 25.974: Application time: 0.0473957 seconds
{Heap before GC invocations=296 (full 29):
 par new generation   total 19008K, used 18836K [0x00000000c2600000, 0x00000000c3aa0000, 0x00000000d6e00000)
  eden space 16896K, 100% used [0x00000000c2600000, 0x00000000c3680000, 0x00000000c3680000)
  from space 2112K,  91% used [0x00000000c3680000, 0x00000000c38653a8, 0x00000000c3890000)
  to   space 2112K,   0% used [0x00000000c3890000, 0x00000000c3890000, 0x00000000c3aa0000)
 concurrent mark-sweep generation total 78668K, used 46984K [0x00000000d6e00000, 0x00000000dbad3000, 0x0000000100000000)
 Metaspace       used 64030K, capacity 66694K, committed 66888K, reserved 1107968K
  class space    used 8166K, capacity 8685K, committed 8780K, reserved 1048576K
2022-08-07T09:30:10.161+0000: 25.975: [GC (Allocation Failure) 2022-08-07T09:30:10.161+0000: 25.976: [ParNew: 18836K->1427K(19008K), 0.0051644 secs] 65821K->48974K(97676K), 0.0061846 secs] [Times: user=0.02 sys=0.00, real=0.01 secs] 
Heap after GC invocations=297 (full 29):
 par new generation   total 19008K, used 1427K [0x00000000c2600000, 0x00000000c3aa0000, 0x00000000d6e00000)
  eden space 16896K,   0% used [0x00000000c2600000, 0x00000000c2600000, 0x00000000c3680000)
  from space 2112K,  67% used [0x00000000c3890000, 0x00000000c39f4d88, 0x00000000c3aa0000)
  to   space 2112K,   0% used [0x00000000c3680000, 0x00000000c3680000, 0x00000000c3890000)
 concurrent mark-sweep generation total 78668K, used 47547K [0x00000000d6e00000, 0x00000000dbad3000, 0x0000000100000000)
 Metaspace       used 64030K, capacity 66694K, committed 66888K, reserved 1107968K
  class space    used 8166K, capacity 8685K, committed 8780K, reserved 1048576K
}
2022-08-07T09:30:10.168+0000: 25.983: Application time: 0.0008075 seconds
2022-08-07T09:30:10.169+0000: 25.983: [GC (CMS Initial Mark) [1 CMS-initial-mark: 47547K(78668K)] 49674K(97676K), 0.0019786 secs] [Times: user=0.01 sys=0.00, real=0.00 secs] 
2022-08-07T09:30:10.172+0000: 25.986: [CMS-concurrent-mark-start]
2022-08-07T09:30:10.206+0000: 26.021: Application time: 0.0348117 seconds
{Heap before GC invocations=297 (full 30):
 par new generation   total 19008K, used 18323K [0x00000000c2600000, 0x00000000c3aa0000, 0x00000000d6e00000)
  eden space 16896K, 100% used [0x00000000c2600000, 0x00000000c3680000, 0x00000000c3680000)
  from space 2112K,  67% used [0x00000000c3890000, 0x00000000c39f4d88, 0x00000000c3aa0000)
  to   space 2112K,   0% used [0x00000000c3680000, 0x00000000c3680000, 0x00000000c3890000)
 concurrent mark-sweep generation total 78668K, used 47547K [0x00000000d6e00000, 0x00000000dbad3000, 0x0000000100000000)
 Metaspace       used 64032K, capacity 66694K, committed 66888K, reserved 1107968K
  class space    used 8166K, capacity 8685K, committed 8780K, reserved 1048576K
2022-08-07T09:30:10.207+0000: 26.021: [GC (Allocation Failure) 2022-08-07T09:30:10.207+0000: 26.022: [ParNew: 18323K->1733K(19008K), 0.0034133 secs] 65870K->49452K(97676K), 0.0042625 secs] [Times: user=0.01 sys=0.00, real=0.00 secs] 
Heap after GC invocations=298 (full 30):
 par new generation   total 19008K, used 1733K [0x00000000c2600000, 0x00000000c3aa0000, 0x00000000d6e00000)
  eden space 16896K,   0% used [0x00000000c2600000, 0x00000000c2600000, 0x00000000c3680000)
  from space 2112K,  82% used [0x00000000c3680000, 0x00000000c3831710, 0x00000000c3890000)
  to   space 2112K,   0% used [0x00000000c3890000, 0x00000000c3890000, 0x00000000c3aa0000)
 concurrent mark-sweep generation total 78668K, used 47718K [0x00000000d6e00000, 0x00000000dbad3000, 0x0000000100000000)
 Metaspace       used 64032K, capacity 66694K, committed 66888K, reserved 1107968K
  class space    used 8166K, capacity 8685K, committed 8780K, reserved 1048576K
}
2022-08-07T09:30:10.277+0000: 26.092: [CMS-concurrent-mark: 0.100/0.106 secs] [Times: user=0.31 sys=0.03, real=0.11 secs] 
2022-08-07T09:30:10.278+0000: 26.092: [CMS-concurrent-preclean-start]
2022-08-07T09:30:10.303+0000: 26.118: Application time: 0.0917268 seconds
{Heap before GC invocations=298 (full 30):
 par new generation   total 19008K, used 18629K [0x00000000c2600000, 0x00000000c3aa0000, 0x00000000d6e00000)
  eden space 16896K, 100% used [0x00000000c2600000, 0x00000000c3680000, 0x00000000c3680000)
  from space 2112K,  82% used [0x00000000c3680000, 0x00000000c3831710, 0x00000000c3890000)
  to   space 2112K,   0% used [0x00000000c3890000, 0x00000000c3890000, 0x00000000c3aa0000)
 concurrent mark-sweep generation total 78668K, used 47718K [0x00000000d6e00000, 0x00000000dbad3000, 0x0000000100000000)
 Metaspace       used 64048K, capacity 66758K, committed 67144K, reserved 1107968K
  class space    used 8168K, capacity 8685K, committed 8780K, reserved 1048576K
2022-08-07T09:30:10.304+0000: 26.118: [GC (Allocation Failure) 2022-08-07T09:30:10.305+0000: 26.119: [ParNew: 18629K->1297K(19008K), 0.0030245 secs] 66348K->49016K(97676K), 0.0047683 secs] [Times: user=0.02 sys=0.00, real=0.00 secs] 
Heap after GC invocations=299 (full 30):
 par new generation   total 19008K, used 1297K [0x00000000c2600000, 0x00000000c3aa0000, 0x00000000d6e00000)
  eden space 16896K,   0% used [0x00000000c2600000, 0x00000000c2600000, 0x00000000c3680000)
  from space 2112K,  61% used [0x00000000c3890000, 0x00000000c39d4630, 0x00000000c3aa0000)
  to   space 2112K,   0% used [0x00000000c3680000, 0x00000000c3680000, 0x00000000c3890000)
 concurrent mark-sweep generation total 78668K, used 47718K [0x00000000d6e00000, 0x00000000dbad3000, 0x0000000100000000)
 Metaspace       used 64048K, capacity 66758K, committed 67144K, reserved 1107968K
  class space    used 8168K, capacity 8685K, committed 8780K, reserved 1048576K
}
2022-08-07T09:30:10.311+0000: 26.125: [CMS-concurrent-preclean: 0.015/0.033 secs] [Times: user=0.07 sys=0.02, real=0.03 secs] 
2022-08-07T09:30:10.312+0000: 26.127: Application time: 0.0031616 seconds
2022-08-07T09:30:10.314+0000: 26.128: [GC (CMS Final Remark) [YG occupancy: 3401 K (19008 K)]2022-08-07T09:30:10.314+0000: 26.129: [Rescan (parallel) , 0.0039722 secs]2022-08-07T09:30:10.318+0000: 26.133: [weak refs processing, 0.0004676 secs]2022-08-07T09:30:10.319+0000: 26.134: [class unloading, 0.0144309 secs]2022-08-07T09:30:10.334+0000: 26.149: [scrub symbol table, 0.0128127 secs]2022-08-07T09:30:10.348+0000: 26.162: [scrub string table, 0.0011766 secs][1 CMS-remark: 47718K(78668K)] 51119K(97676K), 0.0358424 secs] [Times: user=0.04 sys=0.00, real=0.03 secs] 
2022-08-07T09:30:10.357+0000: 26.172: [CMS-concurrent-sweep-start]
2022-08-07T09:30:10.379+0000: 26.193: Application time: 0.0284402 seconds
{Heap before GC invocations=299 (full 30):
 par new generation   total 19008K, used 18193K [0x00000000c2600000, 0x00000000c3aa0000, 0x00000000d6e00000)
  eden space 16896K, 100% used [0x00000000c2600000, 0x00000000c3680000, 0x00000000c3680000)
  from space 2112K,  61% used [0x00000000c3890000, 0x00000000c39d4630, 0x00000000c3aa0000)
  to   space 2112K,   0% used [0x00000000c3680000, 0x00000000c3680000, 0x00000000c3890000)
 concurrent mark-sweep generation total 78668K, used 47614K [0x00000000d6e00000, 0x00000000dbad3000, 0x0000000100000000)
 Metaspace       used 64050K, capacity 66758K, committed 67144K, reserved 1107968K
  class space    used 8169K, capacity 8685K, committed 8780K, reserved 1048576K
2022-08-07T09:30:10.379+0000: 26.194: [GC (Allocation Failure) 2022-08-07T09:30:10.380+0000: 26.194: [ParNew: 18193K->1363K(19008K), 0.0054816 secs] 65808K->48978K(97676K), 0.0065048 secs] [Times: user=0.01 sys=0.00, real=0.01 secs] 
Heap after GC invocations=300 (full 30):
 par new generation   total 19008K, used 1363K [0x00000000c2600000, 0x00000000c3aa0000, 0x00000000d6e00000)
  eden space 16896K,   0% used [0x00000000c2600000, 0x00000000c2600000, 0x00000000c3680000)
  from space 2112K,  64% used [0x00000000c3680000, 0x00000000c37d4ef8, 0x00000000c3890000)
  to   space 2112K,   0% used [0x00000000c3890000, 0x00000000c3890000, 0x00000000c3aa0000)
 concurrent mark-sweep generation total 78668K, used 47614K [0x00000000d6e00000, 0x00000000dbad3000, 0x0000000100000000)
 Metaspace       used 64050K, capacity 66758K, committed 67144K, reserved 1107968K
  class space    used 8169K, capacity 8685K, committed 8780K, reserved 1048576K
}
2022-08-07T09:30:10.389+0000: 26.203: [CMS-concurrent-sweep: 0.023/0.031 secs] [Times: user=0.09 sys=0.01, real=0.03 secs] 
2022-08-07T09:30:10.389+0000: 26.204: [CMS-concurrent-reset-start]
2022-08-07T09:30:10.390+0000: 26.204: [CMS-concurrent-reset: 0.001/0.001 secs] [Times: user=0.00 sys=0.00, real=0.00 secs] 
2022-08-07T09:30:10.421+0000: 26.235: Application time: 0.0341448 seconds
{Heap before GC invocations=300 (full 30):
 par new generation   total 19008K, used 18259K [0x00000000c2600000, 0x00000000c3aa0000, 0x00000000d6e00000)
  eden space 16896K, 100% used [0x00000000c2600000, 0x00000000c3680000, 0x00000000c3680000)
  from space 2112K,  64% used [0x00000000c3680000, 0x00000000c37d4ef8, 0x00000000c3890000)
  to   space 2112K,   0% used [0x00000000c3890000, 0x00000000c3890000, 0x00000000c3aa0000)
 concurrent mark-sweep generation total 79336K, used 47599K [0x00000000d6e00000, 0x00000000dbb7a000, 0x0000000100000000)
 Metaspace       used 64043K, capacity 66746K, committed 67144K, reserved 1107968K
  class space    used 8168K, capacity 8683K, committed 8780K, reserved 1048576K
2022-08-07T09:30:10.421+0000: 26.235: [GC (Allocation Failure) 2022-08-07T09:30:10.422+0000: 26.236: [ParNew: 18259K->1768K(19008K), 0.0239157 secs] 65858K->49367K(98344K), 0.0251354 secs] [Times: user=0.04 sys=0.00, real=0.03 secs] 
Heap after GC invocations=301 (full 30):
 par new generation   total 19008K, used 1768K [0x00000000c2600000, 0x00000000c3aa0000, 0x00000000d6e00000)
  eden space 16896K,   0% used [0x00000000c2600000, 0x00000000c2600000, 0x00000000c3680000)
  from space 2112K,  83% used [0x00000000c3890000, 0x00000000c3a4a228, 0x00000000c3aa0000)
  to   space 2112K,   0% used [0x00000000c3680000, 0x00000000c3680000, 0x00000000c3890000)
 concurrent mark-sweep generation total 79336K, used 47599K [0x00000000d6e00000, 0x00000000dbb7a000, 0x0000000100000000)
 Metaspace       used 64043K, capacity 66746K, committed 67144K, reserved 1107968K
  class space    used 8168K, capacity 8683K, committed 8780K, reserved 1048576K
}
2022-08-07T09:30:10.503+0000: 26.317: Application time: 0.0563004 seconds
{Heap before GC invocations=301 (full 30):
 par new generation   total 19008K, used 18664K [0x00000000c2600000, 0x00000000c3aa0000, 0x00000000d6e00000)
  eden space 16896K, 100% used [0x00000000c2600000, 0x00000000c3680000, 0x00000000c3680000)
  from space 2112K,  83% used [0x00000000c3890000, 0x00000000c3a4a228, 0x00000000c3aa0000)
  to   space 2112K,   0% used [0x00000000c3680000, 0x00000000c3680000, 0x00000000c3890000)
 concurrent mark-sweep generation total 79336K, used 47599K [0x00000000d6e00000, 0x00000000dbb7a000, 0x0000000100000000)
 Metaspace       used 64071K, capacity 66746K, committed 67144K, reserved 1107968K
  class space    used 8171K, capacity 8683K, committed 8780K, reserved 1048576K
2022-08-07T09:30:10.504+0000: 26.318: [GC (Allocation Failure) 2022-08-07T09:30:10.504+0000: 26.319: [ParNew: 18664K->1605K(19008K), 0.0079313 secs] 66263K->49298K(98344K), 0.0088179 secs] [Times: user=0.01 sys=0.00, real=0.00 secs] 
Heap after GC invocations=302 (full 30):
 par new generation   total 19008K, used 1605K [0x00000000c2600000, 0x00000000c3aa0000, 0x00000000d6e00000)
  eden space 16896K,   0% used [0x00000000c2600000, 0x00000000c2600000, 0x00000000c3680000)
  from space 2112K,  76% used [0x00000000c3680000, 0x00000000c3811718, 0x00000000c3890000)
  to   space 2112K,   0% used [0x00000000c3890000, 0x00000000c3890000, 0x00000000c3aa0000)
 concurrent mark-sweep generation total 79336K, used 47692K [0x00000000d6e00000, 0x00000000dbb7a000, 0x0000000100000000)
 Metaspace       used 64071K, capacity 66746K, committed 67144K, reserved 1107968K
  class space    used 8171K, capacity 8683K, committed 8780K, reserved 1048576K
}
2022-08-07T09:30:10.514+0000: 26.328: Application time: 0.0006917 seconds
2022-08-07T09:30:10.514+0000: 26.329: [GC (CMS Initial Mark) [1 CMS-initial-mark: 47692K(79336K)] 49322K(98344K), 0.0033850 secs] [Times: user=0.01 sys=0.00, real=0.00 secs] 
2022-08-07T09:30:10.519+0000: 26.333: [CMS-concurrent-mark-start]
2022-08-07T09:30:10.560+0000: 26.375: Application time: 0.0416561 seconds
{Heap before GC invocations=302 (full 31):
 par new generation   total 19008K, used 18501K [0x00000000c2600000, 0x00000000c3aa0000, 0x00000000d6e00000)
  eden space 16896K, 100% used [0x00000000c2600000, 0x00000000c3680000, 0x00000000c3680000)
  from space 2112K,  76% used [0x00000000c3680000, 0x00000000c3811718, 0x00000000c3890000)
  to   space 2112K,   0% used [0x00000000c3890000, 0x00000000c3890000, 0x00000000c3aa0000)
 concurrent mark-sweep generation total 79336K, used 47692K [0x00000000d6e00000, 0x00000000dbb7a000, 0x0000000100000000)
 Metaspace       used 64073K, capacity 66746K, committed 67144K, reserved 1107968K
  class space    used 8171K, capacity 8683K, committed 8780K, reserved 1048576K
2022-08-07T09:30:10.560+0000: 26.375: [GC (Allocation Failure) 2022-08-07T09:30:10.561+0000: 26.376: [ParNew: 18501K->1144K(19008K), 0.0079906 secs] 66194K->49476K(98344K), 0.0095286 secs] [Times: user=0.02 sys=0.00, real=0.01 secs] 
Heap after GC invocations=303 (full 31):
 par new generation   total 19008K, used 1144K [0x00000000c2600000, 0x00000000c3aa0000, 0x00000000d6e00000)
  eden space 16896K,   0% used [0x00000000c2600000, 0x00000000c2600000, 0x00000000c3680000)
  from space 2112K,  54% used [0x00000000c3890000, 0x00000000c39ae0c0, 0x00000000c3aa0000)
  to   space 2112K,   0% used [0x00000000c3680000, 0x00000000c3680000, 0x00000000c3890000)
 concurrent mark-sweep generation total 79336K, used 48332K [0x00000000d6e00000, 0x00000000dbb7a000, 0x0000000100000000)
 Metaspace       used 64073K, capacity 66746K, committed 67144K, reserved 1107968K
  class space    used 8171K, capacity 8683K, committed 8780K, reserved 1048576K
}
2022-08-07T09:30:10.594+0000: 26.409: Application time: 0.0236382 seconds
2022-08-07T09:30:10.649+0000: 26.464: [CMS-concurrent-mark: 0.119/0.131 secs] [Times: user=0.37 sys=0.03, real=0.13 secs] 
2022-08-07T09:30:10.650+0000: 26.464: [CMS-concurrent-preclean-start]
2022-08-07T09:30:10.683+0000: 26.497: Application time: 0.0875981 seconds
{Heap before GC invocations=303 (full 31):
 par new generation   total 19008K, used 18040K [0x00000000c2600000, 0x00000000c3aa0000, 0x00000000d6e00000)
  eden space 16896K, 100% used [0x00000000c2600000, 0x00000000c3680000, 0x00000000c3680000)
  from space 2112K,  54% used [0x00000000c3890000, 0x00000000c39ae0c0, 0x00000000c3aa0000)
  to   space 2112K,   0% used [0x00000000c3680000, 0x00000000c3680000, 0x00000000c3890000)
 concurrent mark-sweep generation total 79336K, used 48332K [0x00000000d6e00000, 0x00000000dbb7a000, 0x0000000100000000)
 Metaspace       used 64168K, capacity 66822K, committed 67144K, reserved 1107968K
  class space    used 8183K, capacity 8687K, committed 8780K, reserved 1048576K
2022-08-07T09:30:10.684+0000: 26.498: [GC (Allocation Failure) 2022-08-07T09:30:10.684+0000: 26.499: [ParNew: 18040K->917K(19008K), 0.0208508 secs] 66372K->49250K(98344K), 0.0217525 secs] [Times: user=0.03 sys=0.01, real=0.02 secs] 
Heap after GC invocations=304 (full 31):
 par new generation   total 19008K, used 917K [0x00000000c2600000, 0x00000000c3aa0000, 0x00000000d6e00000)
  eden space 16896K,   0% used [0x00000000c2600000, 0x00000000c2600000, 0x00000000c3680000)
  from space 2112K,  43% used [0x00000000c3680000, 0x00000000c3765608, 0x00000000c3890000)
  to   space 2112K,   0% used [0x00000000c3890000, 0x00000000c3890000, 0x00000000c3aa0000)
 concurrent mark-sweep generation total 79336K, used 48332K [0x00000000d6e00000, 0x00000000dbb7a000, 0x0000000100000000)
 Metaspace       used 64168K, capacity 66822K, committed 67144K, reserved 1107968K
  class space    used 8183K, capacity 8687K, committed 8780K, reserved 1048576K
}
2022-08-07T09:30:10.852+0000: 26.666: [CMS-concurrent-preclean: 0.091/0.202 secs] [Times: user=0.29 sys=0.12, real=0.20 secs] 
2022-08-07T09:30:10.853+0000: 26.667: Application time: 0.1462218 seconds
2022-08-07T09:30:10.890+0000: 26.704: [GC (CMS Final Remark) [YG occupancy: 1279 K (19008 K)]2022-08-07T09:30:10.890+0000: 26.705: [Rescan (parallel) , 0.0041198 secs]2022-08-07T09:30:10.895+0000: 26.709: [weak refs processing, 0.0005182 secs]2022-08-07T09:30:10.896+0000: 26.710: [class unloading, 0.0209057 secs]2022-08-07T09:30:10.917+0000: 26.731: [scrub symbol table, 0.0333770 secs]2022-08-07T09:30:10.951+0000: 26.765: [scrub string table, 0.0011519 secs][1 CMS-remark: 48332K(79336K)] 49612K(98344K), 0.0626556 secs] [Times: user=0.04 sys=0.01, real=0.06 secs] 
2022-08-07T09:30:10.968+0000: 26.782: [CMS-concurrent-sweep-start]
2022-08-07T09:30:10.998+0000: 26.813: [CMS-concurrent-sweep: 0.031/0.031 secs] [Times: user=0.05 sys=0.01, real=0.03 secs] 
2022-08-07T09:30:11.001+0000: 26.815: [CMS-concurrent-reset-start]
2022-08-07T09:30:11.011+0000: 26.826: [CMS-concurrent-reset: 0.010/0.010 secs] [Times: user=0.02 sys=0.00, real=0.01 secs] 
2022-08-07T09:30:11.019+0000: 26.833: Application time: 0.0654637 seconds
2022-08-07T09:30:11.038+0000: 26.852: Application time: 0.0175680 seconds
{Heap before GC invocations=304 (full 31):
 par new generation   total 19008K, used 17813K [0x00000000c2600000, 0x00000000c3aa0000, 0x00000000d6e00000)
  eden space 16896K, 100% used [0x00000000c2600000, 0x00000000c3680000, 0x00000000c3680000)
  from space 2112K,  43% used [0x00000000c3680000, 0x00000000c3765608, 0x00000000c3890000)
  to   space 2112K,   0% used [0x00000000c3890000, 0x00000000c3890000, 0x00000000c3aa0000)
 concurrent mark-sweep generation total 79844K, used 47906K [0x00000000d6e00000, 0x00000000dbbf9000, 0x0000000100000000)
 Metaspace       used 64290K, capacity 67034K, committed 67400K, reserved 1107968K
  class space    used 8199K, capacity 8717K, committed 8780K, reserved 1048576K
2022-08-07T09:30:11.038+0000: 26.853: [GC (Allocation Failure) 2022-08-07T09:30:11.039+0000: 26.853: [ParNew: 17813K->1352K(19008K), 0.0044006 secs] 65719K->49258K(98852K), 0.0052899 secs] [Times: user=0.02 sys=0.00, real=0.01 secs] 
Heap after GC invocations=305 (full 31):
 par new generation   total 19008K, used 1352K [0x00000000c2600000, 0x00000000c3aa0000, 0x00000000d6e00000)
  eden space 16896K,   0% used [0x00000000c2600000, 0x00000000c2600000, 0x00000000c3680000)
  from space 2112K,  64% used [0x00000000c3890000, 0x00000000c39e2150, 0x00000000c3aa0000)
  to   space 2112K,   0% used [0x00000000c3680000, 0x00000000c3680000, 0x00000000c3890000)
 concurrent mark-sweep generation total 79844K, used 47906K [0x00000000d6e00000, 0x00000000dbbf9000, 0x0000000100000000)
 Metaspace       used 64290K, capacity 67034K, committed 67400K, reserved 1107968K
  class space    used 8199K, capacity 8717K, committed 8780K, reserved 1048576K
}
2022-08-07T09:30:11.045+0000: 26.860: Application time: 0.0010757 seconds
2022-08-07T09:30:11.046+0000: 26.861: Application time: 0.0001825 seconds
2022-08-07T09:30:11.057+0000: 26.871: Application time: 0.0105390 seconds
2022-08-07T09:30:11.058+0000: 26.872: Application time: 0.0002591 seconds
2022-08-07T09:30:11.061+0000: 26.875: Application time: 0.0032554 seconds
2022-08-07T09:30:11.061+0000: 26.876: Application time: 0.0002029 seconds
2022-08-07T09:30:11.064+0000: 26.879: Application time: 0.0028639 seconds
2022-08-07T09:30:11.073+0000: 26.888: Application time: 0.0088446 seconds
2022-08-07T09:30:11.077+0000: 26.891: Application time: 0.0031994 seconds
2022-08-07T09:30:11.077+0000: 26.892: Application time: 0.0002191 seconds
2022-08-07T09:30:11.078+0000: 26.892: Application time: 0.0002482 seconds
2022-08-07T09:30:11.078+0000: 26.893: Application time: 0.0001643 seconds
2022-08-07T09:30:11.079+0000: 26.894: Application time: 0.0003229 seconds
2022-08-07T09:30:11.079+0000: 26.894: Application time: 0.0001310 seconds
2022-08-07T09:30:11.080+0000: 26.894: Application time: 0.0001418 seconds
2022-08-07T09:30:11.080+0000: 26.894: Application time: 0.0001344 seconds
2022-08-07T09:30:11.080+0000: 26.895: Application time: 0.0001173 seconds
2022-08-07T09:30:11.081+0000: 26.896: Application time: 0.0002201 seconds
2022-08-07T09:30:11.082+0000: 26.897: Application time: 0.0008655 seconds
2022-08-07T09:30:11.082+0000: 26.897: Application time: 0.0001253 seconds
2022-08-07T09:30:11.085+0000: 26.900: Application time: 0.0024552 seconds
2022-08-07T09:30:11.092+0000: 26.907: Application time: 0.0070278 seconds
{Heap before GC invocations=305 (full 31):
 par new generation   total 19008K, used 18248K [0x00000000c2600000, 0x00000000c3aa0000, 0x00000000d6e00000)
  eden space 16896K, 100% used [0x00000000c2600000, 0x00000000c3680000, 0x00000000c3680000)
  from space 2112K,  64% used [0x00000000c3890000, 0x00000000c39e2150, 0x00000000c3aa0000)
  to   space 2112K,   0% used [0x00000000c3680000, 0x00000000c3680000, 0x00000000c3890000)
 concurrent mark-sweep generation total 79844K, used 47906K [0x00000000d6e00000, 0x00000000dbbf9000, 0x0000000100000000)
 Metaspace       used 64320K, capacity 67034K, committed 67400K, reserved 1107968K
  class space    used 8203K, capacity 8717K, committed 8780K, reserved 1048576K
2022-08-07T09:30:11.093+0000: 26.907: [GC (Allocation Failure) 2022-08-07T09:30:11.094+0000: 26.908: [ParNew: 18248K->1427K(19008K), 0.0059020 secs] 66154K->49526K(98852K), 0.0073497 secs] [Times: user=0.01 sys=0.00, real=0.01 secs] 
Heap after GC invocations=306 (full 31):
 par new generation   total 19008K, used 1427K [0x00000000c2600000, 0x00000000c3aa0000, 0x00000000d6e00000)
  eden space 16896K,   0% used [0x00000000c2600000, 0x00000000c2600000, 0x00000000c3680000)
  from space 2112K,  67% used [0x00000000c3680000, 0x00000000c37e4e88, 0x00000000c3890000)
  to   space 2112K,   0% used [0x00000000c3890000, 0x00000000c3890000, 0x00000000c3aa0000)
 concurrent mark-sweep generation total 79844K, used 48098K [0x00000000d6e00000, 0x00000000dbbf9000, 0x0000000100000000)
 Metaspace       used 64320K, capacity 67034K, committed 67400K, reserved 1107968K
  class space    used 8203K, capacity 8717K, committed 8780K, reserved 1048576K
}
2022-08-07T09:30:11.102+0000: 26.917: Application time: 0.0015776 seconds
2022-08-07T09:30:11.102+0000: 26.917: [GC (CMS Initial Mark) [1 CMS-initial-mark: 48098K(79844K)] 50070K(98852K), 0.0025590 secs] [Times: user=0.00 sys=0.00, real=0.01 secs] 
2022-08-07T09:30:11.106+0000: 26.920: [CMS-concurrent-mark-start]
2022-08-07T09:30:11.122+0000: 26.936: Application time: 0.0159982 seconds
2022-08-07T09:30:11.154+0000: 26.968: Application time: 0.0318505 seconds
{Heap before GC invocations=306 (full 32):
 par new generation   total 19008K, used 18323K [0x00000000c2600000, 0x00000000c3aa0000, 0x00000000d6e00000)
  eden space 16896K, 100% used [0x00000000c2600000, 0x00000000c3680000, 0x00000000c3680000)
  from space 2112K,  67% used [0x00000000c3680000, 0x00000000c37e4e88, 0x00000000c3890000)
  to   space 2112K,   0% used [0x00000000c3890000, 0x00000000c3890000, 0x00000000c3aa0000)
 concurrent mark-sweep generation total 79844K, used 48098K [0x00000000d6e00000, 0x00000000dbbf9000, 0x0000000100000000)
 Metaspace       used 64324K, capacity 67034K, committed 67400K, reserved 1107968K
  class space    used 8204K, capacity 8717K, committed 8780K, reserved 1048576K
2022-08-07T09:30:11.154+0000: 26.968: [GC (Allocation Failure) 2022-08-07T09:30:11.154+0000: 26.969: [ParNew: 18323K->1620K(19008K), 0.0142097 secs] 66422K->49718K(98852K), 0.0152127 secs] [Times: user=0.02 sys=0.00, real=0.01 secs] 
Heap after GC invocations=307 (full 32):
 par new generation   total 19008K, used 1620K [0x00000000c2600000, 0x00000000c3aa0000, 0x00000000d6e00000)
  eden space 16896K,   0% used [0x00000000c2600000, 0x00000000c2600000, 0x00000000c3680000)
  from space 2112K,  76% used [0x00000000c3890000, 0x00000000c3a250b0, 0x00000000c3aa0000)
  to   space 2112K,   0% used [0x00000000c3680000, 0x00000000c3680000, 0x00000000c3890000)
 concurrent mark-sweep generation total 79844K, used 48098K [0x00000000d6e00000, 0x00000000dbbf9000, 0x0000000100000000)
 Metaspace       used 64324K, capacity 67034K, committed 67400K, reserved 1107968K
  class space    used 8204K, capacity 8717K, committed 8780K, reserved 1048576K
}
2022-08-07T09:30:11.187+0000: 27.001: Application time: 0.0165663 seconds
2022-08-07T09:30:11.187+0000: 27.002: Application time: 0.0002578 seconds
2022-08-07T09:30:11.187+0000: 27.002: Application time: 0.0001624 seconds
2022-08-07T09:30:11.188+0000: 27.002: Application time: 0.0002014 seconds
2022-08-07T09:30:11.228+0000: 27.043: Application time: 0.0408044 seconds
{Heap before GC invocations=307 (full 32):
 par new generation   total 19008K, used 18516K [0x00000000c2600000, 0x00000000c3aa0000, 0x00000000d6e00000)
  eden space 16896K, 100% used [0x00000000c2600000, 0x00000000c3680000, 0x00000000c3680000)
  from space 2112K,  76% used [0x00000000c3890000, 0x00000000c3a250b0, 0x00000000c3aa0000)
  to   space 2112K,   0% used [0x00000000c3680000, 0x00000000c3680000, 0x00000000c3890000)
 concurrent mark-sweep generation total 79844K, used 48098K [0x00000000d6e00000, 0x00000000dbbf9000, 0x0000000100000000)
 Metaspace       used 64354K, capacity 67034K, committed 67400K, reserved 1107968K
  class space    used 8209K, capacity 8717K, committed 8780K, reserved 1048576K
2022-08-07T09:30:11.229+0000: 27.043: [GC (Allocation Failure) 2022-08-07T09:30:11.229+0000: 27.044: [ParNew: 18516K->1526K(19008K), 0.0128301 secs] 66614K->49672K(98852K), 0.0142050 secs] [Times: user=0.03 sys=0.01, real=0.02 secs] 
Heap after GC invocations=308 (full 32):
 par new generation   total 19008K, used 1526K [0x00000000c2600000, 0x00000000c3aa0000, 0x00000000d6e00000)
  eden space 16896K,   0% used [0x00000000c2600000, 0x00000000c2600000, 0x00000000c3680000)
  from space 2112K,  72% used [0x00000000c3680000, 0x00000000c37fdb58, 0x00000000c3890000)
  to   space 2112K,   0% used [0x00000000c3890000, 0x00000000c3890000, 0x00000000c3aa0000)
 concurrent mark-sweep generation total 79844K, used 48145K [0x00000000d6e00000, 0x00000000dbbf9000, 0x0000000100000000)
 Metaspace       used 64354K, capacity 67034K, committed 67400K, reserved 1107968K
  class space    used 8209K, capacity 8717K, committed 8780K, reserved 1048576K
}
2022-08-07T09:30:11.247+0000: 27.062: [CMS-concurrent-mark: 0.106/0.142 secs] [Times: user=0.30 sys=0.03, real=0.14 secs] 
2022-08-07T09:30:11.248+0000: 27.062: [CMS-concurrent-preclean-start]
2022-08-07T09:30:11.282+0000: 27.097: Application time: 0.0385403 seconds
2022-08-07T09:30:11.283+0000: 27.097: Application time: 0.0002191 seconds
2022-08-07T09:30:11.283+0000: 27.098: Application time: 0.0002563 seconds
2022-08-07T09:30:11.284+0000: 27.098: Application time: 0.0002262 seconds
2022-08-07T09:30:11.284+0000: 27.099: Application time: 0.0001946 seconds
2022-08-07T09:30:11.286+0000: 27.101: Application time: 0.0019185 seconds
2022-08-07T09:30:11.288+0000: 27.102: Application time: 0.0015069 seconds
{Heap before GC invocations=308 (full 32):
 par new generation   total 19008K, used 18422K [0x00000000c2600000, 0x00000000c3aa0000, 0x00000000d6e00000)
  eden space 16896K, 100% used [0x00000000c2600000, 0x00000000c3680000, 0x00000000c3680000)
  from space 2112K,  72% used [0x00000000c3680000, 0x00000000c37fdb58, 0x00000000c3890000)
  to   space 2112K,   0% used [0x00000000c3890000, 0x00000000c3890000, 0x00000000c3aa0000)
 concurrent mark-sweep generation total 79844K, used 48145K [0x00000000d6e00000, 0x00000000dbbf9000, 0x0000000100000000)
 Metaspace       used 64365K, capacity 67098K, committed 67400K, reserved 1107968K
  class space    used 8210K, capacity 8717K, committed 8780K, reserved 1048576K
2022-08-07T09:30:11.289+0000: 27.103: [GC (Allocation Failure) 2022-08-07T09:30:11.289+0000: 27.103: [ParNew: 18422K->1872K(19008K), 0.0035143 secs] 66568K->50109K(98852K), 0.0043525 secs] [Times: user=0.01 sys=0.01, real=0.01 secs] 
Heap after GC invocations=309 (full 32):
 par new generation   total 19008K, used 1872K [0x00000000c2600000, 0x00000000c3aa0000, 0x00000000d6e00000)
  eden space 16896K,   0% used [0x00000000c2600000, 0x00000000c2600000, 0x00000000c3680000)
  from space 2112K,  88% used [0x00000000c3890000, 0x00000000c3a642d0, 0x00000000c3aa0000)
  to   space 2112K,   0% used [0x00000000c3680000, 0x00000000c3680000, 0x00000000c3890000)
 concurrent mark-sweep generation total 79844K, used 48236K [0x00000000d6e00000, 0x00000000dbbf9000, 0x0000000100000000)
 Metaspace       used 64365K, capacity 67098K, committed 67400K, reserved 1107968K
  class space    used 8210K, capacity 8717K, committed 8780K, reserved 1048576K
}
2022-08-07T09:30:11.294+0000: 27.108: [CMS-concurrent-preclean: 0.022/0.046 secs] [Times: user=0.12 sys=0.04, real=0.05 secs] 
2022-08-07T09:30:11.295+0000: 27.110: Application time: 0.0017234 seconds
2022-08-07T09:30:11.296+0000: 27.110: [GC (CMS Final Remark) [YG occupancy: 2213 K (19008 K)]2022-08-07T09:30:11.296+0000: 27.111: [Rescan (parallel) , 0.0032868 secs]2022-08-07T09:30:11.300+0000: 27.114: [weak refs processing, 0.0004303 secs]2022-08-07T09:30:11.300+0000: 27.115: [class unloading, 0.0098342 secs]2022-08-07T09:30:11.311+0000: 27.125: [scrub symbol table, 0.0123013 secs]2022-08-07T09:30:11.323+0000: 27.138: [scrub string table, 0.0010992 secs][1 CMS-remark: 48236K(79844K)] 50449K(98852K), 0.0292727 secs] [Times: user=0.03 sys=0.00, real=0.03 secs] 
2022-08-07T09:30:11.326+0000: 27.141: [CMS-concurrent-sweep-start]
2022-08-07T09:30:11.333+0000: 27.148: Application time: 0.0076929 seconds
2022-08-07T09:30:11.337+0000: 27.151: Application time: 0.0029768 seconds
2022-08-07T09:30:11.349+0000: 27.163: [CMS-concurrent-sweep: 0.021/0.022 secs] [Times: user=0.08 sys=0.00, real=0.02 secs] 
2022-08-07T09:30:11.350+0000: 27.164: [CMS-concurrent-reset-start]
2022-08-07T09:30:11.350+0000: 27.165: [CMS-concurrent-reset: 0.001/0.001 secs] [Times: user=0.00 sys=0.00, real=0.00 secs] 
2022-08-07T09:30:11.358+0000: 27.173: Application time: 0.0213278 seconds
2022-08-07T09:30:11.416+0000: 27.230: Application time: 0.0564769 seconds
{Heap before GC invocations=309 (full 32):
 par new generation   total 19008K, used 18759K [0x00000000c2600000, 0x00000000c3aa0000, 0x00000000d6e00000)
  eden space 16896K,  99% used [0x00000000c2600000, 0x00000000c367d958, 0x00000000c3680000)
  from space 2112K,  88% used [0x00000000c3890000, 0x00000000c3a642d0, 0x00000000c3aa0000)
  to   space 2112K,   0% used [0x00000000c3680000, 0x00000000c3680000, 0x00000000c3890000)
 concurrent mark-sweep generation total 80360K, used 48215K [0x00000000d6e00000, 0x00000000dbc7a000, 0x0000000100000000)
 Metaspace       used 64422K, capacity 67132K, committed 67400K, reserved 1107968K
  class space    used 8219K, capacity 8724K, committed 8780K, reserved 1048576K
2022-08-07T09:30:11.423+0000: 27.238: [GC (Allocation Failure) 2022-08-07T09:30:11.424+0000: 27.239: [ParNew: 18759K->1885K(19008K), 0.0145436 secs] 66974K->50207K(99368K), 0.0167183 secs] [Times: user=0.02 sys=0.00, real=0.01 secs] 
Heap after GC invocations=310 (full 32):
 par new generation   total 19008K, used 1885K [0x00000000c2600000, 0x00000000c3aa0000, 0x00000000d6e00000)
  eden space 16896K,   0% used [0x00000000c2600000, 0x00000000c2600000, 0x00000000c3680000)
  from space 2112K,  89% used [0x00000000c3680000, 0x00000000c3857470, 0x00000000c3890000)
  to   space 2112K,   0% used [0x00000000c3890000, 0x00000000c3890000, 0x00000000c3aa0000)
 concurrent mark-sweep generation total 80360K, used 48322K [0x00000000d6e00000, 0x00000000dbc7a000, 0x0000000100000000)
 Metaspace       used 64422K, capacity 67132K, committed 67400K, reserved 1107968K
  class space    used 8219K, capacity 8724K, committed 8780K, reserved 1048576K
}
2022-08-07T09:30:11.442+0000: 27.257: Application time: 0.0007780 seconds
2022-08-07T09:30:11.445+0000: 27.259: [GC (CMS Initial Mark) [1 CMS-initial-mark: 48322K(80360K)] 51647K(99368K), 0.0032671 secs] [Times: user=0.01 sys=0.00, real=0.00 secs] 
2022-08-07T09:30:11.449+0000: 27.264: [CMS-concurrent-mark-start]
2022-08-07T09:30:11.454+0000: 27.269: Application time: 0.0049567 seconds
{Heap before GC invocations=310 (full 33):
 par new generation   total 19008K, used 18758K [0x00000000c2600000, 0x00000000c3aa0000, 0x00000000d6e00000)
  eden space 16896K,  99% used [0x00000000c2600000, 0x00000000c367a5a8, 0x00000000c3680000)
  from space 2112K,  89% used [0x00000000c3680000, 0x00000000c3857470, 0x00000000c3890000)
  to   space 2112K,   0% used [0x00000000c3890000, 0x00000000c3890000, 0x00000000c3aa0000)
 concurrent mark-sweep generation total 80360K, used 48322K [0x00000000d6e00000, 0x00000000dbc7a000, 0x0000000100000000)
 Metaspace       used 64427K, capacity 67132K, committed 67400K, reserved 1107968K
  class space    used 8219K, capacity 8724K, committed 8780K, reserved 1048576K
2022-08-07T09:30:11.455+0000: 27.269: [GC (Allocation Failure) 2022-08-07T09:30:11.455+0000: 27.270: [ParNew: 18758K->1336K(19008K), 0.0092848 secs] 67080K->50278K(99368K), 0.0101135 secs] [Times: user=0.03 sys=0.01, real=0.01 secs] 
Heap after GC invocations=311 (full 33):
 par new generation   total 19008K, used 1336K [0x00000000c2600000, 0x00000000c3aa0000, 0x00000000d6e00000)
  eden space 16896K,   0% used [0x00000000c2600000, 0x00000000c2600000, 0x00000000c3680000)
  from space 2112K,  63% used [0x00000000c3890000, 0x00000000c39de060, 0x00000000c3aa0000)
  to   space 2112K,   0% used [0x00000000c3680000, 0x00000000c3680000, 0x00000000c3890000)
 concurrent mark-sweep generation total 80360K, used 48942K [0x00000000d6e00000, 0x00000000dbc7a000, 0x0000000100000000)
 Metaspace       used 64427K, capacity 67132K, committed 67400K, reserved 1107968K
  class space    used 8219K, capacity 8724K, committed 8780K, reserved 1048576K
}
2022-08-07T09:30:11.487+0000: 27.301: Application time: 0.0204634 seconds
2022-08-07T09:30:11.502+0000: 27.317: Application time: 0.0148090 seconds
2022-08-07T09:30:11.505+0000: 27.319: Application time: 0.0026495 seconds
2022-08-07T09:30:11.552+0000: 27.366: Application time: 0.0463585 seconds
{Heap before GC invocations=311 (full 33):
 par new generation   total 19008K, used 18232K [0x00000000c2600000, 0x00000000c3aa0000, 0x00000000d6e00000)
  eden space 16896K, 100% used [0x00000000c2600000, 0x00000000c3680000, 0x00000000c3680000)
  from space 2112K,  63% used [0x00000000c3890000, 0x00000000c39de060, 0x00000000c3aa0000)
  to   space 2112K,   0% used [0x00000000c3680000, 0x00000000c3680000, 0x00000000c3890000)
 concurrent mark-sweep generation total 80360K, used 48942K [0x00000000d6e00000, 0x00000000dbc7a000, 0x0000000100000000)
 Metaspace       used 64490K, capacity 67202K, committed 67400K, reserved 1107968K
  class space    used 8224K, capacity 8725K, committed 8780K, reserved 1048576K
2022-08-07T09:30:11.553+0000: 27.367: [GC (Allocation Failure) 2022-08-07T09:30:11.553+0000: 27.367: [ParNew: 18232K->1487K(19008K), 0.0029950 secs] 67174K->50429K(99368K), 0.0036509 secs] [Times: user=0.01 sys=0.00, real=0.01 secs] 
Heap after GC invocations=312 (full 33):
 par new generation   total 19008K, used 1487K [0x00000000c2600000, 0x00000000c3aa0000, 0x00000000d6e00000)
  eden space 16896K,   0% used [0x00000000c2600000, 0x00000000c2600000, 0x00000000c3680000)
  from space 2112K,  70% used [0x00000000c3680000, 0x00000000c37f3ca8, 0x00000000c3890000)
  to   space 2112K,   0% used [0x00000000c3890000, 0x00000000c3890000, 0x00000000c3aa0000)
 concurrent mark-sweep generation total 80360K, used 48942K [0x00000000d6e00000, 0x00000000dbc7a000, 0x0000000100000000)
 Metaspace       used 64490K, capacity 67202K, committed 67400K, reserved 1107968K
  class space    used 8224K, capacity 8725K, committed 8780K, reserved 1048576K
}
2022-08-07T09:30:11.564+0000: 27.379: [CMS-concurrent-mark: 0.096/0.115 secs] [Times: user=0.36 sys=0.05, real=0.12 secs] 
2022-08-07T09:30:11.565+0000: 27.379: [CMS-concurrent-preclean-start]
2022-08-07T09:30:11.611+0000: 27.426: [CMS-concurrent-preclean: 0.027/0.046 secs] [Times: user=0.14 sys=0.04, real=0.04 secs] 
2022-08-07T09:30:11.612+0000: 27.426: [CMS-concurrent-abortable-preclean-start]
2022-08-07T09:30:11.627+0000: 27.441: [CMS-concurrent-abortable-preclean: 0.013/0.015 secs] [Times: user=0.06 sys=0.01, real=0.02 secs] 
2022-08-07T09:30:11.627+0000: 27.442: Application time: 0.0707530 seconds
2022-08-07T09:30:11.628+0000: 27.442: [GC (CMS Final Remark) [YG occupancy: 11786 K (19008 K)]2022-08-07T09:30:11.628+0000: 27.443: [Rescan (parallel) , 0.0050943 secs]2022-08-07T09:30:11.634+0000: 27.448: [weak refs processing, 0.0016877 secs]2022-08-07T09:30:11.636+0000: 27.451: [class unloading, 0.0112184 secs]2022-08-07T09:30:11.648+0000: 27.462: [scrub symbol table, 0.0182419 secs]2022-08-07T09:30:11.666+0000: 27.481: [scrub string table, 0.0010414 secs][1 CMS-remark: 48942K(80360K)] 60729K(99368K), 0.0398585 secs] [Times: user=0.11 sys=0.01, real=0.04 secs] 
2022-08-07T09:30:11.669+0000: 27.483: [CMS-concurrent-sweep-start]
2022-08-07T09:30:11.699+0000: 27.514: [CMS-concurrent-sweep: 0.031/0.031 secs] [Times: user=0.09 sys=0.02, real=0.03 secs] 
2022-08-07T09:30:11.702+0000: 27.516: [CMS-concurrent-reset-start]
2022-08-07T09:30:11.703+0000: 27.518: [CMS-concurrent-reset: 0.001/0.001 secs] [Times: user=0.00 sys=0.00, real=0.01 secs] 
2022-08-07T09:30:11.715+0000: 27.530: Application time: 0.0468183 seconds
2022-08-07T09:30:11.716+0000: 27.531: Application time: 0.0003520 seconds
2022-08-07T09:30:11.718+0000: 27.532: Application time: 0.0012616 seconds
{Heap before GC invocations=312 (full 33):
 par new generation   total 19008K, used 18383K [0x00000000c2600000, 0x00000000c3aa0000, 0x00000000d6e00000)
  eden space 16896K, 100% used [0x00000000c2600000, 0x00000000c3680000, 0x00000000c3680000)
  from space 2112K,  70% used [0x00000000c3680000, 0x00000000c37f3ca8, 0x00000000c3890000)
  to   space 2112K,   0% used [0x00000000c3890000, 0x00000000c3890000, 0x00000000c3aa0000)
 concurrent mark-sweep generation total 81528K, used 48916K [0x00000000d6e00000, 0x00000000dbd9e000, 0x0000000100000000)
 Metaspace       used 64634K, capacity 67368K, committed 67656K, reserved 1107968K
  class space    used 8236K, capacity 8744K, committed 8780K, reserved 1048576K
2022-08-07T09:30:11.718+0000: 27.533: [GC (Allocation Failure) 2022-08-07T09:30:11.719+0000: 27.533: [ParNew: 18383K->1799K(19008K), 0.0079387 secs] 67299K->50941K(100536K), 0.0085783 secs] [Times: user=0.02 sys=0.01, real=0.01 secs] 
Heap after GC invocations=313 (full 33):
 par new generation   total 19008K, used 1799K [0x00000000c2600000, 0x00000000c3aa0000, 0x00000000d6e00000)
  eden space 16896K,   0% used [0x00000000c2600000, 0x00000000c2600000, 0x00000000c3680000)
  from space 2112K,  85% used [0x00000000c3890000, 0x00000000c3a51ea8, 0x00000000c3aa0000)
  to   space 2112K,   0% used [0x00000000c3680000, 0x00000000c3680000, 0x00000000c3890000)
 concurrent mark-sweep generation total 81528K, used 49141K [0x00000000d6e00000, 0x00000000dbd9e000, 0x0000000100000000)
 Metaspace       used 64634K, capacity 67368K, committed 67656K, reserved 1107968K
  class space    used 8236K, capacity 8744K, committed 8780K, reserved 1048576K
}
2022-08-07T09:30:11.730+0000: 27.545: Application time: 0.0022585 seconds
2022-08-07T09:30:11.731+0000: 27.545: [GC (CMS Initial Mark) [1 CMS-initial-mark: 49141K(81528K)] 51299K(100536K), 0.0043783 secs] [Times: user=0.01 sys=0.00, real=0.01 secs] 
2022-08-07T09:30:11.736+0000: 27.551: [CMS-concurrent-mark-start]
2022-08-07T09:30:11.930+0000: 27.745: [CMS-concurrent-mark: 0.194/0.194 secs] [Times: user=0.46 sys=0.18, real=0.19 secs] 
2022-08-07T09:30:11.931+0000: 27.745: [CMS-concurrent-preclean-start]
2022-08-07T09:30:11.938+0000: 27.753: [CMS-concurrent-preclean: 0.005/0.008 secs] [Times: user=0.02 sys=0.00, real=0.01 secs] 
2022-08-07T09:30:11.939+0000: 27.753: [CMS-concurrent-abortable-preclean-start]
2022-08-07T09:30:11.960+0000: 27.775: Application time: 0.2243513 seconds
{Heap before GC invocations=313 (full 34):
 par new generation   total 19008K, used 18695K [0x00000000c2600000, 0x00000000c3aa0000, 0x00000000d6e00000)
  eden space 16896K, 100% used [0x00000000c2600000, 0x00000000c3680000, 0x00000000c3680000)
  from space 2112K,  85% used [0x00000000c3890000, 0x00000000c3a51ea8, 0x00000000c3aa0000)
  to   space 2112K,   0% used [0x00000000c3680000, 0x00000000c3680000, 0x00000000c3890000)
 concurrent mark-sweep generation total 81528K, used 49141K [0x00000000d6e00000, 0x00000000dbd9e000, 0x0000000100000000)
 Metaspace       used 64739K, capacity 67494K, committed 67784K, reserved 1107968K
  class space    used 8243K, capacity 8781K, committed 8908K, reserved 1048576K
2022-08-07T09:30:11.961+0000: 27.775: [GC (Allocation Failure) 2022-08-07T09:30:11.961+0000: 27.776: [ParNew: 18695K->1913K(19008K), 0.0053287 secs] 67837K->51646K(100536K), 0.0063329 secs] [Times: user=0.02 sys=0.01, real=0.01 secs] 
Heap after GC invocations=314 (full 34):
 par new generation   total 19008K, used 1913K [0x00000000c2600000, 0x00000000c3aa0000, 0x00000000d6e00000)
  eden space 16896K,   0% used [0x00000000c2600000, 0x00000000c2600000, 0x00000000c3680000)
  from space 2112K,  90% used [0x00000000c3680000, 0x00000000c385e670, 0x00000000c3890000)
  to   space 2112K,   0% used [0x00000000c3890000, 0x00000000c3890000, 0x00000000c3aa0000)
 concurrent mark-sweep generation total 81528K, used 49733K [0x00000000d6e00000, 0x00000000dbd9e000, 0x0000000100000000)
 Metaspace       used 64739K, capacity 67494K, committed 67784K, reserved 1107968K
  class space    used 8243K, capacity 8781K, committed 8908K, reserved 1048576K
}
2022-08-07T09:30:12.023+0000: 27.838: [CMS-concurrent-abortable-preclean: 0.057/0.084 secs] [Times: user=0.27 sys=0.06, real=0.09 secs] 
2022-08-07T09:30:12.024+0000: 27.839: Application time: 0.0567496 seconds
2022-08-07T09:30:12.024+0000: 27.839: [GC (CMS Final Remark) [YG occupancy: 12975 K (19008 K)]2022-08-07T09:30:12.025+0000: 27.839: [Rescan (parallel) , 0.0051541 secs]2022-08-07T09:30:12.031+0000: 27.845: [weak refs processing, 0.0004216 secs]2022-08-07T09:30:12.031+0000: 27.846: [class unloading, 0.0106802 secs]2022-08-07T09:30:12.042+0000: 27.857: [scrub symbol table, 0.0122425 secs]2022-08-07T09:30:12.055+0000: 27.869: [scrub string table, 0.0010176 secs][1 CMS-remark: 49733K(81528K)] 62708K(100536K), 0.0318706 secs] [Times: user=0.07 sys=0.01, real=0.03 secs] 
2022-08-07T09:30:12.057+0000: 27.872: [CMS-concurrent-sweep-start]
2022-08-07T09:30:12.080+0000: 27.894: [CMS-concurrent-sweep: 0.023/0.023 secs] [Times: user=0.08 sys=0.00, real=0.02 secs] 
2022-08-07T09:30:12.081+0000: 27.896: [CMS-concurrent-reset-start]
2022-08-07T09:30:12.082+0000: 27.896: [CMS-concurrent-reset: 0.001/0.001 secs] [Times: user=0.00 sys=0.00, real=0.00 secs] 
2022-08-07T09:30:12.112+0000: 27.927: Application time: 0.0553396 seconds
{Heap before GC invocations=314 (full 34):
 par new generation   total 19008K, used 18809K [0x00000000c2600000, 0x00000000c3aa0000, 0x00000000d6e00000)
  eden space 16896K, 100% used [0x00000000c2600000, 0x00000000c3680000, 0x00000000c3680000)
  from space 2112K,  90% used [0x00000000c3680000, 0x00000000c385e670, 0x00000000c3890000)
  to   space 2112K,   0% used [0x00000000c3890000, 0x00000000c3890000, 0x00000000c3aa0000)
 concurrent mark-sweep generation total 82860K, used 49715K [0x00000000d6e00000, 0x00000000dbeeb000, 0x0000000100000000)
 Metaspace       used 64908K, capacity 67712K, committed 68040K, reserved 1107968K
  class space    used 8255K, capacity 8796K, committed 8908K, reserved 1048576K
2022-08-07T09:30:12.113+0000: 27.927: [GC (Allocation Failure) 2022-08-07T09:30:12.113+0000: 27.928: [ParNew: 18809K->1322K(19008K), 0.0189600 secs] 68524K->51721K(101868K), 0.0226311 secs] [Times: user=0.05 sys=0.01, real=0.03 secs] 
Heap after GC invocations=315 (full 34):
 par new generation   total 19008K, used 1322K [0x00000000c2600000, 0x00000000c3aa0000, 0x00000000d6e00000)
  eden space 16896K,   0% used [0x00000000c2600000, 0x00000000c2600000, 0x00000000c3680000)
  from space 2112K,  62% used [0x00000000c3890000, 0x00000000c39da8e0, 0x00000000c3aa0000)
  to   space 2112K,   0% used [0x00000000c3680000, 0x00000000c3680000, 0x00000000c3890000)
 concurrent mark-sweep generation total 82860K, used 50399K [0x00000000d6e00000, 0x00000000dbeeb000, 0x0000000100000000)
 Metaspace       used 64908K, capacity 67712K, committed 68040K, reserved 1107968K
  class space    used 8255K, capacity 8796K, committed 8908K, reserved 1048576K
}
2022-08-07T09:30:12.141+0000: 27.955: Application time: 0.0046132 seconds
2022-08-07T09:30:12.141+0000: 27.955: [GC (CMS Initial Mark) [1 CMS-initial-mark: 50399K(82860K)] 52081K(101868K), 0.0027450 secs] [Times: user=0.00 sys=0.00, real=0.01 secs] 
2022-08-07T09:30:12.144+0000: 27.959: [CMS-concurrent-mark-start]
2022-08-07T09:30:12.239+0000: 28.053: [CMS-concurrent-mark: 0.094/0.094 secs] [Times: user=0.32 sys=0.02, real=0.09 secs] 
2022-08-07T09:30:12.239+0000: 28.054: [CMS-concurrent-preclean-start]
2022-08-07T09:30:12.248+0000: 28.063: [CMS-concurrent-preclean: 0.006/0.009 secs] [Times: user=0.03 sys=0.00, real=0.01 secs] 
2022-08-07T09:30:12.249+0000: 28.063: [CMS-concurrent-abortable-preclean-start]
2022-08-07T09:30:12.291+0000: 28.106: Application time: 0.1469928 seconds
{Heap before GC invocations=315 (full 35):
 par new generation   total 19008K, used 18218K [0x00000000c2600000, 0x00000000c3aa0000, 0x00000000d6e00000)
  eden space 16896K, 100% used [0x00000000c2600000, 0x00000000c3680000, 0x00000000c3680000)
  from space 2112K,  62% used [0x00000000c3890000, 0x00000000c39da8e0, 0x00000000c3aa0000)
  to   space 2112K,   0% used [0x00000000c3680000, 0x00000000c3680000, 0x00000000c3890000)
 concurrent mark-sweep generation total 82860K, used 50399K [0x00000000d6e00000, 0x00000000dbeeb000, 0x0000000100000000)
 Metaspace       used 65128K, capacity 67928K, committed 68040K, reserved 1107968K
  class space    used 8269K, capacity 8800K, committed 8908K, reserved 1048576K
2022-08-07T09:30:12.292+0000: 28.106: [GC (Allocation Failure) 2022-08-07T09:30:12.293+0000: 28.107: [ParNew: 18218K->2112K(19008K), 0.0095953 secs] 68617K->52595K(101868K), 0.0109432 secs] [Times: user=0.03 sys=0.00, real=0.01 secs] 
Heap after GC invocations=316 (full 35):
 par new generation   total 19008K, used 2112K [0x00000000c2600000, 0x00000000c3aa0000, 0x00000000d6e00000)
  eden space 16896K,   0% used [0x00000000c2600000, 0x00000000c2600000, 0x00000000c3680000)
  from space 2112K, 100% used [0x00000000c3680000, 0x00000000c3890000, 0x00000000c3890000)
  to   space 2112K,   0% used [0x00000000c3890000, 0x00000000c3890000, 0x00000000c3aa0000)
 concurrent mark-sweep generation total 82860K, used 50483K [0x00000000d6e00000, 0x00000000dbeeb000, 0x0000000100000000)
 Metaspace       used 65128K, capacity 67928K, committed 68040K, reserved 1107968K
  class space    used 8269K, capacity 8800K, committed 8908K, reserved 1048576K
}
2022-08-07T09:30:12.396+0000: 28.211: Application time: 0.0929970 seconds
{Heap before GC invocations=316 (full 35):
 par new generation   total 19008K, used 19008K [0x00000000c2600000, 0x00000000c3aa0000, 0x00000000d6e00000)
  eden space 16896K, 100% used [0x00000000c2600000, 0x00000000c3680000, 0x00000000c3680000)
  from space 2112K, 100% used [0x00000000c3680000, 0x00000000c3890000, 0x00000000c3890000)
  to   space 2112K,   0% used [0x00000000c3890000, 0x00000000c3890000, 0x00000000c3aa0000)
 concurrent mark-sweep generation total 82860K, used 50483K [0x00000000d6e00000, 0x00000000dbeeb000, 0x0000000100000000)
 Metaspace       used 65186K, capacity 68004K, committed 68296K, reserved 1107968K
  class space    used 8271K, capacity 8802K, committed 8908K, reserved 1048576K
2022-08-07T09:30:12.405+0000: 28.220: [GC (Allocation Failure) 2022-08-07T09:30:12.409+0000: 28.224: [ParNew: 19008K->1846K(19008K), 0.0145129 secs] 69491K->53210K(101868K), 0.0188317 secs] [Times: user=0.03 sys=0.01, real=0.02 secs] 
Heap after GC invocations=317 (full 35):
 par new generation   total 19008K, used 1846K [0x00000000c2600000, 0x00000000c3aa0000, 0x00000000d6e00000)
  eden space 16896K,   0% used [0x00000000c2600000, 0x00000000c2600000, 0x00000000c3680000)
  from space 2112K,  87% used [0x00000000c3890000, 0x00000000c3a5db98, 0x00000000c3aa0000)
  to   space 2112K,   0% used [0x00000000c3680000, 0x00000000c3680000, 0x00000000c3890000)
 concurrent mark-sweep generation total 82860K, used 51363K [0x00000000d6e00000, 0x00000000dbeeb000, 0x0000000100000000)
 Metaspace       used 65186K, capacity 68004K, committed 68296K, reserved 1107968K
  class space    used 8271K, capacity 8802K, committed 8908K, reserved 1048576K
}
2022-08-07T09:30:12.425+0000: 28.240: [CMS-concurrent-abortable-preclean: 0.068/0.177 secs] [Times: user=0.42 sys=0.08, real=0.18 secs] 
2022-08-07T09:30:12.426+0000: 28.240: Application time: 0.0011277 seconds
2022-08-07T09:30:12.426+0000: 28.241: [GC (CMS Final Remark) [YG occupancy: 2208 K (19008 K)]2022-08-07T09:30:12.427+0000: 28.241: [Rescan (parallel) , 0.0062001 secs]2022-08-07T09:30:12.433+0000: 28.248: [weak refs processing, 0.0010041 secs]2022-08-07T09:30:12.435+0000: 28.249: [class unloading, 0.0142921 secs]2022-08-07T09:30:12.449+0000: 28.264: [scrub symbol table, 0.0120791 secs]2022-08-07T09:30:12.462+0000: 28.276: [scrub string table, 0.0010259 secs][1 CMS-remark: 51363K(82860K)] 53571K(101868K), 0.0369011 secs] [Times: user=0.07 sys=0.00, real=0.04 secs] 
2022-08-07T09:30:12.464+0000: 28.279: [CMS-concurrent-sweep-start]
2022-08-07T09:30:12.490+0000: 28.304: [CMS-concurrent-sweep: 0.025/0.025 secs] [Times: user=0.08 sys=0.01, real=0.02 secs] 
2022-08-07T09:30:12.491+0000: 28.306: [CMS-concurrent-reset-start]
2022-08-07T09:30:12.492+0000: 28.306: [CMS-concurrent-reset: 0.001/0.001 secs] [Times: user=0.00 sys=0.00, real=0.00 secs] 
2022-08-07T09:30:12.545+0000: 28.360: Application time: 0.0812311 seconds
2022-08-07T09:30:12.578+0000: 28.392: Application time: 0.0321292 seconds
{Heap before GC invocations=317 (full 35):
 par new generation   total 19008K, used 18742K [0x00000000c2600000, 0x00000000c3aa0000, 0x00000000d6e00000)
  eden space 16896K, 100% used [0x00000000c2600000, 0x00000000c3680000, 0x00000000c3680000)
  from space 2112K,  87% used [0x00000000c3890000, 0x00000000c3a5db98, 0x00000000c3aa0000)
  to   space 2112K,   0% used [0x00000000c3680000, 0x00000000c3680000, 0x00000000c3890000)
 concurrent mark-sweep generation total 84124K, used 50472K [0x00000000d6e00000, 0x00000000dc027000, 0x0000000100000000)
 Metaspace       used 65234K, capacity 68066K, committed 68296K, reserved 1107968K
  class space    used 8273K, capacity 8801K, committed 8908K, reserved 1048576K
2022-08-07T09:30:12.578+0000: 28.393: [GC (Allocation Failure) 2022-08-07T09:30:12.579+0000: 28.393: [ParNew: 18742K->2112K(19008K), 0.0077923 secs] 69215K->52747K(103132K), 0.0086945 secs] [Times: user=0.03 sys=0.00, real=0.01 secs] 
Heap after GC invocations=318 (full 35):
 par new generation   total 19008K, used 2112K [0x00000000c2600000, 0x00000000c3aa0000, 0x00000000d6e00000)
  eden space 16896K,   0% used [0x00000000c2600000, 0x00000000c2600000, 0x00000000c3680000)
  from space 2112K, 100% used [0x00000000c3680000, 0x00000000c3890000, 0x00000000c3890000)
  to   space 2112K,   0% used [0x00000000c3890000, 0x00000000c3890000, 0x00000000c3aa0000)
 concurrent mark-sweep generation total 84124K, used 50635K [0x00000000d6e00000, 0x00000000dc027000, 0x0000000100000000)
 Metaspace       used 65234K, capacity 68066K, committed 68296K, reserved 1107968K
  class space    used 8273K, capacity 8801K, committed 8908K, reserved 1048576K
}
2022-08-07T09:30:12.588+0000: 28.403: Application time: 0.0007434 seconds
2022-08-07T09:30:12.589+0000: 28.403: [GC (CMS Initial Mark) [1 CMS-initial-mark: 50635K(84124K)] 53108K(103132K), 0.0028591 secs] [Times: user=0.01 sys=0.00, real=0.00 secs] 
2022-08-07T09:30:12.592+0000: 28.407: [CMS-concurrent-mark-start]
2022-08-07T09:30:12.688+0000: 28.503: [CMS-concurrent-mark: 0.096/0.096 secs] [Times: user=0.34 sys=0.03, real=0.10 secs] 
2022-08-07T09:30:12.689+0000: 28.504: [CMS-concurrent-preclean-start]
2022-08-07T09:30:12.727+0000: 28.541: [CMS-concurrent-preclean: 0.023/0.038 secs] [Times: user=0.08 sys=0.04, real=0.04 secs] 
2022-08-07T09:30:12.727+0000: 28.542: [CMS-concurrent-abortable-preclean-start]
2022-08-07T09:30:12.742+0000: 28.557: Application time: 0.1499197 seconds
{Heap before GC invocations=318 (full 36):
 par new generation   total 19008K, used 19008K [0x00000000c2600000, 0x00000000c3aa0000, 0x00000000d6e00000)
  eden space 16896K, 100% used [0x00000000c2600000, 0x00000000c3680000, 0x00000000c3680000)
  from space 2112K, 100% used [0x00000000c3680000, 0x00000000c3890000, 0x00000000c3890000)
  to   space 2112K,   0% used [0x00000000c3890000, 0x00000000c3890000, 0x00000000c3aa0000)
 concurrent mark-sweep generation total 84124K, used 50635K [0x00000000d6e00000, 0x00000000dc027000, 0x0000000100000000)
 Metaspace       used 65372K, capacity 68160K, committed 68296K, reserved 1107968K
  class space    used 8280K, capacity 8806K, committed 8908K, reserved 1048576K
2022-08-07T09:30:12.743+0000: 28.557: [GC (Allocation Failure) 2022-08-07T09:30:12.743+0000: 28.558: [ParNew: 19008K->1778K(19008K), 0.0675155 secs] 69643K->54584K(103132K), 0.0681454 secs] [Times: user=0.09 sys=0.02, real=0.07 secs] 
Heap after GC invocations=319 (full 36):
 par new generation   total 19008K, used 1778K [0x00000000c2600000, 0x00000000c3aa0000, 0x00000000d6e00000)
  eden space 16896K,   0% used [0x00000000c2600000, 0x00000000c2600000, 0x00000000c3680000)
  from space 2112K,  84% used [0x00000000c3890000, 0x00000000c3a4ca28, 0x00000000c3aa0000)
  to   space 2112K,   0% used [0x00000000c3680000, 0x00000000c3680000, 0x00000000c3890000)
 concurrent mark-sweep generation total 84124K, used 52805K [0x00000000d6e00000, 0x00000000dc027000, 0x0000000100000000)
 Metaspace       used 65372K, capacity 68160K, committed 68296K, reserved 1107968K
  class space    used 8280K, capacity 8806K, committed 8908K, reserved 1048576K
}
2022-08-07T09:30:12.924+0000: 28.739: [CMS-concurrent-abortable-preclean: 0.081/0.197 secs] [Times: user=0.39 sys=0.14, real=0.20 secs] 
2022-08-07T09:30:12.925+0000: 28.740: Application time: 0.1134497 seconds
2022-08-07T09:30:12.926+0000: 28.740: [GC (CMS Final Remark) [YG occupancy: 18326 K (19008 K)]2022-08-07T09:30:12.926+0000: 28.741: [Rescan (parallel) , 0.0075007 secs]2022-08-07T09:30:12.934+0000: 28.749: [weak refs processing, 0.0013450 secs]2022-08-07T09:30:12.936+0000: 28.750: [class unloading, 0.0141377 secs]2022-08-07T09:30:12.950+0000: 28.765: [scrub symbol table, 0.0126500 secs]2022-08-07T09:30:12.963+0000: 28.778: [scrub string table, 0.0011570 secs][1 CMS-remark: 52805K(84124K)] 71131K(103132K), 0.0389594 secs] [Times: user=0.06 sys=0.00, real=0.04 secs] 
2022-08-07T09:30:12.966+0000: 28.781: [CMS-concurrent-sweep-start]
2022-08-07T09:30:12.972+0000: 28.787: Application time: 0.0071988 seconds
{Heap before GC invocations=319 (full 36):
 par new generation   total 19008K, used 18674K [0x00000000c2600000, 0x00000000c3aa0000, 0x00000000d6e00000)
  eden space 16896K, 100% used [0x00000000c2600000, 0x00000000c3680000, 0x00000000c3680000)
  from space 2112K,  84% used [0x00000000c3890000, 0x00000000c3a4ca28, 0x00000000c3aa0000)
  to   space 2112K,   0% used [0x00000000c3680000, 0x00000000c3680000, 0x00000000c3890000)
 concurrent mark-sweep generation total 84124K, used 52798K [0x00000000d6e00000, 0x00000000dc027000, 0x0000000100000000)
 Metaspace       used 65474K, capacity 68344K, committed 68552K, reserved 1110016K
  class space    used 8289K, capacity 8842K, committed 8908K, reserved 1048576K
2022-08-07T09:30:12.973+0000: 28.787: [GC (Allocation Failure) 2022-08-07T09:30:12.973+0000: 28.788: [ParNew: 18674K->1290K(19008K), 0.0046456 secs] 71473K->54088K(103132K), 0.0057438 secs] [Times: user=0.01 sys=0.00, real=0.01 secs] 
Heap after GC invocations=320 (full 36):
 par new generation   total 19008K, used 1290K [0x00000000c2600000, 0x00000000c3aa0000, 0x00000000d6e00000)
  eden space 16896K,   0% used [0x00000000c2600000, 0x00000000c2600000, 0x00000000c3680000)
  from space 2112K,  61% used [0x00000000c3680000, 0x00000000c37c2940, 0x00000000c3890000)
  to   space 2112K,   0% used [0x00000000c3890000, 0x00000000c3890000, 0x00000000c3aa0000)
 concurrent mark-sweep generation total 84124K, used 52798K [0x00000000d6e00000, 0x00000000dc027000, 0x0000000100000000)
 Metaspace       used 65474K, capacity 68344K, committed 68552K, reserved 1110016K
  class space    used 8289K, capacity 8842K, committed 8908K, reserved 1048576K
}
2022-08-07T09:30:12.998+0000: 28.813: [CMS-concurrent-sweep: 0.024/0.032 secs] [Times: user=0.10 sys=0.01, real=0.03 secs] 
2022-08-07T09:30:12.999+0000: 28.814: [CMS-concurrent-reset-start]
2022-08-07T09:30:13.000+0000: 28.814: [CMS-concurrent-reset: 0.001/0.001 secs] [Times: user=0.00 sys=0.00, real=0.00 secs] 
2022-08-07T09:30:13.056+0000: 28.871: Application time: 0.0768030 seconds
2022-08-07T09:30:13.082+0000: 28.897: Application time: 0.0254858 seconds
2022-08-07T09:30:13.113+0000: 28.928: Application time: 0.0306499 seconds
{Heap before GC invocations=320 (full 36):
 par new generation   total 19008K, used 18186K [0x00000000c2600000, 0x00000000c3aa0000, 0x00000000d6e00000)
  eden space 16896K, 100% used [0x00000000c2600000, 0x00000000c3680000, 0x00000000c3680000)
  from space 2112K,  61% used [0x00000000c3680000, 0x00000000c37c2940, 0x00000000c3890000)
  to   space 2112K,   0% used [0x00000000c3890000, 0x00000000c3890000, 0x00000000c3aa0000)
 concurrent mark-sweep generation total 87708K, used 52623K [0x00000000d6e00000, 0x00000000dc3a7000, 0x0000000100000000)
 Metaspace       used 65546K, capacity 68426K, committed 68808K, reserved 1110016K
  class space    used 8295K, capacity 8835K, committed 8908K, reserved 1048576K
2022-08-07T09:30:13.113+0000: 28.928: [GC (Allocation Failure) 2022-08-07T09:30:13.114+0000: 28.929: [ParNew: 18186K->1671K(19008K), 0.0051753 secs] 70809K->54294K(106716K), 0.0064727 secs] [Times: user=0.02 sys=0.00, real=0.00 secs] 
Heap after GC invocations=321 (full 36):
 par new generation   total 19008K, used 1671K [0x00000000c2600000, 0x00000000c3aa0000, 0x00000000d6e00000)
  eden space 16896K,   0% used [0x00000000c2600000, 0x00000000c2600000, 0x00000000c3680000)
  from space 2112K,  79% used [0x00000000c3890000, 0x00000000c3a31d20, 0x00000000c3aa0000)
  to   space 2112K,   0% used [0x00000000c3680000, 0x00000000c3680000, 0x00000000c3890000)
 concurrent mark-sweep generation total 87708K, used 52623K [0x00000000d6e00000, 0x00000000dc3a7000, 0x0000000100000000)
 Metaspace       used 65546K, capacity 68426K, committed 68808K, reserved 1110016K
  class space    used 8295K, capacity 8835K, committed 8908K, reserved 1048576K
}
2022-08-07T09:30:13.168+0000: 28.982: Application time: 0.0472442 seconds
{Heap before GC invocations=321 (full 36):
 par new generation   total 19008K, used 18567K [0x00000000c2600000, 0x00000000c3aa0000, 0x00000000d6e00000)
  eden space 16896K, 100% used [0x00000000c2600000, 0x00000000c3680000, 0x00000000c3680000)
  from space 2112K,  79% used [0x00000000c3890000, 0x00000000c3a31d20, 0x00000000c3aa0000)
  to   space 2112K,   0% used [0x00000000c3680000, 0x00000000c3680000, 0x00000000c3890000)
 concurrent mark-sweep generation total 87708K, used 52623K [0x00000000d6e00000, 0x00000000dc3a7000, 0x0000000100000000)
 Metaspace       used 65606K, capacity 68496K, committed 68808K, reserved 1110016K
  class space    used 8306K, capacity 8836K, committed 8908K, reserved 1048576K
2022-08-07T09:30:13.169+0000: 28.983: [GC (Allocation Failure) 2022-08-07T09:30:13.169+0000: 28.984: [ParNew: 18567K->1684K(19008K), 0.0071737 secs] 71190K->54882K(106716K), 0.0080210 secs] [Times: user=0.03 sys=0.00, real=0.01 secs] 
Heap after GC invocations=322 (full 36):
 par new generation   total 19008K, used 1684K [0x00000000c2600000, 0x00000000c3aa0000, 0x00000000d6e00000)
  eden space 16896K,   0% used [0x00000000c2600000, 0x00000000c2600000, 0x00000000c3680000)
  from space 2112K,  79% used [0x00000000c3680000, 0x00000000c38253a8, 0x00000000c3890000)
  to   space 2112K,   0% used [0x00000000c3890000, 0x00000000c3890000, 0x00000000c3aa0000)
 concurrent mark-sweep generation total 87708K, used 53197K [0x00000000d6e00000, 0x00000000dc3a7000, 0x0000000100000000)
 Metaspace       used 65606K, capacity 68496K, committed 68808K, reserved 1110016K
  class space    used 8306K, capacity 8836K, committed 8908K, reserved 1048576K
}
2022-08-07T09:30:13.178+0000: 28.993: Application time: 0.0007692 seconds
2022-08-07T09:30:13.179+0000: 28.993: [GC (CMS Initial Mark) [1 CMS-initial-mark: 53197K(87708K)] 55244K(106716K), 0.0023743 secs] [Times: user=0.01 sys=0.00, real=0.00 secs] 
2022-08-07T09:30:13.182+0000: 28.996: [CMS-concurrent-mark-start]
2022-08-07T09:30:13.220+0000: 29.034: Application time: 0.0378243 seconds
{Heap before GC invocations=322 (full 37):
 par new generation   total 19008K, used 18580K [0x00000000c2600000, 0x00000000c3aa0000, 0x00000000d6e00000)
  eden space 16896K, 100% used [0x00000000c2600000, 0x00000000c3680000, 0x00000000c3680000)
  from space 2112K,  79% used [0x00000000c3680000, 0x00000000c38253a8, 0x00000000c3890000)
  to   space 2112K,   0% used [0x00000000c3890000, 0x00000000c3890000, 0x00000000c3aa0000)
 concurrent mark-sweep generation total 87708K, used 53197K [0x00000000d6e00000, 0x00000000dc3a7000, 0x0000000100000000)
 Metaspace       used 65616K, capacity 68496K, committed 68808K, reserved 1110016K
  class space    used 8307K, capacity 8836K, committed 8908K, reserved 1048576K
2022-08-07T09:30:13.220+0000: 29.034: [GC (Allocation Failure) 2022-08-07T09:30:13.221+0000: 29.035: [ParNew: 18580K->1513K(19008K), 0.0068428 secs] 71778K->54710K(106716K), 0.0079399 secs] [Times: user=0.02 sys=0.01, real=0.01 secs] 
Heap after GC invocations=323 (full 37):
 par new generation   total 19008K, used 1513K [0x00000000c2600000, 0x00000000c3aa0000, 0x00000000d6e00000)
  eden space 16896K,   0% used [0x00000000c2600000, 0x00000000c2600000, 0x00000000c3680000)
  from space 2112K,  71% used [0x00000000c3890000, 0x00000000c3a0a630, 0x00000000c3aa0000)
  to   space 2112K,   0% used [0x00000000c3680000, 0x00000000c3680000, 0x00000000c3890000)
 concurrent mark-sweep generation total 87708K, used 53197K [0x00000000d6e00000, 0x00000000dc3a7000, 0x0000000100000000)
 Metaspace       used 65616K, capacity 68496K, committed 68808K, reserved 1110016K
  class space    used 8307K, capacity 8836K, committed 8908K, reserved 1048576K
}
2022-08-07T09:30:13.290+0000: 29.105: Application time: 0.0617567 seconds
{Heap before GC invocations=323 (full 37):
 par new generation   total 19008K, used 18409K [0x00000000c2600000, 0x00000000c3aa0000, 0x00000000d6e00000)
  eden space 16896K, 100% used [0x00000000c2600000, 0x00000000c3680000, 0x00000000c3680000)
  from space 2112K,  71% used [0x00000000c3890000, 0x00000000c3a0a630, 0x00000000c3aa0000)
  to   space 2112K,   0% used [0x00000000c3680000, 0x00000000c3680000, 0x00000000c3890000)
 concurrent mark-sweep generation total 87708K, used 53197K [0x00000000d6e00000, 0x00000000dc3a7000, 0x0000000100000000)
 Metaspace       used 65631K, capacity 68496K, committed 68808K, reserved 1110016K
  class space    used 8308K, capacity 8836K, committed 8908K, reserved 1048576K
2022-08-07T09:30:13.301+0000: 29.116: [GC (Allocation Failure) 2022-08-07T09:30:13.302+0000: 29.116: [ParNew: 18409K->1387K(19008K), 0.0074383 secs] 71606K->54584K(106716K), 0.0081242 secs] [Times: user=0.01 sys=0.01, real=0.01 secs] 
Heap after GC invocations=324 (full 37):
 par new generation   total 19008K, used 1387K [0x00000000c2600000, 0x00000000c3aa0000, 0x00000000d6e00000)
  eden space 16896K,   0% used [0x00000000c2600000, 0x00000000c2600000, 0x00000000c3680000)
  from space 2112K,  65% used [0x00000000c3680000, 0x00000000c37daf20, 0x00000000c3890000)
  to   space 2112K,   0% used [0x00000000c3890000, 0x00000000c3890000, 0x00000000c3aa0000)
 concurrent mark-sweep generation total 87708K, used 53197K [0x00000000d6e00000, 0x00000000dc3a7000, 0x0000000100000000)
 Metaspace       used 65631K, capacity 68496K, committed 68808K, reserved 1110016K
  class space    used 8308K, capacity 8836K, committed 8908K, reserved 1048576K
}
2022-08-07T09:30:13.322+0000: 29.136: [CMS-concurrent-mark: 0.110/0.140 secs] [Times: user=0.38 sys=0.04, real=0.14 secs] 
2022-08-07T09:30:13.324+0000: 29.139: [CMS-concurrent-preclean-start]
2022-08-07T09:30:13.363+0000: 29.178: [CMS-concurrent-preclean: 0.023/0.039 secs] [Times: user=0.10 sys=0.04, real=0.04 secs] 
2022-08-07T09:30:13.364+0000: 29.178: [CMS-concurrent-abortable-preclean-start]
2022-08-07T09:30:13.369+0000: 29.183: Application time: 0.0584665 seconds
{Heap before GC invocations=324 (full 37):
 par new generation   total 19008K, used 18283K [0x00000000c2600000, 0x00000000c3aa0000, 0x00000000d6e00000)
  eden space 16896K, 100% used [0x00000000c2600000, 0x00000000c3680000, 0x00000000c3680000)
  from space 2112K,  65% used [0x00000000c3680000, 0x00000000c37daf20, 0x00000000c3890000)
  to   space 2112K,   0% used [0x00000000c3890000, 0x00000000c3890000, 0x00000000c3aa0000)
 concurrent mark-sweep generation total 87708K, used 53197K [0x00000000d6e00000, 0x00000000dc3a7000, 0x0000000100000000)
 Metaspace       used 65641K, capacity 68496K, committed 68808K, reserved 1110016K
  class space    used 8308K, capacity 8836K, committed 8908K, reserved 1048576K
2022-08-07T09:30:13.369+0000: 29.184: [GC (Allocation Failure) 2022-08-07T09:30:13.369+0000: 29.184: [ParNew: 18283K->1041K(19008K), 0.0069984 secs] 71480K->54656K(106716K), 0.0077609 secs] [Times: user=0.02 sys=0.00, real=0.01 secs] 
Heap after GC invocations=325 (full 37):
 par new generation   total 19008K, used 1041K [0x00000000c2600000, 0x00000000c3aa0000, 0x00000000d6e00000)
  eden space 16896K,   0% used [0x00000000c2600000, 0x00000000c2600000, 0x00000000c3680000)
  from space 2112K,  49% used [0x00000000c3890000, 0x00000000c3994480, 0x00000000c3aa0000)
  to   space 2112K,   0% used [0x00000000c3680000, 0x00000000c3680000, 0x00000000c3890000)
 concurrent mark-sweep generation total 87708K, used 53615K [0x00000000d6e00000, 0x00000000dc3a7000, 0x0000000100000000)
 Metaspace       used 65641K, capacity 68496K, committed 68808K, reserved 1110016K
  class space    used 8308K, capacity 8836K, committed 8908K, reserved 1048576K
}
2022-08-07T09:30:13.411+0000: 29.226: Application time: 0.0337550 seconds
{Heap before GC invocations=325 (full 37):
 par new generation   total 19008K, used 17937K [0x00000000c2600000, 0x00000000c3aa0000, 0x00000000d6e00000)
  eden space 16896K, 100% used [0x00000000c2600000, 0x00000000c3680000, 0x00000000c3680000)
  from space 2112K,  49% used [0x00000000c3890000, 0x00000000c3994480, 0x00000000c3aa0000)
  to   space 2112K,   0% used [0x00000000c3680000, 0x00000000c3680000, 0x00000000c3890000)
 concurrent mark-sweep generation total 87708K, used 53615K [0x00000000d6e00000, 0x00000000dc3a7000, 0x0000000100000000)
 Metaspace       used 65660K, capacity 68504K, committed 68808K, reserved 1110016K
  class space    used 8311K, capacity 8838K, committed 8908K, reserved 1048576K
2022-08-07T09:30:13.412+0000: 29.227: [GC (Allocation Failure) 2022-08-07T09:30:13.413+0000: 29.227: [ParNew: 17937K->1019K(19008K), 0.0050943 secs] 71552K->54635K(106716K), 0.0058125 secs] [Times: user=0.02 sys=0.00, real=0.01 secs] 
Heap after GC invocations=326 (full 37):
 par new generation   total 19008K, used 1019K [0x00000000c2600000, 0x00000000c3aa0000, 0x00000000d6e00000)
  eden space 16896K,   0% used [0x00000000c2600000, 0x00000000c2600000, 0x00000000c3680000)
  from space 2112K,  48% used [0x00000000c3680000, 0x00000000c377efb0, 0x00000000c3890000)
  to   space 2112K,   0% used [0x00000000c3890000, 0x00000000c3890000, 0x00000000c3aa0000)
 concurrent mark-sweep generation total 87708K, used 53615K [0x00000000d6e00000, 0x00000000dc3a7000, 0x0000000100000000)
 Metaspace       used 65660K, capacity 68504K, committed 68808K, reserved 1110016K
  class space    used 8311K, capacity 8838K, committed 8908K, reserved 1048576K
}
2022-08-07T09:30:13.438+0000: 29.252: Application time: 0.0188252 seconds
{Heap before GC invocations=326 (full 37):
 par new generation   total 19008K, used 17915K [0x00000000c2600000, 0x00000000c3aa0000, 0x00000000d6e00000)
  eden space 16896K, 100% used [0x00000000c2600000, 0x00000000c3680000, 0x00000000c3680000)
  from space 2112K,  48% used [0x00000000c3680000, 0x00000000c377efb0, 0x00000000c3890000)
  to   space 2112K,   0% used [0x00000000c3890000, 0x00000000c3890000, 0x00000000c3aa0000)
 concurrent mark-sweep generation total 87708K, used 53615K [0x00000000d6e00000, 0x00000000dc3a7000, 0x0000000100000000)
 Metaspace       used 65660K, capacity 68504K, committed 68808K, reserved 1110016K
  class space    used 8311K, capacity 8838K, committed 8908K, reserved 1048576K
2022-08-07T09:30:13.439+0000: 29.253: [GC (Allocation Failure) 2022-08-07T09:30:13.439+0000: 29.254: [ParNew: 17915K->856K(19008K), 0.0055382 secs] 71531K->54471K(106716K), 0.0062512 secs] [Times: user=0.02 sys=0.00, real=0.01 secs] 
Heap after GC invocations=327 (full 37):
 par new generation   total 19008K, used 856K [0x00000000c2600000, 0x00000000c3aa0000, 0x00000000d6e00000)
  eden space 16896K,   0% used [0x00000000c2600000, 0x00000000c2600000, 0x00000000c3680000)
  from space 2112K,  40% used [0x00000000c3890000, 0x00000000c39662e0, 0x00000000c3aa0000)
  to   space 2112K,   0% used [0x00000000c3680000, 0x00000000c3680000, 0x00000000c3890000)
 concurrent mark-sweep generation total 87708K, used 53615K [0x00000000d6e00000, 0x00000000dc3a7000, 0x0000000100000000)
 Metaspace       used 65660K, capacity 68504K, committed 68808K, reserved 1110016K
  class space    used 8311K, capacity 8838K, committed 8908K, reserved 1048576K
}
2022-08-07T09:30:13.479+0000: 29.293: [CMS-concurrent-abortable-preclean: 0.048/0.115 secs] [Times: user=0.32 sys=0.06, real=0.11 secs] 
2022-08-07T09:30:13.486+0000: 29.300: Application time: 0.0403722 seconds
{Heap before GC invocations=327 (full 37):
 par new generation   total 19008K, used 17752K [0x00000000c2600000, 0x00000000c3aa0000, 0x00000000d6e00000)
  eden space 16896K, 100% used [0x00000000c2600000, 0x00000000c3680000, 0x00000000c3680000)
  from space 2112K,  40% used [0x00000000c3890000, 0x00000000c39662e0, 0x00000000c3aa0000)
  to   space 2112K,   0% used [0x00000000c3680000, 0x00000000c3680000, 0x00000000c3890000)
 concurrent mark-sweep generation total 87708K, used 53615K [0x00000000d6e00000, 0x00000000dc3a7000, 0x0000000100000000)
 Metaspace       used 65663K, capacity 68512K, committed 68808K, reserved 1110016K
  class space    used 8312K, capacity 8840K, committed 8908K, reserved 1048576K
2022-08-07T09:30:13.486+0000: 29.301: [GC (Allocation Failure) 2022-08-07T09:30:13.487+0000: 29.301: [ParNew: 17752K->1213K(19008K), 0.0322067 secs] 71367K->54828K(106716K), 0.0336264 secs] [Times: user=0.04 sys=0.00, real=0.03 secs] 
Heap after GC invocations=328 (full 37):
 par new generation   total 19008K, used 1213K [0x00000000c2600000, 0x00000000c3aa0000, 0x00000000d6e00000)
  eden space 16896K,   0% used [0x00000000c2600000, 0x00000000c2600000, 0x00000000c3680000)
  from space 2112K,  57% used [0x00000000c3680000, 0x00000000c37af690, 0x00000000c3890000)
  to   space 2112K,   0% used [0x00000000c3890000, 0x00000000c3890000, 0x00000000c3aa0000)
 concurrent mark-sweep generation total 87708K, used 53615K [0x00000000d6e00000, 0x00000000dc3a7000, 0x0000000100000000)
 Metaspace       used 65663K, capacity 68512K, committed 68808K, reserved 1110016K
  class space    used 8312K, capacity 8840K, committed 8908K, reserved 1048576K
}
2022-08-07T09:30:13.524+0000: 29.339: Application time: 0.0040692 seconds
2022-08-07T09:30:13.525+0000: 29.339: [GC (CMS Final Remark) [YG occupancy: 4614 K (19008 K)]2022-08-07T09:30:13.525+0000: 29.340: [Rescan (parallel) , 0.0039760 secs]2022-08-07T09:30:13.529+0000: 29.344: [weak refs processing, 0.0008355 secs]2022-08-07T09:30:13.530+0000: 29.345: [class unloading, 0.0156917 secs]2022-08-07T09:30:13.546+0000: 29.361: [scrub symbol table, 0.0131155 secs]2022-08-07T09:30:13.560+0000: 29.374: [scrub string table, 0.0010845 secs][1 CMS-remark: 53615K(87708K)] 58229K(106716K), 0.0364817 secs] [Times: user=0.07 sys=0.00, real=0.03 secs] 
2022-08-07T09:30:13.566+0000: 29.381: [CMS-concurrent-sweep-start]
2022-08-07T09:30:13.591+0000: 29.405: [CMS-concurrent-sweep: 0.024/0.024 secs] [Times: user=0.09 sys=0.01, real=0.02 secs] 
2022-08-07T09:30:13.591+0000: 29.406: [CMS-concurrent-reset-start]
2022-08-07T09:30:13.592+0000: 29.406: [CMS-concurrent-reset: 0.000/0.000 secs] [Times: user=0.00 sys=0.00, real=0.00 secs] 
2022-08-07T09:30:13.630+0000: 29.444: Application time: 0.0678033 seconds
{Heap before GC invocations=328 (full 37):
 par new generation   total 19008K, used 18109K [0x00000000c2600000, 0x00000000c3aa0000, 0x00000000d6e00000)
  eden space 16896K, 100% used [0x00000000c2600000, 0x00000000c3680000, 0x00000000c3680000)
  from space 2112K,  57% used [0x00000000c3680000, 0x00000000c37af690, 0x00000000c3890000)
  to   space 2112K,   0% used [0x00000000c3890000, 0x00000000c3890000, 0x00000000c3aa0000)
 concurrent mark-sweep generation total 88808K, used 53282K [0x00000000d6e00000, 0x00000000dc4ba000, 0x0000000100000000)
 Metaspace       used 65685K, capacity 68508K, committed 68808K, reserved 1110016K
  class space    used 8310K, capacity 8856K, committed 8908K, reserved 1048576K
2022-08-07T09:30:13.630+0000: 29.445: [GC (Allocation Failure) 2022-08-07T09:30:13.630+0000: 29.445: [ParNew: 18109K->1924K(19008K), 0.0038230 secs] 71392K->55206K(107816K), 0.0045831 secs] [Times: user=0.02 sys=0.00, real=0.01 secs] 
Heap after GC invocations=329 (full 37):
 par new generation   total 19008K, used 1924K [0x00000000c2600000, 0x00000000c3aa0000, 0x00000000d6e00000)
  eden space 16896K,   0% used [0x00000000c2600000, 0x00000000c2600000, 0x00000000c3680000)
  from space 2112K,  91% used [0x00000000c3890000, 0x00000000c3a710f8, 0x00000000c3aa0000)
  to   space 2112K,   0% used [0x00000000c3680000, 0x00000000c3680000, 0x00000000c3890000)
 concurrent mark-sweep generation total 88808K, used 53282K [0x00000000d6e00000, 0x00000000dc4ba000, 0x0000000100000000)
 Metaspace       used 65685K, capacity 68508K, committed 68808K, reserved 1110016K
  class space    used 8310K, capacity 8856K, committed 8908K, reserved 1048576K
}
2022-08-07T09:30:13.666+0000: 29.480: Application time: 0.0305284 seconds
{Heap before GC invocations=329 (full 37):
 par new generation   total 19008K, used 18820K [0x00000000c2600000, 0x00000000c3aa0000, 0x00000000d6e00000)
  eden space 16896K, 100% used [0x00000000c2600000, 0x00000000c3680000, 0x00000000c3680000)
  from space 2112K,  91% used [0x00000000c3890000, 0x00000000c3a710f8, 0x00000000c3aa0000)
  to   space 2112K,   0% used [0x00000000c3680000, 0x00000000c3680000, 0x00000000c3890000)
 concurrent mark-sweep generation total 88808K, used 53282K [0x00000000d6e00000, 0x00000000dc4ba000, 0x0000000100000000)
 Metaspace       used 65687K, capacity 68508K, committed 68808K, reserved 1110016K
  class space    used 8310K, capacity 8856K, committed 8908K, reserved 1048576K
2022-08-07T09:30:13.667+0000: 29.481: [GC (Allocation Failure) 2022-08-07T09:30:13.667+0000: 29.482: [ParNew: 18820K->1994K(19008K), 0.0042978 secs] 72102K->55779K(107816K), 0.0049164 secs] [Times: user=0.02 sys=0.00, real=0.00 secs] 
Heap after GC invocations=330 (full 37):
 par new generation   total 19008K, used 1994K [0x00000000c2600000, 0x00000000c3aa0000, 0x00000000d6e00000)
  eden space 16896K,   0% used [0x00000000c2600000, 0x00000000c2600000, 0x00000000c3680000)
  from space 2112K,  94% used [0x00000000c3680000, 0x00000000c38728c8, 0x00000000c3890000)
  to   space 2112K,   0% used [0x00000000c3890000, 0x00000000c3890000, 0x00000000c3aa0000)
 concurrent mark-sweep generation total 88808K, used 53785K [0x00000000d6e00000, 0x00000000dc4ba000, 0x0000000100000000)
 Metaspace       used 65687K, capacity 68508K, committed 68808K, reserved 1110016K
  class space    used 8310K, capacity 8856K, committed 8908K, reserved 1048576K
}
2022-08-07T09:30:13.673+0000: 29.487: Application time: 0.0002114 seconds
2022-08-07T09:30:13.673+0000: 29.488: [GC (CMS Initial Mark) [1 CMS-initial-mark: 53785K(88808K)] 56133K(107816K), 0.0019480 secs] [Times: user=0.01 sys=0.00, real=0.00 secs] 
2022-08-07T09:30:13.676+0000: 29.490: [CMS-concurrent-mark-start]
2022-08-07T09:30:13.725+0000: 29.540: Application time: 0.0495169 seconds
{Heap before GC invocations=330 (full 38):
 par new generation   total 19008K, used 18890K [0x00000000c2600000, 0x00000000c3aa0000, 0x00000000d6e00000)
  eden space 16896K, 100% used [0x00000000c2600000, 0x00000000c3680000, 0x00000000c3680000)
  from space 2112K,  94% used [0x00000000c3680000, 0x00000000c38728c8, 0x00000000c3890000)
  to   space 2112K,   0% used [0x00000000c3890000, 0x00000000c3890000, 0x00000000c3aa0000)
 concurrent mark-sweep generation total 88808K, used 53785K [0x00000000d6e00000, 0x00000000dc4ba000, 0x0000000100000000)
 Metaspace       used 65690K, capacity 68508K, committed 68808K, reserved 1110016K
  class space    used 8310K, capacity 8856K, committed 8908K, reserved 1048576K
2022-08-07T09:30:13.725+0000: 29.540: [GC (Allocation Failure) 2022-08-07T09:30:13.726+0000: 29.540: [ParNew: 18890K->1160K(19008K), 0.0047143 secs] 72675K->55052K(107816K), 0.0053716 secs] [Times: user=0.02 sys=0.00, real=0.00 secs] 
Heap after GC invocations=331 (full 38):
 par new generation   total 19008K, used 1160K [0x00000000c2600000, 0x00000000c3aa0000, 0x00000000d6e00000)
  eden space 16896K,   0% used [0x00000000c2600000, 0x00000000c2600000, 0x00000000c3680000)
  from space 2112K,  54% used [0x00000000c3890000, 0x00000000c39b2160, 0x00000000c3aa0000)
  to   space 2112K,   0% used [0x00000000c3680000, 0x00000000c3680000, 0x00000000c3890000)
 concurrent mark-sweep generation total 88808K, used 53892K [0x00000000d6e00000, 0x00000000dc4ba000, 0x0000000100000000)
 Metaspace       used 65690K, capacity 68508K, committed 68808K, reserved 1110016K
  class space    used 8310K, capacity 8856K, committed 8908K, reserved 1048576K
}
2022-08-07T09:30:13.791+0000: 29.605: Application time: 0.0593988 seconds
{Heap before GC invocations=331 (full 38):
 par new generation   total 19008K, used 18056K [0x00000000c2600000, 0x00000000c3aa0000, 0x00000000d6e00000)
  eden space 16896K, 100% used [0x00000000c2600000, 0x00000000c3680000, 0x00000000c3680000)
  from space 2112K,  54% used [0x00000000c3890000, 0x00000000c39b2160, 0x00000000c3aa0000)
  to   space 2112K,   0% used [0x00000000c3680000, 0x00000000c3680000, 0x00000000c3890000)
 concurrent mark-sweep generation total 88808K, used 53892K [0x00000000d6e00000, 0x00000000dc4ba000, 0x0000000100000000)
 Metaspace       used 65748K, capacity 68572K, committed 68808K, reserved 1110016K
  class space    used 8325K, capacity 8856K, committed 8908K, reserved 1048576K
2022-08-07T09:30:13.792+0000: 29.606: [GC (Allocation Failure) 2022-08-07T09:30:13.792+0000: 29.607: [ParNew: 18056K->1948K(19008K), 0.0056904 secs] 71948K->55840K(107816K), 0.0065045 secs] [Times: user=0.01 sys=0.00, real=0.01 secs] 
Heap after GC invocations=332 (full 38):
 par new generation   total 19008K, used 1948K [0x00000000c2600000, 0x00000000c3aa0000, 0x00000000d6e00000)
  eden space 16896K,   0% used [0x00000000c2600000, 0x00000000c2600000, 0x00000000c3680000)
  from space 2112K,  92% used [0x00000000c3680000, 0x00000000c3867130, 0x00000000c3890000)
  to   space 2112K,   0% used [0x00000000c3890000, 0x00000000c3890000, 0x00000000c3aa0000)
 concurrent mark-sweep generation total 88808K, used 53892K [0x00000000d6e00000, 0x00000000dc4ba000, 0x0000000100000000)
 Metaspace       used 65748K, capacity 68572K, committed 68808K, reserved 1110016K
  class space    used 8325K, capacity 8856K, committed 8908K, reserved 1048576K
}
2022-08-07T09:30:13.840+0000: 29.654: [CMS-concurrent-mark: 0.149/0.164 secs] [Times: user=0.41 sys=0.13, real=0.16 secs] 
2022-08-07T09:30:13.840+0000: 29.655: [CMS-concurrent-preclean-start]
2022-08-07T09:30:13.847+0000: 29.661: Application time: 0.0476944 seconds
{Heap before GC invocations=332 (full 38):
 par new generation   total 19008K, used 18844K [0x00000000c2600000, 0x00000000c3aa0000, 0x00000000d6e00000)
  eden space 16896K, 100% used [0x00000000c2600000, 0x00000000c3680000, 0x00000000c3680000)
  from space 2112K,  92% used [0x00000000c3680000, 0x00000000c3867130, 0x00000000c3890000)
  to   space 2112K,   0% used [0x00000000c3890000, 0x00000000c3890000, 0x00000000c3aa0000)
 concurrent mark-sweep generation total 88808K, used 53892K [0x00000000d6e00000, 0x00000000dc4ba000, 0x0000000100000000)
 Metaspace       used 65805K, capacity 68636K, committed 69064K, reserved 1110016K
  class space    used 8333K, capacity 8856K, committed 8908K, reserved 1048576K
2022-08-07T09:30:13.847+0000: 29.662: [GC (Allocation Failure) 2022-08-07T09:30:13.847+0000: 29.662: [ParNew: 18844K->1434K(19008K), 0.0039279 secs] 72736K->55484K(107816K), 0.0045625 secs] [Times: user=0.01 sys=0.00, real=0.00 secs] 
Heap after GC invocations=333 (full 38):
 par new generation   total 19008K, used 1434K [0x00000000c2600000, 0x00000000c3aa0000, 0x00000000d6e00000)
  eden space 16896K,   0% used [0x00000000c2600000, 0x00000000c2600000, 0x00000000c3680000)
  from space 2112K,  67% used [0x00000000c3890000, 0x00000000c39f6ac8, 0x00000000c3aa0000)
  to   space 2112K,   0% used [0x00000000c3680000, 0x00000000c3680000, 0x00000000c3890000)
 concurrent mark-sweep generation total 88808K, used 54050K [0x00000000d6e00000, 0x00000000dc4ba000, 0x0000000100000000)
 Metaspace       used 65805K, capacity 68636K, committed 69064K, reserved 1110016K
  class space    used 8333K, capacity 8856K, committed 8908K, reserved 1048576K
}
2022-08-07T09:30:13.891+0000: 29.706: [CMS-concurrent-preclean: 0.026/0.051 secs] [Times: user=0.14 sys=0.06, real=0.05 secs] 
2022-08-07T09:30:13.892+0000: 29.706: [CMS-concurrent-abortable-preclean-start]
2022-08-07T09:30:13.906+0000: 29.720: [CMS-concurrent-abortable-preclean: 0.012/0.014 secs] [Times: user=0.04 sys=0.00, real=0.02 secs] 
2022-08-07T09:30:13.907+0000: 29.721: Application time: 0.0540519 seconds
2022-08-07T09:30:13.907+0000: 29.722: [GC (CMS Final Remark) [YG occupancy: 12258 K (19008 K)]2022-08-07T09:30:13.908+0000: 29.722: [Rescan (parallel) , 0.0042360 secs]2022-08-07T09:30:13.912+0000: 29.727: [weak refs processing, 0.0003616 secs]2022-08-07T09:30:13.913+0000: 29.727: [class unloading, 0.0154183 secs]2022-08-07T09:30:13.929+0000: 29.743: [scrub symbol table, 0.0129367 secs]2022-08-07T09:30:13.942+0000: 29.756: [scrub string table, 0.0011203 secs][1 CMS-remark: 54050K(88808K)] 66309K(107816K), 0.0360994 secs] [Times: user=0.07 sys=0.01, real=0.04 secs] 
2022-08-07T09:30:13.949+0000: 29.764: [CMS-concurrent-sweep-start]
2022-08-07T09:30:13.974+0000: 29.788: [CMS-concurrent-sweep: 0.025/0.025 secs] [Times: user=0.09 sys=0.01, real=0.03 secs] 
2022-08-07T09:30:13.974+0000: 29.789: [CMS-concurrent-reset-start]
2022-08-07T09:30:13.974+0000: 29.789: Application time: 0.0304830 seconds
{Heap before GC invocations=333 (full 38):
 par new generation   total 19008K, used 18330K [0x00000000c2600000, 0x00000000c3aa0000, 0x00000000d6e00000)
  eden space 16896K, 100% used [0x00000000c2600000, 0x00000000c3680000, 0x00000000c3680000)
  from space 2112K,  67% used [0x00000000c3890000, 0x00000000c39f6ac8, 0x00000000c3aa0000)
  to   space 2112K,   0% used [0x00000000c3680000, 0x00000000c3680000, 0x00000000c3890000)
 concurrent mark-sweep generation total 89608K, used 53764K [0x00000000d6e00000, 0x00000000dc582000, 0x0000000100000000)
 Metaspace       used 65954K, capacity 68758K, committed 69064K, reserved 1110016K
  class space    used 8352K, capacity 8883K, committed 8908K, reserved 1048576K
2022-08-07T09:30:13.975+0000: 29.789: [GC (Allocation Failure) 2022-08-07T09:30:13.975+0000: 29.790: [ParNew: 18330K->1285K(19008K), 0.0055566 secs] 72095K->55715K(108616K), 0.0064155 secs] [Times: user=0.01 sys=0.00, real=0.00 secs] 
Heap after GC invocations=334 (full 38):
 par new generation   total 19008K, used 1285K [0x00000000c2600000, 0x00000000c3aa0000, 0x00000000d6e00000)
  eden space 16896K,   0% used [0x00000000c2600000, 0x00000000c2600000, 0x00000000c3680000)
  from space 2112K,  60% used [0x00000000c3680000, 0x00000000c37c17a8, 0x00000000c3890000)
  to   space 2112K,   0% used [0x00000000c3890000, 0x00000000c3890000, 0x00000000c3aa0000)
 concurrent mark-sweep generation total 89608K, used 54429K [0x00000000d6e00000, 0x00000000dc582000, 0x0000000100000000)
 Metaspace       used 65954K, capacity 68758K, committed 69064K, reserved 1110016K
  class space    used 8352K, capacity 8883K, committed 8908K, reserved 1048576K
}
2022-08-07T09:30:13.983+0000: 29.797: [CMS-concurrent-reset: 0.001/0.008 secs] [Times: user=0.01 sys=0.00, real=0.00 secs] 
2022-08-07T09:30:14.040+0000: 29.854: Application time: 0.0575798 seconds
{Heap before GC invocations=334 (full 38):
 par new generation   total 19008K, used 18181K [0x00000000c2600000, 0x00000000c3aa0000, 0x00000000d6e00000)
  eden space 16896K, 100% used [0x00000000c2600000, 0x00000000c3680000, 0x00000000c3680000)
  from space 2112K,  60% used [0x00000000c3680000, 0x00000000c37c17a8, 0x00000000c3890000)
  to   space 2112K,   0% used [0x00000000c3890000, 0x00000000c3890000, 0x00000000c3aa0000)
 concurrent mark-sweep generation total 89608K, used 54429K [0x00000000d6e00000, 0x00000000dc582000, 0x0000000100000000)
 Metaspace       used 66018K, capacity 68834K, committed 69064K, reserved 1110016K
  class space    used 8358K, capacity 8885K, committed 8908K, reserved 1048576K
2022-08-07T09:30:14.040+0000: 29.855: [GC (Allocation Failure) 2022-08-07T09:30:14.041+0000: 29.855: [ParNew: 18181K->1098K(19008K), 0.0030053 secs] 72611K->55528K(108616K), 0.0038117 secs] [Times: user=0.01 sys=0.00, real=0.01 secs] 
Heap after GC invocations=335 (full 38):
 par new generation   total 19008K, used 1098K [0x00000000c2600000, 0x00000000c3aa0000, 0x00000000d6e00000)
  eden space 16896K,   0% used [0x00000000c2600000, 0x00000000c2600000, 0x00000000c3680000)
  from space 2112K,  52% used [0x00000000c3890000, 0x00000000c39a2b58, 0x00000000c3aa0000)
  to   space 2112K,   0% used [0x00000000c3680000, 0x00000000c3680000, 0x00000000c3890000)
 concurrent mark-sweep generation total 89608K, used 54429K [0x00000000d6e00000, 0x00000000dc582000, 0x0000000100000000)
 Metaspace       used 66018K, capacity 68834K, committed 69064K, reserved 1110016K
  class space    used 8358K, capacity 8885K, committed 8908K, reserved 1048576K
}
2022-08-07T09:30:14.045+0000: 29.860: Application time: 0.0003500 seconds
2022-08-07T09:30:14.046+0000: 29.860: [GC (CMS Initial Mark) [1 CMS-initial-mark: 54429K(89608K)] 55538K(108616K), 0.0019636 secs] [Times: user=0.00 sys=0.00, real=0.00 secs] 
2022-08-07T09:30:14.048+0000: 29.863: [CMS-concurrent-mark-start]
2022-08-07T09:30:14.105+0000: 29.919: Application time: 0.0566116 seconds
{Heap before GC invocations=335 (full 39):
 par new generation   total 19008K, used 17994K [0x00000000c2600000, 0x00000000c3aa0000, 0x00000000d6e00000)
  eden space 16896K, 100% used [0x00000000c2600000, 0x00000000c3680000, 0x00000000c3680000)
  from space 2112K,  52% used [0x00000000c3890000, 0x00000000c39a2b58, 0x00000000c3aa0000)
  to   space 2112K,   0% used [0x00000000c3680000, 0x00000000c3680000, 0x00000000c3890000)
 concurrent mark-sweep generation total 89608K, used 54429K [0x00000000d6e00000, 0x00000000dc582000, 0x0000000100000000)
 Metaspace       used 66096K, capacity 68910K, committed 69320K, reserved 1110016K
  class space    used 8363K, capacity 8887K, committed 8908K, reserved 1048576K
2022-08-07T09:30:14.105+0000: 29.920: [GC (Allocation Failure) 2022-08-07T09:30:14.106+0000: 29.920: [ParNew: 17994K->1308K(19008K), 0.0032799 secs] 72424K->55737K(108616K), 0.0040267 secs] [Times: user=0.01 sys=0.01, real=0.00 secs] 
Heap after GC invocations=336 (full 39):
 par new generation   total 19008K, used 1308K [0x00000000c2600000, 0x00000000c3aa0000, 0x00000000d6e00000)
  eden space 16896K,   0% used [0x00000000c2600000, 0x00000000c2600000, 0x00000000c3680000)
  from space 2112K,  61% used [0x00000000c3680000, 0x00000000c37c7000, 0x00000000c3890000)
  to   space 2112K,   0% used [0x00000000c3890000, 0x00000000c3890000, 0x00000000c3aa0000)
 concurrent mark-sweep generation total 89608K, used 54429K [0x00000000d6e00000, 0x00000000dc582000, 0x0000000100000000)
 Metaspace       used 66096K, capacity 68910K, committed 69320K, reserved 1110016K
  class space    used 8363K, capacity 8887K, committed 8908K, reserved 1048576K
}
2022-08-07T09:30:14.160+0000: 29.975: [CMS-concurrent-mark: 0.107/0.112 secs] [Times: user=0.40 sys=0.04, real=0.11 secs] 
2022-08-07T09:30:14.161+0000: 29.975: [CMS-concurrent-preclean-start]
2022-08-07T09:30:14.173+0000: 29.988: Application time: 0.0631816 seconds
{Heap before GC invocations=336 (full 39):
 par new generation   total 19008K, used 18204K [0x00000000c2600000, 0x00000000c3aa0000, 0x00000000d6e00000)
  eden space 16896K, 100% used [0x00000000c2600000, 0x00000000c3680000, 0x00000000c3680000)
  from space 2112K,  61% used [0x00000000c3680000, 0x00000000c37c7000, 0x00000000c3890000)
  to   space 2112K,   0% used [0x00000000c3890000, 0x00000000c3890000, 0x00000000c3aa0000)
 concurrent mark-sweep generation total 89608K, used 54429K [0x00000000d6e00000, 0x00000000dc582000, 0x0000000100000000)
 Metaspace       used 66221K, capacity 68994K, committed 69320K, reserved 1110016K
  class space    used 8376K, capacity 8889K, committed 8908K, reserved 1048576K
2022-08-07T09:30:14.174+0000: 29.988: [GC (Allocation Failure) 2022-08-07T09:30:14.174+0000: 29.989: [ParNew: 18204K->1969K(19008K), 0.0034823 secs] 72633K->56399K(108616K), 0.0041758 secs] [Times: user=0.01 sys=0.00, real=0.00 secs] 
Heap after GC invocations=337 (full 39):
 par new generation   total 19008K, used 1969K [0x00000000c2600000, 0x00000000c3aa0000, 0x00000000d6e00000)
  eden space 16896K,   0% used [0x00000000c2600000, 0x00000000c2600000, 0x00000000c3680000)
  from space 2112K,  93% used [0x00000000c3890000, 0x00000000c3a7c618, 0x00000000c3aa0000)
  to   space 2112K,   0% used [0x00000000c3680000, 0x00000000c3680000, 0x00000000c3890000)
 concurrent mark-sweep generation total 89608K, used 54429K [0x00000000d6e00000, 0x00000000dc582000, 0x0000000100000000)
 Metaspace       used 66221K, capacity 68994K, committed 69320K, reserved 1110016K
  class space    used 8376K, capacity 8889K, committed 8908K, reserved 1048576K
}
2022-08-07T09:30:14.232+0000: 30.047: [CMS-concurrent-preclean: 0.038/0.071 secs] [Times: user=0.17 sys=0.06, real=0.07 secs] 
2022-08-07T09:30:14.233+0000: 30.048: [CMS-concurrent-abortable-preclean-start]
2022-08-07T09:30:14.246+0000: 30.061: Application time: 0.0680617 seconds
{Heap before GC invocations=337 (full 39):
 par new generation   total 19008K, used 18865K [0x00000000c2600000, 0x00000000c3aa0000, 0x00000000d6e00000)
  eden space 16896K, 100% used [0x00000000c2600000, 0x00000000c3680000, 0x00000000c3680000)
  from space 2112K,  93% used [0x00000000c3890000, 0x00000000c3a7c618, 0x00000000c3aa0000)
  to   space 2112K,   0% used [0x00000000c3680000, 0x00000000c3680000, 0x00000000c3890000)
 concurrent mark-sweep generation total 89608K, used 54429K [0x00000000d6e00000, 0x00000000dc582000, 0x0000000100000000)
 Metaspace       used 66224K, capacity 68994K, committed 69320K, reserved 1110016K
  class space    used 8377K, capacity 8889K, committed 8908K, reserved 1048576K
2022-08-07T09:30:14.247+0000: 30.061: [GC (Allocation Failure) 2022-08-07T09:30:14.247+0000: 30.062: [ParNew: 18865K->1740K(19008K), 0.0161411 secs] 73295K->56435K(108616K), 0.0175409 secs] [Times: user=0.05 sys=0.00, real=0.02 secs] 
Heap after GC invocations=338 (full 39):
 par new generation   total 19008K, used 1740K [0x00000000c2600000, 0x00000000c3aa0000, 0x00000000d6e00000)
  eden space 16896K,   0% used [0x00000000c2600000, 0x00000000c2600000, 0x00000000c3680000)
  from space 2112K,  82% used [0x00000000c3680000, 0x00000000c38333b8, 0x00000000c3890000)
  to   space 2112K,   0% used [0x00000000c3890000, 0x00000000c3890000, 0x00000000c3aa0000)
 concurrent mark-sweep generation total 89608K, used 54694K [0x00000000d6e00000, 0x00000000dc582000, 0x0000000100000000)
 Metaspace       used 66224K, capacity 68994K, committed 69320K, reserved 1110016K
  class space    used 8377K, capacity 8889K, committed 8908K, reserved 1048576K
}
2022-08-07T09:30:14.304+0000: 30.118: Application time: 0.0388065 seconds
2022-08-07T09:30:14.316+0000: 30.130: [CMS-concurrent-abortable-preclean: 0.036/0.083 secs] [Times: user=0.23 sys=0.04, real=0.08 secs] 
2022-08-07T09:30:14.317+0000: 30.131: Application time: 0.0116330 seconds
2022-08-07T09:30:14.317+0000: 30.132: [GC (CMS Final Remark) [YG occupancy: 10572 K (19008 K)]2022-08-07T09:30:14.317+0000: 30.132: [Rescan (parallel) , 0.0041220 secs]2022-08-07T09:30:14.322+0000: 30.136: [weak refs processing, 0.0004538 secs]2022-08-07T09:30:14.323+0000: 30.137: [class unloading, 0.0150695 secs]2022-08-07T09:30:14.338+0000: 30.153: [scrub symbol table, 0.0127791 secs]2022-08-07T09:30:14.351+0000: 30.166: [scrub string table, 0.0013128 secs][1 CMS-remark: 54694K(89608K)] 65267K(108616K), 0.0359840 secs] [Times: user=0.05 sys=0.00, real=0.04 secs] 
2022-08-07T09:30:14.355+0000: 30.169: [CMS-concurrent-sweep-start]
2022-08-07T09:30:14.380+0000: 30.194: [CMS-concurrent-sweep: 0.025/0.025 secs] [Times: user=0.09 sys=0.01, real=0.02 secs] 
2022-08-07T09:30:14.380+0000: 30.195: [CMS-concurrent-reset-start]
2022-08-07T09:30:14.381+0000: 30.195: [CMS-concurrent-reset: 0.001/0.001 secs] [Times: user=0.01 sys=0.00, real=0.00 secs] 
2022-08-07T09:30:14.397+0000: 30.212: Application time: 0.0437213 seconds
{Heap before GC invocations=338 (full 39):
 par new generation   total 19008K, used 18636K [0x00000000c2600000, 0x00000000c3aa0000, 0x00000000d6e00000)
  eden space 16896K, 100% used [0x00000000c2600000, 0x00000000c3680000, 0x00000000c3680000)
  from space 2112K,  82% used [0x00000000c3680000, 0x00000000c38333b8, 0x00000000c3890000)
  to   space 2112K,   0% used [0x00000000c3890000, 0x00000000c3890000, 0x00000000c3aa0000)
 concurrent mark-sweep generation total 91108K, used 54662K [0x00000000d6e00000, 0x00000000dc6f9000, 0x0000000100000000)
 Metaspace       used 66605K, capacity 69428K, committed 69704K, reserved 1110016K
  class space    used 8424K, capacity 8952K, committed 9036K, reserved 1048576K
2022-08-07T09:30:14.398+0000: 30.212: [GC (Allocation Failure) 2022-08-07T09:30:14.399+0000: 30.213: [ParNew: 18636K->1852K(19008K), 0.0034805 secs] 73299K->56514K(110116K), 0.0047787 secs] [Times: user=0.01 sys=0.00, real=0.00 secs] 
Heap after GC invocations=339 (full 39):
 par new generation   total 19008K, used 1852K [0x00000000c2600000, 0x00000000c3aa0000, 0x00000000d6e00000)
  eden space 16896K,   0% used [0x00000000c2600000, 0x00000000c2600000, 0x00000000c3680000)
  from space 2112K,  87% used [0x00000000c3890000, 0x00000000c3a5f0f0, 0x00000000c3aa0000)
  to   space 2112K,   0% used [0x00000000c3680000, 0x00000000c3680000, 0x00000000c3890000)
 concurrent mark-sweep generation total 91108K, used 54662K [0x00000000d6e00000, 0x00000000dc6f9000, 0x0000000100000000)
 Metaspace       used 66605K, capacity 69428K, committed 69704K, reserved 1110016K
  class space    used 8424K, capacity 8952K, committed 9036K, reserved 1048576K
}
2022-08-07T09:30:14.463+0000: 30.278: Application time: 0.0597893 seconds
{Heap before GC invocations=339 (full 39):
 par new generation   total 19008K, used 18748K [0x00000000c2600000, 0x00000000c3aa0000, 0x00000000d6e00000)
  eden space 16896K, 100% used [0x00000000c2600000, 0x00000000c3680000, 0x00000000c3680000)
  from space 2112K,  87% used [0x00000000c3890000, 0x00000000c3a5f0f0, 0x00000000c3aa0000)
  to   space 2112K,   0% used [0x00000000c3680000, 0x00000000c3680000, 0x00000000c3890000)
 concurrent mark-sweep generation total 91108K, used 54662K [0x00000000d6e00000, 0x00000000dc6f9000, 0x0000000100000000)
 Metaspace       used 66644K, capacity 69428K, committed 69704K, reserved 1110016K
  class space    used 8430K, capacity 8952K, committed 9036K, reserved 1048576K
2022-08-07T09:30:14.464+0000: 30.278: [GC (Allocation Failure) 2022-08-07T09:30:14.464+0000: 30.279: [ParNew: 18748K->1525K(19008K), 0.0079003 secs] 73410K->56691K(110116K), 0.0086261 secs] [Times: user=0.01 sys=0.00, real=0.00 secs] 
Heap after GC invocations=340 (full 39):
 par new generation   total 19008K, used 1525K [0x00000000c2600000, 0x00000000c3aa0000, 0x00000000d6e00000)
  eden space 16896K,   0% used [0x00000000c2600000, 0x00000000c2600000, 0x00000000c3680000)
  from space 2112K,  72% used [0x00000000c3680000, 0x00000000c37fd678, 0x00000000c3890000)
  to   space 2112K,   0% used [0x00000000c3890000, 0x00000000c3890000, 0x00000000c3aa0000)
 concurrent mark-sweep generation total 91108K, used 55165K [0x00000000d6e00000, 0x00000000dc6f9000, 0x0000000100000000)
 Metaspace       used 66644K, capacity 69428K, committed 69704K, reserved 1110016K
  class space    used 8430K, capacity 8952K, committed 9036K, reserved 1048576K
}
2022-08-07T09:30:14.474+0000: 30.288: Application time: 0.0005748 seconds
2022-08-07T09:30:14.474+0000: 30.289: [GC (CMS Initial Mark) [1 CMS-initial-mark: 55165K(91108K)] 57053K(110116K), 0.0021000 secs] [Times: user=0.00 sys=0.00, real=0.00 secs] 
2022-08-07T09:30:14.477+0000: 30.292: [CMS-concurrent-mark-start]
2022-08-07T09:30:14.540+0000: 30.354: Application time: 0.0628552 seconds
{Heap before GC invocations=340 (full 40):
 par new generation   total 19008K, used 18421K [0x00000000c2600000, 0x00000000c3aa0000, 0x00000000d6e00000)
  eden space 16896K, 100% used [0x00000000c2600000, 0x00000000c3680000, 0x00000000c3680000)
  from space 2112K,  72% used [0x00000000c3680000, 0x00000000c37fd678, 0x00000000c3890000)
  to   space 2112K,   0% used [0x00000000c3890000, 0x00000000c3890000, 0x00000000c3aa0000)
 concurrent mark-sweep generation total 91108K, used 55165K [0x00000000d6e00000, 0x00000000dc6f9000, 0x0000000100000000)
 Metaspace       used 66805K, capacity 69588K, committed 69960K, reserved 1110016K
  class space    used 8450K, capacity 8984K, committed 9036K, reserved 1048576K
2022-08-07T09:30:14.540+0000: 30.354: [GC (Allocation Failure) 2022-08-07T09:30:14.540+0000: 30.355: [ParNew: 18421K->1669K(19008K), 0.0060208 secs] 73587K->56835K(110116K), 0.0070495 secs] [Times: user=0.01 sys=0.00, real=0.01 secs] 
Heap after GC invocations=341 (full 40):
 par new generation   total 19008K, used 1669K [0x00000000c2600000, 0x00000000c3aa0000, 0x00000000d6e00000)
  eden space 16896K,   0% used [0x00000000c2600000, 0x00000000c2600000, 0x00000000c3680000)
  from space 2112K,  79% used [0x00000000c3890000, 0x00000000c3a31710, 0x00000000c3aa0000)
  to   space 2112K,   0% used [0x00000000c3680000, 0x00000000c3680000, 0x00000000c3890000)
 concurrent mark-sweep generation total 91108K, used 55165K [0x00000000d6e00000, 0x00000000dc6f9000, 0x0000000100000000)
 Metaspace       used 66805K, capacity 69588K, committed 69960K, reserved 1110016K
  class space    used 8450K, capacity 8984K, committed 9036K, reserved 1048576K
}
2022-08-07T09:30:14.592+0000: 30.407: [CMS-concurrent-mark: 0.107/0.115 secs] [Times: user=0.26 sys=0.03, real=0.11 secs] 
2022-08-07T09:30:14.593+0000: 30.407: [CMS-concurrent-preclean-start]
2022-08-07T09:30:14.629+0000: 30.443: [CMS-concurrent-preclean: 0.020/0.036 secs] [Times: user=0.02 sys=0.05, real=0.04 secs] 
2022-08-07T09:30:14.629+0000: 30.444: [CMS-concurrent-abortable-preclean-start]
2022-08-07T09:30:14.634+0000: 30.449: Application time: 0.0866216 seconds
{Heap before GC invocations=341 (full 40):
 par new generation   total 19008K, used 18565K [0x00000000c2600000, 0x00000000c3aa0000, 0x00000000d6e00000)
  eden space 16896K, 100% used [0x00000000c2600000, 0x00000000c3680000, 0x00000000c3680000)
  from space 2112K,  79% used [0x00000000c3890000, 0x00000000c3a31710, 0x00000000c3aa0000)
  to   space 2112K,   0% used [0x00000000c3680000, 0x00000000c3680000, 0x00000000c3890000)
 concurrent mark-sweep generation total 91108K, used 55165K [0x00000000d6e00000, 0x00000000dc6f9000, 0x0000000100000000)
 Metaspace       used 67124K, capacity 69886K, committed 70216K, reserved 1110016K
  class space    used 8506K, capacity 9019K, committed 9036K, reserved 1048576K
2022-08-07T09:30:14.635+0000: 30.449: [GC (Allocation Failure) 2022-08-07T09:30:14.635+0000: 30.450: [ParNew: 18565K->1414K(19008K), 0.0076239 secs] 73731K->56775K(110116K), 0.0084981 secs] [Times: user=0.01 sys=0.00, real=0.01 secs] 
Heap after GC invocations=342 (full 40):
 par new generation   total 19008K, used 1414K [0x00000000c2600000, 0x00000000c3aa0000, 0x00000000d6e00000)
  eden space 16896K,   0% used [0x00000000c2600000, 0x00000000c2600000, 0x00000000c3680000)
  from space 2112K,  66% used [0x00000000c3680000, 0x00000000c37e1a08, 0x00000000c3890000)
  to   space 2112K,   0% used [0x00000000c3890000, 0x00000000c3890000, 0x00000000c3aa0000)
 concurrent mark-sweep generation total 91108K, used 55360K [0x00000000d6e00000, 0x00000000dc6f9000, 0x0000000100000000)
 Metaspace       used 67124K, capacity 69886K, committed 70216K, reserved 1110016K
  class space    used 8506K, capacity 9019K, committed 9036K, reserved 1048576K
}
2022-08-07T09:30:14.696+0000: 30.511: Application time: 0.0526956 seconds
{Heap before GC invocations=342 (full 40):
 par new generation   total 19008K, used 18310K [0x00000000c2600000, 0x00000000c3aa0000, 0x00000000d6e00000)
  eden space 16896K, 100% used [0x00000000c2600000, 0x00000000c3680000, 0x00000000c3680000)
  from space 2112K,  66% used [0x00000000c3680000, 0x00000000c37e1a08, 0x00000000c3890000)
  to   space 2112K,   0% used [0x00000000c3890000, 0x00000000c3890000, 0x00000000c3aa0000)
 concurrent mark-sweep generation total 91108K, used 55360K [0x00000000d6e00000, 0x00000000dc6f9000, 0x0000000100000000)
 Metaspace       used 67180K, capacity 69984K, committed 70344K, reserved 1110016K
  class space    used 8516K, capacity 9052K, committed 9164K, reserved 1048576K
2022-08-07T09:30:14.697+0000: 30.511: [GC (Allocation Failure) 2022-08-07T09:30:14.698+0000: 30.512: [ParNew: 18310K->1350K(19008K), 0.0143350 secs] 73671K->56887K(110116K), 0.0153598 secs] [Times: user=0.00 sys=0.02, real=0.01 secs] 
Heap after GC invocations=343 (full 40):
 par new generation   total 19008K, used 1350K [0x00000000c2600000, 0x00000000c3aa0000, 0x00000000d6e00000)
  eden space 16896K,   0% used [0x00000000c2600000, 0x00000000c2600000, 0x00000000c3680000)
  from space 2112K,  63% used [0x00000000c3890000, 0x00000000c39e1a80, 0x00000000c3aa0000)
  to   space 2112K,   0% used [0x00000000c3680000, 0x00000000c3680000, 0x00000000c3890000)
 concurrent mark-sweep generation total 91108K, used 55536K [0x00000000d6e00000, 0x00000000dc6f9000, 0x0000000100000000)
 Metaspace       used 67180K, capacity 69984K, committed 70344K, reserved 1110016K
  class space    used 8516K, capacity 9052K, committed 9164K, reserved 1048576K
}
2022-08-07T09:30:14.760+0000: 30.575: Application time: 0.0474649 seconds
{Heap before GC invocations=343 (full 40):
 par new generation   total 19008K, used 18246K [0x00000000c2600000, 0x00000000c3aa0000, 0x00000000d6e00000)
  eden space 16896K, 100% used [0x00000000c2600000, 0x00000000c3680000, 0x00000000c3680000)
  from space 2112K,  63% used [0x00000000c3890000, 0x00000000c39e1a80, 0x00000000c3aa0000)
  to   space 2112K,   0% used [0x00000000c3680000, 0x00000000c3680000, 0x00000000c3890000)
 concurrent mark-sweep generation total 91108K, used 55536K [0x00000000d6e00000, 0x00000000dc6f9000, 0x0000000100000000)
 Metaspace       used 67206K, capacity 69984K, committed 70344K, reserved 1110016K
  class space    used 8521K, capacity 9052K, committed 9164K, reserved 1048576K
2022-08-07T09:30:14.762+0000: 30.576: [GC (Allocation Failure) 2022-08-07T09:30:14.762+0000: 30.577: [ParNew: 18246K->967K(19008K), 0.0093403 secs] 73783K->56504K(110116K), 0.0099770 secs] [Times: user=0.02 sys=0.00, real=0.01 secs] 
Heap after GC invocations=344 (full 40):
 par new generation   total 19008K, used 967K [0x00000000c2600000, 0x00000000c3aa0000, 0x00000000d6e00000)
  eden space 16896K,   0% used [0x00000000c2600000, 0x00000000c2600000, 0x00000000c3680000)
  from space 2112K,  45% used [0x00000000c3680000, 0x00000000c3771f78, 0x00000000c3890000)
  to   space 2112K,   0% used [0x00000000c3890000, 0x00000000c3890000, 0x00000000c3aa0000)
 concurrent mark-sweep generation total 91108K, used 55536K [0x00000000d6e00000, 0x00000000dc6f9000, 0x0000000100000000)
 Metaspace       used 67206K, capacity 69984K, committed 70344K, reserved 1110016K
  class space    used 8521K, capacity 9052K, committed 9164K, reserved 1048576K
}
2022-08-07T09:30:14.784+0000: 30.599: [CMS-concurrent-abortable-preclean: 0.071/0.155 secs] [Times: user=0.21 sys=0.14, real=0.16 secs] 
2022-08-07T09:30:14.785+0000: 30.600: Application time: 0.0130446 seconds
2022-08-07T09:30:14.786+0000: 30.600: [GC (CMS Final Remark) [YG occupancy: 8077 K (19008 K)]2022-08-07T09:30:14.786+0000: 30.601: [Rescan (parallel) , 0.0048246 secs]2022-08-07T09:30:14.791+0000: 30.606: [weak refs processing, 0.0021443 secs]2022-08-07T09:30:14.794+0000: 30.608: [class unloading, 0.0116129 secs]2022-08-07T09:30:14.805+0000: 30.620: [scrub symbol table, 0.0133875 secs]2022-08-07T09:30:14.819+0000: 30.634: [scrub string table, 0.0011108 secs][1 CMS-remark: 55536K(91108K)] 63613K(110116K), 0.0350154 secs] [Times: user=0.04 sys=0.00, real=0.03 secs] 
2022-08-07T09:30:14.822+0000: 30.636: [CMS-concurrent-sweep-start]
2022-08-07T09:30:14.846+0000: 30.661: Application time: 0.0250516 seconds
{Heap before GC invocations=344 (full 40):
 par new generation   total 19008K, used 17863K [0x00000000c2600000, 0x00000000c3aa0000, 0x00000000d6e00000)
  eden space 16896K, 100% used [0x00000000c2600000, 0x00000000c3680000, 0x00000000c3680000)
  from space 2112K,  45% used [0x00000000c3680000, 0x00000000c3771f78, 0x00000000c3890000)
  to   space 2112K,   0% used [0x00000000c3890000, 0x00000000c3890000, 0x00000000c3aa0000)
 concurrent mark-sweep generation total 91108K, used 55465K [0x00000000d6e00000, 0x00000000dc6f9000, 0x0000000100000000)
 Metaspace       used 67207K, capacity 69984K, committed 70344K, reserved 1110016K
  class space    used 8521K, capacity 9052K, committed 9164K, reserved 1048576K
2022-08-07T09:30:14.846+0000: 30.661: [GC (Allocation Failure) 2022-08-07T09:30:14.847+0000: 30.661: [ParNew: 17863K->1218K(19008K), 0.0180269 secs] 73329K->56683K(110116K), 0.0191602 secs] [Times: user=0.04 sys=0.00, real=0.02 secs] 
Heap after GC invocations=345 (full 40):
 par new generation   total 19008K, used 1218K [0x00000000c2600000, 0x00000000c3aa0000, 0x00000000d6e00000)
  eden space 16896K,   0% used [0x00000000c2600000, 0x00000000c2600000, 0x00000000c3680000)
  from space 2112K,  57% used [0x00000000c3890000, 0x00000000c39c0870, 0x00000000c3aa0000)
  to   space 2112K,   0% used [0x00000000c3680000, 0x00000000c3680000, 0x00000000c3890000)
 concurrent mark-sweep generation total 91108K, used 55465K [0x00000000d6e00000, 0x00000000dc6f9000, 0x0000000100000000)
 Metaspace       used 67207K, capacity 69984K, committed 70344K, reserved 1110016K
  class space    used 8521K, capacity 9052K, committed 9164K, reserved 1048576K
}
2022-08-07T09:30:14.870+0000: 30.684: [CMS-concurrent-sweep: 0.028/0.048 secs] [Times: user=0.08 sys=0.01, real=0.05 secs] 
2022-08-07T09:30:14.871+0000: 30.685: [CMS-concurrent-reset-start]
2022-08-07T09:30:14.871+0000: 30.686: [CMS-concurrent-reset: 0.001/0.001 secs] [Times: user=0.00 sys=0.00, real=0.00 secs] 
2022-08-07T09:30:14.903+0000: 30.717: Application time: 0.0363174 seconds
{Heap before GC invocations=345 (full 40):
 par new generation   total 19008K, used 18114K [0x00000000c2600000, 0x00000000c3aa0000, 0x00000000d6e00000)
  eden space 16896K, 100% used [0x00000000c2600000, 0x00000000c3680000, 0x00000000c3680000)
  from space 2112K,  57% used [0x00000000c3890000, 0x00000000c39c0870, 0x00000000c3aa0000)
  to   space 2112K,   0% used [0x00000000c3680000, 0x00000000c3680000, 0x00000000c3890000)
 concurrent mark-sweep generation total 92396K, used 55435K [0x00000000d6e00000, 0x00000000dc83b000, 0x0000000100000000)
 Metaspace       used 67220K, capacity 69984K, committed 70344K, reserved 1110016K
  class space    used 8523K, capacity 9052K, committed 9164K, reserved 1048576K
2022-08-07T09:30:14.903+0000: 30.717: [GC (Allocation Failure) 2022-08-07T09:30:14.904+0000: 30.719: [ParNew: 18114K->1148K(19008K), 0.0082306 secs] 73550K->56584K(111404K), 0.0102771 secs] [Times: user=0.01 sys=0.00, real=0.02 secs] 
Heap after GC invocations=346 (full 40):
 par new generation   total 19008K, used 1148K [0x00000000c2600000, 0x00000000c3aa0000, 0x00000000d6e00000)
  eden space 16896K,   0% used [0x00000000c2600000, 0x00000000c2600000, 0x00000000c3680000)
  from space 2112K,  54% used [0x00000000c3680000, 0x00000000c379f278, 0x00000000c3890000)
  to   space 2112K,   0% used [0x00000000c3890000, 0x00000000c3890000, 0x00000000c3aa0000)
 concurrent mark-sweep generation total 92396K, used 55435K [0x00000000d6e00000, 0x00000000dc83b000, 0x0000000100000000)
 Metaspace       used 67220K, capacity 69984K, committed 70344K, reserved 1110016K
  class space    used 8523K, capacity 9052K, committed 9164K, reserved 1048576K
}
2022-08-07T09:30:14.943+0000: 30.757: Application time: 0.0268283 seconds
{Heap before GC invocations=346 (full 40):
 par new generation   total 19008K, used 18044K [0x00000000c2600000, 0x00000000c3aa0000, 0x00000000d6e00000)
  eden space 16896K, 100% used [0x00000000c2600000, 0x00000000c3680000, 0x00000000c3680000)
  from space 2112K,  54% used [0x00000000c3680000, 0x00000000c379f278, 0x00000000c3890000)
  to   space 2112K,   0% used [0x00000000c3890000, 0x00000000c3890000, 0x00000000c3aa0000)
 concurrent mark-sweep generation total 92396K, used 55435K [0x00000000d6e00000, 0x00000000dc83b000, 0x0000000100000000)
 Metaspace       used 67222K, capacity 69984K, committed 70344K, reserved 1110016K
  class space    used 8523K, capacity 9052K, committed 9164K, reserved 1048576K
2022-08-07T09:30:14.944+0000: 30.758: [GC (Allocation Failure) 2022-08-07T09:30:14.944+0000: 30.759: [ParNew: 18044K->1420K(19008K), 0.0038084 secs] 73480K->56938K(111404K), 0.0048263 secs] [Times: user=0.01 sys=0.00, real=0.00 secs] 
Heap after GC invocations=347 (full 40):
 par new generation   total 19008K, used 1420K [0x00000000c2600000, 0x00000000c3aa0000, 0x00000000d6e00000)
  eden space 16896K,   0% used [0x00000000c2600000, 0x00000000c2600000, 0x00000000c3680000)
  from space 2112K,  67% used [0x00000000c3890000, 0x00000000c39f32e8, 0x00000000c3aa0000)
  to   space 2112K,   0% used [0x00000000c3680000, 0x00000000c3680000, 0x00000000c3890000)
 concurrent mark-sweep generation total 92396K, used 55517K [0x00000000d6e00000, 0x00000000dc83b000, 0x0000000100000000)
 Metaspace       used 67222K, capacity 69984K, committed 70344K, reserved 1110016K
  class space    used 8523K, capacity 9052K, committed 9164K, reserved 1048576K
}
2022-08-07T09:30:14.950+0000: 30.765: Application time: 0.0010834 seconds
2022-08-07T09:30:14.951+0000: 30.765: [GC (CMS Initial Mark) [1 CMS-initial-mark: 55517K(92396K)] 57300K(111404K), 0.0024524 secs] [Times: user=0.00 sys=0.01, real=0.01 secs] 
2022-08-07T09:30:14.954+0000: 30.769: [CMS-concurrent-mark-start]
2022-08-07T09:30:14.987+0000: 30.801: Application time: 0.0326138 seconds
{Heap before GC invocations=347 (full 41):
 par new generation   total 19008K, used 18316K [0x00000000c2600000, 0x00000000c3aa0000, 0x00000000d6e00000)
  eden space 16896K, 100% used [0x00000000c2600000, 0x00000000c3680000, 0x00000000c3680000)
  from space 2112K,  67% used [0x00000000c3890000, 0x00000000c39f32e8, 0x00000000c3aa0000)
  to   space 2112K,   0% used [0x00000000c3680000, 0x00000000c3680000, 0x00000000c3890000)
 concurrent mark-sweep generation total 92396K, used 55517K [0x00000000d6e00000, 0x00000000dc83b000, 0x0000000100000000)
 Metaspace       used 67229K, capacity 70048K, committed 70344K, reserved 1110016K
  class space    used 8523K, capacity 9052K, committed 9164K, reserved 1048576K
2022-08-07T09:30:14.987+0000: 30.802: [GC (Allocation Failure) 2022-08-07T09:30:14.987+0000: 30.802: [ParNew: 18316K->990K(19008K), 0.0037469 secs] 73834K->56636K(111404K), 0.0044298 secs] [Times: user=0.01 sys=0.00, real=0.00 secs] 
Heap after GC invocations=348 (full 41):
 par new generation   total 19008K, used 990K [0x00000000c2600000, 0x00000000c3aa0000, 0x00000000d6e00000)
  eden space 16896K,   0% used [0x00000000c2600000, 0x00000000c2600000, 0x00000000c3680000)
  from space 2112K,  46% used [0x00000000c3680000, 0x00000000c3777b80, 0x00000000c3890000)
  to   space 2112K,   0% used [0x00000000c3890000, 0x00000000c3890000, 0x00000000c3aa0000)
 concurrent mark-sweep generation total 92396K, used 55645K [0x00000000d6e00000, 0x00000000dc83b000, 0x0000000100000000)
 Metaspace       used 67229K, capacity 70048K, committed 70344K, reserved 1110016K
  class space    used 8523K, capacity 9052K, committed 9164K, reserved 1048576K
}
2022-08-07T09:30:15.023+0000: 30.837: Application time: 0.0307566 seconds
{Heap before GC invocations=348 (full 41):
 par new generation   total 19008K, used 17886K [0x00000000c2600000, 0x00000000c3aa0000, 0x00000000d6e00000)
  eden space 16896K, 100% used [0x00000000c2600000, 0x00000000c3680000, 0x00000000c3680000)
  from space 2112K,  46% used [0x00000000c3680000, 0x00000000c3777b80, 0x00000000c3890000)
  to   space 2112K,   0% used [0x00000000c3890000, 0x00000000c3890000, 0x00000000c3aa0000)
 concurrent mark-sweep generation total 92396K, used 55645K [0x00000000d6e00000, 0x00000000dc83b000, 0x0000000100000000)
 Metaspace       used 67247K, capacity 70048K, committed 70344K, reserved 1110016K
  class space    used 8527K, capacity 9052K, committed 9164K, reserved 1048576K
2022-08-07T09:30:15.023+0000: 30.838: [GC (Allocation Failure) 2022-08-07T09:30:15.024+0000: 30.838: [ParNew: 17886K->836K(19008K), 0.0037523 secs] 73532K->56683K(111404K), 0.0043202 secs] [Times: user=0.01 sys=0.00, real=0.00 secs] 
Heap after GC invocations=349 (full 41):
 par new generation   total 19008K, used 836K [0x00000000c2600000, 0x00000000c3aa0000, 0x00000000d6e00000)
  eden space 16896K,   0% used [0x00000000c2600000, 0x00000000c2600000, 0x00000000c3680000)
  from space 2112K,  39% used [0x00000000c3890000, 0x00000000c39611f8, 0x00000000c3aa0000)
  to   space 2112K,   0% used [0x00000000c3680000, 0x00000000c3680000, 0x00000000c3890000)
 concurrent mark-sweep generation total 92396K, used 55847K [0x00000000d6e00000, 0x00000000dc83b000, 0x0000000100000000)
 Metaspace       used 67247K, capacity 70048K, committed 70344K, reserved 1110016K
  class space    used 8527K, capacity 9052K, committed 9164K, reserved 1048576K
}
2022-08-07T09:30:15.062+0000: 30.876: Application time: 0.0335121 seconds
{Heap before GC invocations=349 (full 41):
 par new generation   total 19008K, used 17732K [0x00000000c2600000, 0x00000000c3aa0000, 0x00000000d6e00000)
  eden space 16896K, 100% used [0x00000000c2600000, 0x00000000c3680000, 0x00000000c3680000)
  from space 2112K,  39% used [0x00000000c3890000, 0x00000000c39611f8, 0x00000000c3aa0000)
  to   space 2112K,   0% used [0x00000000c3680000, 0x00000000c3680000, 0x00000000c3890000)
 concurrent mark-sweep generation total 92396K, used 55847K [0x00000000d6e00000, 0x00000000dc83b000, 0x0000000100000000)
 Metaspace       used 67252K, capacity 70048K, committed 70344K, reserved 1110016K
  class space    used 8528K, capacity 9052K, committed 9164K, reserved 1048576K
2022-08-07T09:30:15.063+0000: 30.877: [GC (Allocation Failure) 2022-08-07T09:30:15.063+0000: 30.877: [ParNew: 17732K->881K(19008K), 0.0029421 secs] 73579K->56798K(111404K), 0.0035961 secs] [Times: user=0.01 sys=0.00, real=0.01 secs] 
Heap after GC invocations=350 (full 41):
 par new generation   total 19008K, used 881K [0x00000000c2600000, 0x00000000c3aa0000, 0x00000000d6e00000)
  eden space 16896K,   0% used [0x00000000c2600000, 0x00000000c2600000, 0x00000000c3680000)
  from space 2112K,  41% used [0x00000000c3680000, 0x00000000c375c520, 0x00000000c3890000)
  to   space 2112K,   0% used [0x00000000c3890000, 0x00000000c3890000, 0x00000000c3aa0000)
 concurrent mark-sweep generation total 92396K, used 55916K [0x00000000d6e00000, 0x00000000dc83b000, 0x0000000100000000)
 Metaspace       used 67252K, capacity 70048K, committed 70344K, reserved 1110016K
  class space    used 8528K, capacity 9052K, committed 9164K, reserved 1048576K
}
2022-08-07T09:30:15.088+0000: 30.902: [CMS-concurrent-mark: 0.115/0.134 secs] [Times: user=0.41 sys=0.04, real=0.13 secs] 
2022-08-07T09:30:15.089+0000: 30.903: [CMS-concurrent-preclean-start]
2022-08-07T09:30:15.104+0000: 30.918: Application time: 0.0370340 seconds
{Heap before GC invocations=350 (full 41):
 par new generation   total 19008K, used 17777K [0x00000000c2600000, 0x00000000c3aa0000, 0x00000000d6e00000)
  eden space 16896K, 100% used [0x00000000c2600000, 0x00000000c3680000, 0x00000000c3680000)
  from space 2112K,  41% used [0x00000000c3680000, 0x00000000c375c520, 0x00000000c3890000)
  to   space 2112K,   0% used [0x00000000c3890000, 0x00000000c3890000, 0x00000000c3aa0000)
 concurrent mark-sweep generation total 92396K, used 55916K [0x00000000d6e00000, 0x00000000dc83b000, 0x0000000100000000)
 Metaspace       used 67302K, capacity 70048K, committed 70344K, reserved 1110016K
  class space    used 8537K, capacity 9052K, committed 9164K, reserved 1048576K
2022-08-07T09:30:15.104+0000: 30.919: [GC (Allocation Failure) 2022-08-07T09:30:15.105+0000: 30.919: [ParNew: 17777K->739K(19008K), 0.0159567 secs] 73694K->56769K(111404K), 0.0168136 secs] [Times: user=0.04 sys=0.01, real=0.01 secs] 
Heap after GC invocations=351 (full 41):
 par new generation   total 19008K, used 739K [0x00000000c2600000, 0x00000000c3aa0000, 0x00000000d6e00000)
  eden space 16896K,   0% used [0x00000000c2600000, 0x00000000c2600000, 0x00000000c3680000)
  from space 2112K,  35% used [0x00000000c3890000, 0x00000000c3948d98, 0x00000000c3aa0000)
  to   space 2112K,   0% used [0x00000000c3680000, 0x00000000c3680000, 0x00000000c3890000)
 concurrent mark-sweep generation total 92396K, used 56030K [0x00000000d6e00000, 0x00000000dc83b000, 0x0000000100000000)
 Metaspace       used 67302K, capacity 70048K, committed 70344K, reserved 1110016K
  class space    used 8537K, capacity 9052K, committed 9164K, reserved 1048576K
}
2022-08-07T09:30:15.159+0000: 30.974: Application time: 0.0366904 seconds
{Heap before GC invocations=351 (full 41):
 par new generation   total 19008K, used 17635K [0x00000000c2600000, 0x00000000c3aa0000, 0x00000000d6e00000)
  eden space 16896K, 100% used [0x00000000c2600000, 0x00000000c3680000, 0x00000000c3680000)
  from space 2112K,  35% used [0x00000000c3890000, 0x00000000c3948d98, 0x00000000c3aa0000)
  to   space 2112K,   0% used [0x00000000c3680000, 0x00000000c3680000, 0x00000000c3890000)
 concurrent mark-sweep generation total 92396K, used 56030K [0x00000000d6e00000, 0x00000000dc83b000, 0x0000000100000000)
 Metaspace       used 67302K, capacity 70048K, committed 70344K, reserved 1110016K
  class space    used 8537K, capacity 9052K, committed 9164K, reserved 1048576K
2022-08-07T09:30:15.160+0000: 30.975: [GC (Allocation Failure) 2022-08-07T09:30:15.161+0000: 30.975: [ParNew: 17635K->895K(19008K), 0.0098094 secs] 73665K->56997K(111404K), 0.0104303 secs] [Times: user=0.02 sys=0.00, real=0.01 secs] 
Heap after GC invocations=352 (full 41):
 par new generation   total 19008K, used 895K [0x00000000c2600000, 0x00000000c3aa0000, 0x00000000d6e00000)
  eden space 16896K,   0% used [0x00000000c2600000, 0x00000000c2600000, 0x00000000c3680000)
  from space 2112K,  42% used [0x00000000c3680000, 0x00000000c375fcb8, 0x00000000c3890000)
  to   space 2112K,   0% used [0x00000000c3890000, 0x00000000c3890000, 0x00000000c3aa0000)
 concurrent mark-sweep generation total 92396K, used 56102K [0x00000000d6e00000, 0x00000000dc83b000, 0x0000000100000000)
 Metaspace       used 67302K, capacity 70048K, committed 70344K, reserved 1110016K
  class space    used 8537K, capacity 9052K, committed 9164K, reserved 1048576K
}
2022-08-07T09:30:15.213+0000: 31.028: Application time: 0.0418521 seconds
{Heap before GC invocations=352 (full 41):
 par new generation   total 19008K, used 17791K [0x00000000c2600000, 0x00000000c3aa0000, 0x00000000d6e00000)
  eden space 16896K, 100% used [0x00000000c2600000, 0x00000000c3680000, 0x00000000c3680000)
  from space 2112K,  42% used [0x00000000c3680000, 0x00000000c375fcb8, 0x00000000c3890000)
  to   space 2112K,   0% used [0x00000000c3890000, 0x00000000c3890000, 0x00000000c3aa0000)
 concurrent mark-sweep generation total 92396K, used 56102K [0x00000000d6e00000, 0x00000000dc83b000, 0x0000000100000000)
 Metaspace       used 67360K, capacity 70144K, committed 70600K, reserved 1110016K
  class space    used 8548K, capacity 9084K, committed 9164K, reserved 1048576K
2022-08-07T09:30:15.214+0000: 31.029: [GC (Allocation Failure) 2022-08-07T09:30:15.214+0000: 31.029: [ParNew: 17791K->669K(19008K), 0.0043002 secs] 73893K->56853K(111404K), 0.0049860 secs] [Times: user=0.01 sys=0.00, real=0.00 secs] 
Heap after GC invocations=353 (full 41):
 par new generation   total 19008K, used 669K [0x00000000c2600000, 0x00000000c3aa0000, 0x00000000d6e00000)
  eden space 16896K,   0% used [0x00000000c2600000, 0x00000000c2600000, 0x00000000c3680000)
  from space 2112K,  31% used [0x00000000c3890000, 0x00000000c3937588, 0x00000000c3aa0000)
  to   space 2112K,   0% used [0x00000000c3680000, 0x00000000c3680000, 0x00000000c3890000)
 concurrent mark-sweep generation total 92396K, used 56184K [0x00000000d6e00000, 0x00000000dc83b000, 0x0000000100000000)
 Metaspace       used 67360K, capacity 70144K, committed 70600K, reserved 1110016K
  class space    used 8548K, capacity 9084K, committed 9164K, reserved 1048576K
}
2022-08-07T09:30:15.248+0000: 31.062: Application time: 0.0281562 seconds
{Heap before GC invocations=353 (full 41):
 par new generation   total 19008K, used 17565K [0x00000000c2600000, 0x00000000c3aa0000, 0x00000000d6e00000)
  eden space 16896K, 100% used [0x00000000c2600000, 0x00000000c3680000, 0x00000000c3680000)
  from space 2112K,  31% used [0x00000000c3890000, 0x00000000c3937588, 0x00000000c3aa0000)
  to   space 2112K,   0% used [0x00000000c3680000, 0x00000000c3680000, 0x00000000c3890000)
 concurrent mark-sweep generation total 92396K, used 56184K [0x00000000d6e00000, 0x00000000dc83b000, 0x0000000100000000)
 Metaspace       used 67365K, capacity 70144K, committed 70600K, reserved 1110016K
  class space    used 8549K, capacity 9084K, committed 9164K, reserved 1048576K
2022-08-07T09:30:15.249+0000: 31.063: [GC (Allocation Failure) 2022-08-07T09:30:15.249+0000: 31.064: [ParNew: 17565K->719K(19008K), 0.0053327 secs] 73749K->56933K(111404K), 0.0065392 secs] [Times: user=0.02 sys=0.00, real=0.01 secs] 
Heap after GC invocations=354 (full 41):
 par new generation   total 19008K, used 719K [0x00000000c2600000, 0x00000000c3aa0000, 0x00000000d6e00000)
  eden space 16896K,   0% used [0x00000000c2600000, 0x00000000c2600000, 0x00000000c3680000)
  from space 2112K,  34% used [0x00000000c3680000, 0x00000000c3733cd0, 0x00000000c3890000)
  to   space 2112K,   0% used [0x00000000c3890000, 0x00000000c3890000, 0x00000000c3aa0000)
 concurrent mark-sweep generation total 92396K, used 56214K [0x00000000d6e00000, 0x00000000dc83b000, 0x0000000100000000)
 Metaspace       used 67365K, capacity 70144K, committed 70600K, reserved 1110016K
  class space    used 8549K, capacity 9084K, committed 9164K, reserved 1048576K
}
2022-08-07T09:30:15.281+0000: 31.095: Application time: 0.0249110 seconds
{Heap before GC invocations=354 (full 41):
 par new generation   total 19008K, used 17615K [0x00000000c2600000, 0x00000000c3aa0000, 0x00000000d6e00000)
  eden space 16896K, 100% used [0x00000000c2600000, 0x00000000c3680000, 0x00000000c3680000)
  from space 2112K,  34% used [0x00000000c3680000, 0x00000000c3733cd0, 0x00000000c3890000)
  to   space 2112K,   0% used [0x00000000c3890000, 0x00000000c3890000, 0x00000000c3aa0000)
 concurrent mark-sweep generation total 92396K, used 56214K [0x00000000d6e00000, 0x00000000dc83b000, 0x0000000100000000)
 Metaspace       used 67367K, capacity 70144K, committed 70600K, reserved 1110016K
  class space    used 8550K, capacity 9084K, committed 9164K, reserved 1048576K
2022-08-07T09:30:15.282+0000: 31.096: [GC (Allocation Failure) 2022-08-07T09:30:15.282+0000: 31.097: [ParNew: 17615K->802K(19008K), 0.0045045 secs] 73829K->57058K(111404K), 0.0053727 secs] [Times: user=0.01 sys=0.00, real=0.01 secs] 
Heap after GC invocations=355 (full 41):
 par new generation   total 19008K, used 802K [0x00000000c2600000, 0x00000000c3aa0000, 0x00000000d6e00000)
  eden space 16896K,   0% used [0x00000000c2600000, 0x00000000c2600000, 0x00000000c3680000)
  from space 2112K,  38% used [0x00000000c3890000, 0x00000000c3958be0, 0x00000000c3aa0000)
  to   space 2112K,   0% used [0x00000000c3680000, 0x00000000c3680000, 0x00000000c3890000)
 concurrent mark-sweep generation total 92396K, used 56255K [0x00000000d6e00000, 0x00000000dc83b000, 0x0000000100000000)
 Metaspace       used 67367K, capacity 70144K, committed 70600K, reserved 1110016K
  class space    used 8550K, capacity 9084K, committed 9164K, reserved 1048576K
}
2022-08-07T09:30:15.291+0000: 31.106: [CMS-concurrent-preclean: 0.092/0.203 secs] [Times: user=0.51 sys=0.13, real=0.20 secs] 
2022-08-07T09:30:15.292+0000: 31.106: [CMS-concurrent-abortable-preclean-start]
2022-08-07T09:30:15.322+0000: 31.137: Application time: 0.0341202 seconds
2022-08-07T09:30:15.333+0000: 31.147: Application time: 0.0056976 seconds
2022-08-07T09:30:15.334+0000: 31.149: Application time: 0.0013895 seconds
{Heap before GC invocations=355 (full 41):
 par new generation   total 19008K, used 17698K [0x00000000c2600000, 0x00000000c3aa0000, 0x00000000d6e00000)
  eden space 16896K, 100% used [0x00000000c2600000, 0x00000000c3680000, 0x00000000c3680000)
  from space 2112K,  38% used [0x00000000c3890000, 0x00000000c3958be0, 0x00000000c3aa0000)
  to   space 2112K,   0% used [0x00000000c3680000, 0x00000000c3680000, 0x00000000c3890000)
 concurrent mark-sweep generation total 92396K, used 56255K [0x00000000d6e00000, 0x00000000dc83b000, 0x0000000100000000)
 Metaspace       used 67391K, capacity 70208K, committed 70600K, reserved 1110016K
  class space    used 8552K, capacity 9084K, committed 9164K, reserved 1048576K
2022-08-07T09:30:15.335+0000: 31.150: [GC (Allocation Failure) 2022-08-07T09:30:15.336+0000: 31.150: [ParNew: 17698K->985K(19008K), 0.0040005 secs] 73954K->57269K(111404K), 0.0050532 secs] [Times: user=0.02 sys=0.00, real=0.00 secs] 
Heap after GC invocations=356 (full 41):
 par new generation   total 19008K, used 985K [0x00000000c2600000, 0x00000000c3aa0000, 0x00000000d6e00000)
  eden space 16896K,   0% used [0x00000000c2600000, 0x00000000c2600000, 0x00000000c3680000)
  from space 2112K,  46% used [0x00000000c3680000, 0x00000000c3776658, 0x00000000c3890000)
  to   space 2112K,   0% used [0x00000000c3890000, 0x00000000c3890000, 0x00000000c3aa0000)
 concurrent mark-sweep generation total 92396K, used 56283K [0x00000000d6e00000, 0x00000000dc83b000, 0x0000000100000000)
 Metaspace       used 67391K, capacity 70208K, committed 70600K, reserved 1110016K
  class space    used 8552K, capacity 9084K, committed 9164K, reserved 1048576K
}
2022-08-07T09:30:15.341+0000: 31.155: [CMS-concurrent-abortable-preclean: 0.023/0.049 secs] [Times: user=0.14 sys=0.03, real=0.05 secs] 
2022-08-07T09:30:15.341+0000: 31.156: Application time: 0.0009849 seconds
2022-08-07T09:30:15.347+0000: 31.162: [GC (CMS Final Remark) [YG occupancy: 1684 K (19008 K)]2022-08-07T09:30:15.347+0000: 31.162: [Rescan (parallel) , 0.0046773 secs]2022-08-07T09:30:15.353+0000: 31.167: [weak refs processing, 0.0006104 secs]2022-08-07T09:30:15.358+0000: 31.173: [class unloading, 0.0221439 secs]2022-08-07T09:30:15.381+0000: 31.195: [scrub symbol table, 0.0170875 secs]2022-08-07T09:30:15.398+0000: 31.213: [scrub string table, 0.0011647 secs][1 CMS-remark: 56283K(92396K)] 57968K(111404K), 0.0600083 secs] [Times: user=0.13 sys=0.01, real=0.06 secs] 
2022-08-07T09:30:15.408+0000: 31.223: [CMS-concurrent-sweep-start]
2022-08-07T09:30:15.415+0000: 31.229: Application time: 0.0068296 seconds
2022-08-07T09:30:15.421+0000: 31.235: Application time: 0.0059467 seconds
2022-08-07T09:30:15.423+0000: 31.237: Application time: 0.0018613 seconds
2022-08-07T09:30:15.426+0000: 31.241: Application time: 0.0031972 seconds
2022-08-07T09:30:15.427+0000: 31.242: Application time: 0.0004498 seconds
2022-08-07T09:30:15.428+0000: 31.242: Application time: 0.0003095 seconds
2022-08-07T09:30:15.428+0000: 31.243: Application time: 0.0002587 seconds
2022-08-07T09:30:15.429+0000: 31.243: Application time: 0.0002712 seconds
2022-08-07T09:30:15.429+0000: 31.244: Application time: 0.0002588 seconds
2022-08-07T09:30:15.430+0000: 31.244: Application time: 0.0002412 seconds
2022-08-07T09:30:15.438+0000: 31.252: [CMS-concurrent-sweep: 0.030/0.030 secs] [Times: user=0.08 sys=0.01, real=0.03 secs] 
2022-08-07T09:30:15.439+0000: 31.253: [CMS-concurrent-reset-start]
2022-08-07T09:30:15.439+0000: 31.254: [CMS-concurrent-reset: 0.001/0.001 secs] [Times: user=0.01 sys=0.00, real=0.00 secs] 
2022-08-07T09:30:15.465+0000: 31.280: Application time: 0.0354049 seconds
{Heap before GC invocations=356 (full 41):
 par new generation   total 19008K, used 17881K [0x00000000c2600000, 0x00000000c3aa0000, 0x00000000d6e00000)
  eden space 16896K, 100% used [0x00000000c2600000, 0x00000000c3680000, 0x00000000c3680000)
  from space 2112K,  46% used [0x00000000c3680000, 0x00000000c3776658, 0x00000000c3890000)
  to   space 2112K,   0% used [0x00000000c3890000, 0x00000000c3890000, 0x00000000c3aa0000)
 concurrent mark-sweep generation total 93764K, used 56256K [0x00000000d6e00000, 0x00000000dc991000, 0x0000000100000000)
 Metaspace       used 67362K, capacity 70160K, committed 70600K, reserved 1110016K
  class space    used 8548K, capacity 9076K, committed 9164K, reserved 1048576K
2022-08-07T09:30:15.466+0000: 31.280: [GC (Allocation Failure) 2022-08-07T09:30:15.466+0000: 31.281: [ParNew: 17881K->1150K(19008K), 0.0065337 secs] 74138K->57463K(112772K), 0.0072589 secs] [Times: user=0.02 sys=0.00, real=0.01 secs] 
Heap after GC invocations=357 (full 41):
 par new generation   total 19008K, used 1150K [0x00000000c2600000, 0x00000000c3aa0000, 0x00000000d6e00000)
  eden space 16896K,   0% used [0x00000000c2600000, 0x00000000c2600000, 0x00000000c3680000)
  from space 2112K,  54% used [0x00000000c3890000, 0x00000000c39afa48, 0x00000000c3aa0000)
  to   space 2112K,   0% used [0x00000000c3680000, 0x00000000c3680000, 0x00000000c3890000)
 concurrent mark-sweep generation total 93764K, used 56313K [0x00000000d6e00000, 0x00000000dc991000, 0x0000000100000000)
 Metaspace       used 67362K, capacity 70160K, committed 70600K, reserved 1110016K
  class space    used 8548K, capacity 9076K, committed 9164K, reserved 1048576K
}
2022-08-07T09:30:15.474+0000: 31.289: Application time: 0.0006618 seconds
2022-08-07T09:30:15.474+0000: 31.289: [GC (CMS Initial Mark) [1 CMS-initial-mark: 56313K(93764K)] 58163K(112772K), 0.0031197 secs] [Times: user=0.01 sys=0.00, real=0.00 secs] 
2022-08-07T09:30:15.478+0000: 31.292: [CMS-concurrent-mark-start]
2022-08-07T09:30:15.509+0000: 31.324: Application time: 0.0313915 seconds
{Heap before GC invocations=357 (full 42):
 par new generation   total 19008K, used 18046K [0x00000000c2600000, 0x00000000c3aa0000, 0x00000000d6e00000)
  eden space 16896K, 100% used [0x00000000c2600000, 0x00000000c3680000, 0x00000000c3680000)
  from space 2112K,  54% used [0x00000000c3890000, 0x00000000c39afa48, 0x00000000c3aa0000)
  to   space 2112K,   0% used [0x00000000c3680000, 0x00000000c3680000, 0x00000000c3890000)
 concurrent mark-sweep generation total 93764K, used 56313K [0x00000000d6e00000, 0x00000000dc991000, 0x0000000100000000)
 Metaspace       used 67386K, capacity 70160K, committed 70600K, reserved 1110016K
  class space    used 8550K, capacity 9076K, committed 9164K, reserved 1048576K
2022-08-07T09:30:15.509+0000: 31.324: [GC (Allocation Failure) 2022-08-07T09:30:15.510+0000: 31.324: [ParNew: 18046K->1467K(19008K), 0.0113306 secs] 74359K->57836K(112772K), 0.0120097 secs] [Times: user=0.03 sys=0.00, real=0.01 secs] 
Heap after GC invocations=358 (full 42):
 par new generation   total 19008K, used 1467K [0x00000000c2600000, 0x00000000c3aa0000, 0x00000000d6e00000)
  eden space 16896K,   0% used [0x00000000c2600000, 0x00000000c2600000, 0x00000000c3680000)
  from space 2112K,  69% used [0x00000000c3680000, 0x00000000c37eef90, 0x00000000c3890000)
  to   space 2112K,   0% used [0x00000000c3890000, 0x00000000c3890000, 0x00000000c3aa0000)
 concurrent mark-sweep generation total 93764K, used 56368K [0x00000000d6e00000, 0x00000000dc991000, 0x0000000100000000)
 Metaspace       used 67386K, capacity 70160K, committed 70600K, reserved 1110016K
  class space    used 8550K, capacity 9076K, committed 9164K, reserved 1048576K
}
2022-08-07T09:30:15.577+0000: 31.392: Application time: 0.0553484 seconds
2022-08-07T09:30:15.588+0000: 31.403: Application time: 0.0101948 seconds
{Heap before GC invocations=358 (full 42):
 par new generation   total 19008K, used 18363K [0x00000000c2600000, 0x00000000c3aa0000, 0x00000000d6e00000)
  eden space 16896K, 100% used [0x00000000c2600000, 0x00000000c3680000, 0x00000000c3680000)
  from space 2112K,  69% used [0x00000000c3680000, 0x00000000c37eef90, 0x00000000c3890000)
  to   space 2112K,   0% used [0x00000000c3890000, 0x00000000c3890000, 0x00000000c3aa0000)
 concurrent mark-sweep generation total 93764K, used 56368K [0x00000000d6e00000, 0x00000000dc991000, 0x0000000100000000)
 Metaspace       used 67414K, capacity 70176K, committed 70600K, reserved 1110016K
  class space    used 8555K, capacity 9080K, committed 9164K, reserved 1048576K
2022-08-07T09:30:15.589+0000: 31.404: [GC (Allocation Failure) 2022-08-07T09:30:15.589+0000: 31.404: [ParNew: 18363K->1120K(19008K), 0.0230366 secs] 74732K->57553K(112772K), 0.0236227 secs] [Times: user=0.06 sys=0.00, real=0.02 secs] 
Heap after GC invocations=359 (full 42):
 par new generation   total 19008K, used 1120K [0x00000000c2600000, 0x00000000c3aa0000, 0x00000000d6e00000)
  eden space 16896K,   0% used [0x00000000c2600000, 0x00000000c2600000, 0x00000000c3680000)
  from space 2112K,  53% used [0x00000000c3890000, 0x00000000c39a8208, 0x00000000c3aa0000)
  to   space 2112K,   0% used [0x00000000c3680000, 0x00000000c3680000, 0x00000000c3890000)
 concurrent mark-sweep generation total 93764K, used 56433K [0x00000000d6e00000, 0x00000000dc991000, 0x0000000100000000)
 Metaspace       used 67414K, capacity 70176K, committed 70600K, reserved 1110016K
  class space    used 8555K, capacity 9080K, committed 9164K, reserved 1048576K
}
2022-08-07T09:30:15.654+0000: 31.468: Application time: 0.0405422 seconds
{Heap before GC invocations=359 (full 42):
 par new generation   total 19008K, used 18016K [0x00000000c2600000, 0x00000000c3aa0000, 0x00000000d6e00000)
  eden space 16896K, 100% used [0x00000000c2600000, 0x00000000c3680000, 0x00000000c3680000)
  from space 2112K,  53% used [0x00000000c3890000, 0x00000000c39a8208, 0x00000000c3aa0000)
  to   space 2112K,   0% used [0x00000000c3680000, 0x00000000c3680000, 0x00000000c3890000)
 concurrent mark-sweep generation total 93764K, used 56433K [0x00000000d6e00000, 0x00000000dc991000, 0x0000000100000000)
 Metaspace       used 67430K, capacity 70176K, committed 70600K, reserved 1110016K
  class space    used 8557K, capacity 9080K, committed 9164K, reserved 1048576K
2022-08-07T09:30:15.655+0000: 31.469: [GC (Allocation Failure) 2022-08-07T09:30:15.655+0000: 31.470: [ParNew: 18016K->1459K(19008K), 0.0041614 secs] 74449K->57931K(112772K), 0.0048527 secs] [Times: user=0.02 sys=0.00, real=0.00 secs] 
Heap after GC invocations=360 (full 42):
 par new generation   total 19008K, used 1459K [0x00000000c2600000, 0x00000000c3aa0000, 0x00000000d6e00000)
  eden space 16896K,   0% used [0x00000000c2600000, 0x00000000c2600000, 0x00000000c3680000)
  from space 2112K,  69% used [0x00000000c3680000, 0x00000000c37ecd70, 0x00000000c3890000)
  to   space 2112K,   0% used [0x00000000c3890000, 0x00000000c3890000, 0x00000000c3aa0000)
 concurrent mark-sweep generation total 93764K, used 56471K [0x00000000d6e00000, 0x00000000dc991000, 0x0000000100000000)
 Metaspace       used 67430K, capacity 70176K, committed 70600K, reserved 1110016K
  class space    used 8557K, capacity 9080K, committed 9164K, reserved 1048576K
}
2022-08-07T09:30:15.697+0000: 31.512: [CMS-concurrent-mark: 0.169/0.219 secs] [Times: user=0.62 sys=0.06, real=0.22 secs] 
2022-08-07T09:30:15.698+0000: 31.512: [CMS-concurrent-preclean-start]
2022-08-07T09:30:15.707+0000: 31.521: Application time: 0.0463584 seconds
{Heap before GC invocations=360 (full 42):
 par new generation   total 19008K, used 18355K [0x00000000c2600000, 0x00000000c3aa0000, 0x00000000d6e00000)
  eden space 16896K,  99% used [0x00000000c2600000, 0x00000000c367ffa0, 0x00000000c3680000)
  from space 2112K,  69% used [0x00000000c3680000, 0x00000000c37ecd70, 0x00000000c3890000)
  to   space 2112K,   0% used [0x00000000c3890000, 0x00000000c3890000, 0x00000000c3aa0000)
 concurrent mark-sweep generation total 93764K, used 56471K [0x00000000d6e00000, 0x00000000dc991000, 0x0000000100000000)
 Metaspace       used 67437K, capacity 70240K, committed 70600K, reserved 1110016K
  class space    used 8557K, capacity 9080K, committed 9164K, reserved 1048576K
2022-08-07T09:30:15.707+0000: 31.521: [GC (Allocation Failure) 2022-08-07T09:30:15.707+0000: 31.522: [ParNew: 18355K->1483K(19008K), 0.0055301 secs] 74826K->58007K(112772K), 0.0062704 secs] [Times: user=0.02 sys=0.00, real=0.01 secs] 
Heap after GC invocations=361 (full 42):
 par new generation   total 19008K, used 1483K [0x00000000c2600000, 0x00000000c3aa0000, 0x00000000d6e00000)
  eden space 16896K,   0% used [0x00000000c2600000, 0x00000000c2600000, 0x00000000c3680000)
  from space 2112K,  70% used [0x00000000c3890000, 0x00000000c3a02e60, 0x00000000c3aa0000)
  to   space 2112K,   0% used [0x00000000c3680000, 0x00000000c3680000, 0x00000000c3890000)
 concurrent mark-sweep generation total 93764K, used 56523K [0x00000000d6e00000, 0x00000000dc991000, 0x0000000100000000)
 Metaspace       used 67437K, capacity 70240K, committed 70600K, reserved 1110016K
  class space    used 8557K, capacity 9080K, committed 9164K, reserved 1048576K
}
2022-08-07T09:30:15.775+0000: 31.589: Application time: 0.0610699 seconds
{Heap before GC invocations=361 (full 42):
 par new generation   total 19008K, used 18379K [0x00000000c2600000, 0x00000000c3aa0000, 0x00000000d6e00000)
  eden space 16896K, 100% used [0x00000000c2600000, 0x00000000c3680000, 0x00000000c3680000)
  from space 2112K,  70% used [0x00000000c3890000, 0x00000000c3a02e60, 0x00000000c3aa0000)
  to   space 2112K,   0% used [0x00000000c3680000, 0x00000000c3680000, 0x00000000c3890000)
 concurrent mark-sweep generation total 93764K, used 56523K [0x00000000d6e00000, 0x00000000dc991000, 0x0000000100000000)
 Metaspace       used 67515K, capacity 70266K, committed 70600K, reserved 1110016K
  class space    used 8567K, capacity 9085K, committed 9164K, reserved 1048576K
2022-08-07T09:30:15.776+0000: 31.590: [GC (Allocation Failure) 2022-08-07T09:30:15.776+0000: 31.591: [ParNew: 18379K->1894K(19008K), 0.0063552 secs] 74903K->58531K(112772K), 0.0070927 secs] [Times: user=0.02 sys=0.01, real=0.00 secs] 
Heap after GC invocations=362 (full 42):
 par new generation   total 19008K, used 1894K [0x00000000c2600000, 0x00000000c3aa0000, 0x00000000d6e00000)
  eden space 16896K,   0% used [0x00000000c2600000, 0x00000000c2600000, 0x00000000c3680000)
  from space 2112K,  89% used [0x00000000c3680000, 0x00000000c3859be8, 0x00000000c3890000)
  to   space 2112K,   0% used [0x00000000c3890000, 0x00000000c3890000, 0x00000000c3aa0000)
 concurrent mark-sweep generation total 93764K, used 56636K [0x00000000d6e00000, 0x00000000dc991000, 0x0000000100000000)
 Metaspace       used 67515K, capacity 70266K, committed 70600K, reserved 1110016K
  class space    used 8567K, capacity 9085K, committed 9164K, reserved 1048576K
}
2022-08-07T09:30:15.785+0000: 31.599: [CMS-concurrent-preclean: 0.039/0.087 secs] [Times: user=0.19 sys=0.10, real=0.09 secs] 
2022-08-07T09:30:15.785+0000: 31.600: Application time: 0.0017751 seconds
2022-08-07T09:30:15.786+0000: 31.600: [GC (CMS Final Remark) [YG occupancy: 2257 K (19008 K)]2022-08-07T09:30:15.786+0000: 31.600: [Rescan (parallel) , 0.0037762 secs]2022-08-07T09:30:15.790+0000: 31.604: [weak refs processing, 0.0003227 secs]2022-08-07T09:30:15.790+0000: 31.605: [class unloading, 0.0212099 secs]2022-08-07T09:30:15.812+0000: 31.627: [scrub symbol table, 0.0203399 secs]2022-08-07T09:30:15.833+0000: 31.647: [scrub string table, 0.0014209 secs][1 CMS-remark: 56636K(93764K)] 58894K(112772K), 0.0492726 secs] [Times: user=0.12 sys=0.02, real=0.05 secs] 
2022-08-07T09:30:15.836+0000: 31.650: [CMS-concurrent-sweep-start]
2022-08-07T09:30:15.884+0000: 31.699: [CMS-concurrent-sweep: 0.048/0.048 secs] [Times: user=0.12 sys=0.03, real=0.05 secs] 
2022-08-07T09:30:15.886+0000: 31.700: [CMS-concurrent-reset-start]
2022-08-07T09:30:15.886+0000: 31.701: [CMS-concurrent-reset: 0.001/0.001 secs] [Times: user=0.00 sys=0.00, real=0.00 secs] 
2022-08-07T09:30:15.897+0000: 31.711: Application time: 0.0610151 seconds
{Heap before GC invocations=362 (full 42):
 par new generation   total 19008K, used 18790K [0x00000000c2600000, 0x00000000c3aa0000, 0x00000000d6e00000)
  eden space 16896K, 100% used [0x00000000c2600000, 0x00000000c3680000, 0x00000000c3680000)
  from space 2112K,  89% used [0x00000000c3680000, 0x00000000c3859be8, 0x00000000c3890000)
  to   space 2112K,   0% used [0x00000000c3890000, 0x00000000c3890000, 0x00000000c3aa0000)
 concurrent mark-sweep generation total 94288K, used 56570K [0x00000000d6e00000, 0x00000000dca14000, 0x0000000100000000)
 Metaspace       used 67541K, capacity 70328K, committed 70600K, reserved 1110016K
  class space    used 8570K, capacity 9084K, committed 9164K, reserved 1048576K
2022-08-07T09:30:15.897+0000: 31.711: [GC (Allocation Failure) 2022-08-07T09:30:15.897+0000: 31.712: [ParNew: 18790K->1865K(19008K), 0.0035810 secs] 75361K->58494K(113296K), 0.0041806 secs] [Times: user=0.01 sys=0.00, real=0.00 secs] 
Heap after GC invocations=363 (full 42):
 par new generation   total 19008K, used 1865K [0x00000000c2600000, 0x00000000c3aa0000, 0x00000000d6e00000)
  eden space 16896K,   0% used [0x00000000c2600000, 0x00000000c2600000, 0x00000000c3680000)
  from space 2112K,  88% used [0x00000000c3890000, 0x00000000c3a626d0, 0x00000000c3aa0000)
  to   space 2112K,   0% used [0x00000000c3680000, 0x00000000c3680000, 0x00000000c3890000)
 concurrent mark-sweep generation total 94288K, used 56628K [0x00000000d6e00000, 0x00000000dca14000, 0x0000000100000000)
 Metaspace       used 67541K, capacity 70328K, committed 70600K, reserved 1110016K
  class space    used 8570K, capacity 9084K, committed 9164K, reserved 1048576K
}
2022-08-07T09:30:15.902+0000: 31.717: Application time: 0.0006918 seconds
2022-08-07T09:30:15.903+0000: 31.717: [GC (CMS Initial Mark) [1 CMS-initial-mark: 56628K(94288K)] 59193K(113296K), 0.0020225 secs] [Times: user=0.01 sys=0.00, real=0.01 secs] 
2022-08-07T09:30:15.905+0000: 31.720: [CMS-concurrent-mark-start]
2022-08-07T09:30:15.956+0000: 31.771: Application time: 0.0508431 seconds
{Heap before GC invocations=363 (full 43):
 par new generation   total 19008K, used 18761K [0x00000000c2600000, 0x00000000c3aa0000, 0x00000000d6e00000)
  eden space 16896K, 100% used [0x00000000c2600000, 0x00000000c3680000, 0x00000000c3680000)
  from space 2112K,  88% used [0x00000000c3890000, 0x00000000c3a626d0, 0x00000000c3aa0000)
  to   space 2112K,   0% used [0x00000000c3680000, 0x00000000c3680000, 0x00000000c3890000)
 concurrent mark-sweep generation total 94288K, used 56628K [0x00000000d6e00000, 0x00000000dca14000, 0x0000000100000000)
 Metaspace       used 67602K, capacity 70394K, committed 70600K, reserved 1110016K
  class space    used 8581K, capacity 9125K, committed 9164K, reserved 1048576K
2022-08-07T09:30:15.956+0000: 31.771: [GC (Allocation Failure) 2022-08-07T09:30:15.957+0000: 31.771: [ParNew: 18761K->1386K(19008K), 0.0050476 secs] 75390K->58463K(113296K), 0.0057381 secs] [Times: user=0.02 sys=0.00, real=0.00 secs] 
Heap after GC invocations=364 (full 43):
 par new generation   total 19008K, used 1386K [0x00000000c2600000, 0x00000000c3aa0000, 0x00000000d6e00000)
  eden space 16896K,   0% used [0x00000000c2600000, 0x00000000c2600000, 0x00000000c3680000)
  from space 2112K,  65% used [0x00000000c3680000, 0x00000000c37dab10, 0x00000000c3890000)
  to   space 2112K,   0% used [0x00000000c3890000, 0x00000000c3890000, 0x00000000c3aa0000)
 concurrent mark-sweep generation total 94288K, used 57077K [0x00000000d6e00000, 0x00000000dca14000, 0x0000000100000000)
 Metaspace       used 67602K, capacity 70394K, committed 70600K, reserved 1110016K
  class space    used 8581K, capacity 9125K, committed 9164K, reserved 1048576K
}
2022-08-07T09:30:16.022+0000: 31.836: Application time: 0.0585806 seconds
{Heap before GC invocations=364 (full 43):
 par new generation   total 19008K, used 18282K [0x00000000c2600000, 0x00000000c3aa0000, 0x00000000d6e00000)
  eden space 16896K, 100% used [0x00000000c2600000, 0x00000000c3680000, 0x00000000c3680000)
  from space 2112K,  65% used [0x00000000c3680000, 0x00000000c37dab10, 0x00000000c3890000)
  to   space 2112K,   0% used [0x00000000c3890000, 0x00000000c3890000, 0x00000000c3aa0000)
 concurrent mark-sweep generation total 94288K, used 57077K [0x00000000d6e00000, 0x00000000dca14000, 0x0000000100000000)
 Metaspace       used 67702K, capacity 70542K, committed 70856K, reserved 1112064K
  class space    used 8598K, capacity 9129K, committed 9164K, reserved 1048576K
2022-08-07T09:30:16.022+0000: 31.837: [GC (Allocation Failure) 2022-08-07T09:30:16.023+0000: 31.837: [ParNew: 18282K->1825K(19008K), 0.0034676 secs] 75359K->58902K(113296K), 0.0041528 secs] [Times: user=0.01 sys=0.00, real=0.01 secs] 
Heap after GC invocations=365 (full 43):
 par new generation   total 19008K, used 1825K [0x00000000c2600000, 0x00000000c3aa0000, 0x00000000d6e00000)
  eden space 16896K,   0% used [0x00000000c2600000, 0x00000000c2600000, 0x00000000c3680000)
  from space 2112K,  86% used [0x00000000c3890000, 0x00000000c3a58560, 0x00000000c3aa0000)
  to   space 2112K,   0% used [0x00000000c3680000, 0x00000000c3680000, 0x00000000c3890000)
 concurrent mark-sweep generation total 94288K, used 57077K [0x00000000d6e00000, 0x00000000dca14000, 0x0000000100000000)
 Metaspace       used 67702K, capacity 70542K, committed 70856K, reserved 1112064K
  class space    used 8598K, capacity 9129K, committed 9164K, reserved 1048576K
}
2022-08-07T09:30:16.040+0000: 31.854: [CMS-concurrent-mark: 0.121/0.135 secs] [Times: user=0.47 sys=0.04, real=0.13 secs] 
2022-08-07T09:30:16.040+0000: 31.855: [CMS-concurrent-preclean-start]
2022-08-07T09:30:16.089+0000: 31.903: [CMS-concurrent-preclean: 0.028/0.049 secs] [Times: user=0.14 sys=0.05, real=0.05 secs] 
2022-08-07T09:30:16.089+0000: 31.904: [CMS-concurrent-abortable-preclean-start]
2022-08-07T09:30:16.097+0000: 31.912: Application time: 0.0703057 seconds
{Heap before GC invocations=365 (full 43):
 par new generation   total 19008K, used 18721K [0x00000000c2600000, 0x00000000c3aa0000, 0x00000000d6e00000)
  eden space 16896K, 100% used [0x00000000c2600000, 0x00000000c3680000, 0x00000000c3680000)
  from space 2112K,  86% used [0x00000000c3890000, 0x00000000c3a58560, 0x00000000c3aa0000)
  to   space 2112K,   0% used [0x00000000c3680000, 0x00000000c3680000, 0x00000000c3890000)
 concurrent mark-sweep generation total 94288K, used 57077K [0x00000000d6e00000, 0x00000000dca14000, 0x0000000100000000)
 Metaspace       used 67799K, capacity 70638K, committed 70856K, reserved 1112064K
  class space    used 8611K, capacity 9145K, committed 9164K, reserved 1048576K
2022-08-07T09:30:16.098+0000: 31.912: [GC (Allocation Failure) 2022-08-07T09:30:16.098+0000: 31.913: [ParNew: 18721K->1674K(19008K), 0.0040299 secs] 75798K->58987K(113296K), 0.0049560 secs] [Times: user=0.02 sys=0.00, real=0.01 secs] 
Heap after GC invocations=366 (full 43):
 par new generation   total 19008K, used 1674K [0x00000000c2600000, 0x00000000c3aa0000, 0x00000000d6e00000)
  eden space 16896K,   0% used [0x00000000c2600000, 0x00000000c2600000, 0x00000000c3680000)
  from space 2112K,  79% used [0x00000000c3680000, 0x00000000c3822b80, 0x00000000c3890000)
  to   space 2112K,   0% used [0x00000000c3890000, 0x00000000c3890000, 0x00000000c3aa0000)
 concurrent mark-sweep generation total 94288K, used 57312K [0x00000000d6e00000, 0x00000000dca14000, 0x0000000100000000)
 Metaspace       used 67799K, capacity 70638K, committed 70856K, reserved 1112064K
  class space    used 8611K, capacity 9145K, committed 9164K, reserved 1048576K
}
2022-08-07T09:30:16.152+0000: 31.967: Application time: 0.0488356 seconds
{Heap before GC invocations=366 (full 43):
 par new generation   total 19008K, used 18570K [0x00000000c2600000, 0x00000000c3aa0000, 0x00000000d6e00000)
  eden space 16896K, 100% used [0x00000000c2600000, 0x00000000c3680000, 0x00000000c3680000)
  from space 2112K,  79% used [0x00000000c3680000, 0x00000000c3822b80, 0x00000000c3890000)
  to   space 2112K,   0% used [0x00000000c3890000, 0x00000000c3890000, 0x00000000c3aa0000)
 concurrent mark-sweep generation total 94288K, used 57312K [0x00000000d6e00000, 0x00000000dca14000, 0x0000000100000000)
 Metaspace       used 67867K, capacity 70714K, committed 70856K, reserved 1112064K
  class space    used 8618K, capacity 9147K, committed 9164K, reserved 1048576K
2022-08-07T09:30:16.153+0000: 31.967: [GC (Allocation Failure) 2022-08-07T09:30:16.153+0000: 31.968: [ParNew: 18570K->1251K(19008K), 0.0042383 secs] 75883K->58867K(113296K), 0.0048515 secs] [Times: user=0.01 sys=0.00, real=0.01 secs] 
Heap after GC invocations=367 (full 43):
 par new generation   total 19008K, used 1251K [0x00000000c2600000, 0x00000000c3aa0000, 0x00000000d6e00000)
  eden space 16896K,   0% used [0x00000000c2600000, 0x00000000c2600000, 0x00000000c3680000)
  from space 2112K,  59% used [0x00000000c3890000, 0x00000000c39c8f28, 0x00000000c3aa0000)
  to   space 2112K,   0% used [0x00000000c3680000, 0x00000000c3680000, 0x00000000c3890000)
 concurrent mark-sweep generation total 94288K, used 57615K [0x00000000d6e00000, 0x00000000dca14000, 0x0000000100000000)
 Metaspace       used 67867K, capacity 70714K, committed 70856K, reserved 1112064K
  class space    used 8618K, capacity 9147K, committed 9164K, reserved 1048576K
}
2022-08-07T09:30:16.158+0000: 31.973: [CMS-concurrent-abortable-preclean: 0.035/0.069 secs] [Times: user=0.20 sys=0.05, real=0.07 secs] 
2022-08-07T09:30:16.159+0000: 31.974: Application time: 0.0008332 seconds
2022-08-07T09:30:16.159+0000: 31.974: [GC (CMS Final Remark) [YG occupancy: 1613 K (19008 K)]2022-08-07T09:30:16.160+0000: 31.974: [Rescan (parallel) , 0.0032167 secs]2022-08-07T09:30:16.163+0000: 31.978: [weak refs processing, 0.0002905 secs]2022-08-07T09:30:16.164+0000: 31.978: [class unloading, 0.0106517 secs]2022-08-07T09:30:16.175+0000: 31.989: [scrub symbol table, 0.0150349 secs]2022-08-07T09:30:16.190+0000: 32.005: [scrub string table, 0.0010264 secs][1 CMS-remark: 57615K(94288K)] 59229K(113296K), 0.0319199 secs] [Times: user=0.07 sys=0.00, real=0.03 secs] 
2022-08-07T09:30:16.193+0000: 32.007: [CMS-concurrent-sweep-start]
2022-08-07T09:30:16.219+0000: 32.033: [CMS-concurrent-sweep: 0.026/0.026 secs] [Times: user=0.08 sys=0.01, real=0.03 secs] 
2022-08-07T09:30:16.220+0000: 32.034: [CMS-concurrent-reset-start]
2022-08-07T09:30:16.220+0000: 32.035: [CMS-concurrent-reset: 0.001/0.001 secs] [Times: user=0.00 sys=0.00, real=0.00 secs] 
2022-08-07T09:30:16.238+0000: 32.052: Application time: 0.0455431 seconds
{Heap before GC invocations=367 (full 43):
 par new generation   total 19008K, used 18147K [0x00000000c2600000, 0x00000000c3aa0000, 0x00000000d6e00000)
  eden space 16896K, 100% used [0x00000000c2600000, 0x00000000c3680000, 0x00000000c3680000)
  from space 2112K,  59% used [0x00000000c3890000, 0x00000000c39c8f28, 0x00000000c3aa0000)
  to   space 2112K,   0% used [0x00000000c3680000, 0x00000000c3680000, 0x00000000c3890000)
 concurrent mark-sweep generation total 95980K, used 57586K [0x00000000d6e00000, 0x00000000dcbbb000, 0x0000000100000000)
 Metaspace       used 67919K, capacity 70822K, committed 71240K, reserved 1112064K
  class space    used 8626K, capacity 9181K, committed 9292K, reserved 1048576K
2022-08-07T09:30:16.238+0000: 32.053: [GC (Allocation Failure) 2022-08-07T09:30:16.239+0000: 32.053: [ParNew: 18147K->1601K(19008K), 0.0034245 secs] 75733K->59187K(114988K), 0.0041650 secs] [Times: user=0.01 sys=0.00, real=0.00 secs] 
Heap after GC invocations=368 (full 43):
 par new generation   total 19008K, used 1601K [0x00000000c2600000, 0x00000000c3aa0000, 0x00000000d6e00000)
  eden space 16896K,   0% used [0x00000000c2600000, 0x00000000c2600000, 0x00000000c3680000)
  from space 2112K,  75% used [0x00000000c3680000, 0x00000000c38105c8, 0x00000000c3890000)
  to   space 2112K,   0% used [0x00000000c3890000, 0x00000000c3890000, 0x00000000c3aa0000)
 concurrent mark-sweep generation total 95980K, used 57586K [0x00000000d6e00000, 0x00000000dcbbb000, 0x0000000100000000)
 Metaspace       used 67919K, capacity 70822K, committed 71240K, reserved 1112064K
  class space    used 8626K, capacity 9181K, committed 9292K, reserved 1048576K
}
2022-08-07T09:30:16.278+0000: 32.093: Application time: 0.0354154 seconds
2022-08-07T09:30:16.305+0000: 32.120: Application time: 0.0255789 seconds
2022-08-07T09:30:16.323+0000: 32.137: Application time: 0.0166488 seconds
{Heap before GC invocations=368 (full 43):
 par new generation   total 19008K, used 18497K [0x00000000c2600000, 0x00000000c3aa0000, 0x00000000d6e00000)
  eden space 16896K, 100% used [0x00000000c2600000, 0x00000000c3680000, 0x00000000c3680000)
  from space 2112K,  75% used [0x00000000c3680000, 0x00000000c38105c8, 0x00000000c3890000)
  to   space 2112K,   0% used [0x00000000c3890000, 0x00000000c3890000, 0x00000000c3aa0000)
 concurrent mark-sweep generation total 95980K, used 57586K [0x00000000d6e00000, 0x00000000dcbbb000, 0x0000000100000000)
 Metaspace       used 68070K, capacity 70956K, committed 71240K, reserved 1112064K
  class space    used 8644K, capacity 9182K, committed 9292K, reserved 1048576K
2022-08-07T09:30:16.323+0000: 32.138: [GC (Allocation Failure) 2022-08-07T09:30:16.324+0000: 32.138: [ParNew: 18497K->2033K(19008K), 0.0091502 secs] 76083K->59813K(114988K), 0.0099646 secs] [Times: user=0.02 sys=0.00, real=0.01 secs] 
Heap after GC invocations=369 (full 43):
 par new generation   total 19008K, used 2033K [0x00000000c2600000, 0x00000000c3aa0000, 0x00000000d6e00000)
  eden space 16896K,   0% used [0x00000000c2600000, 0x00000000c2600000, 0x00000000c3680000)
  from space 2112K,  96% used [0x00000000c3890000, 0x00000000c3a8c6c8, 0x00000000c3aa0000)
  to   space 2112K,   0% used [0x00000000c3680000, 0x00000000c3680000, 0x00000000c3890000)
 concurrent mark-sweep generation total 95980K, used 57780K [0x00000000d6e00000, 0x00000000dcbbb000, 0x0000000100000000)
 Metaspace       used 68070K, capacity 70956K, committed 71240K, reserved 1112064K
  class space    used 8644K, capacity 9182K, committed 9292K, reserved 1048576K
}
2022-08-07T09:30:16.335+0000: 32.149: Application time: 0.0006680 seconds
2022-08-07T09:30:16.335+0000: 32.149: [GC (CMS Initial Mark) [1 CMS-initial-mark: 57780K(95980K)] 60175K(114988K), 0.0113536 secs] [Times: user=0.02 sys=0.00, real=0.01 secs] 
2022-08-07T09:30:16.347+0000: 32.162: [CMS-concurrent-mark-start]
2022-08-07T09:30:16.391+0000: 32.205: Application time: 0.0436511 seconds
2022-08-07T09:30:16.456+0000: 32.271: Application time: 0.0646319 seconds
2022-08-07T09:30:16.457+0000: 32.272: Application time: 0.0002179 seconds
2022-08-07T09:30:16.460+0000: 32.274: Application time: 0.0013438 seconds
2022-08-07T09:30:16.471+0000: 32.285: Application time: 0.0103937 seconds
2022-08-07T09:30:16.477+0000: 32.292: [CMS-concurrent-mark: 0.125/0.130 secs] [Times: user=0.42 sys=0.05, real=0.13 secs] 
2022-08-07T09:30:16.478+0000: 32.292: [CMS-concurrent-preclean-start]
2022-08-07T09:30:16.481+0000: 32.295: Application time: 0.0087979 seconds
2022-08-07T09:30:16.481+0000: 32.296: Application time: 0.0002055 seconds
2022-08-07T09:30:16.495+0000: 32.310: Application time: 0.0138850 seconds
{Heap before GC invocations=369 (full 44):
 par new generation   total 19008K, used 18929K [0x00000000c2600000, 0x00000000c3aa0000, 0x00000000d6e00000)
  eden space 16896K, 100% used [0x00000000c2600000, 0x00000000c3680000, 0x00000000c3680000)
  from space 2112K,  96% used [0x00000000c3890000, 0x00000000c3a8c6c8, 0x00000000c3aa0000)
  to   space 2112K,   0% used [0x00000000c3680000, 0x00000000c3680000, 0x00000000c3890000)
 concurrent mark-sweep generation total 95980K, used 57780K [0x00000000d6e00000, 0x00000000dcbbb000, 0x0000000100000000)
 Metaspace       used 68364K, capacity 71248K, committed 71496K, reserved 1112064K
  class space    used 8681K, capacity 9216K, committed 9292K, reserved 1048576K
2022-08-07T09:30:16.496+0000: 32.311: [GC (Allocation Failure) 2022-08-07T09:30:16.497+0000: 32.311: [ParNew: 18929K->1720K(19008K), 0.0119434 secs] 76709K->59994K(114988K), 0.0133273 secs] [Times: user=0.03 sys=0.00, real=0.01 secs] 
Heap after GC invocations=370 (full 44):
 par new generation   total 19008K, used 1720K [0x00000000c2600000, 0x00000000c3aa0000, 0x00000000d6e00000)
  eden space 16896K,   0% used [0x00000000c2600000, 0x00000000c2600000, 0x00000000c3680000)
  from space 2112K,  81% used [0x00000000c3680000, 0x00000000c382e350, 0x00000000c3890000)
  to   space 2112K,   0% used [0x00000000c3890000, 0x00000000c3890000, 0x00000000c3aa0000)
 concurrent mark-sweep generation total 95980K, used 58273K [0x00000000d6e00000, 0x00000000dcbbb000, 0x0000000100000000)
 Metaspace       used 68364K, capacity 71248K, committed 71496K, reserved 1112064K
  class space    used 8681K, capacity 9216K, committed 9292K, reserved 1048576K
}
2022-08-07T09:30:16.476+0000: 32.324: [CMS-concurrent-preclean: 0.010/0.032 secs] [Times: user=0.08 sys=0.02, real=0.03 secs] 
2022-08-07T09:30:16.477+0000: 32.326: Application time: 0.0016502 seconds
2022-08-07T09:30:16.478+0000: 32.326: [GC (CMS Final Remark) [YG occupancy: 1745 K (19008 K)]2022-08-07T09:30:16.478+0000: 32.326: [Rescan (parallel) , 0.0179949 secs]2022-08-07T09:30:16.496+0000: 32.345: [weak refs processing, 0.0006989 secs]2022-08-07T09:30:16.497+0000: 32.346: [class unloading, 0.0235689 secs]2022-08-07T09:30:16.521+0000: 32.370: [scrub symbol table, 0.0145730 secs]2022-08-07T09:30:16.536+0000: 32.385: [scrub string table, 0.0013247 secs][1 CMS-remark: 58273K(95980K)] 60019K(114988K), 0.0605004 secs] [Times: user=0.11 sys=0.00, real=0.06 secs] 
2022-08-07T09:30:16.539+0000: 32.388: [CMS-concurrent-sweep-start]
2022-08-07T09:30:16.570+0000: 32.418: [CMS-concurrent-sweep: 0.030/0.030 secs] [Times: user=0.10 sys=0.01, real=0.03 secs] 
2022-08-07T09:30:16.570+0000: 32.419: [CMS-concurrent-reset-start]
2022-08-07T09:30:16.571+0000: 32.419: [CMS-concurrent-reset: 0.000/0.001 secs] [Times: user=0.00 sys=0.00, real=0.00 secs] 
2022-08-07T09:30:16.610+0000: 32.459: Application time: 0.0714740 seconds
{Heap before GC invocations=370 (full 44):
 par new generation   total 19008K, used 18616K [0x00000000c2600000, 0x00000000c3aa0000, 0x00000000d6e00000)
  eden space 16896K, 100% used [0x00000000c2600000, 0x00000000c3680000, 0x00000000c3680000)
  from space 2112K,  81% used [0x00000000c3680000, 0x00000000c382e350, 0x00000000c3890000)
  to   space 2112K,   0% used [0x00000000c3890000, 0x00000000c3890000, 0x00000000c3aa0000)
 concurrent mark-sweep generation total 96940K, used 58163K [0x00000000d6e00000, 0x00000000dccab000, 0x0000000100000000)
 Metaspace       used 68408K, capacity 71250K, committed 71496K, reserved 1112064K
  class space    used 8687K, capacity 9217K, committed 9292K, reserved 1048576K
2022-08-07T09:30:16.611+0000: 32.459: [GC (Allocation Failure) 2022-08-07T09:30:16.612+0000: 32.460: [ParNew: 18616K->1230K(19008K), 0.0224722 secs] 76780K->59540K(115948K), 0.0235134 secs] [Times: user=0.04 sys=0.01, real=0.02 secs] 
Heap after GC invocations=371 (full 44):
 par new generation   total 19008K, used 1230K [0x00000000c2600000, 0x00000000c3aa0000, 0x00000000d6e00000)
  eden space 16896K,   0% used [0x00000000c2600000, 0x00000000c2600000, 0x00000000c3680000)
  from space 2112K,  58% used [0x00000000c3890000, 0x00000000c39c3af0, 0x00000000c3aa0000)
  to   space 2112K,   0% used [0x00000000c3680000, 0x00000000c3680000, 0x00000000c3890000)
 concurrent mark-sweep generation total 96940K, used 58309K [0x00000000d6e00000, 0x00000000dccab000, 0x0000000100000000)
 Metaspace       used 68408K, capacity 71250K, committed 71496K, reserved 1112064K
  class space    used 8687K, capacity 9217K, committed 9292K, reserved 1048576K
}
2022-08-07T09:30:16.636+0000: 32.484: Application time: 0.0006099 seconds
2022-08-07T09:30:16.636+0000: 32.484: [GC (CMS Initial Mark) [1 CMS-initial-mark: 58309K(96940K)] 59901K(115948K), 0.0040062 secs] [Times: user=0.01 sys=0.00, real=0.01 secs] 
2022-08-07T09:30:16.642+0000: 32.490: [CMS-concurrent-mark-start]
2022-08-07T09:30:16.852+0000: 32.700: Application time: 0.2099109 seconds
{Heap before GC invocations=371 (full 45):
 par new generation   total 19008K, used 18126K [0x00000000c2600000, 0x00000000c3aa0000, 0x00000000d6e00000)
  eden space 16896K, 100% used [0x00000000c2600000, 0x00000000c3680000, 0x00000000c3680000)
  from space 2112K,  58% used [0x00000000c3890000, 0x00000000c39c3af0, 0x00000000c3aa0000)
  to   space 2112K,   0% used [0x00000000c3680000, 0x00000000c3680000, 0x00000000c3890000)
 concurrent mark-sweep generation total 96940K, used 58309K [0x00000000d6e00000, 0x00000000dccab000, 0x0000000100000000)
 Metaspace       used 68544K, capacity 71492K, committed 71752K, reserved 1112064K
  class space    used 8704K, capacity 9264K, committed 9292K, reserved 1048576K
2022-08-07T09:30:16.852+0000: 32.700: [GC (Allocation Failure) 2022-08-07T09:30:16.852+0000: 32.701: [ParNew: 18126K->1400K(19008K), 0.0075016 secs] 76436K->59710K(115948K), 0.0082390 secs] [Times: user=0.02 sys=0.01, real=0.01 secs] 
Heap after GC invocations=372 (full 45):
 par new generation   total 19008K, used 1400K [0x00000000c2600000, 0x00000000c3aa0000, 0x00000000d6e00000)
  eden space 16896K,   0% used [0x00000000c2600000, 0x00000000c2600000, 0x00000000c3680000)
  from space 2112K,  66% used [0x00000000c3680000, 0x00000000c37de3a0, 0x00000000c3890000)
  to   space 2112K,   0% used [0x00000000c3890000, 0x00000000c3890000, 0x00000000c3aa0000)
 concurrent mark-sweep generation total 96940K, used 58309K [0x00000000d6e00000, 0x00000000dccab000, 0x0000000100000000)
 Metaspace       used 68544K, capacity 71492K, committed 71752K, reserved 1112064K
  class space    used 8704K, capacity 9264K, committed 9292K, reserved 1048576K
}
2022-08-07T09:30:17.053+0000: 32.902: [CMS-concurrent-mark: 0.402/0.411 secs] [Times: user=0.92 sys=0.22, real=0.41 secs] 
2022-08-07T09:30:17.054+0000: 32.902: [CMS-concurrent-preclean-start]
2022-08-07T09:30:17.085+0000: 32.933: Application time: 0.2237696 seconds
{Heap before GC invocations=372 (full 45):
 par new generation   total 19008K, used 18296K [0x00000000c2600000, 0x00000000c3aa0000, 0x00000000d6e00000)
  eden space 16896K, 100% used [0x00000000c2600000, 0x00000000c3680000, 0x00000000c3680000)
  from space 2112K,  66% used [0x00000000c3680000, 0x00000000c37de3a0, 0x00000000c3890000)
  to   space 2112K,   0% used [0x00000000c3890000, 0x00000000c3890000, 0x00000000c3aa0000)
 concurrent mark-sweep generation total 96940K, used 58309K [0x00000000d6e00000, 0x00000000dccab000, 0x0000000100000000)
 Metaspace       used 68567K, capacity 71562K, committed 71752K, reserved 1112064K
  class space    used 8705K, capacity 9265K, committed 9292K, reserved 1048576K
2022-08-07T09:30:17.085+0000: 32.933: [GC (Allocation Failure) 2022-08-07T09:30:17.086+0000: 32.934: [ParNew: 18296K->1560K(19008K), 0.0078662 secs] 76606K->59870K(115948K), 0.0092005 secs] [Times: user=0.03 sys=0.00, real=0.01 secs] 
Heap after GC invocations=373 (full 45):
 par new generation   total 19008K, used 1560K [0x00000000c2600000, 0x00000000c3aa0000, 0x00000000d6e00000)
  eden space 16896K,   0% used [0x00000000c2600000, 0x00000000c2600000, 0x00000000c3680000)
  from space 2112K,  73% used [0x00000000c3890000, 0x00000000c3a16390, 0x00000000c3aa0000)
  to   space 2112K,   0% used [0x00000000c3680000, 0x00000000c3680000, 0x00000000c3890000)
 concurrent mark-sweep generation total 96940K, used 58309K [0x00000000d6e00000, 0x00000000dccab000, 0x0000000100000000)
 Metaspace       used 68567K, capacity 71562K, committed 71752K, reserved 1112064K
  class space    used 8705K, capacity 9265K, committed 9292K, reserved 1048576K
}
2022-08-07T09:30:17.097+0000: 32.945: [CMS-concurrent-preclean: 0.020/0.043 secs] [Times: user=0.13 sys=0.03, real=0.04 secs] 
2022-08-07T09:30:17.098+0000: 32.946: Application time: 0.0025133 seconds
2022-08-07T09:30:17.098+0000: 32.946: [GC (CMS Final Remark) [YG occupancy: 3272 K (19008 K)]2022-08-07T09:30:17.098+0000: 32.947: [Rescan (parallel) , 0.0051863 secs]2022-08-07T09:30:17.104+0000: 32.952: [weak refs processing, 0.0030268 secs]2022-08-07T09:30:17.107+0000: 32.956: [class unloading, 0.0162974 secs]2022-08-07T09:30:17.124+0000: 32.972: [scrub symbol table, 0.0157772 secs]2022-08-07T09:30:17.141+0000: 32.989: [scrub string table, 0.0012793 secs][1 CMS-remark: 58309K(96940K)] 61582K(115948K), 0.0443684 secs] [Times: user=0.12 sys=0.01, real=0.05 secs] 
2022-08-07T09:30:17.145+0000: 32.993: [CMS-concurrent-sweep-start]
2022-08-07T09:30:17.185+0000: 33.033: [CMS-concurrent-sweep: 0.041/0.041 secs] [Times: user=0.11 sys=0.01, real=0.04 secs] 
2022-08-07T09:30:17.187+0000: 33.035: [CMS-concurrent-reset-start]
2022-08-07T09:30:17.187+0000: 33.035: [CMS-concurrent-reset: 0.000/0.001 secs] [Times: user=0.00 sys=0.00, real=0.00 secs] 
2022-08-07T09:30:17.199+0000: 33.048: Application time: 0.0560149 seconds
{Heap before GC invocations=373 (full 45):
 par new generation   total 19008K, used 18456K [0x00000000c2600000, 0x00000000c3aa0000, 0x00000000d6e00000)
  eden space 16896K, 100% used [0x00000000c2600000, 0x00000000c3680000, 0x00000000c3680000)
  from space 2112K,  73% used [0x00000000c3890000, 0x00000000c3a16390, 0x00000000c3aa0000)
  to   space 2112K,   0% used [0x00000000c3680000, 0x00000000c3680000, 0x00000000c3890000)
 concurrent mark-sweep generation total 97132K, used 58278K [0x00000000d6e00000, 0x00000000dccdb000, 0x0000000100000000)
 Metaspace       used 68560K, capacity 71544K, committed 71752K, reserved 1112064K
  class space    used 8703K, capacity 9262K, committed 9292K, reserved 1048576K
2022-08-07T09:30:17.200+0000: 33.048: [GC (Allocation Failure) 2022-08-07T09:30:17.200+0000: 33.048: [ParNew: 18456K->1680K(19008K), 0.0082382 secs] 76734K->60518K(116140K), 0.0089745 secs] [Times: user=0.02 sys=0.00, real=0.00 secs] 
Heap after GC invocations=374 (full 45):
 par new generation   total 19008K, used 1680K [0x00000000c2600000, 0x00000000c3aa0000, 0x00000000d6e00000)
  eden space 16896K,   0% used [0x00000000c2600000, 0x00000000c2600000, 0x00000000c3680000)
  from space 2112K,  79% used [0x00000000c3680000, 0x00000000c38242d0, 0x00000000c3890000)
  to   space 2112K,   0% used [0x00000000c3890000, 0x00000000c3890000, 0x00000000c3aa0000)
 concurrent mark-sweep generation total 97132K, used 58837K [0x00000000d6e00000, 0x00000000dccdb000, 0x0000000100000000)
 Metaspace       used 68560K, capacity 71544K, committed 71752K, reserved 1112064K
  class space    used 8703K, capacity 9262K, committed 9292K, reserved 1048576K
}
2022-08-07T09:30:17.210+0000: 33.058: Application time: 0.0006620 seconds
2022-08-07T09:30:17.210+0000: 33.058: [GC (CMS Initial Mark) [1 CMS-initial-mark: 58837K(97132K)] 60879K(116140K), 0.0024139 secs] [Times: user=0.01 sys=0.01, real=0.00 secs] 
2022-08-07T09:30:17.213+0000: 33.061: [CMS-concurrent-mark-start]
2022-08-07T09:30:17.292+0000: 33.141: Application time: 0.0793553 seconds
{Heap before GC invocations=374 (full 46):
 par new generation   total 19008K, used 18576K [0x00000000c2600000, 0x00000000c3aa0000, 0x00000000d6e00000)
  eden space 16896K, 100% used [0x00000000c2600000, 0x00000000c3680000, 0x00000000c3680000)
  from space 2112K,  79% used [0x00000000c3680000, 0x00000000c38242d0, 0x00000000c3890000)
  to   space 2112K,   0% used [0x00000000c3890000, 0x00000000c3890000, 0x00000000c3aa0000)
 concurrent mark-sweep generation total 97132K, used 58837K [0x00000000d6e00000, 0x00000000dccdb000, 0x0000000100000000)
 Metaspace       used 68637K, capacity 71662K, committed 71752K, reserved 1112064K
  class space    used 8715K, capacity 9281K, committed 9292K, reserved 1048576K
2022-08-07T09:30:17.293+0000: 33.141: [GC (Allocation Failure) 2022-08-07T09:30:17.293+0000: 33.141: [ParNew: 18576K->1330K(19008K), 0.0076028 secs] 77414K->60168K(116140K), 0.0086639 secs] [Times: user=0.02 sys=0.00, real=0.01 secs] 
Heap after GC invocations=375 (full 46):
 par new generation   total 19008K, used 1330K [0x00000000c2600000, 0x00000000c3aa0000, 0x00000000d6e00000)
  eden space 16896K,   0% used [0x00000000c2600000, 0x00000000c2600000, 0x00000000c3680000)
  from space 2112K,  63% used [0x00000000c3890000, 0x00000000c39dcae0, 0x00000000c3aa0000)
  to   space 2112K,   0% used [0x00000000c3680000, 0x00000000c3680000, 0x00000000c3890000)
 concurrent mark-sweep generation total 97132K, used 58837K [0x00000000d6e00000, 0x00000000dccdb000, 0x0000000100000000)
 Metaspace       used 68637K, capacity 71662K, committed 71752K, reserved 1112064K
  class space    used 8715K, capacity 9281K, committed 9292K, reserved 1048576K
}
2022-08-07T09:30:17.360+0000: 33.208: Application time: 0.0572698 seconds
{Heap before GC invocations=375 (full 46):
 par new generation   total 19008K, used 18226K [0x00000000c2600000, 0x00000000c3aa0000, 0x00000000d6e00000)
  eden space 16896K, 100% used [0x00000000c2600000, 0x00000000c3680000, 0x00000000c3680000)
  from space 2112K,  63% used [0x00000000c3890000, 0x00000000c39dcae0, 0x00000000c3aa0000)
  to   space 2112K,   0% used [0x00000000c3680000, 0x00000000c3680000, 0x00000000c3890000)
 concurrent mark-sweep generation total 97132K, used 58837K [0x00000000d6e00000, 0x00000000dccdb000, 0x0000000100000000)
 Metaspace       used 68676K, capacity 71736K, committed 71752K, reserved 1112064K
  class space    used 8719K, capacity 9284K, committed 9292K, reserved 1048576K
2022-08-07T09:30:17.361+0000: 33.209: [GC (Allocation Failure) 2022-08-07T09:30:17.361+0000: 33.209: [ParNew: 18226K->1372K(19008K), 0.0051867 secs] 77064K->60210K(116140K), 0.0059465 secs] [Times: user=0.01 sys=0.00, real=0.00 secs] 
Heap after GC invocations=376 (full 46):
 par new generation   total 19008K, used 1372K [0x00000000c2600000, 0x00000000c3aa0000, 0x00000000d6e00000)
  eden space 16896K,   0% used [0x00000000c2600000, 0x00000000c2600000, 0x00000000c3680000)
  from space 2112K,  64% used [0x00000000c3680000, 0x00000000c37d7210, 0x00000000c3890000)
  to   space 2112K,   0% used [0x00000000c3890000, 0x00000000c3890000, 0x00000000c3aa0000)
 concurrent mark-sweep generation total 97132K, used 58837K [0x00000000d6e00000, 0x00000000dccdb000, 0x0000000100000000)
 Metaspace       used 68676K, capacity 71736K, committed 71752K, reserved 1112064K
  class space    used 8719K, capacity 9284K, committed 9292K, reserved 1048576K
}
2022-08-07T09:30:17.432+0000: 33.280: [CMS-concurrent-mark: 0.200/0.219 secs] [Times: user=0.61 sys=0.07, real=0.22 secs] 
2022-08-07T09:30:17.442+0000: 33.291: [CMS-concurrent-preclean-start]
2022-08-07T09:30:17.456+0000: 33.304: Application time: 0.0883429 seconds
{Heap before GC invocations=376 (full 46):
 par new generation   total 19008K, used 18268K [0x00000000c2600000, 0x00000000c3aa0000, 0x00000000d6e00000)
  eden space 16896K, 100% used [0x00000000c2600000, 0x00000000c3680000, 0x00000000c3680000)
  from space 2112K,  64% used [0x00000000c3680000, 0x00000000c37d7210, 0x00000000c3890000)
  to   space 2112K,   0% used [0x00000000c3890000, 0x00000000c3890000, 0x00000000c3aa0000)
 concurrent mark-sweep generation total 97132K, used 58837K [0x00000000d6e00000, 0x00000000dccdb000, 0x0000000100000000)
 Metaspace       used 68756K, capacity 71800K, committed 72008K, reserved 1112064K
  class space    used 8729K, capacity 9284K, committed 9292K, reserved 1048576K
2022-08-07T09:30:17.456+0000: 33.304: [GC (Allocation Failure) 2022-08-07T09:30:17.457+0000: 33.306: [ParNew: 18268K->1954K(19008K), 0.0047163 secs] 77106K->60957K(116140K), 0.0062388 secs] [Times: user=0.01 sys=0.00, real=0.01 secs] 
Heap after GC invocations=377 (full 46):
 par new generation   total 19008K, used 1954K [0x00000000c2600000, 0x00000000c3aa0000, 0x00000000d6e00000)
  eden space 16896K,   0% used [0x00000000c2600000, 0x00000000c2600000, 0x00000000c3680000)
  from space 2112K,  92% used [0x00000000c3890000, 0x00000000c3a78a88, 0x00000000c3aa0000)
  to   space 2112K,   0% used [0x00000000c3680000, 0x00000000c3680000, 0x00000000c3890000)
 concurrent mark-sweep generation total 97132K, used 59002K [0x00000000d6e00000, 0x00000000dccdb000, 0x0000000100000000)
 Metaspace       used 68756K, capacity 71800K, committed 72008K, reserved 1112064K
  class space    used 8729K, capacity 9284K, committed 9292K, reserved 1048576K
}
2022-08-07T09:30:17.524+0000: 33.372: Application time: 0.0610222 seconds
{Heap before GC invocations=377 (full 46):
 par new generation   total 19008K, used 18850K [0x00000000c2600000, 0x00000000c3aa0000, 0x00000000d6e00000)
  eden space 16896K, 100% used [0x00000000c2600000, 0x00000000c3680000, 0x00000000c3680000)
  from space 2112K,  92% used [0x00000000c3890000, 0x00000000c3a78a88, 0x00000000c3aa0000)
  to   space 2112K,   0% used [0x00000000c3680000, 0x00000000c3680000, 0x00000000c3890000)
 concurrent mark-sweep generation total 97132K, used 59002K [0x00000000d6e00000, 0x00000000dccdb000, 0x0000000100000000)
 Metaspace       used 68762K, capacity 71800K, committed 72008K, reserved 1112064K
  class space    used 8730K, capacity 9284K, committed 9292K, reserved 1048576K
2022-08-07T09:30:17.525+0000: 33.373: [GC (Allocation Failure) 2022-08-07T09:30:17.525+0000: 33.373: [ParNew: 18850K->1472K(19008K), 0.0057448 secs] 77853K->60607K(116140K), 0.0064539 secs] [Times: user=0.02 sys=0.00, real=0.01 secs] 
Heap after GC invocations=378 (full 46):
 par new generation   total 19008K, used 1472K [0x00000000c2600000, 0x00000000c3aa0000, 0x00000000d6e00000)
  eden space 16896K,   0% used [0x00000000c2600000, 0x00000000c2600000, 0x00000000c3680000)
  from space 2112K,  69% used [0x00000000c3680000, 0x00000000c37f00e0, 0x00000000c3890000)
  to   space 2112K,   0% used [0x00000000c3890000, 0x00000000c3890000, 0x00000000c3aa0000)
 concurrent mark-sweep generation total 97132K, used 59134K [0x00000000d6e00000, 0x00000000dccdb000, 0x0000000100000000)
 Metaspace       used 68762K, capacity 71800K, committed 72008K, reserved 1112064K
  class space    used 8730K, capacity 9284K, committed 9292K, reserved 1048576K
}
2022-08-07T09:30:17.534+0000: 33.382: [CMS-concurrent-preclean: 0.042/0.091 secs] [Times: user=0.22 sys=0.08, real=0.09 secs] 
2022-08-07T09:30:17.535+0000: 33.383: Application time: 0.0028880 seconds
2022-08-07T09:30:17.535+0000: 33.384: [GC (CMS Final Remark) [YG occupancy: 2848 K (19008 K)]2022-08-07T09:30:17.536+0000: 33.384: [Rescan (parallel) , 0.0046845 secs]2022-08-07T09:30:17.541+0000: 33.389: [weak refs processing, 0.0004072 secs]2022-08-07T09:30:17.541+0000: 33.390: [class unloading, 0.0167342 secs]2022-08-07T09:30:17.559+0000: 33.407: [scrub symbol table, 0.0157740 secs]2022-08-07T09:30:17.575+0000: 33.423: [scrub string table, 0.0014085 secs][1 CMS-remark: 59134K(97132K)] 61983K(116140K), 0.0410035 secs] [Times: user=0.12 sys=0.01, real=0.04 secs] 
2022-08-07T09:30:17.577+0000: 33.425: [CMS-concurrent-sweep-start]
2022-08-07T09:30:17.616+0000: 33.465: [CMS-concurrent-sweep: 0.039/0.039 secs] [Times: user=0.12 sys=0.01, real=0.04 secs] 
2022-08-07T09:30:17.623+0000: 33.471: [CMS-concurrent-reset-start]
2022-08-07T09:30:17.626+0000: 33.474: [CMS-concurrent-reset: 0.003/0.003 secs] [Times: user=0.01 sys=0.00, real=0.00 secs] 
2022-08-07T09:30:17.630+0000: 33.478: Application time: 0.0527573 seconds
{Heap before GC invocations=378 (full 46):
 par new generation   total 19008K, used 18368K [0x00000000c2600000, 0x00000000c3aa0000, 0x00000000d6e00000)
  eden space 16896K, 100% used [0x00000000c2600000, 0x00000000c3680000, 0x00000000c3680000)
  from space 2112K,  69% used [0x00000000c3680000, 0x00000000c37f00e0, 0x00000000c3890000)
  to   space 2112K,   0% used [0x00000000c3890000, 0x00000000c3890000, 0x00000000c3aa0000)
 concurrent mark-sweep generation total 98508K, used 59103K [0x00000000d6e00000, 0x00000000dce33000, 0x0000000100000000)
 Metaspace       used 68770K, capacity 71808K, committed 72008K, reserved 1112064K
  class space    used 8731K, capacity 9286K, committed 9292K, reserved 1048576K
2022-08-07T09:30:17.630+0000: 33.478: [GC (Allocation Failure) 2022-08-07T09:30:17.630+0000: 33.479: [ParNew: 18368K->1906K(19008K), 0.0212957 secs] 77471K->61009K(117516K), 0.0222214 secs] [Times: user=0.05 sys=0.00, real=0.02 secs] 
Heap after GC invocations=379 (full 46):
 par new generation   total 19008K, used 1906K [0x00000000c2600000, 0x00000000c3aa0000, 0x00000000d6e00000)
  eden space 16896K,   0% used [0x00000000c2600000, 0x00000000c2600000, 0x00000000c3680000)
  from space 2112K,  90% used [0x00000000c3890000, 0x00000000c3a6c8c8, 0x00000000c3aa0000)
  to   space 2112K,   0% used [0x00000000c3680000, 0x00000000c3680000, 0x00000000c3890000)
 concurrent mark-sweep generation total 98508K, used 59103K [0x00000000d6e00000, 0x00000000dce33000, 0x0000000100000000)
 Metaspace       used 68770K, capacity 71808K, committed 72008K, reserved 1112064K
  class space    used 8731K, capacity 9286K, committed 9292K, reserved 1048576K
}
2022-08-07T09:30:17.695+0000: 33.543: Application time: 0.0423848 seconds
{Heap before GC invocations=379 (full 46):
 par new generation   total 19008K, used 18802K [0x00000000c2600000, 0x00000000c3aa0000, 0x00000000d6e00000)
  eden space 16896K, 100% used [0x00000000c2600000, 0x00000000c3680000, 0x00000000c3680000)
  from space 2112K,  90% used [0x00000000c3890000, 0x00000000c3a6c8c8, 0x00000000c3aa0000)
  to   space 2112K,   0% used [0x00000000c3680000, 0x00000000c3680000, 0x00000000c3890000)
 concurrent mark-sweep generation total 98508K, used 59103K [0x00000000d6e00000, 0x00000000dce33000, 0x0000000100000000)
 Metaspace       used 68771K, capacity 71808K, committed 72008K, reserved 1112064K
  class space    used 8731K, capacity 9286K, committed 9292K, reserved 1048576K
2022-08-07T09:30:17.697+0000: 33.545: [GC (Allocation Failure) 2022-08-07T09:30:17.697+0000: 33.545: [ParNew: 18802K->1143K(19008K), 0.0209437 secs] 77905K->60669K(117516K), 0.0214838 secs] [Times: user=0.04 sys=0.01, real=0.02 secs] 
Heap after GC invocations=380 (full 46):
 par new generation   total 19008K, used 1143K [0x00000000c2600000, 0x00000000c3aa0000, 0x00000000d6e00000)
  eden space 16896K,   0% used [0x00000000c2600000, 0x00000000c2600000, 0x00000000c3680000)
  from space 2112K,  54% used [0x00000000c3680000, 0x00000000c379dc20, 0x00000000c3890000)
  to   space 2112K,   0% used [0x00000000c3890000, 0x00000000c3890000, 0x00000000c3aa0000)
 concurrent mark-sweep generation total 98508K, used 59526K [0x00000000d6e00000, 0x00000000dce33000, 0x0000000100000000)
 Metaspace       used 68771K, capacity 71808K, committed 72008K, reserved 1112064K
  class space    used 8731K, capacity 9286K, committed 9292K, reserved 1048576K
}
2022-08-07T09:30:17.719+0000: 33.568: Application time: 0.0007595 seconds
2022-08-07T09:30:17.720+0000: 33.568: [GC (CMS Initial Mark) [1 CMS-initial-mark: 59526K(98508K)] 61027K(117516K), 0.0045686 secs] [Times: user=0.00 sys=0.00, real=0.00 secs] 
2022-08-07T09:30:17.725+0000: 33.573: [CMS-concurrent-mark-start]
2022-08-07T09:30:17.819+0000: 33.667: Application time: 0.0935188 seconds
{Heap before GC invocations=380 (full 47):
 par new generation   total 19008K, used 18039K [0x00000000c2600000, 0x00000000c3aa0000, 0x00000000d6e00000)
  eden space 16896K, 100% used [0x00000000c2600000, 0x00000000c3680000, 0x00000000c3680000)
  from space 2112K,  54% used [0x00000000c3680000, 0x00000000c379dc20, 0x00000000c3890000)
  to   space 2112K,   0% used [0x00000000c3890000, 0x00000000c3890000, 0x00000000c3aa0000)
 concurrent mark-sweep generation total 98508K, used 59526K [0x00000000d6e00000, 0x00000000dce33000, 0x0000000100000000)
 Metaspace       used 68784K, capacity 71808K, committed 72008K, reserved 1112064K
  class space    used 8733K, capacity 9286K, committed 9292K, reserved 1048576K
2022-08-07T09:30:17.819+0000: 33.667: [GC (Allocation Failure) 2022-08-07T09:30:17.819+0000: 33.667: [ParNew: 18039K->1239K(19008K), 0.0078436 secs] 77565K->60765K(117516K), 0.0084950 secs] [Times: user=0.02 sys=0.01, real=0.01 secs] 
Heap after GC invocations=381 (full 47):
 par new generation   total 19008K, used 1239K [0x00000000c2600000, 0x00000000c3aa0000, 0x00000000d6e00000)
  eden space 16896K,   0% used [0x00000000c2600000, 0x00000000c2600000, 0x00000000c3680000)
  from space 2112K,  58% used [0x00000000c3890000, 0x00000000c39c5c08, 0x00000000c3aa0000)
  to   space 2112K,   0% used [0x00000000c3680000, 0x00000000c3680000, 0x00000000c3890000)
 concurrent mark-sweep generation total 98508K, used 59526K [0x00000000d6e00000, 0x00000000dce33000, 0x0000000100000000)
 Metaspace       used 68784K, capacity 71808K, committed 72008K, reserved 1112064K
  class space    used 8733K, capacity 9286K, committed 9292K, reserved 1048576K
}
2022-08-07T09:30:17.892+0000: 33.740: Application time: 0.0635351 seconds
{Heap before GC invocations=381 (full 47):
 par new generation   total 19008K, used 18135K [0x00000000c2600000, 0x00000000c3aa0000, 0x00000000d6e00000)
  eden space 16896K, 100% used [0x00000000c2600000, 0x00000000c3680000, 0x00000000c3680000)
  from space 2112K,  58% used [0x00000000c3890000, 0x00000000c39c5c08, 0x00000000c3aa0000)
  to   space 2112K,   0% used [0x00000000c3680000, 0x00000000c3680000, 0x00000000c3890000)
 concurrent mark-sweep generation total 98508K, used 59526K [0x00000000d6e00000, 0x00000000dce33000, 0x0000000100000000)
 Metaspace       used 68792K, capacity 71808K, committed 72008K, reserved 1112064K
  class space    used 8734K, capacity 9286K, committed 9292K, reserved 1048576K
2022-08-07T09:30:17.893+0000: 33.741: [GC (Allocation Failure) 2022-08-07T09:30:17.893+0000: 33.741: [ParNew: 18135K->1036K(19008K), 0.0059465 secs] 77661K->60562K(117516K), 0.0067100 secs] [Times: user=0.02 sys=0.01, real=0.01 secs] 
Heap after GC invocations=382 (full 47):
 par new generation   total 19008K, used 1036K [0x00000000c2600000, 0x00000000c3aa0000, 0x00000000d6e00000)
  eden space 16896K,   0% used [0x00000000c2600000, 0x00000000c2600000, 0x00000000c3680000)
  from space 2112K,  49% used [0x00000000c3680000, 0x00000000c3783258, 0x00000000c3890000)
  to   space 2112K,   0% used [0x00000000c3890000, 0x00000000c3890000, 0x00000000c3aa0000)
 concurrent mark-sweep generation total 98508K, used 59526K [0x00000000d6e00000, 0x00000000dce33000, 0x0000000100000000)
 Metaspace       used 68792K, capacity 71808K, committed 72008K, reserved 1112064K
  class space    used 8734K, capacity 9286K, committed 9292K, reserved 1048576K
}
2022-08-07T09:30:17.909+0000: 33.757: [CMS-concurrent-mark: 0.164/0.184 secs] [Times: user=0.48 sys=0.12, real=0.18 secs] 
2022-08-07T09:30:17.909+0000: 33.758: [CMS-concurrent-preclean-start]
2022-08-07T09:30:17.929+0000: 33.777: Application time: 0.0288489 seconds
{Heap before GC invocations=382 (full 47):
 par new generation   total 19008K, used 17932K [0x00000000c2600000, 0x00000000c3aa0000, 0x00000000d6e00000)
  eden space 16896K, 100% used [0x00000000c2600000, 0x00000000c3680000, 0x00000000c3680000)
  from space 2112K,  49% used [0x00000000c3680000, 0x00000000c3783258, 0x00000000c3890000)
  to   space 2112K,   0% used [0x00000000c3890000, 0x00000000c3890000, 0x00000000c3aa0000)
 concurrent mark-sweep generation total 98508K, used 59526K [0x00000000d6e00000, 0x00000000dce33000, 0x0000000100000000)
 Metaspace       used 68793K, capacity 71808K, committed 72008K, reserved 1112064K
  class space    used 8734K, capacity 9286K, committed 9292K, reserved 1048576K
2022-08-07T09:30:17.930+0000: 33.778: [GC (Allocation Failure) 2022-08-07T09:30:17.930+0000: 33.779: [ParNew: 17932K->1273K(19008K), 0.0052187 secs] 77458K->60875K(117516K), 0.0065611 secs] [Times: user=0.02 sys=0.01, real=0.00 secs] 
Heap after GC invocations=383 (full 47):
 par new generation   total 19008K, used 1273K [0x00000000c2600000, 0x00000000c3aa0000, 0x00000000d6e00000)
  eden space 16896K,   0% used [0x00000000c2600000, 0x00000000c2600000, 0x00000000c3680000)
  from space 2112K,  60% used [0x00000000c3890000, 0x00000000c39ce7e0, 0x00000000c3aa0000)
  to   space 2112K,   0% used [0x00000000c3680000, 0x00000000c3680000, 0x00000000c3890000)
 concurrent mark-sweep generation total 98508K, used 59601K [0x00000000d6e00000, 0x00000000dce33000, 0x0000000100000000)
 Metaspace       used 68793K, capacity 71808K, committed 72008K, reserved 1112064K
  class space    used 8734K, capacity 9286K, committed 9292K, reserved 1048576K
}
2022-08-07T09:30:17.970+0000: 33.818: Application time: 0.0326073 seconds
{Heap before GC invocations=383 (full 47):
 par new generation   total 19008K, used 18169K [0x00000000c2600000, 0x00000000c3aa0000, 0x00000000d6e00000)
  eden space 16896K, 100% used [0x00000000c2600000, 0x00000000c3680000, 0x00000000c3680000)
  from space 2112K,  60% used [0x00000000c3890000, 0x00000000c39ce7e0, 0x00000000c3aa0000)
  to   space 2112K,   0% used [0x00000000c3680000, 0x00000000c3680000, 0x00000000c3890000)
 concurrent mark-sweep generation total 98508K, used 59601K [0x00000000d6e00000, 0x00000000dce33000, 0x0000000100000000)
 Metaspace       used 68803K, capacity 71872K, committed 72008K, reserved 1112064K
  class space    used 8734K, capacity 9286K, committed 9292K, reserved 1048576K
2022-08-07T09:30:17.971+0000: 33.819: [GC (Allocation Failure) 2022-08-07T09:30:17.971+0000: 33.819: [ParNew: 18169K->1270K(19008K), 0.0056371 secs] 77771K->60981K(117516K), 0.0064961 secs] [Times: user=0.02 sys=0.00, real=0.00 secs] 
Heap after GC invocations=384 (full 47):
 par new generation   total 19008K, used 1270K [0x00000000c2600000, 0x00000000c3aa0000, 0x00000000d6e00000)
  eden space 16896K,   0% used [0x00000000c2600000, 0x00000000c2600000, 0x00000000c3680000)
  from space 2112K,  60% used [0x00000000c3680000, 0x00000000c37bd8f0, 0x00000000c3890000)
  to   space 2112K,   0% used [0x00000000c3890000, 0x00000000c3890000, 0x00000000c3aa0000)
 concurrent mark-sweep generation total 98508K, used 59711K [0x00000000d6e00000, 0x00000000dce33000, 0x0000000100000000)
 Metaspace       used 68803K, capacity 71872K, committed 72008K, reserved 1112064K
  class space    used 8734K, capacity 9286K, committed 9292K, reserved 1048576K
}
2022-08-07T09:30:18.004+0000: 33.852: Application time: 0.0260319 seconds
{Heap before GC invocations=384 (full 47):
 par new generation   total 19008K, used 18166K [0x00000000c2600000, 0x00000000c3aa0000, 0x00000000d6e00000)
  eden space 16896K, 100% used [0x00000000c2600000, 0x00000000c3680000, 0x00000000c3680000)
  from space 2112K,  60% used [0x00000000c3680000, 0x00000000c37bd8f0, 0x00000000c3890000)
  to   space 2112K,   0% used [0x00000000c3890000, 0x00000000c3890000, 0x00000000c3aa0000)
 concurrent mark-sweep generation total 98508K, used 59711K [0x00000000d6e00000, 0x00000000dce33000, 0x0000000100000000)
 Metaspace       used 68803K, capacity 71872K, committed 72008K, reserved 1112064K
  class space    used 8734K, capacity 9286K, committed 9292K, reserved 1048576K
2022-08-07T09:30:18.005+0000: 33.853: [GC (Allocation Failure) 2022-08-07T09:30:18.005+0000: 33.853: [ParNew: 18166K->870K(19008K), 0.0073929 secs] 77877K->60711K(117516K), 0.0083949 secs] [Times: user=0.03 sys=0.00, real=0.01 secs] 
Heap after GC invocations=385 (full 47):
 par new generation   total 19008K, used 870K [0x00000000c2600000, 0x00000000c3aa0000, 0x00000000d6e00000)
  eden space 16896K,   0% used [0x00000000c2600000, 0x00000000c2600000, 0x00000000c3680000)
  from space 2112K,  41% used [0x00000000c3890000, 0x00000000c39698e0, 0x00000000c3aa0000)
  to   space 2112K,   0% used [0x00000000c3680000, 0x00000000c3680000, 0x00000000c3890000)
 concurrent mark-sweep generation total 98508K, used 59841K [0x00000000d6e00000, 0x00000000dce33000, 0x0000000100000000)
 Metaspace       used 68803K, capacity 71872K, committed 72008K, reserved 1112064K
  class space    used 8734K, capacity 9286K, committed 9292K, reserved 1048576K
}
2022-08-07T09:30:18.037+0000: 33.885: [CMS-concurrent-preclean: 0.052/0.128 secs] [Times: user=0.38 sys=0.09, real=0.12 secs] 
2022-08-07T09:30:18.038+0000: 33.886: [CMS-concurrent-abortable-preclean-start]
2022-08-07T09:30:18.040+0000: 33.888: Application time: 0.0262575 seconds
{Heap before GC invocations=385 (full 47):
 par new generation   total 19008K, used 17766K [0x00000000c2600000, 0x00000000c3aa0000, 0x00000000d6e00000)
  eden space 16896K, 100% used [0x00000000c2600000, 0x00000000c3680000, 0x00000000c3680000)
  from space 2112K,  41% used [0x00000000c3890000, 0x00000000c39698e0, 0x00000000c3aa0000)
  to   space 2112K,   0% used [0x00000000c3680000, 0x00000000c3680000, 0x00000000c3890000)
 concurrent mark-sweep generation total 98508K, used 59841K [0x00000000d6e00000, 0x00000000dce33000, 0x0000000100000000)
 Metaspace       used 68804K, capacity 71872K, committed 72008K, reserved 1112064K
  class space    used 8734K, capacity 9286K, committed 9292K, reserved 1048576K
2022-08-07T09:30:18.041+0000: 33.889: [GC (Allocation Failure) 2022-08-07T09:30:18.041+0000: 33.889: [ParNew: 17766K->950K(19008K), 0.0049103 secs] 77607K->60887K(117516K), 0.0057898 secs] [Times: user=0.02 sys=0.00, real=0.00 secs] 
Heap after GC invocations=386 (full 47):
 par new generation   total 19008K, used 950K [0x00000000c2600000, 0x00000000c3aa0000, 0x00000000d6e00000)
  eden space 16896K,   0% used [0x00000000c2600000, 0x00000000c2600000, 0x00000000c3680000)
  from space 2112K,  44% used [0x00000000c3680000, 0x00000000c376d8c8, 0x00000000c3890000)
  to   space 2112K,   0% used [0x00000000c3890000, 0x00000000c3890000, 0x00000000c3aa0000)
 concurrent mark-sweep generation total 98508K, used 59937K [0x00000000d6e00000, 0x00000000dce33000, 0x0000000100000000)
 Metaspace       used 68804K, capacity 71872K, committed 72008K, reserved 1112064K
  class space    used 8734K, capacity 9286K, committed 9292K, reserved 1048576K
}
2022-08-07T09:30:18.109+0000: 33.957: Application time: 0.0619774 seconds
{Heap before GC invocations=386 (full 47):
 par new generation   total 19008K, used 17846K [0x00000000c2600000, 0x00000000c3aa0000, 0x00000000d6e00000)
  eden space 16896K, 100% used [0x00000000c2600000, 0x00000000c3680000, 0x00000000c3680000)
  from space 2112K,  44% used [0x00000000c3680000, 0x00000000c376d8c8, 0x00000000c3890000)
  to   space 2112K,   0% used [0x00000000c3890000, 0x00000000c3890000, 0x00000000c3aa0000)
 concurrent mark-sweep generation total 98508K, used 59937K [0x00000000d6e00000, 0x00000000dce33000, 0x0000000100000000)
 Metaspace       used 68863K, capacity 72012K, committed 72136K, reserved 1112064K
  class space    used 8750K, capacity 9310K, committed 9420K, reserved 1048576K
2022-08-07T09:30:18.110+0000: 33.958: [GC (Allocation Failure) 2022-08-07T09:30:18.111+0000: 33.959: [ParNew: 17846K->1243K(19008K), 0.0056720 secs] 77783K->61345K(117516K), 0.0066416 secs] [Times: user=0.02 sys=0.00, real=0.00 secs] 
Heap after GC invocations=387 (full 47):
 par new generation   total 19008K, used 1243K [0x00000000c2600000, 0x00000000c3aa0000, 0x00000000d6e00000)
  eden space 16896K,   0% used [0x00000000c2600000, 0x00000000c2600000, 0x00000000c3680000)
  from space 2112K,  58% used [0x00000000c3890000, 0x00000000c39c6f10, 0x00000000c3aa0000)
  to   space 2112K,   0% used [0x00000000c3680000, 0x00000000c3680000, 0x00000000c3890000)
 concurrent mark-sweep generation total 98508K, used 60101K [0x00000000d6e00000, 0x00000000dce33000, 0x0000000100000000)
 Metaspace       used 68863K, capacity 72012K, committed 72136K, reserved 1112064K
  class space    used 8750K, capacity 9310K, committed 9420K, reserved 1048576K
}
2022-08-07T09:30:18.118+0000: 33.966: [CMS-concurrent-abortable-preclean: 0.037/0.081 secs] [Times: user=0.24 sys=0.07, real=0.08 secs] 
2022-08-07T09:30:18.119+0000: 33.967: Application time: 0.0012190 seconds
2022-08-07T09:30:18.125+0000: 33.973: [GC (CMS Final Remark) [YG occupancy: 1943 K (19008 K)]2022-08-07T09:30:18.125+0000: 33.973: [Rescan (parallel) , 0.0049604 secs]2022-08-07T09:30:18.130+0000: 33.979: [weak refs processing, 0.0005199 secs]2022-08-07T09:30:18.131+0000: 33.980: [class unloading, 0.0174475 secs]2022-08-07T09:30:18.150+0000: 33.998: [scrub symbol table, 0.0198319 secs]2022-08-07T09:30:18.171+0000: 34.019: [scrub string table, 0.0013374 secs][1 CMS-remark: 60101K(98508K)] 62044K(117516K), 0.0542806 secs] [Times: user=0.12 sys=0.01, real=0.06 secs] 
2022-08-07T09:30:18.180+0000: 34.028: [CMS-concurrent-sweep-start]
2022-08-07T09:30:18.214+0000: 34.062: [CMS-concurrent-sweep: 0.034/0.034 secs] [Times: user=0.11 sys=0.01, real=0.03 secs] 
2022-08-07T09:30:18.215+0000: 34.063: [CMS-concurrent-reset-start]
2022-08-07T09:30:18.216+0000: 34.064: [CMS-concurrent-reset: 0.001/0.001 secs] [Times: user=0.00 sys=0.00, real=0.00 secs] 
2022-08-07T09:30:18.224+0000: 34.072: Application time: 0.0436357 seconds
{Heap before GC invocations=387 (full 47):
 par new generation   total 19008K, used 18139K [0x00000000c2600000, 0x00000000c3aa0000, 0x00000000d6e00000)
  eden space 16896K, 100% used [0x00000000c2600000, 0x00000000c3680000, 0x00000000c3680000)
  from space 2112K,  58% used [0x00000000c3890000, 0x00000000c39c6f10, 0x00000000c3aa0000)
  to   space 2112K,   0% used [0x00000000c3680000, 0x00000000c3680000, 0x00000000c3890000)
 concurrent mark-sweep generation total 100072K, used 60041K [0x00000000d6e00000, 0x00000000dcfba000, 0x0000000100000000)
 Metaspace       used 68851K, capacity 71982K, committed 72136K, reserved 1112064K
  class space    used 8747K, capacity 9305K, committed 9420K, reserved 1048576K
2022-08-07T09:30:18.224+0000: 34.072: [GC (Allocation Failure) 2022-08-07T09:30:18.224+0000: 34.073: [ParNew: 18139K->1215K(19008K), 0.0050496 secs] 78180K->61322K(119080K), 0.0059572 secs] [Times: user=0.02 sys=0.00, real=0.01 secs] 
Heap after GC invocations=388 (full 47):
 par new generation   total 19008K, used 1215K [0x00000000c2600000, 0x00000000c3aa0000, 0x00000000d6e00000)
  eden space 16896K,   0% used [0x00000000c2600000, 0x00000000c2600000, 0x00000000c3680000)
  from space 2112K,  57% used [0x00000000c3680000, 0x00000000c37afc00, 0x00000000c3890000)
  to   space 2112K,   0% used [0x00000000c3890000, 0x00000000c3890000, 0x00000000c3aa0000)
 concurrent mark-sweep generation total 100072K, used 60107K [0x00000000d6e00000, 0x00000000dcfba000, 0x0000000100000000)
 Metaspace       used 68851K, capacity 71982K, committed 72136K, reserved 1112064K
  class space    used 8747K, capacity 9305K, committed 9420K, reserved 1048576K
}
2022-08-07T09:30:18.231+0000: 34.080: Application time: 0.0006392 seconds
2022-08-07T09:30:18.235+0000: 34.083: [GC (CMS Initial Mark) [1 CMS-initial-mark: 60107K(100072K)] 62021K(119080K), 0.0021633 secs] [Times: user=0.01 sys=0.00, real=0.00 secs] 
2022-08-07T09:30:18.238+0000: 34.086: [CMS-concurrent-mark-start]
2022-08-07T09:30:18.271+0000: 34.119: Application time: 0.0335534 seconds
{Heap before GC invocations=388 (full 48):
 par new generation   total 19008K, used 18111K [0x00000000c2600000, 0x00000000c3aa0000, 0x00000000d6e00000)
  eden space 16896K, 100% used [0x00000000c2600000, 0x00000000c3680000, 0x00000000c3680000)
  from space 2112K,  57% used [0x00000000c3680000, 0x00000000c37afc00, 0x00000000c3890000)
  to   space 2112K,   0% used [0x00000000c3890000, 0x00000000c3890000, 0x00000000c3aa0000)
 concurrent mark-sweep generation total 100072K, used 60107K [0x00000000d6e00000, 0x00000000dcfba000, 0x0000000100000000)
 Metaspace       used 68865K, capacity 71990K, committed 72136K, reserved 1112064K
  class space    used 8749K, capacity 9307K, committed 9420K, reserved 1048576K
2022-08-07T09:30:18.272+0000: 34.120: [GC (Allocation Failure) 2022-08-07T09:30:18.272+0000: 34.121: [ParNew: 18111K->1037K(19008K), 0.0058052 secs] 78218K->61201K(119080K), 0.0068794 secs] [Times: user=0.03 sys=0.00, real=0.00 secs] 
Heap after GC invocations=389 (full 48):
 par new generation   total 19008K, used 1037K [0x00000000c2600000, 0x00000000c3aa0000, 0x00000000d6e00000)
  eden space 16896K,   0% used [0x00000000c2600000, 0x00000000c2600000, 0x00000000c3680000)
  from space 2112K,  49% used [0x00000000c3890000, 0x00000000c39936c8, 0x00000000c3aa0000)
  to   space 2112K,   0% used [0x00000000c3680000, 0x00000000c3680000, 0x00000000c3890000)
 concurrent mark-sweep generation total 100072K, used 60164K [0x00000000d6e00000, 0x00000000dcfba000, 0x0000000100000000)
 Metaspace       used 68865K, capacity 71990K, committed 72136K, reserved 1112064K
  class space    used 8749K, capacity 9307K, committed 9420K, reserved 1048576K
}
2022-08-07T09:30:18.298+0000: 34.146: Application time: 0.0183521 seconds
{Heap before GC invocations=389 (full 48):
 par new generation   total 19008K, used 17933K [0x00000000c2600000, 0x00000000c3aa0000, 0x00000000d6e00000)
  eden space 16896K, 100% used [0x00000000c2600000, 0x00000000c3680000, 0x00000000c3680000)
  from space 2112K,  49% used [0x00000000c3890000, 0x00000000c39936c8, 0x00000000c3aa0000)
  to   space 2112K,   0% used [0x00000000c3680000, 0x00000000c3680000, 0x00000000c3890000)
 concurrent mark-sweep generation total 100072K, used 60164K [0x00000000d6e00000, 0x00000000dcfba000, 0x0000000100000000)
 Metaspace       used 68865K, capacity 71990K, committed 72136K, reserved 1112064K
  class space    used 8749K, capacity 9307K, committed 9420K, reserved 1048576K
2022-08-07T09:30:18.299+0000: 34.147: [GC (Allocation Failure) 2022-08-07T09:30:18.299+0000: 34.147: [ParNew: 17933K->1221K(19008K), 0.0064566 secs] 78097K->61465K(119080K), 0.0074359 secs] [Times: user=0.02 sys=0.00, real=0.01 secs] 
Heap after GC invocations=390 (full 48):
 par new generation   total 19008K, used 1221K [0x00000000c2600000, 0x00000000c3aa0000, 0x00000000d6e00000)
  eden space 16896K,   0% used [0x00000000c2600000, 0x00000000c2600000, 0x00000000c3680000)
  from space 2112K,  57% used [0x00000000c3680000, 0x00000000c37b1430, 0x00000000c3890000)
  to   space 2112K,   0% used [0x00000000c3890000, 0x00000000c3890000, 0x00000000c3aa0000)
 concurrent mark-sweep generation total 100072K, used 60244K [0x00000000d6e00000, 0x00000000dcfba000, 0x0000000100000000)
 Metaspace       used 68865K, capacity 71990K, committed 72136K, reserved 1112064K
  class space    used 8749K, capacity 9307K, committed 9420K, reserved 1048576K
}
2022-08-07T09:30:18.340+0000: 34.188: Application time: 0.0327739 seconds
{Heap before GC invocations=390 (full 48):
 par new generation   total 19008K, used 18117K [0x00000000c2600000, 0x00000000c3aa0000, 0x00000000d6e00000)
  eden space 16896K, 100% used [0x00000000c2600000, 0x00000000c3680000, 0x00000000c3680000)
  from space 2112K,  57% used [0x00000000c3680000, 0x00000000c37b1430, 0x00000000c3890000)
  to   space 2112K,   0% used [0x00000000c3890000, 0x00000000c3890000, 0x00000000c3aa0000)
 concurrent mark-sweep generation total 100072K, used 60244K [0x00000000d6e00000, 0x00000000dcfba000, 0x0000000100000000)
 Metaspace       used 68879K, capacity 71990K, committed 72136K, reserved 1112064K
  class space    used 8751K, capacity 9307K, committed 9420K, reserved 1048576K
2022-08-07T09:30:18.341+0000: 34.189: [GC (Allocation Failure) 2022-08-07T09:30:18.341+0000: 34.189: [ParNew: 18117K->1069K(19008K), 0.0114226 secs] 78361K->61371K(119080K), 0.0127073 secs] [Times: user=0.02 sys=0.01, real=0.01 secs] 
Heap after GC invocations=391 (full 48):
 par new generation   total 19008K, used 1069K [0x00000000c2600000, 0x00000000c3aa0000, 0x00000000d6e00000)
  eden space 16896K,   0% used [0x00000000c2600000, 0x00000000c2600000, 0x00000000c3680000)
  from space 2112K,  50% used [0x00000000c3890000, 0x00000000c399b738, 0x00000000c3aa0000)
  to   space 2112K,   0% used [0x00000000c3680000, 0x00000000c3680000, 0x00000000c3890000)
 concurrent mark-sweep generation total 100072K, used 60301K [0x00000000d6e00000, 0x00000000dcfba000, 0x0000000100000000)
 Metaspace       used 68879K, capacity 71990K, committed 72136K, reserved 1112064K
  class space    used 8751K, capacity 9307K, committed 9420K, reserved 1048576K
}
2022-08-07T09:30:18.395+0000: 34.243: Application time: 0.0408792 seconds
{Heap before GC invocations=391 (full 48):
 par new generation   total 19008K, used 17965K [0x00000000c2600000, 0x00000000c3aa0000, 0x00000000d6e00000)
  eden space 16896K, 100% used [0x00000000c2600000, 0x00000000c3680000, 0x00000000c3680000)
  from space 2112K,  50% used [0x00000000c3890000, 0x00000000c399b738, 0x00000000c3aa0000)
  to   space 2112K,   0% used [0x00000000c3680000, 0x00000000c3680000, 0x00000000c3890000)
 concurrent mark-sweep generation total 100072K, used 60301K [0x00000000d6e00000, 0x00000000dcfba000, 0x0000000100000000)
 Metaspace       used 68886K, capacity 72022K, committed 72136K, reserved 1112064K
  class space    used 8753K, capacity 9339K, committed 9420K, reserved 1048576K
2022-08-07T09:30:18.396+0000: 34.245: [GC (Allocation Failure) 2022-08-07T09:30:18.397+0000: 34.245: [ParNew: 17965K->1195K(19008K), 0.0189937 secs] 78267K->61553K(119080K), 0.0200193 secs] [Times: user=0.03 sys=0.00, real=0.02 secs] 
Heap after GC invocations=392 (full 48):
 par new generation   total 19008K, used 1195K [0x00000000c2600000, 0x00000000c3aa0000, 0x00000000d6e00000)
  eden space 16896K,   0% used [0x00000000c2600000, 0x00000000c2600000, 0x00000000c3680000)
  from space 2112K,  56% used [0x00000000c3680000, 0x00000000c37aac78, 0x00000000c3890000)
  to   space 2112K,   0% used [0x00000000c3890000, 0x00000000c3890000, 0x00000000c3aa0000)
 concurrent mark-sweep generation total 100072K, used 60358K [0x00000000d6e00000, 0x00000000dcfba000, 0x0000000100000000)
 Metaspace       used 68886K, capacity 72022K, committed 72136K, reserved 1112064K
  class space    used 8753K, capacity 9339K, committed 9420K, reserved 1048576K
}
2022-08-07T09:30:18.460+0000: 34.309: [CMS-concurrent-mark: 0.164/0.223 secs] [Times: user=0.66 sys=0.06, real=0.23 secs] 
2022-08-07T09:30:18.461+0000: 34.309: [CMS-concurrent-preclean-start]
2022-08-07T09:30:18.467+0000: 34.315: Application time: 0.0493006 seconds
{Heap before GC invocations=392 (full 48):
 par new generation   total 19008K, used 18091K [0x00000000c2600000, 0x00000000c3aa0000, 0x00000000d6e00000)
  eden space 16896K, 100% used [0x00000000c2600000, 0x00000000c3680000, 0x00000000c3680000)
  from space 2112K,  56% used [0x00000000c3680000, 0x00000000c37aac78, 0x00000000c3890000)
  to   space 2112K,   0% used [0x00000000c3890000, 0x00000000c3890000, 0x00000000c3aa0000)
 concurrent mark-sweep generation total 100072K, used 60358K [0x00000000d6e00000, 0x00000000dcfba000, 0x0000000100000000)
 Metaspace       used 68962K, capacity 72086K, committed 72392K, reserved 1112064K
  class space    used 8765K, capacity 9339K, committed 9420K, reserved 1048576K
2022-08-07T09:30:18.467+0000: 34.315: [GC (Allocation Failure) 2022-08-07T09:30:18.468+0000: 34.316: [ParNew: 18091K->1144K(19008K), 0.0034389 secs] 78449K->61584K(119080K), 0.0042353 secs] [Times: user=0.02 sys=0.00, real=0.01 secs] 
Heap after GC invocations=393 (full 48):
 par new generation   total 19008K, used 1144K [0x00000000c2600000, 0x00000000c3aa0000, 0x00000000d6e00000)
  eden space 16896K,   0% used [0x00000000c2600000, 0x00000000c2600000, 0x00000000c3680000)
  from space 2112K,  54% used [0x00000000c3890000, 0x00000000c39ae060, 0x00000000c3aa0000)
  to   space 2112K,   0% used [0x00000000c3680000, 0x00000000c3680000, 0x00000000c3890000)
 concurrent mark-sweep generation total 100072K, used 60439K [0x00000000d6e00000, 0x00000000dcfba000, 0x0000000100000000)
 Metaspace       used 68962K, capacity 72086K, committed 72392K, reserved 1112064K
  class space    used 8765K, capacity 9339K, committed 9420K, reserved 1048576K
}
2022-08-07T09:30:18.486+0000: 34.334: Application time: 0.0142543 seconds
2022-08-07T09:30:18.527+0000: 34.375: Application time: 0.0393820 seconds
{Heap before GC invocations=393 (full 48):
 par new generation   total 19008K, used 18040K [0x00000000c2600000, 0x00000000c3aa0000, 0x00000000d6e00000)
  eden space 16896K, 100% used [0x00000000c2600000, 0x00000000c3680000, 0x00000000c3680000)
  from space 2112K,  54% used [0x00000000c3890000, 0x00000000c39ae060, 0x00000000c3aa0000)
  to   space 2112K,   0% used [0x00000000c3680000, 0x00000000c3680000, 0x00000000c3890000)
 concurrent mark-sweep generation total 100072K, used 60439K [0x00000000d6e00000, 0x00000000dcfba000, 0x0000000100000000)
 Metaspace       used 69022K, capacity 72150K, committed 72392K, reserved 1112064K
  class space    used 8777K, capacity 9339K, committed 9420K, reserved 1048576K
2022-08-07T09:30:18.532+0000: 34.381: [GC (Allocation Failure) 2022-08-07T09:30:18.533+0000: 34.381: [ParNew: 18040K->1401K(19008K), 0.0036978 secs] 78480K->61883K(119080K), 0.0044810 secs] [Times: user=0.02 sys=0.00, real=0.00 secs] 
Heap after GC invocations=394 (full 48):
 par new generation   total 19008K, used 1401K [0x00000000c2600000, 0x00000000c3aa0000, 0x00000000d6e00000)
  eden space 16896K,   0% used [0x00000000c2600000, 0x00000000c2600000, 0x00000000c3680000)
  from space 2112K,  66% used [0x00000000c3680000, 0x00000000c37de678, 0x00000000c3890000)
  to   space 2112K,   0% used [0x00000000c3890000, 0x00000000c3890000, 0x00000000c3aa0000)
 concurrent mark-sweep generation total 100072K, used 60481K [0x00000000d6e00000, 0x00000000dcfba000, 0x0000000100000000)
 Metaspace       used 69022K, capacity 72150K, committed 72392K, reserved 1112064K
  class space    used 8777K, capacity 9339K, committed 9420K, reserved 1048576K
}
2022-08-07T09:30:18.538+0000: 34.387: [CMS-concurrent-preclean: 0.036/0.078 secs] [Times: user=0.21 sys=0.06, real=0.07 secs] 
2022-08-07T09:30:18.539+0000: 34.387: Application time: 0.0012344 seconds
2022-08-07T09:30:18.540+0000: 34.388: [GC (CMS Final Remark) [YG occupancy: 1763 K (19008 K)]2022-08-07T09:30:18.540+0000: 34.388: [Rescan (parallel) , 0.0027249 secs]2022-08-07T09:30:18.543+0000: 34.391: [weak refs processing, 0.0004615 secs]2022-08-07T09:30:18.544+0000: 34.392: [class unloading, 0.0264868 secs]2022-08-07T09:30:18.571+0000: 34.419: [scrub symbol table, 0.0265857 secs]2022-08-07T09:30:18.598+0000: 34.446: [scrub string table, 0.0013657 secs][1 CMS-remark: 60481K(100072K)] 62245K(119080K), 0.0602382 secs] [Times: user=0.13 sys=0.02, real=0.06 secs] 
2022-08-07T09:30:18.608+0000: 34.456: [CMS-concurrent-sweep-start]
2022-08-07T09:30:18.680+0000: 34.528: Application time: 0.0789195 seconds
{Heap before GC invocations=394 (full 48):
 par new generation   total 19008K, used 18297K [0x00000000c2600000, 0x00000000c3aa0000, 0x00000000d6e00000)
  eden space 16896K, 100% used [0x00000000c2600000, 0x00000000c3680000, 0x00000000c3680000)
  from space 2112K,  66% used [0x00000000c3680000, 0x00000000c37de678, 0x00000000c3890000)
  to   space 2112K,   0% used [0x00000000c3890000, 0x00000000c3890000, 0x00000000c3aa0000)
 concurrent mark-sweep generation total 100072K, used 60430K [0x00000000d6e00000, 0x00000000dcfba000, 0x0000000100000000)
 Metaspace       used 69024K, capacity 72150K, committed 72392K, reserved 1112064K
  class space    used 8777K, capacity 9339K, committed 9420K, reserved 1048576K
2022-08-07T09:30:18.680+0000: 34.529: [GC (Allocation Failure) 2022-08-07T09:30:18.681+0000: 34.529: [ParNew: 18297K->1692K(19008K), 0.0061354 secs] 78727K->62178K(119080K), 0.0067971 secs] [Times: user=0.02 sys=0.00, real=0.00 secs] 
Heap after GC invocations=395 (full 48):
 par new generation   total 19008K, used 1692K [0x00000000c2600000, 0x00000000c3aa0000, 0x00000000d6e00000)
  eden space 16896K,   0% used [0x00000000c2600000, 0x00000000c2600000, 0x00000000c3680000)
  from space 2112K,  80% used [0x00000000c3890000, 0x00000000c3a371e0, 0x00000000c3aa0000)
  to   space 2112K,   0% used [0x00000000c3680000, 0x00000000c3680000, 0x00000000c3890000)
 concurrent mark-sweep generation total 100072K, used 60486K [0x00000000d6e00000, 0x00000000dcfba000, 0x0000000100000000)
 Metaspace       used 69024K, capacity 72150K, committed 72392K, reserved 1112064K
  class space    used 8777K, capacity 9339K, committed 9420K, reserved 1048576K
}
2022-08-07T09:30:18.694+0000: 34.543: [CMS-concurrent-sweep: 0.076/0.087 secs] [Times: user=0.22 sys=0.04, real=0.09 secs] 
2022-08-07T09:30:18.700+0000: 34.548: [CMS-concurrent-reset-start]
2022-08-07T09:30:18.701+0000: 34.549: [CMS-concurrent-reset: 0.001/0.001 secs] [Times: user=0.00 sys=0.00, real=0.00 secs] 
2022-08-07T09:30:18.806+0000: 34.655: Application time: 0.1183074 seconds
{Heap before GC invocations=395 (full 48):
 par new generation   total 19008K, used 18588K [0x00000000c2600000, 0x00000000c3aa0000, 0x00000000d6e00000)
  eden space 16896K, 100% used [0x00000000c2600000, 0x00000000c3680000, 0x00000000c3680000)
  from space 2112K,  80% used [0x00000000c3890000, 0x00000000c3a371e0, 0x00000000c3aa0000)
  to   space 2112K,   0% used [0x00000000c3680000, 0x00000000c3680000, 0x00000000c3890000)
 concurrent mark-sweep generation total 100784K, used 60469K [0x00000000d6e00000, 0x00000000dd06c000, 0x0000000100000000)
 Metaspace       used 69045K, capacity 72138K, committed 72392K, reserved 1112064K
  class space    used 8780K, capacity 9339K, committed 9420K, reserved 1048576K
2022-08-07T09:30:18.809+0000: 34.657: [GC (Allocation Failure) 2022-08-07T09:30:18.811+0000: 34.659: [ParNew: 18588K->1695K(19008K), 0.0150112 secs] 79057K->62400K(119792K), 0.0171821 secs] [Times: user=0.04 sys=0.00, real=0.02 secs] 
Heap after GC invocations=396 (full 48):
 par new generation   total 19008K, used 1695K [0x00000000c2600000, 0x00000000c3aa0000, 0x00000000d6e00000)
  eden space 16896K,   0% used [0x00000000c2600000, 0x00000000c2600000, 0x00000000c3680000)
  from space 2112K,  80% used [0x00000000c3680000, 0x00000000c3827fe8, 0x00000000c3890000)
  to   space 2112K,   0% used [0x00000000c3890000, 0x00000000c3890000, 0x00000000c3aa0000)
 concurrent mark-sweep generation total 100784K, used 60704K [0x00000000d6e00000, 0x00000000dd06c000, 0x0000000100000000)
 Metaspace       used 69045K, capacity 72138K, committed 72392K, reserved 1112064K
  class space    used 8780K, capacity 9339K, committed 9420K, reserved 1048576K
}
2022-08-07T09:30:18.828+0000: 34.676: Application time: 0.0012852 seconds
2022-08-07T09:30:18.829+0000: 34.677: [GC (CMS Initial Mark) [1 CMS-initial-mark: 60704K(100784K)] 63099K(119792K), 0.0142415 secs] [Times: user=0.02 sys=0.01, real=0.02 secs] 
2022-08-07T09:30:18.845+0000: 34.693: [CMS-concurrent-mark-start]
2022-08-07T09:30:18.938+0000: 34.787: Application time: 0.0945755 seconds
{Heap before GC invocations=396 (full 49):
 par new generation   total 19008K, used 18591K [0x00000000c2600000, 0x00000000c3aa0000, 0x00000000d6e00000)
  eden space 16896K, 100% used [0x00000000c2600000, 0x00000000c3680000, 0x00000000c3680000)
  from space 2112K,  80% used [0x00000000c3680000, 0x00000000c3827fe8, 0x00000000c3890000)
  to   space 2112K,   0% used [0x00000000c3890000, 0x00000000c3890000, 0x00000000c3aa0000)
 concurrent mark-sweep generation total 100784K, used 60704K [0x00000000d6e00000, 0x00000000dd06c000, 0x0000000100000000)
 Metaspace       used 69055K, capacity 72144K, committed 72392K, reserved 1112064K
  class space    used 8780K, capacity 9340K, committed 9420K, reserved 1048576K
2022-08-07T09:30:18.939+0000: 34.787: [GC (Allocation Failure) 2022-08-07T09:30:18.939+0000: 34.788: [ParNew: 18591K->1266K(19008K), 0.0041725 secs] 79296K->62085K(119792K), 0.0051459 secs] [Times: user=0.02 sys=0.00, real=0.01 secs] 
Heap after GC invocations=397 (full 49):
 par new generation   total 19008K, used 1266K [0x00000000c2600000, 0x00000000c3aa0000, 0x00000000d6e00000)
  eden space 16896K,   0% used [0x00000000c2600000, 0x00000000c2600000, 0x00000000c3680000)
  from space 2112K,  59% used [0x00000000c3890000, 0x00000000c39cc940, 0x00000000c3aa0000)
  to   space 2112K,   0% used [0x00000000c3680000, 0x00000000c3680000, 0x00000000c3890000)
 concurrent mark-sweep generation total 100784K, used 60819K [0x00000000d6e00000, 0x00000000dd06c000, 0x0000000100000000)
 Metaspace       used 69055K, capacity 72144K, committed 72392K, reserved 1112064K
  class space    used 8780K, capacity 9340K, committed 9420K, reserved 1048576K
}
2022-08-07T09:30:18.995+0000: 34.843: Application time: 0.0498189 seconds
{Heap before GC invocations=397 (full 49):
 par new generation   total 19008K, used 18162K [0x00000000c2600000, 0x00000000c3aa0000, 0x00000000d6e00000)
  eden space 16896K, 100% used [0x00000000c2600000, 0x00000000c3680000, 0x00000000c3680000)
  from space 2112K,  59% used [0x00000000c3890000, 0x00000000c39cc940, 0x00000000c3aa0000)
  to   space 2112K,   0% used [0x00000000c3680000, 0x00000000c3680000, 0x00000000c3890000)
 concurrent mark-sweep generation total 100784K, used 60819K [0x00000000d6e00000, 0x00000000dd06c000, 0x0000000100000000)
 Metaspace       used 69099K, capacity 72248K, committed 72392K, reserved 1112064K
  class space    used 8786K, capacity 9374K, committed 9420K, reserved 1048576K
2022-08-07T09:30:18.996+0000: 34.844: [GC (Allocation Failure) 2022-08-07T09:30:18.996+0000: 34.844: [ParNew: 18162K->1209K(19008K), 0.0036105 secs] 78981K->62088K(119792K), 0.0046156 secs] [Times: user=0.01 sys=0.00, real=0.01 secs] 
Heap after GC invocations=398 (full 49):
 par new generation   total 19008K, used 1209K [0x00000000c2600000, 0x00000000c3aa0000, 0x00000000d6e00000)
  eden space 16896K,   0% used [0x00000000c2600000, 0x00000000c2600000, 0x00000000c3680000)
  from space 2112K,  57% used [0x00000000c3680000, 0x00000000c37ae4f0, 0x00000000c3890000)
  to   space 2112K,   0% used [0x00000000c3890000, 0x00000000c3890000, 0x00000000c3aa0000)
 concurrent mark-sweep generation total 100784K, used 60879K [0x00000000d6e00000, 0x00000000dd06c000, 0x0000000100000000)
 Metaspace       used 69099K, capacity 72248K, committed 72392K, reserved 1112064K
  class space    used 8786K, capacity 9374K, committed 9420K, reserved 1048576K
}
2022-08-07T09:30:19.032+0000: 34.880: [CMS-concurrent-mark: 0.171/0.187 secs] [Times: user=0.52 sys=0.06, real=0.19 secs] 
2022-08-07T09:30:19.032+0000: 34.881: [CMS-concurrent-preclean-start]
2022-08-07T09:30:19.045+0000: 34.893: Application time: 0.0439365 seconds
{Heap before GC invocations=398 (full 49):
 par new generation   total 19008K, used 18105K [0x00000000c2600000, 0x00000000c3aa0000, 0x00000000d6e00000)
  eden space 16896K, 100% used [0x00000000c2600000, 0x00000000c3680000, 0x00000000c3680000)
  from space 2112K,  57% used [0x00000000c3680000, 0x00000000c37ae4f0, 0x00000000c3890000)
  to   space 2112K,   0% used [0x00000000c3890000, 0x00000000c3890000, 0x00000000c3aa0000)
 concurrent mark-sweep generation total 100784K, used 60879K [0x00000000d6e00000, 0x00000000dd06c000, 0x0000000100000000)
 Metaspace       used 69129K, capacity 72248K, committed 72392K, reserved 1112064K
  class space    used 8792K, capacity 9374K, committed 9420K, reserved 1048576K
2022-08-07T09:30:19.048+0000: 34.897: [GC (Allocation Failure) 2022-08-07T09:30:19.049+0000: 34.898: [ParNew: 18105K->1475K(19008K), 0.0053336 secs] 78984K->62365K(119792K), 0.0067840 secs] [Times: user=0.02 sys=0.00, real=0.01 secs] 
Heap after GC invocations=399 (full 49):
 par new generation   total 19008K, used 1475K [0x00000000c2600000, 0x00000000c3aa0000, 0x00000000d6e00000)
  eden space 16896K,   0% used [0x00000000c2600000, 0x00000000c2600000, 0x00000000c3680000)
  from space 2112K,  69% used [0x00000000c3890000, 0x00000000c3a00d78, 0x00000000c3aa0000)
  to   space 2112K,   0% used [0x00000000c3680000, 0x00000000c3680000, 0x00000000c3890000)
 concurrent mark-sweep generation total 100784K, used 60890K [0x00000000d6e00000, 0x00000000dd06c000, 0x0000000100000000)
 Metaspace       used 69129K, capacity 72248K, committed 72392K, reserved 1112064K
  class space    used 8792K, capacity 9374K, committed 9420K, reserved 1048576K
}
2022-08-07T09:30:19.132+0000: 34.981: [CMS-concurrent-preclean: 0.052/0.100 secs] [Times: user=0.20 sys=0.07, real=0.10 secs] 
2022-08-07T09:30:19.133+0000: 34.981: [CMS-concurrent-abortable-preclean-start]
2022-08-07T09:30:19.147+0000: 34.995: Application time: 0.0891039 seconds
{Heap before GC invocations=399 (full 49):
 par new generation   total 19008K, used 18371K [0x00000000c2600000, 0x00000000c3aa0000, 0x00000000d6e00000)
  eden space 16896K, 100% used [0x00000000c2600000, 0x00000000c3680000, 0x00000000c3680000)
  from space 2112K,  69% used [0x00000000c3890000, 0x00000000c3a00d78, 0x00000000c3aa0000)
  to   space 2112K,   0% used [0x00000000c3680000, 0x00000000c3680000, 0x00000000c3890000)
 concurrent mark-sweep generation total 100784K, used 60890K [0x00000000d6e00000, 0x00000000dd06c000, 0x0000000100000000)
 Metaspace       used 69141K, capacity 72280K, committed 72392K, reserved 1112064K
  class space    used 8794K, capacity 9406K, committed 9420K, reserved 1048576K
2022-08-07T09:30:19.147+0000: 34.995: [GC (Allocation Failure) 2022-08-07T09:30:19.147+0000: 34.996: [ParNew: 18371K->1524K(19008K), 0.0041131 secs] 79261K->62478K(119792K), 0.0049892 secs] [Times: user=0.01 sys=0.00, real=0.01 secs] 
Heap after GC invocations=400 (full 49):
 par new generation   total 19008K, used 1524K [0x00000000c2600000, 0x00000000c3aa0000, 0x00000000d6e00000)
  eden space 16896K,   0% used [0x00000000c2600000, 0x00000000c2600000, 0x00000000c3680000)
  from space 2112K,  72% used [0x00000000c3680000, 0x00000000c37fd358, 0x00000000c3890000)
  to   space 2112K,   0% used [0x00000000c3890000, 0x00000000c3890000, 0x00000000c3aa0000)
 concurrent mark-sweep generation total 100784K, used 60953K [0x00000000d6e00000, 0x00000000dd06c000, 0x0000000100000000)
 Metaspace       used 69141K, capacity 72280K, committed 72392K, reserved 1112064K
  class space    used 8794K, capacity 9406K, committed 9420K, reserved 1048576K
}
2022-08-07T09:30:19.210+0000: 35.059: Application time: 0.0574003 seconds
{Heap before GC invocations=400 (full 49):
 par new generation   total 19008K, used 18420K [0x00000000c2600000, 0x00000000c3aa0000, 0x00000000d6e00000)
  eden space 16896K, 100% used [0x00000000c2600000, 0x00000000c3680000, 0x00000000c3680000)
  from space 2112K,  72% used [0x00000000c3680000, 0x00000000c37fd358, 0x00000000c3890000)
  to   space 2112K,   0% used [0x00000000c3890000, 0x00000000c3890000, 0x00000000c3aa0000)
 concurrent mark-sweep generation total 100784K, used 60953K [0x00000000d6e00000, 0x00000000dd06c000, 0x0000000100000000)
 Metaspace       used 69184K, capacity 72344K, committed 72392K, reserved 1112064K
  class space    used 8805K, capacity 9406K, committed 9420K, reserved 1048576K
2022-08-07T09:30:19.211+0000: 35.059: [GC (Allocation Failure) 2022-08-07T09:30:19.211+0000: 35.060: [ParNew: 18420K->1484K(19008K), 0.0064181 secs] 79374K->62805K(119792K), 0.0072296 secs] [Times: user=0.02 sys=0.00, real=0.00 secs] 
Heap after GC invocations=401 (full 49):
 par new generation   total 19008K, used 1484K [0x00000000c2600000, 0x00000000c3aa0000, 0x00000000d6e00000)
  eden space 16896K,   0% used [0x00000000c2600000, 0x00000000c2600000, 0x00000000c3680000)
  from space 2112K,  70% used [0x00000000c3890000, 0x00000000c3a031f0, 0x00000000c3aa0000)
  to   space 2112K,   0% used [0x00000000c3680000, 0x00000000c3680000, 0x00000000c3890000)
 concurrent mark-sweep generation total 100784K, used 61321K [0x00000000d6e00000, 0x00000000dd06c000, 0x0000000100000000)
 Metaspace       used 69184K, capacity 72344K, committed 72392K, reserved 1112064K
  class space    used 8805K, capacity 9406K, committed 9420K, reserved 1048576K
}
2022-08-07T09:30:19.219+0000: 35.067: [CMS-concurrent-abortable-preclean: 0.015/0.086 secs] [Times: user=0.25 sys=0.02, real=0.08 secs] 
2022-08-07T09:30:19.220+0000: 35.068: Application time: 0.0007358 seconds
2022-08-07T09:30:19.220+0000: 35.068: [GC (CMS Final Remark) [YG occupancy: 1846 K (19008 K)]2022-08-07T09:30:19.220+0000: 35.068: [Rescan (parallel) , 0.0032103 secs]2022-08-07T09:30:19.224+0000: 35.072: [weak refs processing, 0.0008066 secs]2022-08-07T09:30:19.225+0000: 35.073: [class unloading, 0.0110867 secs]2022-08-07T09:30:19.236+0000: 35.085: [scrub symbol table, 0.0130693 secs]2022-08-07T09:30:19.250+0000: 35.098: [scrub string table, 0.0012478 secs][1 CMS-remark: 61321K(100784K)] 63167K(119792K), 0.0315507 secs] [Times: user=0.07 sys=0.00, real=0.03 secs] 
2022-08-07T09:30:19.254+0000: 35.102: [CMS-concurrent-sweep-start]
2022-08-07T09:30:19.285+0000: 35.133: [CMS-concurrent-sweep: 0.032/0.032 secs] [Times: user=0.08 sys=0.01, real=0.03 secs] 
2022-08-07T09:30:19.286+0000: 35.134: [CMS-concurrent-reset-start]
2022-08-07T09:30:19.286+0000: 35.134: [CMS-concurrent-reset: 0.001/0.001 secs] [Times: user=0.00 sys=0.00, real=0.00 secs] 
2022-08-07T09:30:19.356+0000: 35.204: Application time: 0.1039846 seconds
{Heap before GC invocations=401 (full 49):
 par new generation   total 19008K, used 18380K [0x00000000c2600000, 0x00000000c3aa0000, 0x00000000d6e00000)
  eden space 16896K, 100% used [0x00000000c2600000, 0x00000000c3680000, 0x00000000c3680000)
  from space 2112K,  70% used [0x00000000c3890000, 0x00000000c3a031f0, 0x00000000c3aa0000)
  to   space 2112K,   0% used [0x00000000c3680000, 0x00000000c3680000, 0x00000000c3890000)
 concurrent mark-sweep generation total 102120K, used 61270K [0x00000000d6e00000, 0x00000000dd1ba000, 0x0000000100000000)
 Metaspace       used 69329K, capacity 72478K, committed 72648K, reserved 1112064K
  class space    used 8817K, capacity 9407K, committed 9420K, reserved 1048576K
2022-08-07T09:30:19.356+0000: 35.205: [GC (Allocation Failure) 2022-08-07T09:30:19.357+0000: 35.205: [ParNew: 18380K->1954K(19008K), 0.0060973 secs] 79651K->63225K(121128K), 0.0070148 secs] [Times: user=0.02 sys=0.00, real=0.01 secs] 
Heap after GC invocations=402 (full 49):
 par new generation   total 19008K, used 1954K [0x00000000c2600000, 0x00000000c3aa0000, 0x00000000d6e00000)
  eden space 16896K,   0% used [0x00000000c2600000, 0x00000000c2600000, 0x00000000c3680000)
  from space 2112K,  92% used [0x00000000c3680000, 0x00000000c3868b30, 0x00000000c3890000)
  to   space 2112K,   0% used [0x00000000c3890000, 0x00000000c3890000, 0x00000000c3aa0000)
 concurrent mark-sweep generation total 102120K, used 61270K [0x00000000d6e00000, 0x00000000dd1ba000, 0x0000000100000000)
 Metaspace       used 69329K, capacity 72478K, committed 72648K, reserved 1112064K
  class space    used 8817K, capacity 9407K, committed 9420K, reserved 1048576K
}
2022-08-07T09:30:19.490+0000: 35.338: Application time: 0.1260931 seconds
{Heap before GC invocations=402 (full 49):
 par new generation   total 19008K, used 18850K [0x00000000c2600000, 0x00000000c3aa0000, 0x00000000d6e00000)
  eden space 16896K, 100% used [0x00000000c2600000, 0x00000000c3680000, 0x00000000c3680000)
  from space 2112K,  92% used [0x00000000c3680000, 0x00000000c3868b30, 0x00000000c3890000)
  to   space 2112K,   0% used [0x00000000c3890000, 0x00000000c3890000, 0x00000000c3aa0000)
 concurrent mark-sweep generation total 102120K, used 61270K [0x00000000d6e00000, 0x00000000dd1ba000, 0x0000000100000000)
 Metaspace       used 69465K, capacity 72656K, committed 72776K, reserved 1112064K
  class space    used 8841K, capacity 9460K, committed 9548K, reserved 1048576K
2022-08-07T09:30:19.491+0000: 35.339: [GC (Allocation Failure) 2022-08-07T09:30:19.491+0000: 35.340: [ParNew: 18850K->2112K(19008K), 0.0196513 secs] 80121K->63905K(121128K), 0.0229564 secs] [Times: user=0.05 sys=0.01, real=0.02 secs] 
Heap after GC invocations=403 (full 49):
 par new generation   total 19008K, used 2112K [0x00000000c2600000, 0x00000000c3aa0000, 0x00000000d6e00000)
  eden space 16896K,   0% used [0x00000000c2600000, 0x00000000c2600000, 0x00000000c3680000)
  from space 2112K, 100% used [0x00000000c3890000, 0x00000000c3aa0000, 0x00000000c3aa0000)
  to   space 2112K,   0% used [0x00000000c3680000, 0x00000000c3680000, 0x00000000c3890000)
 concurrent mark-sweep generation total 102120K, used 61793K [0x00000000d6e00000, 0x00000000dd1ba000, 0x0000000100000000)
 Metaspace       used 69465K, capacity 72656K, committed 72776K, reserved 1112064K
  class space    used 8841K, capacity 9460K, committed 9548K, reserved 1048576K
}
2022-08-07T09:30:19.522+0000: 35.370: Application time: 0.0071457 seconds
2022-08-07T09:30:19.522+0000: 35.370: [GC (CMS Initial Mark) [1 CMS-initial-mark: 61793K(102120K)] 65617K(121128K), 0.0059476 secs] [Times: user=0.02 sys=0.00, real=0.00 secs] 
2022-08-07T09:30:19.529+0000: 35.377: [CMS-concurrent-mark-start]
2022-08-07T09:30:19.598+0000: 35.446: Application time: 0.0691751 seconds
2022-08-07T09:30:19.659+0000: 35.507: Application time: 0.0600702 seconds
{Heap before GC invocations=403 (full 50):
 par new generation   total 19008K, used 19008K [0x00000000c2600000, 0x00000000c3aa0000, 0x00000000d6e00000)
  eden space 16896K, 100% used [0x00000000c2600000, 0x00000000c3680000, 0x00000000c3680000)
  from space 2112K, 100% used [0x00000000c3890000, 0x00000000c3aa0000, 0x00000000c3aa0000)
  to   space 2112K,   0% used [0x00000000c3680000, 0x00000000c3680000, 0x00000000c3890000)
 concurrent mark-sweep generation total 102120K, used 61793K [0x00000000d6e00000, 0x00000000dd1ba000, 0x0000000100000000)
 Metaspace       used 69659K, capacity 72908K, committed 73032K, reserved 1112064K
  class space    used 8863K, capacity 9474K, committed 9548K, reserved 1048576K
2022-08-07T09:30:19.660+0000: 35.508: [GC (Allocation Failure) 2022-08-07T09:30:19.660+0000: 35.508: [ParNew: 19008K->2105K(19008K), 0.0109432 secs] 80801K->64292K(121128K), 0.0116835 secs] [Times: user=0.03 sys=0.01, real=0.01 secs] 
Heap after GC invocations=404 (full 50):
 par new generation   total 19008K, used 2105K [0x00000000c2600000, 0x00000000c3aa0000, 0x00000000d6e00000)
  eden space 16896K,   0% used [0x00000000c2600000, 0x00000000c2600000, 0x00000000c3680000)
  from space 2112K,  99% used [0x00000000c3680000, 0x00000000c388e568, 0x00000000c3890000)
  to   space 2112K,   0% used [0x00000000c3890000, 0x00000000c3890000, 0x00000000c3aa0000)
 concurrent mark-sweep generation total 102120K, used 62187K [0x00000000d6e00000, 0x00000000dd1ba000, 0x0000000100000000)
 Metaspace       used 69659K, capacity 72908K, committed 73032K, reserved 1112064K
  class space    used 8863K, capacity 9474K, committed 9548K, reserved 1048576K
}
2022-08-07T09:30:19.715+0000: 35.563: [CMS-concurrent-mark: 0.170/0.186 secs] [Times: user=0.56 sys=0.06, real=0.19 secs] 
2022-08-07T09:30:19.716+0000: 35.564: [CMS-concurrent-preclean-start]
2022-08-07T09:30:19.778+0000: 35.626: Application time: 0.1060672 seconds
{Heap before GC invocations=404 (full 50):
 par new generation   total 19008K, used 19001K [0x00000000c2600000, 0x00000000c3aa0000, 0x00000000d6e00000)
  eden space 16896K, 100% used [0x00000000c2600000, 0x00000000c3680000, 0x00000000c3680000)
  from space 2112K,  99% used [0x00000000c3680000, 0x00000000c388e568, 0x00000000c3890000)
  to   space 2112K,   0% used [0x00000000c3890000, 0x00000000c3890000, 0x00000000c3aa0000)
 concurrent mark-sweep generation total 102120K, used 62187K [0x00000000d6e00000, 0x00000000dd1ba000, 0x0000000100000000)
 Metaspace       used 69702K, capacity 72968K, committed 73032K, reserved 1112064K
  class space    used 8873K, capacity 9488K, committed 9548K, reserved 1048576K
2022-08-07T09:30:19.779+0000: 35.627: [GC (Allocation Failure) 2022-08-07T09:30:19.779+0000: 35.628: [ParNew: 19001K->1354K(19008K), 0.0187361 secs] 81188K->63876K(121128K), 0.0197902 secs] [Times: user=0.04 sys=0.00, real=0.02 secs] 
Heap after GC invocations=405 (full 50):
 par new generation   total 19008K, used 1354K [0x00000000c2600000, 0x00000000c3aa0000, 0x00000000d6e00000)
  eden space 16896K,   0% used [0x00000000c2600000, 0x00000000c2600000, 0x00000000c3680000)
  from space 2112K,  64% used [0x00000000c3890000, 0x00000000c39e2a10, 0x00000000c3aa0000)
  to   space 2112K,   0% used [0x00000000c3680000, 0x00000000c3680000, 0x00000000c3890000)
 concurrent mark-sweep generation total 102120K, used 62521K [0x00000000d6e00000, 0x00000000dd1ba000, 0x0000000100000000)
 Metaspace       used 69702K, capacity 72968K, committed 73032K, reserved 1112064K
  class space    used 8873K, capacity 9488K, committed 9548K, reserved 1048576K
}
2022-08-07T09:30:19.913+0000: 35.761: [CMS-concurrent-preclean: 0.094/0.197 secs] [Times: user=0.39 sys=0.12, real=0.20 secs] 
2022-08-07T09:30:19.914+0000: 35.762: [CMS-concurrent-abortable-preclean-start]
2022-08-07T09:30:19.923+0000: 35.771: Application time: 0.1237814 seconds
{Heap before GC invocations=405 (full 50):
 par new generation   total 19008K, used 18250K [0x00000000c2600000, 0x00000000c3aa0000, 0x00000000d6e00000)
  eden space 16896K, 100% used [0x00000000c2600000, 0x00000000c3680000, 0x00000000c3680000)
  from space 2112K,  64% used [0x00000000c3890000, 0x00000000c39e2a10, 0x00000000c3aa0000)
  to   space 2112K,   0% used [0x00000000c3680000, 0x00000000c3680000, 0x00000000c3890000)
 concurrent mark-sweep generation total 102120K, used 62521K [0x00000000d6e00000, 0x00000000dd1ba000, 0x0000000100000000)
 Metaspace       used 69712K, capacity 72986K, committed 73288K, reserved 1114112K
  class space    used 8876K, capacity 9491K, committed 9548K, reserved 1048576K
2022-08-07T09:30:19.924+0000: 35.772: [GC (Allocation Failure) 2022-08-07T09:30:19.924+0000: 35.772: [ParNew: 18250K->1586K(19008K), 0.0035344 secs] 80772K->64107K(121128K), 0.0043037 secs] [Times: user=0.01 sys=0.00, real=0.00 secs] 
Heap after GC invocations=406 (full 50):
 par new generation   total 19008K, used 1586K [0x00000000c2600000, 0x00000000c3aa0000, 0x00000000d6e00000)
  eden space 16896K,   0% used [0x00000000c2600000, 0x00000000c2600000, 0x00000000c3680000)
  from space 2112K,  75% used [0x00000000c3680000, 0x00000000c380c910, 0x00000000c3890000)
  to   space 2112K,   0% used [0x00000000c3890000, 0x00000000c3890000, 0x00000000c3aa0000)
 concurrent mark-sweep generation total 102120K, used 62521K [0x00000000d6e00000, 0x00000000dd1ba000, 0x0000000100000000)
 Metaspace       used 69712K, capacity 72986K, committed 73288K, reserved 1114112K
  class space    used 8876K, capacity 9491K, committed 9548K, reserved 1048576K
}
2022-08-07T09:30:19.962+0000: 35.810: Application time: 0.0329776 seconds
{Heap before GC invocations=406 (full 50):
 par new generation   total 19008K, used 18482K [0x00000000c2600000, 0x00000000c3aa0000, 0x00000000d6e00000)
  eden space 16896K, 100% used [0x00000000c2600000, 0x00000000c3680000, 0x00000000c3680000)
  from space 2112K,  75% used [0x00000000c3680000, 0x00000000c380c910, 0x00000000c3890000)
  to   space 2112K,   0% used [0x00000000c3890000, 0x00000000c3890000, 0x00000000c3aa0000)
 concurrent mark-sweep generation total 102120K, used 62521K [0x00000000d6e00000, 0x00000000dd1ba000, 0x0000000100000000)
 Metaspace       used 69715K, capacity 72986K, committed 73288K, reserved 1114112K
  class space    used 8877K, capacity 9491K, committed 9548K, reserved 1048576K
2022-08-07T09:30:19.962+0000: 35.811: [GC (Allocation Failure) 2022-08-07T09:30:19.963+0000: 35.811: [ParNew: 18482K->1522K(19008K), 0.0034584 secs] 81003K->64043K(121128K), 0.0041580 secs] [Times: user=0.02 sys=0.00, real=0.00 secs] 
Heap after GC invocations=407 (full 50):
 par new generation   total 19008K, used 1522K [0x00000000c2600000, 0x00000000c3aa0000, 0x00000000d6e00000)
  eden space 16896K,   0% used [0x00000000c2600000, 0x00000000c2600000, 0x00000000c3680000)
  from space 2112K,  72% used [0x00000000c3890000, 0x00000000c3a0c820, 0x00000000c3aa0000)
  to   space 2112K,   0% used [0x00000000c3680000, 0x00000000c3680000, 0x00000000c3890000)
 concurrent mark-sweep generation total 102120K, used 62521K [0x00000000d6e00000, 0x00000000dd1ba000, 0x0000000100000000)
 Metaspace       used 69715K, capacity 72986K, committed 73288K, reserved 1114112K
  class space    used 8877K, capacity 9491K, committed 9548K, reserved 1048576K
}
2022-08-07T09:30:19.993+0000: 35.841: Application time: 0.0256630 seconds
{Heap before GC invocations=407 (full 50):
 par new generation   total 19008K, used 18418K [0x00000000c2600000, 0x00000000c3aa0000, 0x00000000d6e00000)
  eden space 16896K, 100% used [0x00000000c2600000, 0x00000000c3680000, 0x00000000c3680000)
  from space 2112K,  72% used [0x00000000c3890000, 0x00000000c3a0c820, 0x00000000c3aa0000)
  to   space 2112K,   0% used [0x00000000c3680000, 0x00000000c3680000, 0x00000000c3890000)
 concurrent mark-sweep generation total 102120K, used 62521K [0x00000000d6e00000, 0x00000000dd1ba000, 0x0000000100000000)
 Metaspace       used 69717K, capacity 72986K, committed 73288K, reserved 1114112K
  class space    used 8877K, capacity 9491K, committed 9548K, reserved 1048576K
2022-08-07T09:30:19.994+0000: 35.842: [GC (Allocation Failure) 2022-08-07T09:30:19.994+0000: 35.843: [ParNew: 18418K->1416K(19008K), 0.0033854 secs] 80939K->63938K(121128K), 0.0045570 secs] [Times: user=0.00 sys=0.00, real=0.00 secs] 
Heap after GC invocations=408 (full 50):
 par new generation   total 19008K, used 1416K [0x00000000c2600000, 0x00000000c3aa0000, 0x00000000d6e00000)
  eden space 16896K,   0% used [0x00000000c2600000, 0x00000000c2600000, 0x00000000c3680000)
  from space 2112K,  67% used [0x00000000c3680000, 0x00000000c37e2240, 0x00000000c3890000)
  to   space 2112K,   0% used [0x00000000c3890000, 0x00000000c3890000, 0x00000000c3aa0000)
 concurrent mark-sweep generation total 102120K, used 62521K [0x00000000d6e00000, 0x00000000dd1ba000, 0x0000000100000000)
 Metaspace       used 69717K, capacity 72986K, committed 73288K, reserved 1114112K
  class space    used 8877K, capacity 9491K, committed 9548K, reserved 1048576K
}
2022-08-07T09:30:20.001+0000: 35.849: [CMS-concurrent-abortable-preclean: 0.043/0.087 secs] [Times: user=0.25 sys=0.07, real=0.09 secs] 
2022-08-07T09:30:20.001+0000: 35.850: Application time: 0.0026621 seconds
2022-08-07T09:30:20.002+0000: 35.850: [GC (CMS Final Remark) [YG occupancy: 1779 K (19008 K)]2022-08-07T09:30:20.002+0000: 35.850: [Rescan (parallel) , 0.0025287 secs]2022-08-07T09:30:20.005+0000: 35.853: [weak refs processing, 0.0004784 secs]2022-08-07T09:30:20.006+0000: 35.854: [class unloading, 0.0106378 secs]2022-08-07T09:30:20.017+0000: 35.865: [scrub symbol table, 0.0137209 secs]2022-08-07T09:30:20.031+0000: 35.879: [scrub string table, 0.0012504 secs][1 CMS-remark: 62521K(102120K)] 64300K(121128K), 0.0307030 secs] [Times: user=0.03 sys=0.00, real=0.03 secs] 
2022-08-07T09:30:20.033+0000: 35.882: [CMS-concurrent-sweep-start]
2022-08-07T09:30:20.058+0000: 35.906: Application time: 0.0244354 seconds
2022-08-07T09:30:20.063+0000: 35.911: [CMS-concurrent-sweep: 0.030/0.030 secs] [Times: user=0.10 sys=0.01, real=0.03 secs] 
2022-08-07T09:30:20.064+0000: 35.912: [CMS-concurrent-reset-start]
2022-08-07T09:30:20.066+0000: 35.915: [CMS-concurrent-reset: 0.002/0.002 secs] [Times: user=0.00 sys=0.00, real=0.00 secs] 
2022-08-07T09:30:20.079+0000: 35.927: Application time: 0.0209843 seconds
{Heap before GC invocations=408 (full 50):
 par new generation   total 19008K, used 18312K [0x00000000c2600000, 0x00000000c3aa0000, 0x00000000d6e00000)
  eden space 16896K, 100% used [0x00000000c2600000, 0x00000000c3680000, 0x00000000c3680000)
  from space 2112K,  67% used [0x00000000c3680000, 0x00000000c37e2240, 0x00000000c3890000)
  to   space 2112K,   0% used [0x00000000c3890000, 0x00000000c3890000, 0x00000000c3aa0000)
 concurrent mark-sweep generation total 103964K, used 62376K [0x00000000d6e00000, 0x00000000dd387000, 0x0000000100000000)
 Metaspace       used 69749K, capacity 73082K, committed 73288K, reserved 1114112K
  class space    used 8885K, capacity 9501K, committed 9548K, reserved 1048576K
2022-08-07T09:30:20.079+0000: 35.927: [GC (Allocation Failure) 2022-08-07T09:30:20.080+0000: 35.928: [ParNew: 18312K->1697K(19008K), 0.0034071 secs] 80689K->64073K(122972K), 0.0041399 secs] [Times: user=0.01 sys=0.00, real=0.01 secs] 
Heap after GC invocations=409 (full 50):
 par new generation   total 19008K, used 1697K [0x00000000c2600000, 0x00000000c3aa0000, 0x00000000d6e00000)
  eden space 16896K,   0% used [0x00000000c2600000, 0x00000000c2600000, 0x00000000c3680000)
  from space 2112K,  80% used [0x00000000c3890000, 0x00000000c3a38480, 0x00000000c3aa0000)
  to   space 2112K,   0% used [0x00000000c3680000, 0x00000000c3680000, 0x00000000c3890000)
 concurrent mark-sweep generation total 103964K, used 62376K [0x00000000d6e00000, 0x00000000dd387000, 0x0000000100000000)
 Metaspace       used 69749K, capacity 73082K, committed 73288K, reserved 1114112K
  class space    used 8885K, capacity 9501K, committed 9548K, reserved 1048576K
}
2022-08-07T09:30:20.094+0000: 35.942: Application time: 0.0096809 seconds
2022-08-07T09:30:20.095+0000: 35.943: Application time: 0.0005328 seconds
2022-08-07T09:30:20.132+0000: 35.981: Application time: 0.0376025 seconds
{Heap before GC invocations=409 (full 50):
 par new generation   total 19008K, used 18593K [0x00000000c2600000, 0x00000000c3aa0000, 0x00000000d6e00000)
  eden space 16896K, 100% used [0x00000000c2600000, 0x00000000c3680000, 0x00000000c3680000)
  from space 2112K,  80% used [0x00000000c3890000, 0x00000000c3a38480, 0x00000000c3aa0000)
  to   space 2112K,   0% used [0x00000000c3680000, 0x00000000c3680000, 0x00000000c3890000)
 concurrent mark-sweep generation total 103964K, used 62376K [0x00000000d6e00000, 0x00000000dd387000, 0x0000000100000000)
 Metaspace       used 69761K, capacity 73082K, committed 73288K, reserved 1114112K
  class space    used 8886K, capacity 9501K, committed 9548K, reserved 1048576K
2022-08-07T09:30:20.133+0000: 35.981: [GC (Allocation Failure) 2022-08-07T09:30:20.133+0000: 35.982: [ParNew: 18593K->1380K(19008K), 0.0041751 secs] 80969K->64173K(122972K), 0.0047667 secs] [Times: user=0.02 sys=0.00, real=0.00 secs] 
Heap after GC invocations=410 (full 50):
 par new generation   total 19008K, used 1380K [0x00000000c2600000, 0x00000000c3aa0000, 0x00000000d6e00000)
  eden space 16896K,   0% used [0x00000000c2600000, 0x00000000c2600000, 0x00000000c3680000)
  from space 2112K,  65% used [0x00000000c3680000, 0x00000000c37d91d8, 0x00000000c3890000)
  to   space 2112K,   0% used [0x00000000c3890000, 0x00000000c3890000, 0x00000000c3aa0000)
 concurrent mark-sweep generation total 103964K, used 62792K [0x00000000d6e00000, 0x00000000dd387000, 0x0000000100000000)
 Metaspace       used 69761K, capacity 73082K, committed 73288K, reserved 1114112K
  class space    used 8886K, capacity 9501K, committed 9548K, reserved 1048576K
}
2022-08-07T09:30:20.139+0000: 35.987: Application time: 0.0001770 seconds
2022-08-07T09:30:20.139+0000: 35.987: [GC (CMS Initial Mark) [1 CMS-initial-mark: 62792K(103964K)] 64177K(122972K), 0.0019180 secs] [Times: user=0.01 sys=0.00, real=0.01 secs] 
2022-08-07T09:30:20.142+0000: 35.990: [CMS-concurrent-mark-start]
2022-08-07T09:30:20.184+0000: 36.032: Application time: 0.0420027 seconds
{Heap before GC invocations=410 (full 51):
 par new generation   total 19008K, used 18276K [0x00000000c2600000, 0x00000000c3aa0000, 0x00000000d6e00000)
  eden space 16896K, 100% used [0x00000000c2600000, 0x00000000c3680000, 0x00000000c3680000)
  from space 2112K,  65% used [0x00000000c3680000, 0x00000000c37d91d8, 0x00000000c3890000)
  to   space 2112K,   0% used [0x00000000c3890000, 0x00000000c3890000, 0x00000000c3aa0000)
 concurrent mark-sweep generation total 103964K, used 62792K [0x00000000d6e00000, 0x00000000dd387000, 0x0000000100000000)
 Metaspace       used 69774K, capacity 73088K, committed 73288K, reserved 1114112K
  class space    used 8888K, capacity 9502K, committed 9548K, reserved 1048576K
2022-08-07T09:30:20.184+0000: 36.032: [GC (Allocation Failure) 2022-08-07T09:30:20.185+0000: 36.033: [ParNew: 18276K->1091K(19008K), 0.0031452 secs] 81069K->63884K(122972K), 0.0039152 secs] [Times: user=0.01 sys=0.00, real=0.00 secs] 
Heap after GC invocations=411 (full 51):
 par new generation   total 19008K, used 1091K [0x00000000c2600000, 0x00000000c3aa0000, 0x00000000d6e00000)
  eden space 16896K,   0% used [0x00000000c2600000, 0x00000000c2600000, 0x00000000c3680000)
  from space 2112K,  51% used [0x00000000c3890000, 0x00000000c39a0d00, 0x00000000c3aa0000)
  to   space 2112K,   0% used [0x00000000c3680000, 0x00000000c3680000, 0x00000000c3890000)
 concurrent mark-sweep generation total 103964K, used 62792K [0x00000000d6e00000, 0x00000000dd387000, 0x0000000100000000)
 Metaspace       used 69774K, capacity 73088K, committed 73288K, reserved 1114112K
  class space    used 8888K, capacity 9502K, committed 9548K, reserved 1048576K
}
2022-08-07T09:30:20.226+0000: 36.074: Application time: 0.0372755 seconds
{Heap before GC invocations=411 (full 51):
 par new generation   total 19008K, used 17987K [0x00000000c2600000, 0x00000000c3aa0000, 0x00000000d6e00000)
  eden space 16896K, 100% used [0x00000000c2600000, 0x00000000c3680000, 0x00000000c3680000)
  from space 2112K,  51% used [0x00000000c3890000, 0x00000000c39a0d00, 0x00000000c3aa0000)
  to   space 2112K,   0% used [0x00000000c3680000, 0x00000000c3680000, 0x00000000c3890000)
 concurrent mark-sweep generation total 103964K, used 62792K [0x00000000d6e00000, 0x00000000dd387000, 0x0000000100000000)
 Metaspace       used 69776K, capacity 73094K, committed 73288K, reserved 1114112K
  class space    used 8888K, capacity 9503K, committed 9548K, reserved 1048576K
2022-08-07T09:30:20.227+0000: 36.075: [GC (Allocation Failure) 2022-08-07T09:30:20.227+0000: 36.076: [ParNew: 17987K->1348K(19008K), 0.0034115 secs] 80780K->64141K(122972K), 0.0040529 secs] [Times: user=0.01 sys=0.00, real=0.01 secs] 
Heap after GC invocations=412 (full 51):
 par new generation   total 19008K, used 1348K [0x00000000c2600000, 0x00000000c3aa0000, 0x00000000d6e00000)
  eden space 16896K,   0% used [0x00000000c2600000, 0x00000000c2600000, 0x00000000c3680000)
  from space 2112K,  63% used [0x00000000c3680000, 0x00000000c37d1200, 0x00000000c3890000)
  to   space 2112K,   0% used [0x00000000c3890000, 0x00000000c3890000, 0x00000000c3aa0000)
 concurrent mark-sweep generation total 103964K, used 62792K [0x00000000d6e00000, 0x00000000dd387000, 0x0000000100000000)
 Metaspace       used 69776K, capacity 73094K, committed 73288K, reserved 1114112K
  class space    used 8888K, capacity 9503K, committed 9548K, reserved 1048576K
}
2022-08-07T09:30:20.282+0000: 36.130: Application time: 0.0505508 seconds
{Heap before GC invocations=412 (full 51):
 par new generation   total 19008K, used 18244K [0x00000000c2600000, 0x00000000c3aa0000, 0x00000000d6e00000)
  eden space 16896K, 100% used [0x00000000c2600000, 0x00000000c3680000, 0x00000000c3680000)
  from space 2112K,  63% used [0x00000000c3680000, 0x00000000c37d1200, 0x00000000c3890000)
  to   space 2112K,   0% used [0x00000000c3890000, 0x00000000c3890000, 0x00000000c3aa0000)
 concurrent mark-sweep generation total 103964K, used 62792K [0x00000000d6e00000, 0x00000000dd387000, 0x0000000100000000)
 Metaspace       used 69798K, capacity 73094K, committed 73288K, reserved 1114112K
  class space    used 8892K, capacity 9503K, committed 9548K, reserved 1048576K
2022-08-07T09:30:20.283+0000: 36.131: [GC (Allocation Failure) 2022-08-07T09:30:20.283+0000: 36.132: [ParNew: 18244K->1468K(19008K), 0.0038589 secs] 81037K->64453K(122972K), 0.0048118 secs] [Times: user=0.01 sys=0.01, real=0.00 secs] 
Heap after GC invocations=413 (full 51):
 par new generation   total 19008K, used 1468K [0x00000000c2600000, 0x00000000c3aa0000, 0x00000000d6e00000)
  eden space 16896K,   0% used [0x00000000c2600000, 0x00000000c2600000, 0x00000000c3680000)
  from space 2112K,  69% used [0x00000000c3890000, 0x00000000c39ff170, 0x00000000c3aa0000)
  to   space 2112K,   0% used [0x00000000c3680000, 0x00000000c3680000, 0x00000000c3890000)
 concurrent mark-sweep generation total 103964K, used 62985K [0x00000000d6e00000, 0x00000000dd387000, 0x0000000100000000)
 Metaspace       used 69798K, capacity 73094K, committed 73288K, reserved 1114112K
  class space    used 8892K, capacity 9503K, committed 9548K, reserved 1048576K
}
2022-08-07T09:30:20.311+0000: 36.159: [CMS-concurrent-mark: 0.153/0.169 secs] [Times: user=0.56 sys=0.07, real=0.17 secs] 
2022-08-07T09:30:20.311+0000: 36.159: [CMS-concurrent-preclean-start]
2022-08-07T09:30:20.323+0000: 36.171: Application time: 0.0346610 seconds
{Heap before GC invocations=413 (full 51):
 par new generation   total 19008K, used 18364K [0x00000000c2600000, 0x00000000c3aa0000, 0x00000000d6e00000)
  eden space 16896K, 100% used [0x00000000c2600000, 0x00000000c3680000, 0x00000000c3680000)
  from space 2112K,  69% used [0x00000000c3890000, 0x00000000c39ff170, 0x00000000c3aa0000)
  to   space 2112K,   0% used [0x00000000c3680000, 0x00000000c3680000, 0x00000000c3890000)
 concurrent mark-sweep generation total 103964K, used 62985K [0x00000000d6e00000, 0x00000000dd387000, 0x0000000100000000)
 Metaspace       used 69802K, capacity 73094K, committed 73288K, reserved 1114112K
  class space    used 8893K, capacity 9503K, committed 9548K, reserved 1048576K
2022-08-07T09:30:20.323+0000: 36.172: [GC (Allocation Failure) 2022-08-07T09:30:20.324+0000: 36.173: [ParNew: 18364K->1581K(19008K), 0.0035550 secs] 81349K->64690K(122972K), 0.0048136 secs] [Times: user=0.02 sys=0.00, real=0.00 secs] 
Heap after GC invocations=414 (full 51):
 par new generation   total 19008K, used 1581K [0x00000000c2600000, 0x00000000c3aa0000, 0x00000000d6e00000)
  eden space 16896K,   0% used [0x00000000c2600000, 0x00000000c2600000, 0x00000000c3680000)
  from space 2112K,  74% used [0x00000000c3680000, 0x00000000c380b5d0, 0x00000000c3890000)
  to   space 2112K,   0% used [0x00000000c3890000, 0x00000000c3890000, 0x00000000c3aa0000)
 concurrent mark-sweep generation total 103964K, used 63108K [0x00000000d6e00000, 0x00000000dd387000, 0x0000000100000000)
 Metaspace       used 69802K, capacity 73094K, committed 73288K, reserved 1114112K
  class space    used 8893K, capacity 9503K, committed 9548K, reserved 1048576K
}
2022-08-07T09:30:20.354+0000: 36.202: Application time: 0.0251763 seconds
{Heap before GC invocations=414 (full 51):
 par new generation   total 19008K, used 18477K [0x00000000c2600000, 0x00000000c3aa0000, 0x00000000d6e00000)
  eden space 16896K, 100% used [0x00000000c2600000, 0x00000000c3680000, 0x00000000c3680000)
  from space 2112K,  74% used [0x00000000c3680000, 0x00000000c380b5d0, 0x00000000c3890000)
  to   space 2112K,   0% used [0x00000000c3890000, 0x00000000c3890000, 0x00000000c3aa0000)
 concurrent mark-sweep generation total 103964K, used 63108K [0x00000000d6e00000, 0x00000000dd387000, 0x0000000100000000)
 Metaspace       used 69802K, capacity 73094K, committed 73288K, reserved 1114112K
  class space    used 8893K, capacity 9503K, committed 9548K, reserved 1048576K
2022-08-07T09:30:20.355+0000: 36.203: [GC (Allocation Failure) 2022-08-07T09:30:20.355+0000: 36.204: [ParNew: 18477K->1039K(19008K), 0.0034827 secs] 81586K->64236K(122972K), 0.0042431 secs] [Times: user=0.01 sys=0.00, real=0.01 secs] 
Heap after GC invocations=415 (full 51):
 par new generation   total 19008K, used 1039K [0x00000000c2600000, 0x00000000c3aa0000, 0x00000000d6e00000)
  eden space 16896K,   0% used [0x00000000c2600000, 0x00000000c2600000, 0x00000000c3680000)
  from space 2112K,  49% used [0x00000000c3890000, 0x00000000c3993d78, 0x00000000c3aa0000)
  to   space 2112K,   0% used [0x00000000c3680000, 0x00000000c3680000, 0x00000000c3890000)
 concurrent mark-sweep generation total 103964K, used 63197K [0x00000000d6e00000, 0x00000000dd387000, 0x0000000100000000)
 Metaspace       used 69802K, capacity 73094K, committed 73288K, reserved 1114112K
  class space    used 8893K, capacity 9503K, committed 9548K, reserved 1048576K
}
2022-08-07T09:30:20.405+0000: 36.253: Application time: 0.0453342 seconds
{Heap before GC invocations=415 (full 51):
 par new generation   total 19008K, used 17935K [0x00000000c2600000, 0x00000000c3aa0000, 0x00000000d6e00000)
  eden space 16896K, 100% used [0x00000000c2600000, 0x00000000c3680000, 0x00000000c3680000)
  from space 2112K,  49% used [0x00000000c3890000, 0x00000000c3993d78, 0x00000000c3aa0000)
  to   space 2112K,   0% used [0x00000000c3680000, 0x00000000c3680000, 0x00000000c3890000)
 concurrent mark-sweep generation total 103964K, used 63197K [0x00000000d6e00000, 0x00000000dd387000, 0x0000000100000000)
 Metaspace       used 69802K, capacity 73094K, committed 73288K, reserved 1114112K
  class space    used 8893K, capacity 9503K, committed 9548K, reserved 1048576K
2022-08-07T09:30:20.406+0000: 36.254: [GC (Allocation Failure) 2022-08-07T09:30:20.406+0000: 36.255: [ParNew: 17935K->1225K(19008K), 0.0039437 secs] 81132K->64486K(122972K), 0.0048914 secs] [Times: user=0.02 sys=0.00, real=0.01 secs] 
Heap after GC invocations=416 (full 51):
 par new generation   total 19008K, used 1225K [0x00000000c2600000, 0x00000000c3aa0000, 0x00000000d6e00000)
  eden space 16896K,   0% used [0x00000000c2600000, 0x00000000c2600000, 0x00000000c3680000)
  from space 2112K,  58% used [0x00000000c3680000, 0x00000000c37b25c8, 0x00000000c3890000)
  to   space 2112K,   0% used [0x00000000c3890000, 0x00000000c3890000, 0x00000000c3aa0000)
 concurrent mark-sweep generation total 103964K, used 63260K [0x00000000d6e00000, 0x00000000dd387000, 0x0000000100000000)
 Metaspace       used 69802K, capacity 73094K, committed 73288K, reserved 1114112K
  class space    used 8893K, capacity 9503K, committed 9548K, reserved 1048576K
}
2022-08-07T09:30:20.435+0000: 36.283: [CMS-concurrent-preclean: 0.062/0.124 secs] [Times: user=0.34 sys=0.10, real=0.12 secs] 
2022-08-07T09:30:20.435+0000: 36.284: [CMS-concurrent-abortable-preclean-start]
2022-08-07T09:30:20.488+0000: 36.336: Application time: 0.0757600 seconds
{Heap before GC invocations=416 (full 51):
 par new generation   total 19008K, used 18121K [0x00000000c2600000, 0x00000000c3aa0000, 0x00000000d6e00000)
  eden space 16896K, 100% used [0x00000000c2600000, 0x00000000c3680000, 0x00000000c3680000)
  from space 2112K,  58% used [0x00000000c3680000, 0x00000000c37b25c8, 0x00000000c3890000)
  to   space 2112K,   0% used [0x00000000c3890000, 0x00000000c3890000, 0x00000000c3aa0000)
 concurrent mark-sweep generation total 103964K, used 63260K [0x00000000d6e00000, 0x00000000dd387000, 0x0000000100000000)
 Metaspace       used 69815K, capacity 73102K, committed 73288K, reserved 1114112K
  class space    used 8896K, capacity 9505K, committed 9548K, reserved 1048576K
2022-08-07T09:30:20.494+0000: 36.342: [GC (Allocation Failure) 2022-08-07T09:30:20.494+0000: 36.342: [ParNew: 18121K->1239K(19008K), 0.0031166 secs] 81382K->64551K(122972K), 0.0038974 secs] [Times: user=0.01 sys=0.00, real=0.00 secs] 
Heap after GC invocations=417 (full 51):
 par new generation   total 19008K, used 1239K [0x00000000c2600000, 0x00000000c3aa0000, 0x00000000d6e00000)
  eden space 16896K,   0% used [0x00000000c2600000, 0x00000000c2600000, 0x00000000c3680000)
  from space 2112K,  58% used [0x00000000c3890000, 0x00000000c39c5e70, 0x00000000c3aa0000)
  to   space 2112K,   0% used [0x00000000c3680000, 0x00000000c3680000, 0x00000000c3890000)
 concurrent mark-sweep generation total 103964K, used 63311K [0x00000000d6e00000, 0x00000000dd387000, 0x0000000100000000)
 Metaspace       used 69815K, capacity 73102K, committed 73288K, reserved 1114112K
  class space    used 8896K, capacity 9505K, committed 9548K, reserved 1048576K
}
2022-08-07T09:30:20.503+0000: 36.352: [CMS-concurrent-abortable-preclean: 0.041/0.068 secs] [Times: user=0.14 sys=0.03, real=0.07 secs] 
2022-08-07T09:30:20.517+0000: 36.365: Application time: 0.0184817 seconds
2022-08-07T09:30:20.517+0000: 36.365: [GC (CMS Final Remark) [YG occupancy: 14091 K (19008 K)]2022-08-07T09:30:20.518+0000: 36.366: [Rescan (parallel) , 0.0094821 secs]2022-08-07T09:30:20.527+0000: 36.376: [weak refs processing, 0.0004636 secs]2022-08-07T09:30:20.528+0000: 36.376: [class unloading, 0.0167577 secs]2022-08-07T09:30:20.545+0000: 36.394: [scrub symbol table, 0.0173219 secs]2022-08-07T09:30:20.563+0000: 36.411: [scrub string table, 0.0011468 secs][1 CMS-remark: 63311K(103964K)] 77403K(122972K), 0.0475654 secs] [Times: user=0.13 sys=0.01, real=0.05 secs] 
2022-08-07T09:30:20.567+0000: 36.416: [CMS-concurrent-sweep-start]
2022-08-07T09:30:20.573+0000: 36.421: Application time: 0.0074536 seconds
{Heap before GC invocations=417 (full 51):
 par new generation   total 19008K, used 18135K [0x00000000c2600000, 0x00000000c3aa0000, 0x00000000d6e00000)
  eden space 16896K, 100% used [0x00000000c2600000, 0x00000000c3680000, 0x00000000c3680000)
  from space 2112K,  58% used [0x00000000c3890000, 0x00000000c39c5e70, 0x00000000c3aa0000)
  to   space 2112K,   0% used [0x00000000c3680000, 0x00000000c3680000, 0x00000000c3890000)
 concurrent mark-sweep generation total 103964K, used 63307K [0x00000000d6e00000, 0x00000000dd387000, 0x0000000100000000)
 Metaspace       used 69815K, capacity 73102K, committed 73288K, reserved 1114112K
  class space    used 8896K, capacity 9505K, committed 9548K, reserved 1048576K
2022-08-07T09:30:20.573+0000: 36.421: [GC (Allocation Failure) 2022-08-07T09:30:20.574+0000: 36.422: [ParNew: 18135K->1225K(19008K), 0.0031574 secs] 81443K->64617K(122972K), 0.0041852 secs] [Times: user=0.02 sys=0.00, real=0.00 secs] 
Heap after GC invocations=418 (full 51):
 par new generation   total 19008K, used 1225K [0x00000000c2600000, 0x00000000c3aa0000, 0x00000000d6e00000)
  eden space 16896K,   0% used [0x00000000c2600000, 0x00000000c2600000, 0x00000000c3680000)
  from space 2112K,  58% used [0x00000000c3680000, 0x00000000c37b2570, 0x00000000c3890000)
  to   space 2112K,   0% used [0x00000000c3890000, 0x00000000c3890000, 0x00000000c3aa0000)
 concurrent mark-sweep generation total 103964K, used 63391K [0x00000000d6e00000, 0x00000000dd387000, 0x0000000100000000)
 Metaspace       used 69815K, capacity 73102K, committed 73288K, reserved 1114112K
  class space    used 8896K, capacity 9505K, committed 9548K, reserved 1048576K
}
2022-08-07T09:30:20.604+0000: 36.452: [CMS-concurrent-sweep: 0.031/0.036 secs] [Times: user=0.13 sys=0.00, real=0.04 secs] 
2022-08-07T09:30:20.605+0000: 36.453: [CMS-concurrent-reset-start]
2022-08-07T09:30:20.605+0000: 36.454: [CMS-concurrent-reset: 0.000/0.001 secs] [Times: user=0.00 sys=0.00, real=0.00 secs] 
2022-08-07T09:30:20.612+0000: 36.460: Application time: 0.0337771 seconds
{Heap before GC invocations=418 (full 51):
 par new generation   total 19008K, used 18121K [0x00000000c2600000, 0x00000000c3aa0000, 0x00000000d6e00000)
  eden space 16896K, 100% used [0x00000000c2600000, 0x00000000c3680000, 0x00000000c3680000)
  from space 2112K,  58% used [0x00000000c3680000, 0x00000000c37b2570, 0x00000000c3890000)
  to   space 2112K,   0% used [0x00000000c3890000, 0x00000000c3890000, 0x00000000c3aa0000)
 concurrent mark-sweep generation total 105396K, used 63235K [0x00000000d6e00000, 0x00000000dd4ed000, 0x0000000100000000)
 Metaspace       used 69820K, capacity 73154K, committed 73288K, reserved 1114112K
  class space    used 8897K, capacity 9503K, committed 9548K, reserved 1048576K
2022-08-07T09:30:20.612+0000: 36.460: [GC (Allocation Failure) 2022-08-07T09:30:20.612+0000: 36.461: [ParNew: 18121K->956K(19008K), 0.0048318 secs] 81357K->64396K(124404K), 0.0055308 secs] [Times: user=0.02 sys=0.01, real=0.00 secs] 
Heap after GC invocations=419 (full 51):
 par new generation   total 19008K, used 956K [0x00000000c2600000, 0x00000000c3aa0000, 0x00000000d6e00000)
  eden space 16896K,   0% used [0x00000000c2600000, 0x00000000c2600000, 0x00000000c3680000)
  from space 2112K,  45% used [0x00000000c3890000, 0x00000000c397f3a0, 0x00000000c3aa0000)
  to   space 2112K,   0% used [0x00000000c3680000, 0x00000000c3680000, 0x00000000c3890000)
 concurrent mark-sweep generation total 105396K, used 63439K [0x00000000d6e00000, 0x00000000dd4ed000, 0x0000000100000000)
 Metaspace       used 69820K, capacity 73154K, committed 73288K, reserved 1114112K
  class space    used 8897K, capacity 9503K, committed 9548K, reserved 1048576K
}
2022-08-07T09:30:20.619+0000: 36.467: Application time: 0.0006923 seconds
2022-08-07T09:30:20.619+0000: 36.467: [GC (CMS Initial Mark) [1 CMS-initial-mark: 63439K(105396K)] 64758K(124404K), 0.0035526 secs] [Times: user=0.01 sys=0.00, real=0.01 secs] 
2022-08-07T09:30:20.624+0000: 36.472: [CMS-concurrent-mark-start]
2022-08-07T09:30:20.706+0000: 36.554: Application time: 0.0819438 seconds
{Heap before GC invocations=419 (full 52):
 par new generation   total 19008K, used 17852K [0x00000000c2600000, 0x00000000c3aa0000, 0x00000000d6e00000)
  eden space 16896K, 100% used [0x00000000c2600000, 0x00000000c3680000, 0x00000000c3680000)
  from space 2112K,  45% used [0x00000000c3890000, 0x00000000c397f3a0, 0x00000000c3aa0000)
  to   space 2112K,   0% used [0x00000000c3680000, 0x00000000c3680000, 0x00000000c3890000)
 concurrent mark-sweep generation total 105396K, used 63439K [0x00000000d6e00000, 0x00000000dd4ed000, 0x0000000100000000)
 Metaspace       used 69836K, capacity 73160K, committed 73288K, reserved 1114112K
  class space    used 8899K, capacity 9504K, committed 9548K, reserved 1048576K
2022-08-07T09:30:20.706+0000: 36.554: [GC (Allocation Failure) 2022-08-07T09:30:20.707+0000: 36.556: [ParNew: 17852K->1257K(19008K), 0.0162672 secs] 81292K->64763K(124404K), 0.0179288 secs] [Times: user=0.05 sys=0.01, real=0.02 secs] 
Heap after GC invocations=420 (full 52):
 par new generation   total 19008K, used 1257K [0x00000000c2600000, 0x00000000c3aa0000, 0x00000000d6e00000)
  eden space 16896K,   0% used [0x00000000c2600000, 0x00000000c2600000, 0x00000000c3680000)
  from space 2112K,  59% used [0x00000000c3680000, 0x00000000c37ba5c0, 0x00000000c3890000)
  to   space 2112K,   0% used [0x00000000c3890000, 0x00000000c3890000, 0x00000000c3aa0000)
 concurrent mark-sweep generation total 105396K, used 63506K [0x00000000d6e00000, 0x00000000dd4ed000, 0x0000000100000000)
 Metaspace       used 69836K, capacity 73160K, committed 73288K, reserved 1114112K
  class space    used 8899K, capacity 9504K, committed 9548K, reserved 1048576K
}
2022-08-07T09:30:20.812+0000: 36.661: Application time: 0.0877584 seconds
{Heap before GC invocations=420 (full 52):
 par new generation   total 19008K, used 18153K [0x00000000c2600000, 0x00000000c3aa0000, 0x00000000d6e00000)
  eden space 16896K, 100% used [0x00000000c2600000, 0x00000000c3680000, 0x00000000c3680000)
  from space 2112K,  59% used [0x00000000c3680000, 0x00000000c37ba5c0, 0x00000000c3890000)
  to   space 2112K,   0% used [0x00000000c3890000, 0x00000000c3890000, 0x00000000c3aa0000)
 concurrent mark-sweep generation total 105396K, used 63506K [0x00000000d6e00000, 0x00000000dd4ed000, 0x0000000100000000)
 Metaspace       used 69861K, capacity 73160K, committed 73288K, reserved 1114112K
  class space    used 8903K, capacity 9504K, committed 9548K, reserved 1048576K
2022-08-07T09:30:20.813+0000: 36.661: [GC (Allocation Failure) 2022-08-07T09:30:20.813+0000: 36.662: [ParNew: 18153K->1624K(19008K), 0.0055559 secs] 81659K->65215K(124404K), 0.0062236 secs] [Times: user=0.02 sys=0.01, real=0.01 secs] 
Heap after GC invocations=421 (full 52):
 par new generation   total 19008K, used 1624K [0x00000000c2600000, 0x00000000c3aa0000, 0x00000000d6e00000)
  eden space 16896K,   0% used [0x00000000c2600000, 0x00000000c2600000, 0x00000000c3680000)
  from space 2112K,  76% used [0x00000000c3890000, 0x00000000c3a26250, 0x00000000c3aa0000)
  to   space 2112K,   0% used [0x00000000c3680000, 0x00000000c3680000, 0x00000000c3890000)
 concurrent mark-sweep generation total 105396K, used 63591K [0x00000000d6e00000, 0x00000000dd4ed000, 0x0000000100000000)
 Metaspace       used 69861K, capacity 73160K, committed 73288K, reserved 1114112K
  class space    used 8903K, capacity 9504K, committed 9548K, reserved 1048576K
}
2022-08-07T09:30:20.859+0000: 36.707: Application time: 0.0392075 seconds
{Heap before GC invocations=421 (full 52):
 par new generation   total 19008K, used 18520K [0x00000000c2600000, 0x00000000c3aa0000, 0x00000000d6e00000)
  eden space 16896K, 100% used [0x00000000c2600000, 0x00000000c3680000, 0x00000000c3680000)
  from space 2112K,  76% used [0x00000000c3890000, 0x00000000c3a26250, 0x00000000c3aa0000)
  to   space 2112K,   0% used [0x00000000c3680000, 0x00000000c3680000, 0x00000000c3890000)
 concurrent mark-sweep generation total 105396K, used 63591K [0x00000000d6e00000, 0x00000000dd4ed000, 0x0000000100000000)
 Metaspace       used 69863K, capacity 73160K, committed 73288K, reserved 1114112K
  class space    used 8903K, capacity 9504K, committed 9548K, reserved 1048576K
2022-08-07T09:30:20.860+0000: 36.708: [GC (Allocation Failure) 2022-08-07T09:30:20.860+0000: 36.708: [ParNew: 18520K->1533K(19008K), 0.0056402 secs] 82111K->65195K(124404K), 0.0064200 secs] [Times: user=0.02 sys=0.00, real=0.00 secs] 
Heap after GC invocations=422 (full 52):
 par new generation   total 19008K, used 1533K [0x00000000c2600000, 0x00000000c3aa0000, 0x00000000d6e00000)
  eden space 16896K,   0% used [0x00000000c2600000, 0x00000000c2600000, 0x00000000c3680000)
  from space 2112K,  72% used [0x00000000c3680000, 0x00000000c37ff430, 0x00000000c3890000)
  to   space 2112K,   0% used [0x00000000c3890000, 0x00000000c3890000, 0x00000000c3aa0000)
 concurrent mark-sweep generation total 105396K, used 63662K [0x00000000d6e00000, 0x00000000dd4ed000, 0x0000000100000000)
 Metaspace       used 69863K, capacity 73160K, committed 73288K, reserved 1114112K
  class space    used 8903K, capacity 9504K, committed 9548K, reserved 1048576K
}
2022-08-07T09:30:20.915+0000: 36.763: [CMS-concurrent-mark: 0.248/0.291 secs] [Times: user=0.66 sys=0.20, real=0.29 secs] 
2022-08-07T09:30:20.916+0000: 36.764: [CMS-concurrent-preclean-start]
2022-08-07T09:30:20.929+0000: 36.778: Application time: 0.0625549 seconds
{Heap before GC invocations=422 (full 52):
 par new generation   total 19008K, used 18429K [0x00000000c2600000, 0x00000000c3aa0000, 0x00000000d6e00000)
  eden space 16896K, 100% used [0x00000000c2600000, 0x00000000c3680000, 0x00000000c3680000)
  from space 2112K,  72% used [0x00000000c3680000, 0x00000000c37ff430, 0x00000000c3890000)
  to   space 2112K,   0% used [0x00000000c3890000, 0x00000000c3890000, 0x00000000c3aa0000)
 concurrent mark-sweep generation total 105396K, used 63662K [0x00000000d6e00000, 0x00000000dd4ed000, 0x0000000100000000)
 Metaspace       used 69887K, capacity 73192K, committed 73288K, reserved 1114112K
  class space    used 8907K, capacity 9536K, committed 9548K, reserved 1048576K
2022-08-07T09:30:20.930+0000: 36.778: [GC (Allocation Failure) 2022-08-07T09:30:20.930+0000: 36.779: [ParNew: 18429K->1765K(19008K), 0.0212891 secs] 82091K->65547K(124404K), 0.0221867 secs] [Times: user=0.03 sys=0.00, real=0.02 secs] 
Heap after GC invocations=423 (full 52):
 par new generation   total 19008K, used 1765K [0x00000000c2600000, 0x00000000c3aa0000, 0x00000000d6e00000)
  eden space 16896K,   0% used [0x00000000c2600000, 0x00000000c2600000, 0x00000000c3680000)
  from space 2112K,  83% used [0x00000000c3890000, 0x00000000c3a494f0, 0x00000000c3aa0000)
  to   space 2112K,   0% used [0x00000000c3680000, 0x00000000c3680000, 0x00000000c3890000)
 concurrent mark-sweep generation total 105396K, used 63781K [0x00000000d6e00000, 0x00000000dd4ed000, 0x0000000100000000)
 Metaspace       used 69887K, capacity 73192K, committed 73288K, reserved 1114112K
  class space    used 8907K, capacity 9536K, committed 9548K, reserved 1048576K
}
2022-08-07T09:30:20.976+0000: 36.824: Application time: 0.0230236 seconds
{Heap before GC invocations=423 (full 52):
 par new generation   total 19008K, used 18661K [0x00000000c2600000, 0x00000000c3aa0000, 0x00000000d6e00000)
  eden space 16896K, 100% used [0x00000000c2600000, 0x00000000c3680000, 0x00000000c3680000)
  from space 2112K,  83% used [0x00000000c3890000, 0x00000000c3a494f0, 0x00000000c3aa0000)
  to   space 2112K,   0% used [0x00000000c3680000, 0x00000000c3680000, 0x00000000c3890000)
 concurrent mark-sweep generation total 105396K, used 63781K [0x00000000d6e00000, 0x00000000dd4ed000, 0x0000000100000000)
 Metaspace       used 69888K, capacity 73192K, committed 73288K, reserved 1114112K
  class space    used 8907K, capacity 9536K, committed 9548K, reserved 1048576K
2022-08-07T09:30:20.976+0000: 36.825: [GC (Allocation Failure) 2022-08-07T09:30:20.977+0000: 36.825: [ParNew: 18661K->1622K(19008K), 0.0054288 secs] 82443K->65511K(124404K), 0.0062407 secs] [Times: user=0.01 sys=0.00, real=0.01 secs] 
Heap after GC invocations=424 (full 52):
 par new generation   total 19008K, used 1622K [0x00000000c2600000, 0x00000000c3aa0000, 0x00000000d6e00000)
  eden space 16896K,   0% used [0x00000000c2600000, 0x00000000c2600000, 0x00000000c3680000)
  from space 2112K,  76% used [0x00000000c3680000, 0x00000000c3815ae0, 0x00000000c3890000)
  to   space 2112K,   0% used [0x00000000c3890000, 0x00000000c3890000, 0x00000000c3aa0000)
 concurrent mark-sweep generation total 105396K, used 63888K [0x00000000d6e00000, 0x00000000dd4ed000, 0x0000000100000000)
 Metaspace       used 69888K, capacity 73192K, committed 73288K, reserved 1114112K
  class space    used 8907K, capacity 9536K, committed 9548K, reserved 1048576K
}
2022-08-07T09:30:21.025+0000: 36.873: Application time: 0.0417178 seconds
2022-08-07T09:30:21.030+0000: 36.879: Application time: 0.0006569 seconds
2022-08-07T09:30:21.054+0000: 36.902: Application time: 0.0221844 seconds
{Heap before GC invocations=424 (full 52):
 par new generation   total 19008K, used 18518K [0x00000000c2600000, 0x00000000c3aa0000, 0x00000000d6e00000)
  eden space 16896K, 100% used [0x00000000c2600000, 0x00000000c3680000, 0x00000000c3680000)
  from space 2112K,  76% used [0x00000000c3680000, 0x00000000c3815ae0, 0x00000000c3890000)
  to   space 2112K,   0% used [0x00000000c3890000, 0x00000000c3890000, 0x00000000c3aa0000)
 concurrent mark-sweep generation total 105396K, used 63888K [0x00000000d6e00000, 0x00000000dd4ed000, 0x0000000100000000)
 Metaspace       used 69912K, capacity 73270K, committed 73288K, reserved 1114112K
  class space    used 8912K, capacity 9539K, committed 9548K, reserved 1048576K
2022-08-07T09:30:21.055+0000: 36.903: [GC (Allocation Failure) 2022-08-07T09:30:21.056+0000: 36.904: [ParNew: 18518K->1408K(19008K), 0.0054493 secs] 82407K->65297K(124404K), 0.0064376 secs] [Times: user=0.02 sys=0.00, real=0.01 secs] 
Heap after GC invocations=425 (full 52):
 par new generation   total 19008K, used 1408K [0x00000000c2600000, 0x00000000c3aa0000, 0x00000000d6e00000)
  eden space 16896K,   0% used [0x00000000c2600000, 0x00000000c2600000, 0x00000000c3680000)
  from space 2112K,  66% used [0x00000000c3890000, 0x00000000c39f0390, 0x00000000c3aa0000)
  to   space 2112K,   0% used [0x00000000c3680000, 0x00000000c3680000, 0x00000000c3890000)
 concurrent mark-sweep generation total 105396K, used 63888K [0x00000000d6e00000, 0x00000000dd4ed000, 0x0000000100000000)
 Metaspace       used 69912K, capacity 73270K, committed 73288K, reserved 1114112K
  class space    used 8912K, capacity 9539K, committed 9548K, reserved 1048576K
}
2022-08-07T09:30:21.062+0000: 36.910: [CMS-concurrent-preclean: 0.064/0.147 secs] [Times: user=0.29 sys=0.12, real=0.15 secs] 
2022-08-07T09:30:21.063+0000: 36.911: Application time: 0.0008063 seconds
2022-08-07T09:30:21.064+0000: 36.912: [GC (CMS Final Remark) [YG occupancy: 1770 K (19008 K)]2022-08-07T09:30:21.064+0000: 36.912: [Rescan (parallel) , 0.0069613 secs]2022-08-07T09:30:21.071+0000: 36.919: [weak refs processing, 0.0003910 secs]2022-08-07T09:30:21.072+0000: 36.920: [class unloading, 0.0152805 secs]2022-08-07T09:30:21.088+0000: 36.936: [scrub symbol table, 0.0145756 secs]2022-08-07T09:30:21.103+0000: 36.951: [scrub string table, 0.0012248 secs][1 CMS-remark: 63888K(105396K)] 65658K(124404K), 0.0407164 secs] [Times: user=0.05 sys=0.00, real=0.04 secs] 
2022-08-07T09:30:21.105+0000: 36.953: [CMS-concurrent-sweep-start]
2022-08-07T09:30:21.136+0000: 36.984: [CMS-concurrent-sweep: 0.031/0.031 secs] [Times: user=0.11 sys=0.01, real=0.03 secs] 
2022-08-07T09:30:21.137+0000: 36.985: [CMS-concurrent-reset-start]
2022-08-07T09:30:21.138+0000: 36.986: [CMS-concurrent-reset: 0.001/0.001 secs] [Times: user=0.00 sys=0.00, real=0.00 secs] 
2022-08-07T09:30:21.185+0000: 37.033: Application time: 0.0797345 seconds
{Heap before GC invocations=425 (full 52):
 par new generation   total 19008K, used 18304K [0x00000000c2600000, 0x00000000c3aa0000, 0x00000000d6e00000)
  eden space 16896K, 100% used [0x00000000c2600000, 0x00000000c3680000, 0x00000000c3680000)
  from space 2112K,  66% used [0x00000000c3890000, 0x00000000c39f0390, 0x00000000c3aa0000)
  to   space 2112K,   0% used [0x00000000c3680000, 0x00000000c3680000, 0x00000000c3890000)
 concurrent mark-sweep generation total 106304K, used 63780K [0x00000000d6e00000, 0x00000000dd5d0000, 0x0000000100000000)
 Metaspace       used 69903K, capacity 73228K, committed 73288K, reserved 1114112K
  class space    used 8910K, capacity 9532K, committed 9548K, reserved 1048576K
2022-08-07T09:30:21.185+0000: 37.033: [GC (Allocation Failure) 2022-08-07T09:30:21.186+0000: 37.034: [ParNew: 18304K->1627K(19008K), 0.0121911 secs] 82085K->65894K(125312K), 0.0129654 secs] [Times: user=0.03 sys=0.00, real=0.01 secs] 
Heap after GC invocations=426 (full 52):
 par new generation   total 19008K, used 1627K [0x00000000c2600000, 0x00000000c3aa0000, 0x00000000d6e00000)
  eden space 16896K,   0% used [0x00000000c2600000, 0x00000000c2600000, 0x00000000c3680000)
  from space 2112K,  77% used [0x00000000c3680000, 0x00000000c3816f80, 0x00000000c3890000)
  to   space 2112K,   0% used [0x00000000c3890000, 0x00000000c3890000, 0x00000000c3aa0000)
 concurrent mark-sweep generation total 106304K, used 64266K [0x00000000d6e00000, 0x00000000dd5d0000, 0x0000000100000000)
 Metaspace       used 69903K, capacity 73228K, committed 73288K, reserved 1114112K
  class space    used 8910K, capacity 9532K, committed 9548K, reserved 1048576K
}
2022-08-07T09:30:21.199+0000: 37.047: Application time: 0.0002430 seconds
2022-08-07T09:30:21.199+0000: 37.048: [GC (CMS Initial Mark) [1 CMS-initial-mark: 64266K(106304K)] 65904K(125312K), 0.0061394 secs] [Times: user=0.01 sys=0.00, real=0.00 secs] 
2022-08-07T09:30:21.207+0000: 37.055: [CMS-concurrent-mark-start]
2022-08-07T09:30:21.241+0000: 37.089: Application time: 0.0344304 seconds
{Heap before GC invocations=426 (full 53):
 par new generation   total 19008K, used 18523K [0x00000000c2600000, 0x00000000c3aa0000, 0x00000000d6e00000)
  eden space 16896K, 100% used [0x00000000c2600000, 0x00000000c3680000, 0x00000000c3680000)
  from space 2112K,  77% used [0x00000000c3680000, 0x00000000c3816f80, 0x00000000c3890000)
  to   space 2112K,   0% used [0x00000000c3890000, 0x00000000c3890000, 0x00000000c3aa0000)
 concurrent mark-sweep generation total 106304K, used 64266K [0x00000000d6e00000, 0x00000000dd5d0000, 0x0000000100000000)
 Metaspace       used 69903K, capacity 73228K, committed 73288K, reserved 1114112K
  class space    used 8910K, capacity 9532K, committed 9548K, reserved 1048576K
2022-08-07T09:30:21.241+0000: 37.089: [GC (Allocation Failure) 2022-08-07T09:30:21.242+0000: 37.090: [ParNew: 18523K->1158K(19008K), 0.0042456 secs] 82790K->65424K(125312K), 0.0052386 secs] [Times: user=0.02 sys=0.01, real=0.00 secs] 
Heap after GC invocations=427 (full 53):
 par new generation   total 19008K, used 1158K [0x00000000c2600000, 0x00000000c3aa0000, 0x00000000d6e00000)
  eden space 16896K,   0% used [0x00000000c2600000, 0x00000000c2600000, 0x00000000c3680000)
  from space 2112K,  54% used [0x00000000c3890000, 0x00000000c39b1918, 0x00000000c3aa0000)
  to   space 2112K,   0% used [0x00000000c3680000, 0x00000000c3680000, 0x00000000c3890000)
 concurrent mark-sweep generation total 106304K, used 64266K [0x00000000d6e00000, 0x00000000dd5d0000, 0x0000000100000000)
 Metaspace       used 69903K, capacity 73228K, committed 73288K, reserved 1114112K
  class space    used 8910K, capacity 9532K, committed 9548K, reserved 1048576K
}
2022-08-07T09:30:21.281+0000: 37.130: Application time: 0.0342780 seconds
{Heap before GC invocations=427 (full 53):
 par new generation   total 19008K, used 18054K [0x00000000c2600000, 0x00000000c3aa0000, 0x00000000d6e00000)
  eden space 16896K, 100% used [0x00000000c2600000, 0x00000000c3680000, 0x00000000c3680000)
  from space 2112K,  54% used [0x00000000c3890000, 0x00000000c39b1918, 0x00000000c3aa0000)
  to   space 2112K,   0% used [0x00000000c3680000, 0x00000000c3680000, 0x00000000c3890000)
 concurrent mark-sweep generation total 106304K, used 64266K [0x00000000d6e00000, 0x00000000dd5d0000, 0x0000000100000000)
 Metaspace       used 69908K, capacity 73228K, committed 73288K, reserved 1114112K
  class space    used 8911K, capacity 9532K, committed 9548K, reserved 1048576K
2022-08-07T09:30:21.282+0000: 37.130: [GC (Allocation Failure) 2022-08-07T09:30:21.283+0000: 37.131: [ParNew: 18054K->1246K(19008K), 0.0047768 secs] 82320K->65512K(125312K), 0.0056801 secs] [Times: user=0.01 sys=0.01, real=0.00 secs] 
Heap after GC invocations=428 (full 53):
 par new generation   total 19008K, used 1246K [0x00000000c2600000, 0x00000000c3aa0000, 0x00000000d6e00000)
  eden space 16896K,   0% used [0x00000000c2600000, 0x00000000c2600000, 0x00000000c3680000)
  from space 2112K,  59% used [0x00000000c3680000, 0x00000000c37b7928, 0x00000000c3890000)
  to   space 2112K,   0% used [0x00000000c3890000, 0x00000000c3890000, 0x00000000c3aa0000)
 concurrent mark-sweep generation total 106304K, used 64266K [0x00000000d6e00000, 0x00000000dd5d0000, 0x0000000100000000)
 Metaspace       used 69908K, capacity 73228K, committed 73288K, reserved 1114112K
  class space    used 8911K, capacity 9532K, committed 9548K, reserved 1048576K
}
2022-08-07T09:30:21.323+0000: 37.171: Application time: 0.0346849 seconds
{Heap before GC invocations=428 (full 53):
 par new generation   total 19008K, used 18142K [0x00000000c2600000, 0x00000000c3aa0000, 0x00000000d6e00000)
  eden space 16896K, 100% used [0x00000000c2600000, 0x00000000c3680000, 0x00000000c3680000)
  from space 2112K,  59% used [0x00000000c3680000, 0x00000000c37b7928, 0x00000000c3890000)
  to   space 2112K,   0% used [0x00000000c3890000, 0x00000000c3890000, 0x00000000c3aa0000)
 concurrent mark-sweep generation total 106304K, used 64266K [0x00000000d6e00000, 0x00000000dd5d0000, 0x0000000100000000)
 Metaspace       used 69916K, capacity 73228K, committed 73288K, reserved 1114112K
  class space    used 8912K, capacity 9532K, committed 9548K, reserved 1048576K
2022-08-07T09:30:21.324+0000: 37.173: [GC (Allocation Failure) 2022-08-07T09:30:21.325+0000: 37.173: [ParNew: 18142K->1253K(19008K), 0.0046887 secs] 82408K->65520K(125312K), 0.0052762 secs] [Times: user=0.02 sys=0.00, real=0.01 secs] 
Heap after GC invocations=429 (full 53):
 par new generation   total 19008K, used 1253K [0x00000000c2600000, 0x00000000c3aa0000, 0x00000000d6e00000)
  eden space 16896K,   0% used [0x00000000c2600000, 0x00000000c2600000, 0x00000000c3680000)
  from space 2112K,  59% used [0x00000000c3890000, 0x00000000c39c96b8, 0x00000000c3aa0000)
  to   space 2112K,   0% used [0x00000000c3680000, 0x00000000c3680000, 0x00000000c3890000)
 concurrent mark-sweep generation total 106304K, used 64266K [0x00000000d6e00000, 0x00000000dd5d0000, 0x0000000100000000)
 Metaspace       used 69916K, capacity 73228K, committed 73288K, reserved 1114112K
  class space    used 8912K, capacity 9532K, committed 9548K, reserved 1048576K
}
2022-08-07T09:30:21.356+0000: 37.204: [CMS-concurrent-mark: 0.129/0.149 secs] [Times: user=0.51 sys=0.05, real=0.15 secs] 
2022-08-07T09:30:21.356+0000: 37.205: [CMS-concurrent-preclean-start]
2022-08-07T09:30:21.378+0000: 37.226: Application time: 0.0472710 seconds
{Heap before GC invocations=429 (full 53):
 par new generation   total 19008K, used 18149K [0x00000000c2600000, 0x00000000c3aa0000, 0x00000000d6e00000)
  eden space 16896K, 100% used [0x00000000c2600000, 0x00000000c3680000, 0x00000000c3680000)
  from space 2112K,  59% used [0x00000000c3890000, 0x00000000c39c96b8, 0x00000000c3aa0000)
  to   space 2112K,   0% used [0x00000000c3680000, 0x00000000c3680000, 0x00000000c3890000)
 concurrent mark-sweep generation total 106304K, used 64266K [0x00000000d6e00000, 0x00000000dd5d0000, 0x0000000100000000)
 Metaspace       used 69922K, capacity 73228K, committed 73288K, reserved 1114112K
  class space    used 8913K, capacity 9532K, committed 9548K, reserved 1048576K
2022-08-07T09:30:21.378+0000: 37.226: [GC (Allocation Failure) 2022-08-07T09:30:21.386+0000: 37.234: [ParNew: 18149K->1357K(19008K), 0.0302417 secs] 82416K->65792K(125312K), 0.0391069 secs] [Times: user=0.06 sys=0.00, real=0.04 secs] 
Heap after GC invocations=430 (full 53):
 par new generation   total 19008K, used 1357K [0x00000000c2600000, 0x00000000c3aa0000, 0x00000000d6e00000)
  eden space 16896K,   0% used [0x00000000c2600000, 0x00000000c2600000, 0x00000000c3680000)
  from space 2112K,  64% used [0x00000000c3680000, 0x00000000c37d36a0, 0x00000000c3890000)
  to   space 2112K,   0% used [0x00000000c3890000, 0x00000000c3890000, 0x00000000c3aa0000)
 concurrent mark-sweep generation total 106304K, used 64434K [0x00000000d6e00000, 0x00000000dd5d0000, 0x0000000100000000)
 Metaspace       used 69922K, capacity 73228K, committed 73288K, reserved 1114112K
  class space    used 8913K, capacity 9532K, committed 9548K, reserved 1048576K
}
2022-08-07T09:30:21.492+0000: 37.341: Application time: 0.0743889 seconds
{Heap before GC invocations=430 (full 53):
 par new generation   total 19008K, used 18253K [0x00000000c2600000, 0x00000000c3aa0000, 0x00000000d6e00000)
  eden space 16896K, 100% used [0x00000000c2600000, 0x00000000c3680000, 0x00000000c3680000)
  from space 2112K,  64% used [0x00000000c3680000, 0x00000000c37d36a0, 0x00000000c3890000)
  to   space 2112K,   0% used [0x00000000c3890000, 0x00000000c3890000, 0x00000000c3aa0000)
 concurrent mark-sweep generation total 106304K, used 64434K [0x00000000d6e00000, 0x00000000dd5d0000, 0x0000000100000000)
 Metaspace       used 69935K, capacity 73228K, committed 73288K, reserved 1114112K
  class space    used 8915K, capacity 9532K, committed 9548K, reserved 1048576K
2022-08-07T09:30:21.493+0000: 37.341: [GC (Allocation Failure) 2022-08-07T09:30:21.494+0000: 37.342: [ParNew: 18253K->1150K(19008K), 0.0064079 secs] 82688K->65649K(125312K), 0.0072356 secs] [Times: user=0.02 sys=0.00, real=0.01 secs] 
Heap after GC invocations=431 (full 53):
 par new generation   total 19008K, used 1150K [0x00000000c2600000, 0x00000000c3aa0000, 0x00000000d6e00000)
  eden space 16896K,   0% used [0x00000000c2600000, 0x00000000c2600000, 0x00000000c3680000)
  from space 2112K,  54% used [0x00000000c3890000, 0x00000000c39af9b0, 0x00000000c3aa0000)
  to   space 2112K,   0% used [0x00000000c3680000, 0x00000000c3680000, 0x00000000c3890000)
 concurrent mark-sweep generation total 106304K, used 64499K [0x00000000d6e00000, 0x00000000dd5d0000, 0x0000000100000000)
 Metaspace       used 69935K, capacity 73228K, committed 73288K, reserved 1114112K
  class space    used 8915K, capacity 9532K, committed 9548K, reserved 1048576K
}
2022-08-07T09:30:21.531+0000: 37.380: Application time: 0.0301696 seconds
2022-08-07T09:30:21.532+0000: 37.380: Application time: 0.0002357 seconds
2022-08-07T09:30:21.533+0000: 37.381: Application time: 0.0001647 seconds
2022-08-07T09:30:21.553+0000: 37.401: [CMS-concurrent-preclean: 0.087/0.196 secs] [Times: user=0.33 sys=0.18, real=0.20 secs] 
2022-08-07T09:30:21.553+0000: 37.402: [CMS-concurrent-abortable-preclean-start]
2022-08-07T09:30:21.591+0000: 37.439: Application time: 0.0576544 seconds
{Heap before GC invocations=431 (full 53):
 par new generation   total 19008K, used 18046K [0x00000000c2600000, 0x00000000c3aa0000, 0x00000000d6e00000)
  eden space 16896K, 100% used [0x00000000c2600000, 0x00000000c3680000, 0x00000000c3680000)
  from space 2112K,  54% used [0x00000000c3890000, 0x00000000c39af9b0, 0x00000000c3aa0000)
  to   space 2112K,   0% used [0x00000000c3680000, 0x00000000c3680000, 0x00000000c3890000)
 concurrent mark-sweep generation total 106304K, used 64499K [0x00000000d6e00000, 0x00000000dd5d0000, 0x0000000100000000)
 Metaspace       used 69937K, capacity 73228K, committed 73288K, reserved 1114112K
  class space    used 8915K, capacity 9532K, committed 9548K, reserved 1048576K
2022-08-07T09:30:21.591+0000: 37.440: [GC (Allocation Failure) 2022-08-07T09:30:21.592+0000: 37.440: [ParNew: 18046K->1403K(19008K), 0.0250827 secs] 82545K->66056K(125312K), 0.0261464 secs] [Times: user=0.05 sys=0.00, real=0.02 secs] 
Heap after GC invocations=432 (full 53):
 par new generation   total 19008K, used 1403K [0x00000000c2600000, 0x00000000c3aa0000, 0x00000000d6e00000)
  eden space 16896K,   0% used [0x00000000c2600000, 0x00000000c2600000, 0x00000000c3680000)
  from space 2112K,  66% used [0x00000000c3680000, 0x00000000c37deeb0, 0x00000000c3890000)
  to   space 2112K,   0% used [0x00000000c3890000, 0x00000000c3890000, 0x00000000c3aa0000)
 concurrent mark-sweep generation total 106304K, used 64653K [0x00000000d6e00000, 0x00000000dd5d0000, 0x0000000100000000)
 Metaspace       used 69937K, capacity 73228K, committed 73288K, reserved 1114112K
  class space    used 8915K, capacity 9532K, committed 9548K, reserved 1048576K
}
2022-08-07T09:30:21.624+0000: 37.472: [CMS-concurrent-abortable-preclean: 0.028/0.070 secs] [Times: user=0.13 sys=0.05, real=0.07 secs] 
2022-08-07T09:30:21.625+0000: 37.474: Application time: 0.0070921 seconds
2022-08-07T09:30:21.628+0000: 37.476: [GC (CMS Final Remark) [YG occupancy: 3790 K (19008 K)]2022-08-07T09:30:21.629+0000: 37.477: [Rescan (parallel) , 0.0085647 secs]2022-08-07T09:30:21.638+0000: 37.486: [weak refs processing, 0.0040973 secs]2022-08-07T09:30:21.642+0000: 37.490: [class unloading, 0.0449800 secs]2022-08-07T09:30:21.687+0000: 37.536: [scrub symbol table, 0.0275696 secs]2022-08-07T09:30:21.716+0000: 37.564: [scrub string table, 0.0020525 secs][1 CMS-remark: 64653K(106304K)] 68443K(125312K), 0.0901598 secs] [Times: user=0.10 sys=0.02, real=0.09 secs] 
2022-08-07T09:30:21.723+0000: 37.571: [CMS-concurrent-sweep-start]
2022-08-07T09:30:21.793+0000: 37.641: Application time: 0.0736107 seconds
{Heap before GC invocations=432 (full 53):
 par new generation   total 19008K, used 18299K [0x00000000c2600000, 0x00000000c3aa0000, 0x00000000d6e00000)
  eden space 16896K, 100% used [0x00000000c2600000, 0x00000000c3680000, 0x00000000c3680000)
  from space 2112K,  66% used [0x00000000c3680000, 0x00000000c37deeb0, 0x00000000c3890000)
  to   space 2112K,   0% used [0x00000000c3890000, 0x00000000c3890000, 0x00000000c3aa0000)
 concurrent mark-sweep generation total 106304K, used 64631K [0x00000000d6e00000, 0x00000000dd5d0000, 0x0000000100000000)
 Metaspace       used 69946K, capacity 73228K, committed 73288K, reserved 1114112K
  class space    used 8916K, capacity 9532K, committed 9548K, reserved 1048576K
2022-08-07T09:30:21.794+0000: 37.642: [GC (Allocation Failure) 2022-08-07T09:30:21.794+0000: 37.642: [ParNew: 18299K->1314K(19008K), 0.0107525 secs] 82931K->65967K(125312K), 0.0114039 secs] [Times: user=0.02 sys=0.01, real=0.01 secs] 
Heap after GC invocations=433 (full 53):
 par new generation   total 19008K, used 1314K [0x00000000c2600000, 0x00000000c3aa0000, 0x00000000d6e00000)
  eden space 16896K,   0% used [0x00000000c2600000, 0x00000000c2600000, 0x00000000c3680000)
  from space 2112K,  62% used [0x00000000c3890000, 0x00000000c39d88f0, 0x00000000c3aa0000)
  to   space 2112K,   0% used [0x00000000c3680000, 0x00000000c3680000, 0x00000000c3890000)
 concurrent mark-sweep generation total 106304K, used 64653K [0x00000000d6e00000, 0x00000000dd5d0000, 0x0000000100000000)
 Metaspace       used 69946K, capacity 73228K, committed 73288K, reserved 1114112K
  class space    used 8916K, capacity 9532K, committed 9548K, reserved 1048576K
}
2022-08-07T09:30:21.862+0000: 37.710: [CMS-concurrent-sweep: 0.125/0.138 secs] [Times: user=0.27 sys=0.11, real=0.14 secs] 
2022-08-07T09:30:21.862+0000: 37.711: [CMS-concurrent-reset-start]
2022-08-07T09:30:21.863+0000: 37.712: [CMS-concurrent-reset: 0.001/0.001 secs] [Times: user=0.01 sys=0.00, real=0.00 secs] 
2022-08-07T09:30:21.901+0000: 37.749: Application time: 0.0946709 seconds
{Heap before GC invocations=433 (full 53):
 par new generation   total 19008K, used 18210K [0x00000000c2600000, 0x00000000c3aa0000, 0x00000000d6e00000)
  eden space 16896K, 100% used [0x00000000c2600000, 0x00000000c3680000, 0x00000000c3680000)
  from space 2112K,  62% used [0x00000000c3890000, 0x00000000c39d88f0, 0x00000000c3aa0000)
  to   space 2112K,   0% used [0x00000000c3680000, 0x00000000c3680000, 0x00000000c3890000)
 concurrent mark-sweep generation total 107612K, used 64565K [0x00000000d6e00000, 0x00000000dd717000, 0x0000000100000000)
 Metaspace       used 69944K, capacity 73222K, committed 73288K, reserved 1114112K
  class space    used 8916K, capacity 9531K, committed 9548K, reserved 1048576K
2022-08-07T09:30:21.901+0000: 37.749: [GC (Allocation Failure) 2022-08-07T09:30:21.902+0000: 37.751: [ParNew: 18210K->1188K(19008K), 0.0194318 secs] 82776K->66027K(126620K), 0.0209663 secs] [Times: user=0.03 sys=0.01, real=0.02 secs] 
Heap after GC invocations=434 (full 53):
 par new generation   total 19008K, used 1188K [0x00000000c2600000, 0x00000000c3aa0000, 0x00000000d6e00000)
  eden space 16896K,   0% used [0x00000000c2600000, 0x00000000c2600000, 0x00000000c3680000)
  from space 2112K,  56% used [0x00000000c3680000, 0x00000000c37a90f8, 0x00000000c3890000)
  to   space 2112K,   0% used [0x00000000c3890000, 0x00000000c3890000, 0x00000000c3aa0000)
 concurrent mark-sweep generation total 107612K, used 64839K [0x00000000d6e00000, 0x00000000dd717000, 0x0000000100000000)
 Metaspace       used 69944K, capacity 73222K, committed 73288K, reserved 1114112K
  class space    used 8916K, capacity 9531K, committed 9548K, reserved 1048576K
}
2022-08-07T09:30:21.925+0000: 37.773: Application time: 0.0005759 seconds
2022-08-07T09:30:21.926+0000: 37.774: [GC (CMS Initial Mark) [1 CMS-initial-mark: 64839K(107612K)] 66369K(126620K), 0.0086516 secs] [Times: user=0.01 sys=0.01, real=0.01 secs] 
2022-08-07T09:30:21.936+0000: 37.784: [CMS-concurrent-mark-start]
2022-08-07T09:30:22.115+0000: 37.964: Application time: 0.1800863 seconds
2022-08-07T09:30:22.178+0000: 38.026: Application time: 0.0622898 seconds
{Heap before GC invocations=434 (full 54):
 par new generation   total 19008K, used 18084K [0x00000000c2600000, 0x00000000c3aa0000, 0x00000000d6e00000)
  eden space 16896K, 100% used [0x00000000c2600000, 0x00000000c3680000, 0x00000000c3680000)
  from space 2112K,  56% used [0x00000000c3680000, 0x00000000c37a90f8, 0x00000000c3890000)
  to   space 2112K,   0% used [0x00000000c3890000, 0x00000000c3890000, 0x00000000c3aa0000)
 concurrent mark-sweep generation total 107612K, used 64839K [0x00000000d6e00000, 0x00000000dd717000, 0x0000000100000000)
 Metaspace       used 70015K, capacity 73298K, committed 73544K, reserved 1114112K
  class space    used 8925K, capacity 9533K, committed 9548K, reserved 1048576K
2022-08-07T09:30:22.179+0000: 38.027: [GC (Allocation Failure) 2022-08-07T09:30:22.179+0000: 38.027: [ParNew: 18084K->1135K(19008K), 0.0137159 secs] 82923K->66089K(126620K), 0.0144557 secs] [Times: user=0.04 sys=0.00, real=0.02 secs] 
Heap after GC invocations=435 (full 54):
 par new generation   total 19008K, used 1135K [0x00000000c2600000, 0x00000000c3aa0000, 0x00000000d6e00000)
  eden space 16896K,   0% used [0x00000000c2600000, 0x00000000c2600000, 0x00000000c3680000)
  from space 2112K,  53% used [0x00000000c3890000, 0x00000000c39abe40, 0x00000000c3aa0000)
  to   space 2112K,   0% used [0x00000000c3680000, 0x00000000c3680000, 0x00000000c3890000)
 concurrent mark-sweep generation total 107612K, used 64953K [0x00000000d6e00000, 0x00000000dd717000, 0x0000000100000000)
 Metaspace       used 70015K, capacity 73298K, committed 73544K, reserved 1114112K
  class space    used 8925K, capacity 9533K, committed 9548K, reserved 1048576K
}
2022-08-07T09:30:22.276+0000: 38.124: [CMS-concurrent-mark: 0.323/0.340 secs] [Times: user=0.74 sys=0.22, real=0.34 secs] 
2022-08-07T09:30:22.276+0000: 38.124: [CMS-concurrent-preclean-start]
2022-08-07T09:30:22.336+0000: 38.184: Application time: 0.1422020 seconds
{Heap before GC invocations=435 (full 54):
 par new generation   total 19008K, used 18031K [0x00000000c2600000, 0x00000000c3aa0000, 0x00000000d6e00000)
  eden space 16896K, 100% used [0x00000000c2600000, 0x00000000c3680000, 0x00000000c3680000)
  from space 2112K,  53% used [0x00000000c3890000, 0x00000000c39abe40, 0x00000000c3aa0000)
  to   space 2112K,   0% used [0x00000000c3680000, 0x00000000c3680000, 0x00000000c3890000)
 concurrent mark-sweep generation total 107612K, used 64953K [0x00000000d6e00000, 0x00000000dd717000, 0x0000000100000000)
 Metaspace       used 70067K, capacity 73362K, committed 73544K, reserved 1114112K
  class space    used 8931K, capacity 9533K, committed 9548K, reserved 1048576K
2022-08-07T09:30:22.337+0000: 38.185: [GC (Allocation Failure) 2022-08-07T09:30:22.337+0000: 38.185: [ParNew: 18031K->1328K(19008K), 0.0085913 secs] 82985K->66331K(126620K), 0.0093065 secs] [Times: user=0.02 sys=0.01, real=0.01 secs] 
Heap after GC invocations=436 (full 54):
 par new generation   total 19008K, used 1328K [0x00000000c2600000, 0x00000000c3aa0000, 0x00000000d6e00000)
  eden space 16896K,   0% used [0x00000000c2600000, 0x00000000c2600000, 0x00000000c3680000)
  from space 2112K,  62% used [0x00000000c3680000, 0x00000000c37cc0e8, 0x00000000c3890000)
  to   space 2112K,   0% used [0x00000000c3890000, 0x00000000c3890000, 0x00000000c3aa0000)
 concurrent mark-sweep generation total 107612K, used 65003K [0x00000000d6e00000, 0x00000000dd717000, 0x0000000100000000)
 Metaspace       used 70067K, capacity 73362K, committed 73544K, reserved 1114112K
  class space    used 8931K, capacity 9533K, committed 9548K, reserved 1048576K
}
2022-08-07T09:30:22.347+0000: 38.196: [CMS-concurrent-preclean: 0.036/0.071 secs] [Times: user=0.14 sys=0.09, real=0.07 secs] 
2022-08-07T09:30:22.348+0000: 38.196: Application time: 0.0011477 seconds
2022-08-07T09:30:22.349+0000: 38.197: [GC (CMS Final Remark) [YG occupancy: 1689 K (19008 K)]2022-08-07T09:30:22.349+0000: 38.198: [Rescan (parallel) , 0.0065221 secs]2022-08-07T09:30:22.356+0000: 38.205: [weak refs processing, 0.0004763 secs]2022-08-07T09:30:22.357+0000: 38.205: [class unloading, 0.0274688 secs]2022-08-07T09:30:22.385+0000: 38.233: [scrub symbol table, 0.0333848 secs]2022-08-07T09:30:22.419+0000: 38.267: [scrub string table, 0.0016924 secs][1 CMS-remark: 65003K(107612K)] 66693K(126620K), 0.0822525 secs] [Times: user=0.16 sys=0.05, real=0.09 secs] 
2022-08-07T09:30:22.432+0000: 38.281: [CMS-concurrent-sweep-start]
2022-08-07T09:30:22.485+0000: 38.333: [CMS-concurrent-sweep: 0.053/0.053 secs] [Times: user=0.12 sys=0.05, real=0.05 secs] 
2022-08-07T09:30:22.486+0000: 38.334: [CMS-concurrent-reset-start]
2022-08-07T09:30:22.487+0000: 38.335: [CMS-concurrent-reset: 0.001/0.001 secs] [Times: user=0.01 sys=0.00, real=0.00 secs] 
2022-08-07T09:30:22.539+0000: 38.387: Application time: 0.1066407 seconds
{Heap before GC invocations=436 (full 54):
 par new generation   total 19008K, used 18224K [0x00000000c2600000, 0x00000000c3aa0000, 0x00000000d6e00000)
  eden space 16896K, 100% used [0x00000000c2600000, 0x00000000c3680000, 0x00000000c3680000)
  from space 2112K,  62% used [0x00000000c3680000, 0x00000000c37cc0e8, 0x00000000c3890000)
  to   space 2112K,   0% used [0x00000000c3890000, 0x00000000c3890000, 0x00000000c3aa0000)
 concurrent mark-sweep generation total 108272K, used 64962K [0x00000000d6e00000, 0x00000000dd7bc000, 0x0000000100000000)
 Metaspace       used 70078K, capacity 73356K, committed 73544K, reserved 1114112K
  class space    used 8933K, capacity 9532K, committed 9548K, reserved 1048576K
2022-08-07T09:30:22.539+0000: 38.388: [GC (Allocation Failure) 2022-08-07T09:30:22.540+0000: 38.388: [ParNew: 18224K->1173K(19008K), 0.0138635 secs] 83186K->66184K(127280K), 0.0145674 secs] [Times: user=0.02 sys=0.01, real=0.01 secs] 
Heap after GC invocations=437 (full 54):
 par new generation   total 19008K, used 1173K [0x00000000c2600000, 0x00000000c3aa0000, 0x00000000d6e00000)
  eden space 16896K,   0% used [0x00000000c2600000, 0x00000000c2600000, 0x00000000c3680000)
  from space 2112K,  55% used [0x00000000c3890000, 0x00000000c39b57c0, 0x00000000c3aa0000)
  to   space 2112K,   0% used [0x00000000c3680000, 0x00000000c3680000, 0x00000000c3890000)
 concurrent mark-sweep generation total 108272K, used 65010K [0x00000000d6e00000, 0x00000000dd7bc000, 0x0000000100000000)
 Metaspace       used 70078K, capacity 73356K, committed 73544K, reserved 1114112K
  class space    used 8933K, capacity 9532K, committed 9548K, reserved 1048576K
}
2022-08-07T09:30:22.555+0000: 38.403: Application time: 0.0004054 seconds
2022-08-07T09:30:22.556+0000: 38.404: [GC (CMS Initial Mark) [1 CMS-initial-mark: 65010K(108272K)] 66530K(127280K), 0.0061366 secs] [Times: user=0.01 sys=0.00, real=0.01 secs] 
2022-08-07T09:30:22.563+0000: 38.412: [CMS-concurrent-mark-start]
2022-08-07T09:30:22.687+0000: 38.535: Application time: 0.1236562 seconds
{Heap before GC invocations=437 (full 55):
 par new generation   total 19008K, used 18069K [0x00000000c2600000, 0x00000000c3aa0000, 0x00000000d6e00000)
  eden space 16896K, 100% used [0x00000000c2600000, 0x00000000c3680000, 0x00000000c3680000)
  from space 2112K,  55% used [0x00000000c3890000, 0x00000000c39b57c0, 0x00000000c3aa0000)
  to   space 2112K,   0% used [0x00000000c3680000, 0x00000000c3680000, 0x00000000c3890000)
 concurrent mark-sweep generation total 108272K, used 65010K [0x00000000d6e00000, 0x00000000dd7bc000, 0x0000000100000000)
 Metaspace       used 70098K, capacity 73394K, committed 73672K, reserved 1114112K
  class space    used 8937K, capacity 9565K, committed 9676K, reserved 1048576K
2022-08-07T09:30:22.688+0000: 38.536: [GC (Allocation Failure) 2022-08-07T09:30:22.688+0000: 38.537: [ParNew: 18069K->1540K(19008K), 0.0225379 secs] 83080K->66661K(127280K), 0.0238387 secs] [Times: user=0.03 sys=0.02, real=0.03 secs] 
Heap after GC invocations=438 (full 55):
 par new generation   total 19008K, used 1540K [0x00000000c2600000, 0x00000000c3aa0000, 0x00000000d6e00000)
  eden space 16896K,   0% used [0x00000000c2600000, 0x00000000c2600000, 0x00000000c3680000)
  from space 2112K,  72% used [0x00000000c3680000, 0x00000000c38013a8, 0x00000000c3890000)
  to   space 2112K,   0% used [0x00000000c3890000, 0x00000000c3890000, 0x00000000c3aa0000)
 concurrent mark-sweep generation total 108272K, used 65120K [0x00000000d6e00000, 0x00000000dd7bc000, 0x0000000100000000)
 Metaspace       used 70098K, capacity 73394K, committed 73672K, reserved 1114112K
  class space    used 8937K, capacity 9565K, committed 9676K, reserved 1048576K
}
2022-08-07T09:30:22.780+0000: 38.629: [CMS-concurrent-mark: 0.192/0.217 secs] [Times: user=0.49 sys=0.14, real=0.22 secs] 
2022-08-07T09:30:22.781+0000: 38.629: [CMS-concurrent-preclean-start]
2022-08-07T09:30:22.834+0000: 38.682: [CMS-concurrent-preclean: 0.031/0.053 secs] [Times: user=0.08 sys=0.05, real=0.05 secs] 
2022-08-07T09:30:22.835+0000: 38.683: [CMS-concurrent-abortable-preclean-start]
2022-08-07T09:30:22.844+0000: 38.692: Application time: 0.1317054 seconds
{Heap before GC invocations=438 (full 55):
 par new generation   total 19008K, used 18436K [0x00000000c2600000, 0x00000000c3aa0000, 0x00000000d6e00000)
  eden space 16896K,  99% used [0x00000000c2600000, 0x00000000c367ffa8, 0x00000000c3680000)
  from space 2112K,  72% used [0x00000000c3680000, 0x00000000c38013a8, 0x00000000c3890000)
  to   space 2112K,   0% used [0x00000000c3890000, 0x00000000c3890000, 0x00000000c3aa0000)
 concurrent mark-sweep generation total 108272K, used 65120K [0x00000000d6e00000, 0x00000000dd7bc000, 0x0000000100000000)
 Metaspace       used 70098K, capacity 73394K, committed 73672K, reserved 1114112K
  class space    used 8937K, capacity 9565K, committed 9676K, reserved 1048576K
2022-08-07T09:30:22.844+0000: 38.692: [GC (Allocation Failure) 2022-08-07T09:30:22.846+0000: 38.694: [ParNew: 18436K->1042K(19008K), 0.0277155 secs] 83557K->66226K(127280K), 0.0296672 secs] [Times: user=0.06 sys=0.01, real=0.03 secs] 
Heap after GC invocations=439 (full 55):
 par new generation   total 19008K, used 1042K [0x00000000c2600000, 0x00000000c3aa0000, 0x00000000d6e00000)
  eden space 16896K,   0% used [0x00000000c2600000, 0x00000000c2600000, 0x00000000c3680000)
  from space 2112K,  49% used [0x00000000c3890000, 0x00000000c3994bc0, 0x00000000c3aa0000)
  to   space 2112K,   0% used [0x00000000c3680000, 0x00000000c3680000, 0x00000000c3890000)
 concurrent mark-sweep generation total 108272K, used 65183K [0x00000000d6e00000, 0x00000000dd7bc000, 0x0000000100000000)
 Metaspace       used 70098K, capacity 73394K, committed 73672K, reserved 1114112K
  class space    used 8937K, capacity 9565K, committed 9676K, reserved 1048576K
}
2022-08-07T09:30:22.987+0000: 38.835: Application time: 0.1124507 seconds
{Heap before GC invocations=439 (full 55):
 par new generation   total 19008K, used 17938K [0x00000000c2600000, 0x00000000c3aa0000, 0x00000000d6e00000)
  eden space 16896K, 100% used [0x00000000c2600000, 0x00000000c3680000, 0x00000000c3680000)
  from space 2112K,  49% used [0x00000000c3890000, 0x00000000c3994bc0, 0x00000000c3aa0000)
  to   space 2112K,   0% used [0x00000000c3680000, 0x00000000c3680000, 0x00000000c3890000)
 concurrent mark-sweep generation total 108272K, used 65183K [0x00000000d6e00000, 0x00000000dd7bc000, 0x0000000100000000)
 Metaspace       used 70125K, capacity 73466K, committed 73672K, reserved 1114112K
  class space    used 8941K, capacity 9567K, committed 9676K, reserved 1048576K
2022-08-07T09:30:22.988+0000: 38.836: [GC (Allocation Failure) 2022-08-07T09:30:22.988+0000: 38.837: [ParNew: 17938K->1064K(19008K), 0.0105697 secs] 83122K->66318K(127280K), 0.0112433 secs] [Times: user=0.02 sys=0.01, real=0.02 secs] 
Heap after GC invocations=440 (full 55):
 par new generation   total 19008K, used 1064K [0x00000000c2600000, 0x00000000c3aa0000, 0x00000000d6e00000)
  eden space 16896K,   0% used [0x00000000c2600000, 0x00000000c2600000, 0x00000000c3680000)
  from space 2112K,  50% used [0x00000000c3680000, 0x00000000c378a248, 0x00000000c3890000)
  to   space 2112K,   0% used [0x00000000c3890000, 0x00000000c3890000, 0x00000000c3aa0000)
 concurrent mark-sweep generation total 108272K, used 65253K [0x00000000d6e00000, 0x00000000dd7bc000, 0x0000000100000000)
 Metaspace       used 70125K, capacity 73466K, committed 73672K, reserved 1114112K
  class space    used 8941K, capacity 9567K, committed 9676K, reserved 1048576K
}
2022-08-07T09:30:23.043+0000: 38.891: Application time: 0.0427261 seconds
{Heap before GC invocations=440 (full 55):
 par new generation   total 19008K, used 17960K [0x00000000c2600000, 0x00000000c3aa0000, 0x00000000d6e00000)
  eden space 16896K, 100% used [0x00000000c2600000, 0x00000000c3680000, 0x00000000c3680000)
  from space 2112K,  50% used [0x00000000c3680000, 0x00000000c378a248, 0x00000000c3890000)
  to   space 2112K,   0% used [0x00000000c3890000, 0x00000000c3890000, 0x00000000c3aa0000)
 concurrent mark-sweep generation total 108272K, used 65253K [0x00000000d6e00000, 0x00000000dd7bc000, 0x0000000100000000)
 Metaspace       used 70125K, capacity 73466K, committed 73672K, reserved 1114112K
  class space    used 8941K, capacity 9567K, committed 9676K, reserved 1048576K
2022-08-07T09:30:23.044+0000: 38.893: [GC (Allocation Failure) 2022-08-07T09:30:23.045+0000: 38.894: [ParNew: 17960K->1186K(19008K), 0.0265667 secs] 83214K->66510K(127280K), 0.0281736 secs] [Times: user=0.04 sys=0.01, real=0.03 secs] 
Heap after GC invocations=441 (full 55):
 par new generation   total 19008K, used 1186K [0x00000000c2600000, 0x00000000c3aa0000, 0x00000000d6e00000)
  eden space 16896K,   0% used [0x00000000c2600000, 0x00000000c2600000, 0x00000000c3680000)
  from space 2112K,  56% used [0x00000000c3890000, 0x00000000c39b8b80, 0x00000000c3aa0000)
  to   space 2112K,   0% used [0x00000000c3680000, 0x00000000c3680000, 0x00000000c3890000)
 concurrent mark-sweep generation total 108272K, used 65323K [0x00000000d6e00000, 0x00000000dd7bc000, 0x0000000100000000)
 Metaspace       used 70125K, capacity 73466K, committed 73672K, reserved 1114112K
  class space    used 8941K, capacity 9567K, committed 9676K, reserved 1048576K
}
2022-08-07T09:30:23.076+0000: 38.924: [CMS-concurrent-abortable-preclean: 0.093/0.241 secs] [Times: user=0.38 sys=0.16, real=0.24 secs] 
2022-08-07T09:30:23.077+0000: 38.925: Application time: 0.0032681 seconds
2022-08-07T09:30:23.077+0000: 38.925: [GC (CMS Final Remark) [YG occupancy: 1548 K (19008 K)]2022-08-07T09:30:23.078+0000: 38.926: [Rescan (parallel) , 0.0219262 secs]2022-08-07T09:30:23.100+0000: 38.948: [weak refs processing, 0.0006535 secs]2022-08-07T09:30:23.101+0000: 38.949: [class unloading, 0.0291408 secs]2022-08-07T09:30:23.130+0000: 38.979: [scrub symbol table, 0.0437176 secs]2022-08-07T09:30:23.174+0000: 39.023: [scrub string table, 0.0016227 secs][1 CMS-remark: 65323K(108272K)] 66872K(127280K), 0.0993742 secs] [Times: user=0.18 sys=0.04, real=0.10 secs] 
2022-08-07T09:30:23.177+0000: 39.026: [CMS-concurrent-sweep-start]
2022-08-07T09:30:23.211+0000: 39.059: Application time: 0.0341104 seconds
{Heap before GC invocations=441 (full 55):
 par new generation   total 19008K, used 18082K [0x00000000c2600000, 0x00000000c3aa0000, 0x00000000d6e00000)
  eden space 16896K, 100% used [0x00000000c2600000, 0x00000000c3680000, 0x00000000c3680000)
  from space 2112K,  56% used [0x00000000c3890000, 0x00000000c39b8b80, 0x00000000c3aa0000)
  to   space 2112K,   0% used [0x00000000c3680000, 0x00000000c3680000, 0x00000000c3890000)
 concurrent mark-sweep generation total 108272K, used 65305K [0x00000000d6e00000, 0x00000000dd7bc000, 0x0000000100000000)
 Metaspace       used 70128K, capacity 73474K, committed 73672K, reserved 1114112K
  class space    used 8943K, capacity 9569K, committed 9676K, reserved 1048576K
2022-08-07T09:30:23.211+0000: 39.060: [GC (Allocation Failure) 2022-08-07T09:30:23.212+0000: 39.061: [ParNew: 18082K->1119K(19008K), 0.0285572 secs] 83388K->66510K(127280K), 0.0308161 secs] [Times: user=0.03 sys=0.02, real=0.03 secs] 
Heap after GC invocations=442 (full 55):
 par new generation   total 19008K, used 1119K [0x00000000c2600000, 0x00000000c3aa0000, 0x00000000d6e00000)
  eden space 16896K,   0% used [0x00000000c2600000, 0x00000000c2600000, 0x00000000c3680000)
  from space 2112K,  53% used [0x00000000c3680000, 0x00000000c3797f60, 0x00000000c3890000)
  to   space 2112K,   0% used [0x00000000c3890000, 0x00000000c3890000, 0x00000000c3aa0000)
 concurrent mark-sweep generation total 108272K, used 65390K [0x00000000d6e00000, 0x00000000dd7bc000, 0x0000000100000000)
 Metaspace       used 70128K, capacity 73474K, committed 73672K, reserved 1114112K
  class space    used 8943K, capacity 9569K, committed 9676K, reserved 1048576K
}
2022-08-07T09:30:23.245+0000: 39.094: [CMS-concurrent-sweep: 0.034/0.068 secs] [Times: user=0.11 sys=0.04, real=0.07 secs] 
2022-08-07T09:30:23.256+0000: 39.105: [CMS-concurrent-reset-start]
2022-08-07T09:30:23.258+0000: 39.106: [CMS-concurrent-reset: 0.001/0.001 secs] [Times: user=0.00 sys=0.00, real=0.00 secs] 
2022-08-07T09:30:23.280+0000: 39.129: Application time: 0.0368403 seconds
{Heap before GC invocations=442 (full 55):
 par new generation   total 19008K, used 18015K [0x00000000c2600000, 0x00000000c3aa0000, 0x00000000d6e00000)
  eden space 16896K, 100% used [0x00000000c2600000, 0x00000000c3680000, 0x00000000c3680000)
  from space 2112K,  53% used [0x00000000c3680000, 0x00000000c3797f60, 0x00000000c3890000)
  to   space 2112K,   0% used [0x00000000c3890000, 0x00000000c3890000, 0x00000000c3aa0000)
 concurrent mark-sweep generation total 108984K, used 65389K [0x00000000d6e00000, 0x00000000dd86e000, 0x0000000100000000)
 Metaspace       used 70129K, capacity 73474K, committed 73672K, reserved 1114112K
  class space    used 8943K, capacity 9569K, committed 9676K, reserved 1048576K
2022-08-07T09:30:23.281+0000: 39.129: [GC (Allocation Failure) 2022-08-07T09:30:23.281+0000: 39.129: [ParNew: 18015K->1218K(19008K), 0.0155074 secs] 83404K->66658K(127992K), 0.0165133 secs] [Times: user=0.04 sys=0.01, real=0.01 secs] 
Heap after GC invocations=443 (full 55):
 par new generation   total 19008K, used 1218K [0x00000000c2600000, 0x00000000c3aa0000, 0x00000000d6e00000)
  eden space 16896K,   0% used [0x00000000c2600000, 0x00000000c2600000, 0x00000000c3680000)
  from space 2112K,  57% used [0x00000000c3890000, 0x00000000c39c0a30, 0x00000000c3aa0000)
  to   space 2112K,   0% used [0x00000000c3680000, 0x00000000c3680000, 0x00000000c3890000)
 concurrent mark-sweep generation total 108984K, used 65439K [0x00000000d6e00000, 0x00000000dd86e000, 0x0000000100000000)
 Metaspace       used 70129K, capacity 73474K, committed 73672K, reserved 1114112K
  class space    used 8943K, capacity 9569K, committed 9676K, reserved 1048576K
}
2022-08-07T09:30:23.303+0000: 39.151: Application time: 0.0035044 seconds
2022-08-07T09:30:23.305+0000: 39.153: [GC (CMS Initial Mark) [1 CMS-initial-mark: 65439K(108984K)] 67020K(127992K), 0.0087824 secs] [Times: user=0.02 sys=0.01, real=0.01 secs] 
2022-08-07T09:30:23.316+0000: 39.164: [CMS-concurrent-mark-start]
2022-08-07T09:30:23.393+0000: 39.241: Application time: 0.0771178 seconds
{Heap before GC invocations=443 (full 56):
 par new generation   total 19008K, used 18114K [0x00000000c2600000, 0x00000000c3aa0000, 0x00000000d6e00000)
  eden space 16896K, 100% used [0x00000000c2600000, 0x00000000c3680000, 0x00000000c3680000)
  from space 2112K,  57% used [0x00000000c3890000, 0x00000000c39c0a30, 0x00000000c3aa0000)
  to   space 2112K,   0% used [0x00000000c3680000, 0x00000000c3680000, 0x00000000c3890000)
 concurrent mark-sweep generation total 108984K, used 65439K [0x00000000d6e00000, 0x00000000dd86e000, 0x0000000100000000)
 Metaspace       used 70226K, capacity 73538K, committed 73672K, reserved 1114112K
  class space    used 8962K, capacity 9569K, committed 9676K, reserved 1048576K
2022-08-07T09:30:23.393+0000: 39.242: [GC (Allocation Failure) 2022-08-07T09:30:23.394+0000: 39.242: [ParNew: 18114K->963K(19008K), 0.0140577 secs] 83554K->66562K(127992K), 0.0151760 secs] [Times: user=0.04 sys=0.01, real=0.01 secs] 
Heap after GC invocations=444 (full 56):
 par new generation   total 19008K, used 963K [0x00000000c2600000, 0x00000000c3aa0000, 0x00000000d6e00000)
  eden space 16896K,   0% used [0x00000000c2600000, 0x00000000c2600000, 0x00000000c3680000)
  from space 2112K,  45% used [0x00000000c3680000, 0x00000000c3770d40, 0x00000000c3890000)
  to   space 2112K,   0% used [0x00000000c3890000, 0x00000000c3890000, 0x00000000c3aa0000)
 concurrent mark-sweep generation total 108984K, used 65599K [0x00000000d6e00000, 0x00000000dd86e000, 0x0000000100000000)
 Metaspace       used 70226K, capacity 73538K, committed 73672K, reserved 1114112K
  class space    used 8962K, capacity 9569K, committed 9676K, reserved 1048576K
}
2022-08-07T09:30:23.470+0000: 39.319: Application time: 0.0612019 seconds
{Heap before GC invocations=444 (full 56):
 par new generation   total 19008K, used 17859K [0x00000000c2600000, 0x00000000c3aa0000, 0x00000000d6e00000)
  eden space 16896K, 100% used [0x00000000c2600000, 0x00000000c3680000, 0x00000000c3680000)
  from space 2112K,  45% used [0x00000000c3680000, 0x00000000c3770d40, 0x00000000c3890000)
  to   space 2112K,   0% used [0x00000000c3890000, 0x00000000c3890000, 0x00000000c3aa0000)
 concurrent mark-sweep generation total 108984K, used 65599K [0x00000000d6e00000, 0x00000000dd86e000, 0x0000000100000000)
 Metaspace       used 70233K, capacity 73542K, committed 73672K, reserved 1114112K
  class space    used 8964K, capacity 9569K, committed 9676K, reserved 1048576K
2022-08-07T09:30:23.473+0000: 39.321: [GC (Allocation Failure) 2022-08-07T09:30:23.473+0000: 39.322: [ParNew: 17859K->1020K(19008K), 0.0187243 secs] 83458K->66714K(127992K), 0.0195236 secs] [Times: user=0.05 sys=0.00, real=0.02 secs] 
Heap after GC invocations=445 (full 56):
 par new generation   total 19008K, used 1020K [0x00000000c2600000, 0x00000000c3aa0000, 0x00000000d6e00000)
  eden space 16896K,   0% used [0x00000000c2600000, 0x00000000c2600000, 0x00000000c3680000)
  from space 2112K,  48% used [0x00000000c3890000, 0x00000000c398f028, 0x00000000c3aa0000)
  to   space 2112K,   0% used [0x00000000c3680000, 0x00000000c3680000, 0x00000000c3890000)
 concurrent mark-sweep generation total 108984K, used 65694K [0x00000000d6e00000, 0x00000000dd86e000, 0x0000000100000000)
 Metaspace       used 70233K, capacity 73542K, committed 73672K, reserved 1114112K
  class space    used 8964K, capacity 9569K, committed 9676K, reserved 1048576K
}
2022-08-07T09:30:23.582+0000: 39.430: Application time: 0.0886055 seconds
{Heap before GC invocations=445 (full 56):
 par new generation   total 19008K, used 17916K [0x00000000c2600000, 0x00000000c3aa0000, 0x00000000d6e00000)
  eden space 16896K, 100% used [0x00000000c2600000, 0x00000000c3680000, 0x00000000c3680000)
  from space 2112K,  48% used [0x00000000c3890000, 0x00000000c398f028, 0x00000000c3aa0000)
  to   space 2112K,   0% used [0x00000000c3680000, 0x00000000c3680000, 0x00000000c3890000)
 concurrent mark-sweep generation total 108984K, used 65694K [0x00000000d6e00000, 0x00000000dd86e000, 0x0000000100000000)
 Metaspace       used 70239K, capacity 73542K, committed 73672K, reserved 1114112K
  class space    used 8966K, capacity 9569K, committed 9676K, reserved 1048576K
2022-08-07T09:30:23.583+0000: 39.431: [GC (Allocation Failure) 2022-08-07T09:30:23.583+0000: 39.431: [ParNew: 17916K->1044K(19008K), 0.0100699 secs] 83610K->66847K(127992K), 0.0107760 secs] [Times: user=0.02 sys=0.00, real=0.01 secs] 
Heap after GC invocations=446 (full 56):
 par new generation   total 19008K, used 1044K [0x00000000c2600000, 0x00000000c3aa0000, 0x00000000d6e00000)
  eden space 16896K,   0% used [0x00000000c2600000, 0x00000000c2600000, 0x00000000c3680000)
  from space 2112K,  49% used [0x00000000c3680000, 0x00000000c37852c0, 0x00000000c3890000)
  to   space 2112K,   0% used [0x00000000c3890000, 0x00000000c3890000, 0x00000000c3aa0000)
 concurrent mark-sweep generation total 108984K, used 65802K [0x00000000d6e00000, 0x00000000dd86e000, 0x0000000100000000)
 Metaspace       used 70239K, capacity 73542K, committed 73672K, reserved 1114112K
  class space    used 8966K, capacity 9569K, committed 9676K, reserved 1048576K
}
2022-08-07T09:30:23.606+0000: 39.454: [CMS-concurrent-mark: 0.238/0.290 secs] [Times: user=0.59 sys=0.15, real=0.29 secs] 
2022-08-07T09:30:23.607+0000: 39.455: [CMS-concurrent-preclean-start]
2022-08-07T09:30:23.643+0000: 39.491: Application time: 0.0482312 seconds
{Heap before GC invocations=446 (full 56):
 par new generation   total 19008K, used 17940K [0x00000000c2600000, 0x00000000c3aa0000, 0x00000000d6e00000)
  eden space 16896K, 100% used [0x00000000c2600000, 0x00000000c3680000, 0x00000000c3680000)
  from space 2112K,  49% used [0x00000000c3680000, 0x00000000c37852c0, 0x00000000c3890000)
  to   space 2112K,   0% used [0x00000000c3890000, 0x00000000c3890000, 0x00000000c3aa0000)
 concurrent mark-sweep generation total 108984K, used 65802K [0x00000000d6e00000, 0x00000000dd86e000, 0x0000000100000000)
 Metaspace       used 70243K, capacity 73542K, committed 73672K, reserved 1114112K
  class space    used 8966K, capacity 9569K, committed 9676K, reserved 1048576K
2022-08-07T09:30:23.643+0000: 39.491: [GC (Allocation Failure) 2022-08-07T09:30:23.644+0000: 39.492: [ParNew: 17940K->981K(19008K), 0.0068491 secs] 83743K->66849K(127992K), 0.0082746 secs] [Times: user=0.01 sys=0.00, real=0.01 secs] 
Heap after GC invocations=447 (full 56):
 par new generation   total 19008K, used 981K [0x00000000c2600000, 0x00000000c3aa0000, 0x00000000d6e00000)
  eden space 16896K,   0% used [0x00000000c2600000, 0x00000000c2600000, 0x00000000c3680000)
  from space 2112K,  46% used [0x00000000c3890000, 0x00000000c3985400, 0x00000000c3aa0000)
  to   space 2112K,   0% used [0x00000000c3680000, 0x00000000c3680000, 0x00000000c3890000)
 concurrent mark-sweep generation total 108984K, used 65868K [0x00000000d6e00000, 0x00000000dd86e000, 0x0000000100000000)
 Metaspace       used 70243K, capacity 73542K, committed 73672K, reserved 1114112K
  class space    used 8966K, capacity 9569K, committed 9676K, reserved 1048576K
}
2022-08-07T09:30:23.725+0000: 39.573: [CMS-concurrent-preclean: 0.064/0.118 secs] [Times: user=0.16 sys=0.16, real=0.12 secs] 
2022-08-07T09:30:23.725+0000: 39.574: [CMS-concurrent-abortable-preclean-start]
2022-08-07T09:30:24.018+0000: 39.866: [CMS-concurrent-abortable-preclean: 0.082/0.292 secs] [Times: user=0.43 sys=0.23, real=0.29 secs] 
2022-08-07T09:30:24.019+0000: 39.867: Application time: 0.3670187 seconds
2022-08-07T09:30:24.020+0000: 39.868: [GC (CMS Final Remark) [YG occupancy: 13489 K (19008 K)]2022-08-07T09:30:24.020+0000: 39.868: [Rescan (parallel) , 0.0116292 secs]2022-08-07T09:30:24.032+0000: 39.880: [weak refs processing, 0.0013979 secs]2022-08-07T09:30:24.034+0000: 39.882: [class unloading, 0.0154092 secs]2022-08-07T09:30:24.049+0000: 39.898: [scrub symbol table, 0.0257082 secs]2022-08-07T09:30:24.075+0000: 39.924: [scrub string table, 0.0024172 secs][1 CMS-remark: 65868K(108984K)] 79358K(127992K), 0.0587717 secs] [Times: user=0.05 sys=0.02, real=0.05 secs] 
2022-08-07T09:30:24.079+0000: 39.927: [CMS-concurrent-sweep-start]
2022-08-07T09:30:24.219+0000: 40.068: Application time: 0.1404366 seconds
{Heap before GC invocations=447 (full 56):
 par new generation   total 19008K, used 17877K [0x00000000c2600000, 0x00000000c3aa0000, 0x00000000d6e00000)
  eden space 16896K, 100% used [0x00000000c2600000, 0x00000000c3680000, 0x00000000c3680000)
  from space 2112K,  46% used [0x00000000c3890000, 0x00000000c3985400, 0x00000000c3aa0000)
  to   space 2112K,   0% used [0x00000000c3680000, 0x00000000c3680000, 0x00000000c3890000)
 concurrent mark-sweep generation total 108984K, used 65843K [0x00000000d6e00000, 0x00000000dd86e000, 0x0000000100000000)
 Metaspace       used 70352K, capacity 73708K, committed 73928K, reserved 1114112K
  class space    used 8978K, capacity 9586K, committed 9676K, reserved 1048576K
2022-08-07T09:30:24.220+0000: 40.068: [GC (Allocation Failure) 2022-08-07T09:30:24.221+0000: 40.069: [ParNew: 17877K->2112K(19008K), 0.0325532 secs] 83720K->69785K(127992K), 0.0339822 secs] [Times: user=0.05 sys=0.02, real=0.03 secs] 
Heap after GC invocations=448 (full 56):
 par new generation   total 19008K, used 2112K [0x00000000c2600000, 0x00000000c3aa0000, 0x00000000d6e00000)
  eden space 16896K,   0% used [0x00000000c2600000, 0x00000000c2600000, 0x00000000c3680000)
  from space 2112K, 100% used [0x00000000c3680000, 0x00000000c3890000, 0x00000000c3890000)
  to   space 2112K,   0% used [0x00000000c3890000, 0x00000000c3890000, 0x00000000c3aa0000)
 concurrent mark-sweep generation total 108984K, used 67673K [0x00000000d6e00000, 0x00000000dd86e000, 0x0000000100000000)
 Metaspace       used 70352K, capacity 73708K, committed 73928K, reserved 1114112K
  class space    used 8978K, capacity 9586K, committed 9676K, reserved 1048576K
}
2022-08-07T09:30:24.277+0000: 40.125: [CMS-concurrent-sweep: 0.163/0.198 secs] [Times: user=0.40 sys=0.13, real=0.19 secs] 
2022-08-07T09:30:24.278+0000: 40.126: [CMS-concurrent-reset-start]
2022-08-07T09:30:24.278+0000: 40.127: [CMS-concurrent-reset: 0.001/0.001 secs] [Times: user=0.00 sys=0.00, real=0.00 secs] 
2022-08-07T09:30:24.365+0000: 40.213: Application time: 0.1100232 seconds
{Heap before GC invocations=448 (full 56):
 par new generation   total 19008K, used 19008K [0x00000000c2600000, 0x00000000c3aa0000, 0x00000000d6e00000)
  eden space 16896K, 100% used [0x00000000c2600000, 0x00000000c3680000, 0x00000000c3680000)
  from space 2112K, 100% used [0x00000000c3680000, 0x00000000c3890000, 0x00000000c3890000)
  to   space 2112K,   0% used [0x00000000c3890000, 0x00000000c3890000, 0x00000000c3aa0000)
 concurrent mark-sweep generation total 112768K, used 67660K [0x00000000d6e00000, 0x00000000ddc20000, 0x0000000100000000)
 Metaspace       used 70457K, capacity 73822K, committed 73928K, reserved 1114112K
  class space    used 8986K, capacity 9621K, committed 9676K, reserved 1048576K
2022-08-07T09:30:24.365+0000: 40.214: [GC (Allocation Failure) 2022-08-07T09:30:24.366+0000: 40.214: [ParNew: 19008K->1753K(19008K), 0.0237211 secs] 86668K->71554K(131776K), 0.0244388 secs] [Times: user=0.05 sys=0.02, real=0.03 secs] 
Heap after GC invocations=449 (full 56):
 par new generation   total 19008K, used 1753K [0x00000000c2600000, 0x00000000c3aa0000, 0x00000000d6e00000)
  eden space 16896K,   0% used [0x00000000c2600000, 0x00000000c2600000, 0x00000000c3680000)
  from space 2112K,  83% used [0x00000000c3890000, 0x00000000c3a46760, 0x00000000c3aa0000)
  to   space 2112K,   0% used [0x00000000c3680000, 0x00000000c3680000, 0x00000000c3890000)
 concurrent mark-sweep generation total 112768K, used 69800K [0x00000000d6e00000, 0x00000000ddc20000, 0x0000000100000000)
 Metaspace       used 70457K, capacity 73822K, committed 73928K, reserved 1114112K
  class space    used 8986K, capacity 9621K, committed 9676K, reserved 1048576K
}
2022-08-07T09:30:24.391+0000: 40.239: Application time: 0.0002530 seconds
2022-08-07T09:30:24.392+0000: 40.240: [GC (CMS Initial Mark) [1 CMS-initial-mark: 69800K(112768K)] 71895K(131776K), 0.0029833 secs] [Times: user=0.00 sys=0.01, real=0.00 secs] 
2022-08-07T09:30:24.396+0000: 40.244: [CMS-concurrent-mark-start]
2022-08-07T09:30:24.473+0000: 40.321: Application time: 0.0775390 seconds
{Heap before GC invocations=449 (full 57):
 par new generation   total 19008K, used 18649K [0x00000000c2600000, 0x00000000c3aa0000, 0x00000000d6e00000)
  eden space 16896K, 100% used [0x00000000c2600000, 0x00000000c3680000, 0x00000000c3680000)
  from space 2112K,  83% used [0x00000000c3890000, 0x00000000c3a46760, 0x00000000c3aa0000)
  to   space 2112K,   0% used [0x00000000c3680000, 0x00000000c3680000, 0x00000000c3890000)
 concurrent mark-sweep generation total 112768K, used 69800K [0x00000000d6e00000, 0x00000000ddc20000, 0x0000000100000000)
 Metaspace       used 70467K, capacity 73822K, committed 73928K, reserved 1114112K
  class space    used 8988K, capacity 9621K, committed 9676K, reserved 1048576K
2022-08-07T09:30:24.473+0000: 40.322: [GC (Allocation Failure) 2022-08-07T09:30:24.475+0000: 40.323: [ParNew: 18649K->460K(19008K), 0.0058748 secs] 88450K->70261K(131776K), 0.0074285 secs] [Times: user=0.01 sys=0.00, real=0.01 secs] 
Heap after GC invocations=450 (full 57):
 par new generation   total 19008K, used 460K [0x00000000c2600000, 0x00000000c3aa0000, 0x00000000d6e00000)
  eden space 16896K,   0% used [0x00000000c2600000, 0x00000000c2600000, 0x00000000c3680000)
  from space 2112K,  21% used [0x00000000c3680000, 0x00000000c36f33c0, 0x00000000c3890000)
  to   space 2112K,   0% used [0x00000000c3890000, 0x00000000c3890000, 0x00000000c3aa0000)
 concurrent mark-sweep generation total 112768K, used 69800K [0x00000000d6e00000, 0x00000000ddc20000, 0x0000000100000000)
 Metaspace       used 70467K, capacity 73822K, committed 73928K, reserved 1114112K
  class space    used 8988K, capacity 9621K, committed 9676K, reserved 1048576K
}
2022-08-07T09:30:24.646+0000: 40.495: Application time: 0.1646403 seconds
{Heap before GC invocations=450 (full 57):
 par new generation   total 19008K, used 17356K [0x00000000c2600000, 0x00000000c3aa0000, 0x00000000d6e00000)
  eden space 16896K, 100% used [0x00000000c2600000, 0x00000000c3680000, 0x00000000c3680000)
  from space 2112K,  21% used [0x00000000c3680000, 0x00000000c36f33c0, 0x00000000c3890000)
  to   space 2112K,   0% used [0x00000000c3890000, 0x00000000c3890000, 0x00000000c3aa0000)
 concurrent mark-sweep generation total 112768K, used 69800K [0x00000000d6e00000, 0x00000000ddc20000, 0x0000000100000000)
 Metaspace       used 70592K, capacity 73986K, committed 74184K, reserved 1114112K
  class space    used 9003K, capacity 9629K, committed 9676K, reserved 1048576K
2022-08-07T09:30:24.647+0000: 40.495: [GC (Allocation Failure) 2022-08-07T09:30:24.647+0000: 40.495: [ParNew: 17356K->534K(19008K), 0.0062936 secs] 87157K->70335K(131776K), 0.0069939 secs] [Times: user=0.01 sys=0.00, real=0.01 secs] 
Heap after GC invocations=451 (full 57):
 par new generation   total 19008K, used 534K [0x00000000c2600000, 0x00000000c3aa0000, 0x00000000d6e00000)
  eden space 16896K,   0% used [0x00000000c2600000, 0x00000000c2600000, 0x00000000c3680000)
  from space 2112K,  25% used [0x00000000c3890000, 0x00000000c3915b20, 0x00000000c3aa0000)
  to   space 2112K,   0% used [0x00000000c3680000, 0x00000000c3680000, 0x00000000c3890000)
 concurrent mark-sweep generation total 112768K, used 69800K [0x00000000d6e00000, 0x00000000ddc20000, 0x0000000100000000)
 Metaspace       used 70592K, capacity 73986K, committed 74184K, reserved 1114112K
  class space    used 9003K, capacity 9629K, committed 9676K, reserved 1048576K
}
2022-08-07T09:30:24.715+0000: 40.564: [CMS-concurrent-mark: 0.293/0.320 secs] [Times: user=0.63 sys=0.25, real=0.32 secs] 
2022-08-07T09:30:24.716+0000: 40.564: [CMS-concurrent-preclean-start]
2022-08-07T09:30:24.767+0000: 40.615: [CMS-concurrent-preclean: 0.035/0.051 secs] [Times: user=0.06 sys=0.04, real=0.05 secs] 
2022-08-07T09:30:24.767+0000: 40.616: [CMS-concurrent-abortable-preclean-start]
2022-08-07T09:30:24.892+0000: 40.740: Application time: 0.2313372 seconds
{Heap before GC invocations=451 (full 57):
 par new generation   total 19008K, used 17430K [0x00000000c2600000, 0x00000000c3aa0000, 0x00000000d6e00000)
  eden space 16896K, 100% used [0x00000000c2600000, 0x00000000c3680000, 0x00000000c3680000)
  from space 2112K,  25% used [0x00000000c3890000, 0x00000000c3915b20, 0x00000000c3aa0000)
  to   space 2112K,   0% used [0x00000000c3680000, 0x00000000c3680000, 0x00000000c3890000)
 concurrent mark-sweep generation total 112768K, used 69800K [0x00000000d6e00000, 0x00000000ddc20000, 0x0000000100000000)
 Metaspace       used 71055K, capacity 74450K, committed 74568K, reserved 1114112K
  class space    used 9077K, capacity 9697K, committed 9804K, reserved 1048576K
2022-08-07T09:30:24.892+0000: 40.741: [GC (Allocation Failure) 2022-08-07T09:30:24.893+0000: 40.741: [ParNew: 17430K->1046K(19008K), 0.0085828 secs] 87231K->70846K(131776K), 0.0096856 secs] [Times: user=0.01 sys=0.00, real=0.01 secs] 
Heap after GC invocations=452 (full 57):
 par new generation   total 19008K, used 1046K [0x00000000c2600000, 0x00000000c3aa0000, 0x00000000d6e00000)
  eden space 16896K,   0% used [0x00000000c2600000, 0x00000000c2600000, 0x00000000c3680000)
  from space 2112K,  49% used [0x00000000c3680000, 0x00000000c3785918, 0x00000000c3890000)
  to   space 2112K,   0% used [0x00000000c3890000, 0x00000000c3890000, 0x00000000c3aa0000)
 concurrent mark-sweep generation total 112768K, used 69800K [0x00000000d6e00000, 0x00000000ddc20000, 0x0000000100000000)
 Metaspace       used 71055K, capacity 74450K, committed 74568K, reserved 1114112K
  class space    used 9077K, capacity 9697K, committed 9804K, reserved 1048576K
}
2022-08-07T09:30:24.953+0000: 40.801: Application time: 0.0494377 seconds
2022-08-07T09:30:25.035+0000: 40.883: Application time: 0.0813932 seconds
2022-08-07T09:30:25.060+0000: 40.908: Application time: 0.0237875 seconds
2022-08-07T09:30:25.176+0000: 41.025: [CMS-concurrent-abortable-preclean: 0.086/0.409 secs] [Times: user=0.94 sys=0.21, real=0.41 secs] 
2022-08-07T09:30:25.177+0000: 41.025: Application time: 0.1168106 seconds
2022-08-07T09:30:25.178+0000: 41.026: [GC (CMS Final Remark) [YG occupancy: 16685 K (19008 K)]2022-08-07T09:30:25.178+0000: 41.026: [Rescan (parallel) , 0.0115011 secs]2022-08-07T09:30:25.190+0000: 41.038: [weak refs processing, 0.0008051 secs]2022-08-07T09:30:25.191+0000: 41.039: [class unloading, 0.0179861 secs]2022-08-07T09:30:25.210+0000: 41.058: [scrub symbol table, 0.0153981 secs]2022-08-07T09:30:25.225+0000: 41.074: [scrub string table, 0.0013532 secs][1 CMS-remark: 69800K(112768K)] 86486K(131776K), 0.0555165 secs] [Times: user=0.11 sys=0.00, real=0.06 secs] 
2022-08-07T09:30:25.234+0000: 41.082: [CMS-concurrent-sweep-start]
2022-08-07T09:30:25.245+0000: 41.093: Application time: 0.0110459 seconds
{Heap before GC invocations=452 (full 57):
 par new generation   total 19008K, used 17942K [0x00000000c2600000, 0x00000000c3aa0000, 0x00000000d6e00000)
  eden space 16896K, 100% used [0x00000000c2600000, 0x00000000c3680000, 0x00000000c3680000)
  from space 2112K,  49% used [0x00000000c3680000, 0x00000000c3785918, 0x00000000c3890000)
  to   space 2112K,   0% used [0x00000000c3890000, 0x00000000c3890000, 0x00000000c3aa0000)
 concurrent mark-sweep generation total 112768K, used 69763K [0x00000000d6e00000, 0x00000000ddc20000, 0x0000000100000000)
 Metaspace       used 72711K, capacity 76124K, committed 76232K, reserved 1116160K
  class space    used 9246K, capacity 9906K, committed 9932K, reserved 1048576K
2022-08-07T09:30:25.245+0000: 41.094: [GC (Allocation Failure) 2022-08-07T09:30:25.246+0000: 41.094: [ParNew: 17942K->2112K(19008K), 0.0078139 secs] 87705K->72732K(131776K), 0.0087473 secs] [Times: user=0.02 sys=0.00, real=0.01 secs] 
Heap after GC invocations=453 (full 57):
 par new generation   total 19008K, used 2112K [0x00000000c2600000, 0x00000000c3aa0000, 0x00000000d6e00000)
  eden space 16896K,   0% used [0x00000000c2600000, 0x00000000c2600000, 0x00000000c3680000)
  from space 2112K, 100% used [0x00000000c3890000, 0x00000000c3aa0000, 0x00000000c3aa0000)
  to   space 2112K,   0% used [0x00000000c3680000, 0x00000000c3680000, 0x00000000c3890000)
 concurrent mark-sweep generation total 112768K, used 70620K [0x00000000d6e00000, 0x00000000ddc20000, 0x0000000100000000)
 Metaspace       used 72711K, capacity 76124K, committed 76232K, reserved 1116160K
  class space    used 9246K, capacity 9906K, committed 9932K, reserved 1048576K
}
2022-08-07T09:30:25.262+0000: 41.110: Application time: 0.0068447 seconds
2022-08-07T09:30:25.287+0000: 41.135: [CMS-concurrent-sweep: 0.039/0.052 secs] [Times: user=0.15 sys=0.03, real=0.05 secs] 
2022-08-07T09:30:25.287+0000: 41.135: [CMS-concurrent-reset-start]
2022-08-07T09:30:25.288+0000: 41.136: [CMS-concurrent-reset: 0.001/0.001 secs] [Times: user=0.00 sys=0.00, real=0.00 secs] 
2022-08-07T09:30:25.330+0000: 41.178: Application time: 0.0680262 seconds
2022-08-07T09:30:25.358+0000: 41.206: Application time: 0.0264370 seconds
{Heap before GC invocations=453 (full 57):
 par new generation   total 19008K, used 19008K [0x00000000c2600000, 0x00000000c3aa0000, 0x00000000d6e00000)
  eden space 16896K, 100% used [0x00000000c2600000, 0x00000000c3680000, 0x00000000c3680000)
  from space 2112K, 100% used [0x00000000c3890000, 0x00000000c3aa0000, 0x00000000c3aa0000)
  to   space 2112K,   0% used [0x00000000c3680000, 0x00000000c3680000, 0x00000000c3890000)
 concurrent mark-sweep generation total 112768K, used 66760K [0x00000000d6e00000, 0x00000000ddc20000, 0x0000000100000000)
 Metaspace       used 73044K, capacity 76486K, committed 76872K, reserved 1116160K
  class space    used 9293K, capacity 9943K, committed 10060K, reserved 1048576K
2022-08-07T09:30:25.358+0000: 41.206: [GC (Allocation Failure) 2022-08-07T09:30:25.359+0000: 41.207: [ParNew: 19008K->1956K(19008K), 0.0169186 secs] 85768K->70836K(131776K), 0.0183149 secs] [Times: user=0.05 sys=0.01, real=0.02 secs] 
Heap after GC invocations=454 (full 57):
 par new generation   total 19008K, used 1956K [0x00000000c2600000, 0x00000000c3aa0000, 0x00000000d6e00000)
  eden space 16896K,   0% used [0x00000000c2600000, 0x00000000c2600000, 0x00000000c3680000)
  from space 2112K,  92% used [0x00000000c3680000, 0x00000000c3869320, 0x00000000c3890000)
  to   space 2112K,   0% used [0x00000000c3890000, 0x00000000c3890000, 0x00000000c3aa0000)
 concurrent mark-sweep generation total 112768K, used 68880K [0x00000000d6e00000, 0x00000000ddc20000, 0x0000000100000000)
 Metaspace       used 73044K, capacity 76486K, committed 76872K, reserved 1116160K
  class space    used 9293K, capacity 9943K, committed 10060K, reserved 1048576K
}
2022-08-07T09:30:25.377+0000: 41.225: Application time: 0.0001910 seconds
2022-08-07T09:30:25.378+0000: 41.226: [GC (CMS Initial Mark) [1 CMS-initial-mark: 68880K(112768K)] 70841K(131776K), 0.0019651 secs] [Times: user=0.01 sys=0.00, real=0.01 secs] 
2022-08-07T09:30:25.380+0000: 41.228: [CMS-concurrent-mark-start]
2022-08-07T09:30:25.463+0000: 41.311: Application time: 0.0826872 seconds
2022-08-07T09:30:25.492+0000: 41.341: Application time: 0.0288106 seconds
{Heap before GC invocations=454 (full 58):
 par new generation   total 19008K, used 18852K [0x00000000c2600000, 0x00000000c3aa0000, 0x00000000d6e00000)
  eden space 16896K, 100% used [0x00000000c2600000, 0x00000000c3680000, 0x00000000c3680000)
  from space 2112K,  92% used [0x00000000c3680000, 0x00000000c3869320, 0x00000000c3890000)
  to   space 2112K,   0% used [0x00000000c3890000, 0x00000000c3890000, 0x00000000c3aa0000)
 concurrent mark-sweep generation total 112768K, used 68880K [0x00000000d6e00000, 0x00000000ddc20000, 0x0000000100000000)
 Metaspace       used 73312K, capacity 76806K, committed 77128K, reserved 1116160K
  class space    used 9335K, capacity 10007K, committed 10060K, reserved 1048576K
2022-08-07T09:30:25.493+0000: 41.341: [GC (Allocation Failure) 2022-08-07T09:30:25.493+0000: 41.342: [ParNew: 18852K->820K(19008K), 0.0025538 secs] 87732K->69700K(131776K), 0.0034389 secs] [Times: user=0.01 sys=0.00, real=0.00 secs] 
Heap after GC invocations=455 (full 58):
 par new generation   total 19008K, used 820K [0x00000000c2600000, 0x00000000c3aa0000, 0x00000000d6e00000)
  eden space 16896K,   0% used [0x00000000c2600000, 0x00000000c2600000, 0x00000000c3680000)
  from space 2112K,  38% used [0x00000000c3890000, 0x00000000c395d0e8, 0x00000000c3aa0000)
  to   space 2112K,   0% used [0x00000000c3680000, 0x00000000c3680000, 0x00000000c3890000)
 concurrent mark-sweep generation total 112768K, used 68880K [0x00000000d6e00000, 0x00000000ddc20000, 0x0000000100000000)
 Metaspace       used 73312K, capacity 76806K, committed 77128K, reserved 1116160K
  class space    used 9335K, capacity 10007K, committed 10060K, reserved 1048576K
}
2022-08-07T09:30:25.545+0000: 41.393: [CMS-concurrent-mark: 0.159/0.165 secs] [Times: user=0.52 sys=0.05, real=0.16 secs] 
2022-08-07T09:30:25.545+0000: 41.393: [CMS-concurrent-preclean-start]
2022-08-07T09:30:25.560+0000: 41.408: [CMS-concurrent-preclean: 0.009/0.015 secs] [Times: user=0.04 sys=0.02, real=0.02 secs] 
2022-08-07T09:30:25.561+0000: 41.409: [CMS-concurrent-abortable-preclean-start]
2022-08-07T09:30:25.562+0000: 41.410: Application time: 0.0649201 seconds
2022-08-07T09:30:25.565+0000: 41.414: Application time: 0.0023252 seconds
2022-08-07T09:30:25.606+0000: 41.454: Application time: 0.0396741 seconds
{Heap before GC invocations=455 (full 58):
 par new generation   total 19008K, used 17716K [0x00000000c2600000, 0x00000000c3aa0000, 0x00000000d6e00000)
  eden space 16896K, 100% used [0x00000000c2600000, 0x00000000c3680000, 0x00000000c3680000)
  from space 2112K,  38% used [0x00000000c3890000, 0x00000000c395d0e8, 0x00000000c3aa0000)
  to   space 2112K,   0% used [0x00000000c3680000, 0x00000000c3680000, 0x00000000c3890000)
 concurrent mark-sweep generation total 112768K, used 68880K [0x00000000d6e00000, 0x00000000ddc20000, 0x0000000100000000)
 Metaspace       used 73897K, capacity 77318K, committed 77512K, reserved 1116160K
  class space    used 9404K, capacity 10071K, committed 10188K, reserved 1048576K
2022-08-07T09:30:25.606+0000: 41.455: [GC (Allocation Failure) 2022-08-07T09:30:25.607+0000: 41.455: [ParNew: 17716K->835K(19008K), 0.0045913 secs] 86596K->69715K(131776K), 0.0084552 secs] [Times: user=0.02 sys=0.00, real=0.01 secs] 
Heap after GC invocations=456 (full 58):
 par new generation   total 19008K, used 835K [0x00000000c2600000, 0x00000000c3aa0000, 0x00000000d6e00000)
  eden space 16896K,   0% used [0x00000000c2600000, 0x00000000c2600000, 0x00000000c3680000)
  from space 2112K,  39% used [0x00000000c3680000, 0x00000000c3750cf8, 0x00000000c3890000)
  to   space 2112K,   0% used [0x00000000c3890000, 0x00000000c3890000, 0x00000000c3aa0000)
 concurrent mark-sweep generation total 112768K, used 68880K [0x00000000d6e00000, 0x00000000ddc20000, 0x0000000100000000)
 Metaspace       used 73897K, capacity 77318K, committed 77512K, reserved 1116160K
  class space    used 9404K, capacity 10071K, committed 10188K, reserved 1048576K
}
2022-08-07T09:30:25.652+0000: 41.500: Application time: 0.0360650 seconds
2022-08-07T09:30:25.725+0000: 41.573: Application time: 0.0715882 seconds
{Heap before GC invocations=456 (full 58):
 par new generation   total 19008K, used 17731K [0x00000000c2600000, 0x00000000c3aa0000, 0x00000000d6e00000)
  eden space 16896K, 100% used [0x00000000c2600000, 0x00000000c3680000, 0x00000000c3680000)
  from space 2112K,  39% used [0x00000000c3680000, 0x00000000c3750cf8, 0x00000000c3890000)
  to   space 2112K,   0% used [0x00000000c3890000, 0x00000000c3890000, 0x00000000c3aa0000)
 concurrent mark-sweep generation total 112768K, used 68880K [0x00000000d6e00000, 0x00000000ddc20000, 0x0000000100000000)
 Metaspace       used 74092K, capacity 77542K, committed 77768K, reserved 1116160K
  class space    used 9437K, capacity 10103K, committed 10188K, reserved 1048576K
2022-08-07T09:30:25.725+0000: 41.573: [GC (Allocation Failure) 2022-08-07T09:30:25.726+0000: 41.574: [ParNew: 17731K->731K(19008K), 0.0027045 secs] 86611K->69611K(131776K), 0.0035260 secs] [Times: user=0.01 sys=0.00, real=0.00 secs] 
Heap after GC invocations=457 (full 58):
 par new generation   total 19008K, used 731K [0x00000000c2600000, 0x00000000c3aa0000, 0x00000000d6e00000)
  eden space 16896K,   0% used [0x00000000c2600000, 0x00000000c2600000, 0x00000000c3680000)
  from space 2112K,  34% used [0x00000000c3890000, 0x00000000c3946db0, 0x00000000c3aa0000)
  to   space 2112K,   0% used [0x00000000c3680000, 0x00000000c3680000, 0x00000000c3890000)
 concurrent mark-sweep generation total 112768K, used 68880K [0x00000000d6e00000, 0x00000000ddc20000, 0x0000000100000000)
 Metaspace       used 74092K, capacity 77542K, committed 77768K, reserved 1116160K
  class space    used 9437K, capacity 10103K, committed 10188K, reserved 1048576K
}
2022-08-07T09:30:25.770+0000: 41.618: [CMS-concurrent-abortable-preclean: 0.075/0.209 secs] [Times: user=0.45 sys=0.12, real=0.21 secs] 
2022-08-07T09:30:25.771+0000: 41.619: Application time: 0.0412214 seconds
2022-08-07T09:30:25.778+0000: 41.626: [GC (CMS Final Remark) [YG occupancy: 9858 K (19008 K)]2022-08-07T09:30:25.778+0000: 41.626: [Rescan (parallel) , 0.0066822 secs]2022-08-07T09:30:25.785+0000: 41.633: [weak refs processing, 0.0013758 secs]2022-08-07T09:30:25.787+0000: 41.635: [class unloading, 0.0196103 secs]2022-08-07T09:30:25.807+0000: 41.655: [scrub symbol table, 0.0234030 secs]2022-08-07T09:30:25.831+0000: 41.679: [scrub string table, 0.0013540 secs][1 CMS-remark: 68880K(112768K)] 78738K(131776K), 0.0621861 secs] [Times: user=0.15 sys=0.01, real=0.07 secs] 
2022-08-07T09:30:25.841+0000: 41.689: [CMS-concurrent-sweep-start]
2022-08-07T09:30:25.872+0000: 41.720: Application time: 0.0313041 seconds
{Heap before GC invocations=457 (full 58):
 par new generation   total 19008K, used 17627K [0x00000000c2600000, 0x00000000c3aa0000, 0x00000000d6e00000)
  eden space 16896K, 100% used [0x00000000c2600000, 0x00000000c3680000, 0x00000000c3680000)
  from space 2112K,  34% used [0x00000000c3890000, 0x00000000c3946db0, 0x00000000c3aa0000)
  to   space 2112K,   0% used [0x00000000c3680000, 0x00000000c3680000, 0x00000000c3890000)
 concurrent mark-sweep generation total 112768K, used 68818K [0x00000000d6e00000, 0x00000000ddc20000, 0x0000000100000000)
 Metaspace       used 74335K, capacity 77862K, committed 78024K, reserved 1118208K
  class space    used 9475K, capacity 10167K, committed 10188K, reserved 1048576K
2022-08-07T09:30:25.872+0000: 41.720: [GC (Allocation Failure) 2022-08-07T09:30:25.872+0000: 41.721: [ParNew: 17627K->782K(19008K), 0.0171431 secs] 86446K->69601K(131776K), 0.0182875 secs] [Times: user=0.03 sys=0.01, real=0.02 secs] 
Heap after GC invocations=458 (full 58):
 par new generation   total 19008K, used 782K [0x00000000c2600000, 0x00000000c3aa0000, 0x00000000d6e00000)
  eden space 16896K,   0% used [0x00000000c2600000, 0x00000000c2600000, 0x00000000c3680000)
  from space 2112K,  37% used [0x00000000c3680000, 0x00000000c3743b68, 0x00000000c3890000)
  to   space 2112K,   0% used [0x00000000c3890000, 0x00000000c3890000, 0x00000000c3aa0000)
 concurrent mark-sweep generation total 112768K, used 68818K [0x00000000d6e00000, 0x00000000ddc20000, 0x0000000100000000)
 Metaspace       used 74335K, capacity 77862K, committed 78024K, reserved 1118208K
  class space    used 9475K, capacity 10167K, committed 10188K, reserved 1048576K
}
2022-08-07T09:30:25.908+0000: 41.756: Application time: 0.0165141 seconds
2022-08-07T09:30:25.936+0000: 41.784: [CMS-concurrent-sweep: 0.076/0.095 secs] [Times: user=0.23 sys=0.05, real=0.09 secs] 
2022-08-07T09:30:25.938+0000: 41.787: [CMS-concurrent-reset-start]
2022-08-07T09:30:25.939+0000: 41.787: [CMS-concurrent-reset: 0.000/0.001 secs] [Times: user=0.00 sys=0.00, real=0.00 secs] 
2022-08-07T09:30:26.011+0000: 41.859: Application time: 0.1009122 seconds
{Heap before GC invocations=458 (full 58):
 par new generation   total 19008K, used 17678K [0x00000000c2600000, 0x00000000c3aa0000, 0x00000000d6e00000)
  eden space 16896K, 100% used [0x00000000c2600000, 0x00000000c3680000, 0x00000000c3680000)
  from space 2112K,  37% used [0x00000000c3680000, 0x00000000c3743b68, 0x00000000c3890000)
  to   space 2112K,   0% used [0x00000000c3890000, 0x00000000c3890000, 0x00000000c3aa0000)
 concurrent mark-sweep generation total 113992K, used 68392K [0x00000000d6e00000, 0x00000000ddd52000, 0x0000000100000000)
 Metaspace       used 74531K, capacity 78002K, committed 78408K, reserved 1118208K
  class space    used 9512K, capacity 10185K, committed 10316K, reserved 1048576K
2022-08-07T09:30:26.012+0000: 41.860: [GC (Allocation Failure) 2022-08-07T09:30:26.012+0000: 41.860: [ParNew: 17678K->1113K(19008K), 0.0039552 secs] 86071K->69506K(133000K), 0.0049114 secs] [Times: user=0.02 sys=0.00, real=0.00 secs] 
Heap after GC invocations=459 (full 58):
 par new generation   total 19008K, used 1113K [0x00000000c2600000, 0x00000000c3aa0000, 0x00000000d6e00000)
  eden space 16896K,   0% used [0x00000000c2600000, 0x00000000c2600000, 0x00000000c3680000)
  from space 2112K,  52% used [0x00000000c3890000, 0x00000000c39a6550, 0x00000000c3aa0000)
  to   space 2112K,   0% used [0x00000000c3680000, 0x00000000c3680000, 0x00000000c3890000)
 concurrent mark-sweep generation total 113992K, used 68392K [0x00000000d6e00000, 0x00000000ddd52000, 0x0000000100000000)
 Metaspace       used 74531K, capacity 78002K, committed 78408K, reserved 1118208K
  class space    used 9512K, capacity 10185K, committed 10316K, reserved 1048576K
}
2022-08-07T09:30:26.086+0000: 41.934: Application time: 0.0690050 seconds
{Heap before GC invocations=459 (full 58):
 par new generation   total 19008K, used 18009K [0x00000000c2600000, 0x00000000c3aa0000, 0x00000000d6e00000)
  eden space 16896K, 100% used [0x00000000c2600000, 0x00000000c3680000, 0x00000000c3680000)
  from space 2112K,  52% used [0x00000000c3890000, 0x00000000c39a6550, 0x00000000c3aa0000)
  to   space 2112K,   0% used [0x00000000c3680000, 0x00000000c3680000, 0x00000000c3890000)
 concurrent mark-sweep generation total 113992K, used 68392K [0x00000000d6e00000, 0x00000000ddd52000, 0x0000000100000000)
 Metaspace       used 74774K, capacity 78226K, committed 78664K, reserved 1118208K
  class space    used 9549K, capacity 10217K, committed 10316K, reserved 1048576K
2022-08-07T09:30:26.088+0000: 41.936: [GC (Allocation Failure) 2022-08-07T09:30:26.088+0000: 41.936: [ParNew: 18009K->1431K(19008K), 0.0043575 secs] 86402K->69824K(133000K), 0.0050621 secs] [Times: user=0.02 sys=0.00, real=0.01 secs] 
Heap after GC invocations=460 (full 58):
 par new generation   total 19008K, used 1431K [0x00000000c2600000, 0x00000000c3aa0000, 0x00000000d6e00000)
  eden space 16896K,   0% used [0x00000000c2600000, 0x00000000c2600000, 0x00000000c3680000)
  from space 2112K,  67% used [0x00000000c3680000, 0x00000000c37e5f50, 0x00000000c3890000)
  to   space 2112K,   0% used [0x00000000c3890000, 0x00000000c3890000, 0x00000000c3aa0000)
 concurrent mark-sweep generation total 113992K, used 68392K [0x00000000d6e00000, 0x00000000ddd52000, 0x0000000100000000)
 Metaspace       used 74774K, capacity 78226K, committed 78664K, reserved 1118208K
  class space    used 9549K, capacity 10217K, committed 10316K, reserved 1048576K
}
2022-08-07T09:30:26.176+0000: 42.024: Application time: 0.0821502 seconds
{Heap before GC invocations=460 (full 58):
 par new generation   total 19008K, used 18327K [0x00000000c2600000, 0x00000000c3aa0000, 0x00000000d6e00000)
  eden space 16896K, 100% used [0x00000000c2600000, 0x00000000c3680000, 0x00000000c3680000)
  from space 2112K,  67% used [0x00000000c3680000, 0x00000000c37e5f50, 0x00000000c3890000)
  to   space 2112K,   0% used [0x00000000c3890000, 0x00000000c3890000, 0x00000000c3aa0000)
 concurrent mark-sweep generation total 113992K, used 68392K [0x00000000d6e00000, 0x00000000ddd52000, 0x0000000100000000)
 Metaspace       used 75119K, capacity 78546K, committed 78920K, reserved 1118208K
  class space    used 9597K, capacity 10281K, committed 10316K, reserved 1048576K
2022-08-07T09:30:26.177+0000: 42.025: [GC (Allocation Failure) 2022-08-07T09:30:26.177+0000: 42.025: [ParNew: 18327K->1481K(19008K), 0.0056709 secs] 86720K->70121K(133000K), 0.0065453 secs] [Times: user=0.02 sys=0.00, real=0.01 secs] 
Heap after GC invocations=461 (full 58):
 par new generation   total 19008K, used 1481K [0x00000000c2600000, 0x00000000c3aa0000, 0x00000000d6e00000)
  eden space 16896K,   0% used [0x00000000c2600000, 0x00000000c2600000, 0x00000000c3680000)
  from space 2112K,  70% used [0x00000000c3890000, 0x00000000c3a026a8, 0x00000000c3aa0000)
  to   space 2112K,   0% used [0x00000000c3680000, 0x00000000c3680000, 0x00000000c3890000)
 concurrent mark-sweep generation total 113992K, used 68639K [0x00000000d6e00000, 0x00000000ddd52000, 0x0000000100000000)
 Metaspace       used 75119K, capacity 78546K, committed 78920K, reserved 1118208K
  class space    used 9597K, capacity 10281K, committed 10316K, reserved 1048576K
}
2022-08-07T09:30:26.184+0000: 42.033: Application time: 0.0006016 seconds
2022-08-07T09:30:26.185+0000: 42.033: [GC (CMS Initial Mark) [1 CMS-initial-mark: 68639K(113992K)] 70143K(133000K), 0.0024083 secs] [Times: user=0.00 sys=0.01, real=0.00 secs] 
2022-08-07T09:30:26.188+0000: 42.036: [CMS-concurrent-mark-start]
2022-08-07T09:30:26.343+0000: 42.191: Application time: 0.1554186 seconds
{Heap before GC invocations=461 (full 59):
 par new generation   total 19008K, used 18377K [0x00000000c2600000, 0x00000000c3aa0000, 0x00000000d6e00000)
  eden space 16896K, 100% used [0x00000000c2600000, 0x00000000c3680000, 0x00000000c3680000)
  from space 2112K,  70% used [0x00000000c3890000, 0x00000000c3a026a8, 0x00000000c3aa0000)
  to   space 2112K,   0% used [0x00000000c3680000, 0x00000000c3680000, 0x00000000c3890000)
 concurrent mark-sweep generation total 113992K, used 68639K [0x00000000d6e00000, 0x00000000ddd52000, 0x0000000100000000)
 Metaspace       used 75330K, capacity 78756K, committed 78920K, reserved 1118208K
  class space    used 9632K, capacity 10284K, committed 10316K, reserved 1048576K
2022-08-07T09:30:26.343+0000: 42.192: [GC (Allocation Failure) 2022-08-07T09:30:26.344+0000: 42.193: [ParNew: 18377K->1360K(19008K), 0.0075442 secs] 87017K->70000K(133000K), 0.0088509 secs] [Times: user=0.01 sys=0.00, real=0.01 secs] 
Heap after GC invocations=462 (full 59):
 par new generation   total 19008K, used 1360K [0x00000000c2600000, 0x00000000c3aa0000, 0x00000000d6e00000)
  eden space 16896K,   0% used [0x00000000c2600000, 0x00000000c2600000, 0x00000000c3680000)
  from space 2112K,  64% used [0x00000000c3680000, 0x00000000c37d4218, 0x00000000c3890000)
  to   space 2112K,   0% used [0x00000000c3890000, 0x00000000c3890000, 0x00000000c3aa0000)
 concurrent mark-sweep generation total 113992K, used 68639K [0x00000000d6e00000, 0x00000000ddd52000, 0x0000000100000000)
 Metaspace       used 75330K, capacity 78756K, committed 78920K, reserved 1118208K
  class space    used 9632K, capacity 10284K, committed 10316K, reserved 1048576K
}
2022-08-07T09:30:26.392+0000: 42.240: [CMS-concurrent-mark: 0.194/0.204 secs] [Times: user=0.49 sys=0.06, real=0.21 secs] 
2022-08-07T09:30:26.393+0000: 42.241: [CMS-concurrent-preclean-start]
2022-08-07T09:30:26.412+0000: 42.260: [CMS-concurrent-preclean: 0.012/0.020 secs] [Times: user=0.06 sys=0.01, real=0.02 secs] 
2022-08-07T09:30:26.413+0000: 42.261: [CMS-concurrent-abortable-preclean-start]
2022-08-07T09:30:26.498+0000: 42.347: Application time: 0.1454938 seconds
{Heap before GC invocations=462 (full 59):
 par new generation   total 19008K, used 18256K [0x00000000c2600000, 0x00000000c3aa0000, 0x00000000d6e00000)
  eden space 16896K, 100% used [0x00000000c2600000, 0x00000000c3680000, 0x00000000c3680000)
  from space 2112K,  64% used [0x00000000c3680000, 0x00000000c37d4218, 0x00000000c3890000)
  to   space 2112K,   0% used [0x00000000c3890000, 0x00000000c3890000, 0x00000000c3aa0000)
 concurrent mark-sweep generation total 113992K, used 68639K [0x00000000d6e00000, 0x00000000ddd52000, 0x0000000100000000)
 Metaspace       used 75547K, capacity 78994K, committed 79304K, reserved 1118208K
  class space    used 9655K, capacity 10317K, committed 10444K, reserved 1048576K
2022-08-07T09:30:26.499+0000: 42.347: [GC (Allocation Failure) 2022-08-07T09:30:26.499+0000: 42.348: [ParNew: 18256K->1868K(19008K), 0.0069955 secs] 86896K->70680K(133000K), 0.0078316 secs] [Times: user=0.02 sys=0.00, real=0.01 secs] 
Heap after GC invocations=463 (full 59):
 par new generation   total 19008K, used 1868K [0x00000000c2600000, 0x00000000c3aa0000, 0x00000000d6e00000)
  eden space 16896K,   0% used [0x00000000c2600000, 0x00000000c2600000, 0x00000000c3680000)
  from space 2112K,  88% used [0x00000000c3890000, 0x00000000c3a632b0, 0x00000000c3aa0000)
  to   space 2112K,   0% used [0x00000000c3680000, 0x00000000c3680000, 0x00000000c3890000)
 concurrent mark-sweep generation total 113992K, used 68811K [0x00000000d6e00000, 0x00000000ddd52000, 0x0000000100000000)
 Metaspace       used 75547K, capacity 78994K, committed 79304K, reserved 1118208K
  class space    used 9655K, capacity 10317K, committed 10444K, reserved 1048576K
}
2022-08-07T09:30:26.648+0000: 42.496: Application time: 0.1403476 seconds
{Heap before GC invocations=463 (full 59):
 par new generation   total 19008K, used 18764K [0x00000000c2600000, 0x00000000c3aa0000, 0x00000000d6e00000)
  eden space 16896K, 100% used [0x00000000c2600000, 0x00000000c3680000, 0x00000000c3680000)
  from space 2112K,  88% used [0x00000000c3890000, 0x00000000c3a632b0, 0x00000000c3aa0000)
  to   space 2112K,   0% used [0x00000000c3680000, 0x00000000c3680000, 0x00000000c3890000)
 concurrent mark-sweep generation total 113992K, used 68811K [0x00000000d6e00000, 0x00000000ddd52000, 0x0000000100000000)
 Metaspace       used 76040K, capacity 79474K, committed 79816K, reserved 1118208K
  class space    used 9733K, capacity 10413K, committed 10444K, reserved 1048576K
2022-08-07T09:30:26.649+0000: 42.497: [GC (Allocation Failure) 2022-08-07T09:30:26.650+0000: 42.498: [ParNew: 18764K->2040K(19008K), 0.0055893 secs] 87576K->71301K(133000K), 0.0061890 secs] [Times: user=0.02 sys=0.00, real=0.01 secs] 
Heap after GC invocations=464 (full 59):
 par new generation   total 19008K, used 2040K [0x00000000c2600000, 0x00000000c3aa0000, 0x00000000d6e00000)
  eden space 16896K,   0% used [0x00000000c2600000, 0x00000000c2600000, 0x00000000c3680000)
  from space 2112K,  96% used [0x00000000c3680000, 0x00000000c387e238, 0x00000000c3890000)
  to   space 2112K,   0% used [0x00000000c3890000, 0x00000000c3890000, 0x00000000c3aa0000)
 concurrent mark-sweep generation total 113992K, used 69261K [0x00000000d6e00000, 0x00000000ddd52000, 0x0000000100000000)
 Metaspace       used 76040K, capacity 79474K, committed 79816K, reserved 1118208K
  class space    used 9733K, capacity 10413K, committed 10444K, reserved 1048576K
}
2022-08-07T09:30:26.741+0000: 42.589: [CMS-concurrent-abortable-preclean: 0.119/0.328 secs] [Times: user=0.86 sys=0.21, real=0.33 secs] 
2022-08-07T09:30:26.742+0000: 42.590: Application time: 0.0857028 seconds
2022-08-07T09:30:26.742+0000: 42.591: [GC (CMS Final Remark) [YG occupancy: 13550 K (19008 K)]2022-08-07T09:30:26.743+0000: 42.591: [Rescan (parallel) , 0.0118977 secs]2022-08-07T09:30:26.755+0000: 42.603: [weak refs processing, 0.0005358 secs]2022-08-07T09:30:26.756+0000: 42.604: [class unloading, 0.0315870 secs]2022-08-07T09:30:26.788+0000: 42.636: [scrub symbol table, 0.0832137 secs]2022-08-07T09:30:26.871+0000: 42.719: [scrub string table, 0.0021981 secs][1 CMS-remark: 69261K(113992K)] 82811K(133000K), 0.1312699 secs] [Times: user=0.23 sys=0.04, real=0.13 secs] 
2022-08-07T09:30:26.876+0000: 42.724: [CMS-concurrent-sweep-start]
2022-08-07T09:30:26.935+0000: 42.783: Application time: 0.0604845 seconds
{Heap before GC invocations=464 (full 59):
 par new generation   total 19008K, used 18936K [0x00000000c2600000, 0x00000000c3aa0000, 0x00000000d6e00000)
  eden space 16896K, 100% used [0x00000000c2600000, 0x00000000c3680000, 0x00000000c3680000)
  from space 2112K,  96% used [0x00000000c3680000, 0x00000000c387e238, 0x00000000c3890000)
  to   space 2112K,   0% used [0x00000000c3890000, 0x00000000c3890000, 0x00000000c3aa0000)
 concurrent mark-sweep generation total 113992K, used 69252K [0x00000000d6e00000, 0x00000000ddd52000, 0x0000000100000000)
 Metaspace       used 76457K, capacity 79922K, committed 80200K, reserved 1118208K
  class space    used 9800K, capacity 10477K, committed 10572K, reserved 1048576K
2022-08-07T09:30:26.935+0000: 42.783: [GC (Allocation Failure) 2022-08-07T09:30:26.935+0000: 42.784: [ParNew: 18936K->1267K(19008K), 0.0050246 secs] 88189K->70847K(133000K), 0.0057235 secs] [Times: user=0.02 sys=0.00, real=0.01 secs] 
Heap after GC invocations=465 (full 59):
 par new generation   total 19008K, used 1267K [0x00000000c2600000, 0x00000000c3aa0000, 0x00000000d6e00000)
  eden space 16896K,   0% used [0x00000000c2600000, 0x00000000c2600000, 0x00000000c3680000)
  from space 2112K,  60% used [0x00000000c3890000, 0x00000000c39cccd8, 0x00000000c3aa0000)
  to   space 2112K,   0% used [0x00000000c3680000, 0x00000000c3680000, 0x00000000c3890000)
 concurrent mark-sweep generation total 113992K, used 69580K [0x00000000d6e00000, 0x00000000ddd52000, 0x0000000100000000)
 Metaspace       used 76457K, capacity 79922K, committed 80200K, reserved 1118208K
  class space    used 9800K, capacity 10477K, committed 10572K, reserved 1048576K
}
2022-08-07T09:30:26.948+0000: 42.797: [CMS-concurrent-sweep: 0.067/0.073 secs] [Times: user=0.15 sys=0.04, real=0.07 secs] 
2022-08-07T09:30:26.949+0000: 42.798: [CMS-concurrent-reset-start]
2022-08-07T09:30:26.950+0000: 42.798: [CMS-concurrent-reset: 0.000/0.001 secs] [Times: user=0.00 sys=0.00, real=0.00 secs] 
2022-08-07T09:30:27.099+0000: 42.948: Application time: 0.1580861 seconds
{Heap before GC invocations=465 (full 59):
 par new generation   total 19008K, used 18163K [0x00000000c2600000, 0x00000000c3aa0000, 0x00000000d6e00000)
  eden space 16896K, 100% used [0x00000000c2600000, 0x00000000c3680000, 0x00000000c3680000)
  from space 2112K,  60% used [0x00000000c3890000, 0x00000000c39cccd8, 0x00000000c3aa0000)
  to   space 2112K,   0% used [0x00000000c3680000, 0x00000000c3680000, 0x00000000c3890000)
 concurrent mark-sweep generation total 115936K, used 69561K [0x00000000d6e00000, 0x00000000ddf38000, 0x0000000100000000)
 Metaspace       used 77021K, capacity 80466K, committed 80712K, reserved 1120256K
  class space    used 9866K, capacity 10541K, committed 10572K, reserved 1048576K
2022-08-07T09:30:27.100+0000: 42.948: [GC (Allocation Failure) 2022-08-07T09:30:27.100+0000: 42.949: [ParNew: 18163K->1566K(19008K), 0.0076551 secs] 87724K->71128K(134944K), 0.0086557 secs] [Times: user=0.01 sys=0.00, real=0.00 secs] 
Heap after GC invocations=466 (full 59):
 par new generation   total 19008K, used 1566K [0x00000000c2600000, 0x00000000c3aa0000, 0x00000000d6e00000)
  eden space 16896K,   0% used [0x00000000c2600000, 0x00000000c2600000, 0x00000000c3680000)
  from space 2112K,  74% used [0x00000000c3680000, 0x00000000c3807bb8, 0x00000000c3890000)
  to   space 2112K,   0% used [0x00000000c3890000, 0x00000000c3890000, 0x00000000c3aa0000)
 concurrent mark-sweep generation total 115936K, used 69561K [0x00000000d6e00000, 0x00000000ddf38000, 0x0000000100000000)
 Metaspace       used 77021K, capacity 80466K, committed 80712K, reserved 1120256K
  class space    used 9866K, capacity 10541K, committed 10572K, reserved 1048576K
}
2022-08-07T09:30:27.180+0000: 43.028: Application time: 0.0708746 seconds
{Heap before GC invocations=466 (full 59):
 par new generation   total 19008K, used 18462K [0x00000000c2600000, 0x00000000c3aa0000, 0x00000000d6e00000)
  eden space 16896K, 100% used [0x00000000c2600000, 0x00000000c3680000, 0x00000000c3680000)
  from space 2112K,  74% used [0x00000000c3680000, 0x00000000c3807bb8, 0x00000000c3890000)
  to   space 2112K,   0% used [0x00000000c3890000, 0x00000000c3890000, 0x00000000c3aa0000)
 concurrent mark-sweep generation total 115936K, used 69561K [0x00000000d6e00000, 0x00000000ddf38000, 0x0000000100000000)
 Metaspace       used 77376K, capacity 80818K, committed 81096K, reserved 1120256K
  class space    used 9912K, capacity 10573K, committed 10700K, reserved 1048576K
2022-08-07T09:30:27.180+0000: 43.029: [GC (Allocation Failure) 2022-08-07T09:30:27.181+0000: 43.029: [ParNew: 18462K->1221K(19008K), 0.0078549 secs] 88024K->71143K(134944K), 0.0086013 secs] [Times: user=0.01 sys=0.00, real=0.01 secs] 
Heap after GC invocations=467 (full 59):
 par new generation   total 19008K, used 1221K [0x00000000c2600000, 0x00000000c3aa0000, 0x00000000d6e00000)
  eden space 16896K,   0% used [0x00000000c2600000, 0x00000000c2600000, 0x00000000c3680000)
  from space 2112K,  57% used [0x00000000c3890000, 0x00000000c39c1498, 0x00000000c3aa0000)
  to   space 2112K,   0% used [0x00000000c3680000, 0x00000000c3680000, 0x00000000c3890000)
 concurrent mark-sweep generation total 115936K, used 69922K [0x00000000d6e00000, 0x00000000ddf38000, 0x0000000100000000)
 Metaspace       used 77376K, capacity 80818K, committed 81096K, reserved 1120256K
  class space    used 9912K, capacity 10573K, committed 10700K, reserved 1048576K
}
2022-08-07T09:30:27.190+0000: 43.038: Application time: 0.0003590 seconds
2022-08-07T09:30:27.190+0000: 43.039: [GC (CMS Initial Mark) [1 CMS-initial-mark: 69922K(115936K)] 71502K(134944K), 0.0028812 secs] [Times: user=0.00 sys=0.00, real=0.00 secs] 
2022-08-07T09:30:27.194+0000: 43.042: [CMS-concurrent-mark-start]
2022-08-07T09:30:27.294+0000: 43.142: Application time: 0.1001604 seconds
{Heap before GC invocations=467 (full 60):
 par new generation   total 19008K, used 18117K [0x00000000c2600000, 0x00000000c3aa0000, 0x00000000d6e00000)
  eden space 16896K, 100% used [0x00000000c2600000, 0x00000000c3680000, 0x00000000c3680000)
  from space 2112K,  57% used [0x00000000c3890000, 0x00000000c39c1498, 0x00000000c3aa0000)
  to   space 2112K,   0% used [0x00000000c3680000, 0x00000000c3680000, 0x00000000c3890000)
 concurrent mark-sweep generation total 115936K, used 69922K [0x00000000d6e00000, 0x00000000ddf38000, 0x0000000100000000)
 Metaspace       used 77718K, capacity 81174K, committed 81352K, reserved 1120256K
  class space    used 9968K, capacity 10647K, committed 10700K, reserved 1048576K
2022-08-07T09:30:27.294+0000: 43.142: [GC (Allocation Failure) 2022-08-07T09:30:27.295+0000: 43.143: [ParNew: 18117K->1144K(19008K), 0.0055524 secs] 88039K->71066K(134944K), 0.0065847 secs] [Times: user=0.01 sys=0.00, real=0.01 secs] 
Heap after GC invocations=468 (full 60):
 par new generation   total 19008K, used 1144K [0x00000000c2600000, 0x00000000c3aa0000, 0x00000000d6e00000)
  eden space 16896K,   0% used [0x00000000c2600000, 0x00000000c2600000, 0x00000000c3680000)
  from space 2112K,  54% used [0x00000000c3680000, 0x00000000c379e1d8, 0x00000000c3890000)
  to   space 2112K,   0% used [0x00000000c3890000, 0x00000000c3890000, 0x00000000c3aa0000)
 concurrent mark-sweep generation total 115936K, used 69922K [0x00000000d6e00000, 0x00000000ddf38000, 0x0000000100000000)
 Metaspace       used 77718K, capacity 81174K, committed 81352K, reserved 1120256K
  class space    used 9968K, capacity 10647K, committed 10700K, reserved 1048576K
}
2022-08-07T09:30:27.360+0000: 43.209: Application time: 0.0591319 seconds
2022-08-07T09:30:27.376+0000: 43.225: Application time: 0.0148663 seconds
2022-08-07T09:30:27.377+0000: 43.225: Application time: 0.0002036 seconds
2022-08-07T09:30:27.379+0000: 43.227: Application time: 0.0014728 seconds
2022-08-07T09:30:27.385+0000: 43.233: [CMS-concurrent-mark: 0.178/0.191 secs] [Times: user=0.48 sys=0.07, real=0.19 secs] 
2022-08-07T09:30:27.385+0000: 43.234: [CMS-concurrent-preclean-start]
2022-08-07T09:30:27.405+0000: 43.253: Application time: 0.0234813 seconds
2022-08-07T09:30:27.427+0000: 43.275: [CMS-concurrent-preclean: 0.023/0.042 secs] [Times: user=0.08 sys=0.03, real=0.04 secs] 
2022-08-07T09:30:27.427+0000: 43.276: [CMS-concurrent-abortable-preclean-start]
2022-08-07T09:30:27.443+0000: 43.291: Application time: 0.0365626 seconds
{Heap before GC invocations=468 (full 60):
 par new generation   total 19008K, used 18040K [0x00000000c2600000, 0x00000000c3aa0000, 0x00000000d6e00000)
  eden space 16896K, 100% used [0x00000000c2600000, 0x00000000c3680000, 0x00000000c3680000)
  from space 2112K,  54% used [0x00000000c3680000, 0x00000000c379e1d8, 0x00000000c3890000)
  to   space 2112K,   0% used [0x00000000c3890000, 0x00000000c3890000, 0x00000000c3aa0000)
 concurrent mark-sweep generation total 115936K, used 69922K [0x00000000d6e00000, 0x00000000ddf38000, 0x0000000100000000)
 Metaspace       used 78020K, capacity 81462K, committed 81864K, reserved 1120256K
  class space    used 10006K, capacity 10653K, committed 10700K, reserved 1048576K
2022-08-07T09:30:27.448+0000: 43.296: [GC (Allocation Failure) 2022-08-07T09:30:27.449+0000: 43.297: [ParNew: 18040K->1504K(19008K), 0.0175237 secs] 87962K->71426K(134944K), 0.0184023 secs] [Times: user=0.04 sys=0.00, real=0.02 secs] 
Heap after GC invocations=469 (full 60):
 par new generation   total 19008K, used 1504K [0x00000000c2600000, 0x00000000c3aa0000, 0x00000000d6e00000)
  eden space 16896K,   0% used [0x00000000c2600000, 0x00000000c2600000, 0x00000000c3680000)
  from space 2112K,  71% used [0x00000000c3890000, 0x00000000c3a08040, 0x00000000c3aa0000)
  to   space 2112K,   0% used [0x00000000c3680000, 0x00000000c3680000, 0x00000000c3890000)
 concurrent mark-sweep generation total 115936K, used 69922K [0x00000000d6e00000, 0x00000000ddf38000, 0x0000000100000000)
 Metaspace       used 78020K, capacity 81462K, committed 81864K, reserved 1120256K
  class space    used 10006K, capacity 10653K, committed 10700K, reserved 1048576K
}
2022-08-07T09:30:27.486+0000: 43.334: Application time: 0.0187940 seconds
2022-08-07T09:30:27.519+0000: 43.367: Application time: 0.0323740 seconds
2022-08-07T09:30:27.520+0000: 43.368: Application time: 0.0003504 seconds
2022-08-07T09:30:27.521+0000: 43.369: Application time: 0.0005270 seconds
2022-08-07T09:30:27.522+0000: 43.371: Application time: 0.0008599 seconds
2022-08-07T09:30:27.524+0000: 43.372: Application time: 0.0005264 seconds
2022-08-07T09:30:27.525+0000: 43.373: Application time: 0.0005548 seconds
2022-08-07T09:30:27.537+0000: 43.385: Application time: 0.0116789 seconds
2022-08-07T09:30:27.547+0000: 43.395: Application time: 0.0090682 seconds
2022-08-07T09:30:27.553+0000: 43.401: Application time: 0.0054465 seconds
2022-08-07T09:30:27.573+0000: 43.422: [CMS-concurrent-abortable-preclean: 0.051/0.146 secs] [Times: user=0.34 sys=0.08, real=0.15 secs] 
2022-08-07T09:30:27.575+0000: 43.423: Application time: 0.0211597 seconds
2022-08-07T09:30:27.575+0000: 43.423: [GC (CMS Final Remark) [YG occupancy: 15081 K (19008 K)]2022-08-07T09:30:27.575+0000: 43.424: [Rescan (parallel) , 0.0250232 secs]2022-08-07T09:30:27.601+0000: 43.449: [weak refs processing, 0.0026169 secs]2022-08-07T09:30:27.604+0000: 43.452: [class unloading, 0.0193088 secs]2022-08-07T09:30:27.623+0000: 43.472: [scrub symbol table, 0.0185488 secs]2022-08-07T09:30:27.642+0000: 43.491: [scrub string table, 0.0013241 secs][1 CMS-remark: 69922K(115936K)] 85003K(134944K), 0.0691814 secs] [Times: user=0.09 sys=0.00, real=0.07 secs] 
2022-08-07T09:30:27.645+0000: 43.493: [CMS-concurrent-sweep-start]
2022-08-07T09:30:27.655+0000: 43.503: Application time: 0.0101902 seconds
2022-08-07T09:30:27.681+0000: 43.529: [CMS-concurrent-sweep: 0.036/0.036 secs] [Times: user=0.10 sys=0.01, real=0.04 secs] 
2022-08-07T09:30:27.682+0000: 43.530: [CMS-concurrent-reset-start]
2022-08-07T09:30:27.682+0000: 43.530: [CMS-concurrent-reset: 0.001/0.001 secs] [Times: user=0.00 sys=0.00, real=0.00 secs] 
2022-08-07T09:30:28.656+0000: 44.504: Application time: 1.0008621 seconds
2022-08-07T09:30:29.439+0000: 45.287: Application time: 0.7823292 seconds
2022-08-07T09:30:29.442+0000: 45.290: Application time: 0.0031639 seconds
2022-08-07T09:30:29.454+0000: 45.302: Application time: 0.0110479 seconds
{Heap before GC invocations=469 (full 60):
 par new generation   total 19008K, used 18400K [0x00000000c2600000, 0x00000000c3aa0000, 0x00000000d6e00000)
  eden space 16896K, 100% used [0x00000000c2600000, 0x00000000c3680000, 0x00000000c3680000)
  from space 2112K,  71% used [0x00000000c3890000, 0x00000000c3a08040, 0x00000000c3aa0000)
  to   space 2112K,   0% used [0x00000000c3680000, 0x00000000c3680000, 0x00000000c3890000)
 concurrent mark-sweep generation total 116128K, used 69599K [0x00000000d6e00000, 0x00000000ddf68000, 0x0000000100000000)
 Metaspace       used 78612K, capacity 82128K, committed 82504K, reserved 1120256K
  class space    used 10087K, capacity 10764K, committed 10828K, reserved 1048576K
2022-08-07T09:30:29.454+0000: 45.303: [GC (Allocation Failure) 2022-08-07T09:30:29.455+0000: 45.303: [ParNew: 18400K->1682K(19008K), 0.0070285 secs] 87999K->71565K(135136K), 0.0081479 secs] [Times: user=0.02 sys=0.00, real=0.01 secs] 
Heap after GC invocations=470 (full 60):
 par new generation   total 19008K, used 1682K [0x00000000c2600000, 0x00000000c3aa0000, 0x00000000d6e00000)
  eden space 16896K,   0% used [0x00000000c2600000, 0x00000000c2600000, 0x00000000c3680000)
  from space 2112K,  79% used [0x00000000c32022-08-07T09:29:56.957+0000: 104.889: Application time: 1.0007350 seconds
2022-08-07T09:30:20.932+0000: 128.897: Application time: 24.0077456 seconds
2022-08-07T09:30:26.933+0000: 134.898: Application time: 6.0014416 seconds
2022-08-07T09:30:53.761+0000: 161.760: Application time: 26.8615268 seconds
2022-08-07T09:30:53.762+0000: 161.761: Application time: 0.0009099 seconds
2022-08-07T09:30:53.773+0000: 161.772: Application time: 0.0110809 seconds
2022-08-07T09:30:53.828+0000: 161.827: Application time: 0.0543273 seconds
{Heap before GC invocations=470 (full 57):
 par new generation   total 19008K, used 17868K [0x00000000c2600000, 0x00000000c3aa0000, 0x00000000d6e00000)
  eden space 16896K, 100% used [0x00000000c2600000, 0x00000000c3680000, 0x00000000c3680000)
  from space 2112K,  46% used [0x00000000c3680000, 0x00000000c3773310, 0x00000000c3890000)
  to   space 2112K,   0% used [0x00000000c3890000, 0x00000000c3890000, 0x00000000c3aa0000)
 concurrent mark-sweep generation total 115100K, used 62120K [0x00000000d6e00000, 0x00000000dde67000, 0x0000000100000000)
 Metaspace       used 79910K, capacity 83596K, committed 83784K, reserved 1122304K
  class space    used 10258K, capacity 10984K, committed 11084K, reserved 1048576K
2022-08-07T09:30:53.833+0000: 161.832: [GC (Allocation Failure) 2022-08-07T09:30:53.833+0000: 161.832: [ParNew: 17868K->1529K(19008K), 0.0073891 secs] 79989K->63650K(134108K), 0.0083561 secs] [Times: user=0.02 sys=0.00, real=0.01 secs] 
Heap after GC invocations=471 (full 57):
 par new generation   total 19008K, used 1529K [0x00000000c2600000, 0x00000000c3aa0000, 0x00000000d6e00000)
  eden space 16896K,   0% used [0x00000000c2600000, 0x00000000c2600000, 0x00000000c3680000)
  from space 2112K,  72% used [0x00000000c3890000, 0x00000000c3a0e640, 0x00000000c3aa0000)
  to   space 2112K,   0% used [0x00000000c3680000, 0x00000000c3680000, 0x00000000c3890000)
 concurrent mark-sweep generation total 115100K, used 62120K [0x00000000d6e00000, 0x00000000dde67000, 0x0000000100000000)
 Metaspace       used 79910K, capacity 83596K, committed 83784K, reserved 1122304K
  class space    used 10258K, capacity 10984K, committed 11084K, reserved 1048576K
}
2022-08-07T09:30:53.866+0000: 161.866: Application time: 0.0248032 seconds
2022-08-07T09:30:53.935+0000: 161.934: Application time: 0.0685460 seconds
2022-08-07T09:30:53.977+0000: 161.976: Application time: 0.0416301 seconds
2022-08-07T09:30:53.978+0000: 161.978: Application time: 0.0010492 seconds
2022-08-07T09:30:53.983+0000: 161.983: Application time: 0.0049788 seconds
2022-08-07T09:30:53.985+0000: 161.984: Application time: 0.0011190 seconds
2022-08-07T09:30:53.986+0000: 161.985: Application time: 0.0003207 seconds
2022-08-07T09:30:55.986+0000: 163.985: Application time: 2.0004638 seconds
2022-08-07T09:30:56.990+0000: 164.989: Application time: 1.0033824 seconds
2022-08-07T09:31:01.991+0000: 169.991: Application time: 5.0016020 seconds
2022-08-07T09:31:03.992+0000: 171.991: Application time: 2.0005923 seconds
2022-08-07T09:31:04.159+0000: 172.158: Application time: 0.1665416 seconds
2022-08-07T09:31:05.160+0000: 173.159: Application time: 1.0003178 seconds
2022-08-07T09:31:06.160+0000: 174.159: Application time: 1.0006301 seconds
2022-08-07T09:31:15.163+0000: 183.162: Application time: 9.0023172 seconds
2022-08-07T09:31:24.222+0000: 192.264: Application time: 9.1023076 seconds
2022-08-07T09:31:25.223+0000: 193.265: Application time: 1.0003212 seconds
2022-08-07T09:31:26.215+0000: 194.257: Application time: 0.9919372 seconds
2022-08-07T09:31:27.027+0000: 195.069: Application time: 0.8120663 seconds
2022-08-07T09:31:27.028+0000: 195.070: Application time: 0.0001145 seconds
2022-08-07T09:31:27.044+0000: 195.087: Application time: 0.0164712 seconds
2022-08-07T09:31:27.093+0000: 195.135: Application time: 0.0417271 seconds
2022-08-07T09:31:27.094+0000: 195.136: Application time: 0.0006280 seconds
2022-08-07T09:31:27.121+0000: 195.163: Application time: 0.0205526 seconds
2022-08-07T09:31:27.122+0000: 195.164: Application time: 0.0003461 seconds
2022-08-07T09:31:27.127+0000: 195.169: Application time: 0.0002565 seconds
2022-08-07T09:31:27.128+0000: 195.170: Application time: 0.0004502 seconds
2022-08-07T09:31:27.129+0000: 195.171: Application time: 0.0002820 seconds
2022-08-07T09:31:27.130+0000: 195.172: Application time: 0.0006099 seconds
2022-08-07T09:31:27.156+0000: 195.198: Application time: 0.0249531 seconds
{Heap before GC invocations=471 (full 57):
 par new generation   total 19008K, used 18425K [0x00000000c2600000, 0x00000000c3aa0000, 0x00000000d6e00000)
  eden space 16896K, 100% used [0x00000000c2600000, 0x00000000c3680000, 0x00000000c3680000)
  from space 2112K,  72% used [0x00000000c3890000, 0x00000000c3a0e640, 0x00000000c3aa0000)
  to   space 2112K,   0% used [0x00000000c3680000, 0x00000000c3680000, 0x00000000c3890000)
 concurrent mark-sweep generation total 115100K, used 62120K [0x00000000d6e00000, 0x00000000dde67000, 0x0000000100000000)
 Metaspace       used 80245K, capacity 83996K, committed 84296K, reserved 1122304K
  class space    used 10299K, capacity 11038K, committed 11084K, reserved 1048576K
2022-08-07T09:31:27.157+0000: 195.199: [GC (Allocation Failure) 2022-08-07T09:31:27.157+0000: 195.199: [ParNew: 18425K->1848K(19008K), 0.0064463 secs] 80546K->64323K(134108K), 0.0070057 secs] [Times: user=0.01 sys=0.01, real=0.01 secs] 
Heap after GC invocations=472 (full 57):
 par new generation   total 19008K, used 1848K [0x00000000c2600000, 0x00000000c3aa0000, 0x00000000d6e00000)
  eden space 16896K,   0% used [0x00000000c2600000, 0x00000000c2600000, 0x00000000c3680000)
  from space 2112K,  87% used [0x00000000c3680000, 0x00000000c384e158, 0x00000000c3890000)
  to   space 2112K,   0% used [0x00000000c3890000, 0x00000000c3890000, 0x00000000c3aa0000)
 concurrent mark-sweep generation total 115100K, used 62474K [0x00000000d6e00000, 0x00000000dde67000, 0x0000000100000000)
 Metaspace       used 80245K, capacity 83996K, committed 84296K, reserved 1122304K
  class space    used 10299K, capacity 11038K, committed 11084K, reserved 1048576K
}
2022-08-07T09:31:27.195+0000: 195.237: Application time: 0.0302819 seconds
2022-08-07T09:31:27.196+0000: 195.238: Application time: 0.0003503 seconds
2022-08-07T09:31:27.197+0000: 195.239: Application time: 0.0007633 seconds
2022-08-07T09:31:27.198+0000: 195.240: Application time: 0.0004058 seconds
2022-08-07T09:31:27.216+0000: 195.258: Application time: 0.0174577 seconds
2022-08-07T09:31:27.217+0000: 195.259: Application time: 0.0004404 seconds
2022-08-07T09:31:27.484+0000: 195.526: Application time: 0.2669208 seconds
2022-08-07T09:31:27.796+0000: 195.838: Application time: 0.3115927 seconds
2022-08-07T09:31:28.036+0000: 196.078: Application time: 0.2391341 seconds
{Heap before GC invocations=472 (full 57):
 par new generation   total 19008K, used 18744K [0x00000000c2600000, 0x00000000c3aa0000, 0x00000000d6e00000)
  eden space 16896K, 100% used [0x00000000c2600000, 0x00000000c3680000, 0x00000000c3680000)
  from space 2112K,  87% used [0x00000000c3680000, 0x00000000c384e158, 0x00000000c3890000)
  to   space 2112K,   0% used [0x00000000c3890000, 0x00000000c3890000, 0x00000000c3aa0000)
 concurrent mark-sweep generation total 115100K, used 62474K [0x00000000d6e00000, 0x00000000dde67000, 0x0000000100000000)
 Metaspace       used 80372K, capacity 84158K, committed 84296K, reserved 1122304K
  class space    used 10305K, capacity 11043K, committed 11084K, reserved 1048576K
2022-08-07T09:31:28.037+0000: 196.080: [GC (Allocation Failure) 2022-08-07T09:31:28.038+0000: 196.080: [ParNew: 18744K->1523K(19008K), 0.0201553 secs] 81219K->64647K(134108K), 0.0209770 secs] [Times: user=0.02 sys=0.00, real=0.02 secs] 
Heap after GC invocations=473 (full 57):
 par new generation   total 19008K, used 1523K [0x00000000c2600000, 0x00000000c3aa0000, 0x00000000d6e00000)
  eden space 16896K,   0% used [0x00000000c2600000, 0x00000000c2600000, 0x00000000c3680000)
  from space 2112K,  72% used [0x00000000c3890000, 0x00000000c3a0cde8, 0x00000000c3aa0000)
  to   space 2112K,   0% used [0x00000000c3680000, 0x00000000c3680000, 0x00000000c3890000)
 concurrent mark-sweep generation total 115100K, used 63123K [0x00000000d6e00000, 0x00000000dde67000, 0x0000000100000000)
 Metaspace       used 80372K, capacity 84158K, committed 84296K, reserved 1122304K
  class space    used 10305K, capacity 11043K, committed 11084K, reserved 1048576K
}
2022-08-07T09:31:28.076+0000: 196.118: Application time: 0.0170337 seconds
2022-08-07T09:31:28.077+0000: 196.119: Application time: 0.0007208 seconds
2022-08-07T09:31:28.222+0000: 196.264: Application time: 0.1352819 seconds
2022-08-07T09:31:28.224+0000: 196.266: Application time: 0.0003139 seconds
2022-08-07T09:31:28.298+0000: 196.340: Application time: 0.0736589 seconds
{Heap before GC invocations=473 (full 57):
 par new generation   total 19008K, used 18419K [0x00000000c2600000, 0x00000000c3aa0000, 0x00000000d6e00000)
  eden space 16896K, 100% used [0x00000000c2600000, 0x00000000c3680000, 0x00000000c3680000)
  from space 2112K,  72% used [0x00000000c3890000, 0x00000000c3a0cde8, 0x00000000c3aa0000)
  to   space 2112K,   0% used [0x00000000c3680000, 0x00000000c3680000, 0x00000000c3890000)
 concurrent mark-sweep generation total 115100K, used 63123K [0x00000000d6e00000, 0x00000000dde67000, 0x0000000100000000)
 Metaspace       used 80520K, capacity 84328K, committed 84552K, reserved 1122304K
  class space    used 10319K, capacity 11050K, committed 11084K, reserved 1048576K
2022-08-07T09:31:28.299+0000: 196.341: [GC (Allocation Failure) 2022-08-07T09:31:28.299+0000: 196.341: [ParNew: 18419K->1546K(19008K), 0.0051945 secs] 81543K->64670K(134108K), 0.0059164 secs] [Times: user=0.01 sys=0.00, real=0.01 secs] 
Heap after GC invocations=474 (full 57):
 par new generation   total 19008K, used 1546K [0x00000000c2600000, 0x00000000c3aa0000, 0x00000000d6e00000)
  eden space 16896K,   0% used [0x00000000c2600000, 0x00000000c2600000, 0x00000000c3680000)
  from space 2112K,  73% used [0x00000000c3680000, 0x00000000c3802a30, 0x00000000c3890000)
  to   space 2112K,   0% used [0x00000000c3890000, 0x00000000c3890000, 0x00000000c3aa0000)
 concurrent mark-sweep generation total 115100K, used 63123K [0x00000000d6e00000, 0x00000000dde67000, 0x0000000100000000)
 Metaspace       used 80520K, capacity 84328K, committed 84552K, reserved 1122304K
  class space    used 10319K, capacity 11050K, committed 11084K, reserved 1048576K
}
2022-08-07T09:31:28.401+0000: 196.443: Application time: 0.0962031 seconds
2022-08-07T09:31:28.477+0000: 196.519: Application time: 0.0754599 seconds
2022-08-07T09:31:28.477+0000: 196.520: Application time: 0.0001299 seconds
2022-08-07T09:31:29.478+0000: 197.520: Application time: 1.0005671 seconds
2022-08-07T09:31:34.273+0000: 202.317: Application time: 4.7963383 seconds
2022-08-07T09:31:35.276+0000: 203.318: Application time: 1.0002349 seconds
2022-08-07T09:31:39.277+0000: 207.319: Application time: 4.0012826 seconds
2022-08-07T09:31:39.282+0000: 207.324: Application time: 0.0048510 seconds
2022-08-07T09:31:39.284+0000: 207.327: Application time: 0.0017518 seconds
2022-08-07T09:31:39.287+0000: 207.329: Application time: 0.0026336 seconds
2022-08-07T09:31:39.293+0000: 207.335: Application time: 0.0056528 seconds
2022-08-07T09:31:39.297+0000: 207.339: Application time: 0.0033049 seconds
{Heap before GC invocations=474 (full 57):
 par new generation   total 19008K, used 18442K [0x00000000c2600000, 0x00000000c3aa0000, 0x00000000d6e00000)
  eden space 16896K, 100% used [0x00000000c2600000, 0x00000000c3680000, 0x00000000c3680000)
  from space 2112K,  73% used [0x00000000c3680000, 0x00000000c3802a30, 0x00000000c3890000)
  to   space 2112K,   0% used [0x00000000c3890000, 0x00000000c3890000, 0x00000000c3aa0000)
 concurrent mark-sweep generation total 115100K, used 63123K [0x00000000d6e00000, 0x00000000dde67000, 0x0000000100000000)
 Metaspace       used 80790K, capacity 84630K, committed 84808K, reserved 1122304K
  class space    used 10346K, capacity 11069K, committed 11084K, reserved 1048576K
2022-08-07T09:31:39.298+0000: 207.340: [GC (Allocation Failure) 2022-08-07T09:31:39.298+0000: 207.340: [ParNew: 18442K->1554K(19008K), 0.0050580 secs] 81566K->65206K(134108K), 0.0057359 secs] [Times: user=0.01 sys=0.01, real=0.01 secs] 
Heap after GC invocations=475 (full 57):
 par new generation   total 19008K, used 1554K [0x00000000c2600000, 0x00000000c3aa0000, 0x00000000d6e00000)
  eden space 16896K,   0% used [0x00000000c2600000, 0x00000000c2600000, 0x00000000c3680000)
  from space 2112K,  73% used [0x00000000c3890000, 0x00000000c3a14978, 0x00000000c3aa0000)
  to   space 2112K,   0% used [0x00000000c3680000, 0x00000000c3680000, 0x00000000c3890000)
 concurrent mark-sweep generation total 115100K, used 63652K [0x00000000d6e00000, 0x00000000dde67000, 0x0000000100000000)
 Metaspace       used 80790K, capacity 84630K, committed 84808K, reserved 1122304K
  class space    used 10346K, capacity 11069K, committed 11084K, reserved 1048576K
}
2022-08-07T09:31:39.374+0000: 207.416: Application time: 0.0694898 seconds
{Heap before GC invocations=475 (full 57):
 par new generation   total 19008K, used 18450K [0x00000000c2600000, 0x00000000c3aa0000, 0x00000000d6e00000)
  eden space 16896K, 100% us: 103.357: Application time: 0.0030207 seconds
2022-08-07T09:31:27.433+0000: 103.358: Application time: 0.0007061 seconds
2022-08-07T09:31:27.522+0000: 103.447: Application time: 0.0839033 seconds
2022-08-07T09:31:27.534+0000: 103.459: Application time: 0.0116816 seconds
2022-08-07T09:31:27.552+0000: 103.477: Application time: 0.0176951 seconds
2022-08-07T09:31:27.571+0000: 103.497: Application time: 0.0105547 seconds
2022-08-07T09:31:28.572+0000: 104.497: Application time: 1.0003383 seconds
2022-08-07T09:31:34.576+0000: 110.502: Application time: 6.0041213 seconds
2022-08-07T09:31:44.580+0000: 120.505: Application time: 10.0033436 seconds
2022-08-07T09:31:54.355+0000: 130.316: Application time: 9.8104536 seconds
2022-08-07T09:31:54.365+0000: 130.326: Application time: 0.0100864 seconds
2022-08-07T09:31:57.366+0000: 133.327: Application time: 3.0009015 seconds
2022-08-07T09:31:58.367+0000: 134.328: Application time: 1.0002026 seconds
2022-08-07T09:32:05.370+0000: 141.331: Application time: 7.0031112 seconds
2022-08-07T09:32:15.376+0000: 151.337: Application time: 10.0062957 seconds
2022-08-07T09:32:22.345+0000: 158.340: Application time: 7.0027932 seconds
2022-08-07T09:32:25.347+0000: 161.342: Application time: 3.0016778 seconds
2022-08-07T09:32:27.348+0000: 163.343: Application time: 2.0006256 seconds
2022-08-07T09:32:27.447+0000: 163.441: Application time: 0.0985891 seconds
2022-08-07T09:32:28.447+0000: 164.442: Application time: 1.0003046 seconds
2022-08-07T09:32:29.447+0000: 165.442: Application time: 1.0001917 seconds
2022-08-07T09:32:35.449+0000: 171.444: Application time: 6.0018867 seconds
2022-08-07T09:32:38.451+0000: 174.446: Application time: 3.0014810 seconds
2022-08-07T09:32:45.453+0000: 181.448: Application time: 7.0023159 seconds
2022-08-07T09:32:55.426+0000: 191.455: Application time: 10.0061836 seconds
2022-08-07T09:32:57.427+0000: 193.455: Application time: 2.0005225 seconds
2022-08-07T09:32:58.427+0000: 194.456: Application time: 1.0005674 seconds
2022-08-07T09:33:04.580+0000: 200.609: Application time: 6.1529394 seconds
2022-08-07T09:33:05.581+0000: 201.610: Application time: 1.0006166 seconds
2022-08-07T09:33:12.252+0000: 208.280: Application time: 6.6697944 seconds
{Heap before GC invocations=474 (full 61):
 par new generation   total 19008K, used 19001K [0x00000000c2600000, 0x00000000c3aa0000, 0x00000000d6e00000)
  eden space 16896K, 100% used [0x00000000c2600000, 0x00000000c3680000, 0x00000000c3680000)
  from space 2112K,  99% used [0x00000000c3680000, 0x00000000c388e708, 0x00000000c3890000)
  to   space 2112K,   0% used [0x00000000c3890000, 0x00000000c3890000, 0x00000000c3aa0000)
 concurrent mark-sweep generation total 116128K, used 62288K [0x00000000d6e00000, 0x00000000ddf68000, 0x0000000100000000)
 Metaspace       used 80440K, capacity 84156K, committed 84296K, reserved 1122304K
  class space    used 10298K, capacity 11002K, committed 11084K, reserved 1048576K
2022-08-07T09:33:12.265+0000: 208.294: [GC (Allocation Failure) 2022-08-07T09:33:12.265+0000: 208.294: [ParNew: 19001K->1777K(19008K), 0.0078453 secs] 81290K->64644K(135136K), 0.0087502 secs] [Times: user=0.01 sys=0.00, real=0.01 secs] 
Heap after GC invocations=475 (full 61):
 par new generation   total 19008K, used 1777K [0x00000000c2600000, 0x00000000c3aa0000, 0x00000000d6e00000)
  eden space 16896K,   0% used [0x00000000c2600000, 0x00000000c2600000, 0x00000000c3680000)
  from space 2112K,  84% used [0x00000000c3890000, 0x00000000c3a4c608, 0x00000000c3aa0000)
  to   space 2112K,   0% used [0x00000000c3680000, 0x00000000c3680000, 0x00000000c3890000)
 concurrent mark-sweep generation total 116128K, used 62866K [0x00000000d6e00000, 0x00000000ddf68000, 0x0000000100000000)
 Metaspace       used 80440K, capacity 84156K, committed 84296K, reserved 1122304K
  class space    used 10298K, capacity 11002K, committed 11084K, reserved 1048576K
}
2022-08-07T09:33:12.287+0000: 208.316: Application time: 0.0126200 seconds
2022-08-07T09:33:12.353+0000: 208.382: Application time: 0.0651713 seconds
2022-08-07T09:33:12.353+0000: 208.382: Application time: 0.0002020 seconds
2022-08-07T09:33:12.439+0000: 208.467: Application time: 0.0850394 seconds
{Heap before GC invocations=475 (full 61):
 par new generation   total 19008K, used 18673K [0x00000000c2600000, 0x00000000c3aa0000, 0x00000000d6e00000)
  eden space 16896K, 100% used [0x00000000c2600000, 0x00000000c3680000, 0x00000000c3680000)
  from space 2112K,  84% used [0x00000000c3890000, 0x00000000c3a4c608, 0x00000000c3aa0000)
  to   space 2112K,   0% used [0x00000000c3680000, 0x00000000c3680000, 0x00000000c3890000)
 concurrent mark-sweep generation total 116128K, used 62866K [0x00000000d6e00000, 0x00000000ddf68000, 0x0000000100000000)
 Metaspace       used 80632K, capacity 84426K, committed 84552K, reserved 1122304K
  class : 263.436: Application time: 4.0030303 seconds
2022-08-07T09:32:39.327+0000: 267.439: Application time: 4.0020220 seconds
2022-08-07T09:32:40.608+0000: 268.720: Application time: 1.2811374 seconds
2022-08-07T09:32:42.609+0000: 270.720: Application time: 2.0004134 seconds
2022-08-07T09:32:54.577+0000: 282.722: Application time: 12.0017625 seconds
2022-08-07T09:33:04.578+0000: 292.724: Application time: 10.0015612 seconds
2022-08-07T09:33:12.235+0000: 300.381: Application time: 7.6569428 seconds
2022-08-07T09:33:12.696+0000: 300.842: Application time: 0.4596808 seconds
2022-08-07T09:33:12.716+0000: 300.862: Application time: 0.0191863 seconds
2022-08-07T09:33:12.785+0000: 300.930: Application time: 0.0656058 seconds
2022-08-07T09:33:13.785+0000: 301.931: Application time: 1.0003165 seconds
2022-08-07T09:33:14.786+0000: 302.932: Application time: 1.0002212 seconds
2022-08-07T09:33:24.755+0000: 312.934: Application time: 10.0024027 seconds
2022-08-07T09:33:26.107+0000: 314.286: Application time: 1.3518984 seconds
2022-08-07T09:33:35.110+0000: 323.289: Application time: 9.0024679 seconds
2022-08-07T09:33:45.115+0000: 333.295: Application time: 10.0050489 seconds
2022-08-07T09:33:55.085+0000: 343.299: Application time: 10.0040311 seconds
2022-08-07T09:33:56.086+0000: 344.300: Application time: 1.0006401 seconds
2022-08-07T09:33:57.087+0000: 345.300: Application time: 1.0003096 seconds
2022-08-07T09:34:05.090+0000: 353.303: Application time: 8.0027257 seconds
2022-08-07T09:34:25.066+0000: 373.313: Application time: 20.0099566 seconds
2022-08-07T09:34:27.067+0000: 375.314: Application time: 2.0008748 seconds
2022-08-07T09:34:35.070+0000: 383.317: Application time: 8.0029464 seconds
2022-08-07T09:34:45.072+0000: 393.319: Application time: 10.0018814 seconds
2022-08-07T09:34:55.043+0000: 403.323: Application time: 10.0041017 seconds
2022-08-07T09:34:56.043+0000: 404.324: Application time: 1.0002035 seconds
2022-08-07T09:34:57.049+0000: 405.330: Application time: 1.0063987 seconds
2022-08-07T09:35:05.053+0000: 413.334: Application time: 8.0031720 seconds
2022-08-07T09:35:25.028+0000: 433.342: Application time: 20.0080239 seconds
2022-08-07T09:35:26.028+0000: 434.343: Application time: 1.0002340 seconds
2022-08-07T09:35:35.035+0000: 443.350: Application time: 9.0070772 seconds
2022-08-07T09:35:57.011+0000: 465.360: Application time: 22.0094870 seconds
2022-08-07T09:36:06.017+0000: 474.365: Application time: 9.0055708 seconds
2022-08-07T09:36:16.020+0000: 484.369: Application time: 10.0032297 seconds
2022-08-07T09:36:25.991+0000: 494.373: Application time: 10.0040186 seconds
2022-08-07T09:36:26.992+0000: 495.374: Application time: 1.0008000 seconds
2022-08-07T09:36:35.996+0000: 504.379: Application time: 9.0045329 seconds
2022-08-07T09:36:45.999+0000: 514.381: Application time: 10.0022428 seconds
2022-08-07T09:36:55.968+0000: 524.384: Application time: 10.0032795 seconds
2022-08-07T09:36:56.971+0000: 525.387: Application time: 1.0023480 seconds
2022-08-07T09:37:05.976+0000: 534.392: Application time: 9.0048647 seconds
2022-08-07T09:37:15.979+0000: 544.395: Application time: 10.0030181 seconds
2022-08-07T09:37:25.252+0000: 553.702: Application time: 9.3058512 seconds
{Heap before GC invocations=477 (full 57):
 par new generation   total 19008K, used 18410K [0x00000000c2600000, 0x00000000c3aa0000, 0x00000000d6e00000)
  eden space 16896K, 100% used [0x00000000c2600000, 0x00000000c3680000, 0x00000000c3680000)
  from space 2112K,  71% used [0x00000000c3890000, 0x00000000c3a0a9a8, 0x00000000c3aa0000)
  to   space 2112K,   0% used [0x00000000c3680000, 0x00000000c3680000, 0x00000000c3890000)
 concurrent mark-sweep generation total 115100K, used 63884K [0x00000000d6e00000, 0x00000000dde67000, 0x0000000100000000)
 Metaspace       used 81907K, capacity 85860K, committed 85960K, reserved 1124352K
  class space    used 10414K, capacity 11164K, committed 11212K, reserved 1048576K
2022-08-07T09:37:25.252+0000: 553.702: [GC (Allocation Failure) 2022-08-07T09:37:25.252+0000: 553.702: [ParNew: 18410K->1638K(19008K), 0.0069303 secs] 82295K->65773K(134108K), 0.0077049 secs] [Times: user=0.02 sys=0.00, real=0.01 secs] 
Heap after GC invocations=478 (full 57):
 par new generation   total 19008K, used 1638K [0x00000000c2600000, 0x00000000c3aa0000, 0x00000000d6e00000)
  eden space 16896K,   0% used [0x00000000c2600000, 0x00000000c2600000, 0x00000000c3680000)
  from space 2112K,  77% used [0x00000000c3680000, 0x00000000c3819a08, 0x00000000c3890000)
  to   space 2112K,   0% used [0x00000000c3890000, 0x00000000c3890000, 0x00000000c3aa0000)
 concurrent mark-sweep generation total 115100K, used 64134K [0x00000000d6e00000, 0x00000000dde67000, 0x0000000100000000)
 Metaspace       used 81907K, capacity 85860K, committed 85960K, reserved 1124352K
  class space    used 10414K, capacity 11164K, committed 11212K, reserved 1048576K
}
2022-08-07T09:37:26.261+0000: 554.711: Application time: 1.0004642 seconds
2022-08-07T09:37:27.261+0000: 555.711: Application time: 1.0002415 seconds
2022-08-07T09:37:31.262+0000: 559.712: Application time: 4.0010190 seconds
2022-08-07T09:37:36.264+0000: 564.714: Application time: 5.0013479 seconds
2022-08-07T09:37:46.232+0000: 574.716: Application time: 10.0026186 seconds
2022-08-07T09:37:56.236+0000: 584.720: Application time: 10.0034881 seconds
2022-08-07T09:37:57.237+0000: 585.721: Application time: 1.0009951 seconds
2022-08-07T09:38:11.244+0000: 599.728: Application time: 14.0062190 seconds
2022-08-07T09:38:16.213+0000: 604.730: Application time: 5.0026854 seconds
2022-08-07T09:38:26.216+0000: 614.734: Application time: 10.0031266 seconds
2022-08-07T09:38:27.217+0000: 615.734: Application time: 1.0002424 seconds
2022-08-07T09:38:46.195+0000: 634.746: Application time: 19.0117354 seconds
2022-08-07T09:38:55.197+0000: 643.749: Application time: 9.0024457 seconds
2022-08-07T09:38:56.198+0000: 644.749: Application time: 1.0002322 seconds
2022-08-07T09:38:57.200+0000: 645.751: Application time: 1.0017757 seconds
2022-08-07T09:39:06.204+0000: 654.756: Application time: 9.0047442 seconds
2022-08-07T09:39:16.174+0000: 664.759: Application time: 10.0030108 seconds
2022-08-07T09:39:26.180+0000: 674.765: Application time: 10.0057445 seconds
2022-08-07T09:39:27.181+0000: 675.766: Application time: 1.0006979 seconds
2022-08-07T09:39:46.155+0000: 694.774: Application time: 19.0077939 seconds
2022-08-07T09:39:55.159+0000: 703.778: Application time: 9.0035988 seconds
2022-08-07T09:39:56.159+0000: 704.778: Application time: 1.0003022 seconds
2022-08-07T09:39:57.161+0000: 705.779: Application time: 1.0010070 seconds
2022-08-07T09:40:16.135+0000: 724.788: Application time: 19.0083670 seconds
2022-08-07T09:40:27.141+0000: 735.794: Application time: 11.0058110 seconds
2022-08-07T09:40:36.145+0000: 744.798: Application time: 9.0036039 seconds
2022-08-07T09:40:46.117+0000: 754.803: Application time: 10.0052390 seconds
2022-08-07T09:40:55.122+0000: 763.808: Application time: 9.0047392 seconds
2022-08-07T09:40:56.124+0000: 764.810: Application time: 1.0020955 seconds
2022-08-07T09:40:57.124+0000: 765.811: Application time: 1.0002575 seconds
2022-08-07T09:41:06.127+0000: 774.813: Application time: 9.0023636 seconds
2022-08-07T09:41:16.095+0000: 784.816: Application time: 10.0023612 seconds
2022-08-07T09:41:26.102+0000: 794.822: Application time: 10.0052169 seconds
2022-08-07T09:41:27.102+0000: 795.823: Application time: 1.0003260 seconds
2022-08-07T09:41:36.109+0000: 804.829: Application time: 9.0062978 seconds
2022-08-07T09:41:39.110+0000: 807.830: Application time: 3.0007227 seconds
2022-08-07T09:41:46.080+0000: 814.834: Application time: 7.0035156 seconds
2022-08-07T09:41:55.086+0000: 823.840: Application time: 9.0063033 seconds
2022-08-07T09:41:56.086+0000: 824.841: Application time: 1.0003297 seconds
2022-08-07T09:41:57.089+0000: 825.843: Application time: 1.0021560 seconds
2022-08-07T09:42:26.066+0000: 854.854: Application time: 29.0104299 seconds
2022-08-07T09:42:36.069+0000: 864.857: Application time: 10.0031519 seconds
2022-08-07T09:42:37.070+0000: 865.858: Application time: 1.0002072 seconds
2022-08-07T09:42:39.070+0000: 867.858: Application time: 2.0007155 seconds
2022-08-07T09:42:47.042+0000: 875.864: Application time: 8.0053919 seconds
2022-08-07T09:42:56.046+0000: 884.868: Application time: 9.0034557 seconds
2022-08-07T09:42:57.048+0000: 885.869: Application time: 1.0003552 seconds
2022-08-07T09:43:25.024+0000: 913.880: Application time: 28.0102523 seconds
2022-08-07T09:43:26.025+0000: 914.880: Application time: 1.0001629 seconds
2022-08-07T09:43:37.028+0000: 925.884: Application time: 11.0032978 seconds
2022-08-07T09:43:39.029+0000: 927.884: Application time: 2.0003008 seconds
2022-08-07T09:43:56.006+0000: 944.896: Application time: 17.0114161 seconds
2022-08-07T09:44:07.011+0000: 955.900: Application time: 11.0044653 seconds
2022-08-07T09:44:08.011+0000: 956.901: Application time: 1.0001496 seconds
2022-08-07T09:44:16.980+0000: 965.903: Application time: 9.0020766 seconds
2022-08-07T09:44:36.987+0000: 985.910: Application time: 20.0070749 seconds
2022-08-07T09:44:46.957+0000: 995.914: Application time: 10.0033742 seconds
2022-08-07T09:45:16.938+0000: 1025.929: Application time: 30.0151053 seconds
2022-08-07T09:45:26.941+0000: 1035.932: Application time: 10.0028482 seconds
2022-08-07T09:45:36.946+0000: 1045.937: Application time: 10.0050077 seconds
2022-08-07T09:45:38.947+0000: 1047.938: Application time: 2.0003132 seconds
2022-08-07T09:45:46.918+0000: 1055.942: Application time: 8.0043343 seconds
2022-08-07T09:45:54.921+0000: 1063.946: Application time: 8.0033612 seconds
2022-08-07T09:45:55.921+0000: 1064.946: Application time: 1.0002054 seconds
2022-08-07T09:46:25.900+0000: 1094.958: Application time: 30.0119908 seconds
2022-08-07T09:46:36.906+0000: 1105.964: Application time: 11.0059693 seconds
2022-08-07T09:46:38.907+0000: 1107.965: Application time: 2.0005066 seconds
2022-08-07T09:46:46.872+0000: 1115.968: Application time: 8.0028039 seconds
2022-08-07T09:46:55.876+0000: 1124.971: Application time: 9.0034649 seconds
2022-08-07T09:46:56.876+0000: 1125.972: Application time: 1.0001617 seconds
2022-08-07T09:47:06.881+0000: 1135.977: Application time: 10.0046542 seconds
2022-08-07T09:47:16.841+0000: 1145.982: Application time: 10.0050716 seconds
2022-08-07T09:47:26.843+0000: 1155.984: Application time: 10.0021460 seconds
2022-08-07T09:47:36.848+0000: 1165.989: Application time: 10.0040809 seconds
2022-08-07T09:47:57.818+0000: 1186.995: Application time: 21.0056407 seconds
2022-08-07T09:48:07.824+0000: 1197.001: Application time: 10.0058819 seconds
2022-08-07T09:48:25.797+0000: 1215.007: Application time: 18.0064762 seconds
2022-08-07T09:48:38.801+0000: 1228.012: Application time: 13.0045588 seconds
2022-08-07T09:48:55.775+0000: 1245.020: Application time: 17.0075426 seconds
2022-08-07T09:48:57.776+0000: 1247.020: Application time: 2.0003498 seconds
2022-08-07T09:49:17.749+0000: 1267.028: Application time: 20.0073880 seconds
2022-08-07T09:49:25.752+0000: 1275.030: Application time: 8.0020298 seconds
2022-08-07T09:49:27.752+0000: 1277.031: Application time: 2.0005557 seconds
2022-08-07T09:49:37.033+0000: 1286.312: Application time: 9.2808407 seconds
2022-08-07T09:49:38.034+0000: 1287.312: Application time: 1.0001255 seconds
2022-08-07T09:49:48.005+0000: 1297.317: Application time: 10.0047411 seconds
2022-08-07T09:49:56.011+0000: 1305.324: Application time: 8.0065564 seconds
2022-08-07T09:50:17.990+0000: 1327.335: Application time: 22.0115822 seconds
2022-08-07T09:50:25.993+0000: 1335.338: Application time: 8.0027561 seconds
2022-08-07T09:50:27.134+0000: 1336.480: Application time: 1.1415459 seconds
{Heap before GC invocations=478 (full 57):
 par new generation   total 19008K, used 18534K [0x00000000c2600000, 0x00000000c3aa0000, 0x00000000d6e00000)
  eden space 16896K, 100% used [0x00000000c2600000, 0x00000000c3680000, 0x00000000c3680000)
  from space 2112K,  77% used [0x00000000c3680000, 0x00000000c3819a08, 0x00000000c3890000)
  to   space 2112K,   0% used [0x00000000c3890000, 0x00000000c3890000, 0x00000000c3aa0000)
 concurrent mark-sweep generation total 115100K, used 64134K [0x00000000d6e00000, 0x00000000dde67000, 0x0000000100000000)
 Metaspace       used 82555K, capacity 86468K, committed 86728K, reserved 1124352K
  class space    used 10415K, capacity 11166K, committed 11212K, reserved 1048576K
2022-08-07T09:50:27.135+0000: 1336.480: [GC (Allocation Failure) 2022-08-07T09:50:27.136+0000: 1336.482: [ParNew: 18534K->1664K(19008K), 0.0074623 secs] 82669K->66248K(134108K), 0.0093264 secs] [Times: user=0.02 sys=0.00, real=0.01 secs] 
Heap after GC invocations=479 (full 57):
 par new generation   total 19008K, used 1664K [0x00000000c2600000, 0x00000000c3aa0000, 0x00000000d6e00000)
  eden space 16896K,   0% used [0x00000000c2600000, 0x00000000c2600000, 0x00000000c3680000)
  from space 2112K,  78% used [0x00000000c3890000, 0x00000000c3a303c8, 0x00000000c3aa0000)
  to   space 2112K,   0% used [0x00000000c3680000, 0x00000000c3680000, 0x00000000c3890000)
 concurrent mark-sweep generation total 115100K, used 64583K [0x00000000d6e00000, 0x00000000dde67000, 0x0000000100000000)
 Metaspace       used 82555K, capacity 86468K, committed 86728K, reserved 1124352K
  class space    used 10415K, capacity 11166K, committed 11212K, reserved 1048576K
}
2022-08-07T09:50:28.146+0000: 1337.492: Application time: 1.0012716 seconds
2022-08-07T09:50:38.150+0000: 1347.496: Application time: 10.0042397 seconds
2022-08-07T09:51:25.093+0000: 1394.506: Application time: 47.0098643 seconds
2022-08-07T09:51:25.093+0000: 1394.507: Application time: 0.0003819 seconds
2022-08-07T09:51:25.094+0000: 1394.508: Application time: 0.0016373 seconds
2022-08-07T09:51:25.095+0000: 1394.509: Application time: 0.0002207 seconds
2022-08-07T09:51:25.096+0000: 1394.509: Application time: 0.0001644 seconds
2022-08-07T09:51:25.096+0000: 1394.510: Application time: 0.0006148 seconds
2022-08-07T09:51:25.097+0000: 1394.510: Application time: 0.0002829 seconds
2022-08-07T09:51:25.097+0000: 1394.511: Application time: 0.0003154 seconds
2022-08-07T09:51:25.098+0000: 1394.512: Application time: 0.0010586 seconds
2022-08-07T09:51:25.099+0000: 1394.512: Application time: 0.0001855 seconds
2022-08-07T09:51:26.099+0000: 1395.512: Application time: 1.0002660 seconds
2022-08-07T09:51:38.102+0000: 1407.515: Application time: 12.0024982 seconds
2022-08-07T09:51:55.068+0000: 1424.515: Application time: 17.0001865 seconds
2022-08-07T09:51:56.069+0000: 1425.516: Application time: 1.0002688 seconds
2022-08-07T09:52:08.075+0000: 1437.522: Application time: 12.0057486 seconds
2022-08-07T09:52:18.046+0000: 1447.527: Application time: 10.0051035 seconds
2022-08-07T09:52:26.050+0000: 1455.531: Application time: 8.0021734 seconds
2022-08-07T09:52:38.054+0000: 1467.535: Application time: 12.0038289 seconds
2022-08-07T09:52:55.029+0000: 1484.544: Application time: 17.0091102 seconds
2022-08-07T09:52:58.030+0000: 1487.545: Application time: 3.0005556 seconds
2022-08-07T09:53:08.034+0000: 1497.549: Application time: 10.0038205 seconds
2022-08-07T09:53:57.990+0000: 1547.572: Application time: 50.0231701 seconds
2022-08-07T09:54:17.967+0000: 1567.583: Application time: 20.0109148 seconds
2022-08-07T09:54:27.972+0000: 1577.588: Application time: 10.0050082 seconds
2022-08-07T09:54:37.977+0000: 1587.593: Application time: 10.0042432 seconds
2022-08-07T09:54:47.946+0000: 1597.596: Application time: 10.0030856 seconds
2022-08-07T09:54:54.949+0000: 1604.599: Application time: 7.0030757 seconds
2022-08-07T09:54:55.950+0000: 1605.600: Application time: 1.0006205 seconds
2022-08-07T09:54:57.951+0000: 1607.601: Application time: 2.0007338 seconds
2022-08-07T09:55:07.956+0000: 1617.608: Application time: 10.0065324 seconds
2022-08-07T09:55:17.931+0000: 1627.615: Application time: 10.0069116 seconds
2022-08-07T09:55:37.940+0000: 1647.624: Application time: 20.0091848 seconds
2022-08-07T09:56:18.893+0000: 1688.644: Application time: 41.0198830 seconds
2022-08-07T09:56:28.897+0000: 1698.648: Application time: 10.0040868 seconds
2022-08-07T09:56:38.902+0000: 1708.654: Application time: 10.0052023 seconds
2022-08-07T09:56:48.871+0000: 1718.656: Application time: 10.0022152 seconds
2022-08-07T09:56:54.875+0000: 1724.661: Application time: 6.0044217 seconds
2022-08-07T09:57:08.881+0000: 1738.667: Application time: 14.0059088 seconds
2022-08-07T09:57:18.852+0000: 1748.671: Application time: 10.0037005 seconds
2022-08-07T09:57:28.857+0000: 1758.676: Application time: 10.0051096 seconds
2022-08-07T09:57:37.862+0000: 1767.681: Application time: 9.0049858 seconds
2022-08-07T09:57:38.862+0000: 1768.682: Application time: 1.0002787 seconds
2022-08-07T09:57:48.835+0000: 1778.688: Application time: 10.0062938 seconds
2022-08-07T09:57:52.438+0000: 1782.291: Application time: 3.6019014 seconds
2022-08-07T09:57:52.439+0000: 1782.292: Application time: 0.0002522 seconds
2022-08-07T09:57:52.447+0000: 1782.300: Application time: 0.0026846 seconds
2022-08-07T09:57:52.449+0000: 1782.302: Application time: 0.0013710 seconds
2022-08-07T09:57:52.450+0000: 1782.302: Application time: 0.0006433 seconds
2022-08-07T09:57:52.456+0000: 1782.309: Application time: 0.0062555 seconds
2022-08-07T09:57:55.255+0000: 1785.108: Application time: 2.7986154 seconds
2022-08-07T09:57:55.257+0000: 1785.110: Application time: 0.0024035 seconds
2022-08-07T09:57:55.258+0000: 1785.111: Application time: 0.0003299 seconds
2022-08-07T09:57:56.258+0000: 1786.111: Application time: 1.0001824 seconds
2022-08-07T09:57:58.259+0000: 1788.112: Application time: 2.0004166 seconds
2022-08-07T09:58:00.259+0000: 1790.111: Application time: 1.9996190 seconds
2022-08-07T09:58:00.265+0000: 1790.117: Application time: 0.0058114 seconds
2022-08-07T09:58:04.363+0000: 1794.216: Application time: 4.1027023 seconds
2022-08-07T09:58:04.368+0000: 1794.220: Application time: 0.0001205 seconds
2022-08-07T09:58:04.368+0000: 1794.221: Application time: 0.0001329 seconds
2022-08-07T09:58:04.368+0000: 1794.221: Application time: 0.0002758 seconds
2022-08-07T09:58:06.978+0000: 1796.831: Application time: 2.6099576 seconds
2022-08-07T09:58:06.979+0000: 1796.832: Application time: 0.0001074 seconds
2022-08-07T09:58:06.979+0000: 1796.832: Application time: 0.0001215 seconds
2022-08-07T09:58:11.981+0000: 1801.833: Application time: 5.0010380 seconds
2022-08-07T09:58:11.987+0000: 1801.840: Application time: 0.0062355 seconds
2022-08-07T09:58:12.474+0000: 1802.326: Application time: 0.4862693 seconds
2022-08-07T09:58:12.474+0000: 1802.327: Application time: 0.0001236 seconds
2022-08-07T09:58:12.476+0000: 1802.329: Application time: 0.0014335 seconds
2022-08-07T09:58:13.477+0000: 1803.330: Application time: 1.0005472 seconds
2022-08-07T09:58:17.649+0000: 1807.536: Application time: 4.2055830 seconds
2022-08-07T09:58:17.650+0000: 1807.537: Application time: 0.0001659 seconds
2022-08-07T09:58:17.651+0000: 1807.537: Application time: 0.0002437 seconds
2022-08-07T09:58:18.652+0000: 1808.539: Application time: 1.0008653 seconds
2022-08-07T09:58:22.652+0000: 1812.539: Application time: 3.9999878 seconds
2022-08-07T09:58:22.658+0000: 1812.544: Application time: 0.0055131 seconds
2022-08-07T09:58:24.393+0000: 1814.280: Application time: 1.7352736 seconds
2022-08-07T09:58:24.394+0000: 1814.280: Application time: 0.0001361 seconds
2022-08-07T09:58:24.395+0000: 1814.281: Application time: 0.0002845 seconds
2022-08-07T09:58:24.505+0000: 1814.392: Application time: 0.1105027 seconds
2022-08-07T09:58:24.508+0000: 1814.394: Application time: 0.0003076 seconds
2022-08-07T09:58:24.509+0000: 1814.395: Application time: 0.0004754 seconds
2022-08-07T09:58:25.509+0000: 1815.396: Application time: 1.0003078 seconds
2022-08-07T09:58:28.511+0000: 1818.397: Application time: 3.0015585 seconds
2022-08-07T09:58:34.247+0000: 1824.134: Application time: 5.7376646 seconds
2022-08-07T09:58:34.256+0000: 1824.142: Application time: 0.0070179 seconds
2022-08-07T09:58:37.214+0000: 1827.101: Application time: 2.9583419 seconds
2022-08-07T09:58:37.215+0000: 1827.101: Application time: 0.0001883 seconds
2022-08-07T09:58:37.215+0000: 1827.102: Application time: 0.0001670 seconds
2022-08-07T09:58:37.215+0000: 1827.102: Application time: 0.0001784 seconds
2022-08-07T09:58:37.216+0000: 1827.102: Application time: 0.0002488 seconds
2022-08-07T09:58:38.216+0000: 1828.103: Application time: 1.0003037 seconds
2022-08-07T09:58:38.296+0000: 1828.183: Application time: 0.0801940 seconds
2022-08-07T09:58:39.297+0000: 1829.183: Application time: 1.0003043 seconds
2022-08-07T09:58:54.269+0000: 1844.190: Application time: 15.0060256 seconds
2022-08-07T09:59:29.251+0000: 1879.205: Application time: 35.0152002 seconds
2022-08-07T09:59:37.257+0000: 1887.211: Application time: 8.0058145 seconds
2022-08-07T09:59:39.258+0000: 1889.212: Application time: 2.0005392 seconds
2022-08-07T09:59:55.230+0000: 1905.218: Application time: 16.0056691 seconds
2022-08-07T10:00:25.204+0000: 1935.226: Application time: 30.0077616 seconds
2022-08-07T10:00:55.177+0000: 1965.233: Application time: 30.0069424 seconds
2022-08-07T10:00:59.179+0000: 1969.234: Application time: 4.0012299 seconds
2022-08-07T10:01:09.185+0000: 1979.240: Application time: 10.0058053 seconds
2022-08-07T10:01:25.155+0000: 1995.244: Application time: 16.0037893 seconds
2022-08-07T10:01:39.163+0000: 2009.252: Application time: 14.0078737 seconds
2022-08-07T10:01:54.136+0000: 2024.259: Application time: 15.0066765 seconds
2022-08-07T10:01:55.136+0000: 2025.260: Application time: 1.0004480 seconds
2022-08-07T10:02:09.143+0000: 2039.266: Application time: 14.0059481 seconds
2022-08-07T10:02:25.102+0000: 2055.272: Application time: 16.0056659 seconds
2022-08-07T10:02:37.108+0000: 2067.277: Application time: 12.0051073 seconds
2022-08-07T10:02:38.802+0000: 2068.972: Application time: 1.6948012 seconds
{Heap before GC invocations=479 (full 57):
 par new generation   total 19008K, used 18560K [0x00000000c2600000, 0x00000000c3aa0000, 0x00000000d6e00000)
  eden space 16896K, 100% used [0x00000000c2600000, 0x00000000c3680000, 0x00000000c3680000)
  from space 2112K,  78% used [0x00000000c3890000, 0x00000000c3a303c8, 0x00000000c3aa0000)
  to   space 2112K,   0% used [0x00000000c3680000, 0x00000000c3680000, 0x00000000c3890000)
 concurrent mark-sweep generation total 115100K, used 64583K [0x00000000d6e00000, 0x00000000dde67000, 0x0000000100000000)
 Metaspace       used 83006K, capacity 86966K, committed 87240K, reserved 1126400K
  class space    used 10419K, capacity 11171K, committed 11212K, reserved 1048576K
2022-08-07T10:02:38.804+0000: 2068.973: [GC (Allocation Failure) 2022-08-07T10:02:38.804+0000: 2068.973: [ParNew: 18560K->2112K(19008K), 0.0051345 secs] 83144K->66818K(134108K), 0.0058034 secs] [Times: user=0.02 sys=0.00, real=0.01 secs] 
Heap after GC invocations=480 (full 57):
 par new generation   total 19008K, used 2112K [0x00000000c2600000, 0x00000000c3aa0000, 0x00000000d6e00000)
  eden space 16896K,   0% used [0x00000000c2600000, 0x00000000c2600000, 0x00000000c3680000)
  from space 2112K, 100% used [0x00000000c3680000, 0x00000000c3890000, 0x00000000c3890000)
  to   space 2112K,   0% used [0x00000000c3890000, 0x00000000c3890000, 0x00000000c3aa0000)
 concurrent mark-sweep generation total 115100K, used 64706K [0x00000000d6e00000, 0x00000000dde67000, 0x0000000100000000)
 Metaspace       used 83006K, capacity 86966K, committed 87240K, reserved 1126400K
  class space    used 10419K, capacity 11171K, committed 11212K, reserved 1048576K
}
2022-08-07T10:02:39.811+0000: 2069.980: Application time: 1.0004417 seconds
2022-08-07T10:02:49.778+0000: 2079.986: Application time: 10.0059757 seconds
2022-08-07T10:02:54.781+0000: 2084.989: Application time: 5.0027200 seconds
2022-08-07T10:02:59.784+0000: 2089.993: Application time: 5.0035529 seconds
2022-08-07T10:03:09.788+0000plication time: 0.0002270 seconds
2022-08-07T09:44:57.576+0000: 914.416: Application time: 1.0004429 seconds
2022-08-07T09:45:06.578+0000: 923.417: Application time: 9.0015976 seconds
2022-08-07T09:45:16.546+0000: 933.419: Application time: 10.0016666 seconds
2022-08-07T09:45:27.548+0000: 944.422: Application time: 11.0020903 seconds
2022-08-07T09:45:47.518+0000: 964.425: Application time: 20.0034170 seconds
2022-08-07T09:46:07.523+0000: 984.431: Application time: 20.0051277 seconds
2022-08-07T09:46:26.492+0000: 1003.433: Application time: 19.0027204 seconds
2022-08-07T09:46:27.493+0000: 1004.434: Application time: 1.0002029 seconds
2022-08-07T09:46:57.460+0000: 1034.439: Application time: 30.0051122 seconds
2022-08-07T09:47:07.462+0000: 1044.441: Application time: 10.0015879 seconds
2022-08-07T09:47:17.419+0000: 1054.443: Application time: 10.0015367 seconds
2022-08-07T09:47:27.420+0000: 1064.444: Application time: 10.0016451 seconds
2022-08-07T09:47:37.422+0000: 1074.446: Application time: 10.0018458 seconds
2022-08-07T09:47:47.389+0000: 1084.448: Application time: 10.0015304 seconds
2022-08-07T09:47:57.390+0000: 1094.450: Application time: 10.0018106 seconds
2022-08-07T09:48:07.393+0000: 1104.452: Application time: 10.0018812 seconds
2022-08-07T09:48:17.361+0000: 1114.455: Application time: 10.0024034 seconds
2022-08-07T09:48:25.363+0000: 1122.457: Application time: 8.0020907 seconds
2022-08-07T09:48:26.364+0000: 1123.458: Application time: 1.0007971 seconds
2022-08-07T09:48:27.366+0000: 1124.459: Application time: 1.0013448 seconds
2022-08-07T09:48:37.369+0000: 1134.462: Application time: 10.0027472 seconds
2022-08-07T09:48:47.337+0000: 1144.464: Application time: 10.0021384 seconds
2022-08-07T09:48:57.342+0000: 1154.470: Application time: 10.0049493 seconds
2022-08-07T09:49:07.348+0000: 1164.475: Application time: 10.0055452 seconds
2022-08-07T09:49:27.324+0000: 1184.485: Application time: 20.0097417 seconds
2022-08-07T09:49:56.305+0000: 1213.500: Application time: 29.0143096 seconds
2022-08-07T09:50:26.285+0000: 1243.514: Application time: 30.0138403 seconds
2022-08-07T09:50:27.285+0000: 1244.514: Application time: 1.0001846 seconds
2022-08-07T09:50:37.192+0000: 1254.420: Application time: 9.9060379 seconds
{Heap before GC invocations=482 (full 61):
 par new generation   total 19008K, used 18181K [0x00000000c2600000, 0x00000000c3aa0000, 0x00000000d6e00000)
  eden space 16896K, 100% used [0x00000000c2600000, 0x00000000c3680000, 0x00000000c3680000)
  from space 2112K,  60% used [0x00000000c3680000, 0x00000000c37c1460, 0x00000000c3890000)
  to   space 2112K,   0% used [0x00000000c3890000, 0x00000000c3890000, 0x00000000c3aa0000)
 concurrent mark-sweep generation total 116128K, used 64624K [0x00000000d6e00000, 0x00000000ddf68000, 0x0000000100000000)
 Metaspace       used 82855K, capacity 86862K, committed 86984K, reserved 1124352K
  class space    used 10445K, capacity 11203K, committed 11212K, reserved 1048576K
2022-08-07T09:50:37.193+0000: 1254.422: [GC (Allocation Failure) 2022-08-07T09:50:37.193+0000: 1254.422: [ParNew: 18181K->1612K(19008K), 0.0038743 secs] 82805K->66375K(135136K), 0.0045765 secs] [Times: user=0.01 sys=0.00, real=0.00 secs] 
Heap after GC invocations=483 (full 61):
 par new generation   total 19008K, used 1612K [0x00000000c2600000, 0x00000000c3aa0000, 0x00000000d6e00000)
  eden space 16896K,   0% used [0x00000000c2600000, 0x00000000c2600000, 0x00000000c3680000)
  from space 2112K,  76% used [0x00000000c3890000, 0x00000000c3a23218, 0x00000000c3aa0000)
  to   space 2112K,   0% used [0x00000000c3680000, 0x00000000c3680000, 0x00000000c3890000)
 concurrent mark-sweep generation total 116128K, used 64762K [0x00000000d6e00000, 0x00000000ddf68000, 0x0000000100000000)
 Metaspace       used 82855K, capacity 86862K, committed 86984K, reserved 1124352K
  class space    used 10445K, capacity 11203K, committed 11212K, reserved 1048576K
}
2022-08-07T09:50:48.169+0000: 1265.432: Application time: 11.0038318 seconds
2022-08-07T09:50:49.170+0000: 1266.433: Application time: 1.0004095 seconds
2022-08-07T09:50:58.174+0000: 1275.436: Application time: 9.0034279 seconds
2022-08-07T09:51:18.153+0000: 1295.449: Application time: 20.0127115 seconds
2022-08-07T09:51:27.157+0000: 1304.455: Application time: 9.0059661 seconds
2022-08-07T09:51:28.159+0000: 1305.455: Application time: 1.0001691 seconds
2022-08-07T09:51:48.133+0000: 1325.463: Application time: 20.0076425 seconds
2022-08-07T09:51:56.136+0000: 1333.466: Application time: 8.0030705 seconds
2022-08-07T09:51:57.137+0000: 1334.467: Application time: 1.0006825 seconds
2022-08-07T09:51:58.138+0000: 1335.468: Application time: 1.0006647 seconds
2022-08-07T09:52:07.141+0000: 1344.472: Application time: 9.0033389 seconds
2022-08-07T09:52:08.142+0000: 1345.472: Application time: 1.0006630 seconds
2022-08-07T09:52:18.112+0000: 1355.476: Application time: 10.0037493 seconds
2022-08-07T09:52:28.116+0000: 1365.480: Application time: 10.0032676 seconds
2022-08-07T09:53:07.100+0000: 1404.498: Application time: 39.0180707 seconds
2022-08-07T09:53:08.102+0000: 1405.500: Application time: 1.0017258 seconds
2022-08-07T09:53:27.079+0000: 1424.511: Application time: 19.0103856 seconds
2022-08-07T09:53:58.055+0000: 1455.520: Application time: 31.0096862 seconds
2022-08-07T09:54:18.032+0000: 1475.531: Application time: 20.0100146 seconds
2022-08-07T09:54:25.038+0000: 1482.537: Application time: 7.0053801 seconds
2022-08-07T09:54:26.038+0000: 1483.537: Application time: 1.0002406 seconds
2022-08-07T09:54:27.038+0000: 1484.537: Application time: 1.0002042 seconds
2022-08-07T09:54:28.039+0000: 1485.538: Application time: 1.0001191 seconds
2022-08-07T09:54:38.045+0000: 1495.544: Application time: 10.0061957 seconds
2022-08-07T09:54:48.014+0000: 1505.547: Application time: 10.0023231 seconds
2022-08-07T09:54:56.016+0000: 1513.549: Application time: 8.0021805 seconds
2022-08-07T09:54:57.017+0000: 1514.550: Application time: 1.0007471 seconds
2022-08-07T09:55:07.022+0000: 1524.555: Application time: 10.0050038 seconds
2022-08-07T09:55:25.967+0000: 1543.534: Application time: 18.9785948 seconds
2022-08-07T09:55:26.969+0000: 1544.536: Application time: 1.0018427 seconds
2022-08-07T09:55:37.976+0000: 1555.543: Application time: 11.0072836 seconds
2022-08-07T09:55:47.946+0000: 1565.547: Application time: 10.0041616 seconds
2022-08-07T09:55:55.951+0000: 1573.551: Application time: 8.0034377 seconds
2022-08-07T09:55:56.951+0000: 1574.552: Application time: 1.0003734 seconds
2022-08-07T09:56:06.955+0000: 1584.555: Application time: 10.0033850 seconds
2022-08-07T09:56:08.955+0000: 1586.556: Application time: 2.0005611 seconds
2022-08-07T09:56:28.931+0000: 1606.565: Application time: 20.0090550 seconds
2022-08-07T09:56:38.937+0000: 1616.571: Application time: 10.0057761 seconds
2022-08-07T09:56:48.907+0000: 1626.575: Application time: 10.0035632 seconds
2022-08-07T09:57:06.919+0000: 1644.587: Application time: 18.0118389 seconds
2022-08-07T09:57:08.919+0000: 1646.587: Application time: 2.0005869 seconds
2022-08-07T09:57:18.891+0000: 1656.593: Application time: 10.0055564 seconds
2022-08-07T09:57:24.894+0000: 1662.596: Application time: 6.0024687 seconds
2022-08-07T09:57:38.904+0000: 1676.606: Application time: 14.0100302 seconds
2022-08-07T09:57:48.874+0000: 1686.610: Application time: 10.0039789 seconds
2022-08-07T09:57:56.878+0000: 1694.614: Application time: 8.0027964 seconds
2022-08-07T09:58:18.853+0000: 1716.623: Application time: 22.0091153 seconds
2022-08-07T09:58:25.857+0000: 1723.626: Application time: 7.0034220 seconds
2022-08-07T09:58:28.859+0000: 1726.628: Application time: 3.0015680 seconds
2022-08-07T09:59:06.844+0000: 1764.648: Application time: 38.0191146 seconds
2022-08-07T09:59:21.797+0000: 1779.634: Application time: 14.9861520 seconds
2022-08-07T09:59:21.798+0000: 1779.635: Application time: 0.0002071 seconds
2022-08-07T09:59:21.799+0000: 1779.636: Application time: 0.0003755 seconds
2022-08-07T09:59:21.806+0000: 1779.643: Application time: 0.0018495 seconds
2022-08-07T09:59:21.807+0000: 1779.644: Application time: 0.0003670 seconds
2022-08-07T09:59:21.812+0000: 1779.649: Application time: 0.0046240 seconds
2022-08-07T09:59:26.808+0000: 1784.645: Application time: 4.9956742 seconds
2022-08-07T09:59:26.813+0000: 1784.650: Application time: 0.0045906 seconds
2022-08-07T09:59:27.695+0000: 1785.532: Application time: 0.8820964 seconds
2022-08-07T09:59:28.696+0000: 1786.533: Application time: 1.0007281 seconds
2022-08-07T09:59:32.696+0000: 1790.533: Application time: 3.9995651 seconds
2022-08-07T09:59:32.707+0000: 1790.544: Application time: 0.0110225 seconds
2022-08-07T09:59:37.934+0000: 1795.772: Application time: 5.2271579 seconds
2022-08-07T09:59:37.938+0000: 1795.775: Application time: 0.0012528 seconds
2022-08-07T09:59:37.938+0000: 1795.775: Application time: 0.0002201 seconds
2022-08-07T09:59:38.421+0000: 1796.258: Application time: 0.4828660 seconds
2022-08-07T09:59:38.421+0000: 1796.258: Application time: 0.0001611 seconds
2022-08-07T09:59:38.422+0000: 1796.259: Application time: 0.0002871 seconds
2022-08-07T09:59:38.422+0000: 1796.259: Application time: 0.0002306 seconds
2022-08-07T09:59:38.423+0000: 1796.260: Application time: 0.0003339 seconds
2022-08-07T09:59:38.423+0000: 1796.260: Application time: 0.0005875 seconds
2022-08-07T09:59:42.320+0000: 1800.157: Application time: 3.8960450 seconds
2022-08-07T09:59:42.321+0000: 1800.158: Application time: 0.0002338 seconds
2022-08-07T09:59:42.321+0000: 1800.158: Application time: 0.0001846 seconds
2022-08-07T09:59:42.387+0000: 1800.224: Application time: 0.0660405 seconds
2022-08-07T09:59:42.389+0000: 1800.226: Application time: 0.0001625 seconds
2022-08-07T09:59:42.396+0000: 1800.233: Application time: 0.0003822 seconds
2022-08-07T09:59:43.539+0000: 1801.376: Application time: 1.1399230 seconds
2022-08-07T09:59:43.539+0000: 1801.376: Application time: 0.0001269 seconds
2022-08-07T09:59:43.540+0000: 1801.377: Application time: 0.0001575 seconds
2022-08-07T09:59:44.736+0000: 1802.607: Application time: 1.2297401 seconds
2022-08-07T09:59:44.736+0000: 1802.607: Application time: 0.0001229 seconds
2022-08-07T09:59:44.736+0000: 1802.607: Application time: 0.0001479 seconds
2022-08-07T09:59:47.070+0000: 1804.941: Application time: 2.3338244 seconds
2022-08-07T09:59:47.071+0000: 1804.942: Application time: 0.0001575 seconds
2022-08-07T09:59:47.071+0000: 1804.942: Application time: 0.0004482 seconds
2022-08-07T09:59:48.421+0000: 1806.292: Application time: 1.3496400 seconds
2022-08-07T09:59:52.426+0000: 1810.297: Application time: 4.0041793 seconds
2022-08-07T09:59:56.183+0000: 1814.054: Application time: 3.7569184 seconds
2022-08-07T09:59:56.184+0000: 1814.054: Application time: 0.0006867 seconds
2022-08-07T09:59:56.184+0000: 1814.055: Application time: 0.0001511 seconds
2022-08-07T09:59:56.184+0000: 1814.055: Application time: 0.0001257 seconds
2022-08-07T09:59:56.184+0000: 1814.055: Application time: 0.0001751 seconds
2022-08-07T09:59:56.962+0000: 1814.833: Application time: 0.7775370 seconds
2022-08-07T09:59:56.969+0000: 1814.840: Application time: 0.0064640 seconds
2022-08-07T09:59:58.467+0000: 1816.338: Application time: 1.4979906 seconds
2022-08-07T09:59:59.467+0000: 1817.338: Application time: 1.0002443 seconds
2022-08-07T10:00:09.471+0000: 1827.342: Application time: 10.0034981 seconds
2022-08-07T10:00:18.499+0000: 1836.404: Application time: 9.0619300 seconds
2022-08-07T10:00:19.500+0000: 1837.405: Application time: 1.0002671 seconds
2022-08-07T10:00:39.512+0000: 1857.417: Application time: 20.0119120 seconds
2022-08-07T10:00:49.482+0000: 1867.421: Application time: 10.0037040 seconds
2022-08-07T10:00:56.487+0000: 1874.425: Application time: 7.0043906 seconds
2022-08-07T10:01:06.489+0000: 1884.428: Application time: 10.0024553 seconds
2022-08-07T10:01:09.490+0000: 1887.429: Application time: 3.0006451 seconds
2022-08-07T10:01:19.460+0000: 1897.433: Application time: 10.0036843 seconds
2022-08-07T10:01:26.462+0000: 1904.434: Application time: 7.0016118 seconds
2022-08-07T10:01:39.467+0000: 1917.439: Application time: 13.0049242 seconds
2022-08-07T10:01:56.439+0000: 1934.445: Application time: 17.0055096 seconds
2022-08-07T10:02:06.443+0000: 1944.449: Application time: 10.0036474 seconds
2022-08-07T10:02:09.444+0000: 1947.450: Application time: 3.0011929 seconds
2022-08-07T10:02:19.404+0000: 1957.456: Application time: 10.0052993 seconds
2022-08-07T10:02:26.410+0000: 1964.463: Application time: 7.0067294 seconds
2022-08-07T10:02:29.412+0000: 1967.464: Application time: 3.0008858 seconds
2022-08-07T10:02:48.818+0000: 1986.909: Application time: 19.4455193 seconds
{Heap before GC invocations=483 (full 61):
 par new generation   total 19008K, used 18508K [0x00000000c2600000, 0x00000000c3aa0000, 0x00000000d6e00000)
  eden space 16896K, 100% used [0x00000000c2600000, 0x00000000c3680000, 0x00000000c3680000)
  from space 2112K,  76% used [0x00000000c3890000, 0x00000000c3a23218, 0x00000000c3aa0000)
  to   space 2112K,   0% used [0x00000000c3680000, 0x00000000c3680000, 0x00000000c3890000)
 concurrent mark-sweep generation total 116128K, used 64762K [0x00000000d6e00000, 0x00000000ddf68000, 0x0000000100000000)
 Metaspace       used 83331K, capacity 87360K, committed 87496K, reserved 1126400K
  class space    used 10449K, capacity 11208K, committed 11212K, reserved 1048576K
2022-08-07T10:02:48.818+0000: 1986.910: [GC (Allocation Failure) 2022-08-07T10:02:48.819+0000: 1986.911: [ParNew: 18508K->1931K(19008K), 0.0051166 secs] 83271K->67125K(135136K), 0.0063648 secs] [Times: user=0.01 sys=0.00, real=0.00 secs] 
Heap after GC invocations=484 (full 61):
 par new generation   total 19008K, used 1931K [0x00000000c2600000, 0x00000000c3aa0000, 0x00000000d6e00000)
  eden space 16896K,   0% used [0x00000000c2600000, 0x00000000c2600000, 0x00000000c3680000)
  from space 2112K,  91% used [0x00000000c3680000, 0x00000000c3862e70, 0x00000000c3890000)
  to   space 2112K,   0% used [0x00000000c3890000, 0x00000000c3890000, 0x00000000c3aa0000)
 concurrent mark-sweep generation total 116128K, used 65193K [0x00000000d6e00000, 0x00000000ddf68000, 0x0000000100000000)
 Metaspace       used 83331K, capacity 87360K, committed 87496K, reserved 1126400K
  class space    used 10449K, capacity 11208K, committed 11212K, reserved 1048576K
}
2022-08-07T10:02:49.826+0000: 1987.918: Application time: 1.0008999 seconds
2022-08-07T10:02:55.828+0000: 1993.920: Application time: 6.0017794 seconds
2022-08-07T10:02:56.829+0000: 1994.920: Application time: 1.0003467 seconds
2022-08-07T10:02:59.830+0000: 1997.921: Application time: 3.0007416 seconds
2022-08-07T10:03:09.834+0000