OpenJDK 64-Bit Server VM (25.212-b04) for linux-amd64 JRE (1.8.0_212-b04), built on May  4 2019 17:56:12 by "buildozer" with gcc 8.3.0
Memory: 4k page, physical 4032816k(1529488k free), swap 1048572k(710560k free)
CommandLine flags: -XX:+CMSClassUnloadingEnabled -XX:CMSFullGCsBeforeCompaction=9 -XX:CMSInitiatingOccupancyFraction=60 -XX:+CMSParallelRemarkEnabled -XX:+DisableExplicitGC -XX:+ExplicitGCInvokesConcurrent -XX:GCLogFileSize=5242880 -XX:+HeapDumpOnOutOfMemoryError -XX:HeapDumpPath=/opt/logs/100003171/HeapDumpOnOutOfMemoryError/ -XX:InitialHeapSize=64525056 -XX:MaxHeapSize=1032400896 -XX:MaxNewSize=343932928 -XX:MaxTenuringThreshold=9 -XX:NumberOfGCLogFiles=5 -XX:OldPLABSize=16 -XX:-OmitStackTraceInFastThrow -XX:ParallelGCThreads=4 -XX:+PrintGC -XX:+PrintGCApplicationConcurrentTime -XX:+PrintGCDateStamps -XX:+PrintGCDetails -XX:+PrintGCTimeStamps -XX:+PrintHeapAtGC -XX:+ScavengeBeforeFullGC -XX:SoftRefLRUPolicyMSPerMB=0 -XX:+UseCMSCompactAtFullCollection -XX:+UseCMSInitiatingOccupancyOnly -XX:+UseCompressedClassPointers -XX:+UseCompressedOops -XX:+UseConcMarkSweepGC -XX:+UseGCLogFileRotation -XX:+UseParNewGC 
2022-08-07T09:28:58.507+0000: 0.417: Application time: 0.2572176 seconds
2022-08-07T09:28:58.560+0000: 0.471: Application time: 0.0536060 seconds
{Heap before GC invocations=0 (full 0):
 par new generation   total 19008K, used 16896K [0x00000000c2600000, 0x00000000c3aa0000, 0x00000000d6e00000)
  eden space 16896K, 100% used [0x00000000c2600000, 0x00000000c3680000, 0x00000000c3680000)
  from space 2112K,   0% used [0x00000000c3680000, 0x00000000c3680000, 0x00000000c3890000)
  to   space 2112K,   0% used [0x00000000c3890000, 0x00000000c3890000, 0x00000000c3aa0000)
 concurrent mark-sweep generation total 42368K, used 0K [0x00000000d6e00000, 0x00000000d9760000, 0x0000000100000000)
 Metaspace       used 3928K, capacity 4734K, committed 4864K, reserved 1056768K
  class space    used 366K, capacity 426K, committed 512K, reserved 1048576K
2022-08-07T09:28:58.561+0000: 0.471: [GC (Allocation Failure) 2022-08-07T09:28:58.561+0000: 0.472: [ParNew: 16896K->2112K(19008K), 0.0860797 secs] 16896K->13410K(61376K), 0.0872370 secs] [Times: user=0.14 sys=0.02, real=0.08 secs] 
Heap after GC invocations=1 (full 0):
 par new generation   total 19008K, used 2112K [0x00000000c2600000, 0x00000000c3aa0000, 0x00000000d6e00000)
  eden space 16896K,   0% used [0x00000000c2600000, 0x00000000c2600000, 0x00000000c3680000)
  from space 2112K, 100% used [0x00000000c3890000, 0x00000000c3aa0000, 0x00000000c3aa0000)
  to   space 2112K,   0% used [0x00000000c3680000, 0x00000000c3680000, 0x00000000c3890000)
 concurrent mark-sweep generation total 42368K, used 11298K [0x00000000d6e00000, 0x00000000d9760000, 0x0000000100000000)
 Metaspace       used 3928K, capacity 4734K, committed 4864K, reserved 1056768K
  class space    used 366K, capacity 426K, committed 512K, reserved 1048576K
}
2022-08-07T09:28:58.803+0000: 0.714: Application time: 0.1546038 seconds
{Heap before GC invocations=1 (full 0):
 par new generation   total 19008K, used 19008K [0x00000000c2600000, 0x00000000c3aa0000, 0x00000000d6e00000)
  eden space 16896K, 100% used [0x00000000c2600000, 0x00000000c3680000, 0x00000000c3680000)
  from space 2112K, 100% used [0x00000000c3890000, 0x00000000c3aa0000, 0x00000000c3aa0000)
  to   space 2112K,   0% used [0x00000000c3680000, 0x00000000c3680000, 0x00000000c3890000)
 concurrent mark-sweep generation total 42368K, used 11298K [0x00000000d6e00000, 0x00000000d9760000, 0x0000000100000000)
 Metaspace       used 4395K, capacity 5096K, committed 5376K, reserved 1056768K
  class space    used 407K, capacity 464K, committed 512K, reserved 1048576K
2022-08-07T09:28:58.804+0000: 0.715: [GC (Allocation Failure) 2022-08-07T09:28:58.804+0000: 0.715: [ParNew: 19008K->2111K(19008K), 0.0156370 secs] 30306K->15523K(61376K), 0.0163198 secs] [Times: user=0.02 sys=0.02, real=0.02 secs] 
Heap after GC invocations=2 (full 0):
 par new generation   total 19008K, used 2111K [0x00000000c2600000, 0x00000000c3aa0000, 0x00000000d6e00000)
  eden space 16896K,   0% used [0x00000000c2600000, 0x00000000c2600000, 0x00000000c3680000)
  from space 2112K,  99% used [0x00000000c3680000, 0x00000000c388fdf0, 0x00000000c3890000)
  to   space 2112K,   0% used [0x00000000c3890000, 0x00000000c3890000, 0x00000000c3aa0000)
 concurrent mark-sweep generation total 42368K, used 13411K [0x00000000d6e00000, 0x00000000d9760000, 0x0000000100000000)
 Metaspace       used 4395K, capacity 5096K, committed 5376K, reserved 1056768K
  class space    used 407K, capacity 464K, committed 512K, reserved 1048576K
}
2022-08-07T09:28:58.928+0000: 0.839: Application time: 0.1068857 seconds
2022-08-07T09:28:58.959+0000: 0.870: Application time: 0.0308652 seconds
{Heap before GC invocations=2 (full 0):
 par new generation   total 19008K, used 19007K [0x00000000c2600000, 0x00000000c3aa0000, 0x00000000d6e00000)
  eden space 16896K, 100% used [0x00000000c2600000, 0x00000000c3680000, 0x00000000c3680000)
  from space 2112K,  99% used [0x00000000c3680000, 0x00000000c388fdf0, 0x00000000c3890000)
  to   space 2112K,   0% used [0x00000000c3890000, 0x00000000c3890000, 0x00000000c3aa0000)
 concurrent mark-sweep generation total 42368K, used 13411K [0x00000000d6e00000, 0x00000000d9760000, 0x0000000100000000)
 Metaspace       used 4975K, capacity 5360K, committed 5504K, reserved 1056768K
  class space    used 490K, capacity 536K, committed 640K, reserved 1048576K
2022-08-07T09:28:58.960+0000: 0.871: [GC (Allocation Failure) 2022-08-07T09:28:58.960+0000: 0.871: [ParNew: 19007K->926K(19008K), 0.0031461 secs] 32419K->14337K(61376K), 0.0038635 secs] [Times: user=0.01 sys=0.00, real=0.01 secs] 
Heap after GC invocations=3 (full 0):
 par new generation   total 19008K, used 926K [0x00000000c2600000, 0x00000000c3aa0000, 0x00000000d6e00000)
  eden space 16896K,   0% used [0x00000000c2600000, 0x00000000c2600000, 0x00000000c3680000)
  from space 2112K,  43% used [0x00000000c3890000, 0x00000000c3977848, 0x00000000c3aa0000)
  to   space 2112K,   0% used [0x00000000c3680000, 0x00000000c3680000, 0x00000000c3890000)
 concurrent mark-sweep generation total 42368K, used 13411K [0x00000000d6e00000, 0x00000000d9760000, 0x0000000100000000)
 Metaspace       used 4975K, capacity 5360K, committed 5504K, reserved 1056768K
  class space    used 490K, capacity 536K, committed 640K, reserved 1048576K
}
2022-08-07T09:28:59.086+0000: 0.997: Application time: 0.1214646 seconds
{Heap before GC invocations=3 (full 0):
 par new generation   total 19008K, used 17822K [0x00000000c2600000, 0x00000000c3aa0000, 0x00000000d6e00000)
  eden space 16896K, 100% used [0x00000000c2600000, 0x00000000c3680000, 0x00000000c3680000)
  from space 2112K,  43% used [0x00000000c3890000, 0x00000000c3977848, 0x00000000c3aa0000)
  to   space 2112K,   0% used [0x00000000c3680000, 0x00000000c3680000, 0x00000000c3890000)
 concurrent mark-sweep generation total 42368K, used 13411K [0x00000000d6e00000, 0x00000000d9760000, 0x0000000100000000)
 Metaspace       used 5594K, capacity 5728K, committed 5760K, reserved 1056768K
  class space    used 570K, capacity 632K, committed 640K, reserved 1048576K
2022-08-07T09:28:59.087+0000: 0.997: [GC (Allocation Failure) 2022-08-07T09:28:59.087+0000: 0.998: [ParNew: 17822K->1043K(19008K), 0.0026917 secs] 31233K->14455K(61376K), 0.0034160 secs] [Times: user=0.00 sys=0.01, real=0.00 secs] 
Heap after GC invocations=4 (full 0):
 par new generation   total 19008K, used 1043K [0x00000000c2600000, 0x00000000c3aa0000, 0x00000000d6e00000)
  eden space 16896K,   0% used [0x00000000c2600000, 0x00000000c2600000, 0x00000000c3680000)
  from space 2112K,  49% used [0x00000000c3680000, 0x00000000c3784e58, 0x00000000c3890000)
  to   space 2112K,   0% used [0x00000000c3890000, 0x00000000c3890000, 0x00000000c3aa0000)
 concurrent mark-sweep generation total 42368K, used 13411K [0x00000000d6e00000, 0x00000000d9760000, 0x0000000100000000)
 Metaspace       used 5594K, capacity 5728K, committed 5760K, reserved 1056768K
  class space    used 570K, capacity 632K, committed 640K, reserved 1048576K
}
2022-08-07T09:28:59.124+0000: 1.035: Application time: 0.0335038 seconds
2022-08-07T09:28:59.265+0000: 1.176: Application time: 0.1411521 seconds
{Heap before GC invocations=4 (full 0):
 par new generation   total 19008K, used 17939K [0x00000000c2600000, 0x00000000c3aa0000, 0x00000000d6e00000)
  eden space 16896K, 100% used [0x00000000c2600000, 0x00000000c3680000, 0x00000000c3680000)
  from space 2112K,  49% used [0x00000000c3680000, 0x00000000c3784e58, 0x00000000c3890000)
  to   space 2112K,   0% used [0x00000000c3890000, 0x00000000c3890000, 0x00000000c3aa0000)
 concurrent mark-sweep generation total 42368K, used 13411K [0x00000000d6e00000, 0x00000000d9760000, 0x0000000100000000)
 Metaspace       used 6981K, capacity 7104K, committed 7296K, reserved 1056768K
  class space    used 739K, capacity 792K, committed 896K, reserved 1048576K
2022-08-07T09:28:59.266+0000: 1.177: [GC (Allocation Failure) 2022-08-07T09:28:59.266+0000: 1.177: [ParNew: 17939K->1422K(19008K), 0.0038087 secs] 31351K->14834K(61376K), 0.0046437 secs] [Times: user=0.01 sys=0.00, real=0.01 secs] 
Heap after GC invocations=5 (full 0):
 par new generation   total 19008K, used 1422K [0x00000000c2600000, 0x00000000c3aa0000, 0x00000000d6e00000)
  eden space 16896K,   0% used [0x00000000c2600000, 0x00000000c2600000, 0x00000000c3680000)
  from space 2112K,  67% used [0x00000000c3890000, 0x00000000c39f3ab8, 0x00000000c3aa0000)
  to   space 2112K,   0% used [0x00000000c3680000, 0x00000000c3680000, 0x00000000c3890000)
 concurrent mark-sweep generation total 42368K, used 13411K [0x00000000d6e00000, 0x00000000d9760000, 0x0000000100000000)
 Metaspace       used 6981K, capacity 7104K, committed 7296K, reserved 1056768K
  class space    used 739K, capacity 792K, committed 896K, reserved 1048576K
}
2022-08-07T09:28:59.368+0000: 1.278: Application time: 0.0965107 seconds
{Heap before GC invocations=5 (full 0):
 par new generation   total 19008K, used 18318K [0x00000000c2600000, 0x00000000c3aa0000, 0x00000000d6e00000)
  eden space 16896K, 100% used [0x00000000c2600000, 0x00000000c3680000, 0x00000000c3680000)
  from space 2112K,  67% used [0x00000000c3890000, 0x00000000c39f3ab8, 0x00000000c3aa0000)
  to   space 2112K,   0% used [0x00000000c3680000, 0x00000000c3680000, 0x00000000c3890000)
 concurrent mark-sweep generation total 42368K, used 13411K [0x00000000d6e00000, 0x00000000d9760000, 0x0000000100000000)
 Metaspace       used 7375K, capacity 7552K, committed 7808K, reserved 1056768K
  class space    used 815K, capacity 856K, committed 896K, reserved 1048576K
2022-08-07T09:28:59.368+0000: 1.279: [GC (Allocation Failure) 2022-08-07T09:28:59.369+0000: 1.279: [ParNew: 18318K->1419K(19008K), 0.0085579 secs] 31730K->15238K(61376K), 0.0094467 secs] [Times: user=0.01 sys=0.00, real=0.01 secs] 
Heap after GC invocations=6 (full 0):
 par new generation   total 19008K, used 1419K [0x00000000c2600000, 0x00000000c3aa0000, 0x00000000d6e00000)
  eden space 16896K,   0% used [0x00000000c2600000, 0x00000000c2600000, 0x00000000c3680000)
  from space 2112K,  67% used [0x00000000c3680000, 0x00000000c37e2dc8, 0x00000000c3890000)
  to   space 2112K,   0% used [0x00000000c3890000, 0x00000000c3890000, 0x00000000c3aa0000)
 concurrent mark-sweep generation total 42368K, used 13819K [0x00000000d6e00000, 0x00000000d9760000, 0x0000000100000000)
 Metaspace       used 7375K, capacity 7552K, committed 7808K, reserved 1056768K
  class space    used 815K, capacity 856K, committed 896K, reserved 1048576K
}
2022-08-07T09:28:59.408+0000: 1.318: Application time: 0.0293467 seconds
2022-08-07T09:28:59.516+0000: 1.426: Application time: 0.1078996 seconds
{Heap before GC invocations=6 (full 0):
 par new generation   total 19008K, used 18315K [0x00000000c2600000, 0x00000000c3aa0000, 0x00000000d6e00000)
  eden space 16896K, 100% used [0x00000000c2600000, 0x00000000c3680000, 0x00000000c3680000)
  from space 2112K,  67% used [0x00000000c3680000, 0x00000000c37e2dc8, 0x00000000c3890000)
  to   space 2112K,   0% used [0x00000000c3890000, 0x00000000c3890000, 0x00000000c3aa0000)
 concurrent mark-sweep generation total 42368K, used 13819K [0x00000000d6e00000, 0x00000000d9760000, 0x0000000100000000)
 Metaspace       used 8497K, capacity 8640K, committed 8704K, reserved 1056768K
  class space    used 934K, capacity 984K, committed 1024K, reserved 1048576K
2022-08-07T09:28:59.517+0000: 1.427: [GC (Allocation Failure) 2022-08-07T09:28:59.517+0000: 1.428: [ParNew: 18315K->1558K(19008K), 0.0116902 secs] 32134K->15377K(61376K), 0.0126171 secs] [Times: user=0.02 sys=0.00, real=0.01 secs] 
Heap after GC invocations=7 (full 0):
 par new generation   total 19008K, used 1558K [0x00000000c2600000, 0x00000000c3aa0000, 0x00000000d6e00000)
  eden space 16896K,   0% used [0x00000000c2600000, 0x00000000c2600000, 0x00000000c3680000)
  from space 2112K,  73% used [0x00000000c3890000, 0x00000000c3a15998, 0x00000000c3aa0000)
  to   space 2112K,   0% used [0x00000000c3680000, 0x00000000c3680000, 0x00000000c3890000)
 concurrent mark-sweep generation total 42368K, used 13819K [0x00000000d6e00000, 0x00000000d9760000, 0x0000000100000000)
 Metaspace       used 8497K, capacity 8640K, committed 8704K, reserved 1056768K
  class space    used 934K, capacity 984K, committed 1024K, reserved 1048576K
}
2022-08-07T09:28:59.728+0000: 1.639: Application time: 0.1983866 seconds
{Heap before GC invocations=7 (full 0):
 par new generation   total 19008K, used 18454K [0x00000000c2600000, 0x00000000c3aa0000, 0x00000000d6e00000)
  eden space 16896K, 100% used [0x00000000c2600000, 0x00000000c3680000, 0x00000000c3680000)
  from space 2112K,  73% used [0x00000000c3890000, 0x00000000c3a15998, 0x00000000c3aa0000)
  to   space 2112K,   0% used [0x00000000c3680000, 0x00000000c3680000, 0x00000000c3890000)
 concurrent mark-sweep generation total 42368K, used 13819K [0x00000000d6e00000, 0x00000000d9760000, 0x0000000100000000)
 Metaspace       used 9615K, capacity 9850K, committed 10240K, reserved 1058816K
  class space    used 1058K, capacity 1157K, committed 1280K, reserved 1048576K
2022-08-07T09:28:59.729+0000: 1.640: [GC (Allocation Failure) 2022-08-07T09:28:59.730+0000: 1.640: [ParNew: 18454K->1375K(19008K), 0.0084296 secs] 32273K->15675K(61376K), 0.0093363 secs] [Times: user=0.01 sys=0.00, real=0.01 secs] 
Heap after GC invocations=8 (full 0):
 par new generation   total 19008K, used 1375K [0x00000000c2600000, 0x00000000c3aa0000, 0x00000000d6e00000)
  eden space 16896K,   0% used [0x00000000c2600000, 0x00000000c2600000, 0x00000000c3680000)
  from space 2112K,  65% used [0x00000000c3680000, 0x00000000c37d7dd0, 0x00000000c3890000)
  to   space 2112K,   0% used [0x00000000c3890000, 0x00000000c3890000, 0x00000000c3aa0000)
 concurrent mark-sweep generation total 42368K, used 14299K [0x00000000d6e00000, 0x00000000d9760000, 0x0000000100000000)
 Metaspace       used 9615K, capacity 9850K, committed 10240K, reserved 1058816K
  class space    used 1058K, capacity 1157K, committed 1280K, reserved 1048576K
}
2022-08-07T09:28:59.877+0000: 1.788: Application time: 0.1383736 seconds
{Heap before GC invocations=8 (full 0):
 par new generation   total 19008K, used 18271K [0x00000000c2600000, 0x00000000c3aa0000, 0x00000000d6e00000)
  eden space 16896K, 100% used [0x00000000c2600000, 0x00000000c3680000, 0x00000000c3680000)
  from space 2112K,  65% used [0x00000000c3680000, 0x00000000c37d7dd0, 0x00000000c3890000)
  to   space 2112K,   0% used [0x00000000c3890000, 0x00000000c3890000, 0x00000000c3aa0000)
 concurrent mark-sweep generation total 42368K, used 14299K [0x00000000d6e00000, 0x00000000d9760000, 0x0000000100000000)
 Metaspace       used 10026K, capacity 10202K, committed 10496K, reserved 1058816K
  class space    used 1112K, capacity 1189K, committed 1280K, reserved 1048576K
2022-08-07T09:28:59.878+0000: 1.789: [GC (Allocation Failure) 2022-08-07T09:28:59.878+0000: 1.789: [ParNew: 18271K->1503K(19008K), 0.0052835 secs] 32571K->15929K(61376K), 0.0059406 secs] [Times: user=0.01 sys=0.00, real=0.01 secs] 
Heap after GC invocations=9 (full 0):
 par new generation   total 19008K, used 1503K [0x00000000c2600000, 0x00000000c3aa0000, 0x00000000d6e00000)
  eden space 16896K,   0% used [0x00000000c2600000, 0x00000000c2600000, 0x00000000c3680000)
  from space 2112K,  71% used [0x00000000c3890000, 0x00000000c3a07c18, 0x00000000c3aa0000)
  to   space 2112K,   0% used [0x00000000c3680000, 0x00000000c3680000, 0x00000000c3890000)
 concurrent mark-sweep generation total 42368K, used 14426K [0x00000000d6e00000, 0x00000000d9760000, 0x0000000100000000)
 Metaspace       used 10026K, capacity 10202K, committed 10496K, reserved 1058816K
  class space    used 1112K, capacity 1189K, committed 1280K, reserved 1048576K
}
2022-08-07T09:28:59.955+0000: 1.866: Application time: 0.0702572 seconds
{Heap before GC invocations=9 (full 0):
 par new generation   total 19008K, used 18399K [0x00000000c2600000, 0x00000000c3aa0000, 0x00000000d6e00000)
  eden space 16896K, 100% used [0x00000000c2600000, 0x00000000c3680000, 0x00000000c3680000)
  from space 2112K,  71% used [0x00000000c3890000, 0x00000000c3a07c18, 0x00000000c3aa0000)
  to   space 2112K,   0% used [0x00000000c3680000, 0x00000000c3680000, 0x00000000c3890000)
 concurrent mark-sweep generation total 42368K, used 14426K [0x00000000d6e00000, 0x00000000d9760000, 0x0000000100000000)
 Metaspace       used 10271K, capacity 10494K, committed 10752K, reserved 1058816K
  class space    used 1148K, capacity 1223K, committed 1280K, reserved 1048576K
2022-08-07T09:28:59.956+0000: 1.867: [GC (Allocation Failure) 2022-08-07T09:28:59.957+0000: 1.867: [ParNew: 18399K->1430K(19008K), 0.0035967 secs] 32825K->15857K(61376K), 0.0043236 secs] [Times: user=0.01 sys=0.00, real=0.01 secs] 
Heap after GC invocations=10 (full 0):
 par new generation   total 19008K, used 1430K [0x00000000c2600000, 0x00000000c3aa0000, 0x00000000d6e00000)
  eden space 16896K,   0% used [0x00000000c2600000, 0x00000000c2600000, 0x00000000c3680000)
  from space 2112K,  67% used [0x00000000c3680000, 0x00000000c37e5bf0, 0x00000000c3890000)
  to   space 2112K,   0% used [0x00000000c3890000, 0x00000000c3890000, 0x00000000c3aa0000)
 concurrent mark-sweep generation total 42368K, used 14426K [0x00000000d6e00000, 0x00000000d9760000, 0x0000000100000000)
 Metaspace       used 10271K, capacity 10494K, committed 10752K, reserved 1058816K
  class space    used 1148K, capacity 1223K, committed 1280K, reserved 1048576K
}
2022-08-07T09:29:00.045+0000: 1.956: Application time: 0.0840559 seconds
{Heap before GC invocations=10 (full 0):
 par new generation   total 19008K, used 18326K [0x00000000c2600000, 0x00000000c3aa0000, 0x00000000d6e00000)
  eden space 16896K, 100% used [0x00000000c2600000, 0x00000000c3680000, 0x00000000c3680000)
  from space 2112K,  67% used [0x00000000c3680000, 0x00000000c37e5bf0, 0x00000000c3890000)
  to   space 2112K,   0% used [0x00000000c3890000, 0x00000000c3890000, 0x00000000c3aa0000)
 concurrent mark-sweep generation total 42368K, used 14426K [0x00000000d6e00000, 0x00000000d9760000, 0x0000000100000000)
 Metaspace       used 10824K, capacity 11038K, committed 11136K, reserved 1058816K
  class space    used 1224K, capacity 1339K, committed 1408K, reserved 1048576K
2022-08-07T09:29:00.046+0000: 1.957: [GC (Allocation Failure) 2022-08-07T09:29:00.047+0000: 1.957: [ParNew: 18326K->1190K(19008K), 0.0057092 secs] 32753K->15617K(61376K), 0.0063345 secs] [Times: user=0.01 sys=0.00, real=0.01 secs] 
Heap after GC invocations=11 (full 0):
 par new generation   total 19008K, used 1190K [0x00000000c2600000, 0x00000000c3aa0000, 0x00000000d6e00000)
  eden space 16896K,   0% used [0x00000000c2600000, 0x00000000c2600000, 0x00000000c3680000)
  from space 2112K,  56% used [0x00000000c3890000, 0x00000000c39b9a70, 0x00000000c3aa0000)
  to   space 2112K,   0% used [0x00000000c3680000, 0x00000000c3680000, 0x00000000c3890000)
 concurrent mark-sweep generation total 42368K, used 14426K [0x00000000d6e00000, 0x00000000d9760000, 0x0000000100000000)
 Metaspace       used 10824K, capacity 11038K, committed 11136K, reserved 1058816K
  class space    used 1224K, capacity 1339K, committed 1408K, reserved 1048576K
}
2022-08-07T09:29:00.081+0000: 1.992: Application time: 0.0279835 seconds
{Heap before GC invocations=11 (full 0):
 par new generation   total 19008K, used 18086K [0x00000000c2600000, 0x00000000c3aa0000, 0x00000000d6e00000)
  eden space 16896K, 100% used [0x00000000c2600000, 0x00000000c3680000, 0x00000000c3680000)
  from space 2112K,  56% used [0x00000000c3890000, 0x00000000c39b9a70, 0x00000000c3aa0000)
  to   space 2112K,   0% used [0x00000000c3680000, 0x00000000c3680000, 0x00000000c3890000)
 concurrent mark-sweep generation total 42368K, used 14426K [0x00000000d6e00000, 0x00000000d9760000, 0x0000000100000000)
 Metaspace       used 11061K, capacity 11332K, committed 11392K, reserved 1058816K
  class space    used 1261K, capacity 1372K, committed 1408K, reserved 1048576K
2022-08-07T09:29:00.082+0000: 1.993: [GC (Allocation Failure) 2022-08-07T09:29:00.082+0000: 1.993: [ParNew: 18086K->1490K(19008K), 0.0039077 secs] 32513K->15916K(61376K), 0.0044444 secs] [Times: user=0.00 sys=0.00, real=0.00 secs] 
Heap after GC invocations=12 (full 0):
 par new generation   total 19008K, used 1490K [0x00000000c2600000, 0x00000000c3aa0000, 0x00000000d6e00000)
  eden space 16896K,   0% used [0x00000000c2600000, 0x00000000c2600000, 0x00000000c3680000)
  from space 2112K,  70% used [0x00000000c3680000, 0x00000000c37f4830, 0x00000000c3890000)
  to   space 2112K,   0% used [0x00000000c3890000, 0x00000000c3890000, 0x00000000c3aa0000)
 concurrent mark-sweep generation total 42368K, used 14426K [0x00000000d6e00000, 0x00000000d9760000, 0x0000000100000000)
 Metaspace       used 11061K, capacity 11332K, committed 11392K, reserved 1058816K
  class space    used 1261K, capacity 1372K, committed 1408K, reserved 1048576K
}
2022-08-07T09:29:00.125+0000: 2.036: Application time: 0.0382392 seconds
{Heap before GC invocations=12 (full 0):
 par new generation   total 19008K, used 18386K [0x00000000c2600000, 0x00000000c3aa0000, 0x00000000d6e00000)
  eden space 16896K, 100% used [0x00000000c2600000, 0x00000000c3680000, 0x00000000c3680000)
  from space 2112K,  70% used [0x00000000c3680000, 0x00000000c37f4830, 0x00000000c3890000)
  to   space 2112K,   0% used [0x00000000c3890000, 0x00000000c3890000, 0x00000000c3aa0000)
 concurrent mark-sweep generation total 42368K, used 14426K [0x00000000d6e00000, 0x00000000d9760000, 0x0000000100000000)
 Metaspace       used 11231K, capacity 11486K, committed 11648K, reserved 1058816K
  class space    used 1285K, capacity 1377K, committed 1408K, reserved 1048576K
2022-08-07T09:29:00.126+0000: 2.036: [GC (Allocation Failure) 2022-08-07T09:29:00.126+0000: 2.037: [ParNew: 18386K->1979K(19008K), 0.0216527 secs] 32812K->16406K(61376K), 0.0224209 secs] [Times: user=0.03 sys=0.00, real=0.02 secs] 
Heap after GC invocations=13 (full 0):
 par new generation   total 19008K, used 1979K [0x00000000c2600000, 0x00000000c3aa0000, 0x00000000d6e00000)
  eden space 16896K,   0% used [0x00000000c2600000, 0x00000000c2600000, 0x00000000c3680000)
  from space 2112K,  93% used [0x00000000c3890000, 0x00000000c3a7ee48, 0x00000000c3aa0000)
  to   space 2112K,   0% used [0x00000000c3680000, 0x00000000c3680000, 0x00000000c3890000)
 concurrent mark-sweep generation total 42368K, used 14426K [0x00000000d6e00000, 0x00000000d9760000, 0x0000000100000000)
 Metaspace       used 11231K, capacity 11486K, committed 11648K, reserved 1058816K
  class space    used 1285K, capacity 1377K, committed 1408K, reserved 1048576K
}
2022-08-07T09:29:00.179+0000: 2.090: Application time: 0.0304136 seconds
{Heap before GC invocations=13 (full 0):
 par new generation   total 19008K, used 18875K [0x00000000c2600000, 0x00000000c3aa0000, 0x00000000d6e00000)
  eden space 16896K, 100% used [0x00000000c2600000, 0x00000000c3680000, 0x00000000c3680000)
  from space 2112K,  93% used [0x00000000c3890000, 0x00000000c3a7ee48, 0x00000000c3aa0000)
  to   space 2112K,   0% used [0x00000000c3680000, 0x00000000c3680000, 0x00000000c3890000)
 concurrent mark-sweep generation total 42368K, used 14426K [0x00000000d6e00000, 0x00000000d9760000, 0x0000000100000000)
 Metaspace       used 11448K, capacity 11710K, committed 12032K, reserved 1060864K
  class space    used 1313K, capacity 1409K, committed 1536K, reserved 1048576K
2022-08-07T09:29:00.180+0000: 2.090: [GC (Allocation Failure) 2022-08-07T09:29:00.180+0000: 2.091: [ParNew: 18875K->1238K(19008K), 0.0076990 secs] 33302K->16126K(61376K), 0.0086633 secs] [Times: user=0.01 sys=0.00, real=0.01 secs] 
Heap after GC invocations=14 (full 0):
 par new generation   total 19008K, used 1238K [0x00000000c2600000, 0x00000000c3aa0000, 0x00000000d6e00000)
  eden space 16896K,   0% used [0x00000000c2600000, 0x00000000c2600000, 0x00000000c3680000)
  from space 2112K,  58% used [0x00000000c3680000, 0x00000000c37b5ac0, 0x00000000c3890000)
  to   space 2112K,   0% used [0x00000000c3890000, 0x00000000c3890000, 0x00000000c3aa0000)
 concurrent mark-sweep generation total 42368K, used 14887K [0x00000000d6e00000, 0x00000000d9760000, 0x0000000100000000)
 Metaspace       used 11448K, capacity 11710K, committed 12032K, reserved 1060864K
  class space    used 1313K, capacity 1409K, committed 1536K, reserved 1048576K
}
2022-08-07T09:29:00.224+0000: 2.135: Application time: 0.0353537 seconds
{Heap before GC invocations=14 (full 0):
 par new generation   total 19008K, used 18134K [0x00000000c2600000, 0x00000000c3aa0000, 0x00000000d6e00000)
  eden space 16896K, 100% used [0x00000000c2600000, 0x00000000c3680000, 0x00000000c3680000)
  from space 2112K,  58% used [0x00000000c3680000, 0x00000000c37b5ac0, 0x00000000c3890000)
  to   space 2112K,   0% used [0x00000000c3890000, 0x00000000c3890000, 0x00000000c3aa0000)
 concurrent mark-sweep generation total 42368K, used 14887K [0x00000000d6e00000, 0x00000000d9760000, 0x0000000100000000)
 Metaspace       used 11789K, capacity 12012K, committed 12288K, reserved 1060864K
  class space    used 1340K, capacity 1444K, committed 1536K, reserved 1048576K
2022-08-07T09:29:00.225+0000: 2.136: [GC (Allocation Failure) 2022-08-07T09:29:00.226+0000: 2.136: [ParNew: 18134K->1012K(19008K), 0.0031019 secs] 33022K->15900K(61376K), 0.0038169 secs] [Times: user=0.02 sys=0.00, real=0.00 secs] 
Heap after GC invocations=15 (full 0):
 par new generation   total 19008K, used 1012K [0x00000000c2600000, 0x00000000c3aa0000, 0x00000000d6e00000)
  eden space 16896K,   0% used [0x00000000c2600000, 0x00000000c2600000, 0x00000000c3680000)
  from space 2112K,  47% used [0x00000000c3890000, 0x00000000c398d178, 0x00000000c3aa0000)
  to   space 2112K,   0% used [0x00000000c3680000, 0x00000000c3680000, 0x00000000c3890000)
 concurrent mark-sweep generation total 42368K, used 14887K [0x00000000d6e00000, 0x00000000d9760000, 0x0000000100000000)
 Metaspace       used 11789K, capacity 12012K, committed 12288K, reserved 1060864K
  class space    used 1340K, capacity 1444K, committed 1536K, reserved 1048576K
}
2022-08-07T09:29:00.252+0000: 2.163: Application time: 0.0224501 seconds
{Heap before GC invocations=15 (full 0):
 par new generation   total 19008K, used 17908K [0x00000000c2600000, 0x00000000c3aa0000, 0x00000000d6e00000)
  eden space 16896K, 100% used [0x00000000c2600000, 0x00000000c3680000, 0x00000000c3680000)
  from space 2112K,  47% used [0x00000000c3890000, 0x00000000c398d178, 0x00000000c3aa0000)
  to   space 2112K,   0% used [0x00000000c3680000, 0x00000000c3680000, 0x00000000c3890000)
 concurrent mark-sweep generation total 42368K, used 14887K [0x00000000d6e00000, 0x00000000d9760000, 0x0000000100000000)
 Metaspace       used 12072K, capacity 12364K, committed 12544K, reserved 1060864K
  class space    used 1364K, capacity 1476K, committed 1536K, reserved 1048576K
2022-08-07T09:29:00.253+0000: 2.164: [GC (Allocation Failure) 2022-08-07T09:29:00.254+0000: 2.164: [ParNew: 17908K->1094K(19008K), 0.0033372 secs] 32796K->15982K(61376K), 0.0041997 secs] [Times: user=0.01 sys=0.00, real=0.00 secs] 
Heap after GC invocations=16 (full 0):
 par new generation   total 19008K, used 1094K [0x00000000c2600000, 0x00000000c3aa0000, 0x00000000d6e00000)
  eden space 16896K,   0% used [0x00000000c2600000, 0x00000000c2600000, 0x00000000c3680000)
  from space 2112K,  51% used [0x00000000c3680000, 0x00000000c3791ba8, 0x00000000c3890000)
  to   space 2112K,   0% used [0x00000000c3890000, 0x00000000c3890000, 0x00000000c3aa0000)
 concurrent mark-sweep generation total 42368K, used 14887K [0x00000000d6e00000, 0x00000000d9760000, 0x0000000100000000)
 Metaspace       used 12072K, capacity 12364K, committed 12544K, reserved 1060864K
  class space    used 1364K, capacity 1476K, committed 1536K, reserved 1048576K
}
2022-08-07T09:29:00.314+0000: 2.224: Application time: 0.0555824 seconds
{Heap before GC invocations=16 (full 0):
 par new generation   total 19008K, used 17990K [0x00000000c2600000, 0x00000000c3aa0000, 0x00000000d6e00000)
  eden space 16896K, 100% used [0x00000000c2600000, 0x00000000c3680000, 0x00000000c3680000)
  from space 2112K,  51% used [0x00000000c3680000, 0x00000000c3791ba8, 0x00000000c3890000)
  to   space 2112K,   0% used [0x00000000c3890000, 0x00000000c3890000, 0x00000000c3aa0000)
 concurrent mark-sweep generation total 42368K, used 14887K [0x00000000d6e00000, 0x00000000d9760000, 0x0000000100000000)
 Metaspace       used 12711K, capacity 12992K, committed 13184K, reserved 1060864K
  class space    used 1432K, capacity 1558K, committed 1664K, reserved 1048576K
2022-08-07T09:29:00.314+0000: 2.225: [GC (Allocation Failure) 2022-08-07T09:29:00.315+0000: 2.225: [ParNew: 17990K->1265K(19008K), 0.0039972 secs] 32878K->16360K(61376K), 0.0048118 secs] [Times: user=0.01 sys=0.00, real=0.00 secs] 
Heap after GC invocations=17 (full 0):
 par new generation   total 19008K, used 1265K [0x00000000c2600000, 0x00000000c3aa0000, 0x00000000d6e00000)
  eden space 16896K,   0% used [0x00000000c2600000, 0x00000000c2600000, 0x00000000c3680000)
  from space 2112K,  59% used [0x00000000c3890000, 0x00000000c39cc648, 0x00000000c3aa0000)
  to   space 2112K,   0% used [0x00000000c3680000, 0x00000000c3680000, 0x00000000c3890000)
 concurrent mark-sweep generation total 42368K, used 15094K [0x00000000d6e00000, 0x00000000d9760000, 0x0000000100000000)
 Metaspace       used 12711K, capacity 12992K, committed 13184K, reserved 1060864K
  class space    used 1432K, capacity 1558K, committed 1664K, reserved 1048576K
}
2022-08-07T09:29:00.369+0000: 2.279: Application time: 0.0488253 seconds
{Heap before GC invocations=17 (full 0):
 par new generation   total 19008K, used 18161K [0x00000000c2600000, 0x00000000c3aa0000, 0x00000000d6e00000)
  eden space 16896K, 100% used [0x00000000c2600000, 0x00000000c3680000, 0x00000000c3680000)
  from space 2112K,  59% used [0x00000000c3890000, 0x00000000c39cc648, 0x00000000c3aa0000)
  to   space 2112K,   0% used [0x00000000c3680000, 0x00000000c3680000, 0x00000000c3890000)
 concurrent mark-sweep generation total 42368K, used 15094K [0x00000000d6e00000, 0x00000000d9760000, 0x0000000100000000)
 Metaspace       used 13041K, capacity 13344K, committed 13440K, reserved 1060864K
  class space    used 1468K, capacity 1590K, committed 1664K, reserved 1048576K
2022-08-07T09:29:00.369+0000: 2.280: [GC (Allocation Failure) 2022-08-07T09:29:00.370+0000: 2.280: [ParNew: 18161K->1438K(19008K), 0.0034504 secs] 33256K->16614K(61376K), 0.0043951 secs] [Times: user=0.01 sys=0.00, real=0.01 secs] 
Heap after GC invocations=18 (full 0):
 par new generation   total 19008K, used 1438K [0x00000000c2600000, 0x00000000c3aa0000, 0x00000000d6e00000)
  eden space 16896K,   0% used [0x00000000c2600000, 0x00000000c2600000, 0x00000000c3680000)
  from space 2112K,  68% used [0x00000000c3680000, 0x00000000c37e7800, 0x00000000c3890000)
  to   space 2112K,   0% used [0x00000000c3890000, 0x00000000c3890000, 0x00000000c3aa0000)
 concurrent mark-sweep generation total 42368K, used 15176K [0x00000000d6e00000, 0x00000000d9760000, 0x0000000100000000)
 Metaspace       used 13041K, capacity 13344K, committed 13440K, reserved 1060864K
  class space    used 1468K, capacity 1590K, committed 1664K, reserved 1048576K
}
2022-08-07T09:29:00.410+0000: 2.321: Application time: 0.0356949 seconds
{Heap before GC invocations=18 (full 0):
 par new generation   total 19008K, used 18334K [0x00000000c2600000, 0x00000000c3aa0000, 0x00000000d6e00000)
  eden space 16896K, 100% used [0x00000000c2600000, 0x00000000c3680000, 0x00000000c3680000)
  from space 2112K,  68% used [0x00000000c3680000, 0x00000000c37e7800, 0x00000000c3890000)
  to   space 2112K,   0% used [0x00000000c3890000, 0x00000000c3890000, 0x00000000c3aa0000)
 concurrent mark-sweep generation total 42368K, used 15176K [0x00000000d6e00000, 0x00000000d9760000, 0x0000000100000000)
 Metaspace       used 13425K, capacity 13740K, committed 13952K, reserved 1060864K
  class space    used 1513K, capacity 1630K, committed 1664K, reserved 1048576K
2022-08-07T09:29:00.411+0000: 2.322: [GC (Allocation Failure) 2022-08-07T09:29:00.412+0000: 2.322: [ParNew: 18334K->1135K(19008K), 0.0038219 secs] 33510K->16358K(61376K), 0.0047699 secs] [Times: user=0.01 sys=0.00, real=0.00 secs] 
Heap after GC invocations=19 (full 0):
 par new generation   total 19008K, used 1135K [0x00000000c2600000, 0x00000000c3aa0000, 0x00000000d6e00000)
  eden space 16896K,   0% used [0x00000000c2600000, 0x00000000c2600000, 0x00000000c3680000)
  from space 2112K,  53% used [0x00000000c3890000, 0x00000000c39abf98, 0x00000000c3aa0000)
  to   space 2112K,   0% used [0x00000000c3680000, 0x00000000c3680000, 0x00000000c3890000)
 concurrent mark-sweep generation total 42368K, used 15222K [0x00000000d6e00000, 0x00000000d9760000, 0x0000000100000000)
 Metaspace       used 13425K, capacity 13740K, committed 13952K, reserved 1060864K
  class space    used 1513K, capacity 1630K, committed 1664K, reserved 1048576K
}
2022-08-07T09:29:00.450+0000: 2.361: Application time: 0.0335030 seconds
{Heap before GC invocations=19 (full 0):
 par new generation   total 19008K, used 18031K [0x00000000c2600000, 0x00000000c3aa0000, 0x00000000d6e00000)
  eden space 16896K, 100% used [0x00000000c2600000, 0x00000000c3680000, 0x00000000c3680000)
  from space 2112K,  53% used [0x00000000c3890000, 0x00000000c39abf98, 0x00000000c3aa0000)
  to   space 2112K,   0% used [0x00000000c3680000, 0x00000000c3680000, 0x00000000c3890000)
 concurrent mark-sweep generation total 42368K, used 15222K [0x00000000d6e00000, 0x00000000d9760000, 0x0000000100000000)
 Metaspace       used 13846K, capacity 14140K, committed 14336K, reserved 1062912K
  class space    used 1564K, capacity 1676K, committed 1792K, reserved 1048576K
2022-08-07T09:29:00.451+0000: 2.362: [GC (Allocation Failure) 2022-08-07T09:29:00.452+0000: 2.362: [ParNew: 18031K->1113K(19008K), 0.0033901 secs] 33254K->16428K(61376K), 0.0053445 secs] [Times: user=0.00 sys=0.00, real=0.00 secs] 
Heap after GC invocations=20 (full 0):
 par new generation   total 19008K, used 1113K [0x00000000c2600000, 0x00000000c3aa0000, 0x00000000d6e00000)
  eden space 16896K,   0% used [0x00000000c2600000, 0x00000000c2600000, 0x00000000c3680000)
  from space 2112K,  52% used [0x00000000c3680000, 0x00000000c3796458, 0x00000000c3890000)
  to   space 2112K,   0% used [0x00000000c3890000, 0x00000000c3890000, 0x00000000c3aa0000)
 concurrent mark-sweep generation total 42368K, used 15315K [0x00000000d6e00000, 0x00000000d9760000, 0x0000000100000000)
 Metaspace       used 13846K, capacity 14140K, committed 14336K, reserved 1062912K
  class space    used 1564K, capacity 1676K, committed 1792K, reserved 1048576K
}
2022-08-07T09:29:00.493+0000: 2.404: Application time: 0.0362221 seconds
2022-08-07T09:29:00.497+0000: 2.408: Application time: 0.0035189 seconds
{Heap before GC invocations=20 (full 0):
 par new generation   total 19008K, used 18009K [0x00000000c2600000, 0x00000000c3aa0000, 0x00000000d6e00000)
  eden space 16896K, 100% used [0x00000000c2600000, 0x00000000c3680000, 0x00000000c3680000)
  from space 2112K,  52% used [0x00000000c3680000, 0x00000000c3796458, 0x00000000c3890000)
  to   space 2112K,   0% used [0x00000000c3890000, 0x00000000c3890000, 0x00000000c3aa0000)
 concurrent mark-sweep generation total 42368K, used 15315K [0x00000000d6e00000, 0x00000000d9760000, 0x0000000100000000)
 Metaspace       used 14243K, capacity 14650K, committed 14848K, reserved 1062912K
  class space    used 1620K, capacity 1751K, committed 1792K, reserved 1048576K
2022-08-07T09:29:00.498+0000: 2.409: [GC (Allocation Failure) 2022-08-07T09:29:00.498+0000: 2.409: [ParNew: 18009K->1055K(19008K), 0.0032240 secs] 33324K->16420K(61376K), 0.0039973 secs] [Times: user=0.01 sys=0.00, real=0.01 secs] 
Heap after GC invocations=21 (full 0):
 par new generation   total 19008K, used 1055K [0x00000000c2600000, 0x00000000c3aa0000, 0x00000000d6e00000)
  eden space 16896K,   0% used [0x00000000c2600000, 0x00000000c2600000, 0x00000000c3680000)
  from space 2112K,  49% used [0x00000000c3890000, 0x00000000c3997c70, 0x00000000c3aa0000)
  to   space 2112K,   0% used [0x00000000c3680000, 0x00000000c3680000, 0x00000000c3890000)
 concurrent mark-sweep generation total 42368K, used 15365K [0x00000000d6e00000, 0x00000000d9760000, 0x0000000100000000)
 Metaspace       used 14243K, capacity 14650K, committed 14848K, reserved 1062912K
  class space    used 1620K, capacity 1751K, committed 1792K, reserved 1048576K
}
2022-08-07T09:29:00.553+0000: 2.463: Application time: 0.0502044 seconds
{Heap before GC invocations=21 (full 0):
 par new generation   total 19008K, used 17951K [0x00000000c2600000, 0x00000000c3aa0000, 0x00000000d6e00000)
  eden space 16896K, 100% used [0x00000000c2600000, 0x00000000c3680000, 0x00000000c3680000)
  from space 2112K,  49% used [0x00000000c3890000, 0x00000000c3997c70, 0x00000000c3aa0000)
  to   space 2112K,   0% used [0x00000000c3680000, 0x00000000c3680000, 0x00000000c3890000)
 concurrent mark-sweep generation total 42368K, used 15365K [0x00000000d6e00000, 0x00000000d9760000, 0x0000000100000000)
 Metaspace       used 14741K, capacity 15172K, committed 15488K, reserved 1062912K
  class space    used 1694K, capacity 1840K, committed 1920K, reserved 1048576K
2022-08-07T09:29:00.553+0000: 2.464: [GC (Allocation Failure) 2022-08-07T09:29:00.554+0000: 2.464: [ParNew: 17951K->1228K(19008K), 0.0043319 secs] 33316K->16651K(61376K), 0.0050611 secs] [Times: user=0.01 sys=0.00, real=0.00 secs] 
Heap after GC invocations=22 (full 0):
 par new generation   total 19008K, used 1228K [0x00000000c2600000, 0x00000000c3aa0000, 0x00000000d6e00000)
  eden space 16896K,   0% used [0x00000000c2600000, 0x00000000c2600000, 0x00000000c3680000)
  from space 2112K,  58% used [0x00000000c3680000, 0x00000000c37b3018, 0x00000000c3890000)
  to   space 2112K,   0% used [0x00000000c3890000, 0x00000000c3890000, 0x00000000c3aa0000)
 concurrent mark-sweep generation total 42368K, used 15423K [0x00000000d6e00000, 0x00000000d9760000, 0x0000000100000000)
 Metaspace       used 14741K, capacity 15172K, committed 15488K, reserved 1062912K
  class space    used 1694K, capacity 1840K, committed 1920K, reserved 1048576K
}
2022-08-07T09:29:00.585+0000: 2.496: Application time: 0.0262187 seconds
{Heap before GC invocations=22 (full 0):
 par new generation   total 19008K, used 18124K [0x00000000c2600000, 0x00000000c3aa0000, 0x00000000d6e00000)
  eden space 16896K, 100% used [0x00000000c2600000, 0x00000000c3680000, 0x00000000c3680000)
  from space 2112K,  58% used [0x00000000c3680000, 0x00000000c37b3018, 0x00000000c3890000)
  to   space 2112K,   0% used [0x00000000c3890000, 0x00000000c3890000, 0x00000000c3aa0000)
 concurrent mark-sweep generation total 42368K, used 15423K [0x00000000d6e00000, 0x00000000d9760000, 0x0000000100000000)
 Metaspace       used 14962K, capacity 15336K, committed 15488K, reserved 1062912K
  class space    used 1723K, capacity 1850K, committed 1920K, reserved 1048576K
2022-08-07T09:29:00.586+0000: 2.497: [GC (Allocation Failure) 2022-08-07T09:29:00.586+0000: 2.497: [ParNew: 18124K->1359K(19008K), 0.0034821 secs] 33547K->16833K(61376K), 0.0041135 secs] [Times: user=0.01 sys=0.00, real=0.00 secs] 
Heap after GC invocations=23 (full 0):
 par new generation   total 19008K, used 1359K [0x00000000c2600000, 0x00000000c3aa0000, 0x00000000d6e00000)
  eden space 16896K,   0% used [0x00000000c2600000, 0x00000000c2600000, 0x00000000c3680000)
  from space 2112K,  64% used [0x00000000c3890000, 0x00000000c39e3d88, 0x00000000c3aa0000)
  to   space 2112K,   0% used [0x00000000c3680000, 0x00000000c3680000, 0x00000000c3890000)
 concurrent mark-sweep generation total 42368K, used 15474K [0x00000000d6e00000, 0x00000000d9760000, 0x0000000100000000)
 Metaspace       used 14962K, capacity 15336K, committed 15488K, reserved 1062912K
  class space    used 1723K, capacity 1850K, committed 1920K, reserved 1048576K
}
2022-08-07T09:29:00.623+0000: 2.534: Application time: 0.0327699 seconds
{Heap before GC invocations=23 (full 0):
 par new generation   total 19008K, used 18255K [0x00000000c2600000, 0x00000000c3aa0000, 0x00000000d6e00000)
  eden space 16896K, 100% used [0x00000000c2600000, 0x00000000c3680000, 0x00000000c3680000)
  from space 2112K,  64% used [0x00000000c3890000, 0x00000000c39e3d88, 0x00000000c3aa0000)
  to   space 2112K,   0% used [0x00000000c3680000, 0x00000000c3680000, 0x00000000c3890000)
 concurrent mark-sweep generation total 42368K, used 15474K [0x00000000d6e00000, 0x00000000d9760000, 0x0000000100000000)
 Metaspace       used 15241K, capacity 15670K, committed 15744K, reserved 1062912K
  class space    used 1776K, capacity 1917K, committed 1920K, reserved 1048576K
2022-08-07T09:29:00.624+0000: 2.535: [GC (Allocation Failure) 2022-08-07T09:29:00.624+0000: 2.535: [ParNew: 18255K->1093K(19008K), 0.0039859 secs] 33729K->16643K(61376K), 0.0045804 secs] [Times: user=0.01 sys=0.00, real=0.00 secs] 
Heap after GC invocations=24 (full 0):
 par new generation   total 19008K, used 1093K [0x00000000c2600000, 0x00000000c3aa0000, 0x00000000d6e00000)
  eden space 16896K,   0% used [0x00000000c2600000, 0x00000000c2600000, 0x00000000c3680000)
  from space 2112K,  51% used [0x00000000c3680000, 0x00000000c3791588, 0x00000000c3890000)
  to   space 2112K,   0% used [0x00000000c3890000, 0x00000000c3890000, 0x00000000c3aa0000)
 concurrent mark-sweep generation total 42368K, used 15550K [0x00000000d6e00000, 0x00000000d9760000, 0x0000000100000000)
 Metaspace       used 15241K, capacity 15670K, committed 15744K, reserved 1062912K
  class space    used 1776K, capacity 1917K, committed 1920K, reserved 1048576K
}
2022-08-07T09:29:00.662+0000: 2.573: Application time: 0.0328512 seconds
{Heap before GC invocations=24 (full 0):
 par new generation   total 19008K, used 17989K [0x00000000c2600000, 0x00000000c3aa0000, 0x00000000d6e00000)
  eden space 16896K, 100% used [0x00000000c2600000, 0x00000000c3680000, 0x00000000c3680000)
  from space 2112K,  51% used [0x00000000c3680000, 0x00000000c3791588, 0x00000000c3890000)
  to   space 2112K,   0% used [0x00000000c3890000, 0x00000000c3890000, 0x00000000c3aa0000)
 concurrent mark-sweep generation total 42368K, used 15550K [0x00000000d6e00000, 0x00000000d9760000, 0x0000000100000000)
 Metaspace       used 15553K, capacity 15958K, committed 16128K, reserved 1062912K
  class space    used 1829K, capacity 1949K, committed 2048K, reserved 1048576K
2022-08-07T09:29:00.663+0000: 2.574: [GC (Allocation Failure) 2022-08-07T09:29:00.663+0000: 2.574: [ParNew: 17989K->1107K(19008K), 0.0033421 secs] 33539K->16707K(61376K), 0.0040415 secs] [Times: user=0.01 sys=0.00, real=0.00 secs] 
Heap after GC invocations=25 (full 0):
 par new generation   total 19008K, used 1107K [0x00000000c2600000, 0x00000000c3aa0000, 0x00000000d6e00000)
  eden space 16896K,   0% used [0x00000000c2600000, 0x00000000c2600000, 0x00000000c3680000)
  from space 2112K,  52% used [0x00000000c3890000, 0x00000000c39a4f28, 0x00000000c3aa0000)
  to   space 2112K,   0% used [0x00000000c3680000, 0x00000000c3680000, 0x00000000c3890000)
 concurrent mark-sweep generation total 42368K, used 15599K [0x00000000d6e00000, 0x00000000d9760000, 0x0000000100000000)
 Metaspace       used 15553K, capacity 15958K, committed 16128K, reserved 1062912K
  class space    used 1829K, capacity 1949K, committed 2048K, reserved 1048576K
}
2022-08-07T09:29:00.703+0000: 2.613: Application time: 0.0349203 seconds
{Heap before GC invocations=25 (full 0):
 par new generation   total 19008K, used 18003K [0x00000000c2600000, 0x00000000c3aa0000, 0x00000000d6e00000)
  eden space 16896K, 100% used [0x00000000c2600000, 0x00000000c3680000, 0x00000000c3680000)
  from space 2112K,  52% used [0x00000000c3890000, 0x00000000c39a4f28, 0x00000000c3aa0000)
  to   space 2112K,   0% used [0x00000000c3680000, 0x00000000c3680000, 0x00000000c3890000)
 concurrent mark-sweep generation total 42368K, used 15599K [0x00000000d6e00000, 0x00000000d9760000, 0x0000000100000000)
 Metaspace       used 15794K, capacity 16246K, committed 16384K, reserved 1062912K
  class space    used 1881K, capacity 2045K, committed 2048K, reserved 1048576K
2022-08-07T09:29:00.703+0000: 2.614: [GC (Allocation Failure) 2022-08-07T09:29:00.704+0000: 2.614: [ParNew: 18003K->1116K(19008K), 0.0057882 secs] 33603K->16856K(61376K), 0.0065455 secs] [Times: user=0.01 sys=0.00, real=0.00 secs] 
Heap after GC invocations=26 (full 0):
 par new generation   total 19008K, used 1116K [0x00000000c2600000, 0x00000000c3aa0000, 0x00000000d6e00000)
  eden space 16896K,   0% used [0x00000000c2600000, 0x00000000c2600000, 0x00000000c3680000)
  from space 2112K,  52% used [0x00000000c3680000, 0x00000000c3797190, 0x00000000c3890000)
  to   space 2112K,   0% used [0x00000000c3890000, 0x00000000c3890000, 0x00000000c3aa0000)
 concurrent mark-sweep generation total 42368K, used 15739K [0x00000000d6e00000, 0x00000000d9760000, 0x0000000100000000)
 Metaspace       used 15794K, capacity 16246K, committed 16384K, reserved 1062912K
  class space    used 1881K, capacity 2045K, committed 2048K, reserved 1048576K
}
2022-08-07T09:29:00.755+0000: 2.665: Application time: 0.0441833 seconds
2022-08-07T09:29:00.780+0000: 2.690: Application time: 0.0219746 seconds
{Heap before GC invocations=26 (full 0):
 par new generation   total 19008K, used 18012K [0x00000000c2600000, 0x00000000c3aa0000, 0x00000000d6e00000)
  eden space 16896K, 100% used [0x00000000c2600000, 0x00000000c3680000, 0x00000000c3680000)
  from space 2112K,  52% used [0x00000000c3680000, 0x00000000c3797190, 0x00000000c3890000)
  to   space 2112K,   0% used [0x00000000c3890000, 0x00000000c3890000, 0x00000000c3aa0000)
 concurrent mark-sweep generation total 42368K, used 15739K [0x00000000d6e00000, 0x00000000d9760000, 0x0000000100000000)
 Metaspace       used 16049K, capacity 16530K, committed 16768K, reserved 1064960K
  class space    used 1936K, capacity 2089K, committed 2176K, reserved 1048576K
2022-08-07T09:29:00.780+0000: 2.691: [GC (Allocation Failure) 2022-08-07T09:29:00.781+0000: 2.691: [ParNew: 18012K->1294K(19008K), 0.0036023 secs] 33752K->17091K(61376K), 0.0046343 secs] [Times: user=0.01 sys=0.00, real=0.01 secs] 
Heap after GC invocations=27 (full 0):
 par new generation   total 19008K, used 1294K [0x00000000c2600000, 0x00000000c3aa0000, 0x00000000d6e00000)
  eden space 16896K,   0% used [0x00000000c2600000, 0x00000000c2600000, 0x00000000c3680000)
  from space 2112K,  61% used [0x00000000c3890000, 0x00000000c39d3b08, 0x00000000c3aa0000)
  to   space 2112K,   0% used [0x00000000c3680000, 0x00000000c3680000, 0x00000000c3890000)
 concurrent mark-sweep generation total 42368K, used 15797K [0x00000000d6e00000, 0x00000000d9760000, 0x0000000100000000)
 Metaspace       used 16049K, capacity 16530K, committed 16768K, reserved 1064960K
  class space    used 1936K, capacity 2089K, committed 2176K, reserved 1048576K
}
2022-08-07T09:29:00.823+0000: 2.734: Application time: 0.0376959 seconds
{Heap before GC invocations=27 (full 0):
 par new generation   total 19008K, used 18190K [0x00000000c2600000, 0x00000000c3aa0000, 0x00000000d6e00000)
  eden space 16896K, 100% used [0x00000000c2600000, 0x00000000c3680000, 0x00000000c3680000)
  from space 2112K,  61% used [0x00000000c3890000, 0x00000000c39d3b08, 0x00000000c3aa0000)
  to   space 2112K,   0% used [0x00000000c3680000, 0x00000000c3680000, 0x00000000c3890000)
 concurrent mark-sweep generation total 42368K, used 15797K [0x00000000d6e00000, 0x00000000d9760000, 0x0000000100000000)
 Metaspace       used 16204K, capacity 16712K, committed 16768K, reserved 1064960K
  class space    used 1963K, capacity 2128K, committed 2176K, reserved 1048576K
2022-08-07T09:29:00.824+0000: 2.735: [GC (Allocation Failure) 2022-08-07T09:29:00.825+0000: 2.735: [ParNew: 18190K->1294K(19008K), 0.0055053 secs] 33987K->17166K(61376K), 0.0065493 secs] [Times: user=0.01 sys=0.00, real=0.01 secs] 
Heap after GC invocations=28 (full 0):
 par new generation   total 19008K, used 1294K [0x00000000c2600000, 0x00000000c3aa0000, 0x00000000d6e00000)
  eden space 16896K,   0% used [0x00000000c2600000, 0x00000000c2600000, 0x00000000c3680000)
  from space 2112K,  61% used [0x00000000c3680000, 0x00000000c37c3ad8, 0x00000000c3890000)
  to   space 2112K,   0% used [0x00000000c3890000, 0x00000000c3890000, 0x00000000c3aa0000)
 concurrent mark-sweep generation total 42368K, used 15871K [0x00000000d6e00000, 0x00000000d9760000, 0x0000000100000000)
 Metaspace       used 16204K, capacity 16712K, committed 16768K, reserved 1064960K
  class space    used 1963K, capacity 2128K, committed 2176K, reserved 1048576K
}
2022-08-07T09:29:00.951+0000: 2.862: Application time: 0.1199340 seconds
{Heap before GC invocations=28 (full 0):
 par new generation   total 19008K, used 18190K [0x00000000c2600000, 0x00000000c3aa0000, 0x00000000d6e00000)
  eden space 16896K, 100% used [0x00000000c2600000, 0x00000000c3680000, 0x00000000c3680000)
  from space 2112K,  61% used [0x00000000c3680000, 0x00000000c37c3ad8, 0x00000000c3890000)
  to   space 2112K,   0% used [0x00000000c3890000, 0x00000000c3890000, 0x00000000c3aa0000)
 concurrent mark-sweep generation total 42368K, used 15871K [0x00000000d6e00000, 0x00000000d9760000, 0x0000000100000000)
 Metaspace       used 16509K, capacity 17026K, committed 17280K, reserved 1064960K
  class space    used 2004K, capacity 2165K, committed 2176K, reserved 1048576K
2022-08-07T09:29:00.961+0000: 2.872: [GC (Allocation Failure) 2022-08-07T09:29:00.964+0000: 2.875: [ParNew: 18190K->1644K(19008K), 0.0102529 secs] 34062K->17605K(61376K), 0.0140314 secs] [Times: user=0.02 sys=0.00, real=0.01 secs] 
Heap after GC invocations=29 (full 0):
 par new generation   total 19008K, used 1644K [0x00000000c2600000, 0x00000000c3aa0000, 0x00000000d6e00000)
  eden space 16896K,   0% used [0x00000000c2600000, 0x00000000c2600000, 0x00000000c3680000)
  from space 2112K,  77% used [0x00000000c3890000, 0x00000000c3a2b2e0, 0x00000000c3aa0000)
  to   space 2112K,   0% used [0x00000000c3680000, 0x00000000c3680000, 0x00000000c3890000)
 concurrent mark-sweep generation total 42368K, used 15960K [0x00000000d6e00000, 0x00000000d9760000, 0x0000000100000000)
 Metaspace       used 16509K, capacity 17026K, committed 17280K, reserved 1064960K
  class space    used 2004K, capacity 2165K, committed 2176K, reserved 1048576K
}
2022-08-07T09:29:01.055+0000: 2.965: Application time: 0.0788289 seconds
2022-08-07T09:29:01.058+0000: 2.968: Application time: 0.0018830 seconds
2022-08-07T09:29:01.080+0000: 2.991: Application time: 0.0219991 seconds
{Heap before GC invocations=29 (full 0):
 par new generation   total 19008K, used 18540K [0x00000000c2600000, 0x00000000c3aa0000, 0x00000000d6e00000)
  eden space 16896K, 100% used [0x00000000c2600000, 0x00000000c3680000, 0x00000000c3680000)
  from space 2112K,  77% used [0x00000000c3890000, 0x00000000c3a2b2e0, 0x00000000c3aa0000)
  to   space 2112K,   0% used [0x00000000c3680000, 0x00000000c3680000, 0x00000000c3890000)
 concurrent mark-sweep generation total 42368K, used 15960K [0x00000000d6e00000, 0x00000000d9760000, 0x0000000100000000)
 Metaspace       used 16850K, capacity 17396K, committed 17664K, reserved 1064960K
  class space    used 2062K, capacity 2216K, committed 2304K, reserved 1048576K
2022-08-07T09:29:01.081+0000: 2.992: [GC (Allocation Failure) 2022-08-07T09:29:01.081+0000: 2.992: [ParNew: 18540K->1630K(19008K), 0.0043897 secs] 34501K->17751K(61376K), 0.0051613 secs] [Times: user=0.01 sys=0.00, real=0.00 secs] 
Heap after GC invocations=30 (full 0):
 par new generation   total 19008K, used 1630K [0x00000000c2600000, 0x00000000c3aa0000, 0x00000000d6e00000)
  eden space 16896K,   0% used [0x00000000c2600000, 0x00000000c2600000, 0x00000000c3680000)
  from space 2112K,  77% used [0x00000000c3680000, 0x00000000c38179a0, 0x00000000c3890000)
  to   space 2112K,   0% used [0x00000000c3890000, 0x00000000c3890000, 0x00000000c3aa0000)
 concurrent mark-sweep generation total 42368K, used 16121K [0x00000000d6e00000, 0x00000000d9760000, 0x0000000100000000)
 Metaspace       used 16850K, capacity 17396K, committed 17664K, reserved 1064960K
  class space    used 2062K, capacity 2216K, committed 2304K, reserved 1048576K
}
2022-08-07T09:29:01.141+0000: 3.052: Application time: 0.0543096 seconds
{Heap before GC invocations=30 (full 0):
 par new generation   total 19008K, used 18526K [0x00000000c2600000, 0x00000000c3aa0000, 0x00000000d6e00000)
  eden space 16896K, 100% used [0x00000000c2600000, 0x00000000c3680000, 0x00000000c3680000)
  from space 2112K,  77% used [0x00000000c3680000, 0x00000000c38179a0, 0x00000000c3890000)
  to   space 2112K,   0% used [0x00000000c3890000, 0x00000000c3890000, 0x00000000c3aa0000)
 concurrent mark-sweep generation total 42368K, used 16121K [0x00000000d6e00000, 0x00000000d9760000, 0x0000000100000000)
 Metaspace       used 17174K, capacity 17734K, committed 17920K, reserved 1064960K
  class space    used 2109K, capacity 2285K, committed 2304K, reserved 1048576K
2022-08-07T09:29:01.142+0000: 3.053: [GC (Allocation Failure) 2022-08-07T09:29:01.142+0000: 3.053: [ParNew: 18526K->1814K(19008K), 0.0039451 secs] 34647K->17976K(61376K), 0.0045672 secs] [Times: user=0.01 sys=0.00, real=0.00 secs] 
Heap after GC invocations=31 (full 0):
 par new generation   total 19008K, used 1814K [0x00000000c2600000, 0x00000000c3aa0000, 0x00000000d6e00000)
  eden space 16896K,   0% used [0x00000000c2600000, 0x00000000c2600000, 0x00000000c3680000)
  from space 2112K,  85% used [0x00000000c3890000, 0x00000000c3a55a38, 0x00000000c3aa0000)
  to   space 2112K,   0% used [0x00000000c3680000, 0x00000000c3680000, 0x00000000c3890000)
 concurrent mark-sweep generation total 42368K, used 16161K [0x00000000d6e00000, 0x00000000d9760000, 0x0000000100000000)
 Metaspace       used 17174K, capacity 17734K, committed 17920K, reserved 1064960K
  class space    used 2109K, capacity 2285K, committed 2304K, reserved 1048576K
}
2022-08-07T09:29:01.178+0000: 3.088: Application time: 0.0306545 seconds
{Heap before GC invocations=31 (full 0):
 par new generation   total 19008K, used 18688K [0x00000000c2600000, 0x00000000c3aa0000, 0x00000000d6e00000)
  eden space 16896K,  99% used [0x00000000c2600000, 0x00000000c367a670, 0x00000000c3680000)
  from space 2112K,  85% used [0x00000000c3890000, 0x00000000c3a55a38, 0x00000000c3aa0000)
  to   space 2112K,   0% used [0x00000000c3680000, 0x00000000c3680000, 0x00000000c3890000)
 concurrent mark-sweep generation total 42368K, used 16161K [0x00000000d6e00000, 0x00000000d9760000, 0x0000000100000000)
 Metaspace       used 17523K, capacity 18094K, committed 18304K, reserved 1064960K
  class space    used 2149K, capacity 2319K, committed 2432K, reserved 1048576K
2022-08-07T09:29:01.183+0000: 3.094: [GC (Allocation Failure) 2022-08-07T09:29:01.184+0000: 3.095: [ParNew: 18688K->1193K(19008K), 0.0057146 secs] 34850K->17587K(61376K), 0.0066792 secs] [Times: user=0.01 sys=0.00, real=0.00 secs] 
Heap after GC invocations=32 (full 0):
 par new generation   total 19008K, used 1193K [0x00000000c2600000, 0x00000000c3aa0000, 0x00000000d6e00000)
  eden space 16896K,   0% used [0x00000000c2600000, 0x00000000c2600000, 0x00000000c3680000)
  from space 2112K,  56% used [0x00000000c3680000, 0x00000000c37aa7a0, 0x00000000c3890000)
  to   space 2112K,   0% used [0x00000000c3890000, 0x00000000c3890000, 0x00000000c3aa0000)
 concurrent mark-sweep generation total 42368K, used 16393K [0x00000000d6e00000, 0x00000000d9760000, 0x0000000100000000)
 Metaspace       used 17523K, capacity 18094K, committed 18304K, reserved 1064960K
  class space    used 2149K, capacity 2319K, committed 2432K, reserved 1048576K
}
2022-08-07T09:29:01.225+0000: 3.136: Application time: 0.0340618 seconds
{Heap before GC invocations=32 (full 0):
 par new generation   total 19008K, used 18089K [0x00000000c2600000, 0x00000000c3aa0000, 0x00000000d6e00000)
  eden space 16896K, 100% used [0x00000000c2600000, 0x00000000c3680000, 0x00000000c3680000)
  from space 2112K,  56% used [0x00000000c3680000, 0x00000000c37aa7a0, 0x00000000c3890000)
  to   space 2112K,   0% used [0x00000000c3890000, 0x00000000c3890000, 0x00000000c3aa0000)
 concurrent mark-sweep generation total 42368K, used 16393K [0x00000000d6e00000, 0x00000000d9760000, 0x0000000100000000)
 Metaspace       used 17827K, capacity 18406K, committed 18560K, reserved 1064960K
  class space    used 2190K, capacity 2359K, committed 2432K, reserved 1048576K
2022-08-07T09:29:01.226+0000: 3.136: [GC (Allocation Failure) 2022-08-07T09:29:01.226+0000: 3.137: [ParNew: 18089K->1039K(19008K), 0.0038548 secs] 34483K->17433K(61376K), 0.0046786 secs] [Times: user=0.00 sys=0.00, real=0.00 secs] 
Heap after GC invocations=33 (full 0):
 par new generation   total 19008K, used 1039K [0x00000000c2600000, 0x00000000c3aa0000, 0x00000000d6e00000)
  eden space 16896K,   0% used [0x00000000c2600000, 0x00000000c2600000, 0x00000000c3680000)
  from space 2112K,  49% used [0x00000000c3890000, 0x00000000c3993ee8, 0x00000000c3aa0000)
  to   space 2112K,   0% used [0x00000000c3680000, 0x00000000c3680000, 0x00000000c3890000)
 concurrent mark-sweep generation total 42368K, used 16393K [0x00000000d6e00000, 0x00000000d9760000, 0x0000000100000000)
 Metaspace       used 17827K, capacity 18406K, committed 18560K, reserved 1064960K
  class space    used 2190K, capacity 2359K, committed 2432K, reserved 1048576K
}
2022-08-07T09:29:01.261+0000: 3.171: Application time: 0.0298866 seconds
{Heap before GC invocations=33 (full 0):
 par new generation   total 19008K, used 17935K [0x00000000c2600000, 0x00000000c3aa0000, 0x00000000d6e00000)
  eden space 16896K, 100% used [0x00000000c2600000, 0x00000000c3680000, 0x00000000c3680000)
  from space 2112K,  49% used [0x00000000c3890000, 0x00000000c3993ee8, 0x00000000c3aa0000)
  to   space 2112K,   0% used [0x00000000c3680000, 0x00000000c3680000, 0x00000000c3890000)
 concurrent mark-sweep generation total 42368K, used 16393K [0x00000000d6e00000, 0x00000000d9760000, 0x0000000100000000)
 Metaspace       used 18156K, capacity 18710K, committed 18816K, reserved 1064960K
  class space    used 2230K, capacity 2395K, committed 2432K, reserved 1048576K
2022-08-07T09:29:01.261+0000: 3.172: [GC (Allocation Failure) 2022-08-07T09:29:01.262+0000: 3.172: [ParNew: 17935K->1341K(19008K), 0.0031083 secs] 34329K->17735K(61376K), 0.0038063 secs] [Times: user=0.00 sys=0.00, real=0.00 secs] 
Heap after GC invocations=34 (full 0):
 par new generation   total 19008K, used 1341K [0x00000000c2600000, 0x00000000c3aa0000, 0x00000000d6e00000)
  eden space 16896K,   0% used [0x00000000c2600000, 0x00000000c2600000, 0x00000000c3680000)
  from space 2112K,  63% used [0x00000000c3680000, 0x00000000c37cf498, 0x00000000c3890000)
  to   space 2112K,   0% used [0x00000000c3890000, 0x00000000c3890000, 0x00000000c3aa0000)
 concurrent mark-sweep generation total 42368K, used 16393K [0x00000000d6e00000, 0x00000000d9760000, 0x0000000100000000)
 Metaspace       used 18156K, capacity 18710K, committed 18816K, reserved 1064960K
  class space    used 2230K, capacity 2395K, committed 2432K, reserved 1048576K
}
2022-08-07T09:29:01.270+0000: 3.180: Application time: 0.0038157 seconds
2022-08-07T09:29:01.297+0000: 3.208: Application time: 0.0267812 seconds
{Heap before GC invocations=34 (full 0):
 par new generation   total 19008K, used 18237K [0x00000000c2600000, 0x00000000c3aa0000, 0x00000000d6e00000)
  eden space 16896K, 100% used [0x00000000c2600000, 0x00000000c3680000, 0x00000000c3680000)
  from space 2112K,  63% used [0x00000000c3680000, 0x00000000c37cf498, 0x00000000c3890000)
  to   space 2112K,   0% used [0x00000000c3890000, 0x00000000c3890000, 0x00000000c3aa0000)
 concurrent mark-sweep generation total 42368K, used 16393K [0x00000000d6e00000, 0x00000000d9760000, 0x0000000100000000)
 Metaspace       used 18489K, capacity 19084K, committed 19456K, reserved 1067008K
  class space    used 2273K, capacity 2436K, committed 2560K, reserved 1048576K
2022-08-07T09:29:01.297+0000: 3.208: [GC (Allocation Failure) 2022-08-07T09:29:01.298+0000: 3.208: [ParNew: 18237K->1403K(19008K), 0.0037931 secs] 34631K->17917K(61376K), 0.0044821 secs] [Times: user=0.01 sys=0.01, real=0.01 secs] 
Heap after GC invocations=35 (full 0):
 par new generation   total 19008K, used 1403K [0x00000000c2600000, 0x00000000c3aa0000, 0x00000000d6e00000)
  eden space 16896K,   0% used [0x00000000c2600000, 0x00000000c2600000, 0x00000000c3680000)
  from space 2112K,  66% used [0x00000000c3890000, 0x00000000c39eee08, 0x00000000c3aa0000)
  to   space 2112K,   0% used [0x00000000c3680000, 0x00000000c3680000, 0x00000000c3890000)
 concurrent mark-sweep generation total 42368K, used 16514K [0x00000000d6e00000, 0x00000000d9760000, 0x0000000100000000)
 Metaspace       used 18489K, capacity 19084K, committed 19456K, reserved 1067008K
  class space    used 2273K, capacity 2436K, committed 2560K, reserved 1048576K
}
2022-08-07T09:29:01.328+0000: 3.239: Application time: 0.0260515 seconds
{Heap before GC invocations=35 (full 0):
 par new generation   total 19008K, used 18299K [0x00000000c2600000, 0x00000000c3aa0000, 0x00000000d6e00000)
  eden space 16896K, 100% used [0x00000000c2600000, 0x00000000c3680000, 0x00000000c3680000)
  from space 2112K,  66% used [0x00000000c3890000, 0x00000000c39eee08, 0x00000000c3aa0000)
  to   space 2112K,   0% used [0x00000000c3680000, 0x00000000c3680000, 0x00000000c3890000)
 concurrent mark-sweep generation total 42368K, used 16514K [0x00000000d6e00000, 0x00000000d9760000, 0x0000000100000000)
 Metaspace       used 18862K, capacity 19468K, committed 19712K, reserved 1067008K
  class space    used 2315K, capacity 2500K, committed 2560K, reserved 1048576K
2022-08-07T09:29:01.329+0000: 3.240: [GC (Allocation Failure) 2022-08-07T09:29:01.330+0000: 3.240: [ParNew: 18299K->1436K(19008K), 0.0037581 secs] 34813K->18059K(61376K), 0.0045039 secs] [Times: user=0.01 sys=0.00, real=0.01 secs] 
Heap after GC invocations=36 (full 0):
 par new generation   total 19008K, used 1436K [0x00000000c2600000, 0x00000000c3aa0000, 0x00000000d6e00000)
  eden space 16896K,   0% used [0x00000000c2600000, 0x00000000c2600000, 0x00000000c3680000)
  from space 2112K,  68% used [0x00000000c3680000, 0x00000000c37e7230, 0x00000000c3890000)
  to   space 2112K,   0% used [0x00000000c3890000, 0x00000000c3890000, 0x00000000c3aa0000)
 concurrent mark-sweep generation total 42368K, used 16623K [0x00000000d6e00000, 0x00000000d9760000, 0x0000000100000000)
 Metaspace       used 18862K, capacity 19468K, committed 19712K, reserved 1067008K
  class space    used 2315K, capacity 2500K, committed 2560K, reserved 1048576K
}
2022-08-07T09:29:01.359+0000: 3.270: Application time: 0.0250207 seconds
{Heap before GC invocations=36 (full 0):
 par new generation   total 19008K, used 18332K [0x00000000c2600000, 0x00000000c3aa0000, 0x00000000d6e00000)
  eden space 16896K, 100% used [0x00000000c2600000, 0x00000000c3680000, 0x00000000c3680000)
  from space 2112K,  68% used [0x00000000c3680000, 0x00000000c37e7230, 0x00000000c3890000)
  to   space 2112K,   0% used [0x00000000c3890000, 0x00000000c3890000, 0x00000000c3aa0000)
 concurrent mark-sweep generation total 42368K, used 16623K [0x00000000d6e00000, 0x00000000d9760000, 0x0000000100000000)
 Metaspace       used 19229K, capacity 19820K, committed 19968K, reserved 1067008K
  class space    used 2353K, capacity 2532K, committed 2560K, reserved 1048576K
2022-08-07T09:29:01.362+0000: 3.272: [GC (Allocation Failure) 2022-08-07T09:29:01.362+0000: 3.273: [ParNew: 18332K->1672K(19008K), 0.0038542 secs] 34955K->18351K(61376K), 0.0047177 secs] [Times: user=0.01 sys=0.00, real=0.00 secs] 
Heap after GC invocations=37 (full 0):
 par new generation   total 19008K, used 1672K [0x00000000c2600000, 0x00000000c3aa0000, 0x00000000d6e00000)
  eden space 16896K,   0% used [0x00000000c2600000, 0x00000000c2600000, 0x00000000c3680000)
  from space 2112K,  79% used [0x00000000c3890000, 0x00000000c3a32220, 0x00000000c3aa0000)
  to   space 2112K,   0% used [0x00000000c3680000, 0x00000000c3680000, 0x00000000c3890000)
 concurrent mark-sweep generation total 42368K, used 16679K [0x00000000d6e00000, 0x00000000d9760000, 0x0000000100000000)
 Metaspace       used 19229K, capacity 19820K, committed 19968K, reserved 1067008K
  class space    used 2353K, capacity 2532K, committed 2560K, reserved 1048576K
}
2022-08-07T09:29:01.399+0000: 3.310: Application time: 0.0319349 seconds
{Heap before GC invocations=37 (full 0):
 par new generation   total 19008K, used 18568K [0x00000000c2600000, 0x00000000c3aa0000, 0x00000000d6e00000)
  eden space 16896K, 100% used [0x00000000c2600000, 0x00000000c3680000, 0x00000000c3680000)
  from space 2112K,  79% used [0x00000000c3890000, 0x00000000c3a32220, 0x00000000c3aa0000)
  to   space 2112K,   0% used [0x00000000c3680000, 0x00000000c3680000, 0x00000000c3890000)
 concurrent mark-sweep generation total 42368K, used 16679K [0x00000000d6e00000, 0x00000000d9760000, 0x0000000100000000)
 Metaspace       used 19635K, capacity 20268K, committed 20608K, reserved 1067008K
  class space    used 2397K, capacity 2596K, committed 2688K, reserved 1048576K
2022-08-07T09:29:01.400+0000: 3.311: [GC (Allocation Failure) 2022-08-07T09:29:01.401+0000: 3.312: [ParNew: 18568K->1185K(19008K), 0.0060928 secs] 35247K->18056K(61376K), 0.0068585 secs] [Times: user=0.01 sys=0.01, real=0.01 secs] 
Heap after GC invocations=38 (full 0):
 par new generation   total 19008K, used 1185K [0x00000000c2600000, 0x00000000c3aa0000, 0x00000000d6e00000)
  eden space 16896K,   0% used [0x00000000c2600000, 0x00000000c2600000, 0x00000000c3680000)
  from space 2112K,  56% used [0x00000000c3680000, 0x00000000c37a8570, 0x00000000c3890000)
  to   space 2112K,   0% used [0x00000000c3890000, 0x00000000c3890000, 0x00000000c3aa0000)
 concurrent mark-sweep generation total 42368K, used 16870K [0x00000000d6e00000, 0x00000000d9760000, 0x0000000100000000)
 Metaspace       used 19635K, capacity 20268K, committed 20608K, reserved 1067008K
  class space    used 2397K, capacity 2596K, committed 2688K, reserved 1048576K
}
2022-08-07T09:29:01.449+0000: 3.360: Application time: 0.0411928 seconds
{Heap before GC invocations=38 (full 0):
 par new generation   total 19008K, used 18081K [0x00000000c2600000, 0x00000000c3aa0000, 0x00000000d6e00000)
  eden space 16896K, 100% used [0x00000000c2600000, 0x00000000c3680000, 0x00000000c3680000)
  from space 2112K,  56% used [0x00000000c3680000, 0x00000000c37a8570, 0x00000000c3890000)
  to   space 2112K,   0% used [0x00000000c3890000, 0x00000000c3890000, 0x00000000c3aa0000)
 concurrent mark-sweep generation total 42368K, used 16870K [0x00000000d6e00000, 0x00000000d9760000, 0x0000000100000000)
 Metaspace       used 20029K, capacity 20634K, committed 20864K, reserved 1067008K
  class space    used 2438K, capacity 2633K, committed 2688K, reserved 1048576K
2022-08-07T09:29:01.450+0000: 3.361: [GC (Allocation Failure) 2022-08-07T09:29:01.450+0000: 3.361: [ParNew: 18081K->1068K(19008K), 0.0049558 secs] 34952K->18034K(61376K), 0.0057002 secs] [Times: user=0.01 sys=0.00, real=0.01 secs] 
Heap after GC invocations=39 (full 0):
 par new generation   total 19008K, used 1068K [0x00000000c2600000, 0x00000000c3aa0000, 0x00000000d6e00000)
  eden space 16896K,   0% used [0x00000000c2600000, 0x00000000c2600000, 0x00000000c3680000)
  from space 2112K,  50% used [0x00000000c3890000, 0x00000000c399b288, 0x00000000c3aa0000)
  to   space 2112K,   0% used [0x00000000c3680000, 0x00000000c3680000, 0x00000000c3890000)
 concurrent mark-sweep generation total 42368K, used 16965K [0x00000000d6e00000, 0x00000000d9760000, 0x0000000100000000)
 Metaspace       used 20029K, capacity 20634K, committed 20864K, reserved 1067008K
  class space    used 2438K, capacity 2633K, committed 2688K, reserved 1048576K
}
2022-08-07T09:29:01.490+0000: 3.400: Application time: 0.0331132 seconds
{Heap before GC invocations=39 (full 0):
 par new generation   total 19008K, used 17964K [0x00000000c2600000, 0x00000000c3aa0000, 0x00000000d6e00000)
  eden space 16896K, 100% used [0x00000000c2600000, 0x00000000c3680000, 0x00000000c3680000)
  from space 2112K,  50% used [0x00000000c3890000, 0x00000000c399b288, 0x00000000c3aa0000)
  to   space 2112K,   0% used [0x00000000c3680000, 0x00000000c3680000, 0x00000000c3890000)
 concurrent mark-sweep generation total 42368K, used 16965K [0x00000000d6e00000, 0x00000000d9760000, 0x0000000100000000)
 Metaspace       used 20443K, capacity 21060K, committed 21120K, reserved 1067008K
  class space    used 2478K, capacity 2668K, committed 2688K, reserved 1048576K
2022-08-07T09:29:01.491+0000: 3.401: [GC (Allocation Failure) 2022-08-07T09:29:01.491+0000: 3.402: [ParNew: 17964K->806K(19008K), 0.0040419 secs] 34930K->17838K(61376K), 0.0046981 secs] [Times: user=0.01 sys=0.00, real=0.01 secs] 
Heap after GC invocations=40 (full 0):
 par new generation   total 19008K, used 806K [0x00000000c2600000, 0x00000000c3aa0000, 0x00000000d6e00000)
  eden space 16896K,   0% used [0x00000000c2600000, 0x00000000c2600000, 0x00000000c3680000)
  from space 2112K,  38% used [0x00000000c3680000, 0x00000000c37498e0, 0x00000000c3890000)
  to   space 2112K,   0% used [0x00000000c3890000, 0x00000000c3890000, 0x00000000c3aa0000)
 concurrent mark-sweep generation total 42368K, used 17031K [0x00000000d6e00000, 0x00000000d9760000, 0x0000000100000000)
 Metaspace       used 20443K, capacity 21060K, committed 21120K, reserved 1067008K
  class space    used 2478K, capacity 2668K, committed 2688K, reserved 1048576K
}
2022-08-07T09:29:01.508+0000: 3.419: Application time: 0.0122987 seconds
2022-08-07T09:29:01.531+0000: 3.442: Application time: 0.0229670 seconds
{Heap before GC invocations=40 (full 0):
 par new generation   total 19008K, used 17702K [0x00000000c2600000, 0x00000000c3aa0000, 0x00000000d6e00000)
  eden space 16896K, 100% used [0x00000000c2600000, 0x00000000c3680000, 0x00000000c3680000)
  from space 2112K,  38% used [0x00000000c3680000, 0x00000000c37498e0, 0x00000000c3890000)
  to   space 2112K,   0% used [0x00000000c3890000, 0x00000000c3890000, 0x00000000c3aa0000)
 concurrent mark-sweep generation total 42368K, used 17031K [0x00000000d6e00000, 0x00000000d9760000, 0x0000000100000000)
 Metaspace       used 20815K, capacity 21476K, committed 21628K, reserved 1069056K
  class space    used 2511K, capacity 2700K, committed 2764K, reserved 1048576K
2022-08-07T09:29:01.532+0000: 3.442: [GC (Allocation Failure) 2022-08-07T09:29:01.532+0000: 3.443: [ParNew: 17702K->827K(19008K), 0.0030896 secs] 34734K->17900K(61376K), 0.0037801 secs] [Times: user=0.01 sys=0.00, real=0.00 secs] 
Heap after GC invocations=41 (full 0):
 par new generation   total 19008K, used 827K [0x00000000c2600000, 0x00000000c3aa0000, 0x00000000d6e00000)
  eden space 16896K,   0% used [0x00000000c2600000, 0x00000000c2600000, 0x00000000c3680000)
  from space 2112K,  39% used [0x00000000c3890000, 0x00000000c395ef28, 0x00000000c3aa0000)
  to   space 2112K,   0% used [0x00000000c3680000, 0x00000000c3680000, 0x00000000c3890000)
 concurrent mark-sweep generation total 42368K, used 17072K [0x00000000d6e00000, 0x00000000d9760000, 0x0000000100000000)
 Metaspace       used 20815K, capacity 21476K, committed 21628K, reserved 1069056K
  class space    used 2511K, capacity 2700K, committed 2764K, reserved 1048576K
}
2022-08-07T09:29:01.536+0000: 3.447: Application time: 0.0003282 seconds
2022-08-07T09:29:01.537+0000: 3.447: [GC (CMS Initial Mark) [1 CMS-initial-mark: 17072K(42368K)] 18270K(61376K), 0.0037075 secs] [Times: user=0.00 sys=0.01, real=0.01 secs] 
2022-08-07T09:29:01.541+0000: 3.452: [CMS-concurrent-mark-start]
2022-08-07T09:29:01.549+0000: 3.460: Application time: 0.0083745 seconds
2022-08-07T09:29:01.573+0000: 3.484: [CMS-concurrent-mark: 0.031/0.032 secs] [Times: user=0.07 sys=0.02, real=0.03 secs] 
2022-08-07T09:29:01.573+0000: 3.484: [CMS-concurrent-preclean-start]
2022-08-07T09:29:01.577+0000: 3.488: Application time: 0.0276389 seconds
2022-08-07T09:29:01.578+0000: 3.489: [CMS-concurrent-preclean: 0.002/0.004 secs] [Times: user=0.01 sys=0.01, real=0.00 secs] 
2022-08-07T09:29:01.579+0000: 3.489: Application time: 0.0011195 seconds
{Heap before GC invocations=41 (full 1):
 par new generation   total 19008K, used 17723K [0x00000000c2600000, 0x00000000c3aa0000, 0x00000000d6e00000)
  eden space 16896K, 100% used [0x00000000c2600000, 0x00000000c3680000, 0x00000000c3680000)
  from space 2112K,  39% used [0x00000000c3890000, 0x00000000c395ef28, 0x00000000c3aa0000)
  to   space 2112K,   0% used [0x00000000c3680000, 0x00000000c3680000, 0x00000000c3890000)
 concurrent mark-sweep generation total 42368K, used 17072K [0x00000000d6e00000, 0x00000000d9760000, 0x0000000100000000)
 Metaspace       used 21192K, capacity 21868K, committed 22216K, reserved 1069056K
  class space    used 2569K, capacity 2766K, committed 2840K, reserved 1048576K
2022-08-07T09:29:01.579+0000: 3.489: [GC (Allocation Failure) 2022-08-07T09:29:01.579+0000: 3.490: [ParNew: 17723K->1056K(19008K), 0.0037001 secs] 34796K->18172K(61376K), 0.0046325 secs] [Times: user=0.01 sys=0.00, real=0.01 secs] 
Heap after GC invocations=42 (full 1):
 par new generation   total 19008K, used 1056K [0x00000000c2600000, 0x00000000c3aa0000, 0x00000000d6e00000)
  eden space 16896K,   0% used [0x00000000c2600000, 0x00000000c2600000, 0x00000000c3680000)
  from space 2112K,  50% used [0x00000000c3680000, 0x00000000c3788060, 0x00000000c3890000)
  to   space 2112K,   0% used [0x00000000c3890000, 0x00000000c3890000, 0x00000000c3aa0000)
 concurrent mark-sweep generation total 42368K, used 17116K [0x00000000d6e00000, 0x00000000d9760000, 0x0000000100000000)
 Metaspace       used 21192K, capacity 21868K, committed 22216K, reserved 1069056K
  class space    used 2569K, capacity 2766K, committed 2840K, reserved 1048576K
}
2022-08-07T09:29:01.584+0000: 3.495: Application time: 0.0003401 seconds
2022-08-07T09:29:01.585+0000: 3.496: [GC (CMS Final Remark) [YG occupancy: 1394 K (19008 K)]2022-08-07T09:29:01.585+0000: 3.496: [Rescan (parallel) , 0.0032214 secs]2022-08-07T09:29:01.589+0000: 3.499: [weak refs processing, 0.0003651 secs]2022-08-07T09:29:01.589+0000: 3.500: [class unloading, 0.0035321 secs]2022-08-07T09:29:01.593+0000: 3.504: [scrub symbol table, 0.0027556 secs]2022-08-07T09:29:01.596+0000: 3.507: [scrub string table, 0.0006150 secs][1 CMS-remark: 17116K(42368K)] 18510K(61376K), 0.0124152 secs] [Times: user=0.01 sys=0.00, real=0.01 secs] 
2022-08-07T09:29:01.598+0000: 3.509: [CMS-concurrent-sweep-start]
2022-08-07T09:29:01.605+0000: 3.516: [CMS-concurrent-sweep: 0.007/0.007 secs] [Times: user=0.01 sys=0.00, real=0.01 secs] 
2022-08-07T09:29:01.606+0000: 3.517: [CMS-concurrent-reset-start]
2022-08-07T09:29:01.688+0000: 3.598: Application time: 0.0897627 seconds
{Heap before GC invocations=42 (full 1):
 par new generation   total 19008K, used 17952K [0x00000000c2600000, 0x00000000c3aa0000, 0x00000000d6e00000)
  eden space 16896K, 100% used [0x00000000c2600000, 0x00000000c3680000, 0x00000000c3680000)
  from space 2112K,  50% used [0x00000000c3680000, 0x00000000c3788060, 0x00000000c3890000)
  to   space 2112K,   0% used [0x00000000c3890000, 0x00000000c3890000, 0x00000000c3aa0000)
 concurrent mark-sweep generation total 42368K, used 16583K [0x00000000d6e00000, 0x00000000d9760000, 0x0000000100000000)
 Metaspace       used 21553K, capacity 22182K, committed 22472K, reserved 1069056K
  class space    used 2618K, capacity 2787K, committed 2840K, reserved 1048576K
2022-08-07T09:29:01.688+0000: 3.599: [GC (Allocation Failure) 2022-08-07T09:29:01.689+0000: 3.599: [ParNew: 17952K->1129K(19008K), 0.0054692 secs] 34535K->17766K(61376K), 0.0066898 secs] [Times: user=0.01 sys=0.00, real=0.01 secs] 
Heap after GC invocations=43 (full 1):
 par new generation   total 19008K, used 1129K [0x00000000c2600000, 0x00000000c3aa0000, 0x00000000d6e00000)
  eden space 16896K,   0% used [0x00000000c2600000, 0x00000000c2600000, 0x00000000c3680000)
  from space 2112K,  53% used [0x00000000c3890000, 0x00000000c39aa540, 0x00000000c3aa0000)
  to   space 2112K,   0% used [0x00000000c3680000, 0x00000000c3680000, 0x00000000c3890000)
 concurrent mark-sweep generation total 42368K, used 16636K [0x00000000d6e00000, 0x00000000d9760000, 0x0000000100000000)
 Metaspace       used 21553K, capacity 22182K, committed 22472K, reserved 1069056K
  class space    used 2618K, capacity 2787K, committed 2840K, reserved 1048576K
}
2022-08-07T09:29:01.812+0000: 3.723: Application time: 0.1167988 seconds
{Heap before GC invocations=43 (full 1):
 par new generation   total 19008K, used 18025K [0x00000000c2600000, 0x00000000c3aa0000, 0x00000000d6e00000)
  eden space 16896K, 100% used [0x00000000c2600000, 0x00000000c3680000, 0x00000000c3680000)
  from space 2112K,  53% used [0x00000000c3890000, 0x00000000c39aa540, 0x00000000c3aa0000)
  to   space 2112K,   0% used [0x00000000c3680000, 0x00000000c3680000, 0x00000000c3890000)
 concurrent mark-sweep generation total 42368K, used 16636K [0x00000000d6e00000, 0x00000000d9760000, 0x0000000100000000)
 Metaspace       used 22010K, capacity 22630K, committed 22856K, reserved 1069056K
  class space    used 2679K, capacity 2851K, committed 2968K, reserved 1048576K
2022-08-07T09:29:01.814+0000: 3.725: [GC (Allocation Failure) 2022-08-07T09:29:01.815+0000: 3.726: [ParNew: 18025K->1280K(19008K), 0.0043087 secs] 34662K->17975K(61376K), 0.0050503 secs] [Times: user=0.00 sys=0.00, real=0.00 secs] 
Heap after GC invocations=44 (full 1):
 par new generation   total 19008K, used 1280K [0x00000000c2600000, 0x00000000c3aa0000, 0x00000000d6e00000)
  eden space 16896K,   0% used [0x00000000c2600000, 0x00000000c2600000, 0x00000000c3680000)
  from space 2112K,  60% used [0x00000000c3680000, 0x00000000c37c02d0, 0x00000000c3890000)
  to   space 2112K,   0% used [0x00000000c3890000, 0x00000000c3890000, 0x00000000c3aa0000)
 concurrent mark-sweep generation total 42368K, used 16694K [0x00000000d6e00000, 0x00000000d9760000, 0x0000000100000000)
 Metaspace       used 22010K, capacity 22630K, committed 22856K, reserved 1069056K
  class space    used 2679K, capacity 2851K, committed 2968K, reserved 1048576K
}
2022-08-07T09:29:01.850+0000: 3.761: [CMS-concurrent-reset: 0.215/0.244 secs] [Times: user=0.35 sys=0.26, real=0.24 secs] 
2022-08-07T09:29:01.880+0000: 3.791: Application time: 0.0596626 seconds
{Heap before GC invocations=44 (full 1):
 par new generation   total 19008K, used 18176K [0x00000000c2600000, 0x00000000c3aa0000, 0x00000000d6e00000)
  eden space 16896K,  99% used [0x00000000c2600000, 0x00000000c367fec8, 0x00000000c3680000)
  from space 2112K,  60% used [0x00000000c3680000, 0x00000000c37c02d0, 0x00000000c3890000)
  to   space 2112K,   0% used [0x00000000c3890000, 0x00000000c3890000, 0x00000000c3aa0000)
 concurrent mark-sweep generation total 42368K, used 16694K [0x00000000d6e00000, 0x00000000d9760000, 0x0000000100000000)
 Metaspace       used 22198K, capacity 22790K, committed 23112K, reserved 1069056K
  class space    used 2708K, capacity 2883K, committed 2968K, reserved 1048576K
2022-08-07T09:29:01.880+0000: 3.791: [GC (Allocation Failure) 2022-08-07T09:29:01.881+0000: 3.791: [ParNew: 18176K->826K(19008K), 0.0033844 secs] 34871K->17564K(61376K), 0.0042246 secs] [Times: user=0.00 sys=0.00, real=0.01 secs] 
Heap after GC invocations=45 (full 1):
 par new generation   total 19008K, used 826K [0x00000000c2600000, 0x00000000c3aa0000, 0x00000000d6e00000)
  eden space 16896K,   0% used [0x00000000c2600000, 0x00000000c2600000, 0x00000000c3680000)
  from space 2112K,  39% used [0x00000000c3890000, 0x00000000c395eae8, 0x00000000c3aa0000)
  to   space 2112K,   0% used [0x00000000c3680000, 0x00000000c3680000, 0x00000000c3890000)
 concurrent mark-sweep generation total 42368K, used 16738K [0x00000000d6e00000, 0x00000000d9760000, 0x0000000100000000)
 Metaspace       used 22198K, capacity 22790K, committed 23112K, reserved 1069056K
  class space    used 2708K, capacity 2883K, committed 2968K, reserved 1048576K
}
2022-08-07T09:29:01.934+0000: 3.844: Application time: 0.0485388 seconds
2022-08-07T09:29:01.957+0000: 3.868: Application time: 0.0224762 seconds
{Heap before GC invocations=45 (full 1):
 par new generation   total 19008K, used 17722K [0x00000000c2600000, 0x00000000c3aa0000, 0x00000000d6e00000)
  eden space 16896K, 100% used [0x00000000c2600000, 0x00000000c3680000, 0x00000000c3680000)
  from space 2112K,  39% used [0x00000000c3890000, 0x00000000c395eae8, 0x00000000c3aa0000)
  to   space 2112K,   0% used [0x00000000c3680000, 0x00000000c3680000, 0x00000000c3890000)
 concurrent mark-sweep generation total 42368K, used 16738K [0x00000000d6e00000, 0x00000000d9760000, 0x0000000100000000)
 Metaspace       used 22642K, capacity 23244K, committed 23368K, reserved 1069056K
  class space    used 2782K, capacity 2950K, committed 2968K, reserved 1048576K
2022-08-07T09:29:01.958+0000: 3.869: [GC (Allocation Failure) 2022-08-07T09:29:01.958+0000: 3.869: [ParNew: 17722K->1143K(19008K), 0.0032638 secs] 34460K->17926K(61376K), 0.0039757 secs] [Times: user=0.01 sys=0.00, real=0.01 secs] 
Heap after GC invocations=46 (full 1):
 par new generation   total 19008K, used 1143K [0x00000000c2600000, 0x00000000c3aa0000, 0x00000000d6e00000)
  eden space 16896K,   0% used [0x00000000c2600000, 0x00000000c2600000, 0x00000000c3680000)
  from space 2112K,  54% used [0x00000000c3680000, 0x00000000c379dde8, 0x00000000c3890000)
  to   space 2112K,   0% used [0x00000000c3890000, 0x00000000c3890000, 0x00000000c3aa0000)
 concurrent mark-sweep generation total 42368K, used 16783K [0x00000000d6e00000, 0x00000000d9760000, 0x0000000100000000)
 Metaspace       used 22642K, capacity 23244K, committed 23368K, reserved 1069056K
  class space    used 2782K, capacity 2950K, committed 2968K, reserved 1048576K
}
2022-08-07T09:29:02.014+0000: 3.924: Application time: 0.0510123 seconds
{Heap before GC invocations=46 (full 1):
 par new generation   total 19008K, used 18039K [0x00000000c2600000, 0x00000000c3aa0000, 0x00000000d6e00000)
  eden space 16896K, 100% used [0x00000000c2600000, 0x00000000c3680000, 0x00000000c3680000)
  from space 2112K,  54% used [0x00000000c3680000, 0x00000000c379dde8, 0x00000000c3890000)
  to   space 2112K,   0% used [0x00000000c3890000, 0x00000000c3890000, 0x00000000c3aa0000)
 concurrent mark-sweep generation total 42368K, used 16783K [0x00000000d6e00000, 0x00000000d9760000, 0x0000000100000000)
 Metaspace       used 23055K, capacity 23668K, committed 24088K, reserved 1071104K
  class space    used 2825K, capacity 3010K, committed 3096K, reserved 1048576K
2022-08-07T09:29:02.014+0000: 3.925: [GC (Allocation Failure) 2022-08-07T09:29:02.015+0000: 3.925: [ParNew: 18039K->1007K(19008K), 0.0021881 secs] 34822K->17823K(61376K), 0.0028720 secs] [Times: user=0.01 sys=0.00, real=0.00 secs] 
Heap after GC invocations=47 (full 1):
 par new generation   total 19008K, used 1007K [0x00000000c2600000, 0x00000000c3aa0000, 0x00000000d6e00000)
  eden space 16896K,   0% used [0x00000000c2600000, 0x00000000c2600000, 0x00000000c3680000)
  from space 2112K,  47% used [0x00000000c3890000, 0x00000000c398bc10, 0x00000000c3aa0000)
  to   space 2112K,   0% used [0x00000000c3680000, 0x00000000c3680000, 0x00000000c3890000)
 concurrent mark-sweep generation total 42368K, used 16816K [0x00000000d6e00000, 0x00000000d9760000, 0x0000000100000000)
 Metaspace       used 23055K, capacity 23668K, committed 24088K, reserved 1071104K
  class space    used 2825K, capacity 3010K, committed 3096K, reserved 1048576K
}
2022-08-07T09:29:02.047+0000: 3.958: Application time: 0.0295349 seconds
{Heap before GC invocations=47 (full 1):
 par new generation   total 19008K, used 17903K [0x00000000c2600000, 0x00000000c3aa0000, 0x00000000d6e00000)
  eden space 16896K, 100% used [0x00000000c2600000, 0x00000000c3680000, 0x00000000c3680000)
  from space 2112K,  47% used [0x00000000c3890000, 0x00000000c398bc10, 0x00000000c3aa0000)
  to   space 2112K,   0% used [0x00000000c3680000, 0x00000000c3680000, 0x00000000c3890000)
 concurrent mark-sweep generation total 42368K, used 16816K [0x00000000d6e00000, 0x00000000d9760000, 0x0000000100000000)
 Metaspace       used 23338K, capacity 23992K, committed 24344K, reserved 1071104K
  class space    used 2861K, capacity 3076K, committed 3096K, reserved 1048576K
2022-08-07T09:29:02.048+0000: 3.959: [GC (Allocation Failure) 2022-08-07T09:29:02.048+0000: 3.959: [ParNew: 17903K->978K(19008K), 0.0019362 secs] 34719K->17838K(61376K), 0.0024446 secs] [Times: user=0.00 sys=0.01, real=0.00 secs] 
Heap after GC invocations=48 (full 1):
 par new generation   total 19008K, used 978K [0x00000000c2600000, 0x00000000c3aa0000, 0x00000000d6e00000)
  eden space 16896K,   0% used [0x00000000c2600000, 0x00000000c2600000, 0x00000000c3680000)
  from space 2112K,  46% used [0x00000000c3680000, 0x00000000c3774868, 0x00000000c3890000)
  to   space 2112K,   0% used [0x00000000c3890000, 0x00000000c3890000, 0x00000000c3aa0000)
 concurrent mark-sweep generation total 42368K, used 16860K [0x00000000d6e00000, 0x00000000d9760000, 0x0000000100000000)
 Metaspace       used 23338K, capacity 23992K, committed 24344K, reserved 1071104K
  class space    used 2861K, capacity 3076K, committed 3096K, reserved 1048576K
}
2022-08-07T09:29:02.086+0000: 3.997: Application time: 0.0348986 seconds
{Heap before GC invocations=48 (full 1):
 par new generation   total 19008K, used 17874K [0x00000000c2600000, 0x00000000c3aa0000, 0x00000000d6e00000)
  eden space 16896K, 100% used [0x00000000c2600000, 0x00000000c3680000, 0x00000000c3680000)
  from space 2112K,  46% used [0x00000000c3680000, 0x00000000c3774868, 0x00000000c3890000)
  to   space 2112K,   0% used [0x00000000c3890000, 0x00000000c3890000, 0x00000000c3aa0000)
 concurrent mark-sweep generation total 42368K, used 16860K [0x00000000d6e00000, 0x00000000d9760000, 0x0000000100000000)
 Metaspace       used 23727K, capacity 24382K, committed 24728K, reserved 1071104K
  class space    used 2905K, capacity 3117K, committed 3224K, reserved 1048576K
2022-08-07T09:29:02.087+0000: 3.997: [GC (Allocation Failure) 2022-08-07T09:29:02.087+0000: 3.998: [ParNew: 17874K->954K(19008K), 0.0020372 secs] 34734K->17861K(61376K), 0.0027995 secs] [Times: user=0.01 sys=0.00, real=0.00 secs] 
Heap after GC invocations=49 (full 1):
 par new generation   total 19008K, used 954K [0x00000000c2600000, 0x00000000c3aa0000, 0x00000000d6e00000)
  eden space 16896K,   0% used [0x00000000c2600000, 0x00000000c2600000, 0x00000000c3680000)
  from space 2112K,  45% used [0x00000000c3890000, 0x00000000c397ea60, 0x00000000c3aa0000)
  to   space 2112K,   0% used [0x00000000c3680000, 0x00000000c3680000, 0x00000000c3890000)
 concurrent mark-sweep generation total 42368K, used 16906K [0x00000000d6e00000, 0x00000000d9760000, 0x0000000100000000)
 Metaspace       used 23727K, capacity 24382K, committed 24728K, reserved 1071104K
  class space    used 2905K, capacity 3117K, committed 3224K, reserved 1048576K
}
2022-08-07T09:29:02.104+0000: 4.015: Application time: 0.0135849 seconds
2022-08-07T09:29:02.130+0000: 4.041: Application time: 0.0259815 seconds
{Heap before GC invocations=49 (full 1):
 par new generation   total 19008K, used 17850K [0x00000000c2600000, 0x00000000c3aa0000, 0x00000000d6e00000)
  eden space 16896K, 100% used [0x00000000c2600000, 0x00000000c3680000, 0x00000000c3680000)
  from space 2112K,  45% used [0x00000000c3890000, 0x00000000c397ea60, 0x00000000c3aa0000)
  to   space 2112K,   0% used [0x00000000c3680000, 0x00000000c3680000, 0x00000000c3890000)
 concurrent mark-sweep generation total 42368K, used 16906K [0x00000000d6e00000, 0x00000000d9760000, 0x0000000100000000)
 Metaspace       used 24058K, capacity 24790K, committed 24984K, reserved 1071104K
  class space    used 2948K, capacity 3163K, committed 3224K, reserved 1048576K
2022-08-07T09:29:02.131+0000: 4.042: [GC (Allocation Failure) 2022-08-07T09:29:02.131+0000: 4.042: [ParNew: 17850K->953K(19008K), 0.0021091 secs] 34757K->17899K(61376K), 0.0027334 secs] [Times: user=0.01 sys=0.00, real=0.00 secs] 
Heap after GC invocations=50 (full 1):
 par new generation   total 19008K, used 953K [0x00000000c2600000, 0x00000000c3aa0000, 0x00000000d6e00000)
  eden space 16896K,   0% used [0x00000000c2600000, 0x00000000c2600000, 0x00000000c3680000)
  from space 2112K,  45% used [0x00000000c3680000, 0x00000000c376e718, 0x00000000c3890000)
  to   space 2112K,   0% used [0x00000000c3890000, 0x00000000c3890000, 0x00000000c3aa0000)
 concurrent mark-sweep generation total 42368K, used 16945K [0x00000000d6e00000, 0x00000000d9760000, 0x0000000100000000)
 Metaspace       used 24058K, capacity 24790K, committed 24984K, reserved 1071104K
  class space    used 2948K, capacity 3163K, committed 3224K, reserved 1048576K
}
2022-08-07T09:29:02.161+0000: 4.071: Application time: 0.0265402 seconds
{Heap before GC invocations=50 (full 1):
 par new generation   total 19008K, used 17849K [0x00000000c2600000, 0x00000000c3aa0000, 0x00000000d6e00000)
  eden space 16896K, 100% used [0x00000000c2600000, 0x00000000c3680000, 0x00000000c3680000)
  from space 2112K,  45% used [0x00000000c3680000, 0x00000000c376e718, 0x00000000c3890000)
  to   space 2112K,   0% used [0x00000000c3890000, 0x00000000c3890000, 0x00000000c3aa0000)
 concurrent mark-sweep generation total 42368K, used 16945K [0x00000000d6e00000, 0x00000000d9760000, 0x0000000100000000)
 Metaspace       used 24313K, capacity 25014K, committed 25240K, reserved 1071104K
  class space    used 2982K, capacity 3195K, committed 3224K, reserved 1048576K
2022-08-07T09:29:02.162+0000: 4.073: [GC (Allocation Failure) 2022-08-07T09:29:02.163+0000: 4.073: [ParNew: 17849K->1093K(19008K), 0.0021828 secs] 34795K->18103K(61376K), 0.0028054 secs] [Times: user=0.00 sys=0.00, real=0.00 secs] 
Heap after GC invocations=51 (full 1):
 par new generation   total 19008K, used 1093K [0x00000000c2600000, 0x00000000c3aa0000, 0x00000000d6e00000)
  eden space 16896K,   0% used [0x00000000c2600000, 0x00000000c2600000, 0x00000000c3680000)
  from space 2112K,  51% used [0x00000000c3890000, 0x00000000c39a1790, 0x00000000c3aa0000)
  to   space 2112K,   0% used [0x00000000c3680000, 0x00000000c3680000, 0x00000000c3890000)
 concurrent mark-sweep generation total 42368K, used 17009K [0x00000000d6e00000, 0x00000000d9760000, 0x0000000100000000)
 Metaspace       used 24313K, capacity 25014K, committed 25240K, reserved 1071104K
  class space    used 2982K, capacity 3195K, committed 3224K, reserved 1048576K
}
2022-08-07T09:29:02.213+0000: 4.124: Application time: 0.0475735 seconds
{Heap before GC invocations=51 (full 1):
 par new generation   total 19008K, used 17989K [0x00000000c2600000, 0x00000000c3aa0000, 0x00000000d6e00000)
  eden space 16896K, 100% used [0x00000000c2600000, 0x00000000c3680000, 0x00000000c3680000)
  from space 2112K,  51% used [0x00000000c3890000, 0x00000000c39a1790, 0x00000000c3aa0000)
  to   space 2112K,   0% used [0x00000000c3680000, 0x00000000c3680000, 0x00000000c3890000)
 concurrent mark-sweep generation total 42368K, used 17009K [0x00000000d6e00000, 0x00000000d9760000, 0x0000000100000000)
 Metaspace       used 24643K, capacity 25396K, committed 25624K, reserved 1071104K
  class space    used 3027K, capacity 3232K, committed 3352K, reserved 1048576K
2022-08-07T09:29:02.223+0000: 4.134: [GC (Allocation Failure) 2022-08-07T09:29:02.223+0000: 4.134: [ParNew: 17989K->1398K(19008K), 0.0040239 secs] 34999K->18493K(61376K), 0.0045677 secs] [Times: user=0.01 sys=0.00, real=0.00 secs] 
Heap after GC invocations=52 (full 1):
 par new generation   total 19008K, used 1398K [0x00000000c2600000, 0x00000000c3aa0000, 0x00000000d6e00000)
  eden space 16896K,   0% used [0x00000000c2600000, 0x00000000c2600000, 0x00000000c3680000)
  from space 2112K,  66% used [0x00000000c3680000, 0x00000000c37dd878, 0x00000000c3890000)
  to   space 2112K,   0% used [0x00000000c3890000, 0x00000000c3890000, 0x00000000c3aa0000)
 concurrent mark-sweep generation total 42368K, used 17095K [0x00000000d6e00000, 0x00000000d9760000, 0x0000000100000000)
 Metaspace       used 24643K, capacity 25396K, committed 25624K, reserved 1071104K
  class space    used 3027K, capacity 3232K, committed 3352K, reserved 1048576K
}
2022-08-07T09:29:02.271+0000: 4.181: Application time: 0.0423743 seconds
2022-08-07T09:29:02.297+0000: 4.208: Application time: 0.0262212 seconds
{Heap before GC invocations=52 (full 1):
 par new generation   total 19008K, used 18294K [0x00000000c2600000, 0x00000000c3aa0000, 0x00000000d6e00000)
  eden space 16896K, 100% used [0x00000000c2600000, 0x00000000c3680000, 0x00000000c3680000)
  from space 2112K,  66% used [0x00000000c3680000, 0x00000000c37dd878, 0x00000000c3890000)
  to   space 2112K,   0% used [0x00000000c3890000, 0x00000000c3890000, 0x00000000c3aa0000)
 concurrent mark-sweep generation total 42368K, used 17095K [0x00000000d6e00000, 0x00000000d9760000, 0x0000000100000000)
 Metaspace       used 24990K, capacity 25736K, committed 25880K, reserved 1071104K
  class space    used 3056K, capacity 3246K, committed 3352K, reserved 1048576K
2022-08-07T09:29:02.299+0000: 4.209: [GC (Allocation Failure) 2022-08-07T09:29:02.299+0000: 4.210: [ParNew: 18294K->1467K(19008K), 0.0023246 secs] 35389K->18630K(61376K), 0.0030891 secs] [Times: user=0.01 sys=0.00, real=0.01 secs] 
Heap after GC invocations=53 (full 1):
 par new generation   total 19008K, used 1467K [0x00000000c2600000, 0x00000000c3aa0000, 0x00000000d6e00000)
  eden space 16896K,   0% used [0x00000000c2600000, 0x00000000c2600000, 0x00000000c3680000)
  from space 2112K,  69% used [0x00000000c3890000, 0x00000000c39fee40, 0x00000000c3aa0000)
  to   space 2112K,   0% used [0x00000000c3680000, 0x00000000c3680000, 0x00000000c3890000)
 concurrent mark-sweep generation total 42368K, used 17162K [0x00000000d6e00000, 0x00000000d9760000, 0x0000000100000000)
 Metaspace       used 24990K, capacity 25736K, committed 25880K, reserved 1071104K
  class space    used 3056K, capacity 3246K, committed 3352K, reserved 1048576K
}
2022-08-07T09:29:02.302+0000: 4.213: Application time: 0.0002440 seconds
2022-08-07T09:29:02.303+0000: 4.214: Application time: 0.0001304 seconds
2022-08-07T09:29:02.303+0000: 4.214: Application time: 0.0001327 seconds
2022-08-07T09:29:02.304+0000: 4.215: Application time: 0.0001208 seconds
2022-08-07T09:29:02.304+0000: 4.215: Application time: 0.0004539 seconds
2022-08-07T09:29:02.305+0000: 4.216: Application time: 0.0001181 seconds
2022-08-07T09:29:02.305+0000: 4.216: Application time: 0.0001104 seconds
2022-08-07T09:29:02.306+0000: 4.216: Application time: 0.0001120 seconds
2022-08-07T09:29:02.306+0000: 4.217: Application time: 0.0001060 seconds
2022-08-07T09:29:02.306+0000: 4.217: Application time: 0.0001041 seconds
2022-08-07T09:29:02.306+0000: 4.217: Application time: 0.0001045 seconds
2022-08-07T09:29:02.307+0000: 4.217: Application time: 0.0001138 seconds
2022-08-07T09:29:02.307+0000: 4.218: Application time: 0.0000961 seconds
2022-08-07T09:29:02.307+0000: 4.218: Application time: 0.0001059 seconds
2022-08-07T09:29:02.308+0000: 4.218: Application time: 0.0001049 seconds
2022-08-07T09:29:02.308+0000: 4.219: Application time: 0.0000946 seconds
2022-08-07T09:29:02.308+0000: 4.219: Application time: 0.0001096 seconds
2022-08-07T09:29:02.309+0000: 4.219: Application time: 0.0000941 seconds
2022-08-07T09:29:02.309+0000: 4.220: Application time: 0.0004501 seconds
2022-08-07T09:29:02.310+0000: 4.220: Application time: 0.0001638 seconds
2022-08-07T09:29:02.396+0000: 4.307: Application time: 0.0863197 seconds
{Heap before GC invocations=53 (full 1):
 par new generation   total 19008K, used 18363K [0x00000000c2600000, 0x00000000c3aa0000, 0x00000000d6e00000)
  eden space 16896K, 100% used [0x00000000c2600000, 0x00000000c3680000, 0x00000000c3680000)
  from space 2112K,  69% used [0x00000000c3890000, 0x00000000c39fee40, 0x00000000c3aa0000)
  to   space 2112K,   0% used [0x00000000c3680000, 0x00000000c3680000, 0x00000000c3890000)
 concurrent mark-sweep generation total 42368K, used 17162K [0x00000000d6e00000, 0x00000000d9760000, 0x0000000100000000)
 Metaspace       used 25746K, capacity 26490K, committed 26648K, reserved 1073152K
  class space    used 3143K, capacity 3347K, committed 3352K, reserved 1048576K
2022-08-07T09:29:02.397+0000: 4.308: [GC (Allocation Failure) 2022-08-07T09:29:02.398+0000: 4.308: [ParNew: 18363K->1706K(19008K), 0.0031583 secs] 35526K->19104K(61376K), 0.0038636 secs] [Times: user=0.02 sys=0.00, real=0.01 secs] 
Heap after GC invocations=54 (full 1):
 par new generation   total 19008K, used 1706K [0x00000000c2600000, 0x00000000c3aa0000, 0x00000000d6e00000)
  eden space 16896K,   0% used [0x00000000c2600000, 0x00000000c2600000, 0x00000000c3680000)
  from space 2112K,  80% used [0x00000000c3680000, 0x00000000c382a810, 0x00000000c3890000)
  to   space 2112K,   0% used [0x00000000c3890000, 0x00000000c3890000, 0x00000000c3aa0000)
 concurrent mark-sweep generation total 42368K, used 17398K [0x00000000d6e00000, 0x00000000d9760000, 0x0000000100000000)
 Metaspace       used 25746K, capacity 26490K, committed 26648K, reserved 1073152K
  class space    used 3143K, capacity 3347K, committed 3352K, reserved 1048576K
}
2022-08-07T09:29:02.402+0000: 4.313: Application time: 0.0003470 seconds
2022-08-07T09:29:02.403+0000: 4.313: Application time: 0.0001137 seconds
2022-08-07T09:29:02.403+0000: 4.314: Application time: 0.0001090 seconds
2022-08-07T09:29:02.404+0000: 4.314: Application time: 0.0001146 seconds
2022-08-07T09:29:02.404+0000: 4.315: Application time: 0.0004331 seconds
2022-08-07T09:29:02.405+0000: 4.316: Application time: 0.0001089 seconds
2022-08-07T09:29:02.405+0000: 4.316: Application time: 0.0001062 seconds
2022-08-07T09:29:02.406+0000: 4.316: Application time: 0.0001536 seconds
2022-08-07T09:29:02.406+0000: 4.317: Application time: 0.0001083 seconds
2022-08-07T09:29:02.406+0000: 4.317: Application time: 0.0001078 seconds
2022-08-07T09:29:02.407+0000: 4.317: Application time: 0.0001023 seconds
2022-08-07T09:29:02.407+0000: 4.318: Application time: 0.0001116 seconds
2022-08-07T09:29:02.407+0000: 4.318: Application time: 0.0001120 seconds
2022-08-07T09:29:02.408+0000: 4.319: Application time: 0.0001215 seconds
2022-08-07T09:29:02.408+0000: 4.319: Application time: 0.0001077 seconds
2022-08-07T09:29:02.409+0000: 4.319: Application time: 0.0000956 seconds
2022-08-07T09:29:02.409+0000: 4.320: Application time: 0.0000973 seconds
2022-08-07T09:29:02.409+0000: 4.320: Application time: 0.0001072 seconds
2022-08-07T09:29:02.410+0000: 4.320: Application time: 0.0005083 seconds
2022-08-07T09:29:02.410+0000: 4.321: Application time: 0.0001134 seconds
2022-08-07T09:29:02.441+0000: 4.352: Application time: 0.0304624 seconds
{Heap before GC invocations=54 (full 1):
 par new generation   total 19008K, used 18602K [0x00000000c2600000, 0x00000000c3aa0000, 0x00000000d6e00000)
  eden space 16896K, 100% used [0x00000000c2600000, 0x00000000c3680000, 0x00000000c3680000)
  from space 2112K,  80% used [0x00000000c3680000, 0x00000000c382a810, 0x00000000c3890000)
  to   space 2112K,   0% used [0x00000000c3890000, 0x00000000c3890000, 0x00000000c3aa0000)
 concurrent mark-sweep generation total 42368K, used 17398K [0x00000000d6e00000, 0x00000000d9760000, 0x0000000100000000)
 Metaspace       used 25981K, capacity 26736K, committed 27032K, reserved 1073152K
  class space    used 3177K, capacity 3384K, committed 3480K, reserved 1048576K
2022-08-07T09:29:02.441+0000: 4.352: [GC (Allocation Failure) 2022-08-07T09:29:02.442+0000: 4.353: [ParNew: 18602K->1349K(19008K), 0.0027366 secs] 36000K->19064K(61376K), 0.0035663 secs] [Times: user=0.01 sys=0.00, real=0.00 secs] 
Heap after GC invocations=55 (full 1):
 par new generation   total 19008K, used 1349K [0x00000000c2600000, 0x00000000c3aa0000, 0x00000000d6e00000)
  eden space 16896K,   0% used [0x00000000c2600000, 0x00000000c2600000, 0x00000000c3680000)
  from space 2112K,  63% used [0x00000000c3890000, 0x00000000c39e1470, 0x00000000c3aa0000)
  to   space 2112K,   0% used [0x00000000c3680000, 0x00000000c3680000, 0x00000000c3890000)
 concurrent mark-sweep generation total 42368K, used 17715K [0x00000000d6e00000, 0x00000000d9760000, 0x0000000100000000)
 Metaspace       used 25981K, capacity 26736K, committed 27032K, reserved 1073152K
  class space    used 3177K, capacity 3384K, committed 3480K, reserved 1048576K
}
2022-08-07T09:29:02.477+0000: 4.388: Application time: 0.0314545 seconds
{Heap before GC invocations=55 (full 1):
 par new generation   total 19008K, used 18245K [0x00000000c2600000, 0x00000000c3aa0000, 0x00000000d6e00000)
  eden space 16896K, 100% used [0x00000000c2600000, 0x00000000c3680000, 0x00000000c3680000)
  from space 2112K,  63% used [0x00000000c3890000, 0x00000000c39e1470, 0x00000000c3aa0000)
  to   space 2112K,   0% used [0x00000000c3680000, 0x00000000c3680000, 0x00000000c3890000)
 concurrent mark-sweep generation total 42368K, used 17715K [0x00000000d6e00000, 0x00000000d9760000, 0x0000000100000000)
 Metaspace       used 26149K, capacity 26902K, committed 27032K, reserved 1073152K
  class space    used 3200K, capacity 3417K, committed 3480K, reserved 1048576K
2022-08-07T09:29:02.478+0000: 4.388: [GC (Allocation Failure) 2022-08-07T09:29:02.478+0000: 4.389: [ParNew: 18245K->1501K(19008K), 0.0029852 secs] 35960K->19217K(61376K), 0.0035035 secs] [Times: user=0.01 sys=0.00, real=0.01 secs] 
Heap after GC invocations=56 (full 1):
 par new generation   total 19008K, used 1501K [0x00000000c2600000, 0x00000000c3aa0000, 0x00000000d6e00000)
  eden space 16896K,   0% used [0x00000000c2600000, 0x00000000c2600000, 0x00000000c3680000)
  from space 2112K,  71% used [0x00000000c3680000, 0x00000000c37f7790, 0x00000000c3890000)
  to   space 2112K,   0% used [0x00000000c3890000, 0x00000000c3890000, 0x00000000c3aa0000)
 concurrent mark-sweep generation total 42368K, used 17715K [0x00000000d6e00000, 0x00000000d9760000, 0x0000000100000000)
 Metaspace       used 26149K, capacity 26902K, committed 27032K, reserved 1073152K
  class space    used 3200K, capacity 3417K, committed 3480K, reserved 1048576K
}
2022-08-07T09:29:02.509+0000: 4.420: Application time: 0.0277084 seconds
{Heap before GC invocations=56 (full 1):
 par new generation   total 19008K, used 18397K [0x00000000c2600000, 0x00000000c3aa0000, 0x00000000d6e00000)
  eden space 16896K, 100% used [0x00000000c2600000, 0x00000000c3680000, 0x00000000c3680000)
  from space 2112K,  71% used [0x00000000c3680000, 0x00000000c37f7790, 0x00000000c3890000)
  to   space 2112K,   0% used [0x00000000c3890000, 0x00000000c3890000, 0x00000000c3aa0000)
 concurrent mark-sweep generation total 42368K, used 17715K [0x00000000d6e00000, 0x00000000d9760000, 0x0000000100000000)
 Metaspace       used 26188K, capacity 26966K, committed 27288K, reserved 1073152K
  class space    used 3204K, capacity 3417K, committed 3480K, reserved 1048576K
2022-08-07T09:29:02.510+0000: 4.421: [GC (Allocation Failure) 2022-08-07T09:29:02.510+0000: 4.421: [ParNew: 18397K->1607K(19008K), 0.0021180 secs] 36113K->19445K(61376K), 0.0026608 secs] [Times: user=0.00 sys=0.00, real=0.01 secs] 
Heap after GC invocations=57 (full 1):
 par new generation   total 19008K, used 1607K [0x00000000c2600000, 0x00000000c3aa0000, 0x00000000d6e00000)
  eden space 16896K,   0% used [0x00000000c2600000, 0x00000000c2600000, 0x00000000c3680000)
  from space 2112K,  76% used [0x00000000c3890000, 0x00000000c3a21e68, 0x00000000c3aa0000)
  to   space 2112K,   0% used [0x00000000c3680000, 0x00000000c3680000, 0x00000000c3890000)
 concurrent mark-sweep generation total 42368K, used 17838K [0x00000000d6e00000, 0x00000000d9760000, 0x0000000100000000)
 Metaspace       used 26188K, capacity 26966K, committed 27288K, reserved 1073152K
  class space    used 3204K, capacity 3417K, committed 3480K, reserved 1048576K
}
2022-08-07T09:29:02.537+0000: 4.448: Application time: 0.0237546 seconds
{Heap before GC invocations=57 (full 1):
 par new generation   total 19008K, used 18503K [0x00000000c2600000, 0x00000000c3aa0000, 0x00000000d6e00000)
  eden space 16896K, 100% used [0x00000000c2600000, 0x00000000c3680000, 0x00000000c3680000)
  from space 2112K,  76% used [0x00000000c3890000, 0x00000000c3a21e68, 0x00000000c3aa0000)
  to   space 2112K,   0% used [0x00000000c3680000, 0x00000000c3680000, 0x00000000c3890000)
 concurrent mark-sweep generation total 42368K, used 17838K [0x00000000d6e00000, 0x00000000d9760000, 0x0000000100000000)
 Metaspace       used 26198K, capacity 26966K, committed 27288K, reserved 1073152K
  class space    used 3204K, capacity 3417K, committed 3480K, reserved 1048576K
2022-08-07T09:29:02.537+0000: 4.448: [GC (Allocation Failure) 2022-08-07T09:29:02.538+0000: 4.448: [ParNew: 18503K->1516K(19008K), 0.0021175 secs] 36341K->19354K(61376K), 0.0026740 secs] [Times: user=0.00 sys=0.00, real=0.00 secs] 
Heap after GC invocations=58 (full 1):
 par new generation   total 19008K, used 1516K [0x00000000c2600000, 0x00000000c3aa0000, 0x00000000d6e00000)
  eden space 16896K,   0% used [0x00000000c2600000, 0x00000000c2600000, 0x00000000c3680000)
  from space 2112K,  71% used [0x00000000c3680000, 0x00000000c37fb1d0, 0x00000000c3890000)
  to   space 2112K,   0% used [0x00000000c3890000, 0x00000000c3890000, 0x00000000c3aa0000)
 concurrent mark-sweep generation total 42368K, used 17838K [0x00000000d6e00000, 0x00000000d9760000, 0x0000000100000000)
 Metaspace       used 26198K, capacity 26966K, committed 27288K, reserved 1073152K
  class space    used 3204K, capacity 3417K, committed 3480K, reserved 1048576K
}
2022-08-07T09:29:02.578+0000: 4.489: Application time: 0.0379539 seconds
{Heap before GC invocations=58 (full 1):
 par new generation   total 19008K, used 18412K [0x00000000c2600000, 0x00000000c3aa0000, 0x00000000d6e00000)
  eden space 16896K, 100% used [0x00000000c2600000, 0x00000000c3680000, 0x00000000c3680000)
  from space 2112K,  71% used [0x00000000c3680000, 0x00000000c37fb1d0, 0x00000000c3890000)
  to   space 2112K,   0% used [0x00000000c3890000, 0x00000000c3890000, 0x00000000c3aa0000)
 concurrent mark-sweep generation total 42368K, used 17838K [0x00000000d6e00000, 0x00000000d9760000, 0x0000000100000000)
 Metaspace       used 26270K, capacity 27090K, committed 27288K, reserved 1073152K
  class space    used 3216K, capacity 3431K, committed 3480K, reserved 1048576K
2022-08-07T09:29:02.579+0000: 4.490: [GC (Allocation Failure) 2022-08-07T09:29:02.579+0000: 4.490: [ParNew: 18412K->1574K(19008K), 0.0021281 secs] 36250K->19412K(61376K), 0.0028056 secs] [Times: user=0.01 sys=0.00, real=0.01 secs] 
Heap after GC invocations=59 (full 1):
 par new generation   total 19008K, used 1574K [0x00000000c2600000, 0x00000000c3aa0000, 0x00000000d6e00000)
  eden space 16896K,   0% used [0x00000000c2600000, 0x00000000c2600000, 0x00000000c3680000)
  from space 2112K,  74% used [0x00000000c3890000, 0x00000000c3a19978, 0x00000000c3aa0000)
  to   space 2112K,   0% used [0x00000000c3680000, 0x00000000c3680000, 0x00000000c3890000)
 concurrent mark-sweep generation total 42368K, used 17838K [0x00000000d6e00000, 0x00000000d9760000, 0x0000000100000000)
 Metaspace       used 26270K, capacity 27090K, committed 27288K, reserved 1073152K
  class space    used 3216K, capacity 3431K, committed 3480K, reserved 1048576K
}
2022-08-07T09:29:02.628+0000: 4.539: Application time: 0.0454547 seconds
{Heap before GC invocations=59 (full 1):
 par new generation   total 19008K, used 18470K [0x00000000c2600000, 0x00000000c3aa0000, 0x00000000d6e00000)
  eden space 16896K, 100% used [0x00000000c2600000, 0x00000000c3680000, 0x00000000c3680000)
  from space 2112K,  74% used [0x00000000c3890000, 0x00000000c3a19978, 0x00000000c3aa0000)
  to   space 2112K,   0% used [0x00000000c3680000, 0x00000000c3680000, 0x00000000c3890000)
 concurrent mark-sweep generation total 42368K, used 17838K [0x00000000d6e00000, 0x00000000d9760000, 0x0000000100000000)
 Metaspace       used 26372K, capacity 27158K, committed 27288K, reserved 1073152K
  class space    used 3229K, capacity 3431K, committed 3480K, reserved 1048576K
2022-08-07T09:29:02.628+0000: 4.539: [GC (Allocation Failure) 2022-08-07T09:29:02.629+0000: 4.539: [ParNew: 18470K->1124K(19008K), 0.0036429 secs] 36308K->19349K(61376K), 0.0043028 secs] [Times: user=0.01 sys=0.00, real=0.01 secs] 
Heap after GC invocations=60 (full 1):
 par new generation   total 19008K, used 1124K [0x00000000c2600000, 0x00000000c3aa0000, 0x00000000d6e00000)
  eden space 16896K,   0% used [0x00000000c2600000, 0x00000000c2600000, 0x00000000c3680000)
  from space 2112K,  53% used [0x00000000c3680000, 0x00000000c3799130, 0x00000000c3890000)
  to   space 2112K,   0% used [0x00000000c3890000, 0x00000000c3890000, 0x00000000c3aa0000)
 concurrent mark-sweep generation total 42368K, used 18224K [0x00000000d6e00000, 0x00000000d9760000, 0x0000000100000000)
 Metaspace       used 26372K, capacity 27158K, committed 27288K, reserved 1073152K
  class space    used 3229K, capacity 3431K, committed 3480K, reserved 1048576K
}
2022-08-07T09:29:02.663+0000: 4.574: Application time: 0.0301261 seconds
{Heap before GC invocations=60 (full 1):
 par new generation   total 19008K, used 18020K [0x00000000c2600000, 0x00000000c3aa0000, 0x00000000d6e00000)
  eden space 16896K, 100% used [0x00000000c2600000, 0x00000000c3680000, 0x00000000c3680000)
  from space 2112K,  53% used [0x00000000c3680000, 0x00000000c3799130, 0x00000000c3890000)
  to   space 2112K,   0% used [0x00000000c3890000, 0x00000000c3890000, 0x00000000c3aa0000)
 concurrent mark-sweep generation total 42368K, used 18224K [0x00000000d6e00000, 0x00000000d9760000, 0x0000000100000000)
 Metaspace       used 26434K, capacity 27262K, committed 27288K, reserved 1073152K
  class space    used 3236K, capacity 3465K, committed 3480K, reserved 1048576K
2022-08-07T09:29:02.664+0000: 4.575: [GC (Allocation Failure) 2022-08-07T09:29:02.664+0000: 4.575: [ParNew: 18020K->1328K(19008K), 0.0024336 secs] 36245K->19553K(61376K), 0.0038652 secs] [Times: user=0.01 sys=0.00, real=0.00 secs] 
Heap after GC invocations=61 (full 1):
 par new generation   total 19008K, used 1328K [0x00000000c2600000, 0x00000000c3aa0000, 0x00000000d6e00000)
  eden space 16896K,   0% used [0x00000000c2600000, 0x00000000c2600000, 0x00000000c3680000)
  from space 2112K,  62% used [0x00000000c3890000, 0x00000000c39dc268, 0x00000000c3aa0000)
  to   space 2112K,   0% used [0x00000000c3680000, 0x00000000c3680000, 0x00000000c3890000)
 concurrent mark-sweep generation total 42368K, used 18224K [0x00000000d6e00000, 0x00000000d9760000, 0x0000000100000000)
 Metaspace       used 26434K, capacity 27262K, committed 27288K, reserved 1073152K
  class space    used 3236K, capacity 3465K, committed 3480K, reserved 1048576K
}
2022-08-07T09:29:02.706+0000: 4.617: Application time: 0.0376171 seconds
{Heap before GC invocations=61 (full 1):
 par new generation   total 19008K, used 18224K [0x00000000c2600000, 0x00000000c3aa0000, 0x00000000d6e00000)
  eden space 16896K, 100% used [0x00000000c2600000, 0x00000000c3680000, 0x00000000c3680000)
  from space 2112K,  62% used [0x00000000c3890000, 0x00000000c39dc268, 0x00000000c3aa0000)
  to   space 2112K,   0% used [0x00000000c3680000, 0x00000000c3680000, 0x00000000c3890000)
 concurrent mark-sweep generation total 42368K, used 18224K [0x00000000d6e00000, 0x00000000d9760000, 0x0000000100000000)
 Metaspace       used 26479K, capacity 27326K, committed 27544K, reserved 1073152K
  class space    used 3241K, capacity 3465K, committed 3480K, reserved 1048576K
2022-08-07T09:29:02.707+0000: 4.617: [GC (Allocation Failure) 2022-08-07T09:29:02.707+0000: 4.618: [ParNew: 18224K->1282K(19008K), 0.0030051 secs] 36449K->19507K(61376K), 0.0040256 secs] [Times: user=0.00 sys=0.00, real=0.01 secs] 
Heap after GC invocations=62 (full 1):
 par new generation   total 19008K, used 1282K [0x00000000c2600000, 0x00000000c3aa0000, 0x00000000d6e00000)
  eden space 16896K,   0% used [0x00000000c2600000, 0x00000000c2600000, 0x00000000c3680000)
  from space 2112K,  60% used [0x00000000c3680000, 0x00000000c37c0bd8, 0x00000000c3890000)
  to   space 2112K,   0% used [0x00000000c3890000, 0x00000000c3890000, 0x00000000c3aa0000)
 concurrent mark-sweep generation total 42368K, used 18224K [0x00000000d6e00000, 0x00000000d9760000, 0x0000000100000000)
 Metaspace       used 26479K, capacity 27326K, committed 27544K, reserved 1073152K
  class space    used 3241K, capacity 3465K, committed 3480K, reserved 1048576K
}
2022-08-07T09:29:02.788+0000: 4.699: Application time: 0.0765968 seconds
{Heap before GC invocations=62 (full 1):
 par new generation   total 19008K, used 18178K [0x00000000c2600000, 0x00000000c3aa0000, 0x00000000d6e00000)
  eden space 16896K, 100% used [0x00000000c2600000, 0x00000000c3680000, 0x00000000c3680000)
  from space 2112K,  60% used [0x00000000c3680000, 0x00000000c37c0bd8, 0x00000000c3890000)
  to   space 2112K,   0% used [0x00000000c3890000, 0x00000000c3890000, 0x00000000c3aa0000)
 concurrent mark-sweep generation total 42368K, used 18224K [0x00000000d6e00000, 0x00000000d9760000, 0x0000000100000000)
 Metaspace       used 26557K, capacity 27354K, committed 27544K, reserved 1073152K
  class space    used 3251K, capacity 3471K, committed 3480K, reserved 1048576K
2022-08-07T09:29:02.789+0000: 4.700: [GC (Allocation Failure) 2022-08-07T09:29:02.789+0000: 4.700: [ParNew: 18178K->1339K(19008K), 0.0039707 secs] 36403K->19854K(61376K), 0.0046150 secs] [Times: user=0.01 sys=0.00, real=0.01 secs] 
Heap after GC invocations=63 (full 1):
 par new generation   total 19008K, used 1339K [0x00000000c2600000, 0x00000000c3aa0000, 0x00000000d6e00000)
  eden space 16896K,   0% used [0x00000000c2600000, 0x00000000c2600000, 0x00000000c3680000)
  from space 2112K,  63% used [0x00000000c3890000, 0x00000000c39dec10, 0x00000000c3aa0000)
  to   space 2112K,   0% used [0x00000000c3680000, 0x00000000c3680000, 0x00000000c3890000)
 concurrent mark-sweep generation total 42368K, used 18515K [0x00000000d6e00000, 0x00000000d9760000, 0x0000000100000000)
 Metaspace       used 26557K, capacity 27354K, committed 27544K, reserved 1073152K
  class space    used 3251K, capacity 3471K, committed 3480K, reserved 1048576K
}
2022-08-07T09:29:02.871+0000: 4.782: Application time: 0.0771077 seconds
{Heap before GC invocations=63 (full 1):
 par new generation   total 19008K, used 18235K [0x00000000c2600000, 0x00000000c3aa0000, 0x00000000d6e00000)
  eden space 16896K, 100% used [0x00000000c2600000, 0x00000000c3680000, 0x00000000c3680000)
  from space 2112K,  63% used [0x00000000c3890000, 0x00000000c39dec10, 0x00000000c3aa0000)
  to   space 2112K,   0% used [0x00000000c3680000, 0x00000000c3680000, 0x00000000c3890000)
 concurrent mark-sweep generation total 42368K, used 18515K [0x00000000d6e00000, 0x00000000d9760000, 0x0000000100000000)
 Metaspace       used 26603K, capacity 27418K, committed 27544K, reserved 1073152K
  class space    used 3256K, capacity 3471K, committed 3480K, reserved 1048576K
2022-08-07T09:29:02.874+0000: 4.785: [GC (Allocation Failure) 2022-08-07T09:29:02.875+0000: 4.785: [ParNew: 18235K->745K(19008K), 0.0114145 secs] 36750K->19432K(61376K), 0.0136857 secs] [Times: user=0.02 sys=0.00, real=0.01 secs] 
Heap after GC invocations=64 (full 1):
 par new generation   total 19008K, used 745K [0x00000000c2600000, 0x00000000c3aa0000, 0x00000000d6e00000)
  eden space 16896K,   0% used [0x00000000c2600000, 0x00000000c2600000, 0x00000000c3680000)
  from space 2112K,  35% used [0x00000000c3680000, 0x00000000c373a578, 0x00000000c3890000)
  to   space 2112K,   0% used [0x00000000c3890000, 0x00000000c3890000, 0x00000000c3aa0000)
 concurrent mark-sweep generation total 42368K, used 18687K [0x00000000d6e00000, 0x00000000d9760000, 0x0000000100000000)
 Metaspace       used 26603K, capacity 27418K, committed 27544K, reserved 1073152K
  class space    used 3256K, capacity 3471K, committed 3480K, reserved 1048576K
}
2022-08-07T09:29:03.009+0000: 4.919: Application time: 0.1139677 seconds
2022-08-07T09:29:03.017+0000: 4.928: Application time: 0.0077306 seconds
2022-08-07T09:29:03.021+0000: 4.932: Application time: 0.0041104 seconds
2022-08-07T09:29:03.040+0000: 4.951: Application time: 0.0185719 seconds
{Heap before GC invocations=64 (full 1):
 par new generation   total 19008K, used 17641K [0x00000000c2600000, 0x00000000c3aa0000, 0x00000000d6e00000)
  eden space 16896K, 100% used [0x00000000c2600000, 0x00000000c3680000, 0x00000000c3680000)
  from space 2112K,  35% used [0x00000000c3680000, 0x00000000c373a578, 0x00000000c3890000)
  to   space 2112K,   0% used [0x00000000c3890000, 0x00000000c3890000, 0x00000000c3aa0000)
 concurrent mark-sweep generation total 42368K, used 18687K [0x00000000d6e00000, 0x00000000d9760000, 0x0000000100000000)
 Metaspace       used 26929K, capacity 27844K, committed 27928K, reserved 1073152K
  class space    used 3296K, capacity 3532K, committed 3608K, reserved 1048576K
2022-08-07T09:29:03.041+0000: 4.952: [GC (Allocation Failure) 2022-08-07T09:29:03.042+0000: 4.952: [ParNew: 17641K->1183K(19008K), 0.0060912 secs] 36328K->19938K(61376K), 0.0105207 secs] [Times: user=0.01 sys=0.00, real=0.01 secs] 
Heap after GC invocations=65 (full 1):
 par new generation   total 19008K, used 1183K [0x00000000c2600000, 0x00000000c3aa0000, 0x00000000d6e00000)
  eden space 16896K,   0% used [0x00000000c2600000, 0x00000000c2600000, 0x00000000c3680000)
  from space 2112K,  56% used [0x00000000c3890000, 0x00000000c39b7e58, 0x00000000c3aa0000)
  to   space 2112K,   0% used [0x00000000c3680000, 0x00000000c3680000, 0x00000000c3890000)
 concurrent mark-sweep generation total 42368K, used 18755K [0x00000000d6e00000, 0x00000000d9760000, 0x0000000100000000)
 Metaspace       used 26929K, capacity 27844K, committed 27928K, reserved 1073152K
  class space    used 3296K, capacity 3532K, committed 3608K, reserved 1048576K
}
2022-08-07T09:29:03.085+0000: 4.995: Application time: 0.0323084 seconds
{Heap before GC invocations=65 (full 1):
 par new generation   total 19008K, used 18079K [0x00000000c2600000, 0x00000000c3aa0000, 0x00000000d6e00000)
  eden space 16896K, 100% used [0x00000000c2600000, 0x00000000c3680000, 0x00000000c3680000)
  from space 2112K,  56% used [0x00000000c3890000, 0x00000000c39b7e58, 0x00000000c3aa0000)
  to   space 2112K,   0% used [0x00000000c3680000, 0x00000000c3680000, 0x00000000c3890000)
 concurrent mark-sweep generation total 42368K, used 18755K [0x00000000d6e00000, 0x00000000d9760000, 0x0000000100000000)
 Metaspace       used 26962K, capacity 27916K, committed 28184K, reserved 1073152K
  class space    used 3300K, capacity 3536K, committed 3608K, reserved 1048576K
2022-08-07T09:29:03.086+0000: 4.996: [GC (Allocation Failure) 2022-08-07T09:29:03.086+0000: 4.997: [ParNew: 18079K->584K(19008K), 0.0041020 secs] 36834K->19354K(61376K), 0.0048362 secs] [Times: user=0.01 sys=0.00, real=0.01 secs] 
Heap after GC invocations=66 (full 1):
 par new generation   total 19008K, used 584K [0x00000000c2600000, 0x00000000c3aa0000, 0x00000000d6e00000)
  eden space 16896K,   0% used [0x00000000c2600000, 0x00000000c2600000, 0x00000000c3680000)
  from space 2112K,  27% used [0x00000000c3680000, 0x00000000c3712238, 0x00000000c3890000)
  to   space 2112K,   0% used [0x00000000c3890000, 0x00000000c3890000, 0x00000000c3aa0000)
 concurrent mark-sweep generation total 42368K, used 18770K [0x00000000d6e00000, 0x00000000d9760000, 0x0000000100000000)
 Metaspace       used 26962K, capacity 27916K, committed 28184K, reserved 1073152K
  class space    used 3300K, capacity 3536K, committed 3608K, reserved 1048576K
}
2022-08-07T09:29:03.093+0000: 5.004: Application time: 0.0019045 seconds
2022-08-07T09:29:03.169+0000: 5.080: Application time: 0.0763450 seconds
{Heap before GC invocations=66 (full 1):
 par new generation   total 19008K, used 17480K [0x00000000c2600000, 0x00000000c3aa0000, 0x00000000d6e00000)
  eden space 16896K, 100% used [0x00000000c2600000, 0x00000000c3680000, 0x00000000c3680000)
  from space 2112K,  27% used [0x00000000c3680000, 0x00000000c3712238, 0x00000000c3890000)
  to   space 2112K,   0% used [0x00000000c3890000, 0x00000000c3890000, 0x00000000c3aa0000)
 concurrent mark-sweep generation total 42368K, used 18770K [0x00000000d6e00000, 0x00000000d9760000, 0x0000000100000000)
 Metaspace       used 27134K, capacity 28054K, committed 28184K, reserved 1073152K
  class space    used 3326K, capacity 3537K, committed 3608K, reserved 1048576K
2022-08-07T09:29:03.170+0000: 5.081: [GC (Allocation Failure) 2022-08-07T09:29:03.171+0000: 5.081: [ParNew: 17480K->1024K(19008K), 0.0032609 secs] 36250K->19809K(61376K), 0.0040147 secs] [Times: user=0.01 sys=0.00, real=0.01 secs] 
Heap after GC invocations=67 (full 1):
 par new generation   total 19008K, used 1024K [0x00000000c2600000, 0x00000000c3aa0000, 0x00000000d6e00000)
  eden space 16896K,   0% used [0x00000000c2600000, 0x00000000c2600000, 0x00000000c3680000)
  from space 2112K,  48% used [0x00000000c3890000, 0x00000000c39903c8, 0x00000000c3aa0000)
  to   space 2112K,   0% used [0x00000000c3680000, 0x00000000c3680000, 0x00000000c3890000)
 concurrent mark-sweep generation total 42368K, used 18784K [0x00000000d6e00000, 0x00000000d9760000, 0x0000000100000000)
 Metaspace       used 27134K, capacity 28054K, committed 28184K, reserved 1073152K
  class space    used 3326K, capacity 3537K, committed 3608K, reserved 1048576K
}
2022-08-07T09:29:03.228+0000: 5.139: Application time: 0.0530511 seconds
{Heap before GC invocations=67 (full 1):
 par new generation   total 19008K, used 17920K [0x00000000c2600000, 0x00000000c3aa0000, 0x00000000d6e00000)
  eden space 16896K, 100% used [0x00000000c2600000, 0x00000000c3680000, 0x00000000c3680000)
  from space 2112K,  48% used [0x00000000c3890000, 0x00000000c39903c8, 0x00000000c3aa0000)
  to   space 2112K,   0% used [0x00000000c3680000, 0x00000000c3680000, 0x00000000c3890000)
 concurrent mark-sweep generation total 42368K, used 18784K [0x00000000d6e00000, 0x00000000d9760000, 0x0000000100000000)
 Metaspace       used 27254K, capacity 28182K, committed 28440K, reserved 1075200K
  class space    used 3347K, capacity 3601K, committed 3608K, reserved 1048576K
2022-08-07T09:29:03.229+0000: 5.139: [GC (Allocation Failure) 2022-08-07T09:29:03.229+0000: 5.140: [ParNew: 17920K->1104K(19008K), 0.0034650 secs] 36705K->19933K(61376K), 0.0041084 secs] [Times: user=0.01 sys=0.00, real=0.01 secs] 
Heap after GC invocations=68 (full 1):
 par new generation   total 19008K, used 1104K [0x00000000c2600000, 0x00000000c3aa0000, 0x00000000d6e00000)
  eden space 16896K,   0% used [0x00000000c2600000, 0x00000000c2600000, 0x00000000c3680000)
  from space 2112K,  52% used [0x00000000c3680000, 0x00000000c3794268, 0x00000000c3890000)
  to   space 2112K,   0% used [0x00000000c3890000, 0x00000000c3890000, 0x00000000c3aa0000)
 concurrent mark-sweep generation total 42368K, used 18828K [0x00000000d6e00000, 0x00000000d9760000, 0x0000000100000000)
 Metaspace       used 27254K, capacity 28182K, committed 28440K, reserved 1075200K
  class space    used 3347K, capacity 3601K, committed 3608K, reserved 1048576K
}
2022-08-07T09:29:03.268+0000: 5.178: Application time: 0.0340937 seconds
{Heap before GC invocations=68 (full 1):
 par new generation   total 19008K, used 17983K [0x00000000c2600000, 0x00000000c3aa0000, 0x00000000d6e00000)
  eden space 16896K,  99% used [0x00000000c2600000, 0x00000000c367bd30, 0x00000000c3680000)
  from space 2112K,  52% used [0x00000000c3680000, 0x00000000c3794268, 0x00000000c3890000)
  to   space 2112K,   0% used [0x00000000c3890000, 0x00000000c3890000, 0x00000000c3aa0000)
 concurrent mark-sweep generation total 42368K, used 18828K [0x00000000d6e00000, 0x00000000d9760000, 0x0000000100000000)
 Metaspace       used 27311K, capacity 28252K, committed 28440K, reserved 1075200K
  class space    used 3353K, capacity 3602K, committed 3608K, reserved 1048576K
2022-08-07T09:29:03.268+0000: 5.179: [GC (Allocation Failure) 2022-08-07T09:29:03.269+0000: 5.179: [ParNew: 17983K->901K(19008K), 0.0095002 secs] 36812K->19764K(61376K), 0.0103595 secs] [Times: user=0.01 sys=0.00, real=0.01 secs] 
Heap after GC invocations=69 (full 1):
 par new generation   total 19008K, used 901K [0x00000000c2600000, 0x00000000c3aa0000, 0x00000000d6e00000)
  eden space 16896K,   0% used [0x00000000c2600000, 0x00000000c2600000, 0x00000000c3680000)
  from space 2112K,  42% used [0x00000000c3890000, 0x00000000c3971788, 0x00000000c3aa0000)
  to   space 2112K,   0% used [0x00000000c3680000, 0x00000000c3680000, 0x00000000c3890000)
 concurrent mark-sweep generation total 42368K, used 18862K [0x00000000d6e00000, 0x00000000d9760000, 0x0000000100000000)
 Metaspace       used 27311K, capacity 28252K, committed 28440K, reserved 1075200K
  class space    used 3353K, capacity 3602K, committed 3608K, reserved 1048576K
}
2022-08-07T09:29:03.282+0000: 5.193: Application time: 0.0028178 seconds
{Heap before GC invocations=69 (full 1):
 par new generation   total 19008K, used 17755K [0x00000000c2600000, 0x00000000c3aa0000, 0x00000000d6e00000)
  eden space 16896K,  99% used [0x00000000c2600000, 0x00000000c3675770, 0x00000000c3680000)
  from space 2112K,  42% used [0x00000000c3890000, 0x00000000c3971788, 0x00000000c3aa0000)
  to   space 2112K,   0% used [0x00000000c3680000, 0x00000000c3680000, 0x00000000c3890000)
 concurrent mark-sweep generation total 42368K, used 18862K [0x00000000d6e00000, 0x00000000d9760000, 0x0000000100000000)
 Metaspace       used 27311K, capacity 28252K, committed 28440K, reserved 1075200K
  class space    used 3353K, capacity 3602K, committed 3608K, reserved 1048576K
2022-08-07T09:29:03.283+0000: 5.193: [GC (Allocation Failure) 2022-08-07T09:29:03.283+0000: 5.194: [ParNew: 17755K->1148K(19008K), 0.0078214 secs] 36618K->20031K(61376K), 0.0085649 secs] [Times: user=0.00 sys=0.00, real=0.01 secs] 
Heap after GC invocations=70 (full 1):
 par new generation   total 19008K, used 1148K [0x00000000c2600000, 0x00000000c3aa0000, 0x00000000d6e00000)
  eden space 16896K,   0% used [0x00000000c2600000, 0x00000000c2600000, 0x00000000c3680000)
  from space 2112K,  54% used [0x00000000c3680000, 0x00000000c379f0a8, 0x00000000c3890000)
  to   space 2112K,   0% used [0x00000000c3890000, 0x00000000c3890000, 0x00000000c3aa0000)
 concurrent mark-sweep generation total 42368K, used 18883K [0x00000000d6e00000, 0x00000000d9760000, 0x0000000100000000)
 Metaspace       used 27311K, capacity 28252K, committed 28440K, reserved 1075200K
  class space    used 3353K, capacity 3602K, committed 3608K, reserved 1048576K
}
2022-08-07T09:29:03.417+0000: 5.328: Application time: 0.1254110 seconds
{Heap before GC invocations=70 (full 1):
 par new generation   total 19008K, used 18044K [0x00000000c2600000, 0x00000000c3aa0000, 0x00000000d6e00000)
  eden space 16896K, 100% used [0x00000000c2600000, 0x00000000c3680000, 0x00000000c3680000)
  from space 2112K,  54% used [0x00000000c3680000, 0x00000000c379f0a8, 0x00000000c3890000)
  to   space 2112K,   0% used [0x00000000c3890000, 0x00000000c3890000, 0x00000000c3aa0000)
 concurrent mark-sweep generation total 42368K, used 18883K [0x00000000d6e00000, 0x00000000d9760000, 0x0000000100000000)
 Metaspace       used 27786K, capacity 28732K, committed 29080K, reserved 1075200K
  class space    used 3415K, capacity 3670K, committed 3736K, reserved 1048576K
2022-08-07T09:29:03.418+0000: 5.329: [GC (Allocation Failure) 2022-08-07T09:29:03.418+0000: 5.329: [ParNew: 18044K->2111K(19008K), 0.0060757 secs] 36927K->21076K(61376K), 0.0068576 secs] [Times: user=0.01 sys=0.00, real=0.01 secs] 
Heap after GC invocations=71 (full 1):
 par new generation   total 19008K, used 2111K [0x00000000c2600000, 0x00000000c3aa0000, 0x00000000d6e00000)
  eden space 16896K,   0% used [0x00000000c2600000, 0x00000000c2600000, 0x00000000c3680000)
  from space 2112K,  99% used [0x00000000c3890000, 0x00000000c3a9ff60, 0x00000000c3aa0000)
  to   space 2112K,   0% used [0x00000000c3680000, 0x00000000c3680000, 0x00000000c3890000)
 concurrent mark-sweep generation total 42368K, used 18964K [0x00000000d6e00000, 0x00000000d9760000, 0x0000000100000000)
 Metaspace       used 27786K, capacity 28732K, committed 29080K, reserved 1075200K
  class space    used 3415K, capacity 3670K, committed 3736K, reserved 1048576K
}
2022-08-07T09:29:03.507+0000: 5.418: Application time: 0.0816914 seconds
{Heap before GC invocations=71 (full 1):
 par new generation   total 19008K, used 19007K [0x00000000c2600000, 0x00000000c3aa0000, 0x00000000d6e00000)
  eden space 16896K, 100% used [0x00000000c2600000, 0x00000000c3680000, 0x00000000c3680000)
  from space 2112K,  99% used [0x00000000c3890000, 0x00000000c3a9ff60, 0x00000000c3aa0000)
  to   space 2112K,   0% used [0x00000000c3680000, 0x00000000c3680000, 0x00000000c3890000)
 concurrent mark-sweep generation total 42368K, used 18964K [0x00000000d6e00000, 0x00000000d9760000, 0x0000000100000000)
 Metaspace       used 27897K, capacity 28866K, committed 29080K, reserved 1075200K
  class space    used 3417K, capacity 3671K, committed 3736K, reserved 1048576K
2022-08-07T09:29:03.508+0000: 5.419: [GC (Allocation Failure) 2022-08-07T09:29:03.508+0000: 5.419: [ParNew: 19007K->1382K(19008K), 0.0206770 secs] 37972K->21785K(61376K), 0.0214009 secs] [Times: user=0.03 sys=0.00, real=0.02 secs] 
Heap after GC invocations=72 (full 1):
 par new generation   total 19008K, used 1382K [0x00000000c2600000, 0x00000000c3aa0000, 0x00000000d6e00000)
  eden space 16896K,   0% used [0x00000000c2600000, 0x00000000c2600000, 0x00000000c3680000)
  from space 2112K,  65% used [0x00000000c3680000, 0x00000000c37d9978, 0x00000000c3890000)
  to   space 2112K,   0% used [0x00000000c3890000, 0x00000000c3890000, 0x00000000c3aa0000)
 concurrent mark-sweep generation total 42368K, used 20402K [0x00000000d6e00000, 0x00000000d9760000, 0x0000000100000000)
 Metaspace       used 27897K, capacity 28866K, committed 29080K, reserved 1075200K
  class space    used 3417K, capacity 3671K, committed 3736K, reserved 1048576K
}
2022-08-07T09:29:03.591+0000: 5.502: Application time: 0.0609142 seconds
{Heap before GC invocations=72 (full 1):
 par new generation   total 19008K, used 18278K [0x00000000c2600000, 0x00000000c3aa0000, 0x00000000d6e00000)
  eden space 16896K, 100% used [0x00000000c2600000, 0x00000000c3680000, 0x00000000c3680000)
  from space 2112K,  65% used [0x00000000c3680000, 0x00000000c37d9978, 0x00000000c3890000)
  to   space 2112K,   0% used [0x00000000c3890000, 0x00000000c3890000, 0x00000000c3aa0000)
 concurrent mark-sweep generation total 42368K, used 20402K [0x00000000d6e00000, 0x00000000d9760000, 0x0000000100000000)
 Metaspace       used 28043K, capacity 29002K, committed 29336K, reserved 1075200K
  class space    used 3432K, capacity 3673K, committed 3736K, reserved 1048576K
2022-08-07T09:29:03.592+0000: 5.502: [GC (Allocation Failure) 2022-08-07T09:29:03.592+0000: 5.503: [ParNew: 18278K->1381K(19008K), 0.0066685 secs] 38681K->21784K(61376K), 0.0073848 secs] [Times: user=0.01 sys=0.00, real=0.00 secs] 
Heap after GC invocations=73 (full 1):
 par new generation   total 19008K, used 1381K [0x00000000c2600000, 0x00000000c3aa0000, 0x00000000d6e00000)
  eden space 16896K,   0% used [0x00000000c2600000, 0x00000000c2600000, 0x00000000c3680000)
  from space 2112K,  65% used [0x00000000c3890000, 0x00000000c39e95a8, 0x00000000c3aa0000)
  to   space 2112K,   0% used [0x00000000c3680000, 0x00000000c3680000, 0x00000000c3890000)
 concurrent mark-sweep generation total 42368K, used 20402K [0x00000000d6e00000, 0x00000000d9760000, 0x0000000100000000)
 Metaspace       used 28043K, capacity 29002K, committed 29336K, reserved 1075200K
  class space    used 3432K, capacity 3673K, committed 3736K, reserved 1048576K
}
2022-08-07T09:29:03.613+0000: 5.524: Application time: 0.0135272 seconds
2022-08-07T09:29:03.614+0000: 5.525: Application time: 0.0009916 seconds
2022-08-07T09:29:03.618+0000: 5.528: Application time: 0.0029236 seconds
2022-08-07T09:29:03.626+0000: 5.537: Application time: 0.0042287 seconds
2022-08-07T09:29:03.627+0000: 5.538: Application time: 0.0004637 seconds
2022-08-07T09:29:03.628+0000: 5.538: Application time: 0.0001358 seconds
2022-08-07T09:29:03.628+0000: 5.539: Application time: 0.0001304 seconds
2022-08-07T09:29:03.629+0000: 5.540: Application time: 0.0006875 seconds
2022-08-07T09:29:03.635+0000: 5.545: Application time: 0.0051577 seconds
{Heap before GC invocations=73 (full 1):
 par new generation   total 19008K, used 18277K [0x00000000c2600000, 0x00000000c3aa0000, 0x00000000d6e00000)
  eden space 16896K, 100% used [0x00000000c2600000, 0x00000000c3680000, 0x00000000c3680000)
  from space 2112K,  65% used [0x00000000c3890000, 0x00000000c39e95a8, 0x00000000c3aa0000)
  to   space 2112K,   0% used [0x00000000c3680000, 0x00000000c3680000, 0x00000000c3890000)
 concurrent mark-sweep generation total 42368K, used 20402K [0x00000000d6e00000, 0x00000000d9760000, 0x0000000100000000)
 Metaspace       used 28153K, capacity 29118K, committed 29336K, reserved 1075200K
  class space    used 3448K, capacity 3711K, committed 3736K, reserved 1048576K
2022-08-07T09:29:03.636+0000: 5.547: [GC (Allocation Failure) 2022-08-07T09:29:03.637+0000: 5.548: [ParNew: 18277K->1261K(19008K), 0.0032357 secs] 38680K->22018K(61376K), 0.0039371 secs] [Times: user=0.01 sys=0.00, real=0.01 secs] 
Heap after GC invocations=74 (full 1):
 par new generation   total 19008K, used 1261K [0x00000000c2600000, 0x00000000c3aa0000, 0x00000000d6e00000)
  eden space 16896K,   0% used [0x00000000c2600000, 0x00000000c2600000, 0x00000000c3680000)
  from space 2112K,  59% used [0x00000000c3680000, 0x00000000c37bb460, 0x00000000c3890000)
  to   space 2112K,   0% used [0x00000000c3890000, 0x00000000c3890000, 0x00000000c3aa0000)
 concurrent mark-sweep generation total 42368K, used 20757K [0x00000000d6e00000, 0x00000000d9760000, 0x0000000100000000)
 Metaspace       used 28153K, capacity 29118K, committed 29336K, reserved 1075200K
  class space    used 3448K, capacity 3711K, committed 3736K, reserved 1048576K
}
2022-08-07T09:29:03.642+0000: 5.552: Application time: 0.0005878 seconds
2022-08-07T09:29:03.648+0000: 5.559: Application time: 0.0059488 seconds
2022-08-07T09:29:03.650+0000: 5.560: Application time: 0.0002575 seconds
2022-08-07T09:29:03.651+0000: 5.562: Application time: 0.0007266 seconds
2022-08-07T09:29:03.658+0000: 5.569: Application time: 0.0070452 seconds
2022-08-07T09:29:03.660+0000: 5.570: Application time: 0.0010396 seconds
{Heap before GC invocations=74 (full 1):
 par new generation   total 19008K, used 18157K [0x00000000c2600000, 0x00000000c3aa0000, 0x00000000d6e00000)
  eden space 16896K, 100% used [0x00000000c2600000, 0x00000000c3680000, 0x00000000c3680000)
  from space 2112K,  59% used [0x00000000c3680000, 0x00000000c37bb460, 0x00000000c3890000)
  to   space 2112K,   0% used [0x00000000c3890000, 0x00000000c3890000, 0x00000000c3aa0000)
 concurrent mark-sweep generation total 42368K, used 20757K [0x00000000d6e00000, 0x00000000d9760000, 0x0000000100000000)
 Metaspace       used 28202K, capacity 29182K, committed 29336K, reserved 1075200K
  class space    used 3452K, capacity 3711K, committed 3736K, reserved 1048576K
2022-08-07T09:29:03.660+0000: 5.571: [GC (Allocation Failure) 2022-08-07T09:29:03.661+0000: 5.572: [ParNew: 18157K->818K(19008K), 0.0016464 secs] 38914K->21575K(61376K), 0.0024169 secs] [Times: user=0.01 sys=0.00, real=0.01 secs] 
Heap after GC invocations=75 (full 1):
 par new generation   total 19008K, used 818K [0x00000000c2600000, 0x00000000c3aa0000, 0x00000000d6e00000)
  eden space 16896K,   0% used [0x00000000c2600000, 0x00000000c2600000, 0x00000000c3680000)
  from space 2112K,  38% used [0x00000000c3890000, 0x00000000c395c948, 0x00000000c3aa0000)
  to   space 2112K,   0% used [0x00000000c3680000, 0x00000000c3680000, 0x00000000c3890000)
 concurrent mark-sweep generation total 42368K, used 20757K [0x00000000d6e00000, 0x00000000d9760000, 0x0000000100000000)
 Metaspace       used 28202K, capacity 29182K, committed 29336K, reserved 1075200K
  class space    used 3452K, capacity 3711K, committed 3736K, reserved 1048576K
}
2022-08-07T09:29:03.676+0000: 5.587: Application time: 0.0124585 seconds
{Heap before GC invocations=75 (full 1):
 par new generation   total 19008K, used 17714K [0x00000000c2600000, 0x00000000c3aa0000, 0x00000000d6e00000)
  eden space 16896K, 100% used [0x00000000c2600000, 0x00000000c3680000, 0x00000000c3680000)
  from space 2112K,  38% used [0x00000000c3890000, 0x00000000c395c948, 0x00000000c3aa0000)
  to   space 2112K,   0% used [0x00000000c3680000, 0x00000000c3680000, 0x00000000c3890000)
 concurrent mark-sweep generation total 42368K, used 20757K [0x00000000d6e00000, 0x00000000d9760000, 0x0000000100000000)
 Metaspace       used 28204K, capacity 29182K, committed 29336K, reserved 1075200K
  class space    used 3452K, capacity 3711K, committed 3736K, reserved 1048576K
2022-08-07T09:29:03.677+0000: 5.588: [GC (Allocation Failure) 2022-08-07T09:29:03.677+0000: 5.588: [ParNew: 17714K->898K(19008K), 0.0017195 secs] 38471K->21655K(61376K), 0.0023230 secs] [Times: user=0.00 sys=0.00, real=0.00 secs] 
Heap after GC invocations=76 (full 1):
 par new generation   total 19008K, used 898K [0x00000000c2600000, 0x00000000c3aa0000, 0x00000000d6e00000)
  eden space 16896K,   0% used [0x00000000c2600000, 0x00000000c2600000, 0x00000000c3680000)
  from space 2112K,  42% used [0x00000000c3680000, 0x00000000c3760b10, 0x00000000c3890000)
  to   space 2112K,   0% used [0x00000000c3890000, 0x00000000c3890000, 0x00000000c3aa0000)
 concurrent mark-sweep generation total 42368K, used 20757K [0x00000000d6e00000, 0x00000000d9760000, 0x0000000100000000)
 Metaspace       used 28204K, capacity 29182K, committed 29336K, reserved 1075200K
  class space    used 3452K, capacity 3711K, committed 3736K, reserved 1048576K
}
2022-08-07T09:29:03.689+0000: 5.600: Application time: 0.0089385 seconds
2022-08-07T09:29:03.690+0000: 5.600: Application time: 0.0002365 seconds
2022-08-07T09:29:03.690+0000: 5.601: Application time: 0.0002208 seconds
2022-08-07T09:29:03.691+0000: 5.602: Application time: 0.0002452 seconds
2022-08-07T09:29:03.692+0000: 5.603: Application time: 0.0012601 seconds
2022-08-07T09:29:03.693+0000: 5.604: Application time: 0.0001552 seconds
2022-08-07T09:29:03.696+0000: 5.607: Application time: 0.0023394 seconds
2022-08-07T09:29:03.697+0000: 5.607: Application time: 0.0001673 seconds
2022-08-07T09:29:03.698+0000: 5.609: Application time: 0.0010116 seconds
2022-08-07T09:29:03.700+0000: 5.611: Application time: 0.0020935 seconds
{Heap before GC invocations=76 (full 1):
 par new generation   total 19008K, used 17794K [0x00000000c2600000, 0x00000000c3aa0000, 0x00000000d6e00000)
  eden space 16896K, 100% used [0x00000000c2600000, 0x00000000c3680000, 0x00000000c3680000)
  from space 2112K,  42% used [0x00000000c3680000, 0x00000000c3760b10, 0x00000000c3890000)
  to   space 2112K,   0% used [0x00000000c3890000, 0x00000000c3890000, 0x00000000c3aa0000)
 concurrent mark-sweep generation total 42368K, used 20757K [0x00000000d6e00000, 0x00000000d9760000, 0x0000000100000000)
 Metaspace       used 28295K, capacity 29246K, committed 29336K, reserved 1075200K
  class space    used 3460K, capacity 3711K, committed 3736K, reserved 1048576K
2022-08-07T09:29:03.711+0000: 5.621: [GC (Allocation Failure) 2022-08-07T09:29:03.711+0000: 5.622: [ParNew: 17794K->1220K(19008K), 0.0034841 secs] 38551K->21977K(61376K), 0.0045022 secs] [Times: user=0.01 sys=0.00, real=0.01 secs] 
Heap after GC invocations=77 (full 1):
 par new generation   total 19008K, used 1220K [0x00000000c2600000, 0x00000000c3aa0000, 0x00000000d6e00000)
  eden space 16896K,   0% used [0x00000000c2600000, 0x00000000c2600000, 0x00000000c3680000)
  from space 2112K,  57% used [0x00000000c3890000, 0x00000000c39c1090, 0x00000000c3aa0000)
  to   space 2112K,   0% used [0x00000000c3680000, 0x00000000c3680000, 0x00000000c3890000)
 concurrent mark-sweep generation total 42368K, used 20757K [0x00000000d6e00000, 0x00000000d9760000, 0x0000000100000000)
 Metaspace       used 28295K, capacity 29246K, committed 29336K, reserved 1075200K
  class space    used 3460K, capacity 3711K, committed 3736K, reserved 1048576K
}
2022-08-07T09:29:03.725+0000: 5.636: Application time: 0.0080926 seconds
2022-08-07T09:29:03.726+0000: 5.637: Application time: 0.0005372 seconds
2022-08-07T09:29:03.727+0000: 5.638: Application time: 0.0004429 seconds
2022-08-07T09:29:03.737+0000: 5.647: Application time: 0.0011771 seconds
2022-08-07T09:29:03.743+0000: 5.654: Application time: 0.0052133 seconds
2022-08-07T09:29:03.745+0000: 5.656: Application time: 0.0007252 seconds
2022-08-07T09:29:03.749+0000: 5.660: Application time: 0.0039697 seconds
2022-08-07T09:29:03.750+0000: 5.661: Application time: 0.0003733 seconds
2022-08-07T09:29:03.751+0000: 5.661: Application time: 0.0002806 seconds
2022-08-07T09:29:03.751+0000: 5.662: Application time: 0.0003029 seconds
2022-08-07T09:29:03.755+0000: 5.665: Application time: 0.0006171 seconds
2022-08-07T09:29:03.755+0000: 5.666: Application time: 0.0002601 seconds
2022-08-07T09:29:03.756+0000: 5.667: Application time: 0.0002535 seconds
2022-08-07T09:29:03.757+0000: 5.667: Application time: 0.0002605 seconds
2022-08-07T09:29:03.762+0000: 5.672: Application time: 0.0046554 seconds
2022-08-07T09:29:03.763+0000: 5.673: Application time: 0.0006574 seconds
2022-08-07T09:29:03.763+0000: 5.674: Application time: 0.0003215 seconds
2022-08-07T09:29:03.773+0000: 5.684: Application time: 0.0089550 seconds
{Heap before GC invocations=77 (full 1):
 par new generation   total 19008K, used 18116K [0x00000000c2600000, 0x00000000c3aa0000, 0x00000000d6e00000)
  eden space 16896K, 100% used [0x00000000c2600000, 0x00000000c3680000, 0x00000000c3680000)
  from space 2112K,  57% used [0x00000000c3890000, 0x00000000c39c1090, 0x00000000c3aa0000)
  to   space 2112K,   0% used [0x00000000c3680000, 0x00000000c3680000, 0x00000000c3890000)
 concurrent mark-sweep generation total 42368K, used 20757K [0x00000000d6e00000, 0x00000000d9760000, 0x0000000100000000)
 Metaspace       used 28386K, capacity 29310K, committed 29592K, reserved 1075200K
  class space    used 3471K, capacity 3711K, committed 3736K, reserved 1048576K
2022-08-07T09:29:03.774+0000: 5.685: [GC (Allocation Failure) 2022-08-07T09:29:03.774+0000: 5.685: [ParNew: 18116K->1104K(19008K), 0.0045387 secs] 38873K->21861K(61376K), 0.0052349 secs] [Times: user=0.01 sys=0.01, real=0.00 secs] 
Heap after GC invocations=78 (full 1):
 par new generation   total 19008K, used 1104K [0x00000000c2600000, 0x00000000c3aa0000, 0x00000000d6e00000)
  eden space 16896K,   0% used [0x00000000c2600000, 0x00000000c2600000, 0x00000000c3680000)
  from space 2112K,  52% used [0x00000000c3680000, 0x00000000c3794038, 0x00000000c3890000)
  to   space 2112K,   0% used [0x00000000c3890000, 0x00000000c3890000, 0x00000000c3aa0000)
 concurrent mark-sweep generation total 42368K, used 20757K [0x00000000d6e00000, 0x00000000d9760000, 0x0000000100000000)
 Metaspace       used 28386K, capacity 29310K, committed 29592K, reserved 1075200K
  class space    used 3471K, capacity 3711K, committed 3736K, reserved 1048576K
}
2022-08-07T09:29:03.782+0000: 5.693: Application time: 0.0016925 seconds
2022-08-07T09:29:03.785+0000: 5.696: Application time: 0.0015445 seconds
2022-08-07T09:29:03.811+0000: 5.722: Application time: 0.0250882 seconds
2022-08-07T09:29:03.821+0000: 5.732: Application time: 0.0095077 seconds
{Heap before GC invocations=78 (full 1):
 par new generation   total 19008K, used 18000K [0x00000000c2600000, 0x00000000c3aa0000, 0x00000000d6e00000)
  eden space 16896K, 100% used [0x00000000c2600000, 0x00000000c3680000, 0x00000000c3680000)
  from space 2112K,  52% used [0x00000000c3680000, 0x00000000c3794038, 0x00000000c3890000)
  to   space 2112K,   0% used [0x00000000c3890000, 0x00000000c3890000, 0x00000000c3aa0000)
 concurrent mark-sweep generation total 42368K, used 20757K [0x00000000d6e00000, 0x00000000d9760000, 0x0000000100000000)
 Metaspace       used 28571K, capacity 29534K, committed 29720K, reserved 1075200K
  class space    used 3484K, capacity 3743K, committed 3864K, reserved 1048576K
2022-08-07T09:29:03.822+0000: 5.732: [GC (Allocation Failure) 2022-08-07T09:29:03.822+0000: 5.733: [ParNew: 18000K->1057K(19008K), 0.0031880 secs] 38757K->21814K(61376K), 0.0039861 secs] [Times: user=0.01 sys=0.01, real=0.00 secs] 
Heap after GC invocations=79 (full 1):
 par new generation   total 19008K, used 1057K [0x00000000c2600000, 0x00000000c3aa0000, 0x00000000d6e00000)
  eden space 16896K,   0% used [0x00000000c2600000, 0x00000000c2600000, 0x00000000c3680000)
  from space 2112K,  50% used [0x00000000c3890000, 0x00000000c39984c0, 0x00000000c3aa0000)
  to   space 2112K,   0% used [0x00000000c3680000, 0x00000000c3680000, 0x00000000c3890000)
 concurrent mark-sweep generation total 42368K, used 20757K [0x00000000d6e00000, 0x00000000d9760000, 0x0000000100000000)
 Metaspace       used 28571K, capacity 29534K, committed 29720K, reserved 1075200K
  class space    used 3484K, capacity 3743K, committed 3864K, reserved 1048576K
}
2022-08-07T09:29:03.849+0000: 5.760: Application time: 0.0228748 seconds
{Heap before GC invocations=79 (full 1):
 par new generation   total 19008K, used 17953K [0x00000000c2600000, 0x00000000c3aa0000, 0x00000000d6e00000)
  eden space 16896K, 100% used [0x00000000c2600000, 0x00000000c3680000, 0x00000000c3680000)
  from space 2112K,  50% used [0x00000000c3890000, 0x00000000c39984c0, 0x00000000c3aa0000)
  to   space 2112K,   0% used [0x00000000c3680000, 0x00000000c3680000, 0x00000000c3890000)
 concurrent mark-sweep generation total 42368K, used 20757K [0x00000000d6e00000, 0x00000000d9760000, 0x0000000100000000)
 Metaspace       used 28586K, capacity 29534K, committed 29720K, reserved 1075200K
  class space    used 3485K, capacity 3743K, committed 3864K, reserved 1048576K
2022-08-07T09:29:03.850+0000: 5.761: [GC (Allocation Failure) 2022-08-07T09:29:03.851+0000: 5.761: [ParNew: 17953K->1118K(19008K), 0.0031580 secs] 38710K->21875K(61376K), 0.0040571 secs] [Times: user=0.01 sys=0.00, real=0.01 secs] 
Heap after GC invocations=80 (full 1):
 par new generation   total 19008K, used 1118K [0x00000000c2600000, 0x00000000c3aa0000, 0x00000000d6e00000)
  eden space 16896K,   0% used [0x00000000c2600000, 0x00000000c2600000, 0x00000000c3680000)
  from space 2112K,  52% used [0x00000000c3680000, 0x00000000c3797bc0, 0x00000000c3890000)
  to   space 2112K,   0% used [0x00000000c3890000, 0x00000000c3890000, 0x00000000c3aa0000)
 concurrent mark-sweep generation total 42368K, used 20757K [0x00000000d6e00000, 0x00000000d9760000, 0x0000000100000000)
 Metaspace       used 28586K, capacity 29534K, committed 29720K, reserved 1075200K
  class space    used 3485K, capacity 3743K, committed 3864K, reserved 1048576K
}
2022-08-07T09:29:03.871+0000: 5.782: Application time: 0.0158571 seconds
2022-08-07T09:29:03.887+0000: 5.797: Application time: 0.0153931 seconds
{Heap before GC invocations=80 (full 1):
 par new generation   total 19008K, used 18014K [0x00000000c2600000, 0x00000000c3aa0000, 0x00000000d6e00000)
  eden space 16896K, 100% used [0x00000000c2600000, 0x00000000c3680000, 0x00000000c3680000)
  from space 2112K,  52% used [0x00000000c3680000, 0x00000000c3797bc0, 0x00000000c3890000)
  to   space 2112K,   0% used [0x00000000c3890000, 0x00000000c3890000, 0x00000000c3aa0000)
 concurrent mark-sweep generation total 42368K, used 20757K [0x00000000d6e00000, 0x00000000d9760000, 0x0000000100000000)
 Metaspace       used 28671K, capacity 29598K, committed 29976K, reserved 1075200K
  class space    used 3501K, capacity 3743K, committed 3864K, reserved 1048576K
2022-08-07T09:29:03.887+0000: 5.798: [GC (Allocation Failure) 2022-08-07T09:29:03.888+0000: 5.799: [ParNew: 18014K->1189K(19008K), 0.0031598 secs] 38771K->21946K(61376K), 0.0043331 secs] [Times: user=0.01 sys=0.00, real=0.01 secs] 
Heap after GC invocations=81 (full 1):
 par new generation   total 19008K, used 1189K [0x00000000c2600000, 0x00000000c3aa0000, 0x00000000d6e00000)
  eden space 16896K,   0% used [0x00000000c2600000, 0x00000000c2600000, 0x00000000c3680000)
  from space 2112K,  56% used [0x00000000c3890000, 0x00000000c39b96c0, 0x00000000c3aa0000)
  to   space 2112K,   0% used [0x00000000c3680000, 0x00000000c3680000, 0x00000000c3890000)
 concurrent mark-sweep generation total 42368K, used 20757K [0x00000000d6e00000, 0x00000000d9760000, 0x0000000100000000)
 Metaspace       used 28671K, capacity 29598K, committed 29976K, reserved 1075200K
  class space    used 3501K, capacity 3743K, committed 3864K, reserved 1048576K
}
2022-08-07T09:29:03.911+0000: 5.822: Application time: 0.0183369 seconds
2022-08-07T09:29:03.911+0000: 5.822: Application time: 0.0002158 seconds
2022-08-07T09:29:03.912+0000: 5.823: Application time: 0.0001870 seconds
2022-08-07T09:29:03.921+0000: 5.832: Application time: 0.0087997 seconds
{Heap before GC invocations=81 (full 1):
 par new generation   total 19008K, used 18085K [0x00000000c2600000, 0x00000000c3aa0000, 0x00000000d6e00000)
  eden space 16896K, 100% used [0x00000000c2600000, 0x00000000c3680000, 0x00000000c3680000)
  from space 2112K,  56% used [0x00000000c3890000, 0x00000000c39b96c0, 0x00000000c3aa0000)
  to   space 2112K,   0% used [0x00000000c3680000, 0x00000000c3680000, 0x00000000c3890000)
 concurrent mark-sweep generation total 42368K, used 20757K [0x00000000d6e00000, 0x00000000d9760000, 0x0000000100000000)
 Metaspace       used 28676K, capacity 29598K, committed 29976K, reserved 1075200K
  class space    used 3502K, capacity 3743K, committed 3864K, reserved 1048576K
2022-08-07T09:29:03.923+0000: 5.833: [GC (Allocation Failure) 2022-08-07T09:29:03.923+0000: 5.834: [ParNew: 18085K->1265K(19008K), 0.0042885 secs] 38842K->22271K(61376K), 0.0051239 secs] [Times: user=0.01 sys=0.00, real=0.00 secs] 
Heap after GC invocations=82 (full 1):
 par new generation   total 19008K, used 1265K [0x00000000c2600000, 0x00000000c3aa0000, 0x00000000d6e00000)
  eden space 16896K,   0% used [0x00000000c2600000, 0x00000000c2600000, 0x00000000c3680000)
  from space 2112K,  59% used [0x00000000c3680000, 0x00000000c37bc4b0, 0x00000000c3890000)
  to   space 2112K,   0% used [0x00000000c3890000, 0x00000000c3890000, 0x00000000c3aa0000)
 concurrent mark-sweep generation total 42368K, used 21005K [0x00000000d6e00000, 0x00000000d9760000, 0x0000000100000000)
 Metaspace       used 28676K, capacity 29598K, committed 29976K, reserved 1075200K
  class space    used 3502K, capacity 3743K, committed 3864K, reserved 1048576K
}
2022-08-07T09:29:03.932+0000: 5.843: Application time: 0.0037891 seconds
2022-08-07T09:29:03.938+0000: 5.849: Application time: 0.0018795 seconds
2022-08-07T09:29:03.938+0000: 5.849: Application time: 0.0001741 seconds
2022-08-07T09:29:03.939+0000: 5.849: Application time: 0.0001650 seconds
2022-08-07T09:29:03.940+0000: 5.851: Application time: 0.0009436 seconds
2022-08-07T09:29:03.940+0000: 5.851: Application time: 0.0002138 seconds
2022-08-07T09:29:03.942+0000: 5.853: Application time: 0.0013842 seconds
2022-08-07T09:29:03.943+0000: 5.854: Application time: 0.0001791 seconds
2022-08-07T09:29:03.944+0000: 5.854: Application time: 0.0002844 seconds
2022-08-07T09:29:03.944+0000: 5.855: Application time: 0.0002666 seconds
2022-08-07T09:29:03.945+0000: 5.856: Application time: 0.0007486 seconds
2022-08-07T09:29:03.946+0000: 5.857: Application time: 0.0004630 seconds
2022-08-07T09:29:03.950+0000: 5.861: Application time: 0.0032026 seconds
2022-08-07T09:29:03.953+0000: 5.863: Application time: 0.0022968 seconds
2022-08-07T09:29:03.953+0000: 5.864: Application time: 0.0002396 seconds
2022-08-07T09:29:03.954+0000: 5.865: Application time: 0.0002622 seconds
2022-08-07T09:29:03.955+0000: 5.866: Application time: 0.0003043 seconds
2022-08-07T09:29:03.960+0000: 5.870: Application time: 0.0046459 seconds
2022-08-07T09:29:03.963+0000: 5.874: Application time: 0.0055387 seconds
2022-08-07T09:29:03.968+0000: 5.879: Application time: 0.0002644 seconds
2022-08-07T09:29:03.972+0000: 5.883: Application time: 0.0031478 seconds
{Heap before GC invocations=82 (full 1):
 par new generation   total 19008K, used 18161K [0x00000000c2600000, 0x00000000c3aa0000, 0x00000000d6e00000)
  eden space 16896K, 100% used [0x00000000c2600000, 0x00000000c3680000, 0x00000000c3680000)
  from space 2112K,  59% used [0x00000000c3680000, 0x00000000c37bc4b0, 0x00000000c3890000)
  to   space 2112K,   0% used [0x00000000c3890000, 0x00000000c3890000, 0x00000000c3aa0000)
 concurrent mark-sweep generation total 42368K, used 21005K [0x00000000d6e00000, 0x00000000d9760000, 0x0000000100000000)
 Metaspace       used 28677K, capacity 29598K, committed 29976K, reserved 1075200K
  class space    used 3502K, capacity 3743K, committed 3864K, reserved 1048576K
2022-08-07T09:29:03.973+0000: 5.883: [GC (Allocation Failure) 2022-08-07T09:29:03.973+0000: 5.884: [ParNew: 18161K->764K(19008K), 0.0059134 secs] 39167K->21837K(61376K), 0.0068113 secs] [Times: user=0.01 sys=0.00, real=0.00 secs] 
Heap after GC invocations=83 (full 1):
 par new generation   total 19008K, used 764K [0x00000000c2600000, 0x00000000c3aa0000, 0x00000000d6e00000)
  eden space 16896K,   0% used [0x00000000c2600000, 0x00000000c2600000, 0x00000000c3680000)
  from space 2112K,  36% used [0x00000000c3890000, 0x00000000c394f0d0, 0x00000000c3aa0000)
  to   space 2112K,   0% used [0x00000000c3680000, 0x00000000c3680000, 0x00000000c3890000)
 concurrent mark-sweep generation total 42368K, used 21072K [0x00000000d6e00000, 0x00000000d9760000, 0x0000000100000000)
 Metaspace       used 28677K, capacity 29598K, committed 29976K, reserved 1075200K
  class space    used 3502K, capacity 3743K, committed 3864K, reserved 1048576K
}
2022-08-07T09:29:03.987+0000: 5.898: Application time: 0.0068652 seconds
2022-08-07T09:29:03.991+0000: 5.901: Application time: 0.0030028 seconds
2022-08-07T09:29:03.995+0000: 5.906: Application time: 0.0037916 seconds
2022-08-07T09:29:03.996+0000: 5.906: Application time: 0.0005000 seconds
2022-08-07T09:29:03.997+0000: 5.908: Application time: 0.0012508 seconds
2022-08-07T09:29:03.998+0000: 5.909: Application time: 0.0002691 seconds
2022-08-07T09:29:04.007+0000: 5.917: Application time: 0.0084761 seconds
{Heap before GC invocations=83 (full 1):
 par new generation   total 19008K, used 17660K [0x00000000c2600000, 0x00000000c3aa0000, 0x00000000d6e00000)
  eden space 16896K, 100% used [0x00000000c2600000, 0x00000000c3680000, 0x00000000c3680000)
  from space 2112K,  36% used [0x00000000c3890000, 0x00000000c394f0d0, 0x00000000c3aa0000)
  to   space 2112K,   0% used [0x00000000c3680000, 0x00000000c3680000, 0x00000000c3890000)
 concurrent mark-sweep generation total 42368K, used 21072K [0x00000000d6e00000, 0x00000000d9760000, 0x0000000100000000)
 Metaspace       used 28681K, capacity 29598K, committed 29976K, reserved 1075200K
  class space    used 3502K, capacity 3743K, committed 3864K, reserved 1048576K
2022-08-07T09:29:04.007+0000: 5.918: [GC (Allocation Failure) 2022-08-07T09:29:04.008+0000: 5.918: [ParNew: 17660K->909K(19008K), 0.0027978 secs] 38733K->21992K(61376K), 0.0034789 secs] [Times: user=0.00 sys=0.01, real=0.01 secs] 
Heap after GC invocations=84 (full 1):
 par new generation   total 19008K, used 909K [0x00000000c2600000, 0x00000000c3aa0000, 0x00000000d6e00000)
  eden space 16896K,   0% used [0x00000000c2600000, 0x00000000c2600000, 0x00000000c3680000)
  from space 2112K,  43% used [0x00000000c3680000, 0x00000000c3763790, 0x00000000c3890000)
  to   space 2112K,   0% used [0x00000000c3890000, 0x00000000c3890000, 0x00000000c3aa0000)
 concurrent mark-sweep generation total 42368K, used 21082K [0x00000000d6e00000, 0x00000000d9760000, 0x0000000100000000)
 Metaspace       used 28681K, capacity 29598K, committed 29976K, reserved 1075200K
  class space    used 3502K, capacity 3743K, committed 3864K, reserved 1048576K
}
2022-08-07T09:29:04.016+0000: 5.926: Application time: 0.0044205 seconds
2022-08-07T09:29:04.021+0000: 5.932: Application time: 0.0046520 seconds
2022-08-07T09:29:04.022+0000: 5.932: Application time: 0.0003309 seconds
2022-08-07T09:29:04.022+0000: 5.933: Application time: 0.0002339 seconds
2022-08-07T09:29:04.027+0000: 5.938: Application time: 0.0049451 seconds
2022-08-07T09:29:04.034+0000: 5.945: Application time: 0.0059213 seconds
{Heap before GC invocations=84 (full 1):
 par new generation   total 19008K, used 17805K [0x00000000c2600000, 0x00000000c3aa0000, 0x00000000d6e00000)
  eden space 16896K, 100% used [0x00000000c2600000, 0x00000000c3680000, 0x00000000c3680000)
  from space 2112K,  43% used [0x00000000c3680000, 0x00000000c3763790, 0x00000000c3890000)
  to   space 2112K,   0% used [0x00000000c3890000, 0x00000000c3890000, 0x00000000c3aa0000)
 concurrent mark-sweep generation total 42368K, used 21082K [0x00000000d6e00000, 0x00000000d9760000, 0x0000000100000000)
 Metaspace       used 28681K, capacity 29598K, committed 29976K, reserved 1075200K
  class space    used 3502K, capacity 3743K, committed 3864K, reserved 1048576K
2022-08-07T09:29:04.035+0000: 5.946: [GC (Allocation Failure) 2022-08-07T09:29:04.035+0000: 5.946: [ParNew: 17805K->667K(19008K), 0.0037988 secs] 38888K->21756K(61376K), 0.0044149 secs] [Times: user=0.00 sys=0.00, real=0.00 secs] 
Heap after GC invocations=85 (full 1):
 par new generation   total 19008K, used 667K [0x00000000c2600000, 0x00000000c3aa0000, 0x00000000d6e00000)
  eden space 16896K,   0% used [0x00000000c2600000, 0x00000000c2600000, 0x00000000c3680000)
  from space 2112K,  31% used [0x00000000c3890000, 0x00000000c3936d80, 0x00000000c3aa0000)
  to   space 2112K,   0% used [0x00000000c3680000, 0x00000000c3680000, 0x00000000c3890000)
 concurrent mark-sweep generation total 42368K, used 21089K [0x00000000d6e00000, 0x00000000d9760000, 0x0000000100000000)
 Metaspace       used 28681K, capacity 29598K, committed 29976K, reserved 1075200K
  class space    used 3502K, capacity 3743K, committed 3864K, reserved 1048576K
}
2022-08-07T09:29:04.049+0000: 5.960: Application time: 0.0087909 seconds
2022-08-07T09:29:04.050+0000: 5.960: Application time: 0.0002788 seconds
2022-08-07T09:29:04.051+0000: 5.961: Application time: 0.0007837 seconds
2022-08-07T09:29:04.052+0000: 5.962: Application time: 0.0007099 seconds
2022-08-07T09:29:04.061+0000: 5.972: Application time: 0.0097120 seconds
{Heap before GC invocations=85 (full 1):
 par new generation   total 19008K, used 17563K [0x00000000c2600000, 0x00000000c3aa0000, 0x00000000d6e00000)
  eden space 16896K, 100% used [0x00000000c2600000, 0x00000000c3680000, 0x00000000c3680000)
  from space 2112K,  31% used [0x00000000c3890000, 0x00000000c3936d80, 0x00000000c3aa0000)
  to   space 2112K,   0% used [0x00000000c3680000, 0x00000000c3680000, 0x00000000c3890000)
 concurrent mark-sweep generation total 42368K, used 21089K [0x00000000d6e00000, 0x00000000d9760000, 0x0000000100000000)
 Metaspace       used 28681K, capacity 29598K, committed 29976K, reserved 1075200K
  class space    used 3502K, capacity 3743K, committed 3864K, reserved 1048576K
2022-08-07T09:29:04.062+0000: 5.973: [GC (Allocation Failure) 2022-08-07T09:29:04.063+0000: 5.973: [ParNew: 17563K->733K(19008K), 0.0026336 secs] 38652K->21839K(61376K), 0.0035925 secs] [Times: user=0.01 sys=0.00, real=0.00 secs] 
Heap after GC invocations=86 (full 1):
 par new generation   total 19008K, used 733K [0x00000000c2600000, 0x00000000c3aa0000, 0x00000000d6e00000)
  eden space 16896K,   0% used [0x00000000c2600000, 0x00000000c2600000, 0x00000000c3680000)
  from space 2112K,  34% used [0x00000000c3680000, 0x00000000c3737660, 0x00000000c3890000)
  to   space 2112K,   0% used [0x00000000c3890000, 0x00000000c3890000, 0x00000000c3aa0000)
 concurrent mark-sweep generation total 42368K, used 21106K [0x00000000d6e00000, 0x00000000d9760000, 0x0000000100000000)
 Metaspace       used 28681K, capacity 29598K, committed 29976K, reserved 1075200K
  class space    used 3502K, capacity 3743K, committed 3864K, reserved 1048576K
}
2022-08-07T09:29:04.085+0000: 5.996: Application time: 0.0191002 seconds
{Heap before GC invocations=86 (full 1):
 par new generation   total 19008K, used 17629K [0x00000000c2600000, 0x00000000c3aa0000, 0x00000000d6e00000)
  eden space 16896K, 100% used [0x00000000c2600000, 0x00000000c3680000, 0x00000000c3680000)
  from space 2112K,  34% used [0x00000000c3680000, 0x00000000c3737660, 0x00000000c3890000)
  to   space 2112K,   0% used [0x00000000c3890000, 0x00000000c3890000, 0x00000000c3aa0000)
 concurrent mark-sweep generation total 42368K, used 21106K [0x00000000d6e00000, 0x00000000d9760000, 0x0000000100000000)
 Metaspace       used 28687K, capacity 29598K, committed 29976K, reserved 1075200K
  class space    used 3502K, capacity 3743K, committed 3864K, reserved 1048576K
2022-08-07T09:29:04.086+0000: 5.997: [GC (Allocation Failure) 2022-08-07T09:29:04.086+0000: 5.997: [ParNew: 17629K->776K(19008K), 0.0032554 secs] 38735K->21910K(61376K), 0.0041132 secs] [Times: user=0.01 sys=0.00, real=0.00 secs] 
Heap after GC invocations=87 (full 1):
 par new generation   total 19008K, used 776K [0x00000000c2600000, 0x00000000c3aa0000, 0x00000000d6e00000)
  eden space 16896K,   0% used [0x00000000c2600000, 0x00000000c2600000, 0x00000000c3680000)
  from space 2112K,  36% used [0x00000000c3890000, 0x00000000c39520d0, 0x00000000c3aa0000)
  to   space 2112K,   0% used [0x00000000c3680000, 0x00000000c3680000, 0x00000000c3890000)
 concurrent mark-sweep generation total 42368K, used 21133K [0x00000000d6e00000, 0x00000000d9760000, 0x0000000100000000)
 Metaspace       used 28687K, capacity 29598K, committed 29976K, reserved 1075200K
  class space    used 3502K, capacity 3743K, committed 3864K, reserved 1048576K
}
2022-08-07T09:29:04.113+0000: 6.023: Application time: 0.0216991 seconds
2022-08-07T09:29:04.114+0000: 6.024: Application time: 0.0003540 seconds
2022-08-07T09:29:04.115+0000: 6.025: Application time: 0.0003798 seconds
2022-08-07T09:29:04.117+0000: 6.028: Application time: 0.0012398 seconds
{Heap before GC invocations=87 (full 1):
 par new generation   total 19008K, used 17672K [0x00000000c2600000, 0x00000000c3aa0000, 0x00000000d6e00000)
  eden space 16896K, 100% used [0x00000000c2600000, 0x00000000c3680000, 0x00000000c3680000)
  from space 2112K,  36% used [0x00000000c3890000, 0x00000000c39520d0, 0x00000000c3aa0000)
  to   space 2112K,   0% used [0x00000000c3680000, 0x00000000c3680000, 0x00000000c3890000)
 concurrent mark-sweep generation total 42368K, used 21133K [0x00000000d6e00000, 0x00000000d9760000, 0x0000000100000000)
 Metaspace       used 28690K, capacity 29598K, committed 29976K, reserved 1075200K
  class space    used 3502K, capacity 3743K, committed 3864K, reserved 1048576K
2022-08-07T09:29:04.118+0000: 6.029: [GC (Allocation Failure) 2022-08-07T09:29:04.118+0000: 6.029: [ParNew: 17672K->846K(19008K), 0.0028281 secs] 38806K->22005K(61376K), 0.0034706 secs] [Times: user=0.00 sys=0.00, real=0.01 secs] 
Heap after GC invocations=88 (full 1):
 par new generation   total 19008K, used 846K [0x00000000c2600000, 0x00000000c3aa0000, 0x00000000d6e00000)
  eden space 16896K,   0% used [0x00000000c2600000, 0x00000000c2600000, 0x00000000c3680000)
  from space 2112K,  40% used [0x00000000c3680000, 0x00000000c3753a28, 0x00000000c3890000)
  to   space 2112K,   0% used [0x00000000c3890000, 0x00000000c3890000, 0x00000000c3aa0000)
 concurrent mark-sweep generation total 42368K, used 21159K [0x00000000d6e00000, 0x00000000d9760000, 0x0000000100000000)
 Metaspace       used 28690K, capacity 29598K, committed 29976K, reserved 1075200K
  class space    used 3502K, capacity 3743K, committed 3864K, reserved 1048576K
}
2022-08-07T09:29:04.140+0000: 6.050: Application time: 0.0176092 seconds
{Heap before GC invocations=88 (full 1):
 par new generation   total 19008K, used 17742K [0x00000000c2600000, 0x00000000c3aa0000, 0x00000000d6e00000)
  eden space 16896K, 100% used [0x00000000c2600000, 0x00000000c3680000, 0x00000000c3680000)
  from space 2112K,  40% used [0x00000000c3680000, 0x00000000c3753a28, 0x00000000c3890000)
  to   space 2112K,   0% used [0x00000000c3890000, 0x00000000c3890000, 0x00000000c3aa0000)
 concurrent mark-sweep generation total 42368K, used 21159K [0x00000000d6e00000, 0x00000000d9760000, 0x0000000100000000)
 Metaspace       used 28690K, capacity 29598K, committed 29976K, reserved 1075200K
  class space    used 3502K, capacity 3743K, committed 3864K, reserved 1048576K
2022-08-07T09:29:04.141+0000: 6.051: [GC (Allocation Failure) 2022-08-07T09:29:04.141+0000: 6.052: [ParNew: 17742K->506K(19008K), 0.0026726 secs] 38901K->21674K(61376K), 0.0034416 secs] [Times: user=0.01 sys=0.00, real=0.01 secs] 
Heap after GC invocations=89 (full 1):
 par new generation   total 19008K, used 506K [0x00000000c2600000, 0x00000000c3aa0000, 0x00000000d6e00000)
  eden space 16896K,   0% used [0x00000000c2600000, 0x00000000c2600000, 0x00000000c3680000)
  from space 2112K,  23% used [0x00000000c3890000, 0x00000000c390e920, 0x00000000c3aa0000)
  to   space 2112K,   0% used [0x00000000c3680000, 0x00000000c3680000, 0x00000000c3890000)
 concurrent mark-sweep generation total 42368K, used 21168K [0x00000000d6e00000, 0x00000000d9760000, 0x0000000100000000)
 Metaspace       used 28690K, capacity 29598K, committed 29976K, reserved 1075200K
  class space    used 3502K, capacity 3743K, committed 3864K, reserved 1048576K
}
2022-08-07T09:29:04.154+0000: 6.065: Application time: 0.0095145 seconds
{Heap before GC invocations=89 (full 1):
 par new generation   total 19008K, used 17402K [0x00000000c2600000, 0x00000000c3aa0000, 0x00000000d6e00000)
  eden space 16896K, 100% used [0x00000000c2600000, 0x00000000c3680000, 0x00000000c3680000)
  from space 2112K,  23% used [0x00000000c3890000, 0x00000000c390e920, 0x00000000c3aa0000)
  to   space 2112K,   0% used [0x00000000c3680000, 0x00000000c3680000, 0x00000000c3890000)
 concurrent mark-sweep generation total 42368K, used 21168K [0x00000000d6e00000, 0x00000000d9760000, 0x0000000100000000)
 Metaspace       used 28690K, capacity 29598K, committed 29976K, reserved 1075200K
  class space    used 3502K, capacity 3743K, committed 3864K, reserved 1048576K
2022-08-07T09:29:04.161+0000: 6.071: [GC (Allocation Failure) 2022-08-07T09:29:04.161+0000: 6.072: [ParNew: 17402K->604K(19008K), 0.0029928 secs] 38570K->21832K(61376K), 0.0036120 secs] [Times: user=0.01 sys=0.00, real=0.00 secs] 
Heap after GC invocations=90 (full 1):
 par new generation   total 19008K, used 604K [0x00000000c2600000, 0x00000000c3aa0000, 0x00000000d6e00000)
  eden space 16896K,   0% used [0x00000000c2600000, 0x00000000c2600000, 0x00000000c3680000)
  from space 2112K,  28% used [0x00000000c3680000, 0x00000000c3717068, 0x00000000c3890000)
  to   space 2112K,   0% used [0x00000000c3890000, 0x00000000c3890000, 0x00000000c3aa0000)
 concurrent mark-sweep generation total 42368K, used 21228K [0x00000000d6e00000, 0x00000000d9760000, 0x0000000100000000)
 Metaspace       used 28690K, capacity 29598K, committed 29976K, reserved 1075200K
  class space    used 3502K, capacity 3743K, committed 3864K, reserved 1048576K
}
2022-08-07T09:29:04.176+0000: 6.087: Application time: 0.0115895 seconds
{Heap before GC invocations=90 (full 1):
 par new generation   total 19008K, used 17500K [0x00000000c2600000, 0x00000000c3aa0000, 0x00000000d6e00000)
  eden space 16896K, 100% used [0x00000000c2600000, 0x00000000c3680000, 0x00000000c3680000)
  from space 2112K,  28% used [0x00000000c3680000, 0x00000000c3717068, 0x00000000c3890000)
  to   space 2112K,   0% used [0x00000000c3890000, 0x00000000c3890000, 0x00000000c3aa0000)
 concurrent mark-sweep generation total 42368K, used 21228K [0x00000000d6e00000, 0x00000000d9760000, 0x0000000100000000)
 Metaspace       used 28690K, capacity 29598K, committed 29976K, reserved 1075200K
  class space    used 3502K, capacity 3743K, committed 3864K, reserved 1048576K
2022-08-07T09:29:04.180+0000: 6.090: [GC (Allocation Failure) 2022-08-07T09:29:04.180+0000: 6.091: [ParNew: 17500K->546K(19008K), 0.0027236 secs] 38728K->21793K(61376K), 0.0034930 secs] [Times: user=0.00 sys=0.00, real=0.01 secs] 
Heap after GC invocations=91 (full 1):
 par new generation   total 19008K, used 546K [0x00000000c2600000, 0x00000000c3aa0000, 0x00000000d6e00000)
  eden space 16896K,   0% used [0x00000000c2600000, 0x00000000c2600000, 0x00000000c3680000)
  from space 2112K,  25% used [0x00000000c3890000, 0x00000000c3918a90, 0x00000000c3aa0000)
  to   space 2112K,   0% used [0x00000000c3680000, 0x00000000c3680000, 0x00000000c3890000)
 concurrent mark-sweep generation total 42368K, used 21247K [0x00000000d6e00000, 0x00000000d9760000, 0x0000000100000000)
 Metaspace       used 28690K, capacity 29598K, committed 29976K, reserved 1075200K
  class space    used 3502K, capacity 3743K, committed 3864K, reserved 1048576K
}
2022-08-07T09:29:04.186+0000: 6.096: Application time: 0.0015805 seconds
2022-08-07T09:29:04.201+0000: 6.112: Application time: 0.0155561 seconds
{Heap before GC invocations=91 (full 1):
 par new generation   total 19008K, used 17442K [0x00000000c2600000, 0x00000000c3aa0000, 0x00000000d6e00000)
  eden space 16896K, 100% used [0x00000000c2600000, 0x00000000c3680000, 0x00000000c3680000)
  from space 2112K,  25% used [0x00000000c3890000, 0x00000000c3918a90, 0x00000000c3aa0000)
  to   space 2112K,   0% used [0x00000000c3680000, 0x00000000c3680000, 0x00000000c3890000)
 concurrent mark-sweep generation total 42368K, used 21247K [0x00000000d6e00000, 0x00000000d9760000, 0x0000000100000000)
 Metaspace       used 28690K, capacity 29598K, committed 29976K, reserved 1075200K
  class space    used 3502K, capacity 3743K, committed 3864K, reserved 1048576K
2022-08-07T09:29:04.202+0000: 6.113: [GC (Allocation Failure) 2022-08-07T09:29:04.202+0000: 6.113: [ParNew: 17442K->622K(19008K), 0.0017782 secs] 38689K->21869K(61376K), 0.0024226 secs] [Times: user=0.00 sys=0.00, real=0.00 secs] 
Heap after GC invocations=92 (full 1):
 par new generation   total 19008K, used 622K [0x00000000c2600000, 0x00000000c3aa0000, 0x00000000d6e00000)
  eden space 16896K,   0% used [0x00000000c2600000, 0x00000000c2600000, 0x00000000c3680000)
  from space 2112K,  29% used [0x00000000c3680000, 0x00000000c371ba00, 0x00000000c3890000)
  to   space 2112K,   0% used [0x00000000c3890000, 0x00000000c3890000, 0x00000000c3aa0000)
 concurrent mark-sweep generation total 42368K, used 21247K [0x00000000d6e00000, 0x00000000d9760000, 0x0000000100000000)
 Metaspace       used 28690K, capacity 29598K, committed 29976K, reserved 1075200K
  class space    used 3502K, capacity 3743K, committed 3864K, reserved 1048576K
}
2022-08-07T09:29:04.225+0000: 6.136: Application time: 0.0198879 seconds
{Heap before GC invocations=92 (full 1):
 par new generation   total 19008K, used 17518K [0x00000000c2600000, 0x00000000c3aa0000, 0x00000000d6e00000)
  eden space 16896K, 100% used [0x00000000c2600000, 0x00000000c3680000, 0x00000000c3680000)
  from space 2112K,  29% used [0x00000000c3680000, 0x00000000c371ba00, 0x00000000c3890000)
  to   space 2112K,   0% used [0x00000000c3890000, 0x00000000c3890000, 0x00000000c3aa0000)
 concurrent mark-sweep generation total 42368K, used 21247K [0x00000000d6e00000, 0x00000000d9760000, 0x0000000100000000)
 Metaspace       used 28695K, capacity 29598K, committed 29976K, reserved 1075200K
  class space    used 3502K, capacity 3743K, committed 3864K, reserved 1048576K
2022-08-07T09:29:04.226+0000: 6.136: [GC (Allocation Failure) 2022-08-07T09:29:04.226+0000: 6.137: [ParNew: 17518K->719K(19008K), 0.0025839 secs] 38765K->21966K(61376K), 0.0033935 secs] [Times: user=0.00 sys=0.00, real=0.00 secs] 
Heap after GC invocations=93 (full 1):
 par new generation   total 19008K, used 719K [0x00000000c2600000, 0x00000000c3aa0000, 0x00000000d6e00000)
  eden space 16896K,   0% used [0x00000000c2600000, 0x00000000c2600000, 0x00000000c3680000)
  from space 2112K,  34% used [0x00000000c3890000, 0x00000000c3943e18, 0x00000000c3aa0000)
  to   space 2112K,   0% used [0x00000000c3680000, 0x00000000c3680000, 0x00000000c3890000)
 concurrent mark-sweep generation total 42368K, used 21247K [0x00000000d6e00000, 0x00000000d9760000, 0x0000000100000000)
 Metaspace       used 28695K, capacity 29598K, committed 29976K, reserved 1075200K
  class space    used 3502K, capacity 3743K, committed 3864K, reserved 1048576K
}
2022-08-07T09:29:04.248+0000: 6.158: Application time: 0.0181071 seconds
{Heap before GC invocations=93 (full 1):
 par new generation   total 19008K, used 17615K [0x00000000c2600000, 0x00000000c3aa0000, 0x00000000d6e00000)
  eden space 16896K, 100% used [0x00000000c2600000, 0x00000000c3680000, 0x00000000c3680000)
  from space 2112K,  34% used [0x00000000c3890000, 0x00000000c3943e18, 0x00000000c3aa0000)
  to   space 2112K,   0% used [0x00000000c3680000, 0x00000000c3680000, 0x00000000c3890000)
 concurrent mark-sweep generation total 42368K, used 21247K [0x00000000d6e00000, 0x00000000d9760000, 0x0000000100000000)
 Metaspace       used 28695K, capacity 29598K, committed 29976K, reserved 1075200K
  class space    used 3502K, capacity 3743K, committed 3864K, reserved 1048576K
2022-08-07T09:29:04.248+0000: 6.159: [GC (Allocation Failure) 2022-08-07T09:29:04.249+0000: 6.160: [ParNew: 17615K->580K(19008K), 0.0014319 secs] 38862K->21828K(61376K), 0.0022345 secs] [Times: user=0.00 sys=0.00, real=0.01 secs] 
Heap after GC invocations=94 (full 1):
 par new generation   total 19008K, used 580K [0x00000000c2600000, 0x00000000c3aa0000, 0x00000000d6e00000)
  eden space 16896K,   0% used [0x00000000c2600000, 0x00000000c2600000, 0x00000000c3680000)
  from space 2112K,  27% used [0x00000000c3680000, 0x00000000c3711320, 0x00000000c3890000)
  to   space 2112K,   0% used [0x00000000c3890000, 0x00000000c3890000, 0x00000000c3aa0000)
 concurrent mark-sweep generation total 42368K, used 21247K [0x00000000d6e00000, 0x00000000d9760000, 0x0000000100000000)
 Metaspace       used 28695K, capacity 29598K, committed 29976K, reserved 1075200K
  class space    used 3502K, capacity 3743K, committed 3864K, reserved 1048576K
}
2022-08-07T09:29:04.271+0000: 6.182: Application time: 0.0194876 seconds
2022-08-07T09:29:04.279+0000: 6.190: Application time: 0.0046928 seconds
{Heap before GC invocations=94 (full 1):
 par new generation   total 19008K, used 17476K [0x00000000c2600000, 0x00000000c3aa0000, 0x00000000d6e00000)
  eden space 16896K, 100% used [0x00000000c2600000, 0x00000000c3680000, 0x00000000c3680000)
  from space 2112K,  27% used [0x00000000c3680000, 0x00000000c3711320, 0x00000000c3890000)
  to   space 2112K,   0% used [0x00000000c3890000, 0x00000000c3890000, 0x00000000c3aa0000)
 concurrent mark-sweep generation total 42368K, used 21247K [0x00000000d6e00000, 0x00000000d9760000, 0x0000000100000000)
 Metaspace       used 28698K, capacity 29598K, committed 29976K, reserved 1075200K
  class space    used 3502K, capacity 3743K, committed 3864K, reserved 1048576K
2022-08-07T09:29:04.282+0000: 6.192: [GC (Allocation Failure) 2022-08-07T09:29:04.282+0000: 6.193: [ParNew: 17476K->747K(19008K), 0.0022367 secs] 38724K->21996K(61376K), 0.0031086 secs] [Times: user=0.00 sys=0.00, real=0.01 secs] 
Heap after GC invocations=95 (full 1):
 par new generation   total 19008K, used 747K [0x00000000c2600000, 0x00000000c3aa0000, 0x00000000d6e00000)
  eden space 16896K,   0% used [0x00000000c2600000, 0x00000000c2600000, 0x00000000c3680000)
  from space 2112K,  35% used [0x00000000c3890000, 0x00000000c394aec0, 0x00000000c3aa0000)
  to   space 2112K,   0% used [0x00000000c3680000, 0x00000000c3680000, 0x00000000c3890000)
 concurrent mark-sweep generation total 42368K, used 21248K [0x00000000d6e00000, 0x00000000d9760000, 0x0000000100000000)
 Metaspace       used 28698K, capacity 29598K, committed 29976K, reserved 1075200K
  class space    used 3502K, capacity 3743K, committed 3864K, reserved 1048576K
}
2022-08-07T09:29:04.305+0000: 6.216: Application time: 0.0107246 seconds
{Heap before GC invocations=95 (full 1):
 par new generation   total 19008K, used 17643K [0x00000000c2600000, 0x00000000c3aa0000, 0x00000000d6e00000)
  eden space 16896K, 100% used [0x00000000c2600000, 0x00000000c3680000, 0x00000000c3680000)
  from space 2112K,  35% used [0x00000000c3890000, 0x00000000c394aec0, 0x00000000c3aa0000)
  to   space 2112K,   0% used [0x00000000c3680000, 0x00000000c3680000, 0x00000000c3890000)
 concurrent mark-sweep generation total 42368K, used 21248K [0x00000000d6e00000, 0x00000000d9760000, 0x0000000100000000)
 Metaspace       used 28699K, capacity 29598K, committed 29976K, reserved 1075200K
  class space    used 3502K, capacity 3743K, committed 3864K, reserved 1048576K
2022-08-07T09:29:04.306+0000: 6.216: [GC (Allocation Failure) 2022-08-07T09:29:04.306+0000: 6.217: [ParNew: 17643K->748K(19008K), 0.0013671 secs] 38892K->21998K(61376K), 0.0082852 secs] [Times: user=0.01 sys=0.00, real=0.01 secs] 
Heap after GC invocations=96 (full 1):
 par new generation   total 19008K, used 748K [0x00000000c2600000, 0x00000000c3aa0000, 0x00000000d6e00000)
  eden space 16896K,   0% used [0x00000000c2600000, 0x00000000c2600000, 0x00000000c3680000)
  from space 2112K,  35% used [0x00000000c3680000, 0x00000000c373b1d0, 0x00000000c3890000)
  to   space 2112K,   0% used [0x00000000c3890000, 0x00000000c3890000, 0x00000000c3aa0000)
 concurrent mark-sweep generation total 42368K, used 21249K [0x00000000d6e00000, 0x00000000d9760000, 0x0000000100000000)
 Metaspace       used 28699K, capacity 29598K, committed 29976K, reserved 1075200K
  class space    used 3502K, capacity 3743K, committed 3864K, reserved 1048576K
}
2022-08-07T09:29:04.325+0000: 6.236: Application time: 0.0100579 seconds
{Heap before GC invocations=96 (full 1):
 par new generation   total 19008K, used 17644K [0x00000000c2600000, 0x00000000c3aa0000, 0x00000000d6e00000)
  eden space 16896K, 100% used [0x00000000c2600000, 0x00000000c3680000, 0x00000000c3680000)
  from space 2112K,  35% used [0x00000000c3680000, 0x00000000c373b1d0, 0x00000000c3890000)
  to   space 2112K,   0% used [0x00000000c3890000, 0x00000000c3890000, 0x00000000c3aa0000)
 concurrent mark-sweep generation total 42368K, used 21249K [0x00000000d6e00000, 0x00000000d9760000, 0x0000000100000000)
 Metaspace       used 28699K, capacity 29598K, committed 29976K, reserved 1075200K
  class space    used 3502K, capacity 3743K, committed 3864K, reserved 1048576K
2022-08-07T09:29:04.326+0000: 6.236: [GC (Allocation Failure) 2022-08-07T09:29:04.326+0000: 6.237: [ParNew: 17644K->595K(19008K), 0.0014757 secs] 38894K->21868K(61376K), 0.0021862 secs] [Times: user=0.01 sys=0.00, real=0.00 secs] 
Heap after GC invocations=97 (full 1):
 par new generation   total 19008K, used 595K [0x00000000c2600000, 0x00000000c3aa0000, 0x00000000d6e00000)
  eden space 16896K,   0% used [0x00000000c2600000, 0x00000000c2600000, 0x00000000c3680000)
  from space 2112K,  28% used [0x00000000c3890000, 0x00000000c3924c38, 0x00000000c3aa0000)
  to   space 2112K,   0% used [0x00000000c3680000, 0x00000000c3680000, 0x00000000c3890000)
 concurrent mark-sweep generation total 42368K, used 21273K [0x00000000d6e00000, 0x00000000d9760000, 0x0000000100000000)
 Metaspace       used 28699K, capacity 29598K, committed 29976K, reserved 1075200K
  class space    used 3502K, capacity 3743K, committed 3864K, reserved 1048576K
}
2022-08-07T09:29:04.342+0000: 6.253: Application time: 0.0131222 seconds
{Heap before GC invocations=97 (full 1):
 par new generation   total 19008K, used 17491K [0x00000000c2600000, 0x00000000c3aa0000, 0x00000000d6e00000)
  eden space 16896K, 100% used [0x00000000c2600000, 0x00000000c3680000, 0x00000000c3680000)
  from space 2112K,  28% used [0x00000000c3890000, 0x00000000c3924c38, 0x00000000c3aa0000)
  to   space 2112K,   0% used [0x00000000c3680000, 0x00000000c3680000, 0x00000000c3890000)
 concurrent mark-sweep generation total 42368K, used 21273K [0x00000000d6e00000, 0x00000000d9760000, 0x0000000100000000)
 Metaspace       used 28699K, capacity 29598K, committed 29976K, reserved 1075200K
  class space    used 3502K, capacity 3743K, committed 3864K, reserved 1048576K
2022-08-07T09:29:04.343+0000: 6.253: [GC (Allocation Failure) 2022-08-07T09:29:04.343+0000: 6.254: [ParNew: 17491K->641K(19008K), 0.0019967 secs] 38764K->21916K(61376K), 0.0030352 secs] [Times: user=0.00 sys=0.00, real=0.00 secs] 
Heap after GC invocations=98 (full 1):
 par new generation   total 19008K, used 641K [0x00000000c2600000, 0x00000000c3aa0000, 0x00000000d6e00000)
  eden space 16896K,   0% used [0x00000000c2600000, 0x00000000c2600000, 0x00000000c3680000)
  from space 2112K,  30% used [0x00000000c3680000, 0x00000000c3720708, 0x00000000c3890000)
  to   space 2112K,   0% used [0x00000000c3890000, 0x00000000c3890000, 0x00000000c3aa0000)
 concurrent mark-sweep generation total 42368K, used 21275K [0x00000000d6e00000, 0x00000000d9760000, 0x0000000100000000)
 Metaspace       used 28699K, capacity 29598K, committed 29976K, reserved 1075200K
  class space    used 3502K, capacity 3743K, committed 3864K, reserved 1048576K
}
2022-08-07T09:29:04.349+0000: 6.259: Application time: 0.0023936 seconds
2022-08-07T09:29:04.363+0000: 6.274: Application time: 0.0141484 seconds
{Heap before GC invocations=98 (full 1):
 par new generation   total 19008K, used 17537K [0x00000000c2600000, 0x00000000c3aa0000, 0x00000000d6e00000)
  eden space 16896K, 100% used [0x00000000c2600000, 0x00000000c3680000, 0x00000000c3680000)
  from space 2112K,  30% used [0x00000000c3680000, 0x00000000c3720708, 0x00000000c3890000)
  to   space 2112K,   0% used [0x00000000c3890000, 0x00000000c3890000, 0x00000000c3aa0000)
 concurrent mark-sweep generation total 42368K, used 21275K [0x00000000d6e00000, 0x00000000d9760000, 0x0000000100000000)
 Metaspace       used 28699K, capacity 29598K, committed 29976K, reserved 1075200K
  class space    used 3502K, capacity 3743K, committed 3864K, reserved 1048576K
2022-08-07T09:29:04.364+0000: 6.274: [GC (Allocation Failure) 2022-08-07T09:29:04.364+0000: 6.275: [ParNew: 17537K->691K(19008K), 0.0018528 secs] 38812K->21968K(61376K), 0.0026085 secs] [Times: user=0.01 sys=0.00, real=0.00 secs] 
Heap after GC invocations=99 (full 1):
 par new generation   total 19008K, used 691K [0x00000000c2600000, 0x00000000c3aa0000, 0x00000000d6e00000)
  eden space 16896K,   0% used [0x00000000c2600000, 0x00000000c2600000, 0x00000000c3680000)
  from space 2112K,  32% used [0x00000000c3890000, 0x00000000c393cc90, 0x00000000c3aa0000)
  to   space 2112K,   0% used [0x00000000c3680000, 0x00000000c3680000, 0x00000000c3890000)
 concurrent mark-sweep generation total 42368K, used 21277K [0x00000000d6e00000, 0x00000000d9760000, 0x0000000100000000)
 Metaspace       used 28699K, capacity 29598K, committed 29976K, reserved 1075200K
  class space    used 3502K, capacity 3743K, committed 3864K, reserved 1048576K
}
2022-08-07T09:29:04.385+0000: 6.296: Application time: 0.0181283 seconds
{Heap before GC invocations=99 (full 1):
 par new generation   total 19008K, used 17587K [0x00000000c2600000, 0x00000000c3aa0000, 0x00000000d6e00000)
  eden space 16896K, 100% used [0x00000000c2600000, 0x00000000c3680000, 0x00000000c3680000)
  from space 2112K,  32% used [0x00000000c3890000, 0x00000000c393cc90, 0x00000000c3aa0000)
  to   space 2112K,   0% used [0x00000000c3680000, 0x00000000c3680000, 0x00000000c3890000)
 concurrent mark-sweep generation total 42368K, used 21277K [0x00000000d6e00000, 0x00000000d9760000, 0x0000000100000000)
 Metaspace       used 28699K, capacity 29598K, committed 29976K, reserved 1075200K
  class space    used 3502K, capacity 3743K, committed 3864K, reserved 1048576K
2022-08-07T09:29:04.386+0000: 6.297: [GC (Allocation Failure) 2022-08-07T09:29:04.386+0000: 6.297: [ParNew: 17587K->563K(19008K), 0.0014087 secs] 38864K->21842K(61376K), 0.0020609 secs] [Times: user=0.00 sys=0.00, real=0.00 secs] 
Heap after GC invocations=100 (full 1):
 par new generation   total 19008K, used 563K [0x00000000c2600000, 0x00000000c3aa0000, 0x00000000d6e00000)
  eden space 16896K,   0% used [0x00000000c2600000, 0x00000000c2600000, 0x00000000c3680000)
  from space 2112K,  26% used [0x00000000c3680000, 0x00000000c370cf10, 0x00000000c3890000)
  to   space 2112K,   0% used [0x00000000c3890000, 0x00000000c3890000, 0x00000000c3aa0000)
 concurrent mark-sweep generation total 42368K, used 21278K [0x00000000d6e00000, 0x00000000d9760000, 0x0000000100000000)
 Metaspace       used 28699K, capacity 29598K, committed 29976K, reserved 1075200K
  class space    used 3502K, capacity 3743K, committed 3864K, reserved 1048576K
}
2022-08-07T09:29:04.409+0000: 6.320: Application time: 0.0204549 seconds
{Heap before GC invocations=100 (full 1):
 par new generation   total 19008K, used 17459K [0x00000000c2600000, 0x00000000c3aa0000, 0x00000000d6e00000)
  eden space 16896K, 100% used [0x00000000c2600000, 0x00000000c3680000, 0x00000000c3680000)
  from space 2112K,  26% used [0x00000000c3680000, 0x00000000c370cf10, 0x00000000c3890000)
  to   space 2112K,   0% used [0x00000000c3890000, 0x00000000c3890000, 0x00000000c3aa0000)
 concurrent mark-sweep generation total 42368K, used 21278K [0x00000000d6e00000, 0x00000000d9760000, 0x0000000100000000)
 Metaspace       used 28701K, capacity 29598K, committed 29976K, reserved 1075200K
  class space    used 3502K, capacity 3743K, committed 3864K, reserved 1048576K
2022-08-07T09:29:04.410+0000: 6.320: [GC (Allocation Failure) 2022-08-07T09:29:04.410+0000: 6.321: [ParNew: 17459K->553K(19008K), 0.0015297 secs] 38738K->21833K(61376K), 0.0023156 secs] [Times: user=0.00 sys=0.00, real=0.01 secs] 
Heap after GC invocations=101 (full 1):
 par new generation   total 19008K, used 553K [0x00000000c2600000, 0x00000000c3aa0000, 0x00000000d6e00000)
  eden space 16896K,   0% used [0x00000000c2600000, 0x00000000c2600000, 0x00000000c3680000)
  from space 2112K,  26% used [0x00000000c3890000, 0x00000000c391a4e0, 0x00000000c3aa0000)
  to   space 2112K,   0% used [0x00000000c3680000, 0x00000000c3680000, 0x00000000c3890000)
 concurrent mark-sweep generation total 42368K, used 21279K [0x00000000d6e00000, 0x00000000d9760000, 0x0000000100000000)
 Metaspace       used 28701K, capacity 29598K, committed 29976K, reserved 1075200K
  class space    used 3502K, capacity 3743K, committed 3864K, reserved 1048576K
}
2022-08-07T09:29:04.459+0000: 6.370: Application time: 0.0462211 seconds
{Heap before GC invocations=101 (full 1):
 par new generation   total 19008K, used 17449K [0x00000000c2600000, 0x00000000c3aa0000, 0x00000000d6e00000)
  eden space 16896K, 100% used [0x00000000c2600000, 0x00000000c3680000, 0x00000000c3680000)
  from space 2112K,  26% used [0x00000000c3890000, 0x00000000c391a4e0, 0x00000000c3aa0000)
  to   space 2112K,   0% used [0x00000000c3680000, 0x00000000c3680000, 0x00000000c3890000)
 concurrent mark-sweep generation total 42368K, used 21279K [0x00000000d6e00000, 0x00000000d9760000, 0x0000000100000000)
 Metaspace       used 28752K, capacity 29710K, committed 29976K, reserved 1075200K
  class space    used 3510K, capacity 3779K, committed 3864K, reserved 1048576K
2022-08-07T09:29:04.460+0000: 6.370: [GC (Allocation Failure) 2022-08-07T09:29:04.460+0000: 6.371: [ParNew: 17449K->965K(19008K), 0.0017834 secs] 38729K->22245K(61376K), 0.0023994 secs] [Times: user=0.00 sys=0.00, real=0.01 secs] 
Heap after GC invocations=102 (full 1):
 par new generation   total 19008K, used 965K [0x00000000c2600000, 0x00000000c3aa0000, 0x00000000d6e00000)
  eden space 16896K,   0% used [0x00000000c2600000, 0x00000000c2600000, 0x00000000c3680000)
  from space 2112K,  45% used [0x00000000c3680000, 0x00000000c3771488, 0x00000000c3890000)
  to   space 2112K,   0% used [0x00000000c3890000, 0x00000000c3890000, 0x00000000c3aa0000)
 concurrent mark-sweep generation total 42368K, used 21280K [0x00000000d6e00000, 0x00000000d9760000, 0x0000000100000000)
 Metaspace       used 28752K, capacity 29710K, committed 29976K, reserved 1075200K
  class space    used 3510K, capacity 3779K, committed 3864K, reserved 1048576K
}
2022-08-07T09:29:04.501+0000: 6.411: Application time: 0.0375106 seconds
{Heap before GC invocations=102 (full 1):
 par new generation   total 19008K, used 17861K [0x00000000c2600000, 0x00000000c3aa0000, 0x00000000d6e00000)
  eden space 16896K, 100% used [0x00000000c2600000, 0x00000000c3680000, 0x00000000c3680000)
  from space 2112K,  45% used [0x00000000c3680000, 0x00000000c3771488, 0x00000000c3890000)
  to   space 2112K,   0% used [0x00000000c3890000, 0x00000000c3890000, 0x00000000c3aa0000)
 concurrent mark-sweep generation total 42368K, used 21280K [0x00000000d6e00000, 0x00000000d9760000, 0x0000000100000000)
 Metaspace       used 28829K, capacity 29798K, committed 29976K, reserved 1075200K
  class space    used 3518K, capacity 3783K, committed 3864K, reserved 1048576K
2022-08-07T09:29:04.507+0000: 6.418: [GC (Allocation Failure) 2022-08-07T09:29:04.508+0000: 6.418: [ParNew: 17861K->635K(19008K), 0.0015540 secs] 39141K->21915K(61376K), 0.0022108 secs] [Times: user=0.00 sys=0.00, real=0.00 secs] 
Heap after GC invocations=103 (full 1):
 par new generation   total 19008K, used 635K [0x00000000c2600000, 0x00000000c3aa0000, 0x00000000d6e00000)
  eden space 16896K,   0% used [0x00000000c2600000, 0x00000000c2600000, 0x00000000c3680000)
  from space 2112K,  30% used [0x00000000c3890000, 0x00000000c392ec68, 0x00000000c3aa0000)
  to   space 2112K,   0% used [0x00000000c3680000, 0x00000000c3680000, 0x00000000c3890000)
 concurrent mark-sweep generation total 42368K, used 21280K [0x00000000d6e00000, 0x00000000d9760000, 0x0000000100000000)
 Metaspace       used 28829K, capacity 29798K, committed 29976K, reserved 1075200K
  class space    used 3518K, capacity 3783K, committed 3864K, reserved 1048576K
}
2022-08-07T09:29:04.560+0000: 6.471: Application time: 0.0498567 seconds
{Heap before GC invocations=103 (full 1):
 par new generation   total 19008K, used 17531K [0x00000000c2600000, 0x00000000c3aa0000, 0x00000000d6e00000)
  eden space 16896K, 100% used [0x00000000c2600000, 0x00000000c3680000, 0x00000000c3680000)
  from space 2112K,  30% used [0x00000000c3890000, 0x00000000c392ec68, 0x00000000c3aa0000)
  to   space 2112K,   0% used [0x00000000c3680000, 0x00000000c3680000, 0x00000000c3890000)
 concurrent mark-sweep generation total 42368K, used 21280K [0x00000000d6e00000, 0x00000000d9760000, 0x0000000100000000)
 Metaspace       used 29137K, capacity 30086K, committed 30232K, reserved 1075200K
  class space    used 3551K, capacity 3815K, committed 3864K, reserved 1048576K
2022-08-07T09:29:04.561+0000: 6.472: [GC (Allocation Failure) 2022-08-07T09:29:04.562+0000: 6.472: [ParNew: 17531K->735K(19008K), 0.0019183 secs] 38811K->22037K(61376K), 0.0027219 secs] [Times: user=0.01 sys=0.00, real=0.00 secs] 
Heap after GC invocations=104 (full 1):
 par new generation   total 19008K, used 735K [0x00000000c2600000, 0x00000000c3aa0000, 0x00000000d6e00000)
  eden space 16896K,   0% used [0x00000000c2600000, 0x00000000c2600000, 0x00000000c3680000)
  from space 2112K,  34% used [0x00000000c3680000, 0x00000000c3737ed8, 0x00000000c3890000)
  to   space 2112K,   0% used [0x00000000c3890000, 0x00000000c3890000, 0x00000000c3aa0000)
 concurrent mark-sweep generation total 42368K, used 21302K [0x00000000d6e00000, 0x00000000d9760000, 0x0000000100000000)
 Metaspace       used 29137K, capacity 30086K, committed 30232K, reserved 1075200K
  class space    used 3551K, capacity 3815K, committed 3864K, reserved 1048576K
}
2022-08-07T09:29:04.598+0000: 6.509: Application time: 0.0331194 seconds
{Heap before GC invocations=104 (full 1):
 par new generation   total 19008K, used 17631K [0x00000000c2600000, 0x00000000c3aa0000, 0x00000000d6e00000)
  eden space 16896K, 100% used [0x00000000c2600000, 0x00000000c3680000, 0x00000000c3680000)
  from space 2112K,  34% used [0x00000000c3680000, 0x00000000c3737ed8, 0x00000000c3890000)
  to   space 2112K,   0% used [0x00000000c3890000, 0x00000000c3890000, 0x00000000c3aa0000)
 concurrent mark-sweep generation total 42368K, used 21302K [0x00000000d6e00000, 0x00000000d9760000, 0x0000000100000000)
 Metaspace       used 29255K, capacity 30296K, committed 30488K, reserved 1075200K
  class space    used 3566K, capacity 3818K, committed 3864K, reserved 1048576K
2022-08-07T09:29:04.599+0000: 6.509: [GC (Allocation Failure) 2022-08-07T09:29:04.599+0000: 6.510: [ParNew: 17631K->713K(19008K), 0.0018579 secs] 38933K->22015K(61376K), 0.0026149 secs] [Times: user=0.00 sys=0.00, real=0.01 secs] 
Heap after GC invocations=105 (full 1):
 par new generation   total 19008K, used 713K [0x00000000c2600000, 0x00000000c3aa0000, 0x00000000d6e00000)
  eden space 16896K,   0% used [0x00000000c2600000, 0x00000000c2600000, 0x00000000c3680000)
  from space 2112K,  33% used [0x00000000c3890000, 0x00000000c39427d8, 0x00000000c3aa0000)
  to   space 2112K,   0% used [0x00000000c3680000, 0x00000000c3680000, 0x00000000c3890000)
 concurrent mark-sweep generation total 42368K, used 21302K [0x00000000d6e00000, 0x00000000d9760000, 0x0000000100000000)
 Metaspace       used 29255K, capacity 30296K, committed 30488K, reserved 1075200K
  class space    used 3566K, capacity 3818K, committed 3864K, reserved 1048576K
}
2022-08-07T09:29:04.631+0000: 6.542: Application time: 0.0292459 seconds
{Heap before GC invocations=105 (full 1):
 par new generation   total 19008K, used 17609K [0x00000000c2600000, 0x00000000c3aa0000, 0x00000000d6e00000)
  eden space 16896K, 100% used [0x00000000c2600000, 0x00000000c3680000, 0x00000000c3680000)
  from space 2112K,  33% used [0x00000000c3890000, 0x00000000c39427d8, 0x00000000c3aa0000)
  to   space 2112K,   0% used [0x00000000c3680000, 0x00000000c3680000, 0x00000000c3890000)
 concurrent mark-sweep generation total 42368K, used 21302K [0x00000000d6e00000, 0x00000000d9760000, 0x0000000100000000)
 Metaspace       used 29280K, capacity 30296K, committed 30488K, reserved 1075200K
  class space    used 3571K, capacity 3818K, committed 3864K, reserved 1048576K
2022-08-07T09:29:04.632+0000: 6.543: [GC (Allocation Failure) 2022-08-07T09:29:04.632+0000: 6.543: [ParNew: 17609K->525K(19008K), 0.0015979 secs] 38911K->21827K(61376K), 0.0022219 secs] [Times: user=0.01 sys=0.01, real=0.00 secs] 
Heap after GC invocations=106 (full 1):
 par new generation   total 19008K, used 525K [0x00000000c2600000, 0x00000000c3aa0000, 0x00000000d6e00000)
  eden space 16896K,   0% used [0x00000000c2600000, 0x00000000c2600000, 0x00000000c3680000)
  from space 2112K,  24% used [0x00000000c3680000, 0x00000000c37034d8, 0x00000000c3890000)
  to   space 2112K,   0% used [0x00000000c3890000, 0x00000000c3890000, 0x00000000c3aa0000)
 concurrent mark-sweep generation total 42368K, used 21302K [0x00000000d6e00000, 0x00000000d9760000, 0x0000000100000000)
 Metaspace       used 29280K, capacity 30296K, committed 30488K, reserved 1075200K
  class space    used 3571K, capacity 3818K, committed 3864K, reserved 1048576K
}
2022-08-07T09:29:04.680+0000: 6.591: Application time: 0.0456366 seconds
{Heap before GC invocations=106 (full 1):
 par new generation   total 19008K, used 17421K [0x00000000c2600000, 0x00000000c3aa0000, 0x00000000d6e00000)
  eden space 16896K, 100% used [0x00000000c2600000, 0x00000000c3680000, 0x00000000c3680000)
  from space 2112K,  24% used [0x00000000c3680000, 0x00000000c37034d8, 0x00000000c3890000)
  to   space 2112K,   0% used [0x00000000c3890000, 0x00000000c3890000, 0x00000000c3aa0000)
 concurrent mark-sweep generation total 42368K, used 21302K [0x00000000d6e00000, 0x00000000d9760000, 0x0000000100000000)
 Metaspace       used 29324K, capacity 30338K, committed 30488K, reserved 1075200K
  class space    used 3578K, capacity 3825K, committed 3864K, reserved 1048576K
2022-08-07T09:29:04.681+0000: 6.592: [GC (Allocation Failure) 2022-08-07T09:29:04.681+0000: 6.592: [ParNew: 17421K->974K(19008K), 0.0018733 secs] 38723K->22276K(61376K), 0.0025576 secs] [Times: user=0.01 sys=0.00, real=0.00 secs] 
Heap after GC invocations=107 (full 1):
 par new generation   total 19008K, used 974K [0x00000000c2600000, 0x00000000c3aa0000, 0x00000000d6e00000)
  eden space 16896K,   0% used [0x00000000c2600000, 0x00000000c2600000, 0x00000000c3680000)
  from space 2112K,  46% used [0x00000000c3890000, 0x00000000c39839a0, 0x00000000c3aa0000)
  to   space 2112K,   0% used [0x00000000c3680000, 0x00000000c3680000, 0x00000000c3890000)
 concurrent mark-sweep generation total 42368K, used 21302K [0x00000000d6e00000, 0x00000000d9760000, 0x0000000100000000)
 Metaspace       used 29324K, capacity 30338K, committed 30488K, reserved 1075200K
  class space    used 3578K, capacity 3825K, committed 3864K, reserved 1048576K
}
2022-08-07T09:29:04.722+0000: 6.633: Application time: 0.0376190 seconds
{Heap before GC invocations=107 (full 1):
 par new generation   total 19008K, used 17870K [0x00000000c2600000, 0x00000000c3aa0000, 0x00000000d6e00000)
  eden space 16896K, 100% used [0x00000000c2600000, 0x00000000c3680000, 0x00000000c3680000)
  from space 2112K,  46% used [0x00000000c3890000, 0x00000000c39839a0, 0x00000000c3aa0000)
  to   space 2112K,   0% used [0x00000000c3680000, 0x00000000c3680000, 0x00000000c3890000)
 concurrent mark-sweep generation total 42368K, used 21302K [0x00000000d6e00000, 0x00000000d9760000, 0x0000000100000000)
 Metaspace       used 29453K, capacity 30506K, committed 30744K, reserved 1077248K
  class space    used 3590K, capacity 3859K, committed 3864K, reserved 1048576K
2022-08-07T09:29:04.724+0000: 6.635: [GC (Allocation Failure) 2022-08-07T09:29:04.725+0000: 6.635: [ParNew: 17870K->1120K(19008K), 0.0085662 secs] 39172K->22422K(61376K), 0.0092140 secs] [Times: user=0.02 sys=0.00, real=0.01 secs] 
Heap after GC invocations=108 (full 1):
 par new generation   total 19008K, used 1120K [0x00000000c2600000, 0x00000000c3aa0000, 0x00000000d6e00000)
  eden space 16896K,   0% used [0x00000000c2600000, 0x00000000c2600000, 0x00000000c3680000)
  from space 2112K,  53% used [0x00000000c3680000, 0x00000000c3798230, 0x00000000c3890000)
  to   space 2112K,   0% used [0x00000000c3890000, 0x00000000c3890000, 0x00000000c3aa0000)
 concurrent mark-sweep generation total 42368K, used 21302K [0x00000000d6e00000, 0x00000000d9760000, 0x0000000100000000)
 Metaspace       used 29453K, capacity 30506K, committed 30744K, reserved 1077248K
  class space    used 3590K, capacity 3859K, committed 3864K, reserved 1048576K
}
2022-08-07T09:29:04.799+0000: 6.710: Application time: 0.0648179 seconds
{Heap before GC invocations=108 (full 1):
 par new generation   total 19008K, used 18016K [0x00000000c2600000, 0x00000000c3aa0000, 0x00000000d6e00000)
  eden space 16896K, 100% used [0x00000000c2600000, 0x00000000c3680000, 0x00000000c3680000)
  from space 2112K,  53% used [0x00000000c3680000, 0x00000000c3798230, 0x00000000c3890000)
  to   space 2112K,   0% used [0x00000000c3890000, 0x00000000c3890000, 0x00000000c3aa0000)
 concurrent mark-sweep generation total 42368K, used 21302K [0x00000000d6e00000, 0x00000000d9760000, 0x0000000100000000)
 Metaspace       used 29470K, capacity 30512K, committed 30744K, reserved 1077248K
  class space    used 3592K, capacity 3860K, committed 3864K, reserved 1048576K
2022-08-07T09:29:04.800+0000: 6.711: [GC (Allocation Failure) 2022-08-07T09:29:04.800+0000: 6.711: [ParNew: 18016K->1030K(19008K), 0.0030374 secs] 39318K->22332K(61376K), 0.0038272 secs] [Times: user=0.00 sys=0.00, real=0.01 secs] 
Heap after GC invocations=109 (full 1):
 par new generation   total 19008K, used 1030K [0x00000000c2600000, 0x00000000c3aa0000, 0x00000000d6e00000)
  eden space 16896K,   0% used [0x00000000c2600000, 0x00000000c2600000, 0x00000000c3680000)
  from space 2112K,  48% used [0x00000000c3890000, 0x00000000c3991910, 0x00000000c3aa0000)
  to   space 2112K,   0% used [0x00000000c3680000, 0x00000000c3680000, 0x00000000c3890000)
 concurrent mark-sweep generation total 42368K, used 21302K [0x00000000d6e00000, 0x00000000d9760000, 0x0000000100000000)
 Metaspace       used 29470K, capacity 30512K, committed 30744K, reserved 1077248K
  class space    used 3592K, capacity 3860K, committed 3864K, reserved 1048576K
}
2022-08-07T09:29:04.900+0000: 6.810: Application time: 0.0951484 seconds
{Heap before GC invocations=109 (full 1):
 par new generation   total 19008K, used 17926K [0x00000000c2600000, 0x00000000c3aa0000, 0x00000000d6e00000)
  eden space 16896K, 100% used [0x00000000c2600000, 0x00000000c3680000, 0x00000000c3680000)
  from space 2112K,  48% used [0x00000000c3890000, 0x00000000c3991910, 0x00000000c3aa0000)
  to   space 2112K,   0% used [0x00000000c3680000, 0x00000000c3680000, 0x00000000c3890000)
 concurrent mark-sweep generation total 42368K, used 21302K [0x00000000d6e00000, 0x00000000d9760000, 0x0000000100000000)
 Metaspace       used 29515K, capacity 30600K, committed 30744K, reserved 1077248K
  class space    used 3598K, capacity 3864K, committed 3864K, reserved 1048576K
2022-08-07T09:29:04.900+0000: 6.811: [GC (Allocation Failure) 2022-08-07T09:29:04.901+0000: 6.812: [ParNew: 17926K->1719K(19008K), 0.0025351 secs] 39228K->23021K(61376K), 0.0033080 secs] [Times: user=0.01 sys=0.00, real=0.01 secs] 
Heap after GC invocations=110 (full 1):
 par new generation   total 19008K, used 1719K [0x00000000c2600000, 0x00000000c3aa0000, 0x00000000d6e00000)
  eden space 16896K,   0% used [0x00000000c2600000, 0x00000000c2600000, 0x00000000c3680000)
  from space 2112K,  81% used [0x00000000c3680000, 0x00000000c382dd30, 0x00000000c3890000)
  to   space 2112K,   0% used [0x00000000c3890000, 0x00000000c3890000, 0x00000000c3aa0000)
 concurrent mark-sweep generation total 42368K, used 21302K [0x00000000d6e00000, 0x00000000d9760000, 0x0000000100000000)
 Metaspace       used 29515K, capacity 30600K, committed 30744K, reserved 1077248K
  class space    used 3598K, capacity 3864K, committed 3864K, reserved 1048576K
}
2022-08-07T09:29:04.948+0000: 6.859: Application time: 0.0441100 seconds
{Heap before GC invocations=110 (full 1):
 par new generation   total 19008K, used 18615K [0x00000000c2600000, 0x00000000c3aa0000, 0x00000000d6e00000)
  eden space 16896K, 100% used [0x00000000c2600000, 0x00000000c3680000, 0x00000000c3680000)
  from space 2112K,  81% used [0x00000000c3680000, 0x00000000c382dd30, 0x00000000c3890000)
  to   space 2112K,   0% used [0x00000000c3890000, 0x00000000c3890000, 0x00000000c3aa0000)
 concurrent mark-sweep generation total 42368K, used 21302K [0x00000000d6e00000, 0x00000000d9760000, 0x0000000100000000)
 Metaspace       used 29586K, capacity 30608K, committed 30872K, reserved 1077248K
  class space    used 3608K, capacity 3866K, committed 3992K, reserved 1048576K
2022-08-07T09:29:04.949+0000: 6.860: [GC (Allocation Failure) 2022-08-07T09:29:04.949+0000: 6.860: [ParNew: 18615K->1686K(19008K), 0.0070686 secs] 39917K->23298K(61376K), 0.0077263 secs] [Times: user=0.01 sys=0.01, real=0.01 secs] 
Heap after GC invocations=111 (full 1):
 par new generation   total 19008K, used 1686K [0x00000000c2600000, 0x00000000c3aa0000, 0x00000000d6e00000)
  eden space 16896K,   0% used [0x00000000c2600000, 0x00000000c2600000, 0x00000000c3680000)
  from space 2112K,  79% used [0x00000000c3890000, 0x00000000c3a35bd0, 0x00000000c3aa0000)
  to   space 2112K,   0% used [0x00000000c3680000, 0x00000000c3680000, 0x00000000c3890000)
 concurrent mark-sweep generation total 42368K, used 21611K [0x00000000d6e00000, 0x00000000d9760000, 0x0000000100000000)
 Metaspace       used 29586K, capacity 30608K, committed 30872K, reserved 1077248K
  class space    used 3608K, capacity 3866K, committed 3992K, reserved 1048576K
}
2022-08-07T09:29:05.004+0000: 6.915: Application time: 0.0467361 seconds
{Heap before GC invocations=111 (full 1):
 par new generation   total 19008K, used 18582K [0x00000000c2600000, 0x00000000c3aa0000, 0x00000000d6e00000)
  eden space 16896K, 100% used [0x00000000c2600000, 0x00000000c3680000, 0x00000000c3680000)
  from space 2112K,  79% used [0x00000000c3890000, 0x00000000c3a35bd0, 0x00000000c3aa0000)
  to   space 2112K,   0% used [0x00000000c3680000, 0x00000000c3680000, 0x00000000c3890000)
 concurrent mark-sweep generation total 42368K, used 21611K [0x00000000d6e00000, 0x00000000d9760000, 0x0000000100000000)
 Metaspace       used 29631K, capacity 30676K, committed 30872K, reserved 1077248K
  class space    used 3615K, capacity 3866K, committed 3992K, reserved 1048576K
2022-08-07T09:29:05.005+0000: 6.915: [GC (Allocation Failure) 2022-08-07T09:29:05.005+0000: 6.916: [ParNew: 18582K->1120K(19008K), 0.0109295 secs] 40194K->22731K(61376K), 0.0117913 secs] [Times: user=0.01 sys=0.00, real=0.01 secs] 
Heap after GC invocations=112 (full 1):
 par new generation   total 19008K, used 1120K [0x00000000c2600000, 0x00000000c3aa0000, 0x00000000d6e00000)
  eden space 16896K,   0% used [0x00000000c2600000, 0x00000000c2600000, 0x00000000c3680000)
  from space 2112K,  53% used [0x00000000c3680000, 0x00000000c37980f8, 0x00000000c3890000)
  to   space 2112K,   0% used [0x00000000c3890000, 0x00000000c3890000, 0x00000000c3aa0000)
 concurrent mark-sweep generation total 42368K, used 21611K [0x00000000d6e00000, 0x00000000d9760000, 0x0000000100000000)
 Metaspace       used 29631K, capacity 30676K, committed 30872K, reserved 1077248K
  class space    used 3615K, capacity 3866K, committed 3992K, reserved 1048576K
}
2022-08-07T09:29:05.040+0000: 6.951: Application time: 0.0228352 seconds
{Heap before GC invocations=112 (full 1):
 par new generation   total 19008K, used 18016K [0x00000000c2600000, 0x00000000c3aa0000, 0x00000000d6e00000)
  eden space 16896K, 100% used [0x00000000c2600000, 0x00000000c3680000, 0x00000000c3680000)
  from space 2112K,  53% used [0x00000000c3680000, 0x00000000c37980f8, 0x00000000c3890000)
  to   space 2112K,   0% used [0x00000000c3890000, 0x00000000c3890000, 0x00000000c3aa0000)
 concurrent mark-sweep generation total 42368K, used 21611K [0x00000000d6e00000, 0x00000000d9760000, 0x0000000100000000)
 Metaspace       used 29658K, capacity 30676K, committed 30872K, reserved 1077248K
  class space    used 3617K, capacity 3866K, committed 3992K, reserved 1048576K
2022-08-07T09:29:05.041+0000: 6.951: [GC (Allocation Failure) 2022-08-07T09:29:05.041+0000: 6.952: [ParNew: 18016K->1526K(19008K), 0.0028243 secs] 39627K->23137K(61376K), 0.0035840 secs] [Times: user=0.01 sys=0.00, real=0.01 secs] 
Heap after GC invocations=113 (full 1):
 par new generation   total 19008K, used 1526K [0x00000000c2600000, 0x00000000c3aa0000, 0x00000000d6e00000)
  eden space 16896K,   0% used [0x00000000c2600000, 0x00000000c2600000, 0x00000000c3680000)
  from space 2112K,  72% used [0x00000000c3890000, 0x00000000c3a0d960, 0x00000000c3aa0000)
  to   space 2112K,   0% used [0x00000000c3680000, 0x00000000c3680000, 0x00000000c3890000)
 concurrent mark-sweep generation total 42368K, used 21611K [0x00000000d6e00000, 0x00000000d9760000, 0x0000000100000000)
 Metaspace       used 29658K, capacity 30676K, committed 30872K, reserved 1077248K
  class space    used 3617K, capacity 3866K, committed 3992K, reserved 1048576K
}
2022-08-07T09:29:05.088+0000: 6.999: Application time: 0.0435067 seconds
{Heap before GC invocations=113 (full 1):
 par new generation   total 19008K, used 18422K [0x00000000c2600000, 0x00000000c3aa0000, 0x00000000d6e00000)
  eden space 16896K, 100% used [0x00000000c2600000, 0x00000000c3680000, 0x00000000c3680000)
  from space 2112K,  72% used [0x00000000c3890000, 0x00000000c3a0d960, 0x00000000c3aa0000)
  to   space 2112K,   0% used [0x00000000c3680000, 0x00000000c3680000, 0x00000000c3890000)
 concurrent mark-sweep generation total 42368K, used 21611K [0x00000000d6e00000, 0x00000000d9760000, 0x0000000100000000)
 Metaspace       used 29716K, capacity 30780K, committed 31128K, reserved 1077248K
  class space    used 3624K, capacity 3898K, committed 3992K, reserved 1048576K
2022-08-07T09:29:05.089+0000: 6.999: [GC (Allocation Failure) 2022-08-07T09:29:05.089+0000: 7.000: [ParNew: 18422K->2037K(19008K), 0.0024612 secs] 40033K->23681K(61376K), 0.0032091 secs] [Times: user=0.00 sys=0.00, real=0.01 secs] 
Heap after GC invocations=114 (full 1):
 par new generation   total 19008K, used 2037K [0x00000000c2600000, 0x00000000c3aa0000, 0x00000000d6e00000)
  eden space 16896K,   0% used [0x00000000c2600000, 0x00000000c2600000, 0x00000000c3680000)
  from space 2112K,  96% used [0x00000000c3680000, 0x00000000c387d750, 0x00000000c3890000)
  to   space 2112K,   0% used [0x00000000c3890000, 0x00000000c3890000, 0x00000000c3aa0000)
 concurrent mark-sweep generation total 42368K, used 21643K [0x00000000d6e00000, 0x00000000d9760000, 0x0000000100000000)
 Metaspace       used 29716K, capacity 30780K, committed 31128K, reserved 1077248K
  class space    used 3624K, capacity 3898K, committed 3992K, reserved 1048576K
}
2022-08-07T09:29:05.125+0000: 7.036: Application time: 0.0321965 seconds
{Heap before GC invocations=114 (full 1):
 par new generation   total 19008K, used 18933K [0x00000000c2600000, 0x00000000c3aa0000, 0x00000000d6e00000)
  eden space 16896K, 100% used [0x00000000c2600000, 0x00000000c3680000, 0x00000000c3680000)
  from space 2112K,  96% used [0x00000000c3680000, 0x00000000c387d750, 0x00000000c3890000)
  to   space 2112K,   0% used [0x00000000c3890000, 0x00000000c3890000, 0x00000000c3aa0000)
 concurrent mark-sweep generation total 42368K, used 21643K [0x00000000d6e00000, 0x00000000d9760000, 0x0000000100000000)
 Metaspace       used 29755K, capacity 30802K, committed 31128K, reserved 1077248K
  class space    used 3633K, capacity 3907K, committed 3992K, reserved 1048576K
2022-08-07T09:29:05.129+0000: 7.039: [GC (Allocation Failure) 2022-08-07T09:29:05.130+0000: 7.040: [ParNew: 18933K->1794K(19008K), 0.0087214 secs] 40577K->23727K(61376K), 0.0101918 secs] [Times: user=0.01 sys=0.00, real=0.01 secs] 
Heap after GC invocations=115 (full 1):
 par new generation   total 19008K, used 1794K [0x00000000c2600000, 0x00000000c3aa0000, 0x00000000d6e00000)
  eden space 16896K,   0% used [0x00000000c2600000, 0x00000000c2600000, 0x00000000c3680000)
  from space 2112K,  84% used [0x00000000c3890000, 0x00000000c3a50a88, 0x00000000c3aa0000)
  to   space 2112K,   0% used [0x00000000c3680000, 0x00000000c3680000, 0x00000000c3890000)
 concurrent mark-sweep generation total 42368K, used 21933K [0x00000000d6e00000, 0x00000000d9760000, 0x0000000100000000)
 Metaspace       used 29755K, capacity 30802K, committed 31128K, reserved 1077248K
  class space    used 3633K, capacity 3907K, committed 3992K, reserved 1048576K
}
2022-08-07T09:29:05.162+0000: 7.073: Application time: 0.0228209 seconds
{Heap before GC invocations=115 (full 1):
 par new generation   total 19008K, used 18690K [0x00000000c2600000, 0x00000000c3aa0000, 0x00000000d6e00000)
  eden space 16896K, 100% used [0x00000000c2600000, 0x00000000c3680000, 0x00000000c3680000)
  from space 2112K,  84% used [0x00000000c3890000, 0x00000000c3a50a88, 0x00000000c3aa0000)
  to   space 2112K,   0% used [0x00000000c3680000, 0x00000000c3680000, 0x00000000c3890000)
 concurrent mark-sweep generation total 42368K, used 21933K [0x00000000d6e00000, 0x00000000d9760000, 0x0000000100000000)
 Metaspace       used 29767K, capacity 30872K, committed 31128K, reserved 1077248K
  class space    used 3634K, capacity 3908K, committed 3992K, reserved 1048576K
2022-08-07T09:29:05.163+0000: 7.074: [GC (Allocation Failure) 2022-08-07T09:29:05.163+0000: 7.074: [ParNew: 18690K->1476K(19008K), 0.0035818 secs] 40623K->23830K(61376K), 0.0043742 secs] [Times: user=0.00 sys=0.00, real=0.00 secs] 
Heap after GC invocations=116 (full 1):
 par new generation   total 19008K, used 1476K [0x00000000c2600000, 0x00000000c3aa0000, 0x00000000d6e00000)
  eden space 16896K,   0% used [0x00000000c2600000, 0x00000000c2600000, 0x00000000c3680000)
  from space 2112K,  69% used [0x00000000c3680000, 0x00000000c37f1218, 0x00000000c3890000)
  to   space 2112K,   0% used [0x00000000c3890000, 0x00000000c3890000, 0x00000000c3aa0000)
 concurrent mark-sweep generation total 42368K, used 22354K [0x00000000d6e00000, 0x00000000d9760000, 0x0000000100000000)
 Metaspace       used 29767K, capacity 30872K, committed 31128K, reserved 1077248K
  class space    used 3634K, capacity 3908K, committed 3992K, reserved 1048576K
}
2022-08-07T09:29:05.201+0000: 7.111: Application time: 0.0327958 seconds
{Heap before GC invocations=116 (full 1):
 par new generation   total 19008K, used 18372K [0x00000000c2600000, 0x00000000c3aa0000, 0x00000000d6e00000)
  eden space 16896K, 100% used [0x00000000c2600000, 0x00000000c3680000, 0x00000000c3680000)
  from space 2112K,  69% used [0x00000000c3680000, 0x00000000c37f1218, 0x00000000c3890000)
  to   space 2112K,   0% used [0x00000000c3890000, 0x00000000c3890000, 0x00000000c3aa0000)
 concurrent mark-sweep generation total 42368K, used 22354K [0x00000000d6e00000, 0x00000000d9760000, 0x0000000100000000)
 Metaspace       used 29808K, capacity 30902K, committed 31128K, reserved 1077248K
  class space    used 3641K, capacity 3913K, committed 3992K, reserved 1048576K
2022-08-07T09:29:05.202+0000: 7.112: [GC (Allocation Failure) 2022-08-07T09:29:05.202+0000: 7.113: [ParNew: 18372K->1330K(19008K), 0.0022427 secs] 40726K->23684K(61376K), 0.0029990 secs] [Times: user=0.00 sys=0.00, real=0.00 secs] 
Heap after GC invocations=117 (full 1):
 par new generation   total 19008K, used 1330K [0x00000000c2600000, 0x00000000c3aa0000, 0x00000000d6e00000)
  eden space 16896K,   0% used [0x00000000c2600000, 0x00000000c2600000, 0x00000000c3680000)
  from space 2112K,  62% used [0x00000000c3890000, 0x00000000c39dc9f8, 0x00000000c3aa0000)
  to   space 2112K,   0% used [0x00000000c3680000, 0x00000000c3680000, 0x00000000c3890000)
 concurrent mark-sweep generation total 42368K, used 22354K [0x00000000d6e00000, 0x00000000d9760000, 0x0000000100000000)
 Metaspace       used 29808K, capacity 30902K, committed 31128K, reserved 1077248K
  class space    used 3641K, capacity 3913K, committed 3992K, reserved 1048576K
}
2022-08-07T09:29:05.235+0000: 7.146: Application time: 0.0296748 seconds
{Heap before GC invocations=117 (full 1):
 par new generation   total 19008K, used 18226K [0x00000000c2600000, 0x00000000c3aa0000, 0x00000000d6e00000)
  eden space 16896K, 100% used [0x00000000c2600000, 0x00000000c3680000, 0x00000000c3680000)
  from space 2112K,  62% used [0x00000000c3890000, 0x00000000c39dc9f8, 0x00000000c3aa0000)
  to   space 2112K,   0% used [0x00000000c3680000, 0x00000000c3680000, 0x00000000c3890000)
 concurrent mark-sweep generation total 42368K, used 22354K [0x00000000d6e00000, 0x00000000d9760000, 0x0000000100000000)
 Metaspace       used 29857K, capacity 30902K, committed 31128K, reserved 1077248K
  class space    used 3647K, capacity 3913K, committed 3992K, reserved 1048576K
2022-08-07T09:29:05.236+0000: 7.146: [GC (Allocation Failure) 2022-08-07T09:29:05.236+0000: 7.147: [ParNew: 18226K->1640K(19008K), 0.0023171 secs] 40580K->23994K(61376K), 0.0032596 secs] [Times: user=0.00 sys=0.00, real=0.00 secs] 
Heap after GC invocations=118 (full 1):
 par new generation   total 19008K, used 1640K [0x00000000c2600000, 0x00000000c3aa0000, 0x00000000d6e00000)
  eden space 16896K,   0% used [0x00000000c2600000, 0x00000000c2600000, 0x00000000c3680000)
  from space 2112K,  77% used [0x00000000c3680000, 0x00000000c381a1b8, 0x00000000c3890000)
  to   space 2112K,   0% used [0x00000000c3890000, 0x00000000c3890000, 0x00000000c3aa0000)
 concurrent mark-sweep generation total 42368K, used 22354K [0x00000000d6e00000, 0x00000000d9760000, 0x0000000100000000)
 Metaspace       used 29857K, capacity 30902K, committed 31128K, reserved 1077248K
  class space    used 3647K, capacity 3913K, committed 3992K, reserved 1048576K
}
2022-08-07T09:29:05.273+0000: 7.184: Application time: 0.0337803 seconds
{Heap before GC invocations=118 (full 1):
 par new generation   total 19008K, used 18536K [0x00000000c2600000, 0x00000000c3aa0000, 0x00000000d6e00000)
  eden space 16896K, 100% used [0x00000000c2600000, 0x00000000c3680000, 0x00000000c3680000)
  from space 2112K,  77% used [0x00000000c3680000, 0x00000000c381a1b8, 0x00000000c3890000)
  to   space 2112K,   0% used [0x00000000c3890000, 0x00000000c3890000, 0x00000000c3aa0000)
 concurrent mark-sweep generation total 42368K, used 22354K [0x00000000d6e00000, 0x00000000d9760000, 0x0000000100000000)
 Metaspace       used 29912K, capacity 30972K, committed 31128K, reserved 1077248K
  class space    used 3653K, capacity 3914K, committed 3992K, reserved 1048576K
2022-08-07T09:29:05.274+0000: 7.185: [GC (Allocation Failure) 2022-08-07T09:29:05.275+0000: 7.185: [ParNew: 18536K->1655K(19008K), 0.0038566 secs] 40890K->24260K(61376K), 0.0048178 secs] [Times: user=0.01 sys=0.01, real=0.00 secs] 
Heap after GC invocations=119 (full 1):
 par new generation   total 19008K, used 1655K [0x00000000c2600000, 0x00000000c3aa0000, 0x00000000d6e00000)
  eden space 16896K,   0% used [0x00000000c2600000, 0x00000000c2600000, 0x00000000c3680000)
  from space 2112K,  78% used [0x00000000c3890000, 0x00000000c3a2dd30, 0x00000000c3aa0000)
  to   space 2112K,   0% used [0x00000000c3680000, 0x00000000c3680000, 0x00000000c3890000)
 concurrent mark-sweep generation total 42368K, used 22605K [0x00000000d6e00000, 0x00000000d9760000, 0x0000000100000000)
 Metaspace       used 29912K, capacity 30972K, committed 31128K, reserved 1077248K
  class space    used 3653K, capacity 3914K, committed 3992K, reserved 1048576K
}
2022-08-07T09:29:05.361+0000: 7.271: Application time: 0.0809209 seconds
{Heap before GC invocations=119 (full 1):
 par new generation   total 19008K, used 18551K [0x00000000c2600000, 0x00000000c3aa0000, 0x00000000d6e00000)
  eden space 16896K, 100% used [0x00000000c2600000, 0x00000000c3680000, 0x00000000c3680000)
  from space 2112K,  78% used [0x00000000c3890000, 0x00000000c3a2dd30, 0x00000000c3aa0000)
  to   space 2112K,   0% used [0x00000000c3680000, 0x00000000c3680000, 0x00000000c3890000)
 concurrent mark-sweep generation total 42368K, used 22605K [0x00000000d6e00000, 0x00000000d9760000, 0x0000000100000000)
 Metaspace       used 30158K, capacity 31246K, committed 31384K, reserved 1077248K
  class space    used 3692K, capacity 3981K, committed 3992K, reserved 1048576K
2022-08-07T09:29:05.361+0000: 7.272: [GC (Allocation Failure) 2022-08-07T09:29:05.362+0000: 7.272: [ParNew: 18551K->1848K(19008K), 0.0143098 secs] 41156K->24643K(61376K), 0.0151555 secs] [Times: user=0.02 sys=0.00, real=0.01 secs] 
Heap after GC invocations=120 (full 1):
 par new generation   total 19008K, used 1848K [0x00000000c2600000, 0x00000000c3aa0000, 0x00000000d6e00000)
  eden space 16896K,   0% used [0x00000000c2600000, 0x00000000c2600000, 0x00000000c3680000)
  from space 2112K,  87% used [0x00000000c3680000, 0x00000000c384e308, 0x00000000c3890000)
  to   space 2112K,   0% used [0x00000000c3890000, 0x00000000c3890000, 0x00000000c3aa0000)
 concurrent mark-sweep generation total 42368K, used 22795K [0x00000000d6e00000, 0x00000000d9760000, 0x0000000100000000)
 Metaspace       used 30158K, capacity 31246K, committed 31384K, reserved 1077248K
  class space    used 3692K, capacity 3981K, committed 3992K, reserved 1048576K
}
2022-08-07T09:29:05.436+0000: 7.347: Application time: 0.0590446 seconds
{Heap before GC invocations=120 (full 1):
 par new generation   total 19008K, used 18744K [0x00000000c2600000, 0x00000000c3aa0000, 0x00000000d6e00000)
  eden space 16896K, 100% used [0x00000000c2600000, 0x00000000c3680000, 0x00000000c3680000)
  from space 2112K,  87% used [0x00000000c3680000, 0x00000000c384e308, 0x00000000c3890000)
  to   space 2112K,   0% used [0x00000000c3890000, 0x00000000c3890000, 0x00000000c3aa0000)
 concurrent mark-sweep generation total 42368K, used 22795K [0x00000000d6e00000, 0x00000000d9760000, 0x0000000100000000)
 Metaspace       used 30380K, capacity 31450K, committed 31640K, reserved 1077248K
  class space    used 3725K, capacity 3983K, committed 3992K, reserved 1048576K
2022-08-07T09:29:05.437+0000: 7.348: [GC (Allocation Failure) 2022-08-07T09:29:05.438+0000: 7.348: [ParNew: 18744K->1243K(19008K), 0.0049045 secs] 41539K->24525K(61376K), 0.0056405 secs] [Times: user=0.01 sys=0.00, real=0.01 secs] 
Heap after GC invocations=121 (full 1):
 par new generation   total 19008K, used 1243K [0x00000000c2600000, 0x00000000c3aa0000, 0x00000000d6e00000)
  eden space 16896K,   0% used [0x00000000c2600000, 0x00000000c2600000, 0x00000000c3680000)
  from space 2112K,  58% used [0x00000000c3890000, 0x00000000c39c6f28, 0x00000000c3aa0000)
  to   space 2112K,   0% used [0x00000000c3680000, 0x00000000c3680000, 0x00000000c3890000)
 concurrent mark-sweep generation total 42368K, used 23281K [0x00000000d6e00000, 0x00000000d9760000, 0x0000000100000000)
 Metaspace       used 30380K, capacity 31450K, committed 31640K, reserved 1077248K
  class space    used 3725K, capacity 3983K, committed 3992K, reserved 1048576K
}
2022-08-07T09:29:05.477+0000: 7.387: Application time: 0.0331989 seconds
{Heap before GC invocations=121 (full 1):
 par new generation   total 19008K, used 18139K [0x00000000c2600000, 0x00000000c3aa0000, 0x00000000d6e00000)
  eden space 16896K, 100% used [0x00000000c2600000, 0x00000000c3680000, 0x00000000c3680000)
  from space 2112K,  58% used [0x00000000c3890000, 0x00000000c39c6f28, 0x00000000c3aa0000)
  to   space 2112K,   0% used [0x00000000c3680000, 0x00000000c3680000, 0x00000000c3890000)
 concurrent mark-sweep generation total 42368K, used 23281K [0x00000000d6e00000, 0x00000000d9760000, 0x0000000100000000)
 Metaspace       used 30483K, capacity 31546K, committed 31768K, reserved 1077248K
  class space    used 3746K, capacity 4015K, committed 4120K, reserved 1048576K
2022-08-07T09:29:05.478+0000: 7.389: [GC (Allocation Failure) 2022-08-07T09:29:05.478+0000: 7.389: [ParNew: 18139K->1077K(19008K), 0.0020920 secs] 41421K->24359K(61376K), 0.0027875 secs] [Times: user=0.00 sys=0.00, real=0.01 secs] 
Heap after GC invocations=122 (full 1):
 par new generation   total 19008K, used 1077K [0x00000000c2600000, 0x00000000c3aa0000, 0x00000000d6e00000)
  eden space 16896K,   0% used [0x00000000c2600000, 0x00000000c2600000, 0x00000000c3680000)
  from space 2112K,  51% used [0x00000000c3680000, 0x00000000c378d4f8, 0x00000000c3890000)
  to   space 2112K,   0% used [0x00000000c3890000, 0x00000000c3890000, 0x00000000c3aa0000)
 concurrent mark-sweep generation total 42368K, used 23281K [0x00000000d6e00000, 0x00000000d9760000, 0x0000000100000000)
 Metaspace       used 30483K, capacity 31546K, committed 31768K, reserved 1077248K
  class space    used 3746K, capacity 4015K, committed 4120K, reserved 1048576K
}
2022-08-07T09:29:05.563+0000: 7.474: Application time: 0.0817758 seconds
{Heap before GC invocations=122 (full 1):
 par new generation   total 19008K, used 17973K [0x00000000c2600000, 0x00000000c3aa0000, 0x00000000d6e00000)
  eden space 16896K, 100% used [0x00000000c2600000, 0x00000000c3680000, 0x00000000c3680000)
  from space 2112K,  51% used [0x00000000c3680000, 0x00000000c378d4f8, 0x00000000c3890000)
  to   space 2112K,   0% used [0x00000000c3890000, 0x00000000c3890000, 0x00000000c3aa0000)
 concurrent mark-sweep generation total 42368K, used 23281K [0x00000000d6e00000, 0x00000000d9760000, 0x0000000100000000)
 Metaspace       used 30898K, capacity 32016K, committed 32280K, reserved 1077248K
  class space    used 3803K, capacity 4082K, committed 4120K, reserved 1048576K
2022-08-07T09:29:05.566+0000: 7.477: [GC (Allocation Failure) 2022-08-07T09:29:05.567+0000: 7.477: [ParNew: 17973K->1470K(19008K), 0.0120445 secs] 41255K->24751K(61376K), 0.0131272 secs] [Times: user=0.02 sys=0.00, real=0.01 secs] 
Heap after GC invocations=123 (full 1):
 par new generation   total 19008K, used 1470K [0x00000000c2600000, 0x00000000c3aa0000, 0x00000000d6e00000)
  eden space 16896K,   0% used [0x00000000c2600000, 0x00000000c2600000, 0x00000000c3680000)
  from space 2112K,  69% used [0x00000000c3890000, 0x00000000c39ff810, 0x00000000c3aa0000)
  to   space 2112K,   0% used [0x00000000c3680000, 0x00000000c3680000, 0x00000000c3890000)
 concurrent mark-sweep generation total 42368K, used 23281K [0x00000000d6e00000, 0x00000000d9760000, 0x0000000100000000)
 Metaspace       used 30898K, capacity 32016K, committed 32280K, reserved 1077248K
  class space    used 3803K, capacity 4082K, committed 4120K, reserved 1048576K
}
2022-08-07T09:29:05.634+0000: 7.545: Application time: 0.0542162 seconds
{Heap before GC invocations=123 (full 1):
 par new generation   total 19008K, used 18366K [0x00000000c2600000, 0x00000000c3aa0000, 0x00000000d6e00000)
  eden space 16896K, 100% used [0x00000000c2600000, 0x00000000c3680000, 0x00000000c3680000)
  from space 2112K,  69% used [0x00000000c3890000, 0x00000000c39ff810, 0x00000000c3aa0000)
  to   space 2112K,   0% used [0x00000000c3680000, 0x00000000c3680000, 0x00000000c3890000)
 concurrent mark-sweep generation total 42368K, used 23281K [0x00000000d6e00000, 0x00000000d9760000, 0x0000000100000000)
 Metaspace       used 31037K, capacity 32120K, committed 32280K, reserved 1077248K
  class space    used 3829K, capacity 4116K, committed 4120K, reserved 1048576K
2022-08-07T09:29:05.635+0000: 7.545: [GC (Allocation Failure) 2022-08-07T09:29:05.635+0000: 7.546: [ParNew: 18366K->1093K(19008K), 0.0177274 secs] 41647K->24651K(61376K), 0.0187299 secs] [Times: user=0.02 sys=0.01, real=0.02 secs] 
Heap after GC invocations=124 (full 1):
 par new generation   total 19008K, used 1093K [0x00000000c2600000, 0x00000000c3aa0000, 0x00000000d6e00000)
  eden space 16896K,   0% used [0x00000000c2600000, 0x00000000c2600000, 0x00000000c3680000)
  from space 2112K,  51% used [0x00000000c3680000, 0x00000000c3791448, 0x00000000c3890000)
  to   space 2112K,   0% used [0x00000000c3890000, 0x00000000c3890000, 0x00000000c3aa0000)
 concurrent mark-sweep generation total 42368K, used 23558K [0x00000000d6e00000, 0x00000000d9760000, 0x0000000100000000)
 Metaspace       used 31037K, capacity 32120K, committed 32280K, reserved 1077248K
  class space    used 3829K, capacity 4116K, committed 4120K, reserved 1048576K
}
2022-08-07T09:29:05.799+0000: 7.710: Application time: 0.1449613 seconds
{Heap before GC invocations=124 (full 1):
 par new generation   total 19008K, used 17989K [0x00000000c2600000, 0x00000000c3aa0000, 0x00000000d6e00000)
  eden space 16896K, 100% used [0x00000000c2600000, 0x00000000c3680000, 0x00000000c3680000)
  from space 2112K,  51% used [0x00000000c3680000, 0x00000000c3791448, 0x00000000c3890000)
  to   space 2112K,   0% used [0x00000000c3890000, 0x00000000c3890000, 0x00000000c3aa0000)
 concurrent mark-sweep generation total 42368K, used 23558K [0x00000000d6e00000, 0x00000000d9760000, 0x0000000100000000)
 Metaspace       used 31394K, capacity 32518K, committed 32664K, reserved 1077248K
  class space    used 3890K, capacity 4181K, committed 4248K, reserved 1048576K
2022-08-07T09:29:05.800+0000: 7.711: [GC (Allocation Failure) 2022-08-07T09:29:05.800+0000: 7.711: [ParNew: 17989K->1700K(19008K), 0.0125470 secs] 41547K->25258K(61376K), 0.0160490 secs] [Times: user=0.03 sys=0.00, real=0.02 secs] 
Heap after GC invocations=125 (full 1):
 par new generation   total 19008K, used 1700K [0x00000000c2600000, 0x00000000c3aa0000, 0x00000000d6e00000)
  eden space 16896K,   0% used [0x00000000c2600000, 0x00000000c2600000, 0x00000000c3680000)
  from space 2112K,  80% used [0x00000000c3890000, 0x00000000c3a39050, 0x00000000c3aa0000)
  to   space 2112K,   0% used [0x00000000c3680000, 0x00000000c3680000, 0x00000000c3890000)
 concurrent mark-sweep generation total 42368K, used 23558K [0x00000000d6e00000, 0x00000000d9760000, 0x0000000100000000)
 Metaspace       used 31394K, capacity 32518K, committed 32664K, reserved 1077248K
  class space    used 3890K, capacity 4181K, committed 4248K, reserved 1048576K
}
2022-08-07T09:29:05.954+0000: 7.864: Application time: 0.1365847 seconds
{Heap before GC invocations=125 (full 1):
 par new generation   total 19008K, used 18596K [0x00000000c2600000, 0x00000000c3aa0000, 0x00000000d6e00000)
  eden space 16896K, 100% used [0x00000000c2600000, 0x00000000c3680000, 0x00000000c3680000)
  from space 2112K,  80% used [0x00000000c3890000, 0x00000000c3a39050, 0x00000000c3aa0000)
  to   space 2112K,   0% used [0x00000000c3680000, 0x00000000c3680000, 0x00000000c3890000)
 concurrent mark-sweep generation total 42368K, used 23558K [0x00000000d6e00000, 0x00000000d9760000, 0x0000000100000000)
 Metaspace       used 31662K, capacity 32830K, committed 32920K, reserved 1077248K
  class space    used 3924K, capacity 4217K, committed 4248K, reserved 1048576K
2022-08-07T09:29:05.954+0000: 7.865: [GC (Allocation Failure) 2022-08-07T09:29:05.955+0000: 7.865: [ParNew: 18596K->1707K(19008K), 0.0064067 secs] 42154K->25436K(61376K), 0.0072467 secs] [Times: user=0.01 sys=0.01, real=0.01 secs] 
Heap after GC invocations=126 (full 1):
 par new generation   total 19008K, used 1707K [0x00000000c2600000, 0x00000000c3aa0000, 0x00000000d6e00000)
  eden space 16896K,   0% used [0x00000000c2600000, 0x00000000c2600000, 0x00000000c3680000)
  from space 2112K,  80% used [0x00000000c3680000, 0x00000000c382afe8, 0x00000000c3890000)
  to   space 2112K,   0% used [0x00000000c3890000, 0x00000000c3890000, 0x00000000c3aa0000)
 concurrent mark-sweep generation total 42368K, used 23728K [0x00000000d6e00000, 0x00000000d9760000, 0x0000000100000000)
 Metaspace       used 31662K, capacity 32830K, committed 32920K, reserved 1077248K
  class space    used 3924K, capacity 4217K, committed 4248K, reserved 1048576K
}
2022-08-07T09:29:06.040+0000: 7.951: Application time: 0.0775019 seconds
{Heap before GC invocations=126 (full 1):
 par new generation   total 19008K, used 18603K [0x00000000c2600000, 0x00000000c3aa0000, 0x00000000d6e00000)
  eden space 16896K, 100% used [0x00000000c2600000, 0x00000000c3680000, 0x00000000c3680000)
  from space 2112K,  80% used [0x00000000c3680000, 0x00000000c382afe8, 0x00000000c3890000)
  to   space 2112K,   0% used [0x00000000c3890000, 0x00000000c3890000, 0x00000000c3aa0000)
 concurrent mark-sweep generation total 42368K, used 23728K [0x00000000d6e00000, 0x00000000d9760000, 0x0000000100000000)
 Metaspace       used 31854K, capacity 32974K, committed 33176K, reserved 1079296K
  class space    used 3953K, capacity 4219K, committed 4248K, reserved 1048576K
2022-08-07T09:29:06.048+0000: 7.959: [GC (Allocation Failure) 2022-08-07T09:29:06.048+0000: 7.959: [ParNew: 18603K->1290K(19008K), 0.0084133 secs] 42332K->25168K(61376K), 0.0092220 secs] [Times: user=0.02 sys=0.00, real=0.01 secs] 
Heap after GC invocations=127 (full 1):
 par new generation   total 19008K, used 1290K [0x00000000c2600000, 0x00000000c3aa0000, 0x00000000d6e00000)
  eden space 16896K,   0% used [0x00000000c2600000, 0x00000000c2600000, 0x00000000c3680000)
  from space 2112K,  61% used [0x00000000c3890000, 0x00000000c39d2bc8, 0x00000000c3aa0000)
  to   space 2112K,   0% used [0x00000000c3680000, 0x00000000c3680000, 0x00000000c3890000)
 concurrent mark-sweep generation total 42368K, used 23877K [0x00000000d6e00000, 0x00000000d9760000, 0x0000000100000000)
 Metaspace       used 31854K, capacity 32974K, committed 33176K, reserved 1079296K
  class space    used 3953K, capacity 4219K, committed 4248K, reserved 1048576K
}
2022-08-07T09:29:06.099+0000: 8.010: Application time: 0.0411456 seconds
2022-08-07T09:29:06.118+0000: 8.029: Application time: 0.0185058 seconds
{Heap before GC invocations=127 (full 1):
 par new generation   total 19008K, used 18186K [0x00000000c2600000, 0x00000000c3aa0000, 0x00000000d6e00000)
  eden space 16896K, 100% used [0x00000000c2600000, 0x00000000c3680000, 0x00000000c3680000)
  from space 2112K,  61% used [0x00000000c3890000, 0x00000000c39d2bc8, 0x00000000c3aa0000)
  to   space 2112K,   0% used [0x00000000c3680000, 0x00000000c3680000, 0x00000000c3890000)
 concurrent mark-sweep generation total 42368K, used 23877K [0x00000000d6e00000, 0x00000000d9760000, 0x0000000100000000)
 Metaspace       used 32059K, capacity 33238K, committed 33560K, reserved 1079296K
  class space    used 3982K, capacity 4259K, committed 4376K, reserved 1048576K
2022-08-07T09:29:06.119+0000: 8.030: [GC (Allocation Failure) 2022-08-07T09:29:06.119+0000: 8.030: [ParNew: 18186K->1626K(19008K), 0.0051404 secs] 42064K->25687K(61376K), 0.0058348 secs] [Times: user=0.01 sys=0.00, real=0.01 secs] 
Heap after GC invocations=128 (full 1):
 par new generation   total 19008K, used 1626K [0x00000000c2600000, 0x00000000c3aa0000, 0x00000000d6e00000)
  eden space 16896K,   0% used [0x00000000c2600000, 0x00000000c2600000, 0x00000000c3680000)
  from space 2112K,  77% used [0x00000000c3680000, 0x00000000c38169b8, 0x00000000c3890000)
  to   space 2112K,   0% used [0x00000000c3890000, 0x00000000c3890000, 0x00000000c3aa0000)
 concurrent mark-sweep generation total 42368K, used 24061K [0x00000000d6e00000, 0x00000000d9760000, 0x0000000100000000)
 Metaspace       used 32059K, capacity 33238K, committed 33560K, reserved 1079296K
  class space    used 3982K, capacity 4259K, committed 4376K, reserved 1048576K
}
2022-08-07T09:29:06.154+0000: 8.065: Application time: 0.0284891 seconds
2022-08-07T09:29:06.184+0000: 8.095: Application time: 0.0298172 seconds
{Heap before GC invocations=128 (full 1):
 par new generation   total 19008K, used 18522K [0x00000000c2600000, 0x00000000c3aa0000, 0x00000000d6e00000)
  eden space 16896K, 100% used [0x00000000c2600000, 0x00000000c3680000, 0x00000000c3680000)
  from space 2112K,  77% used [0x00000000c3680000, 0x00000000c38169b8, 0x00000000c3890000)
  to   space 2112K,   0% used [0x00000000c3890000, 0x00000000c3890000, 0x00000000c3aa0000)
 concurrent mark-sweep generation total 42368K, used 24061K [0x00000000d6e00000, 0x00000000d9760000, 0x0000000100000000)
 Metaspace       used 32317K, capacity 33550K, committed 33816K, reserved 1079296K
  class space    used 4018K, capacity 4311K, committed 4376K, reserved 1048576K
2022-08-07T09:29:06.185+0000: 8.096: [GC (Allocation Failure) 2022-08-07T09:29:06.186+0000: 8.096: [ParNew: 18522K->1341K(19008K), 0.0051679 secs] 42583K->25788K(61376K), 0.0060701 secs] [Times: user=0.02 sys=0.00, real=0.01 secs] 
Heap after GC invocations=129 (full 1):
 par new generation   total 19008K, used 1341K [0x00000000c2600000, 0x00000000c3aa0000, 0x00000000d6e00000)
  eden space 16896K,   0% used [0x00000000c2600000, 0x00000000c2600000, 0x00000000c3680000)
  from space 2112K,  63% used [0x00000000c3890000, 0x00000000c39df7e0, 0x00000000c3aa0000)
  to   space 2112K,   0% used [0x00000000c3680000, 0x00000000c3680000, 0x00000000c3890000)
 concurrent mark-sweep generation total 42368K, used 24446K [0x00000000d6e00000, 0x00000000d9760000, 0x0000000100000000)
 Metaspace       used 32317K, capacity 33550K, committed 33816K, reserved 1079296K
  class space    used 4018K, capacity 4311K, committed 4376K, reserved 1048576K
}
2022-08-07T09:29:06.193+0000: 8.104: Application time: 0.0004258 seconds
2022-08-07T09:29:06.242+0000: 8.152: Application time: 0.0484305 seconds
{Heap before GC invocations=129 (full 1):
 par new generation   total 19008K, used 18237K [0x00000000c2600000, 0x00000000c3aa0000, 0x00000000d6e00000)
  eden space 16896K, 100% used [0x00000000c2600000, 0x00000000c3680000, 0x00000000c3680000)
  from space 2112K,  63% used [0x00000000c3890000, 0x00000000c39df7e0, 0x00000000c3aa0000)
  to   space 2112K,   0% used [0x00000000c3680000, 0x00000000c3680000, 0x00000000c3890000)
 concurrent mark-sweep generation total 42368K, used 24446K [0x00000000d6e00000, 0x00000000d9760000, 0x0000000100000000)
 Metaspace       used 32563K, capacity 33774K, committed 34072K, reserved 1079296K
  class space    used 4040K, capacity 4321K, committed 4376K, reserved 1048576K
2022-08-07T09:29:06.243+0000: 8.153: [GC (Allocation Failure) 2022-08-07T09:29:06.243+0000: 8.154: [ParNew: 18237K->753K(19008K), 0.0025014 secs] 42684K->25199K(61376K), 0.0035024 secs] [Times: user=0.01 sys=0.00, real=0.00 secs] 
Heap after GC invocations=130 (full 1):
 par new generation   total 19008K, used 753K [0x00000000c2600000, 0x00000000c3aa0000, 0x00000000d6e00000)
  eden space 16896K,   0% used [0x00000000c2600000, 0x00000000c2600000, 0x00000000c3680000)
  from space 2112K,  35% used [0x00000000c3680000, 0x00000000c373c410, 0x00000000c3890000)
  to   space 2112K,   0% used [0x00000000c3890000, 0x00000000c3890000, 0x00000000c3aa0000)
 concurrent mark-sweep generation total 42368K, used 24446K [0x00000000d6e00000, 0x00000000d9760000, 0x0000000100000000)
 Metaspace       used 32563K, capacity 33774K, committed 34072K, reserved 1079296K
  class space    used 4040K, capacity 4321K, committed 4376K, reserved 1048576K
}
2022-08-07T09:29:06.277+0000: 8.187: Application time: 0.0297790 seconds
{Heap before GC invocations=130 (full 1):
 par new generation   total 19008K, used 17649K [0x00000000c2600000, 0x00000000c3aa0000, 0x00000000d6e00000)
  eden space 16896K, 100% used [0x00000000c2600000, 0x00000000c3680000, 0x00000000c3680000)
  from space 2112K,  35% used [0x00000000c3680000, 0x00000000c373c410, 0x00000000c3890000)
  to   space 2112K,   0% used [0x00000000c3890000, 0x00000000c3890000, 0x00000000c3aa0000)
 concurrent mark-sweep generation total 42368K, used 24446K [0x00000000d6e00000, 0x00000000d9760000, 0x0000000100000000)
 Metaspace       used 32601K, capacity 33786K, committed 34072K, reserved 1079296K
  class space    used 4045K, capacity 4321K, committed 4376K, reserved 1048576K
2022-08-07T09:29:06.278+0000: 8.188: [GC (Allocation Failure) 2022-08-07T09:29:06.279+0000: 8.189: [ParNew: 17649K->683K(19008K), 0.0033437 secs] 42095K->25129K(61376K), 0.0046908 secs] [Times: user=0.01 sys=0.00, real=0.01 secs] 
Heap after GC invocations=131 (full 1):
 par new generation   total 19008K, used 683K [0x00000000c2600000, 0x00000000c3aa0000, 0x00000000d6e00000)
  eden space 16896K,   0% used [0x00000000c2600000, 0x00000000c2600000, 0x00000000c3680000)
  from space 2112K,  32% used [0x00000000c3890000, 0x00000000c393ac10, 0x00000000c3aa0000)
  to   space 2112K,   0% used [0x00000000c3680000, 0x00000000c3680000, 0x00000000c3890000)
 concurrent mark-sweep generation total 42368K, used 24446K [0x00000000d6e00000, 0x00000000d9760000, 0x0000000100000000)
 Metaspace       used 32601K, capacity 33786K, committed 34072K, reserved 1079296K
  class space    used 4045K, capacity 4321K, committed 4376K, reserved 1048576K
}
2022-08-07T09:29:06.312+0000: 8.223: Application time: 0.0293369 seconds
{Heap before GC invocations=131 (full 1):
 par new generation   total 19008K, used 17579K [0x00000000c2600000, 0x00000000c3aa0000, 0x00000000d6e00000)
  eden space 16896K, 100% used [0x00000000c2600000, 0x00000000c3680000, 0x00000000c3680000)
  from space 2112K,  32% used [0x00000000c3890000, 0x00000000c393ac10, 0x00000000c3aa0000)
  to   space 2112K,   0% used [0x00000000c3680000, 0x00000000c3680000, 0x00000000c3890000)
 concurrent mark-sweep generation total 42368K, used 24446K [0x00000000d6e00000, 0x00000000d9760000, 0x0000000100000000)
 Metaspace       used 32636K, capacity 33836K, committed 34072K, reserved 1079296K
  class space    used 4051K, capacity 4354K, committed 4376K, reserved 1048576K
2022-08-07T09:29:06.313+0000: 8.224: [GC (Allocation Failure) 2022-08-07T09:29:06.314+0000: 8.224: [ParNew: 17579K->726K(19008K), 0.0035613 secs] 42025K->25173K(61376K), 0.0042982 secs] [Times: user=0.01 sys=0.00, real=0.00 secs] 
Heap after GC invocations=132 (full 1):
 par new generation   total 19008K, used 726K [0x00000000c2600000, 0x00000000c3aa0000, 0x00000000d6e00000)
  eden space 16896K,   0% used [0x00000000c2600000, 0x00000000c2600000, 0x00000000c3680000)
  from space 2112K,  34% used [0x00000000c3680000, 0x00000000c3735988, 0x00000000c3890000)
  to   space 2112K,   0% used [0x00000000c3890000, 0x00000000c3890000, 0x00000000c3aa0000)
 concurrent mark-sweep generation total 42368K, used 24446K [0x00000000d6e00000, 0x00000000d9760000, 0x0000000100000000)
 Metaspace       used 32636K, capacity 33836K, committed 34072K, reserved 1079296K
  class space    used 4051K, capacity 4354K, committed 4376K, reserved 1048576K
}
2022-08-07T09:29:06.347+0000: 8.257: Application time: 0.0283130 seconds
{Heap before GC invocations=132 (full 1):
 par new generation   total 19008K, used 17622K [0x00000000c2600000, 0x00000000c3aa0000, 0x00000000d6e00000)
  eden space 16896K, 100% used [0x00000000c2600000, 0x00000000c3680000, 0x00000000c3680000)
  from space 2112K,  34% used [0x00000000c3680000, 0x00000000c3735988, 0x00000000c3890000)
  to   space 2112K,   0% used [0x00000000c3890000, 0x00000000c3890000, 0x00000000c3aa0000)
 concurrent mark-sweep generation total 42368K, used 24446K [0x00000000d6e00000, 0x00000000d9760000, 0x0000000100000000)
 Metaspace       used 32679K, capacity 33968K, committed 34072K, reserved 1079296K
  class space    used 4056K, capacity 4354K, committed 4376K, reserved 1048576K
2022-08-07T09:29:06.347+0000: 8.258: [GC (Allocation Failure) 2022-08-07T09:29:06.348+0000: 8.259: [ParNew: 17622K->908K(19008K), 0.0033989 secs] 42069K->25355K(61376K), 0.0041300 secs] [Times: user=0.01 sys=0.00, real=0.01 secs] 
Heap after GC invocations=133 (full 1):
 par new generation   total 19008K, used 908K [0x00000000c2600000, 0x00000000c3aa0000, 0x00000000d6e00000)
  eden space 16896K,   0% used [0x00000000c2600000, 0x00000000c2600000, 0x00000000c3680000)
  from space 2112K,  43% used [0x00000000c3890000, 0x00000000c3973140, 0x00000000c3aa0000)
  to   space 2112K,   0% used [0x00000000c3680000, 0x00000000c3680000, 0x00000000c3890000)
 concurrent mark-sweep generation total 42368K, used 24446K [0x00000000d6e00000, 0x00000000d9760000, 0x0000000100000000)
 Metaspace       used 32679K, capacity 33968K, committed 34072K, reserved 1079296K
  class space    used 4056K, capacity 4354K, committed 4376K, reserved 1048576K
}
2022-08-07T09:29:06.392+0000: 8.303: Application time: 0.0402353 seconds
2022-08-07T09:29:06.418+0000: 8.329: Application time: 0.0248761 seconds
{Heap before GC invocations=133 (full 1):
 par new generation   total 19008K, used 17804K [0x00000000c2600000, 0x00000000c3aa0000, 0x00000000d6e00000)
  eden space 16896K, 100% used [0x00000000c2600000, 0x00000000c3680000, 0x00000000c3680000)
  from space 2112K,  43% used [0x00000000c3890000, 0x00000000c3973140, 0x00000000c3aa0000)
  to   space 2112K,   0% used [0x00000000c3680000, 0x00000000c3680000, 0x00000000c3890000)
 concurrent mark-sweep generation total 42368K, used 24446K [0x00000000d6e00000, 0x00000000d9760000, 0x0000000100000000)
 Metaspace       used 32806K, capacity 34160K, committed 34456K, reserved 1079296K
  class space    used 4081K, capacity 4380K, committed 4504K, reserved 1048576K
2022-08-07T09:29:06.420+0000: 8.331: [GC (Allocation Failure) 2022-08-07T09:29:06.424+0000: 8.334: [ParNew: 17804K->1196K(19008K), 0.0051481 secs] 42251K->25643K(61376K), 0.0089376 secs] [Times: user=0.01 sys=0.00, real=0.01 secs] 
Heap after GC invocations=134 (full 1):
 par new generation   total 19008K, used 1196K [0x00000000c2600000, 0x00000000c3aa0000, 0x00000000d6e00000)
  eden space 16896K,   0% used [0x00000000c2600000, 0x00000000c2600000, 0x00000000c3680000)
  from space 2112K,  56% used [0x00000000c3680000, 0x00000000c37ab2e0, 0x00000000c3890000)
  to   space 2112K,   0% used [0x00000000c3890000, 0x00000000c3890000, 0x00000000c3aa0000)
 concurrent mark-sweep generation total 42368K, used 24446K [0x00000000d6e00000, 0x00000000d9760000, 0x0000000100000000)
 Metaspace       used 32806K, capacity 34160K, committed 34456K, reserved 1079296K
  class space    used 4081K, capacity 4380K, committed 4504K, reserved 1048576K
}
2022-08-07T09:29:06.482+0000: 8.393: Application time: 0.0521490 seconds
{Heap before GC invocations=134 (full 1):
 par new generation   total 19008K, used 18092K [0x00000000c2600000, 0x00000000c3aa0000, 0x00000000d6e00000)
  eden space 16896K, 100% used [0x00000000c2600000, 0x00000000c3680000, 0x00000000c3680000)
  from space 2112K,  56% used [0x00000000c3680000, 0x00000000c37ab2e0, 0x00000000c3890000)
  to   space 2112K,   0% used [0x00000000c3890000, 0x00000000c3890000, 0x00000000c3aa0000)
 concurrent mark-sweep generation total 42368K, used 24446K [0x00000000d6e00000, 0x00000000d9760000, 0x0000000100000000)
 Metaspace       used 32940K, capacity 34256K, committed 34456K, reserved 1079296K
  class space    used 4103K, capacity 4412K, committed 4504K, reserved 1048576K
2022-08-07T09:29:06.483+0000: 8.394: [GC (Allocation Failure) 2022-08-07T09:29:06.483+0000: 8.394: [ParNew: 18092K->1247K(19008K), 0.0045521 secs] 42539K->25867K(61376K), 0.0058890 secs] [Times: user=0.02 sys=0.00, real=0.00 secs] 
Heap after GC invocations=135 (full 1):
 par new generation   total 19008K, used 1247K [0x00000000c2600000, 0x00000000c3aa0000, 0x00000000d6e00000)
  eden space 16896K,   0% used [0x00000000c2600000, 0x00000000c2600000, 0x00000000c3680000)
  from space 2112K,  59% used [0x00000000c3890000, 0x00000000c39c7fa8, 0x00000000c3aa0000)
  to   space 2112K,   0% used [0x00000000c3680000, 0x00000000c3680000, 0x00000000c3890000)
 concurrent mark-sweep generation total 42368K, used 24619K [0x00000000d6e00000, 0x00000000d9760000, 0x0000000100000000)
 Metaspace       used 32940K, capacity 34256K, committed 34456K, reserved 1079296K
  class space    used 4103K, capacity 4412K, committed 4504K, reserved 1048576K
}
2022-08-07T09:29:06.528+0000: 8.438: Application time: 0.0381582 seconds
{Heap before GC invocations=135 (full 1):
 par new generation   total 19008K, used 18143K [0x00000000c2600000, 0x00000000c3aa0000, 0x00000000d6e00000)
  eden space 16896K, 100% used [0x00000000c2600000, 0x00000000c3680000, 0x00000000c3680000)
  from space 2112K,  59% used [0x00000000c3890000, 0x00000000c39c7fa8, 0x00000000c3aa0000)
  to   space 2112K,   0% used [0x00000000c3680000, 0x00000000c3680000, 0x00000000c3890000)
 concurrent mark-sweep generation total 42368K, used 24619K [0x00000000d6e00000, 0x00000000d9760000, 0x0000000100000000)
 Metaspace       used 33037K, capacity 34320K, committed 34456K, reserved 1079296K
  class space    used 4120K, capacity 4412K, committed 4504K, reserved 1048576K
2022-08-07T09:29:06.529+0000: 8.439: [GC (Allocation Failure) 2022-08-07T09:29:06.529+0000: 8.440: [ParNew: 18143K->1027K(19008K), 0.0044241 secs] 42763K->25792K(61376K), 0.0052085 secs] [Times: user=0.01 sys=0.00, real=0.01 secs] 
Heap after GC invocations=136 (full 1):
 par new generation   total 19008K, used 1027K [0x00000000c2600000, 0x00000000c3aa0000, 0x00000000d6e00000)
  eden space 16896K,   0% used [0x00000000c2600000, 0x00000000c2600000, 0x00000000c3680000)
  from space 2112K,  48% used [0x00000000c3680000, 0x00000000c3780d38, 0x00000000c3890000)
  to   space 2112K,   0% used [0x00000000c3890000, 0x00000000c3890000, 0x00000000c3aa0000)
 concurrent mark-sweep generation total 42368K, used 24764K [0x00000000d6e00000, 0x00000000d9760000, 0x0000000100000000)
 Metaspace       used 33037K, capacity 34320K, committed 34456K, reserved 1079296K
  class space    used 4120K, capacity 4412K, committed 4504K, reserved 1048576K
}
2022-08-07T09:29:06.585+0000: 8.496: Application time: 0.0502275 seconds
{Heap before GC invocations=136 (full 1):
 par new generation   total 19008K, used 17923K [0x00000000c2600000, 0x00000000c3aa0000, 0x00000000d6e00000)
  eden space 16896K, 100% used [0x00000000c2600000, 0x00000000c3680000, 0x00000000c3680000)
  from space 2112K,  48% used [0x00000000c3680000, 0x00000000c3780d38, 0x00000000c3890000)
  to   space 2112K,   0% used [0x00000000c3890000, 0x00000000c3890000, 0x00000000c3aa0000)
 concurrent mark-sweep generation total 42368K, used 24764K [0x00000000d6e00000, 0x00000000d9760000, 0x0000000100000000)
 Metaspace       used 33155K, capacity 34480K, committed 34712K, reserved 1079296K
  class space    used 4141K, capacity 4444K, committed 4504K, reserved 1048576K
2022-08-07T09:29:06.586+0000: 8.496: [GC (Allocation Failure) 2022-08-07T09:29:06.586+0000: 8.497: [ParNew: 17923K->1137K(19008K), 0.0036446 secs] 42688K->26018K(61376K), 0.0045382 secs] [Times: user=0.01 sys=0.00, real=0.00 secs] 
Heap after GC invocations=137 (full 1):
 par new generation   total 19008K, used 1137K [0x00000000c2600000, 0x00000000c3aa0000, 0x00000000d6e00000)
  eden space 16896K,   0% used [0x00000000c2600000, 0x00000000c2600000, 0x00000000c3680000)
  from space 2112K,  53% used [0x00000000c3890000, 0x00000000c39ac540, 0x00000000c3aa0000)
  to   space 2112K,   0% used [0x00000000c3680000, 0x00000000c3680000, 0x00000000c3890000)
 concurrent mark-sweep generation total 42368K, used 24881K [0x00000000d6e00000, 0x00000000d9760000, 0x0000000100000000)
 Metaspace       used 33155K, capacity 34480K, committed 34712K, reserved 1079296K
  class space    used 4141K, capacity 4444K, committed 4504K, reserved 1048576K
}
2022-08-07T09:29:06.634+0000: 8.544: Application time: 0.0427280 seconds
{Heap before GC invocations=137 (full 1):
 par new generation   total 19008K, used 18033K [0x00000000c2600000, 0x00000000c3aa0000, 0x00000000d6e00000)
  eden space 16896K, 100% used [0x00000000c2600000, 0x00000000c3680000, 0x00000000c3680000)
  from space 2112K,  53% used [0x00000000c3890000, 0x00000000c39ac540, 0x00000000c3aa0000)
  to   space 2112K,   0% used [0x00000000c3680000, 0x00000000c3680000, 0x00000000c3890000)
 concurrent mark-sweep generation total 42368K, used 24881K [0x00000000d6e00000, 0x00000000d9760000, 0x0000000100000000)
 Metaspace       used 33254K, capacity 34544K, committed 34712K, reserved 1079296K
  class space    used 4161K, capacity 4444K, committed 4504K, reserved 1048576K
2022-08-07T09:29:06.634+0000: 8.545: [GC (Allocation Failure) 2022-08-07T09:29:06.635+0000: 8.546: [ParNew: 18033K->1122K(19008K), 0.0046698 secs] 42914K->26063K(61376K), 0.0059134 secs] [Times: user=0.01 sys=0.00, real=0.01 secs] 
Heap after GC invocations=138 (full 1):
 par new generation   total 19008K, used 1122K [0x00000000c2600000, 0x00000000c3aa0000, 0x00000000d6e00000)
  eden space 16896K,   0% used [0x00000000c2600000, 0x00000000c2600000, 0x00000000c3680000)
  from space 2112K,  53% used [0x00000000c3680000, 0x00000000c37989b0, 0x00000000c3890000)
  to   space 2112K,   0% used [0x00000000c3890000, 0x00000000c3890000, 0x00000000c3aa0000)
 concurrent mark-sweep generation total 42368K, used 24940K [0x00000000d6e00000, 0x00000000d9760000, 0x0000000100000000)
 Metaspace       used 33254K, capacity 34544K, committed 34712K, reserved 1079296K
  class space    used 4161K, capacity 4444K, committed 4504K, reserved 1048576K
}
2022-08-07T09:29:06.683+0000: 8.594: Application time: 0.0420379 seconds
{Heap before GC invocations=138 (full 1):
 par new generation   total 19008K, used 18018K [0x00000000c2600000, 0x00000000c3aa0000, 0x00000000d6e00000)
  eden space 16896K, 100% used [0x00000000c2600000, 0x00000000c3680000, 0x00000000c3680000)
  from space 2112K,  53% used [0x00000000c3680000, 0x00000000c37989b0, 0x00000000c3890000)
  to   space 2112K,   0% used [0x00000000c3890000, 0x00000000c3890000, 0x00000000c3aa0000)
 concurrent mark-sweep generation total 42368K, used 24940K [0x00000000d6e00000, 0x00000000d9760000, 0x0000000100000000)
 Metaspace       used 33386K, capacity 34704K, committed 34968K, reserved 1079296K
  class space    used 4180K, capacity 4476K, committed 4504K, reserved 1048576K
2022-08-07T09:29:06.684+0000: 8.594: [GC (Allocation Failure) 2022-08-07T09:29:06.684+0000: 8.595: [ParNew: 18018K->1340K(19008K), 0.0040058 secs] 42959K->26303K(61376K), 0.0048318 secs] [Times: user=0.01 sys=0.00, real=0.00 secs] 
Heap after GC invocations=139 (full 1):
 par new generation   total 19008K, used 1340K [0x00000000c2600000, 0x00000000c3aa0000, 0x00000000d6e00000)
  eden space 16896K,   0% used [0x00000000c2600000, 0x00000000c2600000, 0x00000000c3680000)
  from space 2112K,  63% used [0x00000000c3890000, 0x00000000c39df108, 0x00000000c3aa0000)
  to   space 2112K,   0% used [0x00000000c3680000, 0x00000000c3680000, 0x00000000c3890000)
 concurrent mark-sweep generation total 42368K, used 24963K [0x00000000d6e00000, 0x00000000d9760000, 0x0000000100000000)
 Metaspace       used 33386K, capacity 34704K, committed 34968K, reserved 1079296K
  class space    used 4180K, capacity 4476K, committed 4504K, reserved 1048576K
}
2022-08-07T09:29:06.808+0000: 8.719: Application time: 0.1187292 seconds
{Heap before GC invocations=139 (full 1):
 par new generation   total 19008K, used 18236K [0x00000000c2600000, 0x00000000c3aa0000, 0x00000000d6e00000)
  eden space 16896K, 100% used [0x00000000c2600000, 0x00000000c3680000, 0x00000000c3680000)
  from space 2112K,  63% used [0x00000000c3890000, 0x00000000c39df108, 0x00000000c3aa0000)
  to   space 2112K,   0% used [0x00000000c3680000, 0x00000000c3680000, 0x00000000c3890000)
 concurrent mark-sweep generation total 42368K, used 24963K [0x00000000d6e00000, 0x00000000d9760000, 0x0000000100000000)
 Metaspace       used 33600K, capacity 34928K, committed 35096K, reserved 1079296K
  class space    used 4211K, capacity 4508K, committed 4632K, reserved 1048576K
2022-08-07T09:29:06.809+0000: 8.719: [GC (Allocation Failure) 2022-08-07T09:29:06.809+0000: 8.720: [ParNew: 18236K->1366K(19008K), 0.0055397 secs] 43199K->26340K(61376K), 0.0061866 secs] [Times: user=0.01 sys=0.00, real=0.01 secs] 
Heap after GC invocations=140 (full 1):
 par new generation   total 19008K, used 1366K [0x00000000c2600000, 0x00000000c3aa0000, 0x00000000d6e00000)
  eden space 16896K,   0% used [0x00000000c2600000, 0x00000000c2600000, 0x00000000c3680000)
  from space 2112K,  64% used [0x00000000c3680000, 0x00000000c37d5a48, 0x00000000c3890000)
  to   space 2112K,   0% used [0x00000000c3890000, 0x00000000c3890000, 0x00000000c3aa0000)
 concurrent mark-sweep generation total 42368K, used 24974K [0x00000000d6e00000, 0x00000000d9760000, 0x0000000100000000)
 Metaspace       used 33600K, capacity 34928K, committed 35096K, reserved 1079296K
  class space    used 4211K, capacity 4508K, committed 4632K, reserved 1048576K
}
2022-08-07T09:29:06.969+0000: 8.880: Application time: 0.1533435 seconds
{Heap before GC invocations=140 (full 1):
 par new generation   total 19008K, used 18262K [0x00000000c2600000, 0x00000000c3aa0000, 0x00000000d6e00000)
  eden space 16896K, 100% used [0x00000000c2600000, 0x00000000c3680000, 0x00000000c3680000)
  from space 2112K,  64% used [0x00000000c3680000, 0x00000000c37d5a48, 0x00000000c3890000)
  to   space 2112K,   0% used [0x00000000c3890000, 0x00000000c3890000, 0x00000000c3aa0000)
 concurrent mark-sweep generation total 42368K, used 24974K [0x00000000d6e00000, 0x00000000d9760000, 0x0000000100000000)
 Metaspace       used 33763K, capacity 35094K, committed 35352K, reserved 1079296K
  class space    used 4232K, capacity 4541K, committed 4632K, reserved 1048576K
2022-08-07T09:29:06.970+0000: 8.881: [GC (Allocation Failure) 2022-08-07T09:29:06.970+0000: 8.881: [ParNew: 18262K->1208K(19008K), 0.0075322 secs] 43236K->26412K(61376K), 0.0082371 secs] [Times: user=0.02 sys=0.00, real=0.01 secs] 
Heap after GC invocations=141 (full 1):
 par new generation   total 19008K, used 1208K [0x00000000c2600000, 0x00000000c3aa0000, 0x00000000d6e00000)
  eden space 16896K,   0% used [0x00000000c2600000, 0x00000000c2600000, 0x00000000c3680000)
  from space 2112K,  57% used [0x00000000c3890000, 0x00000000c39be390, 0x00000000c3aa0000)
  to   space 2112K,   0% used [0x00000000c3680000, 0x00000000c3680000, 0x00000000c3890000)
 concurrent mark-sweep generation total 42368K, used 25203K [0x00000000d6e00000, 0x00000000d9760000, 0x0000000100000000)
 Metaspace       used 33763K, capacity 35094K, committed 35352K, reserved 1079296K
  class space    used 4232K, capacity 4541K, committed 4632K, reserved 1048576K
}
2022-08-07T09:29:07.123+0000: 9.034: Application time: 0.1442035 seconds
{Heap before GC invocations=141 (full 1):
 par new generation   total 19008K, used 18104K [0x00000000c2600000, 0x00000000c3aa0000, 0x00000000d6e00000)
  eden space 16896K, 100% used [0x00000000c2600000, 0x00000000c3680000, 0x00000000c3680000)
  from space 2112K,  57% used [0x00000000c3890000, 0x00000000c39be390, 0x00000000c3aa0000)
  to   space 2112K,   0% used [0x00000000c3680000, 0x00000000c3680000, 0x00000000c3890000)
 concurrent mark-sweep generation total 42368K, used 25203K [0x00000000d6e00000, 0x00000000d9760000, 0x0000000100000000)
 Metaspace       used 34105K, capacity 35370K, committed 35608K, reserved 1081344K
  class space    used 4259K, capacity 4543K, committed 4632K, reserved 1048576K
2022-08-07T09:29:07.124+0000: 9.034: [GC (Allocation Failure) 2022-08-07T09:29:07.124+0000: 9.035: [ParNew: 18104K->1729K(19008K), 0.0072519 secs] 43308K->26933K(61376K), 0.0080461 secs] [Times: user=0.01 sys=0.00, real=0.01 secs] 
Heap after GC invocations=142 (full 1):
 par new generation   total 19008K, used 1729K [0x00000000c2600000, 0x00000000c3aa0000, 0x00000000d6e00000)
  eden space 16896K,   0% used [0x00000000c2600000, 0x00000000c2600000, 0x00000000c3680000)
  from space 2112K,  81% used [0x00000000c3680000, 0x00000000c38305f8, 0x00000000c3890000)
  to   space 2112K,   0% used [0x00000000c3890000, 0x00000000c3890000, 0x00000000c3aa0000)
 concurrent mark-sweep generation total 42368K, used 25203K [0x00000000d6e00000, 0x00000000d9760000, 0x0000000100000000)
 Metaspace       used 34105K, capacity 35370K, committed 35608K, reserved 1081344K
  class space    used 4259K, capacity 4543K, committed 4632K, reserved 1048576K
}
2022-08-07T09:29:07.363+0000: 9.273: Application time: 0.2299425 seconds
{Heap before GC invocations=142 (full 1):
 par new generation   total 19008K, used 18625K [0x00000000c2600000, 0x00000000c3aa0000, 0x00000000d6e00000)
  eden space 16896K, 100% used [0x00000000c2600000, 0x00000000c3680000, 0x00000000c3680000)
  from space 2112K,  81% used [0x00000000c3680000, 0x00000000c38305f8, 0x00000000c3890000)
  to   space 2112K,   0% used [0x00000000c3890000, 0x00000000c3890000, 0x00000000c3aa0000)
 concurrent mark-sweep generation total 42368K, used 25203K [0x00000000d6e00000, 0x00000000d9760000, 0x0000000100000000)
 Metaspace       used 34698K, capacity 36074K, committed 36120K, reserved 1081344K
  class space    used 4311K, capacity 4607K, committed 4632K, reserved 1048576K
2022-08-07T09:29:07.364+0000: 9.275: [GC (Allocation Failure) 2022-08-07T09:29:07.364+0000: 9.275: [ParNew: 18625K->1855K(19008K), 0.0057043 secs] 43829K->27280K(61376K), 0.0063832 secs] [Times: user=0.02 sys=0.00, real=0.00 secs] 
Heap after GC invocations=143 (full 1):
 par new generation   total 19008K, used 1855K [0x00000000c2600000, 0x00000000c3aa0000, 0x00000000d6e00000)
  eden space 16896K,   0% used [0x00000000c2600000, 0x00000000c2600000, 0x00000000c3680000)
  from space 2112K,  87% used [0x00000000c3890000, 0x00000000c3a5fd10, 0x00000000c3aa0000)
  to   space 2112K,   0% used [0x00000000c3680000, 0x00000000c3680000, 0x00000000c3890000)
 concurrent mark-sweep generation total 42368K, used 25425K [0x00000000d6e00000, 0x00000000d9760000, 0x0000000100000000)
 Metaspace       used 34698K, capacity 36074K, committed 36120K, reserved 1081344K
  class space    used 4311K, capacity 4607K, committed 4632K, reserved 1048576K
}
2022-08-07T09:29:07.371+0000: 9.282: Application time: 0.0002134 seconds
2022-08-07T09:29:07.371+0000: 9.282: [GC (CMS Initial Mark) [1 CMS-initial-mark: 25425K(42368K)] 27618K(61376K), 0.0018067 secs] [Times: user=0.00 sys=0.01, real=0.00 secs] 
2022-08-07T09:29:07.374+0000: 9.285: [CMS-concurrent-mark-start]
2022-08-07T09:29:07.448+0000: 9.359: [CMS-concurrent-mark: 0.074/0.074 secs] [Times: user=0.18 sys=0.02, real=0.07 secs] 
2022-08-07T09:29:07.449+0000: 9.359: [CMS-concurrent-preclean-start]
2022-08-07T09:29:07.455+0000: 9.366: [CMS-concurrent-preclean: 0.005/0.006 secs] [Times: user=0.01 sys=0.00, real=0.01 secs] 
2022-08-07T09:29:07.455+0000: 9.366: [CMS-concurrent-abortable-preclean-start]
2022-08-07T09:29:07.566+0000: 9.477: Application time: 0.1921928 seconds
{Heap before GC invocations=143 (full 2):
 par new generation   total 19008K, used 18751K [0x00000000c2600000, 0x00000000c3aa0000, 0x00000000d6e00000)
  eden space 16896K, 100% used [0x00000000c2600000, 0x00000000c3680000, 0x00000000c3680000)
  from space 2112K,  87% used [0x00000000c3890000, 0x00000000c3a5fd10, 0x00000000c3aa0000)
  to   space 2112K,   0% used [0x00000000c3680000, 0x00000000c3680000, 0x00000000c3890000)
 concurrent mark-sweep generation total 42368K, used 25425K [0x00000000d6e00000, 0x00000000d9760000, 0x0000000100000000)
 Metaspace       used 35266K, capacity 36626K, committed 36760K, reserved 1081344K
  class space    used 4367K, capacity 4681K, committed 4760K, reserved 1048576K
2022-08-07T09:29:07.566+0000: 9.477: [GC (Allocation Failure) 2022-08-07T09:29:07.567+0000: 9.477: [ParNew2022-08-07T09:29:07.574+0000: 9.485: [CMS-concurrent-abortable-preclean: 0.018/0.119 secs] [Times: user=0.26 sys=0.06, real=0.12 secs] 
: 18751K->2112K(19008K), 0.0107813 secs] 44176K->28300K(61376K), 0.0117627 secs] [Times: user=0.03 sys=0.01, real=0.01 secs] 
Heap after GC invocations=144 (full 2):
 par new generation   total 19008K, used 2112K [0x00000000c2600000, 0x00000000c3aa0000, 0x00000000d6e00000)
  eden space 16896K,   0% used [0x00000000c2600000, 0x00000000c2600000, 0x00000000c3680000)
  from space 2112K, 100% used [0x00000000c3680000, 0x00000000c3890000, 0x00000000c3890000)
  to   space 2112K,   0% used [0x00000000c3890000, 0x00000000c3890000, 0x00000000c3aa0000)
 concurrent mark-sweep generation total 42368K, used 26188K [0x00000000d6e00000, 0x00000000d9760000, 0x0000000100000000)
 Metaspace       used 35266K, capacity 36626K, committed 36760K, reserved 1081344K
  class space    used 4367K, capacity 4681K, committed 4760K, reserved 1048576K
}
2022-08-07T09:29:07.579+0000: 9.490: Application time: 0.0002186 seconds
2022-08-07T09:29:07.579+0000: 9.490: [GC (CMS Final Remark) [YG occupancy: 2450 K (19008 K)]2022-08-07T09:29:07.580+0000: 9.491: [Rescan (parallel) , 0.0025697 secs]2022-08-07T09:29:07.583+0000: 9.494: [weak refs processing, 0.0004261 secs]2022-08-07T09:29:07.584+0000: 9.494: [class unloading, 0.0082372 secs]2022-08-07T09:29:07.592+0000: 9.503: [scrub symbol table, 0.0052322 secs]2022-08-07T09:29:07.598+0000: 9.509: [scrub string table, 0.0009002 secs][1 CMS-remark: 26188K(42368K)] 28638K(61376K), 0.0231893 secs] [Times: user=0.04 sys=0.00, real=0.03 secs] 
2022-08-07T09:29:07.603+0000: 9.514: [CMS-concurrent-sweep-start]
2022-08-07T09:29:07.616+0000: 9.527: [CMS-concurrent-sweep: 0.013/0.013 secs] [Times: user=0.04 sys=0.00, real=0.01 secs] 
2022-08-07T09:29:07.617+0000: 9.528: [CMS-concurrent-reset-start]
2022-08-07T09:29:07.618+0000: 9.528: [CMS-concurrent-reset: 0.001/0.001 secs] [Times: user=0.00 sys=0.00, real=0.00 secs] 
2022-08-07T09:29:07.631+0000: 9.542: Application time: 0.0278127 seconds
2022-08-07T09:29:07.670+0000: 9.581: Application time: 0.0385308 seconds
2022-08-07T09:29:07.673+0000: 9.584: Application time: 0.0020950 seconds
2022-08-07T09:29:07.748+0000: 9.658: Application time: 0.0742801 seconds
{Heap before GC invocations=144 (full 2):
 par new generation   total 19008K, used 19008K [0x00000000c2600000, 0x00000000c3aa0000, 0x00000000d6e00000)
  eden space 16896K, 100% used [0x00000000c2600000, 0x00000000c3680000, 0x00000000c3680000)
  from space 2112K, 100% used [0x00000000c3680000, 0x00000000c3890000, 0x00000000c3890000)
  to   space 2112K,   0% used [0x00000000c3890000, 0x00000000c3890000, 0x00000000c3aa0000)
 concurrent mark-sweep generation total 42368K, used 24358K [0x00000000d6e00000, 0x00000000d9760000, 0x0000000100000000)
 Metaspace       used 35583K, capacity 36848K, committed 37272K, reserved 1081344K
  class space    used 4398K, capacity 4680K, committed 4760K, reserved 1048576K
2022-08-07T09:29:07.748+0000: 9.659: [GC (Allocation Failure) 2022-08-07T09:29:07.749+0000: 9.660: [ParNew: 19008K->2112K(19008K), 0.0127655 secs] 43366K->26758K(61376K), 0.0147106 secs] [Times: user=0.02 sys=0.01, real=0.02 secs] 
Heap after GC invocations=145 (full 2):
 par new generation   total 19008K, used 2112K [0x00000000c2600000, 0x00000000c3aa0000, 0x00000000d6e00000)
  eden space 16896K,   0% used [0x00000000c2600000, 0x00000000c2600000, 0x00000000c3680000)
  from space 2112K, 100% used [0x00000000c3890000, 0x00000000c3aa0000, 0x00000000c3aa0000)
  to   space 2112K,   0% used [0x00000000c3680000, 0x00000000c3680000, 0x00000000c3890000)
 concurrent mark-sweep generation total 42368K, used 24646K [0x00000000d6e00000, 0x00000000d9760000, 0x0000000100000000)
 Metaspace       used 35583K, capacity 36848K, committed 37272K, reserved 1081344K
  class space    used 4398K, capacity 4680K, committed 4760K, reserved 1048576K
}
2022-08-07T09:29:07.826+0000: 9.737: Application time: 0.0626876 seconds
{Heap before GC invocations=145 (full 2):
 par new generation   total 19008K, used 19008K [0x00000000c2600000, 0x00000000c3aa0000, 0x00000000d6e00000)
  eden space 16896K, 100% used [0x00000000c2600000, 0x00000000c3680000, 0x00000000c3680000)
  from space 2112K, 100% used [0x00000000c3890000, 0x00000000c3aa0000, 0x00000000c3aa0000)
  to   space 2112K,   0% used [0x00000000c3680000, 0x00000000c3680000, 0x00000000c3890000)
 concurrent mark-sweep generation total 42368K, used 24646K [0x00000000d6e00000, 0x00000000d9760000, 0x0000000100000000)
 Metaspace       used 35602K, capacity 36916K, committed 37272K, reserved 1081344K
  class space    used 4398K, capacity 4680K, committed 4760K, reserved 1048576K
2022-08-07T09:29:07.827+0000: 9.738: [GC (Allocation Failure) 2022-08-07T09:29:07.828+0000: 9.738: [ParNew: 19008K->1184K(19008K), 0.0107953 secs] 43654K->27827K(61376K), 0.0116156 secs] [Times: user=0.02 sys=0.01, real=0.01 secs] 
Heap after GC invocations=146 (full 2):
 par new generation   total 19008K, used 1184K [0x00000000c2600000, 0x00000000c3aa0000, 0x00000000d6e00000)
  eden space 16896K,   0% used [0x00000000c2600000, 0x00000000c2600000, 0x00000000c3680000)
  from space 2112K,  56% used [0x00000000c3680000, 0x00000000c37a8328, 0x00000000c3890000)
  to   space 2112K,   0% used [0x00000000c3890000, 0x00000000c3890000, 0x00000000c3aa0000)
 concurrent mark-sweep generation total 42368K, used 26642K [0x00000000d6e00000, 0x00000000d9760000, 0x0000000100000000)
 Metaspace       used 35602K, capacity 36916K, committed 37272K, reserved 1081344K
  class space    used 4398K, capacity 4680K, committed 4760K, reserved 1048576K
}
2022-08-07T09:29:07.840+0000: 9.751: Application time: 0.0004375 seconds
2022-08-07T09:29:07.841+0000: 9.751: [GC (CMS Initial Mark) [1 CMS-initial-mark: 26642K(42368K)] 28165K(61376K), 0.0020759 secs] [Times: user=0.00 sys=0.00, real=0.00 secs] 
2022-08-07T09:29:07.844+0000: 9.754: [CMS-concurrent-mark-start]
2022-08-07T09:29:07.901+0000: 9.812: [CMS-concurrent-mark: 0.058/0.058 secs] [Times: user=0.14 sys=0.05, real=0.06 secs] 
2022-08-07T09:29:07.902+0000: 9.813: [CMS-concurrent-preclean-start]
2022-08-07T09:29:07.907+0000: 9.818: [CMS-concurrent-preclean: 0.004/0.005 secs] [Times: user=0.01 sys=0.01, real=0.00 secs] 
2022-08-07T09:29:07.908+0000: 9.818: [CMS-concurrent-abortable-preclean-start]
2022-08-07T09:29:07.963+0000: 9.873: Application time: 0.1189738 seconds
{Heap before GC invocations=146 (full 3):
 par new generation   total 19008K, used 18080K [0x00000000c2600000, 0x00000000c3aa0000, 0x00000000d6e00000)
  eden space 16896K, 100% used [0x00000000c2600000, 0x00000000c3680000, 0x00000000c3680000)
  from space 2112K,  56% used [0x00000000c3680000, 0x00000000c37a8328, 0x00000000c3890000)
  to   space 2112K,   0% used [0x00000000c3890000, 0x00000000c3890000, 0x00000000c3aa0000)
 concurrent mark-sweep generation total 42368K, used 26642K [0x00000000d6e00000, 0x00000000d9760000, 0x0000000100000000)
 Metaspace       used 35647K, capacity 36936K, committed 37272K, reserved 1081344K
  class space    used 4404K, capacity 4684K, committed 4760K, reserved 1048576K
2022-08-07T09:29:07.963+0000: 9.873: [GC (Allocation Failure) 2022-08-07T09:29:07.965+0000: 9.876: [ParNew: 18080K->1030K(19008K), 0.0042893 secs] 44723K->27673K(61376K), 0.0069693 secs] [Times: user=0.00 sys=0.00, real=0.00 secs] 
Heap after GC invocations=147 (full 3):
 par new generation   total 19008K, used 1030K [0x00000000c2600000, 0x00000000c3aa0000, 0x00000000d6e00000)
  eden space 16896K,   0% used [0x00000000c2600000, 0x00000000c2600000, 0x00000000c3680000)
  from space 2112K,  48% used [0x00000000c3890000, 0x00000000c3991a10, 0x00000000c3aa0000)
  to   space 2112K,   0% used [0x00000000c3680000, 0x00000000c3680000, 0x00000000c3890000)
 concurrent mark-sweep generation total 42368K, used 26642K [0x00000000d6e00000, 0x00000000d9760000, 0x0000000100000000)
 Metaspace       used 35647K, capacity 36936K, committed 37272K, reserved 1081344K
  class space    used 4404K, capacity 4684K, committed 4760K, reserved 1048576K
}
2022-08-07T09:29:08.006+0000: 9.917: Application time: 0.0358473 seconds
{Heap before GC invocations=147 (full 3):
 par new generation   total 19008K, used 17926K [0x00000000c2600000, 0x00000000c3aa0000, 0x00000000d6e00000)
  eden space 16896K, 100% used [0x00000000c2600000, 0x00000000c3680000, 0x00000000c3680000)
  from space 2112K,  48% used [0x00000000c3890000, 0x00000000c3991a10, 0x00000000c3aa0000)
  to   space 2112K,   0% used [0x00000000c3680000, 0x00000000c3680000, 0x00000000c3890000)
 concurrent mark-sweep generation total 42368K, used 26642K [0x00000000d6e00000, 0x00000000d9760000, 0x0000000100000000)
 Metaspace       used 35647K, capacity 36936K, committed 37272K, reserved 1081344K
  class space    used 4404K, capacity 4684K, committed 4760K, reserved 1048576K
2022-08-07T09:29:08.007+0000: 9.917: [GC (Allocation Failure) 2022-08-07T09:29:08.007+0000: 9.918: [ParNew: 17926K->1333K(19008K), 0.0050983 secs] 44569K->27976K(61376K), 0.0058347 secs] [Times: user=0.01 sys=0.00, real=0.01 secs] 
Heap after GC invocations=148 (full 3):
 par new generation   total 19008K, used 1333K [0x00000000c2600000, 0x00000000c3aa0000, 0x00000000d6e00000)
  eden space 16896K,   0% used [0x00000000c2600000, 0x00000000c2600000, 0x00000000c3680000)
  from space 2112K,  63% used [0x00000000c3680000, 0x00000000c37cd788, 0x00000000c3890000)
  to   space 2112K,   0% used [0x00000000c3890000, 0x00000000c3890000, 0x00000000c3aa0000)
 concurrent mark-sweep generation total 42368K, used 26642K [0x00000000d6e00000, 0x00000000d9760000, 0x0000000100000000)
 Metaspace       used 35647K, capacity 36936K, committed 37272K, reserved 1081344K
  class space    used 4404K, capacity 4684K, committed 4760K, reserved 1048576K
}
2022-08-07T09:29:08.013+0000: 9.924: [CMS-concurrent-abortable-preclean: 0.023/0.106 secs] [Times: user=0.15 sys=0.04, real=0.11 secs] 
2022-08-07T09:29:08.016+0000: 9.927: Application time: 0.0026918 seconds
2022-08-07T09:29:08.016+0000: 9.927: [GC (CMS Final Remark) [YG occupancy: 3024 K (19008 K)]2022-08-07T09:29:08.017+0000: 9.927: [Rescan (parallel) , 0.0026100 secs]2022-08-07T09:29:08.020+0000: 9.930: [weak refs processing, 0.0004690 secs]2022-08-07T09:29:08.020+0000: 9.931: [class unloading, 0.0081079 secs]2022-08-07T09:29:08.029+0000: 9.940: [scrub symbol table, 0.0052220 secs]2022-08-07T09:29:08.035+0000: 9.945: [scrub string table, 0.0008782 secs][1 CMS-remark: 26642K(42368K)] 29666K(61376K), 0.0227284 secs] [Times: user=0.02 sys=0.00, real=0.02 secs] 
2022-08-07T09:29:08.040+0000: 9.951: [CMS-concurrent-sweep-start]
2022-08-07T09:29:08.053+0000: 9.963: [CMS-concurrent-sweep: 0.012/0.012 secs] [Times: user=0.02 sys=0.00, real=0.02 secs] 
2022-08-07T09:29:08.053+0000: 9.964: [CMS-concurrent-reset-start]
2022-08-07T09:29:08.054+0000: 9.964: [CMS-concurrent-reset: 0.001/0.001 secs] [Times: user=0.00 sys=0.00, real=0.00 secs] 
2022-08-07T09:29:08.062+0000: 9.972: Application time: 0.0216875 seconds
{Heap before GC invocations=148 (full 3):
 par new generation   total 19008K, used 18229K [0x00000000c2600000, 0x00000000c3aa0000, 0x00000000d6e00000)
  eden space 16896K, 100% used [0x00000000c2600000, 0x00000000c3680000, 0x00000000c3680000)
  from space 2112K,  63% used [0x00000000c3680000, 0x00000000c37cd788, 0x00000000c3890000)
  to   space 2112K,   0% used [0x00000000c3890000, 0x00000000c3890000, 0x00000000c3aa0000)
 concurrent mark-sweep generation total 42368K, used 25404K [0x00000000d6e00000, 0x00000000d9760000, 0x0000000100000000)
 Metaspace       used 35626K, capacity 36882K, committed 37272K, reserved 1081344K
  class space    used 4399K, capacity 4675K, committed 4760K, reserved 1048576K
2022-08-07T09:29:08.062+0000: 9.972: [GC (Allocation Failure) 2022-08-07T09:29:08.062+0000: 9.973: [ParNew: 18229K->1000K(19008K), 0.0048919 secs] 43634K->26404K(61376K), 0.0057430 secs] [Times: user=0.01 sys=0.00, real=0.00 secs] 
Heap after GC invocations=149 (full 3):
 par new generation   total 19008K, used 1000K [0x00000000c2600000, 0x00000000c3aa0000, 0x00000000d6e00000)
  eden space 16896K,   0% used [0x00000000c2600000, 0x00000000c2600000, 0x00000000c3680000)
  from space 2112K,  47% used [0x00000000c3890000, 0x00000000c398a000, 0x00000000c3aa0000)
  to   space 2112K,   0% used [0x00000000c3680000, 0x00000000c3680000, 0x00000000c3890000)
 concurrent mark-sweep generation total 42368K, used 25404K [0x00000000d6e00000, 0x00000000d9760000, 0x0000000100000000)
 Metaspace       used 35626K, capacity 36882K, committed 37272K, reserved 1081344K
  class space    used 4399K, capacity 4675K, committed 4760K, reserved 1048576K
}
2022-08-07T09:29:08.102+0000: 10.013: Application time: 0.0337320 seconds
{Heap before GC invocations=149 (full 3):
 par new generation   total 19008K, used 17896K [0x00000000c2600000, 0x00000000c3aa0000, 0x00000000d6e00000)
  eden space 16896K, 100% used [0x00000000c2600000, 0x00000000c3680000, 0x00000000c3680000)
  from space 2112K,  47% used [0x00000000c3890000, 0x00000000c398a000, 0x00000000c3aa0000)
  to   space 2112K,   0% used [0x00000000c3680000, 0x00000000c3680000, 0x00000000c3890000)
 concurrent mark-sweep generation total 42368K, used 25404K [0x00000000d6e00000, 0x00000000d9760000, 0x0000000100000000)
 Metaspace       used 35680K, capacity 36978K, committed 37272K, reserved 1081344K
  class space    used 4408K, capacity 4707K, committed 4760K, reserved 1048576K
2022-08-07T09:29:08.103+0000: 10.014: [GC (Allocation Failure) 2022-08-07T09:29:08.104+0000: 10.015: [ParNew: 17896K->1538K(19008K), 0.0044260 secs] 43300K->26942K(61376K), 0.0096944 secs] [Times: user=0.01 sys=0.00, real=0.01 secs] 
Heap after GC invocations=150 (full 3):
 par new generation   total 19008K, used 1538K [0x00000000c2600000, 0x00000000c3aa0000, 0x00000000d6e00000)
  eden space 16896K,   0% used [0x00000000c2600000, 0x00000000c2600000, 0x00000000c3680000)
  from space 2112K,  72% used [0x00000000c3680000, 0x00000000c3800848, 0x00000000c3890000)
  to   space 2112K,   0% used [0x00000000c3890000, 0x00000000c3890000, 0x00000000c3aa0000)
 concurrent mark-sweep generation total 42368K, used 25404K [0x00000000d6e00000, 0x00000000d9760000, 0x0000000100000000)
 Metaspace       used 35680K, capacity 36978K, committed 37272K, reserved 1081344K
  class space    used 4408K, capacity 4707K, committed 4760K, reserved 1048576K
}
2022-08-07T09:29:08.147+0000: 10.058: Application time: 0.0333436 seconds
{Heap before GC invocations=150 (full 3):
 par new generation   total 19008K, used 18434K [0x00000000c2600000, 0x00000000c3aa0000, 0x00000000d6e00000)
  eden space 16896K, 100% used [0x00000000c2600000, 0x00000000c3680000, 0x00000000c3680000)
  from space 2112K,  72% used [0x00000000c3680000, 0x00000000c3800848, 0x00000000c3890000)
  to   space 2112K,   0% used [0x00000000c3890000, 0x00000000c3890000, 0x00000000c3aa0000)
 concurrent mark-sweep generation total 42368K, used 25404K [0x00000000d6e00000, 0x00000000d9760000, 0x0000000100000000)
 Metaspace       used 35707K, capacity 36984K, committed 37272K, reserved 1081344K
  class space    used 4411K, capacity 4708K, committed 4760K, reserved 1048576K
2022-08-07T09:29:08.148+0000: 10.059: [GC (Allocation Failure) 2022-08-07T09:29:08.149+0000: 10.059: [ParNew: 18434K->1356K(19008K), 0.0074595 secs] 43838K->26760K(61376K), 0.0081757 secs] [Times: user=0.02 sys=0.00, real=0.01 secs] 
Heap after GC invocations=151 (full 3):
 par new generation   total 19008K, used 1356K [0x00000000c2600000, 0x00000000c3aa0000, 0x00000000d6e00000)
  eden space 16896K,   0% used [0x00000000c2600000, 0x00000000c2600000, 0x00000000c3680000)
  from space 2112K,  64% used [0x00000000c3890000, 0x00000000c39e30c8, 0x00000000c3aa0000)
  to   space 2112K,   0% used [0x00000000c3680000, 0x00000000c3680000, 0x00000000c3890000)
 concurrent mark-sweep generation total 42368K, used 25404K [0x00000000d6e00000, 0x00000000d9760000, 0x0000000100000000)
 Metaspace       used 35707K, capacity 36984K, committed 37272K, reserved 1081344K
  class space    used 4411K, capacity 4708K, committed 4760K, reserved 1048576K
}
2022-08-07T09:29:08.222+0000: 10.132: Application time: 0.0644102 seconds
{Heap before GC invocations=151 (full 3):
 par new generation   total 19008K, used 18252K [0x00000000c2600000, 0x00000000c3aa0000, 0x00000000d6e00000)
  eden space 16896K, 100% used [0x00000000c2600000, 0x00000000c3680000, 0x00000000c3680000)
  from space 2112K,  64% used [0x00000000c3890000, 0x00000000c39e30c8, 0x00000000c3aa0000)
  to   space 2112K,   0% used [0x00000000c3680000, 0x00000000c3680000, 0x00000000c3890000)
 concurrent mark-sweep generation total 42368K, used 25404K [0x00000000d6e00000, 0x00000000d9760000, 0x0000000100000000)
 Metaspace       used 35858K, capacity 37134K, committed 37528K, reserved 1081344K
  class space    used 4439K, capacity 4717K, committed 4760K, reserved 1048576K
2022-08-07T09:29:08.222+0000: 10.133: [GC (Allocation Failure) 2022-08-07T09:29:08.223+0000: 10.133: [ParNew: 18252K->1548K(19008K), 0.0081535 secs] 43656K->26953K(61376K), 0.0089745 secs] [Times: user=0.02 sys=0.01, real=0.01 secs] 
Heap after GC invocations=152 (full 3):
 par new generation   total 19008K, used 1548K [0x00000000c2600000, 0x00000000c3aa0000, 0x00000000d6e00000)
  eden space 16896K,   0% used [0x00000000c2600000, 0x00000000c2600000, 0x00000000c3680000)
  from space 2112K,  73% used [0x00000000c3680000, 0x00000000c3803390, 0x00000000c3890000)
  to   space 2112K,   0% used [0x00000000c3890000, 0x00000000c3890000, 0x00000000c3aa0000)
 concurrent mark-sweep generation total 42368K, used 25404K [0x00000000d6e00000, 0x00000000d9760000, 0x0000000100000000)
 Metaspace       used 35858K, capacity 37134K, committed 37528K, reserved 1081344K
  class space    used 4439K, capacity 4717K, committed 4760K, reserved 1048576K
}
2022-08-07T09:29:08.261+0000: 10.172: Application time: 0.0293179 seconds
{Heap before GC invocations=152 (full 3):
 par new generation   total 19008K, used 18444K [0x00000000c2600000, 0x00000000c3aa0000, 0x00000000d6e00000)
  eden space 16896K, 100% used [0x00000000c2600000, 0x00000000c3680000, 0x00000000c3680000)
  from space 2112K,  73% used [0x00000000c3680000, 0x00000000c3803390, 0x00000000c3890000)
  to   space 2112K,   0% used [0x00000000c3890000, 0x00000000c3890000, 0x00000000c3aa0000)
 concurrent mark-sweep generation total 42368K, used 25404K [0x00000000d6e00000, 0x00000000d9760000, 0x0000000100000000)
 Metaspace       used 35887K, capacity 37166K, committed 37656K, reserved 1081344K
  class space    used 4445K, capacity 4749K, committed 4888K, reserved 1048576K
2022-08-07T09:29:08.262+0000: 10.173: [GC (Allocation Failure) 2022-08-07T09:29:08.263+0000: 10.174: [ParNew: 18444K->1118K(19008K), 0.0043279 secs] 43849K->27293K(61376K), 0.0051313 secs] [Times: user=0.01 sys=0.00, real=0.00 secs] 
Heap after GC invocations=153 (full 3):
 par new generation   total 19008K, used 1118K [0x00000000c2600000, 0x00000000c3aa0000, 0x00000000d6e00000)
  eden space 16896K,   0% used [0x00000000c2600000, 0x00000000c2600000, 0x00000000c3680000)
  from space 2112K,  52% used [0x00000000c3890000, 0x00000000c39a7a18, 0x00000000c3aa0000)
  to   space 2112K,   0% used [0x00000000c3680000, 0x00000000c3680000, 0x00000000c3890000)
 concurrent mark-sweep generation total 42368K, used 26174K [0x00000000d6e00000, 0x00000000d9760000, 0x0000000100000000)
 Metaspace       used 35887K, capacity 37166K, committed 37656K, reserved 1081344K
  class space    used 4445K, capacity 4749K, committed 4888K, reserved 1048576K
}
2022-08-07T09:29:08.268+0000: 10.179: Application time: 0.0002149 seconds
2022-08-07T09:29:08.273+0000: 10.184: [GC (CMS Initial Mark) [1 CMS-initial-mark: 26174K(42368K)] 27630K(61376K), 0.0019407 secs] [Times: user=0.00 sys=0.00, real=0.00 secs] 
2022-08-07T09:29:08.276+0000: 10.187: [CMS-concurrent-mark-start]
2022-08-07T09:29:08.314+0000: 10.224: Application time: 0.0379091 seconds
{Heap before GC invocations=153 (full 4):
 par new generation   total 19008K, used 18014K [0x00000000c2600000, 0x00000000c3aa0000, 0x00000000d6e00000)
  eden space 16896K, 100% used [0x00000000c2600000, 0x00000000c3680000, 0x00000000c3680000)
  from space 2112K,  52% used [0x00000000c3890000, 0x00000000c39a7a18, 0x00000000c3aa0000)
  to   space 2112K,   0% used [0x00000000c3680000, 0x00000000c3680000, 0x00000000c3890000)
 concurrent mark-sweep generation total 42368K, used 26174K [0x00000000d6e00000, 0x00000000d9760000, 0x0000000100000000)
 Metaspace       used 35898K, capacity 37166K, committed 37656K, reserved 1081344K
  class space    used 4446K, capacity 4749K, committed 4888K, reserved 1048576K
2022-08-07T09:29:08.314+0000: 10.225: [GC (Allocation Failure) 2022-08-07T09:29:08.314+0000: 10.225: [ParNew: 18014K->712K(19008K), 0.0019674 secs] 44189K->26887K(61376K), 0.0028826 secs] [Times: user=0.00 sys=0.00, real=0.00 secs] 
Heap after GC invocations=154 (full 4):
 par new generation   total 19008K, used 712K [0x00000000c2600000, 0x00000000c3aa0000, 0x00000000d6e00000)
  eden space 16896K,   0% used [0x00000000c2600000, 0x00000000c2600000, 0x00000000c3680000)
  from space 2112K,  33% used [0x00000000c3680000, 0x00000000c3732348, 0x00000000c3890000)
  to   space 2112K,   0% used [0x00000000c3890000, 0x00000000c3890000, 0x00000000c3aa0000)
 concurrent mark-sweep generation total 42368K, used 26174K [0x00000000d6e00000, 0x00000000d9760000, 0x0000000100000000)
 Metaspace       used 35898K, capacity 37166K, committed 37656K, reserved 1081344K
  class space    used 4446K, capacity 4749K, committed 4888K, reserved 1048576K
}
2022-08-07T09:29:08.325+0000: 10.235: [CMS-concurrent-mark: 0.045/0.049 secs] [Times: user=0.14 sys=0.02, real=0.05 secs] 
2022-08-07T09:29:08.325+0000: 10.236: [CMS-concurrent-preclean-start]
2022-08-07T09:29:08.334+0000: 10.245: [CMS-concurrent-preclean: 0.005/0.009 secs] [Times: user=0.00 sys=0.01, real=0.01 secs] 
2022-08-07T09:29:08.334+0000: 10.245: [CMS-concurrent-abortable-preclean-start]
2022-08-07T09:29:08.342+0000: 10.253: Application time: 0.0246530 seconds
{Heap before GC invocations=154 (full 4):
 par new generation   total 19008K, used 17608K [0x00000000c2600000, 0x00000000c3aa0000, 0x00000000d6e00000)
  eden space 16896K, 100% used [0x00000000c2600000, 0x00000000c3680000, 0x00000000c3680000)
  from space 2112K,  33% used [0x00000000c3680000, 0x00000000c3732348, 0x00000000c3890000)
  to   space 2112K,   0% used [0x00000000c3890000, 0x00000000c3890000, 0x00000000c3aa0000)
 concurrent mark-sweep generation total 42368K, used 26174K [0x00000000d6e00000, 0x00000000d9760000, 0x0000000100000000)
 Metaspace       used 35907K, capacity 37166K, committed 37656K, reserved 1081344K
  class space    used 4447K, capacity 4749K, committed 4888K, reserved 1048576K
2022-08-07T09:29:08.342+0000: 10.253: [GC (Allocation Failure) 2022-08-07T09:29:08.343+0000: 10.253: [ParNew: 17608K->530K(19008K), 0.0016843 secs] 43783K->26704K(61376K), 0.0025263 secs] [Times: user=0.00 sys=0.00, real=0.00 secs] 
Heap after GC invocations=155 (full 4):
 par new generation   total 19008K, used 530K [0x00000000c2600000, 0x00000000c3aa0000, 0x00000000d6e00000)
  eden space 16896K,   0% used [0x00000000c2600000, 0x00000000c2600000, 0x00000000c3680000)
  from space 2112K,  25% used [0x00000000c3890000, 0x00000000c3914828, 0x00000000c3aa0000)
  to   space 2112K,   0% used [0x00000000c3680000, 0x00000000c3680000, 0x00000000c3890000)
 concurrent mark-sweep generation total 42368K, used 26174K [0x00000000d6e00000, 0x00000000d9760000, 0x0000000100000000)
 Metaspace       used 35907K, capacity 37166K, committed 37656K, reserved 1081344K
  class space    used 4447K, capacity 4749K, committed 4888K, reserved 1048576K
}
2022-08-07T09:29:08.485+0000: 10.396: Application time: 0.1397928 seconds
{Heap before GC invocations=155 (full 4):
 par new generation   total 19008K, used 17426K [0x00000000c2600000, 0x00000000c3aa0000, 0x00000000d6e00000)
  eden space 16896K, 100% used [0x00000000c2600000, 0x00000000c3680000, 0x00000000c3680000)
  from space 2112K,  25% used [0x00000000c3890000, 0x00000000c3914828, 0x00000000c3aa0000)
  to   space 2112K,   0% used [0x00000000c3680000, 0x00000000c3680000, 0x00000000c3890000)
 concurrent mark-sweep generation total 42368K, used 26174K [0x00000000d6e00000, 0x00000000d9760000, 0x0000000100000000)
 Metaspace       used 36314K, capacity 37592K, committed 37912K, reserved 1083392K
  class space    used 4497K, capacity 4794K, committed 4888K, reserved 1048576K
2022-08-07T09:29:08.489+0000: 10.400: [GC (Allocation Failure) 2022-08-07T09:29:08.489+0000: 10.400: [ParNew: 17426K->1314K(19008K), 0.0054067 secs] 43600K->27489K(61376K), 0.0062695 secs] [Times: user=0.01 sys=0.00, real=0.01 secs] 
Heap after GC invocations=156 (full 4):
 par new generation   total 19008K, used 1314K [0x00000000c2600000, 0x00000000c3aa0000, 0x00000000d6e00000)
  eden space 16896K,   0% used [0x00000000c2600000, 0x00000000c2600000, 0x00000000c3680000)
  from space 2112K,  62% used [0x00000000c3680000, 0x00000000c37c8bd0, 0x00000000c3890000)
  to   space 2112K,   0% used [0x00000000c3890000, 0x00000000c3890000, 0x00000000c3aa0000)
 concurrent mark-sweep generation total 42368K, used 26174K [0x00000000d6e00000, 0x00000000d9760000, 0x0000000100000000)
 Metaspace       used 36314K, capacity 37592K, committed 37912K, reserved 1083392K
  class space    used 4497K, capacity 4794K, committed 4888K, reserved 1048576K
}
2022-08-07T09:29:08.496+0000: 10.407: [CMS-concurrent-abortable-preclean: 0.035/0.162 secs] [Times: user=0.23 sys=0.07, real=0.16 secs] 
2022-08-07T09:29:08.497+0000: 10.408: Application time: 0.0010250 seconds
2022-08-07T09:29:08.498+0000: 10.409: [GC (CMS Final Remark) [YG occupancy: 1653 K (19008 K)]2022-08-07T09:29:08.499+0000: 10.409: [Rescan (parallel) , 0.0026836 secs]2022-08-07T09:29:08.502+0000: 10.412: [weak refs processing, 0.0004252 secs]2022-08-07T09:29:08.502+0000: 10.413: [class unloading, 0.0086277 secs]2022-08-07T09:29:08.511+0000: 10.422: [scrub symbol table, 0.0075191 secs]2022-08-07T09:29:08.519+0000: 10.430: [scrub string table, 0.0008792 secs][1 CMS-remark: 26174K(42368K)] 27827K(61376K), 0.0223868 secs] [Times: user=0.02 sys=0.00, real=0.03 secs] 
2022-08-07T09:29:08.522+0000: 10.432: [CMS-concurrent-sweep-start]
2022-08-07T09:29:08.533+0000: 10.444: [CMS-concurrent-sweep: 0.012/0.012 secs] [Times: user=0.03 sys=0.00, real=0.01 secs] 
2022-08-07T09:29:08.534+0000: 10.445: [CMS-concurrent-reset-start]
2022-08-07T09:29:08.534+0000: 10.445: [CMS-concurrent-reset: 0.001/0.001 secs] [Times: user=0.00 sys=0.00, real=0.00 secs] 
2022-08-07T09:29:08.617+0000: 10.527: Application time: 0.0952449 seconds
{Heap before GC invocations=156 (full 4):
 par new generation   total 19008K, used 18210K [0x00000000c2600000, 0x00000000c3aa0000, 0x00000000d6e00000)
  eden space 16896K, 100% used [0x00000000c2600000, 0x00000000c3680000, 0x00000000c3680000)
  from space 2112K,  62% used [0x00000000c3680000, 0x00000000c37c8bd0, 0x00000000c3890000)
  to   space 2112K,   0% used [0x00000000c3890000, 0x00000000c3890000, 0x00000000c3aa0000)
 concurrent mark-sweep generation total 43560K, used 26133K [0x00000000d6e00000, 0x00000000d988a000, 0x0000000100000000)
 Metaspace       used 36836K, capacity 38162K, committed 38424K, reserved 1083392K
  class space    used 4554K, capacity 4857K, committed 4888K, reserved 1048576K
2022-08-07T09:29:08.617+0000: 10.528: [GC (Allocation Failure) 2022-08-07T09:29:08.617+0000: 10.528: [ParNew: 18210K->1786K(19008K), 0.0041423 secs] 44344K->28014K(62568K), 0.0049057 secs] [Times: user=0.01 sys=0.00, real=0.01 secs] 
Heap after GC invocations=157 (full 4):
 par new generation   total 19008K, used 1786K [0x00000000c2600000, 0x00000000c3aa0000, 0x00000000d6e00000)
  eden space 16896K,   0% used [0x00000000c2600000, 0x00000000c2600000, 0x00000000c3680000)
  from space 2112K,  84% used [0x00000000c3890000, 0x00000000c3a4e9f0, 0x00000000c3aa0000)
  to   space 2112K,   0% used [0x00000000c3680000, 0x00000000c3680000, 0x00000000c3890000)
 concurrent mark-sweep generation total 43560K, used 26227K [0x00000000d6e00000, 0x00000000d988a000, 0x0000000100000000)
 Metaspace       used 36836K, capacity 38162K, committed 38424K, reserved 1083392K
  class space    used 4554K, capacity 4857K, committed 4888K, reserved 1048576K
}
2022-08-07T09:29:08.623+0000: 10.533: Application time: 0.0002660 seconds
2022-08-07T09:29:08.623+0000: 10.534: [GC (CMS Initial Mark) [1 CMS-initial-mark: 26227K(43560K)] 28352K(62568K), 0.0020921 secs] [Times: user=0.01 sys=0.00, real=0.00 secs] 
2022-08-07T09:29:08.626+0000: 10.537: [CMS-concurrent-mark-start]
2022-08-07T09:29:08.670+0000: 10.581: [CMS-concurrent-mark: 0.044/0.044 secs] [Times: user=0.14 sys=0.02, real=0.04 secs] 
2022-08-07T09:29:08.671+0000: 10.581: [CMS-concurrent-preclean-start]
2022-08-07T09:29:08.675+0000: 10.585: [CMS-concurrent-preclean: 0.003/0.004 secs] [Times: user=0.01 sys=0.00, real=0.00 secs] 
2022-08-07T09:29:08.675+0000: 10.586: [CMS-concurrent-abortable-preclean-start]
2022-08-07T09:29:08.685+0000: 10.596: Application time: 0.0588726 seconds
2022-08-07T09:29:08.691+0000: 10.602: Application time: 0.0054141 seconds
2022-08-07T09:29:08.808+0000: 10.719: Application time: 0.1167988 seconds
{Heap before GC invocations=157 (full 5):
 par new generation   total 19008K, used 18682K [0x00000000c2600000, 0x00000000c3aa0000, 0x00000000d6e00000)
  eden space 16896K, 100% used [0x00000000c2600000, 0x00000000c3680000, 0x00000000c3680000)
  from space 2112K,  84% used [0x00000000c3890000, 0x00000000c3a4e9f0, 0x00000000c3aa0000)
  to   space 2112K,   0% used [0x00000000c3680000, 0x00000000c3680000, 0x00000000c3890000)
 concurrent mark-sweep generation total 43560K, used 26227K [0x00000000d6e00000, 0x00000000d988a000, 0x0000000100000000)
 Metaspace       used 37861K, capacity 39154K, committed 39576K, reserved 1083392K
  class space    used 4669K, capacity 4953K, committed 5016K, reserved 1048576K
2022-08-07T09:29:08.808+0000: 10.720: [GC (Allocation Failure) 2022-08-07T09:29:08.809+0000: 10.720: [ParNew: 18682K->2111K(19008K), 0.0066810 secs] 44910K->28587K(62568K), 0.0080838 secs] [Times: user=0.02 sys=0.00, real=0.01 secs] 
Heap after GC invocations=158 (full 5):
 par new generation   total 19008K, used 2111K [0x00000000c2600000, 0x00000000c3aa0000, 0x00000000d6e00000)
  eden space 16896K,   0% used [0x00000000c2600000, 0x00000000c2600000, 0x00000000c3680000)
  from space 2112K,  99% used [0x00000000c3680000, 0x00000000c388ff70, 0x00000000c3890000)
  to   space 2112K,   0% used [0x00000000c3890000, 0x00000000c3890000, 0x00000000c3aa0000)
 concurrent mark-sweep generation total 43560K, used 26475K [0x00000000d6e00000, 0x00000000d988a000, 0x0000000100000000)
 Metaspace       used 37861K, capacity 39154K, committed 39576K, reserved 1083392K
  class space    used 4669K, capacity 4953K, committed 5016K, reserved 1048576K
}
2022-08-07T09:29:08.871+0000: 10.782: [CMS-concurrent-abortable-preclean: 0.058/0.196 secs] [Times: user=0.38 sys=0.17, real=0.20 secs] 
2022-08-07T09:29:08.871+0000: 10.782: Application time: 0.0541033 seconds
2022-08-07T09:29:08.872+0000: 10.782: [GC (CMS Final Remark) [YG occupancy: 18668 K (19008 K)]2022-08-07T09:29:08.872+0000: 10.783: [Rescan (parallel) , 0.0081230 secs]2022-08-07T09:29:08.880+0000: 10.791: [weak refs processing, 0.0053313 secs]2022-08-07T09:29:08.886+0000: 10.797: [class unloading, 0.0148645 secs]2022-08-07T09:29:08.901+0000: 10.812: [scrub symbol table, 0.0109788 secs]2022-08-07T09:29:08.912+0000: 10.823: [scrub string table, 0.0011111 secs][1 CMS-remark: 26475K(43560K)] 45143K(62568K), 0.0459583 secs] [Times: user=0.06 sys=0.03, real=0.04 secs] 
2022-08-07T09:29:08.918+0000: 10.829: [CMS-concurrent-sweep-start]
2022-08-07T09:29:08.920+0000: 10.830: Application time: 0.0013683 seconds
{Heap before GC invocations=158 (full 5):
 par new generation   total 19008K, used 19007K [0x00000000c2600000, 0x00000000c3aa0000, 0x00000000d6e00000)
  eden space 16896K, 100% used [0x00000000c2600000, 0x00000000c3680000, 0x00000000c3680000)
  from space 2112K,  99% used [0x00000000c3680000, 0x00000000c388ff70, 0x00000000c3890000)
  to   space 2112K,   0% used [0x00000000c3890000, 0x00000000c3890000, 0x00000000c3aa0000)
 concurrent mark-sweep generation total 43560K, used 26474K [0x00000000d6e00000, 0x00000000d988a000, 0x0000000100000000)
 Metaspace       used 37906K, capacity 39256K, committed 39576K, reserved 1083392K
  class space    used 4678K, capacity 4986K, committed 5016K, reserved 1048576K
2022-08-07T09:29:08.920+0000: 10.831: [GC (Allocation Failure) 2022-08-07T09:29:08.920+0000: 10.831: [ParNew: 19007K->523K(19008K), 0.0051666 secs] 45482K->27528K(62568K), 0.0058967 secs] [Times: user=0.02 sys=0.00, real=0.01 secs] 
Heap after GC invocations=159 (full 5):
 par new generation   total 19008K, used 523K [0x00000000c2600000, 0x00000000c3aa0000, 0x00000000d6e00000)
  eden space 16896K,   0% used [0x00000000c2600000, 0x00000000c2600000, 0x00000000c3680000)
  from space 2112K,  24% used [0x00000000c3890000, 0x00000000c3912ff8, 0x00000000c3aa0000)
  to   space 2112K,   0% used [0x00000000c3680000, 0x00000000c3680000, 0x00000000c3890000)
 concurrent mark-sweep generation total 43560K, used 27004K [0x00000000d6e00000, 0x00000000d988a000, 0x0000000100000000)
 Metaspace       used 37906K, capacity 39256K, committed 39576K, reserved 1083392K
  class space    used 4678K, capacity 4986K, committed 5016K, reserved 1048576K
}
2022-08-07T09:29:08.937+0000: 10.848: [CMS-concurrent-sweep: 0.012/0.019 secs] [Times: user=0.05 sys=0.00, real=0.02 secs] 
2022-08-07T09:29:08.938+0000: 10.848: [CMS-concurrent-reset-start]
2022-08-07T09:29:08.938+0000: 10.849: [CMS-concurrent-reset: 0.001/0.001 secs] [Times: user=0.00 sys=0.00, real=0.00 secs] 
2022-08-07T09:29:08.966+0000: 10.877: Application time: 0.0395647 seconds
{Heap before GC invocations=159 (full 5):
 par new generation   total 19008K, used 17419K [0x00000000c2600000, 0x00000000c3aa0000, 0x00000000d6e00000)
  eden space 16896K, 100% used [0x00000000c2600000, 0x00000000c3680000, 0x00000000c3680000)
  from space 2112K,  24% used [0x00000000c3890000, 0x00000000c3912ff8, 0x00000000c3aa0000)
  to   space 2112K,   0% used [0x00000000c3680000, 0x00000000c3680000, 0x00000000c3890000)
 concurrent mark-sweep generation total 44940K, used 26961K [0x00000000d6e00000, 0x00000000d99e3000, 0x0000000100000000)
 Metaspace       used 37978K, capacity 39302K, committed 39576K, reserved 1083392K
  class space    used 4688K, capacity 4983K, committed 5016K, reserved 1048576K
2022-08-07T09:29:08.966+0000: 10.877: [GC (Allocation Failure) 2022-08-07T09:29:08.967+0000: 10.877: [ParNew: 17419K->461K(19008K), 0.0034393 secs] 44381K->27423K(63948K), 0.0041991 secs] [Times: user=0.01 sys=0.00, real=0.01 secs] 
Heap after GC invocations=160 (full 5):
 par new generation   total 19008K, used 461K [0x00000000c2600000, 0x00000000c3aa0000, 0x00000000d6e00000)
  eden space 16896K,   0% used [0x00000000c2600000, 0x00000000c2600000, 0x00000000c3680000)
  from space 2112K,  21% used [0x00000000c3680000, 0x00000000c36f3758, 0x00000000c3890000)
  to   space 2112K,   0% used [0x00000000c3890000, 0x00000000c3890000, 0x00000000c3aa0000)
 concurrent mark-sweep generation total 44940K, used 26961K [0x00000000d6e00000, 0x00000000d99e3000, 0x0000000100000000)
 Metaspace       used 37978K, capacity 39302K, committed 39576K, reserved 1083392K
  class space    used 4688K, capacity 4983K, committed 5016K, reserved 1048576K
}
2022-08-07T09:29:09.009+0000: 10.920: Application time: 0.0381338 seconds
{Heap before GC invocations=160 (full 5):
 par new generation   total 19008K, used 17357K [0x00000000c2600000, 0x00000000c3aa0000, 0x00000000d6e00000)
  eden space 16896K, 100% used [0x00000000c2600000, 0x00000000c3680000, 0x00000000c3680000)
  from space 2112K,  21% used [0x00000000c3680000, 0x00000000c36f3758, 0x00000000c3890000)
  to   space 2112K,   0% used [0x00000000c3890000, 0x00000000c3890000, 0x00000000c3aa0000)
 concurrent mark-sweep generation total 44940K, used 26961K [0x00000000d6e00000, 0x00000000d99e3000, 0x0000000100000000)
 Metaspace       used 37979K, capacity 39302K, committed 39576K, reserved 1083392K
  class space    used 4688K, capacity 4983K, committed 5016K, reserved 1048576K
2022-08-07T09:29:09.010+0000: 10.921: [GC (Allocation Failure) 2022-08-07T09:29:09.011+0000: 10.921: [ParNew: 17357K->598K(19008K), 0.0028561 secs] 44319K->27560K(63948K), 0.0034021 secs] [Times: user=0.01 sys=0.01, real=0.01 secs] 
Heap after GC invocations=161 (full 5):
 par new generation   total 19008K, used 598K [0x00000000c2600000, 0x00000000c3aa0000, 0x00000000d6e00000)
  eden space 16896K,   0% used [0x00000000c2600000, 0x00000000c2600000, 0x00000000c3680000)
  from space 2112K,  28% used [0x00000000c3890000, 0x00000000c3925808, 0x00000000c3aa0000)
  to   space 2112K,   0% used [0x00000000c3680000, 0x00000000c3680000, 0x00000000c3890000)
 concurrent mark-sweep generation total 44940K, used 26961K [0x00000000d6e00000, 0x00000000d99e3000, 0x0000000100000000)
 Metaspace       used 37979K, capacity 39302K, committed 39576K, reserved 1083392K
  class space    used 4688K, capacity 4983K, committed 5016K, reserved 1048576K
}
2022-08-07T09:29:09.055+0000: 10.965: Application time: 0.0405277 seconds
{Heap before GC invocations=161 (full 5):
 par new generation   total 19008K, used 17494K [0x00000000c2600000, 0x00000000c3aa0000, 0x00000000d6e00000)
  eden space 16896K, 100% used [0x00000000c2600000, 0x00000000c3680000, 0x00000000c3680000)
  from space 2112K,  28% used [0x00000000c3890000, 0x00000000c3925808, 0x00000000c3aa0000)
  to   space 2112K,   0% used [0x00000000c3680000, 0x00000000c3680000, 0x00000000c3890000)
 concurrent mark-sweep generation total 44940K, used 26961K [0x00000000d6e00000, 0x00000000d99e3000, 0x0000000100000000)
 Metaspace       used 38013K, capacity 39308K, committed 39576K, reserved 1083392K
  class space    used 4693K, capacity 4984K, committed 5016K, reserved 1048576K
2022-08-07T09:29:09.057+0000: 10.968: [GC (Allocation Failure) 2022-08-07T09:29:09.058+0000: 10.968: [ParNew: 17494K->869K(19008K), 0.0032888 secs] 44456K->27831K(63948K), 0.0043249 secs] [Times: user=0.01 sys=0.00, real=0.01 secs] 
Heap after GC invocations=162 (full 5):
 par new generation   total 19008K, used 869K [0x00000000c2600000, 0x00000000c3aa0000, 0x00000000d6e00000)
  eden space 16896K,   0% used [0x00000000c2600000, 0x00000000c2600000, 0x00000000c3680000)
  from space 2112K,  41% used [0x00000000c3680000, 0x00000000c3759420, 0x00000000c3890000)
  to   space 2112K,   0% used [0x00000000c3890000, 0x00000000c3890000, 0x00000000c3aa0000)
 concurrent mark-sweep generation total 44940K, used 26961K [0x00000000d6e00000, 0x00000000d99e3000, 0x0000000100000000)
 Metaspace       used 38013K, capacity 39308K, committed 39576K, reserved 1083392K
  class space    used 4693K, capacity 4984K, committed 5016K, reserved 1048576K
}
2022-08-07T09:29:09.103+0000: 11.014: Application time: 0.0413514 seconds
{Heap before GC invocations=162 (full 5):
 par new generation   total 19008K, used 17765K [0x00000000c2600000, 0x00000000c3aa0000, 0x00000000d6e00000)
  eden space 16896K, 100% used [0x00000000c2600000, 0x00000000c3680000, 0x00000000c3680000)
  from space 2112K,  41% used [0x00000000c3680000, 0x00000000c3759420, 0x00000000c3890000)
  to   space 2112K,   0% used [0x00000000c3890000, 0x00000000c3890000, 0x00000000c3aa0000)
 concurrent mark-sweep generation total 44940K, used 26961K [0x00000000d6e00000, 0x00000000d99e3000, 0x0000000100000000)
 Metaspace       used 38057K, capacity 39372K, committed 39576K, reserved 1083392K
  class space    used 4697K, capacity 4984K, committed 5016K, reserved 1048576K
2022-08-07T09:29:09.104+0000: 11.014: [GC (Allocation Failure) 2022-08-07T09:29:09.104+0000: 11.015: [ParNew: 17765K->677K(19008K), 0.0037476 secs] 44727K->27639K(63948K), 0.0043517 secs] [Times: user=0.01 sys=0.00, real=0.00 secs] 
Heap after GC invocations=163 (full 5):
 par new generation   total 19008K, used 677K [0x00000000c2600000, 0x00000000c3aa0000, 0x00000000d6e00000)
  eden space 16896K,   0% used [0x00000000c2600000, 0x00000000c2600000, 0x00000000c3680000)
  from space 2112K,  32% used [0x00000000c3890000, 0x00000000c3939518, 0x00000000c3aa0000)
  to   space 2112K,   0% used [0x00000000c3680000, 0x00000000c3680000, 0x00000000c3890000)
 concurrent mark-sweep generation total 44940K, used 26961K [0x00000000d6e00000, 0x00000000d99e3000, 0x0000000100000000)
 Metaspace       used 38057K, capacity 39372K, committed 39576K, reserved 1083392K
  class space    used 4697K, capacity 4984K, committed 5016K, reserved 1048576K
}
2022-08-07T09:29:09.174+0000: 11.084: Application time: 0.0648862 seconds
{Heap before GC invocations=163 (full 5):
 par new generation   total 19008K, used 17573K [0x00000000c2600000, 0x00000000c3aa0000, 0x00000000d6e00000)
  eden space 16896K, 100% used [0x00000000c2600000, 0x00000000c3680000, 0x00000000c3680000)
  from space 2112K,  32% used [0x00000000c3890000, 0x00000000c3939518, 0x00000000c3aa0000)
  to   space 2112K,   0% used [0x00000000c3680000, 0x00000000c3680000, 0x00000000c3890000)
 concurrent mark-sweep generation total 44940K, used 26961K [0x00000000d6e00000, 0x00000000d99e3000, 0x0000000100000000)
 Metaspace       used 38136K, capacity 39468K, committed 39960K, reserved 1083392K
  class space    used 4711K, capacity 5016K, committed 5144K, reserved 1048576K
2022-08-07T09:29:09.175+0000: 11.086: [GC (Allocation Failure) 2022-08-07T09:29:09.175+0000: 11.086: [ParNew: 17573K->954K(19008K), 0.0038688 secs] 44535K->27916K(63948K), 0.0052963 secs] [Times: user=0.02 sys=0.00, real=0.00 secs] 
Heap after GC invocations=164 (full 5):
 par new generation   total 19008K, used 954K [0x00000000c2600000, 0x00000000c3aa0000, 0x00000000d6e00000)
  eden space 16896K,   0% used [0x00000000c2600000, 0x00000000c2600000, 0x00000000c3680000)
  from space 2112K,  45% used [0x00000000c3680000, 0x00000000c376eba0, 0x00000000c3890000)
  to   space 2112K,   0% used [0x00000000c3890000, 0x00000000c3890000, 0x00000000c3aa0000)
 concurrent mark-sweep generation total 44940K, used 26961K [0x00000000d6e00000, 0x00000000d99e3000, 0x0000000100000000)
 Metaspace       used 38136K, capacity 39468K, committed 39960K, reserved 1083392K
  class space    used 4711K, capacity 5016K, committed 5144K, reserved 1048576K
}
2022-08-07T09:29:09.220+0000: 11.131: Application time: 0.0390236 seconds
{Heap before GC invocations=164 (full 5):
 par new generation   total 19008K, used 17850K [0x00000000c2600000, 0x00000000c3aa0000, 0x00000000d6e00000)
  eden space 16896K, 100% used [0x00000000c2600000, 0x00000000c3680000, 0x00000000c3680000)
  from space 2112K,  45% used [0x00000000c3680000, 0x00000000c376eba0, 0x00000000c3890000)
  to   space 2112K,   0% used [0x00000000c3890000, 0x00000000c3890000, 0x00000000c3aa0000)
 concurrent mark-sweep generation total 44940K, used 26961K [0x00000000d6e00000, 0x00000000d99e3000, 0x0000000100000000)
 Metaspace       used 38143K, capacity 39468K, committed 39960K, reserved 1083392K
  class space    used 4711K, capacity 5016K, committed 5144K, reserved 1048576K
2022-08-07T09:29:09.221+0000: 11.131: [GC (Allocation Failure) 2022-08-07T09:29:09.221+0000: 11.132: [ParNew: 17850K->904K(19008K), 0.0100679 secs] 44812K->27866K(63948K), 0.0109137 secs] [Times: user=0.03 sys=0.00, real=0.01 secs] 
Heap after GC invocations=165 (full 5):
 par new generation   total 19008K, used 904K [0x00000000c2600000, 0x00000000c3aa0000, 0x00000000d6e00000)
  eden space 16896K,   0% used [0x00000000c2600000, 0x00000000c2600000, 0x00000000c3680000)
  from space 2112K,  42% used [0x00000000c3890000, 0x00000000c39723e0, 0x00000000c3aa0000)
  to   space 2112K,   0% used [0x00000000c3680000, 0x00000000c3680000, 0x00000000c3890000)
 concurrent mark-sweep generation total 44940K, used 26961K [0x00000000d6e00000, 0x00000000d99e3000, 0x0000000100000000)
 Metaspace       used 38143K, capacity 39468K, committed 39960K, reserved 1083392K
  class space    used 4711K, capacity 5016K, committed 5144K, reserved 1048576K
}
2022-08-07T09:29:09.299+0000: 11.210: Application time: 0.0669220 seconds
{Heap before GC invocations=165 (full 5):
 par new generation   total 19008K, used 17800K [0x00000000c2600000, 0x00000000c3aa0000, 0x00000000d6e00000)
  eden space 16896K, 100% used [0x00000000c2600000, 0x00000000c3680000, 0x00000000c3680000)
  from space 2112K,  42% used [0x00000000c3890000, 0x00000000c39723e0, 0x00000000c3aa0000)
  to   space 2112K,   0% used [0x00000000c3680000, 0x00000000c3680000, 0x00000000c3890000)
 concurrent mark-sweep generation total 44940K, used 26961K [0x00000000d6e00000, 0x00000000d99e3000, 0x0000000100000000)
 Metaspace       used 38211K, capacity 39538K, committed 39960K, reserved 1083392K
  class space    used 4718K, capacity 5017K, committed 5144K, reserved 1048576K
2022-08-07T09:29:09.300+0000: 11.211: [GC (Allocation Failure) 2022-08-07T09:29:09.300+0000: 11.211: [ParNew: 17800K->838K(19008K), 0.0040885 secs] 44762K->27935K(63948K), 0.0048103 secs] [Times: user=0.01 sys=0.00, real=0.01 secs] 
Heap after GC invocations=166 (full 5):
 par new generation   total 19008K, used 838K [0x00000000c2600000, 0x00000000c3aa0000, 0x00000000d6e00000)
  eden space 16896K,   0% used [0x00000000c2600000, 0x00000000c2600000, 0x00000000c3680000)
  from space 2112K,  39% used [0x00000000c3680000, 0x00000000c3751a00, 0x00000000c3890000)
  to   space 2112K,   0% used [0x00000000c3890000, 0x00000000c3890000, 0x00000000c3aa0000)
 concurrent mark-sweep generation total 44940K, used 27096K [0x00000000d6e00000, 0x00000000d99e3000, 0x0000000100000000)
 Metaspace       used 38211K, capacity 39538K, committed 39960K, reserved 1083392K
  class space    used 4718K, capacity 5017K, committed 5144K, reserved 1048576K
}
2022-08-07T09:29:09.310+0000: 11.221: Application time: 0.0046731 seconds
2022-08-07T09:29:09.310+0000: 11.221: [GC (CMS Initial Mark) [1 CMS-initial-mark: 27096K(44940K)] 29287K(63948K), 0.0026964 secs] [Times: user=0.00 sys=0.00, real=0.01 secs] 
2022-08-07T09:29:09.314+0000: 11.225: [CMS-concurrent-mark-start]
2022-08-07T09:29:09.359+0000: 11.269: Application time: 0.0446510 seconds
{Heap before GC invocations=166 (full 6):
 par new generation   total 19008K, used 17734K [0x00000000c2600000, 0x00000000c3aa0000, 0x00000000d6e00000)
  eden space 16896K, 100% used [0x00000000c2600000, 0x00000000c3680000, 0x00000000c3680000)
  from space 2112K,  39% used [0x00000000c3680000, 0x00000000c3751a00, 0x00000000c3890000)
  to   space 2112K,   0% used [0x00000000c3890000, 0x00000000c3890000, 0x00000000c3aa0000)
 concurrent mark-sweep generation total 44940K, used 27096K [0x00000000d6e00000, 0x00000000d99e3000, 0x0000000100000000)
 Metaspace       used 38519K, capacity 39832K, committed 40216K, reserved 1085440K
  class space    used 4750K, capacity 5050K, committed 5144K, reserved 1048576K
2022-08-07T09:29:09.359+0000: 11.270: [GC (Allocation Failure) 2022-08-07T09:29:09.360+0000: 11.271: [ParNew: 17734K->1226K(19008K), 0.0026197 secs] 44831K->28411K(63948K), 0.0035585 secs] [Times: user=0.01 sys=0.00, real=0.01 secs] 
Heap after GC invocations=167 (full 6):
 par new generation   total 19008K, used 1226K [0x00000000c2600000, 0x00000000c3aa0000, 0x00000000d6e00000)
  eden space 16896K,   0% used [0x00000000c2600000, 0x00000000c2600000, 0x00000000c3680000)
  from space 2112K,  58% used [0x00000000c3890000, 0x00000000c39c2bd8, 0x00000000c3aa0000)
  to   space 2112K,   0% used [0x00000000c3680000, 0x00000000c3680000, 0x00000000c3890000)
 concurrent mark-sweep generation total 44940K, used 27184K [0x00000000d6e00000, 0x00000000d99e3000, 0x0000000100000000)
 Metaspace       used 38519K, capacity 39832K, committed 40216K, reserved 1085440K
  class space    used 4750K, capacity 5050K, committed 5144K, reserved 1048576K
}
2022-08-07T09:29:09.367+0000: 11.278: [CMS-concurrent-mark: 0.048/0.053 secs] [Times: user=0.17 sys=0.02, real=0.05 secs] 
2022-08-07T09:29:09.367+0000: 11.278: [CMS-concurrent-preclean-start]
2022-08-07T09:29:09.387+0000: 11.298: [CMS-concurrent-preclean: 0.011/0.020 secs] [Times: user=0.06 sys=0.02, real=0.02 secs] 
2022-08-07T09:29:09.388+0000: 11.299: [CMS-concurrent-abortable-preclean-start]
2022-08-07T09:29:09.405+0000: 11.315: Application time: 0.0408987 seconds
{Heap before GC invocations=167 (full 6):
 par new generation   total 19008K, used 18122K [0x00000000c2600000, 0x00000000c3aa0000, 0x00000000d6e00000)
  eden space 16896K, 100% used [0x00000000c2600000, 0x00000000c3680000, 0x00000000c3680000)
  from space 2112K,  58% used [0x00000000c3890000, 0x00000000c39c2bd8, 0x00000000c3aa0000)
  to   space 2112K,   0% used [0x00000000c3680000, 0x00000000c3680000, 0x00000000c3890000)
 concurrent mark-sweep generation total 44940K, used 27184K [0x00000000d6e00000, 0x00000000d99e3000, 0x0000000100000000)
 Metaspace       used 38529K, capacity 39832K, committed 40216K, reserved 1085440K
  class space    used 4750K, capacity 5050K, committed 5144K, reserved 1048576K
2022-08-07T09:29:09.405+0000: 11.316: [GC (Allocation Failure) 2022-08-07T09:29:09.405+0000: 11.316: [ParNew: 18122K->1133K(19008K), 0.0023891 secs] 45307K->28376K(63948K), 0.0033540 secs] [Times: user=0.00 sys=0.00, real=0.00 secs] 
Heap after GC invocations=168 (full 6):
 par new generation   total 19008K, used 1133K [0x00000000c2600000, 0x00000000c3aa0000, 0x00000000d6e00000)
  eden space 16896K,   0% used [0x00000000c2600000, 0x00000000c2600000, 0x00000000c3680000)
  from space 2112K,  53% used [0x00000000c3680000, 0x00000000c379b660, 0x00000000c3890000)
  to   space 2112K,   0% used [0x00000000c3890000, 0x00000000c3890000, 0x00000000c3aa0000)
 concurrent mark-sweep generation total 44940K, used 27242K [0x00000000d6e00000, 0x00000000d99e3000, 0x0000000100000000)
 Metaspace       used 38529K, capacity 39832K, committed 40216K, reserved 1085440K
  class space    used 4750K, capacity 5050K, committed 5144K, reserved 1048576K
}
2022-08-07T09:29:09.409+0000: 11.320: [CMS-concurrent-abortable-preclean: 0.008/0.021 secs] [Times: user=0.07 sys=0.00, real=0.02 secs] 
2022-08-07T09:29:09.410+0000: 11.321: Application time: 0.0007948 seconds
2022-08-07T09:29:09.411+0000: 11.321: [GC (CMS Final Remark) [YG occupancy: 1810 K (19008 K)]2022-08-07T09:29:09.411+0000: 11.322: [Rescan (parallel) , 0.0014916 secs]2022-08-07T09:29:09.413+0000: 11.324: [weak refs processing, 0.0006891 secs]2022-08-07T09:29:09.414+0000: 11.325: [class unloading, 0.0085383 secs]2022-08-07T09:29:09.423+0000: 11.334: [scrub symbol table, 0.0067565 secs]2022-08-07T09:29:09.430+0000: 11.341: [scrub string table, 0.0008544 secs][1 CMS-remark: 27242K(44940K)] 29053K(63948K), 0.0207113 secs] [Times: user=0.04 sys=0.00, real=0.02 secs] 
2022-08-07T09:29:09.432+0000: 11.343: [CMS-concurrent-sweep-start]
2022-08-07T09:29:09.444+0000: 11.355: [CMS-concurrent-sweep: 0.012/0.012 secs] [Times: user=0.04 sys=0.00, real=0.01 secs] 
2022-08-07T09:29:09.445+0000: 11.355: [CMS-concurrent-reset-start]
2022-08-07T09:29:09.445+0000: 11.356: [CMS-concurrent-reset: 0.001/0.001 secs] [Times: user=0.01 sys=0.00, real=0.00 secs] 
2022-08-07T09:29:09.472+0000: 11.383: Application time: 0.0402248 seconds
{Heap before GC invocations=168 (full 6):
 par new generation   total 19008K, used 18029K [0x00000000c2600000, 0x00000000c3aa0000, 0x00000000d6e00000)
  eden space 16896K, 100% used [0x00000000c2600000, 0x00000000c3680000, 0x00000000c3680000)
  from space 2112K,  53% used [0x00000000c3680000, 0x00000000c379b660, 0x00000000c3890000)
  to   space 2112K,   0% used [0x00000000c3890000, 0x00000000c3890000, 0x00000000c3aa0000)
 concurrent mark-sweep generation total 45232K, used 27137K [0x00000000d6e00000, 0x00000000d9a2c000, 0x0000000100000000)
 Metaspace       used 38513K, capacity 39756K, committed 40216K, reserved 1085440K
  class space    used 4744K, capacity 5036K, committed 5144K, reserved 1048576K
2022-08-07T09:29:09.473+0000: 11.383: [GC (Allocation Failure) 2022-08-07T09:29:09.473+0000: 11.384: [ParNew: 18029K->987K(19008K), 0.0024211 secs] 45167K->28192K(64240K), 0.0035755 secs] [Times: user=0.01 sys=0.00, real=0.00 secs] 
Heap after GC invocations=169 (full 6):
 par new generation   total 19008K, used 987K [0x00000000c2600000, 0x00000000c3aa0000, 0x00000000d6e00000)
  eden space 16896K,   0% used [0x00000000c2600000, 0x00000000c2600000, 0x00000000c3680000)
  from space 2112K,  46% used [0x00000000c3890000, 0x00000000c3986ce8, 0x00000000c3aa0000)
  to   space 2112K,   0% used [0x00000000c3680000, 0x00000000c3680000, 0x00000000c3890000)
 concurrent mark-sweep generation total 45232K, used 27205K [0x00000000d6e00000, 0x00000000d9a2c000, 0x0000000100000000)
 Metaspace       used 38513K, capacity 39756K, committed 40216K, reserved 1085440K
  class space    used 4744K, capacity 5036K, committed 5144K, reserved 1048576K
}
2022-08-07T09:29:09.478+0000: 11.389: Application time: 0.0003628 seconds
2022-08-07T09:29:09.478+0000: 11.389: [GC (CMS Initial Mark) [1 CMS-initial-mark: 27205K(45232K)] 28530K(64240K), 0.0018344 secs] [Times: user=0.00 sys=0.00, real=0.01 secs] 
2022-08-07T09:29:09.482+0000: 11.392: [CMS-concurrent-mark-start]
2022-08-07T09:29:09.564+0000: 11.475: Application time: 0.0827900 seconds
{Heap before GC invocations=169 (full 7):
 par new generation   total 19008K, used 17883K [0x00000000c2600000, 0x00000000c3aa0000, 0x00000000d6e00000)
  eden space 16896K, 100% used [0x00000000c2600000, 0x00000000c3680000, 0x00000000c3680000)
  from space 2112K,  46% used [0x00000000c3890000, 0x00000000c3986ce8, 0x00000000c3aa0000)
  to   space 2112K,   0% used [0x00000000c3680000, 0x00000000c3680000, 0x00000000c3890000)
 concurrent mark-sweep generation total 45232K, used 27205K [0x00000000d6e00000, 0x00000000d9a2c000, 0x0000000100000000)
 Metaspace       used 38574K, capacity 39832K, committed 40216K, reserved 1085440K
  class space    used 4752K, capacity 5036K, committed 5144K, reserved 1048576K
2022-08-07T09:29:09.565+0000: 11.475: [GC (Allocation Failure) 2022-08-07T09:29:09.565+0000: 11.476: [ParNew: 17883K->1157K(19008K), 0.0067656 secs] 45088K->28415K(64240K), 0.0078024 secs] [Times: user=0.02 sys=0.00, real=0.01 secs] 
Heap after GC invocations=170 (full 7):
 par new generation   total 19008K, used 1157K [0x00000000c2600000, 0x00000000c3aa0000, 0x00000000d6e00000)
  eden space 16896K,   0% used [0x00000000c2600000, 0x00000000c2600000, 0x00000000c3680000)
  from space 2112K,  54% used [0x00000000c3680000, 0x00000000c37a16c8, 0x00000000c3890000)
  to   space 2112K,   0% used [0x00000000c3890000, 0x00000000c3890000, 0x00000000c3aa0000)
 concurrent mark-sweep generation total 45232K, used 27257K [0x00000000d6e00000, 0x00000000d9a2c000, 0x0000000100000000)
 Metaspace       used 38574K, capacity 39832K, committed 40216K, reserved 1085440K
  class space    used 4752K, capacity 5036K, committed 5144K, reserved 1048576K
}
2022-08-07T09:29:09.595+0000: 11.505: [CMS-concurrent-mark: 0.103/0.113 secs] [Times: user=0.29 sys=0.04, real=0.11 secs] 
2022-08-07T09:29:09.595+0000: 11.506: [CMS-concurrent-preclean-start]
2022-08-07T09:29:09.608+0000: 11.519: [CMS-concurrent-preclean: 0.008/0.013 secs] [Times: user=0.04 sys=0.01, real=0.01 secs] 
2022-08-07T09:29:09.608+0000: 11.519: [CMS-concurrent-abortable-preclean-start]
2022-08-07T09:29:09.622+0000: 11.533: Application time: 0.0487885 seconds
{Heap before GC invocations=170 (full 7):
 par new generation   total 19008K, used 18053K [0x00000000c2600000, 0x00000000c3aa0000, 0x00000000d6e00000)
  eden space 16896K, 100% used [0x00000000c2600000, 0x00000000c3680000, 0x00000000c3680000)
  from space 2112K,  54% used [0x00000000c3680000, 0x00000000c37a16c8, 0x00000000c3890000)
  to   space 2112K,   0% used [0x00000000c3890000, 0x00000000c3890000, 0x00000000c3aa0000)
 concurrent mark-sweep generation total 45232K, used 27257K [0x00000000d6e00000, 0x00000000d9a2c000, 0x0000000100000000)
 Metaspace       used 38607K, capacity 39840K, committed 40216K, reserved 1085440K
  class space    used 4755K, capacity 5038K, committed 5144K, reserved 1048576K
2022-08-07T09:29:09.623+0000: 11.533: [GC (Allocation Failure) 2022-08-07T09:29:09.623+0000: 11.534: [ParNew: 18053K->1305K(19008K), 0.0036795 secs] 45311K->28635K(64240K), 0.0045967 secs] [Times: user=0.01 sys=0.00, real=0.00 secs] 
Heap after GC invocations=171 (full 7):
 par new generation   total 19008K, used 1305K [0x00000000c2600000, 0x00000000c3aa0000, 0x00000000d6e00000)
  eden space 16896K,   0% used [0x00000000c2600000, 0x00000000c2600000, 0x00000000c3680000)
  from space 2112K,  61% used [0x00000000c3890000, 0x00000000c39d6760, 0x00000000c3aa0000)
  to   space 2112K,   0% used [0x00000000c3680000, 0x00000000c3680000, 0x00000000c3890000)
 concurrent mark-sweep generation total 45232K, used 27329K [0x00000000d6e00000, 0x00000000d9a2c000, 0x0000000100000000)
 Metaspace       used 38607K, capacity 39840K, committed 40216K, reserved 1085440K
  class space    used 4755K, capacity 5038K, committed 5144K, reserved 1048576K
}
2022-08-07T09:29:09.654+0000: 11.565: [CMS-concurrent-abortable-preclean: 0.027/0.045 secs] [Times: user=0.15 sys=0.02, real=0.05 secs] 
2022-08-07T09:29:09.654+0000: 11.565: Application time: 0.0263689 seconds
2022-08-07T09:29:09.655+0000: 11.565: [GC (CMS Final Remark) [YG occupancy: 15508 K (19008 K)]2022-08-07T09:29:09.655+0000: 11.566: [Rescan (parallel) , 0.0038440 secs]2022-08-07T09:29:09.659+0000: 11.570: [weak refs processing, 0.0005416 secs]2022-08-07T09:29:09.660+0000: 11.571: [class unloading, 0.0092120 secs]2022-08-07T09:29:09.670+0000: 11.581: [scrub symbol table, 0.0073283 secs]2022-08-07T09:29:09.678+0000: 11.589: [scrub string table, 0.0011048 secs][1 CMS-remark: 27329K(45232K)] 42838K(64240K), 0.0248027 secs] [Times: user=0.06 sys=0.01, real=0.02 secs] 
2022-08-07T09:29:09.687+0000: 11.598: 2022-08-07T09:29:09.687+0000: 11.598: Application time: 0.0067861 seconds
[CMS-concurrent-sweep-start]
{Heap before GC invocations=171 (full 7):
 par new generation   total 19008K, used 18201K [0x00000000c2600000, 0x00000000c3aa0000, 0x00000000d6e00000)
  eden space 16896K, 100% used [0x00000000c2600000, 0x00000000c3680000, 0x00000000c3680000)
  from space 2112K,  61% used [0x00000000c3890000, 0x00000000c39d6760, 0x00000000c3aa0000)
  to   space 2112K,   0% used [0x00000000c3680000, 0x00000000c3680000, 0x00000000c3890000)
 concurrent mark-sweep generation total 45232K, used 27329K [0x00000000d6e00000, 0x00000000d9a2c000, 0x0000000100000000)
 Metaspace       used 38629K, capacity 39908K, committed 40216K, reserved 1085440K
  class space    used 4757K, capacity 5038K, committed 5144K, reserved 1048576K
2022-08-07T09:29:09.687+0000: 11.598: [GC (Allocation Failure) 2022-08-07T09:29:09.688+0000: 11.599: [ParNew: 18201K->1268K(19008K), 0.0034875 secs] 45531K->28664K(64240K), 0.0047172 secs] [Times: user=0.02 sys=0.00, real=0.01 secs] 
Heap after GC invocations=172 (full 7):
 par new generation   total 19008K, used 1268K [0x00000000c2600000, 0x00000000c3aa0000, 0x00000000d6e00000)
  eden space 16896K,   0% used [0x00000000c2600000, 0x00000000c2600000, 0x00000000c3680000)
  from space 2112K,  60% used [0x00000000c3680000, 0x00000000c37bd090, 0x00000000c3890000)
  to   space 2112K,   0% used [0x00000000c3890000, 0x00000000c3890000, 0x00000000c3aa0000)
 concurrent mark-sweep generation total 45232K, used 27396K [0x00000000d6e00000, 0x00000000d9a2c000, 0x0000000100000000)
 Metaspace       used 38629K, capacity 39908K, committed 40216K, reserved 1085440K
  class space    used 4757K, capacity 5038K, committed 5144K, reserved 1048576K
}
2022-08-07T09:29:09.707+0000: 11.617: [CMS-concurrent-sweep: 0.019/0.019 secs] [Times: user=0.05 sys=0.01, real=0.02 secs] 
2022-08-07T09:29:09.707+0000: 11.618: [CMS-concurrent-reset-start]
2022-08-07T09:29:09.708+0000: 11.618: [CMS-concurrent-reset: 0.001/0.001 secs] [Times: user=0.00 sys=0.00, real=0.00 secs] 
2022-08-07T09:29:09.747+0000: 11.658: Application time: 0.0545185 seconds
{Heap before GC invocations=172 (full 7):
 par new generation   total 19008K, used 18164K [0x00000000c2600000, 0x00000000c3aa0000, 0x00000000d6e00000)
  eden space 16896K, 100% used [0x00000000c2600000, 0x00000000c3680000, 0x00000000c3680000)
  from space 2112K,  60% used [0x00000000c3680000, 0x00000000c37bd090, 0x00000000c3890000)
  to   space 2112K,   0% used [0x00000000c3890000, 0x00000000c3890000, 0x00000000c3aa0000)
 concurrent mark-sweep generation total 45636K, used 27379K [0x00000000d6e00000, 0x00000000d9a91000, 0x0000000100000000)
 Metaspace       used 38644K, capacity 39906K, committed 40216K, reserved 1085440K
  class space    used 4757K, capacity 5037K, committed 5144K, reserved 1048576K
2022-08-07T09:29:09.748+0000: 11.659: [GC (Allocation Failure) 2022-08-07T09:29:09.749+0000: 11.659: [ParNew: 18164K->1414K(19008K), 0.0045162 secs] 45543K->28855K(64644K), 0.0053139 secs] [Times: user=0.00 sys=0.00, real=0.01 secs] 
Heap after GC invocations=173 (full 7):
 par new generation   total 19008K, used 1414K [0x00000000c2600000, 0x00000000c3aa0000, 0x00000000d6e00000)
  eden space 16896K,   0% used [0x00000000c2600000, 0x00000000c2600000, 0x00000000c3680000)
  from space 2112K,  66% used [0x00000000c3890000, 0x00000000c39f1800, 0x00000000c3aa0000)
  to   space 2112K,   0% used [0x00000000c3680000, 0x00000000c3680000, 0x00000000c3890000)
 concurrent mark-sweep generation total 45636K, used 27441K [0x00000000d6e00000, 0x00000000d9a91000, 0x0000000100000000)
 Metaspace       used 38644K, capacity 39906K, committed 40216K, reserved 1085440K
  class space    used 4757K, capacity 5037K, committed 5144K, reserved 1048576K
}
2022-08-07T09:29:09.754+0000: 11.665: Application time: 0.0001766 seconds
2022-08-07T09:29:09.755+0000: 11.665: [GC (CMS Initial Mark) [1 CMS-initial-mark: 27441K(45636K)] 29192K(64644K), 0.0021154 secs] [Times: user=0.00 sys=0.00, real=0.00 secs] 
2022-08-07T09:29:09.757+0000: 11.668: [CMS-concurrent-mark-start]
2022-08-07T09:29:09.816+0000: 11.727: [CMS-concurrent-mark: 0.059/0.059 secs] [Times: user=0.13 sys=0.03, real=0.06 secs] 
2022-08-07T09:29:09.817+0000: 11.727: [CMS-concurrent-preclean-start]
2022-08-07T09:29:09.820+0000: 11.731: [CMS-concurrent-preclean: 0.002/0.004 secs] [Times: user=0.01 sys=0.00, real=0.00 secs] 
2022-08-07T09:29:09.827+0000: 11.738: [CMS-concurrent-abortable-preclean-start]
2022-08-07T09:29:09.922+0000: 11.833: Application time: 0.1645590 seconds
{Heap before GC invocations=173 (full 8):
 par new generation   total 19008K, used 18310K [0x00000000c2600000, 0x00000000c3aa0000, 0x00000000d6e00000)
  eden space 16896K, 100% used [0x00000000c2600000, 0x00000000c3680000, 0x00000000c3680000)
  from space 2112K,  66% used [0x00000000c3890000, 0x00000000c39f1800, 0x00000000c3aa0000)
  to   space 2112K,   0% used [0x00000000c3680000, 0x00000000c3680000, 0x00000000c3890000)
 concurrent mark-sweep generation total 45636K, used 27441K [0x00000000d6e00000, 0x00000000d9a91000, 0x0000000100000000)
 Metaspace       used 38853K, capacity 40394K, committed 40472K, reserved 1085440K
  class space    used 4810K, capacity 5119K, committed 5144K, reserved 1048576K
2022-08-07T09:29:09.922+0000: 11.833: [GC (Allocation Failure) 2022-08-07T09:29:09.923+0000: 11.834: [ParNew: 18310K->1562K(19008K), 0.0059521 secs] 45751K->29049K(64644K), 0.0069281 secs] [Times: user=0.01 sys=0.01, real=0.00 secs] 
Heap after GC invocations=174 (full 8):
 par new generation   total 19008K, used 1562K [0x00000000c2600000, 0x00000000c3aa0000, 0x00000000d6e00000)
  eden space 16896K,   0% used [0x00000000c2600000, 0x00000000c2600000, 0x00000000c3680000)
  from space 2112K,  73% used [0x00000000c3680000, 0x00000000c3806818, 0x00000000c3890000)
  to   space 2112K,   0% used [0x00000000c3890000, 0x00000000c3890000, 0x00000000c3aa0000)
 concurrent mark-sweep generation total 45636K, used 27487K [0x00000000d6e00000, 0x00000000d9a91000, 0x0000000100000000)
 Metaspace       used 38853K, capacity 40394K, committed 40472K, reserved 1085440K
  class space    used 4810K, capacity 5119K, committed 5144K, reserved 1048576K
}
2022-08-07T09:29:09.984+0000: 11.894: Application time: 0.0534814 seconds
{Heap before GC invocations=174 (full 8):
 par new generation   total 19008K, used 18458K [0x00000000c2600000, 0x00000000c3aa0000, 0x00000000d6e00000)
  eden space 16896K, 100% used [0x00000000c2600000, 0x00000000c3680000, 0x00000000c3680000)
  from space 2112K,  73% used [0x00000000c3680000, 0x00000000c3806818, 0x00000000c3890000)
  to   space 2112K,   0% used [0x00000000c3890000, 0x00000000c3890000, 0x00000000c3aa0000)
 concurrent mark-sweep generation total 45636K, used 27487K [0x00000000d6e00000, 0x00000000d9a91000, 0x0000000100000000)
 Metaspace       used 38889K, capacity 40496K, committed 40856K, reserved 1085440K
  class space    used 4813K, capacity 5152K, committed 5272K, reserved 1048576K
2022-08-07T09:29:09.985+0000: 11.895: [GC (Allocation Failure) 2022-08-07T09:29:09.985+0000: 11.896: [ParNew: 18458K->1559K(19008K), 0.0058253 secs] 45945K->29367K(64644K), 0.0067142 secs] [Times: user=0.02 sys=0.01, real=0.01 secs] 
Heap after GC invocations=175 (full 8):
 par new generation   total 19008K, used 1559K [0x00000000c2600000, 0x00000000c3aa0000, 0x00000000d6e00000)
  eden space 16896K,   0% used [0x00000000c2600000, 0x00000000c2600000, 0x00000000c3680000)
  from space 2112K,  73% used [0x00000000c3890000, 0x00000000c3a15c50, 0x00000000c3aa0000)
  to   space 2112K,   0% used [0x00000000c3680000, 0x00000000c3680000, 0x00000000c3890000)
 concurrent mark-sweep generation total 45636K, used 27808K [0x00000000d6e00000, 0x00000000d9a91000, 0x0000000100000000)
 Metaspace       used 38889K, capacity 40496K, committed 40856K, reserved 1085440K
  class space    used 4813K, capacity 5152K, committed 5272K, reserved 1048576K
}
2022-08-07T09:29:09.992+0000: 11.903: [CMS-concurrent-abortable-preclean: 0.090/0.165 secs] [Times: user=0.33 sys=0.13, real=0.17 secs] 
2022-08-07T09:29:09.993+0000: 11.904: Application time: 0.0005708 seconds
2022-08-07T09:29:09.993+0000: 11.904: [GC (CMS Final Remark) [YG occupancy: 1897 K (19008 K)]2022-08-07T09:29:09.994+0000: 11.904: [Rescan (parallel) , 0.0028272 secs]2022-08-07T09:29:09.997+0000: 11.907: [weak refs processing, 0.0011142 secs]2022-08-07T09:29:09.998+0000: 11.909: [class unloading, 0.0116983 secs]2022-08-07T09:29:10.010+0000: 11.921: [scrub symbol table, 0.0064558 secs]2022-08-07T09:29:10.017+0000: 11.928: [scrub string table, 0.0011133 secs][1 CMS-remark: 27808K(45636K)] 29705K(64644K), 0.0254717 secs] [Times: user=0.04 sys=0.00, real=0.02 secs] 
2022-08-07T09:29:10.021+0000: 11.931: [CMS-concurrent-sweep-start]
2022-08-07T09:29:10.079+0000: 11.990: Application time: 0.0590630 seconds
{Heap before GC invocations=175 (full 8):
 par new generation   total 19008K, used 18455K [0x00000000c2600000, 0x00000000c3aa0000, 0x00000000d6e00000)
  eden space 16896K, 100% used [0x00000000c2600000, 0x00000000c3680000, 0x00000000c3680000)
  from space 2112K,  73% used [0x00000000c3890000, 0x00000000c3a15c50, 0x00000000c3aa0000)
  to   space 2112K,   0% used [0x00000000c3680000, 0x00000000c3680000, 0x00000000c3890000)
 concurrent mark-sweep generation total 45636K, used 27385K [0x00000000d6e00000, 0x00000000d9a91000, 0x0000000100000000)
 Metaspace       used 39009K, capacity 40630K, committed 40856K, reserved 1085440K
  class space    used 4836K, capacity 5153K, committed 5272K, reserved 1048576K
2022-08-07T09:29:10.080+0000: 11.990: [GC (Allocation Failure) 2022-08-07T09:29:10.080+0000: 11.991: [ParNew: 18455K->1694K(19008K), 0.0090939 secs] 45840K->29079K(64644K), 0.0099601 secs] [Times: user=0.03 sys=0.00, real=0.01 secs] 
Heap after GC invocations=176 (full 8):
 par new generation   total 19008K, used 1694K [0x00000000c2600000, 0x00000000c3aa0000, 0x00000000d6e00000)
  eden space 16896K,   0% used [0x00000000c2600000, 0x00000000c2600000, 0x00000000c3680000)
  from space 2112K,  80% used [0x00000000c3680000, 0x00000000c3827ac0, 0x00000000c3890000)
  to   space 2112K,   0% used [0x00000000c3890000, 0x00000000c3890000, 0x00000000c3aa0000)
 concurrent mark-sweep generation total 45636K, used 27385K [0x00000000d6e00000, 0x00000000d9a91000, 0x0000000100000000)
 Metaspace       used 39009K, capacity 40630K, committed 40856K, reserved 1085440K
  class space    used 4836K, capacity 5153K, committed 5272K, reserved 1048576K
}
2022-08-07T09:29:10.092+0000: 12.002: [CMS-concurrent-sweep: 0.060/0.071 secs] [Times: user=0.18 sys=0.02, real=0.07 secs] 
2022-08-07T09:29:10.092+0000: 12.003: [CMS-concurrent-reset-start]
2022-08-07T09:29:10.092+0000: 12.003: [CMS-concurrent-reset: 0.001/0.001 secs] [Times: user=0.00 sys=0.00, real=0.00 secs] 
2022-08-07T09:29:10.123+0000: 12.033: Application time: 0.0324984 seconds
{Heap before GC invocations=176 (full 8):
 par new generation   total 19008K, used 18590K [0x00000000c2600000, 0x00000000c3aa0000, 0x00000000d6e00000)
  eden space 16896K, 100% used [0x00000000c2600000, 0x00000000c3680000, 0x00000000c3680000)
  from space 2112K,  80% used [0x00000000c3680000, 0x00000000c3827ac0, 0x00000000c3890000)
  to   space 2112K,   0% used [0x00000000c3890000, 0x00000000c3890000, 0x00000000c3aa0000)
 concurrent mark-sweep generation total 45636K, used 27375K [0x00000000d6e00000, 0x00000000d9a91000, 0x0000000100000000)
 Metaspace       used 39018K, capacity 40630K, committed 40856K, reserved 1085440K
  class space    used 4837K, capacity 5153K, committed 5272K, reserved 1048576K
2022-08-07T09:29:10.123+0000: 12.034: [GC (Allocation Failure) 2022-08-07T09:29:10.123+0000: 12.034: [ParNew: 18590K->1599K(19008K), 0.0046493 secs] 45966K->29254K(64644K), 0.0054726 secs] [Times: user=0.01 sys=0.00, real=0.00 secs] 
Heap after GC invocations=177 (full 8):
 par new generation   total 19008K, used 1599K [0x00000000c2600000, 0x00000000c3aa0000, 0x00000000d6e00000)
  eden space 16896K,   0% used [0x00000000c2600000, 0x00000000c2600000, 0x00000000c3680000)
  from space 2112K,  75% used [0x00000000c3890000, 0x00000000c3a1fdb0, 0x00000000c3aa0000)
  to   space 2112K,   0% used [0x00000000c3680000, 0x00000000c3680000, 0x00000000c3890000)
 concurrent mark-sweep generation total 45636K, used 27654K [0x00000000d6e00000, 0x00000000d9a91000, 0x0000000100000000)
 Metaspace       used 39018K, capacity 40630K, committed 40856K, reserved 1085440K
  class space    used 4837K, capacity 5153K, committed 5272K, reserved 1048576K
}
2022-08-07T09:29:10.129+0000: 12.040: Application time: 0.0002314 seconds
2022-08-07T09:29:10.130+0000: 12.040: [GC (CMS Initial Mark) [1 CMS-initial-mark: 27654K(45636K)] 29592K(64644K), 0.0023624 secs] [Times: user=0.00 sys=0.00, real=0.01 secs] 
2022-08-07T09:29:10.133+0000: 12.043: [CMS-concurrent-mark-start]
2022-08-07T09:29:10.180+0000: 12.091: [CMS-concurrent-mark: 0.048/0.048 secs] [Times: user=0.16 sys=0.02, real=0.04 secs] 
2022-08-07T09:29:10.181+0000: 12.091: [CMS-concurrent-preclean-start]
2022-08-07T09:29:10.184+0000: 12.095: Application time: 0.0518419 seconds
{Heap before GC invocations=177 (full 9):
 par new generation   total 19008K, used 18495K [0x00000000c2600000, 0x00000000c3aa0000, 0x00000000d6e00000)
  eden space 16896K, 100% used [0x00000000c2600000, 0x00000000c3680000, 0x00000000c3680000)
  from space 2112K,  75% used [0x00000000c3890000, 0x00000000c3a1fdb0, 0x00000000c3aa0000)
  to   space 2112K,   0% used [0x00000000c3680000, 0x00000000c3680000, 0x00000000c3890000)
 concurrent mark-sweep generation total 45636K, used 27654K [0x00000000d6e00000, 0x00000000d9a91000, 0x0000000100000000)
 Metaspace       used 39052K, capacity 40630K, committed 40856K, reserved 1085440K
  class space    used 4841K, capacity 5153K, committed 5272K, reserved 1048576K
2022-08-07T09:29:10.184+0000: 12.095: [GC (Allocation Failure) 2022-08-07T09:29:10.185+0000: 12.096: [ParNew: 18495K->1820K(19008K), 0.0062210 secs] 46150K->29475K(64644K), 0.0069920 secs] [Times: user=0.01 sys=0.00, real=0.01 secs] 
Heap after GC invocations=178 (full 9):
 par new generation   total 19008K, used 1820K [0x00000000c2600000, 0x00000000c3aa0000, 0x00000000d6e00000)
  eden space 16896K,   0% used [0x00000000c2600000, 0x00000000c2600000, 0x00000000c3680000)
  from space 2112K,  86% used [0x00000000c3680000, 0x00000000c38472f0, 0x00000000c3890000)
  to   space 2112K,   0% used [0x00000000c3890000, 0x00000000c3890000, 0x00000000c3aa0000)
 concurrent mark-sweep generation total 45636K, used 27654K [0x00000000d6e00000, 0x00000000d9a91000, 0x0000000100000000)
 Metaspace       used 39052K, capacity 40630K, committed 40856K, reserved 1085440K
  class space    used 4841K, capacity 5153K, committed 5272K, reserved 1048576K
}
2022-08-07T09:29:10.194+0000: 12.105: [CMS-concurrent-preclean: 0.002/0.013 secs] [Times: user=0.03 sys=0.00, real=0.01 secs] 
2022-08-07T09:29:10.201+0000: 12.112: Application time: 0.0092827 seconds
2022-08-07T09:29:10.202+0000: 12.112: [GC (CMS Final Remark) [YG occupancy: 5538 K (19008 K)]2022-08-07T09:29:10.202+0000: 12.113: [Rescan (parallel) , 0.0139270 secs]2022-08-07T09:29:10.216+0000: 12.127: [weak refs processing, 0.0014140 secs]2022-08-07T09:29:10.218+0000: 12.129: [class unloading, 0.0091830 secs]2022-08-07T09:29:10.228+0000: 12.138: [scrub symbol table, 0.0069157 secs]2022-08-07T09:29:10.235+0000: 12.146: [scrub string table, 0.0008363 secs][1 CMS-remark: 27654K(45636K)] 33193K(64644K), 0.0345883 secs] [Times: user=0.05 sys=0.01, real=0.03 secs] 
2022-08-07T09:29:10.238+0000: 12.148: [CMS-concurrent-sweep-start]
2022-08-07T09:29:10.250+0000: 12.160: [CMS-concurrent-sweep: 0.012/0.012 secs] [Times: user=0.02 sys=0.00, real=0.01 secs] 
2022-08-07T09:29:10.251+0000: 12.162: [CMS-concurrent-reset-start]
2022-08-07T09:29:10.251+0000: 12.162: [CMS-concurrent-reset: 0.001/0.001 secs] [Times: user=0.00 sys=0.00, real=0.00 secs] 
2022-08-07T09:29:10.275+0000: 12.186: Application time: 0.0385477 seconds
{Heap before GC invocations=178 (full 9):
 par new generation   total 19008K, used 18716K [0x00000000c2600000, 0x00000000c3aa0000, 0x00000000d6e00000)
  eden space 16896K, 100% used [0x00000000c2600000, 0x00000000c3680000, 0x00000000c3680000)
  from space 2112K,  86% used [0x00000000c3680000, 0x00000000c38472f0, 0x00000000c3890000)
  to   space 2112K,   0% used [0x00000000c3890000, 0x00000000c3890000, 0x00000000c3aa0000)
 concurrent mark-sweep generation total 46036K, used 27621K [0x00000000d6e00000, 0x00000000d9af5000, 0x0000000100000000)
 Metaspace       used 39096K, capacity 40720K, committed 40856K, reserved 1085440K
  class space    used 4845K, capacity 5184K, committed 5272K, reserved 1048576K
2022-08-07T09:29:10.276+0000: 12.187: [GC (Allocation Failure) 2022-08-07T09:29:10.277+0000: 12.187: [ParNew: 18716K->1715K(19008K), 0.0186425 secs] 46338K->29478K(65044K), 0.0198580 secs] [Times: user=0.06 sys=0.00, real=0.02 secs] 
Heap after GC invocations=179 (full 9):
 par new generation   total 19008K, used 1715K [0x00000000c2600000, 0x00000000c3aa0000, 0x00000000d6e00000)
  eden space 16896K,   0% used [0x00000000c2600000, 0x00000000c2600000, 0x00000000c3680000)
  from space 2112K,  81% used [0x00000000c3890000, 0x00000000c3a3cd20, 0x00000000c3aa0000)
  to   space 2112K,   0% used [0x00000000c3680000, 0x00000000c3680000, 0x00000000c3890000)
 concurrent mark-sweep generation total 46036K, used 27763K [0x00000000d6e00000, 0x00000000d9af5000, 0x0000000100000000)
 Metaspace       used 39096K, capacity 40720K, committed 40856K, reserved 1085440K
  class space    used 4845K, capacity 5184K, committed 5272K, reserved 1048576K
}
2022-08-07T09:29:10.302+0000: 12.213: Application time: 0.0054612 seconds
2022-08-07T09:29:10.302+0000: 12.213: [GC (CMS Initial Mark) [1 CMS-initial-mark: 27763K(46036K)] 31506K(65044K), 0.0047743 secs] [Times: user=0.01 sys=0.00, real=0.00 secs] 
2022-08-07T09:29:10.308+0000: 12.218: [CMS-concurrent-mark-start]
2022-08-07T09:29:10.348+0000: 12.259: Application time: 0.0409778 seconds
{Heap before GC invocations=179 (full 10):
 par new generation   total 19008K, used 18611K [0x00000000c2600000, 0x00000000c3aa0000, 0x00000000d6e00000)
  eden space 16896K, 100% used [0x00000000c2600000, 0x00000000c3680000, 0x00000000c3680000)
  from space 2112K,  81% used [0x00000000c3890000, 0x00000000c3a3cd20, 0x00000000c3aa0000)
  to   space 2112K,   0% used [0x00000000c3680000, 0x00000000c3680000, 0x00000000c3890000)
 concurrent mark-sweep generation total 46036K, used 27763K [0x00000000d6e00000, 0x00000000d9af5000, 0x0000000100000000)
 Metaspace       used 39133K, capacity 40742K, committed 40856K, reserved 1085440K
  class space    used 4849K, capacity 5189K, committed 5272K, reserved 1048576K
2022-08-07T09:29:10.349+0000: 12.259: [GC (Allocation Failure) 2022-08-07T09:29:10.349+0000: 12.260: [ParNew: 18611K->1648K(19008K), 0.0151474 secs] 46374K->29602K(65044K), 0.0160061 secs] [Times: user=0.03 sys=0.00, real=0.02 secs] 
Heap after GC invocations=180 (full 10):
 par new generation   total 19008K, used 1648K [0x00000000c2600000, 0x00000000c3aa0000, 0x00000000d6e00000)
  eden space 16896K,   0% used [0x00000000c2600000, 0x00000000c2600000, 0x00000000c3680000)
  from space 2112K,  78% used [0x00000000c3680000, 0x00000000c381c068, 0x00000000c3890000)
  to   space 2112K,   0% used [0x00000000c3890000, 0x00000000c3890000, 0x00000000c3aa0000)
 concurrent mark-sweep generation total 46036K, used 27954K [0x00000000d6e00000, 0x00000000d9af5000, 0x0000000100000000)
 Metaspace       used 39133K, capacity 40742K, committed 40856K, reserved 1085440K
  class space    used 4849K, capacity 5189K, committed 5272K, reserved 1048576K
}
2022-08-07T09:29:10.375+0000: 12.285: [CMS-concurrent-mark: 0.050/0.067 secs] [Times: user=0.20 sys=0.01, real=0.07 secs] 
2022-08-07T09:29:10.375+0000: 12.286: [CMS-concurrent-preclean-start]
2022-08-07T09:29:10.398+0000: 12.309: [CMS-concurrent-preclean: 0.013/0.023 secs] [Times: user=0.07 sys=0.03, real=0.02 secs] 
2022-08-07T09:29:10.399+0000: 12.309: [CMS-concurrent-abortable-preclean-start]
2022-08-07T09:29:10.444+0000: 12.355: Application time: 0.0787042 seconds
{Heap before GC invocations=180 (full 10):
 par new generation   total 19008K, used 18544K [0x00000000c2600000, 0x00000000c3aa0000, 0x00000000d6e00000)
  eden space 16896K, 100% used [0x00000000c2600000, 0x00000000c3680000, 0x00000000c3680000)
  from space 2112K,  78% used [0x00000000c3680000, 0x00000000c381c068, 0x00000000c3890000)
  to   space 2112K,   0% used [0x00000000c3890000, 0x00000000c3890000, 0x00000000c3aa0000)
 concurrent mark-sweep generation total 46036K, used 27954K [0x00000000d6e00000, 0x00000000d9af5000, 0x0000000100000000)
 Metaspace       used 39693K, capacity 41286K, committed 41368K, reserved 1085440K
  class space    used 4905K, capacity 5221K, committed 5272K, reserved 1048576K
2022-08-07T09:29:10.444+0000: 12.355: [GC (Allocation Failure) 2022-08-07T09:29:10.445+0000: 12.356: [ParNew: 18544K->1797K(19008K), 0.0044836 secs] 46498K->29751K(65044K), 0.0057724 secs] [Times: user=0.01 sys=0.00, real=0.00 secs] 
Heap after GC invocations=181 (full 10):
 par new generation   total 19008K, used 1797K [0x00000000c2600000, 0x00000000c3aa0000, 0x00000000d6e00000)
  eden space 16896K,   0% used [0x00000000c2600000, 0x00000000c2600000, 0x00000000c3680000)
  from space 2112K,  85% used [0x00000000c3890000, 0x00000000c3a514e8, 0x00000000c3aa0000)
  to   space 2112K,   0% used [0x00000000c3680000, 0x00000000c3680000, 0x00000000c3890000)
 concurrent mark-sweep generation total 46036K, used 27954K [0x00000000d6e00000, 0x00000000d9af5000, 0x0000000100000000)
 Metaspace       used 39693K, capacity 41286K, committed 41368K, reserved 1085440K
  class space    used 4905K, capacity 5221K, committed 5272K, reserved 1048576K
}
2022-08-07T09:29:10.580+0000: 12.491: Application time: 0.1293469 seconds
2022-08-07T09:29:10.581+0000: 12.492: [CMS-concurrent-abortable-preclean: 0.041/0.182 secs] [Times: user=0.37 sys=0.09, real=0.19 secs] 
2022-08-07T09:29:10.581+0000: 12.492: Application time: 0.0005984 seconds
2022-08-07T09:29:10.583+0000: 12.494: [GC (CMS Final Remark) [YG occupancy: 14679 K (19008 K)]2022-08-07T09:29:10.583+0000: 12.494: [Rescan (parallel) , 0.0048755 secs]2022-08-07T09:29:10.589+0000: 12.499: [weak refs processing, 0.0006212 secs]2022-08-07T09:29:10.589+0000: 12.500: [class unloading, 0.0064143 secs]2022-08-07T09:29:10.596+0000: 12.507: [scrub symbol table, 0.0063513 secs]2022-08-07T09:29:10.603+0000: 12.514: [scrub string table, 0.0008953 secs][1 CMS-remark: 27954K(46036K)] 42633K(65044K), 0.0210326 secs] [Times: user=0.04 sys=0.00, real=0.02 secs] 
2022-08-07T09:29:10.605+0000: 12.515: [CMS-concurrent-sweep-start]
2022-08-07T09:29:10.617+0000: 12.528: [CMS-concurrent-sweep: 0.012/0.013 secs] [Times: user=0.03 sys=0.00, real=0.01 secs] 
2022-08-07T09:29:10.618+0000: 12.529: [CMS-concurrent-reset-start]
2022-08-07T09:29:10.619+0000: 12.529: [CMS-concurrent-reset: 0.001/0.001 secs] [Times: user=0.00 sys=0.00, real=0.00 secs] 
2022-08-07T09:29:10.638+0000: 12.549: Application time: 0.0331885 seconds
2022-08-07T09:29:10.647+0000: 12.558: Application time: 0.0088570 seconds
2022-08-07T09:29:10.678+0000: 12.589: Application time: 0.0303968 seconds
{Heap before GC invocations=181 (full 10):
 par new generation   total 19008K, used 18693K [0x00000000c2600000, 0x00000000c3aa0000, 0x00000000d6e00000)
  eden space 16896K, 100% used [0x00000000c2600000, 0x00000000c3680000, 0x00000000c3680000)
  from space 2112K,  85% used [0x00000000c3890000, 0x00000000c3a514e8, 0x00000000c3aa0000)
  to   space 2112K,   0% used [0x00000000c3680000, 0x00000000c3680000, 0x00000000c3890000)
 concurrent mark-sweep generation total 46572K, used 27942K [0x00000000d6e00000, 0x00000000d9b7b000, 0x0000000100000000)
 Metaspace       used 40799K, capacity 42342K, committed 42520K, reserved 1087488K
  class space    used 5054K, capacity 5381K, committed 5400K, reserved 1048576K
2022-08-07T09:29:10.679+0000: 12.589: [GC (Allocation Failure) 2022-08-07T09:29:10.679+0000: 12.590: [ParNew: 18693K->2112K(19008K), 0.0132370 secs] 46635K->33129K(65580K), 0.0141283 secs] [Times: user=0.03 sys=0.00, real=0.02 secs] 
Heap after GC invocations=182 (full 10):
 par new generation   total 19008K, used 2112K [0x00000000c2600000, 0x00000000c3aa0000, 0x00000000d6e00000)
  eden space 16896K,   0% used [0x00000000c2600000, 0x00000000c2600000, 0x00000000c3680000)
  from space 2112K, 100% used [0x00000000c3680000, 0x00000000c3890000, 0x00000000c3890000)
  to   space 2112K,   0% used [0x00000000c3890000, 0x00000000c3890000, 0x00000000c3aa0000)
 concurrent mark-sweep generation total 46572K, used 31017K [0x00000000d6e00000, 0x00000000d9b7b000, 0x0000000100000000)
 Metaspace       used 40799K, capacity 42342K, committed 42520K, reserved 1087488K
  class space    used 5054K, capacity 5381K, committed 5400K, reserved 1048576K
}
2022-08-07T09:29:10.694+0000: 12.604: Application time: 0.0002660 seconds
2022-08-07T09:29:10.694+0000: 12.605: [GC (CMS Initial Mark) [1 CMS-initial-mark: 31017K(46572K)] 33467K(65580K), 0.0021402 secs] [Times: user=0.00 sys=0.00, real=0.00 secs] 
2022-08-07T09:29:10.697+0000: 12.608: [CMS-concurrent-mark-start]
2022-08-07T09:29:10.761+0000: 12.672: [CMS-concurrent-mark: 0.064/0.064 secs] [Times: user=0.13 sys=0.06, real=0.07 secs] 
2022-08-07T09:29:10.761+0000: 12.672: [CMS-concurrent-preclean-start]
2022-08-07T09:29:10.764+0000: 12.675: [CMS-concurrent-preclean: 0.002/0.003 secs] [Times: user=0.01 sys=0.00, real=0.00 secs] 
2022-08-07T09:29:10.764+0000: 12.675: [CMS-concurrent-abortable-preclean-start]
2022-08-07T09:29:10.868+0000: 12.779: Application time: 0.1711313 seconds
{Heap before GC invocations=182 (full 11):
 par new generation   total 19008K, used 19008K [0x00000000c2600000, 0x00000000c3aa0000, 0x00000000d6e00000)
  eden space 16896K, 100% used [0x00000000c2600000, 0x00000000c3680000, 0x00000000c3680000)
  from space 2112K, 100% used [0x00000000c3680000, 0x00000000c3890000, 0x00000000c3890000)
  to   space 2112K,   0% used [0x00000000c3890000, 0x00000000c3890000, 0x00000000c3aa0000)
 concurrent mark-sweep generation total 46572K, used 31017K [0x00000000d6e00000, 0x00000000d9b7b000, 0x0000000100000000)
 Metaspace       used 41297K, capacity 42926K, committed 43160K, reserved 1087488K
  class space    used 5104K, capacity 5447K, committed 5528K, reserved 1048576K
2022-08-07T09:29:10.868+0000: 12.779: [GC (Allocation Failure) 2022-08-07T09:29:10.869+0000: 12.779: [ParNew2022-08-07T09:29:10.875+0000: 12.786: [CMS-concurrent-abortable-preclean: 0.010/0.111 secs] [Times: user=0.20 sys=0.09, real=0.11 secs] 
: 19008K->2111K(19008K), 0.0124205 secs] 50025K->35312K(65580K), 0.0132472 secs] [Times: user=0.03 sys=0.01, real=0.02 secs] 
Heap after GC invocations=183 (full 11):
 par new generation   total 19008K, used 2111K [0x00000000c2600000, 0x00000000c3aa0000, 0x00000000d6e00000)
  eden space 16896K,   0% used [0x00000000c2600000, 0x00000000c2600000, 0x00000000c3680000)
  from space 2112K,  99% used [0x00000000c3890000, 0x00000000c3a9fc48, 0x00000000c3aa0000)
  to   space 2112K,   0% used [0x00000000c3680000, 0x00000000c3680000, 0x00000000c3890000)
 concurrent mark-sweep generation total 46572K, used 33201K [0x00000000d6e00000, 0x00000000d9b7b000, 0x0000000100000000)
 Metaspace       used 41297K, capacity 42926K, committed 43160K, reserved 1087488K
  class space    used 5104K, capacity 5447K, committed 5528K, reserved 1048576K
}
2022-08-07T09:29:10.884+0000: 12.795: Application time: 0.0016472 seconds
2022-08-07T09:29:10.884+0000: 12.795: [GC (CMS Final Remark) [YG occupancy: 2449 K (19008 K)]2022-08-07T09:29:10.884+0000: 12.795: [Rescan (parallel) , 0.0036036 secs]2022-08-07T09:29:10.888+0000: 12.799: [weak refs processing, 0.0005694 secs]2022-08-07T09:29:10.889+0000: 12.800: [class unloading, 0.0071908 secs]2022-08-07T09:29:10.897+0000: 12.807: [scrub symbol table, 0.0073017 secs]2022-08-07T09:29:10.904+0000: 12.815: [scrub string table, 0.0010534 secs][1 CMS-remark: 33201K(46572K)] 35651K(65580K), 0.0217265 secs] [Times: user=0.03 sys=0.01, real=0.02 secs] 
2022-08-07T09:29:10.911+0000: 12.821: [CMS-concurrent-sweep-start]
2022-08-07T09:29:10.928+0000: 12.838: [CMS-concurrent-sweep: 0.017/0.017 secs] [Times: user=0.05 sys=0.02, real=0.01 secs] 
2022-08-07T09:29:10.929+0000: 12.839: [CMS-concurrent-reset-start]
2022-08-07T09:29:10.929+0000: 12.840: [CMS-concurrent-reset: 0.001/0.001 secs] [Times: user=0.00 sys=0.00, real=0.00 secs] 
2022-08-07T09:29:10.933+0000: 12.844: Application time: 0.0269195 seconds
2022-08-07T09:29:11.007+0000: 12.917: Application time: 0.0729615 seconds
2022-08-07T09:29:11.012+0000: 12.923: Application time: 0.0047141 seconds
2022-08-07T09:29:11.028+0000: 12.938: Application time: 0.0148089 seconds
2022-08-07T09:29:11.029+0000: 12.940: Application time: 0.0012294 seconds
2022-08-07T09:29:11.030+0000: 12.941: Application time: 0.0002010 seconds
2022-08-07T09:29:11.030+0000: 12.941: Application time: 0.0002088 seconds
2022-08-07T09:29:11.032+0000: 12.943: Application time: 0.0017190 seconds
2022-08-07T09:29:11.033+0000: 12.944: Application time: 0.0004713 seconds
2022-08-07T09:29:11.040+0000: 12.951: Application time: 0.0048566 seconds
2022-08-07T09:29:11.041+0000: 12.951: Application time: 0.0005347 seconds
2022-08-07T09:29:11.041+0000: 12.952: Application time: 0.0001974 seconds
2022-08-07T09:29:11.043+0000: 12.953: Application time: 0.0013053 seconds
{Heap before GC invocations=183 (full 11):
 par new generation   total 19008K, used 19007K [0x00000000c2600000, 0x00000000c3aa0000, 0x00000000d6e00000)
  eden space 16896K, 100% used [0x00000000c2600000, 0x00000000c3680000, 0x00000000c3680000)
  from space 2112K,  99% used [0x00000000c3890000, 0x00000000c3a9fc48, 0x00000000c3aa0000)
  to   space 2112K,   0% used [0x00000000c3680000, 0x00000000c3680000, 0x00000000c3890000)
 concurrent mark-sweep generation total 54848K, used 32907K [0x00000000d6e00000, 0x00000000da390000, 0x0000000100000000)
 Metaspace       used 41729K, capacity 43356K, committed 43672K, reserved 1087488K
  class space    used 5150K, capacity 5482K, committed 5528K, reserved 1048576K
2022-08-07T09:29:11.044+0000: 12.954: [GC (Allocation Failure) 2022-08-07T09:29:11.044+0000: 12.955: [ParNew: 19007K->844K(19008K), 0.0029833 secs] 51914K->33752K(73856K), 0.0035231 secs] [Times: user=0.01 sys=0.00, real=0.00 secs] 
Heap after GC invocations=184 (full 11):
 par new generation   total 19008K, used 844K [0x00000000c2600000, 0x00000000c3aa0000, 0x00000000d6e00000)
  eden space 16896K,   0% used [0x00000000c2600000, 0x00000000c2600000, 0x00000000c3680000)
  from space 2112K,  40% used [0x00000000c3680000, 0x00000000c37533d8, 0x00000000c3890000)
  to   space 2112K,   0% used [0x00000000c3890000, 0x00000000c3890000, 0x00000000c3aa0000)
 concurrent mark-sweep generation total 54848K, used 32907K [0x00000000d6e00000, 0x00000000da390000, 0x0000000100000000)
 Metaspace       used 41729K, capacity 43356K, committed 43672K, reserved 1087488K
  class space    used 5150K, capacity 5482K, committed 5528K, reserved 1048576K
}
2022-08-07T09:29:11.052+0000: 12.963: Application time: 0.0044146 seconds
2022-08-07T09:29:11.093+0000: 13.004: Application time: 0.0404944 seconds
2022-08-07T09:29:11.097+0000: 13.008: Application time: 0.0037157 seconds
2022-08-07T09:29:11.139+0000: 13.050: Application time: 0.0416625 seconds
2022-08-07T09:29:11.140+0000: 13.051: Application time: 0.0006028 seconds
2022-08-07T09:29:11.140+0000: 13.051: Application time: 0.0001433 seconds
2022-08-07T09:29:11.156+0000: 13.066: Application time: 0.0150024 seconds
{Heap before GC invocations=184 (full 11):
 par new generation   total 19008K, used 17740K [0x00000000c2600000, 0x00000000c3aa0000, 0x00000000d6e00000)
  eden space 16896K, 100% used [0x00000000c2600000, 0x00000000c3680000, 0x00000000c3680000)
  from space 2112K,  40% used [0x00000000c3680000, 0x00000000c37533d8, 0x00000000c3890000)
  to   space 2112K,   0% used [0x00000000c3890000, 0x00000000c3890000, 0x00000000c3aa0000)
 concurrent mark-sweep generation total 54848K, used 32907K [0x00000000d6e00000, 0x00000000da390000, 0x0000000100000000)
 Metaspace       used 42068K, capacity 43644K, committed 43928K, reserved 1087488K
  class space    used 5183K, capacity 5514K, committed 5528K, reserved 1048576K
2022-08-07T09:29:11.156+0000: 13.067: [GC (Allocation Failure) 2022-08-07T09:29:11.156+0000: 13.067: [ParNew: 17740K->1237K(19008K), 0.0067217 secs] 50648K->34145K(73856K), 0.0074607 secs] [Times: user=0.01 sys=0.00, real=0.01 secs] 
Heap after GC invocations=185 (full 11):
 par new generation   total 19008K, used 1237K [0x00000000c2600000, 0x00000000c3aa0000, 0x00000000d6e00000)
  eden space 16896K,   0% used [0x00000000c2600000, 0x00000000c2600000, 0x00000000c3680000)
  from space 2112K,  58% used [0x00000000c3890000, 0x00000000c39c5630, 0x00000000c3aa0000)
  to   space 2112K,   0% used [0x00000000c3680000, 0x00000000c3680000, 0x00000000c3890000)
 concurrent mark-sweep generation total 54848K, used 32907K [0x00000000d6e00000, 0x00000000da390000, 0x0000000100000000)
 Metaspace       used 42068K, capacity 43644K, committed 43928K, reserved 1087488K
  class space    used 5183K, capacity 5514K, committed 5528K, reserved 1048576K
}
2022-08-07T09:29:11.173+0000: 13.083: Application time: 0.0086229 seconds
2022-08-07T09:29:11.201+0000: 13.111: Application time: 0.0275358 seconds
2022-08-07T09:29:11.241+0000: 13.151: Application time: 0.0396229 seconds
2022-08-07T09:29:11.241+0000: 13.152: Application time: 0.0001762 seconds
2022-08-07T09:29:11.249+0000: 13.160: Application time: 0.0085320 seconds
2022-08-07T09:29:11.253+0000: 13.163: Application time: 0.0023610 seconds
2022-08-07T09:29:11.255+0000: 13.166: Application time: 0.0019773 seconds
2022-08-07T09:29:11.255+0000: 13.166: Application time: 0.0002140 seconds
2022-08-07T09:29:11.256+0000: 13.166: Application time: 0.0002478 seconds
2022-08-07T09:29:11.258+0000: 13.168: Application time: 0.0016928 seconds
2022-08-07T09:29:11.258+0000: 13.170: Application time: 0.0014384 seconds
2022-08-07T09:29:11.260+0000: 13.171: Application time: 0.0002992 seconds
2022-08-07T09:29:11.261+0000: 13.171: Application time: 0.0003692 seconds
2022-08-07T09:29:11.261+0000: 13.172: Application time: 0.0002860 seconds
2022-08-07T09:29:11.262+0000: 13.173: Application time: 0.0002953 seconds
2022-08-07T09:29:11.263+0000: 13.174: Application time: 0.0003029 seconds
2022-08-07T09:29:11.264+0000: 13.175: Application time: 0.0003737 seconds
2022-08-07T09:29:11.265+0000: 13.176: Application time: 0.0003052 seconds
2022-08-07T09:29:11.266+0000: 13.177: Application time: 0.0008918 seconds
2022-08-07T09:29:11.267+0000: 13.178: Application time: 0.0002122 seconds
2022-08-07T09:29:11.268+0000: 13.178: Application time: 0.0001579 seconds
2022-08-07T09:29:11.268+0000: 13.179: Application time: 0.0001675 seconds
2022-08-07T09:29:11.269+0000: 13.179: Application time: 0.0004651 seconds
2022-08-07T09:29:11.269+0000: 13.180: Application time: 0.0004451 seconds
2022-08-07T09:29:11.270+0000: 13.181: Application time: 0.0001889 seconds
2022-08-07T09:29:11.270+0000: 13.181: Application time: 0.0002661 seconds
2022-08-07T09:29:11.273+0000: 13.184: Application time: 0.0027054 seconds
{Heap before GC invocations=185 (full 11):
 par new generation   total 19008K, used 18133K [0x00000000c2600000, 0x00000000c3aa0000, 0x00000000d6e00000)
  eden space 16896K, 100% used [0x00000000c2600000, 0x00000000c3680000, 0x00000000c3680000)
  from space 2112K,  58% used [0x00000000c3890000, 0x00000000c39c5630, 0x00000000c3aa0000)
  to   space 2112K,   0% used [0x00000000c3680000, 0x00000000c3680000, 0x00000000c3890000)
 concurrent mark-sweep generation total 54848K, used 32907K [0x00000000d6e00000, 0x00000000da390000, 0x0000000100000000)
 Metaspace       used 42391K, capacity 44048K, committed 44312K, reserved 1087488K
  class space    used 5223K, capacity 5584K, committed 5656K, reserved 1048576K
2022-08-07T09:29:11.274+0000: 13.185: [GC (Allocation Failure) 2022-08-07T09:29:11.277+0000: 13.187: [ParNew: 18133K->1384K(19008K), 0.0055096 secs] 51041K->34292K(73856K), 0.0088520 secs] [Times: user=0.01 sys=0.00, real=0.01 secs] 
Heap after GC invocations=186 (full 11):
 par new generation   total 19008K, used 1384K [0x00000000c2600000, 0x00000000c3aa0000, 0x00000000d6e00000)
  eden space 16896K,   0% used [0x00000000c2600000, 0x00000000c2600000, 0x00000000c3680000)
  from space 2112K,  65% used [0x00000000c3680000, 0x00000000c37da168, 0x00000000c3890000)
  to   space 2112K,   0% used [0x00000000c3890000, 0x00000000c3890000, 0x00000000c3aa0000)
 concurrent mark-sweep generation total 54848K, used 32907K [0x00000000d6e00000, 0x00000000da390000, 0x0000000100000000)
 Metaspace       used 42391K, capacity 44048K, committed 44312K, reserved 1087488K
  class space    used 5223K, capacity 5584K, committed 5656K, reserved 1048576K
}
2022-08-07T09:29:11.291+0000: 13.201: Application time: 0.0073720 seconds
2022-08-07T09:29:11.292+0000: 13.202: Application time: 0.0005545 seconds
2022-08-07T09:29:11.292+0000: 13.203: Application time: 0.0001676 seconds
2022-08-07T09:29:11.292+0000: 13.203: Application time: 0.0002266 seconds
2022-08-07T09:29:11.293+0000: 13.205: Application time: 0.0017579 seconds
2022-08-07T09:29:11.319+0000: 13.229: Application time: 0.0239185 seconds
{Heap before GC invocations=186 (full 11):
 par new generation   total 19008K, used 18280K [0x00000000c2600000, 0x00000000c3aa0000, 0x00000000d6e00000)
  eden space 16896K, 100% used [0x00000000c2600000, 0x00000000c3680000, 0x00000000c3680000)
  from space 2112K,  65% used [0x00000000c3680000, 0x00000000c37da168, 0x00000000c3890000)
  to   space 2112K,   0% used [0x00000000c3890000, 0x00000000c3890000, 0x00000000c3aa0000)
 concurrent mark-sweep generation total 54848K, used 32907K [0x00000000d6e00000, 0x00000000da390000, 0x0000000100000000)
 Metaspace       used 42416K, capacity 44048K, committed 44312K, reserved 1087488K
  class space    used 5227K, capacity 5584K, committed 5656K, reserved 1048576K
2022-08-07T09:29:11.319+0000: 13.230: [GC (Allocation Failure) 2022-08-07T09:29:11.319+0000: 13.230: [ParNew: 18280K->1079K(19008K), 0.0075403 secs] 51188K->33987K(73856K), 0.0085209 secs] [Times: user=0.02 sys=0.00, real=0.01 secs] 
Heap after GC invocations=187 (full 11):
 par new generation   total 19008K, used 1079K [0x00000000c2600000, 0x00000000c3aa0000, 0x00000000d6e00000)
  eden space 16896K,   0% used [0x00000000c2600000, 0x00000000c2600000, 0x00000000c3680000)
  from space 2112K,  51% used [0x00000000c3890000, 0x00000000c399df70, 0x00000000c3aa0000)
  to   space 2112K,   0% used [0x00000000c3680000, 0x00000000c3680000, 0x00000000c3890000)
 concurrent mark-sweep generation total 54848K, used 32907K [0x00000000d6e00000, 0x00000000da390000, 0x0000000100000000)
 Metaspace       used 42416K, capacity 44048K, committed 44312K, reserved 1087488K
  class space    used 5227K, capacity 5584K, committed 5656K, reserved 1048576K
}
2022-08-07T09:29:11.339+0000: 13.250: Application time: 0.0104360 seconds
2022-08-07T09:29:11.350+0000: 13.261: Application time: 0.0111851 seconds
2022-08-07T09:29:11.351+0000: 13.262: Application time: 0.0004158 seconds
2022-08-07T09:29:11.351+0000: 13.262: Application time: 0.0004411 seconds
2022-08-07T09:29:11.355+0000: 13.266: Application time: 0.0040746 seconds
2022-08-07T09:29:11.356+0000: 13.267: Application time: 0.0002851 seconds
2022-08-07T09:29:11.377+0000: 13.288: Application time: 0.0206277 seconds
{Heap before GC invocations=187 (full 11):
 par new generation   total 19008K, used 17975K [0x00000000c2600000, 0x00000000c3aa0000, 0x00000000d6e00000)
  eden space 16896K, 100% used [0x00000000c2600000, 0x00000000c3680000, 0x00000000c3680000)
  from space 2112K,  51% used [0x00000000c3890000, 0x00000000c399df70, 0x00000000c3aa0000)
  to   space 2112K,   0% used [0x00000000c3680000, 0x00000000c3680000, 0x00000000c3890000)
 concurrent mark-sweep generation total 54848K, used 32907K [0x00000000d6e00000, 0x00000000da390000, 0x0000000100000000)
 Metaspace       used 42428K, capacity 44048K, committed 44312K, reserved 1087488K
  class space    used 5228K, capacity 5584K, committed 5656K, reserved 1048576K
2022-08-07T09:29:11.377+0000: 13.288: [GC (Allocation Failure) 2022-08-07T09:29:11.378+0000: 13.289: [ParNew: 17975K->1205K(19008K), 0.0193030 secs] 50883K->34113K(73856K), 0.0221303 secs] [Times: user=0.02 sys=0.00, real=0.02 secs] 
Heap after GC invocations=188 (full 11):
 par new generation   total 19008K, used 1205K [0x00000000c2600000, 0x00000000c3aa0000, 0x00000000d6e00000)
  eden space 16896K,   0% used [0x00000000c2600000, 0x00000000c2600000, 0x00000000c3680000)
  from space 2112K,  57% used [0x00000000c3680000, 0x00000000c37ad740, 0x00000000c3890000)
  to   space 2112K,   0% used [0x00000000c3890000, 0x00000000c3890000, 0x00000000c3aa0000)
 concurrent mark-sweep generation total 54848K, used 32907K [0x00000000d6e00000, 0x00000000da390000, 0x0000000100000000)
 Metaspace       used 42428K, capacity 44048K, committed 44312K, reserved 1087488K
  class space    used 5228K, capacity 5584K, committed 5656K, reserved 1048576K
}
2022-08-07T09:29:11.414+0000: 13.325: Application time: 0.0140971 seconds
2022-08-07T09:29:11.442+0000: 13.353: Application time: 0.0273932 seconds
{Heap before GC invocations=188 (full 11):
 par new generation   total 19008K, used 18101K [0x00000000c2600000, 0x00000000c3aa0000, 0x00000000d6e00000)
  eden space 16896K, 100% used [0x00000000c2600000, 0x00000000c3680000, 0x00000000c3680000)
  from space 2112K,  57% used [0x00000000c3680000, 0x00000000c37ad740, 0x00000000c3890000)
  to   space 2112K,   0% used [0x00000000c3890000, 0x00000000c3890000, 0x00000000c3aa0000)
 concurrent mark-sweep generation total 54848K, used 32907K [0x00000000d6e00000, 0x00000000da390000, 0x0000000100000000)
 Metaspace       used 42459K, capacity 44052K, committed 44312K, reserved 1087488K
  class space    used 5233K, capacity 5586K, committed 5656K, reserved 1048576K
2022-08-07T09:29:11.443+0000: 13.354: [GC (Allocation Failure) 2022-08-07T09:29:11.444+0000: 13.354: [ParNew: 18101K->1430K(19008K), 0.0036868 secs] 51009K->34337K(73856K), 0.0043674 secs] [Times: user=0.02 sys=0.00, real=0.00 secs] 
Heap after GC invocations=189 (full 11):
 par new generation   total 19008K, used 1430K [0x00000000c2600000, 0x00000000c3aa0000, 0x00000000d6e00000)
  eden space 16896K,   0% used [0x00000000c2600000, 0x00000000c2600000, 0x00000000c3680000)
  from space 2112K,  67% used [0x00000000c3890000, 0x00000000c39f58e0, 0x00000000c3aa0000)
  to   space 2112K,   0% used [0x00000000c3680000, 0x00000000c3680000, 0x00000000c3890000)
 concurrent mark-sweep generation total 54848K, used 32907K [0x00000000d6e00000, 0x00000000da390000, 0x0000000100000000)
 Metaspace       used 42459K, capacity 44052K, committed 44312K, reserved 1087488K
  class space    used 5233K, capacity 5586K, committed 5656K, reserved 1048576K
}
2022-08-07T09:29:11.453+0000: 13.364: Application time: 0.0046681 seconds
2022-08-07T09:29:11.463+0000: 13.374: Application time: 0.0095146 seconds
2022-08-07T09:29:11.481+0000: 13.392: Application time: 0.0175701 seconds
2022-08-07T09:29:11.515+0000: 13.425: Application time: 0.0330827 seconds
{Heap before GC invocations=189 (full 11):
 par new generation   total 19008K, used 18326K [0x00000000c2600000, 0x00000000c3aa0000, 0x00000000d6e00000)
  eden space 16896K, 100% used [0x00000000c2600000, 0x00000000c3680000, 0x00000000c3680000)
  from space 2112K,  67% used [0x00000000c3890000, 0x00000000c39f58e0, 0x00000000c3aa0000)
  to   space 2112K,   0% used [0x00000000c3680000, 0x00000000c3680000, 0x00000000c3890000)
 concurrent mark-sweep generation total 54848K, used 32907K [0x00000000d6e00000, 0x00000000da390000, 0x0000000100000000)
 Metaspace       used 42671K, capacity 44280K, committed 44568K, reserved 1087488K
  class space    used 5257K, capacity 5620K, committed 5656K, reserved 1048576K
2022-08-07T09:29:11.516+0000: 13.426: [GC (Allocation Failure) 2022-08-07T09:29:11.516+0000: 13.427: [ParNew: 18326K->1978K(19008K), 0.0081149 secs] 51233K->35025K(73856K), 0.0090594 secs] [Times: user=0.03 sys=0.00, real=0.01 secs] 
Heap after GC invocations=190 (full 11):
 par new generation   total 19008K, used 1978K [0x00000000c2600000, 0x00000000c3aa0000, 0x00000000d6e00000)
  eden space 16896K,   0% used [0x00000000c2600000, 0x00000000c2600000, 0x00000000c3680000)
  from space 2112K,  93% used [0x00000000c3680000, 0x00000000c386eba8, 0x00000000c3890000)
  to   space 2112K,   0% used [0x00000000c3890000, 0x00000000c3890000, 0x00000000c3aa0000)
 concurrent mark-sweep generation total 54848K, used 33046K [0x00000000d6e00000, 0x00000000da390000, 0x0000000100000000)
 Metaspace       used 42671K, capacity 44280K, committed 44568K, reserved 1087488K
  class space    used 5257K, capacity 5620K, committed 5656K, reserved 1048576K
}
2022-08-07T09:29:11.526+0000: 13.436: Application time: 0.0001659 seconds
2022-08-07T09:29:11.526+0000: 13.437: [GC (CMS Initial Mark) [1 CMS-initial-mark: 33046K(54848K)] 35025K(73856K), 0.0021103 secs] [Times: user=0.01 sys=0.00, real=0.00 secs] 
2022-08-07T09:29:11.529+0000: 13.440: [CMS-concurrent-mark-start]
2022-08-07T09:29:11.547+0000: 13.457: Application time: 0.0178217 seconds
2022-08-07T09:29:11.563+0000: 13.473: Application time: 0.0156670 seconds
2022-08-07T09:29:11.587+0000: 13.498: [CMS-concurrent-mark: 0.058/0.058 secs] [Times: user=0.20 sys=0.02, real=0.06 secs] 
2022-08-07T09:29:11.588+0000: 13.498: [CMS-concurrent-preclean-start]
2022-08-07T09:29:11.589+0000: 13.499: Application time: 0.0255301 seconds
{Heap before GC invocations=190 (full 12):
 par new generation   total 19008K, used 18874K [0x00000000c2600000, 0x00000000c3aa0000, 0x00000000d6e00000)
  eden space 16896K, 100% used [0x00000000c2600000, 0x00000000c3680000, 0x00000000c3680000)
  from space 2112K,  93% used [0x00000000c3680000, 0x00000000c386eba8, 0x00000000c3890000)
  to   space 2112K,   0% used [0x00000000c3890000, 0x00000000c3890000, 0x00000000c3aa0000)
 concurrent mark-sweep generation total 54848K, used 33046K [0x00000000d6e00000, 0x00000000da390000, 0x0000000100000000)
 Metaspace       used 42704K, capacity 44350K, committed 44568K, reserved 1087488K
  class space    used 5260K, capacity 5621K, committed 5656K, reserved 1048576K
2022-08-07T09:29:11.589+0000: 13.500: [GC (Allocation Failure) 2022-08-07T09:29:11.589+0000: 13.500: [ParNew: 18874K->1318K(19008K), 0.0146494 secs] 51921K->34553K(73856K), 0.0154788 secs] [Times: user=0.04 sys=0.00, real=0.02 secs] 
Heap after GC invocations=191 (full 12):
 par new generation   total 19008K, used 1318K [0x00000000c2600000, 0x00000000c3aa0000, 0x00000000d6e00000)
  eden space 16896K,   0% used [0x00000000c2600000, 0x00000000c2600000, 0x00000000c3680000)
  from space 2112K,  62% used [0x00000000c3890000, 0x00000000c39d9ba0, 0x00000000c3aa0000)
  to   space 2112K,   0% used [0x00000000c3680000, 0x00000000c3680000, 0x00000000c3890000)
 concurrent mark-sweep generation total 54848K, used 33235K [0x00000000d6e00000, 0x00000000da390000, 0x0000000100000000)
 Metaspace       used 42704K, capacity 44350K, committed 44568K, reserved 1087488K
  class space    used 5260K, capacity 5621K, committed 5656K, reserved 1048576K
}
2022-08-07T09:29:11.605+0000: 13.516: [CMS-concurrent-preclean: 0.001/0.018 secs] [Times: user=0.04 sys=0.00, real=0.02 secs] 
2022-08-07T09:29:11.606+0000: 13.517: Application time: 0.0007753 seconds
2022-08-07T09:29:11.606+0000: 13.517: [GC (CMS Final Remark) [YG occupancy: 1979 K (19008 K)]2022-08-07T09:29:11.607+0000: 13.518: [Rescan (parallel) , 0.0188231 secs]2022-08-07T09:29:11.632+0000: 13.542: [weak refs processing, 0.0051953 secs]2022-08-07T09:29:11.643+0000: 13.553: [class unloading, 0.0108153 secs]2022-08-07T09:29:11.654+0000: 13.565: [scrub symbol table, 0.0072650 secs]2022-08-07T09:29:11.662+0000: 13.572: [scrub string table, 0.0015837 secs][1 CMS-remark: 33235K(54848K)] 35214K(73856K), 0.0573408 secs] [Times: user=0.13 sys=0.00, real=0.06 secs] 
2022-08-07T09:29:11.666+0000: 13.576: [CMS-concurrent-sweep-start]
2022-08-07T09:29:11.679+0000: 13.590: [CMS-concurrent-sweep: 0.013/0.013 secs] [Times: user=0.05 sys=0.00, real=0.01 secs] 
2022-08-07T09:29:11.680+0000: 13.590: [CMS-concurrent-reset-start]
2022-08-07T09:29:11.680+0000: 13.591: [CMS-concurrent-reset: 0.001/0.001 secs] [Times: user=0.00 sys=0.00, real=0.00 secs] 
2022-08-07T09:29:11.708+0000: 13.618: Application time: 0.0433209 seconds
{Heap before GC invocations=191 (full 12):
 par new generation   total 19008K, used 18214K [0x00000000c2600000, 0x00000000c3aa0000, 0x00000000d6e00000)
  eden space 16896K, 100% used [0x00000000c2600000, 0x00000000c3680000, 0x00000000c3680000)
  from space 2112K,  62% used [0x00000000c3890000, 0x00000000c39d9ba0, 0x00000000c3aa0000)
  to   space 2112K,   0% used [0x00000000c3680000, 0x00000000c3680000, 0x00000000c3890000)
 concurrent mark-sweep generation total 55128K, used 33076K [0x00000000d6e00000, 0x00000000da3d6000, 0x0000000100000000)
 Metaspace       used 42717K, capacity 44344K, committed 44568K, reserved 1087488K
  class space    used 5261K, capacity 5620K, committed 5656K, reserved 1048576K
2022-08-07T09:29:11.708+0000: 13.619: [GC (Allocation Failure) 2022-08-07T09:29:11.708+0000: 13.619: [ParNew: 18214K->1260K(19008K), 0.0069543 secs] 51291K->34336K(74136K), 0.0075170 secs] [Times: user=0.02 sys=0.00, real=0.01 secs] 
Heap after GC invocations=192 (full 12):
 par new generation   total 19008K, used 1260K [0x00000000c2600000, 0x00000000c3aa0000, 0x00000000d6e00000)
  eden space 16896K,   0% used [0x00000000c2600000, 0x00000000c2600000, 0x00000000c3680000)
  from space 2112K,  59% used [0x00000000c3680000, 0x00000000c37bb060, 0x00000000c3890000)
  to   space 2112K,   0% used [0x00000000c3890000, 0x00000000c3890000, 0x00000000c3aa0000)
 concurrent mark-sweep generation total 55128K, used 33076K [0x00000000d6e00000, 0x00000000da3d6000, 0x0000000100000000)
 Metaspace       used 42717K, capacity 44344K, committed 44568K, reserved 1087488K
  class space    used 5261K, capacity 5620K, committed 5656K, reserved 1048576K
}
2022-08-07T09:29:11.747+0000: 13.657: Application time: 0.0298140 seconds
2022-08-07T09:29:11.777+0000: 13.687: Application time: 0.0297625 seconds
{Heap before GC invocations=192 (full 12):
 par new generation   total 19008K, used 18156K [0x00000000c2600000, 0x00000000c3aa0000, 0x00000000d6e00000)
  eden space 16896K, 100% used [0x00000000c2600000, 0x00000000c3680000, 0x00000000c3680000)
  from space 2112K,  59% used [0x00000000c3680000, 0x00000000c37bb060, 0x00000000c3890000)
  to   space 2112K,   0% used [0x00000000c3890000, 0x00000000c3890000, 0x00000000c3aa0000)
 concurrent mark-sweep generation total 55128K, used 33076K [0x00000000d6e00000, 0x00000000da3d6000, 0x0000000100000000)
 Metaspace       used 42750K, capacity 44408K, committed 44568K, reserved 1087488K
  class space    used 5262K, capacity 5620K, committed 5656K, reserved 1048576K
2022-08-07T09:29:11.777+0000: 13.688: [GC (Allocation Failure) 2022-08-07T09:29:11.778+0000: 13.689: [ParNew: 18156K->1623K(19008K), 0.0071264 secs] 51232K->34699K(74136K), 0.0077750 secs] [Times: user=0.02 sys=0.00, real=0.01 secs] 
Heap after GC invocations=193 (full 12):
 par new generation   total 19008K, used 1623K [0x00000000c2600000, 0x00000000c3aa0000, 0x00000000d6e00000)
  eden space 16896K,   0% used [0x00000000c2600000, 0x00000000c2600000, 0x00000000c3680000)
  from space 2112K,  76% used [0x00000000c3890000, 0x00000000c3a25dd0, 0x00000000c3aa0000)
  to   space 2112K,   0% used [0x00000000c3680000, 0x00000000c3680000, 0x00000000c3890000)
 concurrent mark-sweep generation total 55128K, used 33076K [0x00000000d6e00000, 0x00000000da3d6000, 0x0000000100000000)
 Metaspace       used 42750K, capacity 44408K, committed 44568K, reserved 1087488K
  class space    used 5262K, capacity 5620K, committed 5656K, reserved 1048576K
}
2022-08-07T09:29:11.866+0000: 13.777: Application time: 0.0803457 seconds
{Heap before GC invocations=193 (full 12):
 par new generation   total 19008K, used 18519K [0x00000000c2600000, 0x00000000c3aa0000, 0x00000000d6e00000)
  eden space 16896K, 100% used [0x00000000c2600000, 0x00000000c3680000, 0x00000000c3680000)
  from space 2112K,  76% used [0x00000000c3890000, 0x00000000c3a25dd0, 0x00000000c3aa0000)
  to   space 2112K,   0% used [0x00000000c3680000, 0x00000000c3680000, 0x00000000c3890000)
 concurrent mark-sweep generation total 55128K, used 33076K [0x00000000d6e00000, 0x00000000da3d6000, 0x0000000100000000)
 Metaspace       used 42791K, capacity 44472K, committed 44568K, reserved 1087488K
  class space    used 5265K, capacity 5620K, committed 5656K, reserved 1048576K
2022-08-07T09:29:11.867+0000: 13.778: [GC (Allocation Failure) 2022-08-07T09:29:11.868+0000: 13.778: [ParNew: 18519K->1286K(19008K), 0.0097618 secs] 51595K->34610K(74136K), 0.0105083 secs] [Times: user=0.03 sys=0.01, real=0.01 secs] 
Heap after GC invocations=194 (full 12):
 par new generation   total 19008K, used 1286K [0x00000000c2600000, 0x00000000c3aa0000, 0x00000000d6e00000)
  eden space 16896K,   0% used [0x00000000c2600000, 0x00000000c2600000, 0x00000000c3680000)
  from space 2112K,  60% used [0x00000000c3680000, 0x00000000c37c1a60, 0x00000000c3890000)
  to   space 2112K,   0% used [0x00000000c3890000, 0x00000000c3890000, 0x00000000c3aa0000)
 concurrent mark-sweep generation total 55128K, used 33324K [0x00000000d6e00000, 0x00000000da3d6000, 0x0000000100000000)
 Metaspace       used 42791K, capacity 44472K, committed 44568K, reserved 1087488K
  class space    used 5265K, capacity 5620K, committed 5656K, reserved 1048576K
}
2022-08-07T09:29:11.879+0000: 13.790: Application time: 0.0004341 seconds
2022-08-07T09:29:11.882+0000: 13.793: [GC (CMS Initial Mark) [1 CMS-initial-mark: 33324K(55128K)] 34946K(74136K), 0.0034961 secs] [Times: user=0.00 sys=0.01, real=0.00 secs] 
2022-08-07T09:29:11.886+0000: 13.797: [CMS-concurrent-mark-start]
2022-08-07T09:29:11.913+0000: 13.824: Application time: 0.0270755 seconds
2022-08-07T09:29:11.916+0000: 13.827: Application time: 0.0028151 seconds
2022-08-07T09:29:11.918+0000: 13.829: Application time: 0.0010418 seconds
2022-08-07T09:29:11.966+0000: 13.876: [CMS-concurrent-mark: 0.076/0.079 secs] [Times: user=0.18 sys=0.03, real=0.08 secs] 
2022-08-07T09:29:11.974+0000: 13.884: [CMS-concurrent-preclean-start]
2022-08-07T09:29:12.001+0000: 13.912: [CMS-concurrent-preclean: 0.004/0.027 secs] [Times: user=0.07 sys=0.01, real=0.03 secs] 
2022-08-07T09:29:12.001+0000: 13.912: [CMS-concurrent-abortable-preclean-start]
2022-08-07T09:29:12.005+0000: 13.916: Application time: 0.0855543 seconds
2022-08-07T09:29:12.086+0000: 13.996: Application time: 0.0792900 seconds
{Heap before GC invocations=194 (full 13):
 par new generation   total 19008K, used 18182K [0x00000000c2600000, 0x00000000c3aa0000, 0x00000000d6e00000)
  eden space 16896K, 100% used [0x00000000c2600000, 0x00000000c3680000, 0x00000000c3680000)
  from space 2112K,  60% used [0x00000000c3680000, 0x00000000c37c1a60, 0x00000000c3890000)
  to   space 2112K,   0% used [0x00000000c3890000, 0x00000000c3890000, 0x00000000c3aa0000)
 concurrent mark-sweep generation total 55128K, used 33324K [0x00000000d6e00000, 0x00000000da3d6000, 0x0000000100000000)
 Metaspace       used 43207K, capacity 45008K, committed 45208K, reserved 1089536K
  class space    used 5354K, capacity 5744K, committed 5784K, reserved 1048576K
2022-08-07T09:29:12.086+0000: 13.997: [GC (Allocation Failure) 2022-08-07T09:29:12.086+0000: 13.997: [ParNew: 18182K->1742K(19008K), 0.0070546 secs] 51506K->35217K(74136K), 0.0078073 secs] [Times: user=0.03 sys=0.00, real=0.01 secs] 
Heap after GC invocations=195 (full 13):
 par new generation   total 19008K, used 1742K [0x00000000c2600000, 0x00000000c3aa0000, 0x00000000d6e00000)
  eden space 16896K,   0% used [0x00000000c2600000, 0x00000000c2600000, 0x00000000c3680000)
  from space 2112K,  82% used [0x00000000c3890000, 0x00000000c3a43bb0, 0x00000000c3aa0000)
  to   space 2112K,   0% used [0x00000000c3680000, 0x00000000c3680000, 0x00000000c3890000)
 concurrent mark-sweep generation total 55128K, used 33474K [0x00000000d6e00000, 0x00000000da3d6000, 0x0000000100000000)
 Metaspace       used 43207K, capacity 45008K, committed 45208K, reserved 1089536K
  class space    used 5354K, capacity 5744K, committed 5784K, reserved 1048576K
}
2022-08-07T09:29:12.128+0000: 14.038: Application time: 0.0269007 seconds
2022-08-07T09:29:12.136+0000: 14.047: Application time: 0.0001382 seconds
2022-08-07T09:29:12.185+0000: 14.095: [CMS-concurrent-abortable-preclean: 0.064/0.183 secs] [Times: user=0.46 sys=0.08, real=0.18 secs] 
2022-08-07T09:29:12.185+0000: 14.096: Application time: 0.0481858 seconds
2022-08-07T09:29:12.187+0000: 14.098: [GC (CMS Final Remark) [YG occupancy: 10828 K (19008 K)]2022-08-07T09:29:12.187+0000: 14.098: [Rescan (parallel) , 0.0094151 secs]2022-08-07T09:29:12.197+0000: 14.108: [weak refs processing, 0.0004441 secs]2022-08-07T09:29:12.198+0000: 14.109: [class unloading, 0.0080334 secs]2022-08-07T09:29:12.206+0000: 14.117: [scrub symbol table, 0.0077468 secs]2022-08-07T09:29:12.214+0000: 14.125: [scrub string table, 0.0008755 secs][1 CMS-remark: 33474K(55128K)] 44302K(74136K), 0.0285387 secs] [Times: user=0.06 sys=0.00, real=0.03 secs] 
2022-08-07T09:29:12.216+0000: 14.127: [CMS-concurrent-sweep-start]
2022-08-07T09:29:12.232+0000: 14.143: [CMS-concurrent-sweep: 0.016/0.016 secs] [Times: user=0.05 sys=0.00, real=0.02 secs] 
2022-08-07T09:29:12.233+0000: 14.143: [CMS-concurrent-reset-start]
2022-08-07T09:29:12.233+0000: 14.144: [CMS-concurrent-reset: 0.000/0.001 secs] [Times: user=0.00 sys=0.00, real=0.00 secs] 
2022-08-07T09:29:12.250+0000: 14.160: Application time: 0.0335103 seconds
{Heap before GC invocations=195 (full 13):
 par new generation   total 19008K, used 18638K [0x00000000c2600000, 0x00000000c3aa0000, 0x00000000d6e00000)
  eden space 16896K, 100% used [0x00000000c2600000, 0x00000000c3680000, 0x00000000c3680000)
  from space 2112K,  82% used [0x00000000c3890000, 0x00000000c3a43bb0, 0x00000000c3aa0000)
  to   space 2112K,   0% used [0x00000000c3680000, 0x00000000c3680000, 0x00000000c3890000)
 concurrent mark-sweep generation total 55708K, used 33424K [0x00000000d6e00000, 0x00000000da467000, 0x0000000100000000)
 Metaspace       used 43664K, capacity 45466K, committed 45848K, reserved 1089536K
  class space    used 5421K, capacity 5785K, committed 5912K, reserved 1048576K
2022-08-07T09:29:12.251+0000: 14.162: [GC (Allocation Failure) 2022-08-07T09:29:12.252+0000: 14.162: [ParNew: 18638K->1588K(19008K), 0.0073359 secs] 52063K->35193K(74716K), 0.0082320 secs] [Times: user=0.03 sys=0.01, real=0.00 secs] 
Heap after GC invocations=196 (full 13):
 par new generation   total 19008K, used 1588K [0x00000000c2600000, 0x00000000c3aa0000, 0x00000000d6e00000)
  eden space 16896K,   0% used [0x00000000c2600000, 0x00000000c2600000, 0x00000000c3680000)
  from space 2112K,  75% used [0x00000000c3680000, 0x00000000c380d0d0, 0x00000000c3890000)
  to   space 2112K,   0% used [0x00000000c3890000, 0x00000000c3890000, 0x00000000c3aa0000)
 concurrent mark-sweep generation total 55708K, used 33605K [0x00000000d6e00000, 0x00000000da467000, 0x0000000100000000)
 Metaspace       used 43664K, capacity 45466K, committed 45848K, reserved 1089536K
  class space    used 5421K, capacity 5785K, committed 5912K, reserved 1048576K
}
2022-08-07T09:29:12.260+0000: 14.171: Application time: 0.0003191 seconds
2022-08-07T09:29:12.261+0000: 14.171: [GC (CMS Initial Mark) [1 CMS-initial-mark: 33605K(55708K)] 35699K(74716K), 0.0024535 secs] [Times: user=0.01 sys=0.00, real=0.00 secs] 
2022-08-07T09:29:12.264+0000: 14.174: [CMS-concurrent-mark-start]
2022-08-07T09:29:12.312+0000: 14.223: Application time: 0.0485071 seconds
2022-08-07T09:29:12.350+0000: 14.260: [CMS-concurrent-mark: 0.081/0.086 secs] [Times: user=0.22 sys=0.02, real=0.08 secs] 
2022-08-07T09:29:12.350+0000: 14.261: [CMS-concurrent-preclean-start]
2022-08-07T09:29:12.354+0000: 14.265: [CMS-concurrent-preclean: 0.002/0.004 secs] [Times: user=0.01 sys=0.00, real=0.01 secs] 
2022-08-07T09:29:12.354+0000: 14.265: [CMS-concurrent-abortable-preclean-start]
2022-08-07T09:29:12.373+0000: 14.284: Application time: 0.0558057 seconds
{Heap before GC invocations=196 (full 14):
 par new generation   total 19008K, used 18484K [0x00000000c2600000, 0x00000000c3aa0000, 0x00000000d6e00000)
  eden space 16896K, 100% used [0x00000000c2600000, 0x00000000c3680000, 0x00000000c3680000)
  from space 2112K,  75% used [0x00000000c3680000, 0x00000000c380d0d0, 0x00000000c3890000)
  to   space 2112K,   0% used [0x00000000c3890000, 0x00000000c3890000, 0x00000000c3aa0000)
 concurrent mark-sweep generation total 55708K, used 33605K [0x00000000d6e00000, 0x00000000da467000, 0x0000000100000000)
 Metaspace       used 43964K, capacity 45844K, committed 46104K, reserved 1089536K
  class space    used 5468K, capacity 5860K, committed 5912K, reserved 1048576K
2022-08-07T09:29:12.373+0000: 14.284: [GC (Allocation Failure) 2022-08-07T09:29:12.374+0000: 14.285: [ParNew: 18484K->1473K(19008K), 0.0049597 secs] 52089K->35378K(74716K), 0.0056538 secs] [Times: user=0.02 sys=0.00, real=0.00 secs] 
Heap after GC invocations=197 (full 14):
 par new generation   total 19008K, used 1473K [0x00000000c2600000, 0x00000000c3aa0000, 0x00000000d6e00000)
  eden space 16896K,   0% used [0x00000000c2600000, 0x00000000c2600000, 0x00000000c3680000)
  from space 2112K,  69% used [0x00000000c3890000, 0x00000000c3a00640, 0x00000000c3aa0000)
  to   space 2112K,   0% used [0x00000000c3680000, 0x00000000c3680000, 0x00000000c3890000)
 concurrent mark-sweep generation total 55708K, used 33904K [0x00000000d6e00000, 0x00000000da467000, 0x0000000100000000)
 Metaspace       used 43964K, capacity 45844K, committed 46104K, reserved 1089536K
  class space    used 5468K, capacity 5860K, committed 5912K, reserved 1048576K
}
2022-08-07T09:29:12.412+0000: 14.323: [CMS-concurrent-abortable-preclean: 0.033/0.058 secs] [Times: user=0.18 sys=0.02, real=0.06 secs] 
2022-08-07T09:29:12.413+0000: 14.324: Application time: 0.0336118 seconds
2022-08-07T09:29:12.419+0000: 14.330: [GC (CMS Final Remark) [YG occupancy: 11998 K (19008 K)]2022-08-07T09:29:12.420+0000: 14.331: [Rescan (parallel) , 0.0037212 secs]2022-08-07T09:29:12.424+0000: 14.335: [weak refs processing, 0.0017845 secs]2022-08-07T09:29:12.426+0000: 14.337: [class unloading, 0.0084403 secs]2022-08-07T09:29:12.435+0000: 14.345: [scrub symbol table, 0.0073412 secs]2022-08-07T09:29:12.443+0000: 14.353: [scrub string table, 0.0009683 secs][1 CMS-remark: 33904K(55708K)] 45902K(74716K), 0.0243748 secs] [Times: user=0.07 sys=0.00, real=0.03 secs] 
2022-08-07T09:29:12.448+0000: 14.358: Application time: 0.0032234 seconds
2022-08-07T09:29:12.448+0000: 14.359: Application time: 0.0001126 seconds
2022-08-07T09:29:12.449+0000: 14.359: [CMS-concurrent-sweep-start]
2022-08-07T09:29:12.449+0000: 14.360: Application time: 0.0002727 seconds
2022-08-07T09:29:12.463+0000: 14.374: [CMS-concurrent-sweep: 0.014/0.014 secs] [Times: user=0.05 sys=0.01, real=0.02 secs] 
2022-08-07T09:29:12.464+0000: 14.375: [CMS-concurrent-reset-start]
2022-08-07T09:29:12.465+0000: 14.376: [CMS-concurrent-reset: 0.001/0.001 secs] [Times: user=0.00 sys=0.00, real=0.00 secs] 
2022-08-07T09:29:12.472+0000: 14.382: Application time: 0.0224888 seconds
{Heap before GC invocations=197 (full 14):
 par new generation   total 19008K, used 18369K [0x00000000c2600000, 0x00000000c3aa0000, 0x00000000d6e00000)
  eden space 16896K, 100% used [0x00000000c2600000, 0x00000000c3680000, 0x00000000c3680000)
  from space 2112K,  69% used [0x00000000c3890000, 0x00000000c3a00640, 0x00000000c3aa0000)
  to   space 2112K,   0% used [0x00000000c3680000, 0x00000000c3680000, 0x00000000c3890000)
 concurrent mark-sweep generation total 56280K, used 33767K [0x00000000d6e00000, 0x00000000da4f6000, 0x0000000100000000)
 Metaspace       used 44003K, capacity 45918K, committed 46104K, reserved 1089536K
  class space    used 5473K, capacity 5863K, committed 5912K, reserved 1048576K
2022-08-07T09:29:12.472+0000: 14.383: [GC (Allocation Failure) 2022-08-07T09:29:12.473+0000: 14.383: [ParNew: 18369K->1198K(19008K), 0.0050322 secs] 52137K->34966K(75288K), 0.0059658 secs] [Times: user=0.01 sys=0.01, real=0.00 secs] 
Heap after GC invocations=198 (full 14):
 par new generation   total 19008K, used 1198K [0x00000000c2600000, 0x00000000c3aa0000, 0x00000000d6e00000)
  eden space 16896K,   0% used [0x00000000c2600000, 0x00000000c2600000, 0x00000000c3680000)
  from space 2112K,  56% used [0x00000000c3680000, 0x00000000c37abbf0, 0x00000000c3890000)
  to   space 2112K,   0% used [0x00000000c3890000, 0x00000000c3890000, 0x00000000c3aa0000)
 concurrent mark-sweep generation total 56280K, used 33767K [0x00000000d6e00000, 0x00000000da4f6000, 0x0000000100000000)
 Metaspace       used 44003K, capacity 45918K, committed 46104K, reserved 1089536K
  class space    used 5473K, capacity 5863K, committed 5912K, reserved 1048576K
}
2022-08-07T09:29:12.519+0000: 14.429: Application time: 0.0394049 seconds
{Heap before GC invocations=198 (full 14):
 par new generation   total 19008K, used 18094K [0x00000000c2600000, 0x00000000c3aa0000, 0x00000000d6e00000)
  eden space 16896K, 100% used [0x00000000c2600000, 0x00000000c3680000, 0x00000000c3680000)
  from space 2112K,  56% used [0x00000000c3680000, 0x00000000c37abbf0, 0x00000000c3890000)
  to   space 2112K,   0% used [0x00000000c3890000, 0x00000000c3890000, 0x00000000c3aa0000)
 concurrent mark-sweep generation total 56280K, used 33767K [0x00000000d6e00000, 0x00000000da4f6000, 0x0000000100000000)
 Metaspace       used 44006K, capacity 45918K, committed 46104K, reserved 1089536K
  class space    used 5473K, capacity 5863K, committed 5912K, reserved 1048576K
2022-08-07T09:29:12.519+0000: 14.430: [GC (Allocation Failure) 2022-08-07T09:29:12.520+0000: 14.431: [ParNew: 18094K->1446K(19008K), 0.0030854 secs] 51862K->35213K(75288K), 0.0039701 secs] [Times: user=0.01 sys=0.00, real=0.01 secs] 
Heap after GC invocations=199 (full 14):
 par new generation   total 19008K, used 1446K [0x00000000c2600000, 0x00000000c3aa0000, 0x00000000d6e00000)
  eden space 16896K,   0% used [0x00000000c2600000, 0x00000000c2600000, 0x00000000c3680000)
  from space 2112K,  68% used [0x00000000c3890000, 0x00000000c39f98e0, 0x00000000c3aa0000)
  to   space 2112K,   0% used [0x00000000c3680000, 0x00000000c3680000, 0x00000000c3890000)
 concurrent mark-sweep generation total 56280K, used 33767K [0x00000000d6e00000, 0x00000000da4f6000, 0x0000000100000000)
 Metaspace       used 44006K, capacity 45918K, committed 46104K, reserved 1089536K
  class space    used 5473K, capacity 5863K, committed 5912K, reserved 1048576K
}
2022-08-07T09:29:12.538+0000: 14.449: Application time: 0.0144575 seconds
2022-08-07T09:29:12.555+0000: 14.466: Application time: 0.0166342 seconds
{Heap before GC invocations=199 (full 14):
 par new generation   total 19008K, used 18342K [0x00000000c2600000, 0x00000000c3aa0000, 0x00000000d6e00000)
  eden space 16896K, 100% used [0x00000000c2600000, 0x00000000c3680000, 0x00000000c3680000)
  from space 2112K,  68% used [0x00000000c3890000, 0x00000000c39f98e0, 0x00000000c3aa0000)
  to   space 2112K,   0% used [0x00000000c3680000, 0x00000000c3680000, 0x00000000c3890000)
 concurrent mark-sweep generation total 56280K, used 33767K [0x00000000d6e00000, 0x00000000da4f6000, 0x0000000100000000)
 Metaspace       used 44016K, capacity 45918K, committed 46104K, reserved 1089536K
  class space    used 5475K, capacity 5863K, committed 5912K, reserved 1048576K
2022-08-07T09:29:12.556+0000: 14.467: [GC (Allocation Failure) 2022-08-07T09:29:12.556+0000: 14.467: [ParNew: 18342K->1477K(19008K), 0.0048528 secs] 52109K->35311K(75288K), 0.0055787 secs] [Times: user=0.02 sys=0.00, real=0.01 secs] 
Heap after GC invocations=200 (full 14):
 par new generation   total 19008K, used 1477K [0x00000000c2600000, 0x00000000c3aa0000, 0x00000000d6e00000)
  eden space 16896K,   0% used [0x00000000c2600000, 0x00000000c2600000, 0x00000000c3680000)
  from space 2112K,  69% used [0x00000000c3680000, 0x00000000c37f1620, 0x00000000c3890000)
  to   space 2112K,   0% used [0x00000000c3890000, 0x00000000c3890000, 0x00000000c3aa0000)
 concurrent mark-sweep generation total 56280K, used 33834K [0x00000000d6e00000, 0x00000000da4f6000, 0x0000000100000000)
 Metaspace       used 44016K, capacity 45918K, committed 46104K, reserved 1089536K
  class space    used 5475K, capacity 5863K, committed 5912K, reserved 1048576K
}
2022-08-07T09:29:12.563+0000: 14.473: Application time: 0.0003006 seconds
2022-08-07T09:29:12.563+0000: 14.474: [GC (CMS Initial Mark) [1 CMS-initial-mark: 33834K(56280K)] 35678K(75288K), 0.0035176 secs] [Times: user=0.01 sys=0.00, real=0.00 secs] 
2022-08-07T09:29:12.567+0000: 14.478: [CMS-concurrent-mark-start]
2022-08-07T09:29:12.581+0000: 14.492: Application time: 0.0139564 seconds
2022-08-07T09:29:12.587+0000: 14.498: Application time: 0.0061949 seconds
2022-08-07T09:29:12.596+0000: 14.507: Application time: 0.0082627 seconds
2022-08-07T09:29:12.626+0000: 14.537: [CMS-concurrent-mark: 0.057/0.059 secs] [Times: user=0.20 sys=0.03, real=0.06 secs] 
2022-08-07T09:29:12.627+0000: 14.537: [CMS-concurrent-preclean-start]
2022-08-07T09:29:12.633+0000: 14.544: [CMS-concurrent-preclean: 0.004/0.007 secs] [Times: user=0.02 sys=0.00, real=0.01 secs] 
2022-08-07T09:29:12.634+0000: 14.545: [CMS-concurrent-abortable-preclean-start]
2022-08-07T09:29:12.640+0000: 14.551: Application time: 0.0433040 seconds
{Heap before GC invocations=200 (full 15):
 par new generation   total 19008K, used 18373K [0x00000000c2600000, 0x00000000c3aa0000, 0x00000000d6e00000)
  eden space 16896K, 100% used [0x00000000c2600000, 0x00000000c3680000, 0x00000000c3680000)
  from space 2112K,  69% used [0x00000000c3680000, 0x00000000c37f1620, 0x00000000c3890000)
  to   space 2112K,   0% used [0x00000000c3890000, 0x00000000c3890000, 0x00000000c3aa0000)
 concurrent mark-sweep generation total 56280K, used 33834K [0x00000000d6e00000, 0x00000000da4f6000, 0x0000000100000000)
 Metaspace       used 44168K, capacity 46084K, committed 46104K, reserved 1089536K
  class space    used 5500K, capacity 5896K, committed 5912K, reserved 1048576K
2022-08-07T09:29:12.641+0000: 14.551: [GC (Allocation Failure) 2022-08-07T09:29:12.641+0000: 14.552: [ParNew: 18373K->1957K(19008K), 0.0099449 secs] 52207K->35791K(75288K), 0.0109769 secs] [Times: user=0.03 sys=0.00, real=0.01 secs] 
Heap after GC invocations=201 (full 15):
 par new generation   total 19008K, used 1957K [0x00000000c2600000, 0x00000000c3aa0000, 0x00000000d6e00000)
  eden space 16896K,   0% used [0x00000000c2600000, 0x00000000c2600000, 0x00000000c3680000)
  from space 2112K,  92% used [0x00000000c3890000, 0x00000000c3a794d8, 0x00000000c3aa0000)
  to   space 2112K,   0% used [0x00000000c3680000, 0x00000000c3680000, 0x00000000c3890000)
 concurrent mark-sweep generation total 56280K, used 33834K [0x00000000d6e00000, 0x00000000da4f6000, 0x0000000100000000)
 Metaspace       used 44168K, capacity 46084K, committed 46104K, reserved 1089536K
  class space    used 5500K, capacity 5896K, committed 5912K, reserved 1048576K
}
2022-08-07T09:29:12.703+0000: 14.613: Application time: 0.0503520 seconds
2022-08-07T09:29:12.703+0000: 14.614: Application time: 0.0002897 seconds
2022-08-07T09:29:12.705+0000: 14.616: Application time: 0.0020989 seconds
2022-08-07T09:29:12.806+0000: 14.717: Application time: 0.1009843 seconds
{Heap before GC invocations=201 (full 15):
 par new generation   total 19008K, used 18853K [0x00000000c2600000, 0x00000000c3aa0000, 0x00000000d6e00000)
  eden space 16896K, 100% used [0x00000000c2600000, 0x00000000c3680000, 0x00000000c3680000)
  from space 2112K,  92% used [0x00000000c3890000, 0x00000000c3a794d8, 0x00000000c3aa0000)
  to   space 2112K,   0% used [0x00000000c3680000, 0x00000000c3680000, 0x00000000c3890000)
 concurrent mark-sweep generation total 56280K, used 33834K [0x00000000d6e00000, 0x00000000da4f6000, 0x0000000100000000)
 Metaspace       used 44705K, capacity 46628K, committed 46744K, reserved 1089536K
  class space    used 5583K, capacity 5992K, committed 6040K, reserved 1048576K
2022-08-07T09:29:12.807+0000: 14.718: [GC (Allocation Failure) 2022-08-07T09:29:12.807+0000: 14.718: [ParNew2022-08-07T09:29:12.808+0000: 14.719: [CMS-concurrent-abortable-preclean: 0.032/0.174 secs] [Times: user=0.37 sys=0.10, real=0.17 secs] 
: 18853K->2030K(19008K), 0.0074608 secs] 52687K->36047K(75288K), 0.0082152 secs] [Times: user=0.01 sys=0.00, real=0.01 secs] 
Heap after GC invocations=202 (full 15):
 par new generation   total 19008K, used 2030K [0x00000000c2600000, 0x00000000c3aa0000, 0x00000000d6e00000)
  eden space 16896K,   0% used [0x00000000c2600000, 0x00000000c2600000, 0x00000000c3680000)
  from space 2112K,  96% used [0x00000000c3680000, 0x00000000c387b9c8, 0x00000000c3890000)
  to   space 2112K,   0% used [0x00000000c3890000, 0x00000000c3890000, 0x00000000c3aa0000)
 concurrent mark-sweep generation total 56280K, used 34016K [0x00000000d6e00000, 0x00000000da4f6000, 0x0000000100000000)
 Metaspace       used 44705K, capacity 46628K, committed 46744K, reserved 1089536K
  class space    used 5583K, capacity 5992K, committed 6040K, reserved 1048576K
}
2022-08-07T09:29:12.818+0000: 14.729: Application time: 0.0018843 seconds
2022-08-07T09:29:12.818+0000: 14.729: [GC (CMS Final Remark) [YG occupancy: 3404 K (19008 K)]2022-08-07T09:29:12.819+0000: 14.729: [Rescan (parallel) , 0.0057974 secs]2022-08-07T09:29:12.825+0000: 14.736: [weak refs processing, 0.0004571 secs]2022-08-07T09:29:12.826+0000: 14.736: [class unloading, 0.0124380 secs]2022-08-07T09:29:12.838+0000: 14.749: [scrub symbol table, 0.0099797 secs]2022-08-07T09:29:12.849+0000: 14.759: [scrub string table, 0.0010881 secs][1 CMS-remark: 34016K(56280K)] 37420K(75288K), 0.0319110 secs] [Times: user=0.03 sys=0.01, real=0.03 secs] 
2022-08-07T09:29:12.851+0000: 14.762: [CMS-concurrent-sweep-start]
2022-08-07T09:29:12.882+0000: 14.793: [CMS-concurrent-sweep: 0.031/0.031 secs] [Times: user=0.08 sys=0.02, real=0.03 secs] 
2022-08-07T09:29:12.886+0000: 14.796: [CMS-concurrent-reset-start]
2022-08-07T09:29:12.887+0000: 14.798: [CMS-concurrent-reset: 0.001/0.001 secs] [Times: user=0.01 sys=0.00, real=0.00 secs] 
2022-08-07T09:29:12.905+0000: 14.816: Application time: 0.0537877 seconds
{Heap before GC invocations=202 (full 15):
 par new generation   total 19008K, used 18926K [0x00000000c2600000, 0x00000000c3aa0000, 0x00000000d6e00000)
  eden space 16896K, 100% used [0x00000000c2600000, 0x00000000c3680000, 0x00000000c3680000)
  from space 2112K,  96% used [0x00000000c3680000, 0x00000000c387b9c8, 0x00000000c3890000)
  to   space 2112K,   0% used [0x00000000c3890000, 0x00000000c3890000, 0x00000000c3aa0000)
 concurrent mark-sweep generation total 56644K, used 33984K [0x00000000d6e00000, 0x00000000da551000, 0x0000000100000000)
 Metaspace       used 44807K, capacity 46750K, committed 47000K, reserved 1089536K
  class space    used 5594K, capacity 5991K, committed 6040K, reserved 1048576K
2022-08-07T09:29:12.905+0000: 14.816: [GC (Allocation Failure) 2022-08-07T09:29:12.906+0000: 14.816: [ParNew: 18926K->1449K(19008K), 0.0090904 secs] 52911K->36101K(75652K), 0.0097061 secs] [Times: user=0.02 sys=0.00, real=0.01 secs] 
Heap after GC invocations=203 (full 15):
 par new generation   total 19008K, used 1449K [0x00000000c2600000, 0x00000000c3aa0000, 0x00000000d6e00000)
  eden space 16896K,   0% used [0x00000000c2600000, 0x00000000c2600000, 0x00000000c3680000)
  from space 2112K,  68% used [0x00000000c3890000, 0x00000000c39fa600, 0x00000000c3aa0000)
  to   space 2112K,   0% used [0x00000000c3680000, 0x00000000c3680000, 0x00000000c3890000)
 concurrent mark-sweep generation total 56644K, used 34651K [0x00000000d6e00000, 0x00000000da551000, 0x0000000100000000)
 Metaspace       used 44807K, capacity 46750K, committed 47000K, reserved 1089536K
  class space    used 5594K, capacity 5991K, committed 6040K, reserved 1048576K
}
2022-08-07T09:29:12.916+0000: 14.827: Application time: 0.0002883 seconds
2022-08-07T09:29:12.916+0000: 14.827: [GC (CMS Initial Mark) [1 CMS-initial-mark: 34651K(56644K)] 36437K(75652K), 0.0022864 secs] [Times: user=0.01 sys=0.01, real=0.00 secs] 
2022-08-07T09:29:12.920+0000: 14.831: [CMS-concurrent-mark-start]
2022-08-07T09:29:12.947+0000: 14.858: Application time: 0.0277071 seconds
2022-08-07T09:29:12.955+0000: 14.866: Application time: 0.0080912 seconds
{Heap before GC invocations=203 (full 16):
 par new generation   total 19008K, used 18345K [0x00000000c2600000, 0x00000000c3aa0000, 0x00000000d6e00000)
  eden space 16896K, 100% used [0x00000000c2600000, 0x00000000c3680000, 0x00000000c3680000)
  from space 2112K,  68% used [0x00000000c3890000, 0x00000000c39fa600, 0x00000000c3aa0000)
  to   space 2112K,   0% used [0x00000000c3680000, 0x00000000c3680000, 0x00000000c3890000)
 concurrent mark-sweep generation total 56644K, used 34651K [0x00000000d6e00000, 0x00000000da551000, 0x0000000100000000)
 Metaspace       used 44818K, capacity 46754K, committed 47000K, reserved 1089536K
  class space    used 5595K, capacity 5993K, committed 6040K, reserved 1048576K
2022-08-07T09:29:12.956+0000: 14.866: [GC (Allocation Failure) 2022-08-07T09:29:12.956+0000: 14.867: [ParNew: 18345K->779K(19008K), 0.0034717 secs] 52997K->35430K(75652K), 0.0041752 secs] [Times: user=0.01 sys=0.00, real=0.00 secs] 
Heap after GC invocations=204 (full 16):
 par new generation   total 19008K, used 779K [0x00000000c2600000, 0x00000000c3aa0000, 0x00000000d6e00000)
  eden space 16896K,   0% used [0x00000000c2600000, 0x00000000c2600000, 0x00000000c3680000)
  from space 2112K,  36% used [0x00000000c3680000, 0x00000000c3742c68, 0x00000000c3890000)
  to   space 2112K,   0% used [0x00000000c3890000, 0x00000000c3890000, 0x00000000c3aa0000)
 concurrent mark-sweep generation total 56644K, used 34651K [0x00000000d6e00000, 0x00000000da551000, 0x0000000100000000)
 Metaspace       used 44818K, capacity 46754K, committed 47000K, reserved 1089536K
  class space    used 5595K, capacity 5993K, committed 6040K, reserved 1048576K
}
2022-08-07T09:29:12.999+0000: 14.909: Application time: 0.0380865 seconds
{Heap before GC invocations=204 (full 16):
 par new generation   total 19008K, used 17675K [0x00000000c2600000, 0x00000000c3aa0000, 0x00000000d6e00000)
  eden space 16896K, 100% used [0x00000000c2600000, 0x00000000c3680000, 0x00000000c3680000)
  from space 2112K,  36% used [0x00000000c3680000, 0x00000000c3742c68, 0x00000000c3890000)
  to   space 2112K,   0% used [0x00000000c3890000, 0x00000000c3890000, 0x00000000c3aa0000)
 concurrent mark-sweep generation total 56644K, used 34651K [0x00000000d6e00000, 0x00000000da551000, 0x0000000100000000)
 Metaspace       used 44835K, capacity 46766K, committed 47000K, reserved 1089536K
  class space    used 5597K, capacity 5995K, committed 6040K, reserved 1048576K
2022-08-07T09:29:13.000+0000: 14.911: [GC (Allocation Failure) 2022-08-07T09:29:13.000+0000: 14.911: [ParNew: 17675K->1147K(19008K), 0.0039071 secs] 52326K->35799K(75652K), 0.0045788 secs] [Times: user=0.01 sys=0.01, real=0.01 secs] 
Heap after GC invocations=205 (full 16):
 par new generation   total 19008K, used 1147K [0x00000000c2600000, 0x00000000c3aa0000, 0x00000000d6e00000)
  eden space 16896K,   0% used [0x00000000c2600000, 0x00000000c2600000, 0x00000000c3680000)
  from space 2112K,  54% used [0x00000000c3890000, 0x00000000c39aef30, 0x00000000c3aa0000)
  to   space 2112K,   0% used [0x00000000c3680000, 0x00000000c3680000, 0x00000000c3890000)
 concurrent mark-sweep generation total 56644K, used 34651K [0x00000000d6e00000, 0x00000000da551000, 0x0000000100000000)
 Metaspace       used 44835K, capacity 46766K, committed 47000K, reserved 1089536K
  class space    used 5597K, capacity 5995K, committed 6040K, reserved 1048576K
}
2022-08-07T09:29:13.017+0000: 14.927: [CMS-concurrent-mark: 0.083/0.096 secs] [Times: user=0.28 sys=0.05, real=0.10 secs] 
2022-08-07T09:29:13.017+0000: 14.928: [CMS-concurrent-preclean-start]
2022-08-07T09:29:13.019+0000: 14.930: Application time: 0.0139611 seconds
2022-08-07T09:29:13.037+0000: 14.948: [CMS-concurrent-preclean: 0.011/0.020 secs] [Times: user=0.05 sys=0.02, real=0.02 secs] 
2022-08-07T09:29:13.037+0000: 14.948: [CMS-concurrent-abortable-preclean-start]
2022-08-07T09:29:13.058+0000: 14.969: Application time: 0.0378693 seconds
{Heap before GC invocations=205 (full 16):
 par new generation   total 19008K, used 18043K [0x00000000c2600000, 0x00000000c3aa0000, 0x00000000d6e00000)
  eden space 16896K, 100% used [0x00000000c2600000, 0x00000000c3680000, 0x00000000c3680000)
  from space 2112K,  54% used [0x00000000c3890000, 0x00000000c39aef30, 0x00000000c3aa0000)
  to   space 2112K,   0% used [0x00000000c3680000, 0x00000000c3680000, 0x00000000c3890000)
 concurrent mark-sweep generation total 56644K, used 34651K [0x00000000d6e00000, 0x00000000da551000, 0x0000000100000000)
 Metaspace       used 44919K, capacity 46850K, committed 47000K, reserved 1089536K
  class space    used 5609K, capacity 5999K, committed 6040K, reserved 1048576K
2022-08-07T09:29:13.058+0000: 14.969: [GC (Allocation Failure) 2022-08-07T09:29:13.059+0000: 14.970: [ParNew: 18043K->1392K(19008K), 0.0040421 secs] 52695K->36043K(75652K), 0.0049868 secs] [Times: user=0.02 sys=0.00, real=0.01 secs] 
Heap after GC invocations=206 (full 16):
 par new generation   total 19008K, used 1392K [0x00000000c2600000, 0x00000000c3aa0000, 0x00000000d6e00000)
  eden space 16896K,   0% used [0x00000000c2600000, 0x00000000c2600000, 0x00000000c3680000)
  from space 2112K,  65% used [0x00000000c3680000, 0x00000000c37dc0a8, 0x00000000c3890000)
  to   space 2112K,   0% used [0x00000000c3890000, 0x00000000c3890000, 0x00000000c3aa0000)
 concurrent mark-sweep generation total 56644K, used 34651K [0x00000000d6e00000, 0x00000000da551000, 0x0000000100000000)
 Metaspace       used 44919K, capacity 46850K, committed 47000K, reserved 1089536K
  class space    used 5609K, capacity 5999K, committed 6040K, reserved 1048576K
}
2022-08-07T09:29:13.153+0000: 15.064: Application time: 0.0890442 seconds
{Heap before GC invocations=206 (full 16):
 par new generation   total 19008K, used 18288K [0x00000000c2600000, 0x00000000c3aa0000, 0x00000000d6e00000)
  eden space 16896K, 100% used [0x00000000c2600000, 0x00000000c3680000, 0x00000000c3680000)
  from space 2112K,  65% used [0x00000000c3680000, 0x00000000c37dc0a8, 0x00000000c3890000)
  to   space 2112K,   0% used [0x00000000c3890000, 0x00000000c3890000, 0x00000000c3aa0000)
 concurrent mark-sweep generation total 56644K, used 34651K [0x00000000d6e00000, 0x00000000da551000, 0x0000000100000000)
 Metaspace       used 45074K, capacity 46992K, committed 47256K, reserved 1091584K
  class space    used 5620K, capacity 6002K, committed 6040K, reserved 1048576K
2022-08-07T09:29:13.154+0000: 15.065: [GC (Allocation Failure) 2022-08-07T09:29:13.155+0000: 15.066: [ParNew: 18288K->1826K(19008K), 0.0043560 secs] 52939K->36478K(75652K), 0.0050204 secs] [Times: user=0.02 sys=0.00, real=0.00 secs] 
Heap after GC invocations=207 (full 16):
 par new generation   total 19008K, used 1826K [0x00000000c2600000, 0x00000000c3aa0000, 0x00000000d6e00000)
  eden space 16896K,   0% used [0x00000000c2600000, 0x00000000c2600000, 0x00000000c3680000)
  from space 2112K,  86% used [0x00000000c3890000, 0x00000000c3a58900, 0x00000000c3aa0000)
  to   space 2112K,   0% used [0x00000000c3680000, 0x00000000c3680000, 0x00000000c3890000)
 concurrent mark-sweep generation total 56644K, used 34651K [0x00000000d6e00000, 0x00000000da551000, 0x0000000100000000)
 Metaspace       used 45074K, capacity 46992K, committed 47256K, reserved 1091584K
  class space    used 5620K, capacity 6002K, committed 6040K, reserved 1048576K
}
2022-08-07T09:29:13.212+0000: 15.123: [CMS-concurrent-abortable-preclean: 0.088/0.175 secs] [Times: user=0.53 sys=0.09, real=0.18 secs] 
2022-08-07T09:29:13.213+0000: 15.123: Application time: 0.0526741 seconds
2022-08-07T09:29:13.213+0000: 15.124: [GC (CMS Final Remark) [YG occupancy: 13442 K (19008 K)]2022-08-07T09:29:13.214+0000: 15.124: [Rescan (parallel) , 0.0056457 secs]2022-08-07T09:29:13.220+0000: 15.130: [weak refs processing, 0.0004533 secs]2022-08-07T09:29:13.220+0000: 15.131: [class unloading, 0.0080923 secs]2022-08-07T09:29:13.229+0000: 15.140: [scrub symbol table, 0.0083647 secs]2022-08-07T09:29:13.238+0000: 15.149: [scrub string table, 0.0010897 secs][1 CMS-remark: 34651K(56644K)] 48094K(75652K), 0.0261496 secs] [Times: user=0.08 sys=0.01, real=0.02 secs] 
2022-08-07T09:29:13.240+0000: 15.151: [CMS-concurrent-sweep-start]
2022-08-07T09:29:13.255+0000: 15.166: Application time: 0.0148913 seconds
{Heap before GC invocations=207 (full 16):
 par new generation   total 19008K, used 18722K [0x00000000c2600000, 0x00000000c3aa0000, 0x00000000d6e00000)
  eden space 16896K, 100% used [0x00000000c2600000, 0x00000000c3680000, 0x00000000c3680000)
  from space 2112K,  86% used [0x00000000c3890000, 0x00000000c3a58900, 0x00000000c3aa0000)
  to   space 2112K,   0% used [0x00000000c3680000, 0x00000000c3680000, 0x00000000c3890000)
 concurrent mark-sweep generation total 56644K, used 34646K [0x00000000d6e00000, 0x00000000da551000, 0x0000000100000000)
 Metaspace       used 45251K, capacity 47254K, committed 47640K, reserved 1091584K
  class space    used 5644K, capacity 6045K, committed 6168K, reserved 1048576K
2022-08-07T09:29:13.255+0000: 15.166: [GC (Allocation Failure) 2022-08-07T09:29:13.256+0000: 15.166: [ParNew: 18722K->1593K(19008K), 0.0069233 secs] 53368K->36734K(75652K), 0.0075990 secs] [Times: user=0.02 sys=0.01, real=0.01 secs] 
Heap after GC invocations=208 (full 16):
 par new generation   total 19008K, used 1593K [0x00000000c2600000, 0x00000000c3aa0000, 0x00000000d6e00000)
  eden space 16896K,   0% used [0x00000000c2600000, 0x00000000c2600000, 0x00000000c3680000)
  from space 2112K,  75% used [0x00000000c3680000, 0x00000000c380e568, 0x00000000c3890000)
  to   space 2112K,   0% used [0x00000000c3890000, 0x00000000c3890000, 0x00000000c3aa0000)
 concurrent mark-sweep generation total 56644K, used 35141K [0x00000000d6e00000, 0x00000000da551000, 0x0000000100000000)
 Metaspace       used 45251K, capacity 47254K, committed 47640K, reserved 1091584K
  class space    used 5644K, capacity 6045K, committed 6168K, reserved 1048576K
}
2022-08-07T09:29:13.271+0000: 15.182: [CMS-concurrent-sweep: 0.021/0.031 secs] [Times: user=0.10 sys=0.01, real=0.04 secs] 
2022-08-07T09:29:13.274+0000: 15.185: [CMS-concurrent-reset-start]
2022-08-07T09:29:13.281+0000: 15.192: [CMS-concurrent-reset: 0.007/0.007 secs] [Times: user=0.02 sys=0.00, real=0.01 secs] 
2022-08-07T09:29:13.285+0000: 15.196: Application time: 0.0216392 seconds
2022-08-07T09:29:13.344+0000: 15.255: Application time: 0.0586700 seconds
{Heap before GC invocations=208 (full 16):
 par new generation   total 19008K, used 18489K [0x00000000c2600000, 0x00000000c3aa0000, 0x00000000d6e00000)
  eden space 16896K, 100% used [0x00000000c2600000, 0x00000000c3680000, 0x00000000c3680000)
  from space 2112K,  75% used [0x00000000c3680000, 0x00000000c380e568, 0x00000000c3890000)
  to   space 2112K,   0% used [0x00000000c3890000, 0x00000000c3890000, 0x00000000c3aa0000)
 concurrent mark-sweep generation total 58524K, used 35112K [0x00000000d6e00000, 0x00000000da727000, 0x0000000100000000)
 Metaspace       used 45356K, capacity 47326K, committed 47640K, reserved 1091584K
  class space    used 5653K, capacity 6047K, committed 6168K, reserved 1048576K
2022-08-07T09:29:13.345+0000: 15.256: [GC (Allocation Failure) 2022-08-07T09:29:13.347+0000: 15.258: [ParNew: 18489K->1419K(19008K), 0.0056110 secs] 53602K->36532K(77532K), 0.0177912 secs] [Times: user=0.02 sys=0.00, real=0.02 secs] 
Heap after GC invocations=209 (full 16):
 par new generation   total 19008K, used 1419K [0x00000000c2600000, 0x00000000c3aa0000, 0x00000000d6e00000)
  eden space 16896K,   0% used [0x00000000c2600000, 0x00000000c2600000, 0x00000000c3680000)
  from space 2112K,  67% used [0x00000000c3890000, 0x00000000c39f2d90, 0x00000000c3aa0000)
  to   space 2112K,   0% used [0x00000000c3680000, 0x00000000c3680000, 0x00000000c3890000)
 concurrent mark-sweep generation total 58524K, used 35112K [0x00000000d6e00000, 0x00000000da727000, 0x0000000100000000)
 Metaspace       used 45356K, capacity 47326K, committed 47640K, reserved 1091584K
  class space    used 5653K, capacity 6047K, committed 6168K, reserved 1048576K
}
2022-08-07T09:29:13.425+0000: 15.335: Application time: 0.0612058 seconds
{Heap before GC invocations=209 (full 16):
 par new generation   total 19008K, used 18315K [0x00000000c2600000, 0x00000000c3aa0000, 0x00000000d6e00000)
  eden space 16896K, 100% used [0x00000000c2600000, 0x00000000c3680000, 0x00000000c3680000)
  from space 2112K,  67% used [0x00000000c3890000, 0x00000000c39f2d90, 0x00000000c3aa0000)
  to   space 2112K,   0% used [0x00000000c3680000, 0x00000000c3680000, 0x00000000c3890000)
 concurrent mark-sweep generation total 58524K, used 35112K [0x00000000d6e00000, 0x00000000da727000, 0x0000000100000000)
 Metaspace       used 45406K, capacity 47416K, committed 47640K, reserved 1091584K
  class space    used 5659K, capacity 6052K, committed 6168K, reserved 1048576K
2022-08-07T09:29:13.429+0000: 15.340: [GC (Allocation Failure) 2022-08-07T09:29:13.429+0000: 15.340: [ParNew: 18315K->1405K(19008K), 0.0150346 secs] 53428K->36627K(77532K), 0.0158684 secs] [Times: user=0.03 sys=0.01, real=0.02 secs] 
Heap after GC invocations=210 (full 16):
 par new generation   total 19008K, used 1405K [0x00000000c2600000, 0x00000000c3aa0000, 0x00000000d6e00000)
  eden space 16896K,   0% used [0x00000000c2600000, 0x00000000c2600000, 0x00000000c3680000)
  from space 2112K,  66% used [0x00000000c3680000, 0x00000000c37df7e8, 0x00000000c3890000)
  to   space 2112K,   0% used [0x00000000c3890000, 0x00000000c3890000, 0x00000000c3aa0000)
 concurrent mark-sweep generation total 58524K, used 35221K [0x00000000d6e00000, 0x00000000da727000, 0x0000000100000000)
 Metaspace       used 45406K, capacity 47416K, committed 47640K, reserved 1091584K
  class space    used 5659K, capacity 6052K, committed 6168K, reserved 1048576K
}
2022-08-07T09:29:13.448+0000: 15.359: Application time: 0.0024677 seconds
2022-08-07T09:29:13.453+0000: 15.363: [GC (CMS Initial Mark) [1 CMS-initial-mark: 35221K(58524K)] 37663K(77532K), 0.0081055 secs] [Times: user=0.01 sys=0.00, real=0.01 secs] 
2022-08-07T09:29:13.463+0000: 15.373: [CMS-concurrent-mark-start]
2022-08-07T09:29:13.532+0000: 15.442: [CMS-concurrent-mark: 0.069/0.069 secs] [Times: user=0.23 sys=0.00, real=0.07 secs] 
2022-08-07T09:29:13.532+0000: 15.443: [CMS-concurrent-preclean-start]
2022-08-07T09:29:13.537+0000: 15.448: [CMS-concurrent-preclean: 0.003/0.005 secs] [Times: user=0.02 sys=0.01, real=0.00 secs] 
2022-08-07T09:29:13.538+0000: 15.448: [CMS-concurrent-abortable-preclean-start]
2022-08-07T09:29:13.543+0000: 15.454: Application time: 0.0810043 seconds
{Heap before GC invocations=210 (full 17):
 par new generation   total 19008K, used 18301K [0x00000000c2600000, 0x00000000c3aa0000, 0x00000000d6e00000)
  eden space 16896K, 100% used [0x00000000c2600000, 0x00000000c3680000, 0x00000000c3680000)
  from space 2112K,  66% used [0x00000000c3680000, 0x00000000c37df7e8, 0x00000000c3890000)
  to   space 2112K,   0% used [0x00000000c3890000, 0x00000000c3890000, 0x00000000c3aa0000)
 concurrent mark-sweep generation total 58524K, used 35221K [0x00000000d6e00000, 0x00000000da727000, 0x0000000100000000)
 Metaspace       used 45426K, capacity 47424K, committed 47640K, reserved 1091584K
  class space    used 5663K, capacity 6056K, committed 6168K, reserved 1048576K
2022-08-07T09:29:13.544+0000: 15.454: [GC (Allocation Failure) 2022-08-07T09:29:13.544+0000: 15.455: [ParNew: 18301K->1466K(19008K), 0.0041964 secs] 53523K->36688K(77532K), 0.0049863 secs] [Times: user=0.01 sys=0.00, real=0.00 secs] 
Heap after GC invocations=211 (full 17):
 par new generation   total 19008K, used 1466K [0x00000000c2600000, 0x00000000c3aa0000, 0x00000000d6e00000)
  eden space 16896K,   0% used [0x00000000c2600000, 0x00000000c2600000, 0x00000000c3680000)
  from space 2112K,  69% used [0x00000000c3890000, 0x00000000c39feb00, 0x00000000c3aa0000)
  to   space 2112K,   0% used [0x00000000c3680000, 0x00000000c3680000, 0x00000000c3890000)
 concurrent mark-sweep generation total 58524K, used 35221K [0x00000000d6e00000, 0x00000000da727000, 0x0000000100000000)
 Metaspace       used 45426K, capacity 47424K, committed 47640K, reserved 1091584K
  class space    used 5663K, capacity 6056K, committed 6168K, reserved 1048576K
}
2022-08-07T09:29:13.568+0000: 15.479: [CMS-concurrent-abortable-preclean: 0.017/0.031 secs] [Times: user=0.10 sys=0.01, real=0.03 secs] 
2022-08-07T09:29:13.569+0000: 15.480: Application time: 0.0198159 seconds
2022-08-07T09:29:13.569+0000: 15.480: [GC (CMS Final Remark) [YG occupancy: 12617 K (19008 K)]2022-08-07T09:29:13.570+0000: 15.480: [Rescan (parallel) , 0.0046026 secs]2022-08-07T09:29:13.575+0000: 15.485: [weak refs processing, 0.0005257 secs]2022-08-07T09:29:13.575+0000: 15.486: [class unloading, 0.0106490 secs]2022-08-07T09:29:13.587+0000: 15.497: [scrub symbol table, 0.0077975 secs]2022-08-07T09:29:13.595+0000: 15.506: [scrub string table, 0.0009886 secs][1 CMS-remark: 35221K(58524K)] 47838K(77532K), 0.0276422 secs] [Times: user=0.08 sys=0.00, real=0.03 secs] 
2022-08-07T09:29:13.598+0000: 15.509: [CMS-concurrent-sweep-start]
2022-08-07T09:29:13.612+0000: 15.523: [CMS-concurrent-sweep: 0.014/0.014 secs] [Times: user=0.05 sys=0.00, real=0.02 secs] 
2022-08-07T09:29:13.612+0000: 15.523: [CMS-concurrent-reset-start]
2022-08-07T09:29:13.613+0000: 15.524: [CMS-concurrent-reset: 0.001/0.001 secs] [Times: user=0.01 sys=0.00, real=0.00 secs] 
2022-08-07T09:29:13.619+0000: 15.529: Application time: 0.0208015 seconds
{Heap before GC invocations=211 (full 17):
 par new generation   total 19008K, used 18344K [0x00000000c2600000, 0x00000000c3aa0000, 0x00000000d6e00000)
  eden space 16896K,  99% used [0x00000000c2600000, 0x00000000c367b7b0, 0x00000000c3680000)
  from space 2112K,  69% used [0x00000000c3890000, 0x00000000c39feb00, 0x00000000c3aa0000)
  to   space 2112K,   0% used [0x00000000c3680000, 0x00000000c3680000, 0x00000000c3890000)
 concurrent mark-sweep generation total 58716K, used 35172K [0x00000000d6e00000, 0x00000000da757000, 0x0000000100000000)
 Metaspace       used 45455K, capacity 47406K, committed 47640K, reserved 1091584K
  class space    used 5667K, capacity 6053K, committed 6168K, reserved 1048576K
2022-08-07T09:29:13.619+0000: 15.530: [GC (Allocation Failure) 2022-08-07T09:29:13.620+0000: 15.530: [ParNew: 18344K->1504K(19008K), 0.0044138 secs] 53517K->36676K(77724K), 0.0054387 secs] [Times: user=0.02 sys=0.00, real=0.01 secs] 
Heap after GC invocations=212 (full 17):
 par new generation   total 19008K, used 1504K [0x00000000c2600000, 0x00000000c3aa0000, 0x00000000d6e00000)
  eden space 16896K,   0% used [0x00000000c2600000, 0x00000000c2600000, 0x00000000c3680000)
  from space 2112K,  71% used [0x00000000c3680000, 0x00000000c37f80b0, 0x00000000c3890000)
  to   space 2112K,   0% used [0x00000000c3890000, 0x00000000c3890000, 0x00000000c3aa0000)
 concurrent mark-sweep generation total 58716K, used 35172K [0x00000000d6e00000, 0x00000000da757000, 0x0000000100000000)
 Metaspace       used 45455K, capacity 47406K, committed 47640K, reserved 1091584K
  class space    used 5667K, capacity 6053K, committed 6168K, reserved 1048576K
}
2022-08-07T09:29:13.629+0000: 15.539: Application time: 0.0033604 seconds
{Heap before GC invocations=212 (full 17):
 par new generation   total 19008K, used 18352K [0x00000000c2600000, 0x00000000c3aa0000, 0x00000000d6e00000)
  eden space 16896K,  99% used [0x00000000c2600000, 0x00000000c3674260, 0x00000000c3680000)
  from space 2112K,  71% used [0x00000000c3680000, 0x00000000c37f80b0, 0x00000000c3890000)
  to   space 2112K,   0% used [0x00000000c3890000, 0x00000000c3890000, 0x00000000c3aa0000)
 concurrent mark-sweep generation total 58716K, used 35172K [0x00000000d6e00000, 0x00000000da757000, 0x0000000100000000)
 Metaspace       used 45456K, capacity 47406K, committed 47640K, reserved 1091584K
  class space    used 5667K, capacity 6053K, committed 6168K, reserved 1048576K
2022-08-07T09:29:13.629+0000: 15.540: [GC (Allocation Failure) 2022-08-07T09:29:13.630+0000: 15.540: [ParNew: 18352K->1602K(19008K), 0.0047145 secs] 53525K->36942K(77724K), 0.0055626 secs] [Times: user=0.01 sys=0.00, real=0.01 secs] 
Heap after GC invocations=213 (full 17):
 par new generation   total 19008K, used 1602K [0x00000000c2600000, 0x00000000c3aa0000, 0x00000000d6e00000)
  eden space 16896K,   0% used [0x00000000c2600000, 0x00000000c2600000, 0x00000000c3680000)
  from space 2112K,  75% used [0x00000000c3890000, 0x00000000c3a20a10, 0x00000000c3aa0000)
  to   space 2112K,   0% used [0x00000000c3680000, 0x00000000c3680000, 0x00000000c3890000)
 concurrent mark-sweep generation total 58716K, used 35339K [0x00000000d6e00000, 0x00000000da757000, 0x0000000100000000)
 Metaspace       used 45456K, capacity 47406K, committed 47640K, reserved 1091584K
  class space    used 5667K, capacity 6053K, committed 6168K, reserved 1048576K
}
2022-08-07T09:29:13.636+0000: 15.547: Application time: 0.0009067 seconds
2022-08-07T09:29:13.637+0000: 15.547: [GC (CMS Initial Mark) [1 CMS-initial-mark: 35339K(58716K)] 42275K(77724K), 0.0018952 secs] [Times: user=0.01 sys=0.00, real=0.00 secs] 
2022-08-07T09:29:13.639+0000: 15.550: [CMS-concurrent-mark-start]
2022-08-07T09:29:13.696+0000: 15.607: Application time: 0.0570283 seconds
2022-08-07T09:29:13.697+0000: 15.607: Application time: 0.0003415 seconds
2022-08-07T09:29:13.711+0000: 15.621: [CMS-concurrent-mark: 0.071/0.071 secs] [Times: user=0.21 sys=0.03, real=0.08 secs] 
2022-08-07T09:29:13.711+0000: 15.622: [CMS-concurrent-preclean-start]
2022-08-07T09:29:13.713+0000: 15.624: Application time: 0.0160785 seconds
2022-08-07T09:29:13.720+0000: 15.630: [CMS-concurrent-preclean: 0.006/0.009 secs] [Times: user=0.01 sys=0.00, real=0.00 secs] 
2022-08-07T09:29:13.720+0000: 15.631: [CMS-concurrent-abortable-preclean-start]
2022-08-07T09:29:13.722+0000: 15.632: Application time: 0.0087410 seconds
{Heap before GC invocations=213 (full 18):
 par new generation   total 19008K, used 18498K [0x00000000c2600000, 0x00000000c3aa0000, 0x00000000d6e00000)
  eden space 16896K, 100% used [0x00000000c2600000, 0x00000000c3680000, 0x00000000c3680000)
  from space 2112K,  75% used [0x00000000c3890000, 0x00000000c3a20a10, 0x00000000c3aa0000)
  to   space 2112K,   0% used [0x00000000c3680000, 0x00000000c3680000, 0x00000000c3890000)
 concurrent mark-sweep generation total 58716K, used 35339K [0x00000000d6e00000, 0x00000000da757000, 0x0000000100000000)
 Metaspace       used 45832K, capacity 47798K, committed 47896K, reserved 1091584K
  class space    used 5706K, capacity 6119K, committed 6168K, reserved 1048576K
2022-08-07T09:29:13.722+0000: 15.633: [GC (Allocation Failure) 2022-08-07T09:29:13.723+0000: 15.633: [ParNew: 18498K->1771K(19008K), 0.0082942 secs] 53838K->37111K(77724K), 0.0092805 secs] [Times: user=0.01 sys=0.00, real=0.01 secs] 
Heap after GC invocations=214 (full 18):
 par new generation   total 19008K, used 1771K [0x00000000c2600000, 0x00000000c3aa0000, 0x00000000d6e00000)
  eden space 16896K,   0% used [0x00000000c2600000, 0x00000000c2600000, 0x00000000c3680000)
  from space 2112K,  83% used [0x00000000c3680000, 0x00000000c383aed8, 0x00000000c3890000)
  to   space 2112K,   0% used [0x00000000c3890000, 0x00000000c3890000, 0x00000000c3aa0000)
 concurrent mark-sweep generation total 58716K, used 35339K [0x00000000d6e00000, 0x00000000da757000, 0x0000000100000000)
 Metaspace       used 45832K, capacity 47798K, committed 47896K, reserved 1091584K
  class space    used 5706K, capacity 6119K, committed 6168K, reserved 1048576K
}
2022-08-07T09:29:13.896+0000: 15.806: [CMS-concurrent-abortable-preclean: 0.049/0.175 secs] [Times: user=0.32 sys=0.11, real=0.18 secs] 
2022-08-07T09:29:13.896+0000: 15.807: Application time: 0.1638737 seconds
2022-08-07T09:29:13.897+0000: 15.807: [GC (CMS Final Remark) [YG occupancy: 12045 K (19008 K)]2022-08-07T09:29:13.897+0000: 15.808: [Rescan (parallel) , 0.0062991 secs]2022-08-07T09:29:13.904+0000: 15.814: [weak refs processing, 0.0039548 secs]2022-08-07T09:29:13.908+0000: 15.819: [class unloading, 0.0120832 secs]2022-08-07T09:29:13.921+0000: 15.831: [scrub symbol table, 0.0178945 secs]2022-08-07T09:29:13.939+0000: 15.849: [scrub string table, 0.0012954 secs][1 CMS-remark: 35339K(58716K)] 47385K(77724K), 0.0435755 secs] [Times: user=0.08 sys=0.03, real=0.05 secs] 
2022-08-07T09:29:13.941+0000: 15.852: [CMS-concurrent-sweep-start]
2022-08-07T09:29:13.955+0000: 15.866: [CMS-concurrent-sweep: 0.014/0.014 secs] [Times: user=0.05 sys=0.00, real=0.01 secs] 
2022-08-07T09:29:13.957+0000: 15.867: [CMS-concurrent-reset-start]
2022-08-07T09:29:13.957+0000: 15.868: [CMS-concurrent-reset: 0.001/0.001 secs] [Times: user=0.00 sys=0.00, real=0.00 secs] 
2022-08-07T09:29:13.996+0000: 15.907: Application time: 0.0554845 seconds
2022-08-07T09:29:14.027+0000: 15.938: Application time: 0.0303019 seconds
{Heap before GC invocations=214 (full 18):
 par new generation   total 19008K, used 18667K [0x00000000c2600000, 0x00000000c3aa0000, 0x00000000d6e00000)
  eden space 16896K, 100% used [0x00000000c2600000, 0x00000000c3680000, 0x00000000c3680000)
  from space 2112K,  83% used [0x00000000c3680000, 0x00000000c383aed8, 0x00000000c3890000)
  to   space 2112K,   0% used [0x00000000c3890000, 0x00000000c3890000, 0x00000000c3aa0000)
 concurrent mark-sweep generation total 58908K, used 35329K [0x00000000d6e00000, 0x00000000da787000, 0x0000000100000000)
 Metaspace       used 47178K, capacity 49184K, committed 49304K, reserved 1091584K
  class space    used 5816K, capacity 6218K, committed 6296K, reserved 1048576K
2022-08-07T09:29:14.027+0000: 15.938: [GC (Allocation Failure) 2022-08-07T09:29:14.028+0000: 15.938: [ParNew: 18667K->1775K(19008K), 0.0175862 secs] 53997K->37627K(77916K), 0.0183748 secs] [Times: user=0.04 sys=0.00, real=0.02 secs] 
Heap after GC invocations=215 (full 18):
 par new generation   total 19008K, used 1775K [0x00000000c2600000, 0x00000000c3aa0000, 0x00000000d6e00000)
  eden space 16896K,   0% used [0x00000000c2600000, 0x00000000c2600000, 0x00000000c3680000)
  from space 2112K,  84% used [0x00000000c3890000, 0x00000000c3a4bee8, 0x00000000c3aa0000)
  to   space 2112K,   0% used [0x00000000c3680000, 0x00000000c3680000, 0x00000000c3890000)
 concurrent mark-sweep generation total 58908K, used 35852K [0x00000000d6e00000, 0x00000000da787000, 0x0000000100000000)
 Metaspace       used 47178K, capacity 49184K, committed 49304K, reserved 1091584K
  class space    used 5816K, capacity 6218K, committed 6296K, reserved 1048576K
}
2022-08-07T09:29:14.046+0000: 15.957: Application time: 0.0001832 seconds
2022-08-07T09:29:14.047+0000: 15.957: [GC (CMS Initial Mark) [1 CMS-initial-mark: 35852K(58908K)] 37966K(77916K), 0.0050647 secs] [Times: user=0.01 sys=0.00, real=0.01 secs] 
2022-08-07T09:29:14.053+0000: 15.963: [CMS-concurrent-mark-start]
2022-08-07T09:29:14.118+0000: 16.028: [CMS-concurrent-mark: 0.065/0.065 secs] [Times: user=0.21 sys=0.01, real=0.06 secs] 
2022-08-07T09:29:14.118+0000: 16.029: [CMS-concurrent-preclean-start]
2022-08-07T09:29:14.121+0000: 16.032: [CMS-concurrent-preclean: 0.002/0.003 secs] [Times: user=0.01 sys=0.00, real=0.01 secs] 
2022-08-07T09:29:14.122+0000: 16.032: [CMS-concurrent-abortable-preclean-start]
2022-08-07T09:29:14.127+0000: 16.038: Application time: 0.0747017 seconds
2022-08-07T09:29:14.320+0000: 16.231: Application time: 0.1921324 seconds
2022-08-07T09:29:14.362+0000: 16.273: Application time: 0.0418185 seconds
{Heap before GC invocations=215 (full 19):
 par new generation   total 19008K, used 18671K [0x00000000c2600000, 0x00000000c3aa0000, 0x00000000d6e00000)
  eden space 16896K, 100% used [0x00000000c2600000, 0x00000000c3680000, 0x00000000c3680000)
  from space 2112K,  84% used [0x00000000c3890000, 0x00000000c3a4bee8, 0x00000000c3aa0000)
  to   space 2112K,   0% used [0x00000000c3680000, 0x00000000c3680000, 0x00000000c3890000)
 concurrent mark-sweep generation total 58908K, used 35852K [0x00000000d6e00000, 0x00000000da787000, 0x0000000100000000)
 Metaspace       used 48188K, capacity 50172K, committed 50456K, reserved 1093632K
  class space    used 5929K, capacity 6356K, committed 6424K, reserved 1048576K
2022-08-07T09:29:14.363+0000: 16.274: [GC (Allocation Failure) 2022-08-07T09:29:14.363+0000: 16.274: [ParNew: 18671K->1820K(19008K), 0.0060141 secs] 54523K->37974K(77916K), 0.0071949 secs] [Times: user=0.02 sys=0.00, real=0.00 secs] 
Heap after GC invocations=216 (full 19):
 par new generation   total 19008K, used 1820K [0x00000000c2600000, 0x00000000c3aa0000, 0x00000000d6e00000)
  eden space 16896K,   0% used [0x00000000c2600000, 0x00000000c2600000, 0x00000000c3680000)
  from space 2112K,  86% used [0x00000000c3680000, 0x00000000c3847120, 0x00000000c3890000)
  to   space 2112K,   0% used [0x00000000c3890000, 0x00000000c3890000, 0x00000000c3aa0000)
 concurrent mark-sweep generation total 58908K, used 36153K [0x00000000d6e00000, 0x00000000da787000, 0x0000000100000000)
 Metaspace       used 48188K, capacity 50172K, committed 50456K, reserved 1093632K
  class space    used 5929K, capacity 6356K, committed 6424K, reserved 1048576K
}
2022-08-07T09:29:14.399+0000: 16.310: Application time: 0.0289955 seconds
{Heap before GC invocations=216 (full 19):
 par new generation   total 19008K, used 18705K [0x00000000c2600000, 0x00000000c3aa0000, 0x00000000d6e00000)
  eden space 16896K,  99% used [0x00000000c2600000, 0x00000000c367d3f0, 0x00000000c3680000)
  from space 2112K,  86% used [0x00000000c3680000, 0x00000000c3847120, 0x00000000c3890000)
  to   space 2112K,   0% used [0x00000000c3890000, 0x00000000c3890000, 0x00000000c3aa0000)
 concurrent mark-sweep generation total 58908K, used 36153K [0x00000000d6e00000, 0x00000000da787000, 0x0000000100000000)
 Metaspace       used 48255K, capacity 50250K, committed 50456K, reserved 1093632K
  class space    used 5940K, capacity 6359K, committed 6424K, reserved 1048576K
2022-08-07T09:29:14.400+0000: 16.311: [GC (Allocation Failure) 2022-08-07T09:29:14.400+0000: 16.311: [ParNew: 18705K->957K(19008K), 0.0277733 secs] 54859K->37683K(77916K), 0.0285806 secs] [Times: user=0.05 sys=0.01, real=0.03 secs] 
Heap after GC invocations=217 (full 19):
 par new generation   total 19008K, used 957K [0x00000000c2600000, 0x00000000c3aa0000, 0x00000000d6e00000)
  eden space 16896K,   0% used [0x00000000c2600000, 0x00000000c2600000, 0x00000000c3680000)
  from space 2112K,  45% used [0x00000000c3890000, 0x00000000c397f510, 0x00000000c3aa0000)
  to   space 2112K,   0% used [0x00000000c3680000, 0x00000000c3680000, 0x00000000c3890000)
 concurrent mark-sweep generation total 58908K, used 36726K [0x00000000d6e00000, 0x00000000da787000, 0x0000000100000000)
 Metaspace       used 48255K, capacity 50250K, committed 50456K, reserved 1093632K
  class space    used 5940K, capacity 6359K, committed 6424K, reserved 1048576K
}
2022-08-07T09:29:14.431+0000: 16.342: [CMS-concurrent-abortable-preclean: 0.057/0.310 secs] [Times: user=0.75 sys=0.08, real=0.31 secs] 
2022-08-07T09:29:14.434+0000: 16.344: Application time: 0.0041789 seconds
2022-08-07T09:29:14.434+0000: 16.345: [GC (CMS Final Remark) [YG occupancy: 17712 K (19008 K)]2022-08-07T09:29:14.434+0000: 16.345: [Rescan (parallel) , 0.0045261 secs]2022-08-07T09:29:14.439+0000: 16.350: [weak refs processing, 0.0004944 secs]2022-08-07T09:29:14.440+0000: 16.351: [class unloading, 0.0103456 secs]2022-08-07T09:29:14.451+0000: 16.362: [scrub symbol table, 0.0086511 secs]2022-08-07T09:29:14.460+0000: 16.371: [scrub string table, 0.0011847 secs][1 CMS-remark: 36726K(58908K)] 54439K(77916K), 0.0275410 secs] [Times: user=0.04 sys=0.00, real=0.03 secs] 
2022-08-07T09:29:14.463+0000: 16.373: [CMS-concurrent-sweep-start]
2022-08-07T09:29:14.463+0000: 16.374: Application time: 0.0012033 seconds
{Heap before GC invocations=217 (full 19):
 par new generation   total 19008K, used 17853K [0x00000000c2600000, 0x00000000c3aa0000, 0x00000000d6e00000)
  eden space 16896K, 100% used [0x00000000c2600000, 0x00000000c3680000, 0x00000000c3680000)
  from space 2112K,  45% used [0x00000000c3890000, 0x00000000c397f510, 0x00000000c3aa0000)
  to   space 2112K,   0% used [0x00000000c3680000, 0x00000000c3680000, 0x00000000c3890000)
 concurrent mark-sweep generation total 58908K, used 36699K [0x00000000d6e00000, 0x00000000da787000, 0x0000000100000000)
 Metaspace       used 48256K, capacity 50250K, committed 50456K, reserved 1093632K
  class space    used 5940K, capacity 6359K, committed 6424K, reserved 1048576K
2022-08-07T09:29:14.464+0000: 16.374: [GC (Allocation Failure) 2022-08-07T09:29:14.465+0000: 16.376: [ParNew: 17853K->795K(19008K), 0.0032941 secs] 54552K->37494K(77916K), 0.0051104 secs] [Times: user=0.01 sys=0.00, real=0.00 secs] 
Heap after GC invocations=218 (full 19):
 par new generation   total 19008K, used 795K [0x00000000c2600000, 0x00000000c3aa0000, 0x00000000d6e00000)
  eden space 16896K,   0% used [0x00000000c2600000, 0x00000000c2600000, 0x00000000c3680000)
  from space 2112K,  37% used [0x00000000c3680000, 0x00000000c3746d70, 0x00000000c3890000)
  to   space 2112K,   0% used [0x00000000c3890000, 0x00000000c3890000, 0x00000000c3aa0000)
 concurrent mark-sweep generation total 58908K, used 36699K [0x00000000d6e00000, 0x00000000da787000, 0x0000000100000000)
 Metaspace       used 48256K, capacity 50250K, committed 50456K, reserved 1093632K
  class space    used 5940K, capacity 6359K, committed 6424K, reserved 1048576K
}
2022-08-07T09:29:14.483+0000: 16.394: Application time: 0.0133520 seconds
2022-08-07T09:29:14.485+0000: 16.395: Application time: 0.0014379 seconds
2022-08-07T09:29:14.486+0000: 16.397: [CMS-concurrent-sweep: 0.016/0.024 secs] [Times: user=0.07 sys=0.01, real=0.02 secs] 
2022-08-07T09:29:14.487+0000: 16.398: [CMS-concurrent-reset-start]
2022-08-07T09:29:14.487+0000: 16.398: [CMS-concurrent-reset: 0.001/0.001 secs] [Times: user=0.00 sys=0.00, real=0.00 secs] 
2022-08-07T09:29:14.491+0000: 16.401: Application time: 0.0056486 seconds
2022-08-07T09:29:14.518+0000: 16.429: Application time: 0.0271254 seconds
{Heap before GC invocations=218 (full 19):
 par new generation   total 19008K, used 17691K [0x00000000c2600000, 0x00000000c3aa0000, 0x00000000d6e00000)
  eden space 16896K, 100% used [0x00000000c2600000, 0x00000000c3680000, 0x00000000c3680000)
  from space 2112K,  37% used [0x00000000c3680000, 0x00000000c3746d70, 0x00000000c3890000)
  to   space 2112K,   0% used [0x00000000c3890000, 0x00000000c3890000, 0x00000000c3aa0000)
 concurrent mark-sweep generation total 59536K, used 35719K [0x00000000d6e00000, 0x00000000da824000, 0x0000000100000000)
 Metaspace       used 48303K, capacity 50314K, committed 50456K, reserved 1093632K
  class space    used 5953K, capacity 6359K, committed 6424K, reserved 1048576K
2022-08-07T09:29:14.519+0000: 16.429: [GC (Allocation Failure) 2022-08-07T09:29:14.519+0000: 16.430: [ParNew: 17691K->1919K(19008K), 0.0045830 secs] 53410K->37638K(78544K), 0.0058145 secs] [Times: user=0.02 sys=0.00, real=0.01 secs] 
Heap after GC invocations=219 (full 19):
 par new generation   total 19008K, used 1919K [0x00000000c2600000, 0x00000000c3aa0000, 0x00000000d6e00000)
  eden space 16896K,   0% used [0x00000000c2600000, 0x00000000c2600000, 0x00000000c3680000)
  from space 2112K,  90% used [0x00000000c3890000, 0x00000000c3a6fd10, 0x00000000c3aa0000)
  to   space 2112K,   0% used [0x00000000c3680000, 0x00000000c3680000, 0x00000000c3890000)
 concurrent mark-sweep generation total 59536K, used 35719K [0x00000000d6e00000, 0x00000000da824000, 0x0000000100000000)
 Metaspace       used 48303K, capacity 50314K, committed 50456K, reserved 1093632K
  class space    used 5953K, capacity 6359K, committed 6424K, reserved 1048576K
}
2022-08-07T09:29:14.554+0000: 16.465: Application time: 0.0287252 seconds
2022-08-07T09:29:14.559+0000: 16.469: Application time: 0.0043067 seconds
{Heap before GC invocations=219 (full 19):
 par new generation   total 19008K, used 18815K [0x00000000c2600000, 0x00000000c3aa0000, 0x00000000d6e00000)
  eden space 16896K, 100% used [0x00000000c2600000, 0x00000000c3680000, 0x00000000c3680000)
  from space 2112K,  90% used [0x00000000c3890000, 0x00000000c3a6fd10, 0x00000000c3aa0000)
  to   space 2112K,   0% used [0x00000000c3680000, 0x00000000c3680000, 0x00000000c3890000)
 concurrent mark-sweep generation total 59536K, used 35719K [0x00000000d6e00000, 0x00000000da824000, 0x0000000100000000)
 Metaspace       used 48347K, capacity 50346K, committed 50456K, reserved 1093632K
  class space    used 5958K, capacity 6391K, committed 6424K, reserved 1048576K
2022-08-07T09:29:14.560+0000: 16.471: [GC (Allocation Failure) 2022-08-07T09:29:14.560+0000: 16.471: [ParNew: 18815K->1258K(19008K), 0.0088215 secs] 54534K->38752K(78544K), 0.0095907 secs] [Times: user=0.03 sys=0.01, real=0.01 secs] 
Heap after GC invocations=220 (full 19):
 par new generation   total 19008K, used 1258K [0x00000000c2600000, 0x00000000c3aa0000, 0x00000000d6e00000)
  eden space 16896K,   0% used [0x00000000c2600000, 0x00000000c2600000, 0x00000000c3680000)
  from space 2112K,  59% used [0x00000000c3680000, 0x00000000c37baa60, 0x00000000c3890000)
  to   space 2112K,   0% used [0x00000000c3890000, 0x00000000c3890000, 0x00000000c3aa0000)
 concurrent mark-sweep generation total 59536K, used 37493K [0x00000000d6e00000, 0x00000000da824000, 0x0000000100000000)
 Metaspace       used 48347K, capacity 50346K, committed 50456K, reserved 1093632K
  class space    used 5958K, capacity 6391K, committed 6424K, reserved 1048576K
}
2022-08-07T09:29:14.570+0000: 16.481: Application time: 0.0003557 seconds
2022-08-07T09:29:14.572+0000: 16.483: [GC (CMS Initial Mark) [1 CMS-initial-mark: 37493K(59536K)] 39094K(78544K), 0.0015308 secs] [Times: user=0.01 sys=0.00, real=0.00 secs] 
2022-08-07T09:29:14.574+0000: 16.485: [CMS-concurrent-mark-start]
2022-08-07T09:29:14.591+0000: 16.501: Application time: 0.0165383 seconds
{Heap before GC invocations=220 (full 20):
 par new generation   total 19008K, used 18117K [0x00000000c2600000, 0x00000000c3aa0000, 0x00000000d6e00000)
  eden space 16896K,  99% used [0x00000000c2600000, 0x00000000c3676a08, 0x00000000c3680000)
  from space 2112K,  59% used [0x00000000c3680000, 0x00000000c37baa60, 0x00000000c3890000)
  to   space 2112K,   0% used [0x00000000c3890000, 0x00000000c3890000, 0x00000000c3aa0000)
 concurrent mark-sweep generation total 59536K, used 37493K [0x00000000d6e00000, 0x00000000da824000, 0x0000000100000000)
 Metaspace       used 48362K, capacity 50410K, committed 50712K, reserved 1093632K
  class space    used 5960K, capacity 6391K, committed 6424K, reserved 1048576K
2022-08-07T09:29:14.591+0000: 16.502: [GC (Allocation Failure) 2022-08-07T09:29:14.592+0000: 16.502: [ParNew: 18117K->624K(19008K), 0.0017664 secs] 55610K->38118K(78544K), 0.0027212 secs] [Times: user=0.00 sys=0.00, real=0.00 secs] 
Heap after GC invocations=221 (full 20):
 par new generation   total 19008K, used 624K [0x00000000c2600000, 0x00000000c3aa0000, 0x00000000d6e00000)
  eden space 16896K,   0% used [0x00000000c2600000, 0x00000000c2600000, 0x00000000c3680000)
  from space 2112K,  29% used [0x00000000c3890000, 0x00000000c392c318, 0x00000000c3aa0000)
  to   space 2112K,   0% used [0x00000000c3680000, 0x00000000c3680000, 0x00000000c3890000)
 concurrent mark-sweep generation total 59536K, used 37493K [0x00000000d6e00000, 0x00000000da824000, 0x0000000100000000)
 Metaspace       used 48362K, capacity 50410K, committed 50712K, reserved 1093632K
  class space    used 5960K, capacity 6391K, committed 6424K, reserved 1048576K
}
2022-08-07T09:29:14.643+0000: 16.554: Application time: 0.0477788 seconds
{Heap before GC invocations=221 (full 20):
 par new generation   total 19008K, used 17520K [0x00000000c2600000, 0x00000000c3aa0000, 0x00000000d6e00000)
  eden space 16896K, 100% used [0x00000000c2600000, 0x00000000c3680000, 0x00000000c3680000)
  from space 2112K,  29% used [0x00000000c3890000, 0x00000000c392c318, 0x00000000c3aa0000)
  to   space 2112K,   0% used [0x00000000c3680000, 0x00000000c3680000, 0x00000000c3890000)
 concurrent mark-sweep generation total 59536K, used 37493K [0x00000000d6e00000, 0x00000000da824000, 0x0000000100000000)
 Metaspace       used 48550K, capacity 50564K, committed 50712K, reserved 1093632K
  class space    used 5976K, capacity 6396K, committed 6424K, reserved 1048576K
2022-08-07T09:29:14.644+0000: 16.555: [GC (Allocation Failure) 2022-08-07T09:29:14.645+0000: 16.555: [ParNew: 17520K->1139K(19008K), 0.0020163 secs] 55014K->38633K(78544K), 0.0026897 secs] [Times: user=0.01 sys=0.00, real=0.00 secs] 
Heap after GC invocations=222 (full 20):
 par new generation   total 19008K, used 1139K [0x00000000c2600000, 0x00000000c3aa0000, 0x00000000d6e00000)
  eden space 16896K,   0% used [0x00000000c2600000, 0x00000000c2600000, 0x00000000c3680000)
  from space 2112K,  53% used [0x00000000c3680000, 0x00000000c379cda0, 0x00000000c3890000)
  to   space 2112K,   0% used [0x00000000c3890000, 0x00000000c3890000, 0x00000000c3aa0000)
 concurrent mark-sweep generation total 59536K, used 37493K [0x00000000d6e00000, 0x00000000da824000, 0x0000000100000000)
 Metaspace       used 48550K, capacity 50564K, committed 50712K, reserved 1093632K
  class space    used 5976K, capacity 6396K, committed 6424K, reserved 1048576K
}
2022-08-07T09:29:14.655+0000: 16.566: [CMS-concurrent-mark: 0.071/0.080 secs] [Times: user=0.25 sys=0.04, real=0.08 secs] 
2022-08-07T09:29:14.655+0000: 16.566: [CMS-concurrent-preclean-start]
2022-08-07T09:29:14.662+0000: 16.573: [CMS-concurrent-preclean: 0.004/0.007 secs] [Times: user=0.03 sys=0.00, real=0.01 secs] 
2022-08-07T09:29:14.663+0000: 16.573: Application time: 0.0146943 seconds
2022-08-07T09:29:14.663+0000: 16.574: [GC (CMS Final Remark) [YG occupancy: 2954 K (19008 K)]2022-08-07T09:29:14.664+0000: 16.574: [Rescan (parallel) , 0.0016255 secs]2022-08-07T09:29:14.666+0000: 16.576: [weak refs processing, 0.0007307 secs]2022-08-07T09:29:14.667+0000: 16.577: [class unloading, 0.0104958 secs]2022-08-07T09:29:14.678+0000: 16.588: [scrub symbol table, 0.0086933 secs]2022-08-07T09:29:14.687+0000: 16.597: [scrub string table, 0.0010111 secs][1 CMS-remark: 37493K(59536K)] 40447K(78544K), 0.0249650 secs] [Times: user=0.03 sys=0.00, real=0.02 secs] 
2022-08-07T09:29:14.689+0000: 16.600: [CMS-concurrent-sweep-start]
2022-08-07T09:29:14.707+0000: 16.617: [CMS-concurrent-sweep: 0.017/0.017 secs] [Times: user=0.06 sys=0.01, real=0.02 secs] 
2022-08-07T09:29:14.707+0000: 16.618: [CMS-concurrent-reset-start]
2022-08-07T09:29:14.708+0000: 16.619: [CMS-concurrent-reset: 0.001/0.001 secs] [Times: user=0.00 sys=0.00, real=0.00 secs] 
2022-08-07T09:29:14.831+0000: 16.742: Application time: 0.1421408 seconds
{Heap before GC invocations=222 (full 20):
 par new generation   total 19008K, used 18035K [0x00000000c2600000, 0x00000000c3aa0000, 0x00000000d6e00000)
  eden space 16896K, 100% used [0x00000000c2600000, 0x00000000c3680000, 0x00000000c3680000)
  from space 2112K,  53% used [0x00000000c3680000, 0x00000000c379cda0, 0x00000000c3890000)
  to   space 2112K,   0% used [0x00000000c3890000, 0x00000000c3890000, 0x00000000c3aa0000)
 concurrent mark-sweep generation total 62216K, used 37329K [0x00000000d6e00000, 0x00000000daac2000, 0x0000000100000000)
 Metaspace       used 49109K, capacity 51186K, committed 51352K, reserved 1093632K
  class space    used 6026K, capacity 6457K, committed 6552K, reserved 1048576K
2022-08-07T09:29:14.831+0000: 16.742: [GC (Allocation Failure) 2022-08-07T09:29:14.832+0000: 16.743: [ParNew: 18035K->1303K(19008K), 0.0024083 secs] 55364K->38633K(81224K), 0.0043055 secs] [Times: user=0.01 sys=0.00, real=0.00 secs] 
Heap after GC invocations=223 (full 20):
 par new generation   total 19008K, used 1303K [0x00000000c2600000, 0x00000000c3aa0000, 0x00000000d6e00000)
  eden space 16896K,   0% used [0x00000000c2600000, 0x00000000c2600000, 0x00000000c3680000)
  from space 2112K,  61% used [0x00000000c3890000, 0x00000000c39d5f88, 0x00000000c3aa0000)
  to   space 2112K,   0% used [0x00000000c3680000, 0x00000000c3680000, 0x00000000c3890000)
 concurrent mark-sweep generation total 62216K, used 37329K [0x00000000d6e00000, 0x00000000daac2000, 0x0000000100000000)
 Metaspace       used 49109K, capacity 51186K, committed 51352K, reserved 1093632K
  class space    used 6026K, capacity 6457K, committed 6552K, reserved 1048576K
}
2022-08-07T09:29:14.942+0000: 16.853: Application time: 0.1047051 seconds
{Heap before GC invocations=223 (full 20):
 par new generation   total 19008K, used 18199K [0x00000000c2600000, 0x00000000c3aa0000, 0x00000000d6e00000)
  eden space 16896K, 100% used [0x00000000c2600000, 0x00000000c3680000, 0x00000000c3680000)
  from space 2112K,  61% used [0x00000000c3890000, 0x00000000c39d5f88, 0x00000000c3aa0000)
  to   space 2112K,   0% used [0x00000000c3680000, 0x00000000c3680000, 0x00000000c3890000)
 concurrent mark-sweep generation total 62216K, used 37329K [0x00000000d6e00000, 0x00000000daac2000, 0x0000000100000000)
 Metaspace       used 49744K, capacity 51766K, committed 51992K, reserved 1095680K
  class space    used 6171K, capacity 6587K, committed 6680K, reserved 1048576K
2022-08-07T09:29:14.942+0000: 16.853: [GC (Allocation Failure) 2022-08-07T09:29:14.943+0000: 16.854: [ParNew: 18199K->1689K(19008K), 0.0022835 secs] 55529K->39019K(81224K), 0.0030214 secs] [Times: user=0.01 sys=0.00, real=0.00 secs] 
Heap after GC invocations=224 (full 20):
 par new generation   total 19008K, used 1689K [0x00000000c2600000, 0x00000000c3aa0000, 0x00000000d6e00000)
  eden space 16896K,   0% used [0x00000000c2600000, 0x00000000c2600000, 0x00000000c3680000)
  from space 2112K,  80% used [0x00000000c3680000, 0x00000000c3826680, 0x00000000c3890000)
  to   space 2112K,   0% used [0x00000000c3890000, 0x00000000c3890000, 0x00000000c3aa0000)
 concurrent mark-sweep generation total 62216K, used 37329K [0x00000000d6e00000, 0x00000000daac2000, 0x0000000100000000)
 Metaspace       used 49744K, capacity 51766K, committed 51992K, reserved 1095680K
  class space    used 6171K, capacity 6587K, committed 6680K, reserved 1048576K
}
2022-08-07T09:29:15.009+0000: 16.920: Application time: 0.0630218 seconds
{Heap before GC invocations=224 (full 20):
 par new generation   total 19008K, used 18585K [0x00000000c2600000, 0x00000000c3aa0000, 0x00000000d6e00000)
  eden space 16896K, 100% used [0x00000000c2600000, 0x00000000c3680000, 0x00000000c3680000)
  from space 2112K,  80% used [0x00000000c3680000, 0x00000000c3826680, 0x00000000c3890000)
  to   space 2112K,   0% used [0x00000000c3890000, 0x00000000c3890000, 0x00000000c3aa0000)
 concurrent mark-sweep generation total 62216K, used 37329K [0x00000000d6e00000, 0x00000000daac2000, 0x0000000100000000)
 Metaspace       used 49864K, capacity 51862K, committed 51992K, reserved 1095680K
  class space    used 6192K, capacity 6619K, committed 6680K, reserved 1048576K
2022-08-07T09:29:15.010+0000: 16.921: [GC (Allocation Failure) 2022-08-07T09:29:15.011+0000: 16.921: [ParNew: 18585K->1004K(19008K), 0.0024968 secs] 55915K->38700K(81224K), 0.0032233 secs] [Times: user=0.01 sys=0.01, real=0.01 secs] 
Heap after GC invocations=225 (full 20):
 par new generation   total 19008K, used 1004K [0x00000000c2600000, 0x00000000c3aa0000, 0x00000000d6e00000)
  eden space 16896K,   0% used [0x00000000c2600000, 0x00000000c2600000, 0x00000000c3680000)
  from space 2112K,  47% used [0x00000000c3890000, 0x00000000c398b178, 0x00000000c3aa0000)
  to   space 2112K,   0% used [0x00000000c3680000, 0x00000000c3680000, 0x00000000c3890000)
 concurrent mark-sweep generation total 62216K, used 37696K [0x00000000d6e00000, 0x00000000daac2000, 0x0000000100000000)
 Metaspace       used 49864K, capacity 51862K, committed 51992K, reserved 1095680K
  class space    used 6192K, capacity 6619K, committed 6680K, reserved 1048576K
}
2022-08-07T09:29:15.016+0000: 16.926: Application time: 0.0015154 seconds
2022-08-07T09:29:15.016+0000: 16.927: [GC (CMS Initial Mark) [1 CMS-initial-mark: 37696K(62216K)] 39389K(81224K), 0.0018217 secs] [Times: user=0.00 sys=0.00, real=0.00 secs] 
2022-08-07T09:29:15.018+0000: 16.929: [CMS-concurrent-mark-start]
2022-08-07T09:29:15.081+0000: 16.992: [CMS-concurrent-mark: 0.063/0.063 secs] [Times: user=0.22 sys=0.02, real=0.07 secs] 
2022-08-07T09:29:15.082+0000: 16.993: Application time: 0.0638989 seconds
{Heap before GC invocations=225 (full 21):
 par new generation   total 19008K, used 17900K [0x00000000c2600000, 0x00000000c3aa0000, 0x00000000d6e00000)
  eden space 16896K, 100% used [0x00000000c2600000, 0x00000000c3680000, 0x00000000c3680000)
  from space 2112K,  47% used [0x00000000c3890000, 0x00000000c398b178, 0x00000000c3aa0000)
  to   space 2112K,   0% used [0x00000000c3680000, 0x00000000c3680000, 0x00000000c3890000)
 concurrent mark-sweep generation total 62216K, used 37696K [0x00000000d6e00000, 0x00000000daac2000, 0x0000000100000000)
 Metaspace       used 50116K, capacity 52150K, committed 52248K, reserved 1095680K
  class space    used 6228K, capacity 6651K, committed 6680K, reserved 1048576K
2022-08-07T09:29:15.082+0000: 16.993: [GC (Allocation Failure) 2022-08-07T09:29:15.083+0000: 16.994: [ParNew: 17900K->1090K(19008K), 0.0022363 secs] 55596K->38787K(81224K), 0.0030107 secs] [Times: user=0.01 sys=0.00, real=0.00 secs] 
Heap after GC invocations=226 (full 21):
 par new generation   total 19008K, used 1090K [0x00000000c2600000, 0x00000000c3aa0000, 0x00000000d6e00000)
  eden space 16896K,   0% used [0x00000000c2600000, 0x00000000c2600000, 0x00000000c3680000)
  from space 2112K,  51% used [0x00000000c3680000, 0x00000000c37909f0, 0x00000000c3890000)
  to   space 2112K,   0% used [0x00000000c3890000, 0x00000000c3890000, 0x00000000c3aa0000)
 concurrent mark-sweep generation total 62216K, used 37696K [0x00000000d6e00000, 0x00000000daac2000, 0x0000000100000000)
 Metaspace       used 50116K, capacity 52150K, committed 52248K, reserved 1095680K
  class space    used 6228K, capacity 6651K, committed 6680K, reserved 1048576K
}
2022-08-07T09:29:15.086+0000: 16.997: [CMS-concurrent-preclean-start]
2022-08-07T09:29:15.104+0000: 17.014: [CMS-concurrent-preclean: 0.010/0.017 secs] [Times: user=0.05 sys=0.02, real=0.02 secs] 
2022-08-07T09:29:15.104+0000: 17.015: [CMS-concurrent-abortable-preclean-start]
2022-08-07T09:29:15.153+0000: 17.064: Application time: 0.0668576 seconds
{Heap before GC invocations=226 (full 21):
 par new generation   total 19008K, used 17986K [0x00000000c2600000, 0x00000000c3aa0000, 0x00000000d6e00000)
  eden space 16896K, 100% used [0x00000000c2600000, 0x00000000c3680000, 0x00000000c3680000)
  from space 2112K,  51% used [0x00000000c3680000, 0x00000000c37909f0, 0x00000000c3890000)
  to   space 2112K,   0% used [0x00000000c3890000, 0x00000000c3890000, 0x00000000c3aa0000)
 concurrent mark-sweep generation total 62216K, used 37696K [0x00000000d6e00000, 0x00000000daac2000, 0x0000000100000000)
 Metaspace       used 50326K, capacity 52388K, committed 52632K, reserved 1095680K
  class space    used 6271K, capacity 6686K, committed 6808K, reserved 1048576K
2022-08-07T09:29:15.153+0000: 17.064: [GC (Allocation Failure) 2022-08-07T09:29:15.154+0000: 17.065: [ParNew: 17986K->1163K(19008K), 0.0021975 secs] 55683K->38860K(81224K), 0.0030220 secs] [Times: user=0.00 sys=0.01, real=0.00 secs] 
Heap after GC invocations=227 (full 21):
 par new generation   total 19008K, used 1163K [0x00000000c2600000, 0x00000000c3aa0000, 0x00000000d6e00000)
  eden space 16896K,   0% used [0x00000000c2600000, 0x00000000c2600000, 0x00000000c3680000)
  from space 2112K,  55% used [0x00000000c3890000, 0x00000000c39b2fc8, 0x00000000c3aa0000)
  to   space 2112K,   0% used [0x00000000c3680000, 0x00000000c3680000, 0x00000000c3890000)
 concurrent mark-sweep generation total 62216K, used 37696K [0x00000000d6e00000, 0x00000000daac2000, 0x0000000100000000)
 Metaspace       used 50326K, capacity 52388K, committed 52632K, reserved 1095680K
  class space    used 6271K, capacity 6686K, committed 6808K, reserved 1048576K
}
2022-08-07T09:29:15.243+0000: 17.153: Application time: 0.0856036 seconds
{Heap before GC invocations=227 (full 21):
 par new generation   total 19008K, used 18059K [0x00000000c2600000, 0x00000000c3aa0000, 0x00000000d6e00000)
  eden space 16896K, 100% used [0x00000000c2600000, 0x00000000c3680000, 0x00000000c3680000)
  from space 2112K,  55% used [0x00000000c3890000, 0x00000000c39b2fc8, 0x00000000c3aa0000)
  to   space 2112K,   0% used [0x00000000c3680000, 0x00000000c3680000, 0x00000000c3890000)
 concurrent mark-sweep generation total 62216K, used 37696K [0x00000000d6e00000, 0x00000000daac2000, 0x0000000100000000)
 Metaspace       used 50787K, capacity 52842K, committed 53144K, reserved 1095680K
  class space    used 6331K, capacity 6751K, committed 6808K, reserved 1048576K
2022-08-07T09:29:15.243+0000: 17.154: [GC (Allocation Failure) 2022-08-07T09:29:15.244+0000: 17.154: [ParNew: 18059K->1452K(19008K), 0.0023650 secs] 55756K->39148K(81224K), 0.0030392 secs] [Times: user=0.00 sys=0.00, real=0.00 secs] 
Heap after GC invocations=228 (full 21):
 par new generation   total 19008K, used 1452K [0x00000000c2600000, 0x00000000c3aa0000, 0x00000000d6e00000)
  eden space 16896K,   0% used [0x00000000c2600000, 0x00000000c2600000, 0x00000000c3680000)
  from space 2112K,  68% used [0x00000000c3680000, 0x00000000c37eb1d8, 0x00000000c3890000)
  to   space 2112K,   0% used [0x00000000c3890000, 0x00000000c3890000, 0x00000000c3aa0000)
 concurrent mark-sweep generation total 62216K, used 37696K [0x00000000d6e00000, 0x00000000daac2000, 0x0000000100000000)
 Metaspace       used 50787K, capacity 52842K, committed 53144K, reserved 1095680K
  class space    used 6331K, capacity 6751K, committed 6808K, reserved 1048576K
}
2022-08-07T09:29:15.281+0000: 17.192: Application time: 0.0345073 seconds
{Heap before GC invocations=228 (full 21):
 par new generation   total 19008K, used 17424K [0x00000000c2600000, 0x00000000c3aa0000, 0x00000000d6e00000)
  eden space 16896K,  94% used [0x00000000c2600000, 0x00000000c3598f38, 0x00000000c3680000)
  from space 2112K,  68% used [0x00000000c3680000, 0x00000000c37eb1d8, 0x00000000c3890000)
  to   space 2112K,   0% used [0x00000000c3890000, 0x00000000c3890000, 0x00000000c3aa0000)
 concurrent mark-sweep generation total 62216K, used 37696K [0x00000000d6e00000, 0x00000000daac2000, 0x0000000100000000)
 Metaspace       used 50894K, capacity 52906K, committed 53144K, reserved 1095680K
  class space    used 6344K, capacity 6751K, committed 6808K, reserved 1048576K
2022-08-07T09:29:15.282+0000: 17.193: [GC (Allocation Failure) 2022-08-07T09:29:15.283+0000: 17.193: [ParNew: 17424K->2112K(19008K), 0.0044099 secs] 55120K->41902K(81224K), 0.0051455 secs] [Times: user=0.01 sys=0.00, real=0.00 secs] 
Heap after GC invocations=229 (full 21):
 par new generation   total 19008K, used 2112K [0x00000000c2600000, 0x00000000c3aa0000, 0x00000000d6e00000)
  eden space 16896K,   0% used [0x00000000c2600000, 0x00000000c2600000, 0x00000000c3680000)
  from space 2112K, 100% used [0x00000000c3890000, 0x00000000c3aa0000, 0x00000000c3aa0000)
  to   space 2112K,   0% used [0x00000000c3680000, 0x00000000c3680000, 0x00000000c3890000)
 concurrent mark-sweep generation total 62216K, used 39790K [0x00000000d6e00000, 0x00000000daac2000, 0x0000000100000000)
 Metaspace       used 50894K, capacity 52906K, committed 53144K, reserved 1095680K
  class space    used 6344K, capacity 6751K, committed 6808K, reserved 1048576K
}
2022-08-07T09:29:15.288+0000: 17.199: [CMS-concurrent-abortable-preclean: 0.048/0.184 secs] [Times: user=0.43 sys=0.12, real=0.18 secs] 
2022-08-07T09:29:15.290+0000: 17.200: Application time: 0.0016722 seconds
2022-08-07T09:29:15.290+0000: 17.201: [GC (CMS Final Remark) [YG occupancy: 5202 K (19008 K)]2022-08-07T09:29:15.290+0000: 17.201: [Rescan (parallel) , 0.0019346 secs]2022-08-07T09:29:15.292+0000: 17.203: [weak refs processing, 0.0003468 secs]2022-08-07T09:29:15.293+0000: 17.204: [class unloading, 0.0105144 secs]2022-08-07T09:29:15.304+0000: 17.214: [scrub symbol table, 0.0095806 secs]2022-08-07T09:29:15.314+0000: 17.224: [scrub string table, 0.0008522 secs][1 CMS-remark: 39790K(62216K)] 44993K(81224K), 0.0246270 secs] [Times: user=0.03 sys=0.00, real=0.03 secs] 
2022-08-07T09:29:15.315+0000: 17.226: [CMS-concurrent-sweep-start]
2022-08-07T09:29:15.327+0000: 17.238: Application time: 0.0124093 seconds
{Heap before GC invocations=229 (full 21):
 par new generation   total 19008K, used 19008K [0x00000000c2600000, 0x00000000c3aa0000, 0x00000000d6e00000)
  eden space 16896K, 100% used [0x00000000c2600000, 0x00000000c3680000, 0x00000000c3680000)
  from space 2112K, 100% used [0x00000000c3890000, 0x00000000c3aa0000, 0x00000000c3aa0000)
  to   space 2112K,   0% used [0x00000000c3680000, 0x00000000c3680000, 0x00000000c3890000)
 concurrent mark-sweep generation total 62216K, used 39790K [0x00000000d6e00000, 0x00000000daac2000, 0x0000000100000000)
 Metaspace       used 50901K, capacity 52906K, committed 53144K, reserved 1095680K
  class space    used 6344K, capacity 6751K, committed 6808K, reserved 1048576K
2022-08-07T09:29:15.328+0000: 17.238: [GC (Allocation Failure) 2022-08-07T09:29:15.328+0000: 17.239: [ParNew: 19008K->2112K(19008K), 0.0045748 secs] 58798K->43925K(81224K), 0.0051924 secs] [Times: user=0.01 sys=0.00, real=0.01 secs] 
Heap after GC invocations=230 (full 21):
 par new generation   total 19008K, used 2112K [0x00000000c2600000, 0x00000000c3aa0000, 0x00000000d6e00000)
  eden space 16896K,   0% used [0x00000000c2600000, 0x00000000c2600000, 0x00000000c3680000)
  from space 2112K, 100% used [0x00000000c3680000, 0x00000000c3890000, 0x00000000c3890000)
  to   space 2112K,   0% used [0x00000000c3890000, 0x00000000c3890000, 0x00000000c3aa0000)
 concurrent mark-sweep generation total 62216K, used 41813K [0x00000000d6e00000, 0x00000000daac2000, 0x0000000100000000)
 Metaspace       used 50901K, capacity 52906K, committed 53144K, reserved 1095680K
  class space    used 6344K, capacity 6751K, committed 6808K, reserved 1048576K
}
2022-08-07T09:29:15.338+0000: 17.249: [CMS-concurrent-sweep: 0.017/0.023 secs] [Times: user=0.06 sys=0.01, real=0.02 secs] 
2022-08-07T09:29:15.339+0000: 17.250: [CMS-concurrent-reset-start]
2022-08-07T09:29:15.339+0000: 17.250: [CMS-concurrent-reset: 0.001/0.001 secs] [Times: user=0.00 sys=0.00, real=0.00 secs] 
2022-08-07T09:29:15.345+0000: 17.255: Application time: 0.0110002 seconds
{Heap before GC invocations=230 (full 21):
 par new generation   total 19008K, used 19008K [0x00000000c2600000, 0x00000000c3aa0000, 0x00000000d6e00000)
  eden space 16896K, 100% used [0x00000000c2600000, 0x00000000c3680000, 0x00000000c3680000)
  from space 2112K, 100% used [0x00000000c3680000, 0x00000000c3890000, 0x00000000c3890000)
  to   space 2112K,   0% used [0x00000000c3890000, 0x00000000c3890000, 0x00000000c3aa0000)
 concurrent mark-sweep generation total 69688K, used 41811K [0x00000000d6e00000, 0x00000000db20e000, 0x0000000100000000)
 Metaspace       used 50898K, capacity 52904K, committed 53144K, reserved 1095680K
  class space    used 6344K, capacity 6750K, committed 6808K, reserved 1048576K
2022-08-07T09:29:15.345+0000: 17.256: [GC (Allocation Failure) 2022-08-07T09:29:15.345+0000: 17.256: [ParNew: 19008K->1167K(19008K), 0.0017363 secs] 60819K->42979K(88696K), 0.0026691 secs] [Times: user=0.01 sys=0.00, real=0.00 secs] 
Heap after GC invocations=231 (full 21):
 par new generation   total 19008K, used 1167K [0x00000000c2600000, 0x00000000c3aa0000, 0x00000000d6e00000)
  eden space 16896K,   0% used [0x00000000c2600000, 0x00000000c2600000, 0x00000000c3680000)
  from space 2112K,  55% used [0x00000000c3890000, 0x00000000c39b3d18, 0x00000000c3aa0000)
  to   space 2112K,   0% used [0x00000000c3680000, 0x00000000c3680000, 0x00000000c3890000)
 concurrent mark-sweep generation total 69688K, used 41812K [0x00000000d6e00000, 0x00000000db20e000, 0x0000000100000000)
 Metaspace       used 50898K, capacity 52904K, committed 53144K, reserved 1095680K
  class space    used 6344K, capacity 6750K, committed 6808K, reserved 1048576K
}
2022-08-07T09:29:15.359+0000: 17.270: Application time: 0.0108134 seconds
{Heap before GC invocations=231 (full 21):
 par new generation   total 19008K, used 18063K [0x00000000c2600000, 0x00000000c3aa0000, 0x00000000d6e00000)
  eden space 16896K, 100% used [0x00000000c2600000, 0x00000000c3680000, 0x00000000c3680000)
  from space 2112K,  55% used [0x00000000c3890000, 0x00000000c39b3d18, 0x00000000c3aa0000)
  to   space 2112K,   0% used [0x00000000c3680000, 0x00000000c3680000, 0x00000000c3890000)
 concurrent mark-sweep generation total 69688K, used 41812K [0x00000000d6e00000, 0x00000000db20e000, 0x0000000100000000)
 Metaspace       used 50898K, capacity 52904K, committed 53144K, reserved 1095680K
  class space    used 6344K, capacity 6750K, committed 6808K, reserved 1048576K
2022-08-07T09:29:15.360+0000: 17.271: [GC (Allocation Failure) 2022-08-07T09:29:15.360+0000: 17.271: [ParNew: 18063K->309K(19008K), 0.0019459 secs] 59875K->42121K(88696K), 0.0026751 secs] [Times: user=0.01 sys=0.00, real=0.01 secs] 
Heap after GC invocations=232 (full 21):
 par new generation   total 19008K, used 309K [0x00000000c2600000, 0x00000000c3aa0000, 0x00000000d6e00000)
  eden space 16896K,   0% used [0x00000000c2600000, 0x00000000c2600000, 0x00000000c3680000)
  from space 2112K,  14% used [0x00000000c3680000, 0x00000000c36cd430, 0x00000000c3890000)
  to   space 2112K,   0% used [0x00000000c3890000, 0x00000000c3890000, 0x00000000c3aa0000)
 concurrent mark-sweep generation total 69688K, used 41812K [0x00000000d6e00000, 0x00000000db20e000, 0x0000000100000000)
 Metaspace       used 50898K, capacity 52904K, committed 53144K, reserved 1095680K
  class space    used 6344K, capacity 6750K, committed 6808K, reserved 1048576K
}
2022-08-07T09:29:15.373+0000: 17.284: Application time: 0.0099977 seconds
{Heap before GC invocations=232 (full 21):
 par new generation   total 19008K, used 17205K [0x00000000c2600000, 0x00000000c3aa0000, 0x00000000d6e00000)
  eden space 16896K, 100% used [0x00000000c2600000, 0x00000000c3680000, 0x00000000c3680000)
  from space 2112K,  14% used [0x00000000c3680000, 0x00000000c36cd430, 0x00000000c3890000)
  to   space 2112K,   0% used [0x00000000c3890000, 0x00000000c3890000, 0x00000000c3aa0000)
 concurrent mark-sweep generation total 69688K, used 41812K [0x00000000d6e00000, 0x00000000db20e000, 0x0000000100000000)
 Metaspace       used 50898K, capacity 52904K, committed 53144K, reserved 1095680K
  class space    used 6344K, capacity 6750K, committed 6808K, reserved 1048576K
2022-08-07T09:29:15.374+0000: 17.285: [GC (Allocation Failure) 2022-08-07T09:29:15.374+0000: 17.285: [ParNew: 17205K->589K(19008K), 0.0017314 secs] 59017K->42401K(88696K), 0.0024805 secs] [Times: user=0.01 sys=0.00, real=0.00 secs] 
Heap after GC invocations=233 (full 21):
 par new generation   total 19008K, used 589K [0x00000000c2600000, 0x00000000c3aa0000, 0x00000000d6e00000)
  eden space 16896K,   0% used [0x00000000c2600000, 0x00000000c2600000, 0x00000000c3680000)
  from space 2112K,  27% used [0x00000000c3890000, 0x00000000c3923650, 0x00000000c3aa0000)
  to   space 2112K,   0% used [0x00000000c3680000, 0x00000000c3680000, 0x00000000c3890000)
 concurrent mark-sweep generation total 69688K, used 41812K [0x00000000d6e00000, 0x00000000db20e000, 0x0000000100000000)
 Metaspace       used 50898K, capacity 52904K, committed 53144K, reserved 1095680K
  class space    used 6344K, capacity 6750K, committed 6808K, reserved 1048576K
}
2022-08-07T09:29:15.388+0000: 17.299: Application time: 0.0110793 seconds
{Heap before GC invocations=233 (full 21):
 par new generation   total 19008K, used 17485K [0x00000000c2600000, 0x00000000c3aa0000, 0x00000000d6e00000)
  eden space 16896K, 100% used [0x00000000c2600000, 0x00000000c3680000, 0x00000000c3680000)
  from space 2112K,  27% used [0x00000000c3890000, 0x00000000c3923650, 0x00000000c3aa0000)
  to   space 2112K,   0% used [0x00000000c3680000, 0x00000000c3680000, 0x00000000c3890000)
 concurrent mark-sweep generation total 69688K, used 41812K [0x00000000d6e00000, 0x00000000db20e000, 0x0000000100000000)
 Metaspace       used 50901K, capacity 52904K, committed 53144K, reserved 1095680K
  class space    used 6344K, capacity 6750K, committed 6808K, reserved 1048576K
2022-08-07T09:29:15.389+0000: 17.300: [GC (Allocation Failure) 2022-08-07T09:29:15.390+0000: 17.300: [ParNew: 17485K->2111K(19008K), 0.0033368 secs] 59297K->45854K(88696K), 0.0041012 secs] [Times: user=0.01 sys=0.00, real=0.01 secs] 
Heap after GC invocations=234 (full 21):
 par new generation   total 19008K, used 2111K [0x00000000c2600000, 0x00000000c3aa0000, 0x00000000d6e00000)
  eden space 16896K,   0% used [0x00000000c2600000, 0x00000000c2600000, 0x00000000c3680000)
  from space 2112K,  99% used [0x00000000c3680000, 0x00000000c388ffd8, 0x00000000c3890000)
  to   space 2112K,   0% used [0x00000000c3890000, 0x00000000c3890000, 0x00000000c3aa0000)
 concurrent mark-sweep generation total 69688K, used 43742K [0x00000000d6e00000, 0x00000000db20e000, 0x0000000100000000)
 Metaspace       used 50901K, capacity 52904K, committed 53144K, reserved 1095680K
  class space    used 6344K, capacity 6750K, committed 6808K, reserved 1048576K
}
2022-08-07T09:29:15.395+0000: 17.306: Application time: 0.0008648 seconds
2022-08-07T09:29:15.395+0000: 17.306: [GC (CMS Initial Mark) [1 CMS-initial-mark: 43742K(69688K)] 49876K(88696K), 0.0014774 secs] [Times: user=0.00 sys=0.00, real=0.00 secs] 
2022-08-07T09:29:15.397+0000: 17.308: [CMS-concurrent-mark-start]
2022-08-07T09:29:15.405+0000: 17.316: Application time: 0.0077206 seconds
{Heap before GC invocations=234 (full 22):
 par new generation   total 19008K, used 19007K [0x00000000c2600000, 0x00000000c3aa0000, 0x00000000d6e00000)
  eden space 16896K, 100% used [0x00000000c2600000, 0x00000000c3680000, 0x00000000c3680000)
  from space 2112K,  99% used [0x00000000c3680000, 0x00000000c388ffd8, 0x00000000c3890000)
  to   space 2112K,   0% used [0x00000000c3890000, 0x00000000c3890000, 0x00000000c3aa0000)
 concurrent mark-sweep generation total 69688K, used 43742K [0x00000000d6e00000, 0x00000000db20e000, 0x0000000100000000)
 Metaspace       used 50901K, capacity 52904K, committed 53144K, reserved 1095680K
  class space    used 6344K, capacity 6750K, committed 6808K, reserved 1048576K
2022-08-07T09:29:15.405+0000: 17.316: [GC (Allocation Failure) 2022-08-07T09:29:15.406+0000: 17.316: [ParNew: 19007K->1092K(19008K), 0.0035127 secs] 62750K->46939K(88696K), 0.0042249 secs] [Times: user=0.01 sys=0.00, real=0.00 secs] 
Heap after GC invocations=235 (full 22):
 par new generation   total 19008K, used 1092K [0x00000000c2600000, 0x00000000c3aa0000, 0x00000000d6e00000)
  eden space 16896K,   0% used [0x00000000c2600000, 0x00000000c2600000, 0x00000000c3680000)
  from space 2112K,  51% used [0x00000000c3890000, 0x00000000c39a1048, 0x00000000c3aa0000)
  to   space 2112K,   0% used [0x00000000c3680000, 0x00000000c3680000, 0x00000000c3890000)
 concurrent mark-sweep generation total 69688K, used 45847K [0x00000000d6e00000, 0x00000000db20e000, 0x0000000100000000)
 Metaspace       used 50901K, capacity 52904K, committed 53144K, reserved 1095680K
  class space    used 6344K, capacity 6750K, committed 6808K, reserved 1048576K
}
2022-08-07T09:29:15.497+0000: 17.408: Application time: 0.0867192 seconds
{Heap before GC invocations=235 (full 22):
 par new generation   total 19008K, used 17988K [0x00000000c2600000, 0x00000000c3aa0000, 0x00000000d6e00000)
  eden space 16896K, 100% used [0x00000000c2600000, 0x00000000c3680000, 0x00000000c3680000)
  from space 2112K,  51% used [0x00000000c3890000, 0x00000000c39a1048, 0x00000000c3aa0000)
  to   space 2112K,   0% used [0x00000000c3680000, 0x00000000c3680000, 0x00000000c3890000)
 concurrent mark-sweep generation total 69688K, used 45847K [0x00000000d6e00000, 0x00000000db20e000, 0x0000000100000000)
 Metaspace       used 51296K, capacity 53320K, committed 53528K, reserved 1095680K
  class space    used 6444K, capacity 6846K, committed 6936K, reserved 1048576K
2022-08-07T09:29:15.498+0000: 17.408: [GC (Allocation Failure) 2022-08-07T09:29:15.498+0000: 17.409: [ParNew: 17988K->1016K(19008K), 0.0035805 secs] 63835K->46864K(88696K), 0.0043740 secs] [Times: user=0.00 sys=0.00, real=0.01 secs] 
Heap after GC invocations=236 (full 22):
 par new generation   total 19008K, used 1016K [0x00000000c2600000, 0x00000000c3aa0000, 0x00000000d6e00000)
  eden space 16896K,   0% used [0x00000000c2600000, 0x00000000c2600000, 0x00000000c3680000)
  from space 2112K,  48% used [0x00000000c3680000, 0x00000000c377e260, 0x00000000c3890000)
  to   space 2112K,   0% used [0x00000000c3890000, 0x00000000c3890000, 0x00000000c3aa0000)
 concurrent mark-sweep generation total 69688K, used 45847K [0x00000000d6e00000, 0x00000000db20e000, 0x0000000100000000)
 Metaspace       used 51296K, capacity 53320K, committed 53528K, reserved 1095680K
  class space    used 6444K, capacity 6846K, committed 6936K, reserved 1048576K
}
2022-08-07T09:29:15.554+0000: 17.465: [CMS-concurrent-mark: 0.140/0.156 secs] [Times: user=0.27 sys=0.07, real=0.16 secs] 
2022-08-07T09:29:15.554+0000: 17.465: [CMS-concurrent-preclean-start]
2022-08-07T09:29:15.562+0000: 17.472: [CMS-concurrent-preclean: 0.004/0.007 secs] [Times: user=0.02 sys=0.01, real=0.01 secs] 
2022-08-07T09:29:15.562+0000: 17.473: [CMS-concurrent-abortable-preclean-start]
2022-08-07T09:29:15.604+0000: 17.515: Application time: 0.1013921 seconds
{Heap before GC invocations=236 (full 22):
 par new generation   total 19008K, used 17912K [0x00000000c2600000, 0x00000000c3aa0000, 0x00000000d6e00000)
  eden space 16896K, 100% used [0x00000000c2600000, 0x00000000c3680000, 0x00000000c3680000)
  from space 2112K,  48% used [0x00000000c3680000, 0x00000000c377e260, 0x00000000c3890000)
  to   space 2112K,   0% used [0x00000000c3890000, 0x00000000c3890000, 0x00000000c3aa0000)
 concurrent mark-sweep generation total 69688K, used 45847K [0x00000000d6e00000, 0x00000000db20e000, 0x0000000100000000)
 Metaspace       used 51765K, capacity 53756K, committed 54168K, reserved 1095680K
  class space    used 6546K, capacity 6950K, committed 7064K, reserved 1048576K
2022-08-07T09:29:15.604+0000: 17.515: [GC (Allocation Failure) 2022-08-07T09:29:15.605+0000: 17.515: [ParNew: 17912K->514K(19008K), 0.0022018 secs] 63760K->46362K(88696K), 0.0027670 secs] [Times: user=0.00 sys=0.00, real=0.00 secs] 
Heap after GC invocations=237 (full 22):
 par new generation   total 19008K, used 514K [0x00000000c2600000, 0x00000000c3aa0000, 0x00000000d6e00000)
  eden space 16896K,   0% used [0x00000000c2600000, 0x00000000c2600000, 0x00000000c3680000)
  from space 2112K,  24% used [0x00000000c3890000, 0x00000000c3910a70, 0x00000000c3aa0000)
  to   space 2112K,   0% used [0x00000000c3680000, 0x00000000c3680000, 0x00000000c3890000)
 concurrent mark-sweep generation total 69688K, used 45847K [0x00000000d6e00000, 0x00000000db20e000, 0x0000000100000000)
 Metaspace       used 51765K, capacity 53756K, committed 54168K, reserved 1095680K
  class space    used 6546K, capacity 6950K, committed 7064K, reserved 1048576K
}
2022-08-07T09:29:15.683+0000: 17.594: Application time: 0.0755034 seconds
{Heap before GC invocations=237 (full 22):
 par new generation   total 19008K, used 17410K [0x00000000c2600000, 0x00000000c3aa0000, 0x00000000d6e00000)
  eden space 16896K, 100% used [0x00000000c2600000, 0x00000000c3680000, 0x00000000c3680000)
  from space 2112K,  24% used [0x00000000c3890000, 0x00000000c3910a70, 0x00000000c3aa0000)
  to   space 2112K,   0% used [0x00000000c3680000, 0x00000000c3680000, 0x00000000c3890000)
 concurrent mark-sweep generation total 69688K, used 45847K [0x00000000d6e00000, 0x00000000db20e000, 0x0000000100000000)
 Metaspace       used 52015K, capacity 54012K, committed 54168K, reserved 1095680K
  class space    used 6591K, capacity 7014K, committed 7064K, reserved 1048576K
2022-08-07T09:29:15.684+0000: 17.595: [GC (Allocation Failure) 2022-08-07T09:29:15.684+0000: 17.595: [ParNew: 17410K->464K(19008K), 0.0020887 secs] 63258K->46311K(88696K), 0.0028929 secs] [Times: user=0.01 sys=0.00, real=0.00 secs] 
Heap after GC invocations=238 (full 22):
 par new generation   total 19008K, used 464K [0x00000000c2600000, 0x00000000c3aa0000, 0x00000000d6e00000)
  eden space 16896K,   0% used [0x00000000c2600000, 0x00000000c2600000, 0x00000000c3680000)
  from space 2112K,  21% used [0x00000000c3680000, 0x00000000c36f4140, 0x00000000c3890000)
  to   space 2112K,   0% used [0x00000000c3890000, 0x00000000c3890000, 0x00000000c3aa0000)
 concurrent mark-sweep generation total 69688K, used 45847K [0x00000000d6e00000, 0x00000000db20e000, 0x0000000100000000)
 Metaspace       used 52015K, capacity 54012K, committed 54168K, reserved 1095680K
  class space    used 6591K, capacity 7014K, committed 7064K, reserved 1048576K
}
2022-08-07T09:29:15.756+0000: 17.666: Application time: 0.0681565 seconds
2022-08-07T09:29:15.766+0000: 17.677: [CMS-concurrent-abortable-preclean: 0.038/0.204 secs] [Times: user=0.31 sys=0.10, real=0.20 secs] 
2022-08-07T09:29:15.767+0000: 17.677: Application time: 0.0100403 seconds
2022-08-07T09:29:15.767+0000: 17.678: [GC (CMS Final Remark) [YG occupancy: 9561 K (19008 K)]2022-08-07T09:29:15.768+0000: 17.679: [Rescan (parallel) , 0.0044029 secs]2022-08-07T09:29:15.773+0000: 17.683: [weak refs processing, 0.0031091 secs]2022-08-07T09:29:15.776+0000: 17.687: [class unloading, 0.0181564 secs]2022-08-07T09:29:15.795+0000: 17.705: [scrub symbol table, 0.0167236 secs]2022-08-07T09:29:15.812+0000: 17.722: [scrub string table, 0.0018179 secs][1 CMS-remark: 45847K(69688K)] 55409K(88696K), 0.0469092 secs] [Times: user=0.03 sys=0.01, real=0.06 secs] 
2022-08-07T09:29:15.830+0000: 17.740: [CMS-concurrent-sweep-start]
2022-08-07T09:29:15.841+0000: 17.752: Application time: 0.0121159 seconds
{Heap before GC invocations=238 (full 22):
 par new generation   total 19008K, used 17345K [0x00000000c2600000, 0x00000000c3aa0000, 0x00000000d6e00000)
  eden space 16896K,  99% used [0x00000000c2600000, 0x00000000c367c458, 0x00000000c3680000)
  from space 2112K,  21% used [0x00000000c3680000, 0x00000000c36f4140, 0x00000000c3890000)
  to   space 2112K,   0% used [0x00000000c3890000, 0x00000000c3890000, 0x00000000c3aa0000)
 concurrent mark-sweep generation total 69688K, used 45841K [0x00000000d6e00000, 0x00000000db20e000, 0x0000000100000000)
 Metaspace       used 52305K, capacity 54364K, committed 54680K, reserved 1097728K
  class space    used 6620K, capacity 7046K, committed 7064K, reserved 1048576K
2022-08-07T09:29:15.842+0000: 17.752: [GC (Allocation Failure) 2022-08-07T09:29:15.842+0000: 17.753: [ParNew: 17345K->564K(19008K), 0.0021012 secs] 63186K->46405K(88696K), 0.0028457 secs] [Times: user=0.01 sys=0.01, real=0.00 secs] 
Heap after GC invocations=239 (full 22):
 par new generation   total 19008K, used 564K [0x00000000c2600000, 0x00000000c3aa0000, 0x00000000d6e00000)
  eden space 16896K,   0% used [0x00000000c2600000, 0x00000000c2600000, 0x00000000c3680000)
  from space 2112K,  26% used [0x00000000c3890000, 0x00000000c391d090, 0x00000000c3aa0000)
  to   space 2112K,   0% used [0x00000000c3680000, 0x00000000c3680000, 0x00000000c3890000)
 concurrent mark-sweep generation total 69688K, used 45841K [0x00000000d6e00000, 0x00000000db20e000, 0x0000000100000000)
 Metaspace       used 52305K, capacity 54364K, committed 54680K, reserved 1097728K
  class space    used 6620K, capacity 7046K, committed 7064K, reserved 1048576K
}
2022-08-07T09:29:15.850+0000: 17.761: Application time: 0.0052020 seconds
{Heap before GC invocations=239 (full 22):
 par new generation   total 19008K, used 17436K [0x00000000c2600000, 0x00000000c3aa0000, 0x00000000d6e00000)
  eden space 16896K,  99% used [0x00000000c2600000, 0x00000000c367a190, 0x00000000c3680000)
  from space 2112K,  26% used [0x00000000c3890000, 0x00000000c391d090, 0x00000000c3aa0000)
  to   space 2112K,   0% used [0x00000000c3680000, 0x00000000c3680000, 0x00000000c3890000)
 concurrent mark-sweep generation total 69688K, used 45841K [0x00000000d6e00000, 0x00000000db20e000, 0x0000000100000000)
 Metaspace       used 52305K, capacity 54364K, committed 54680K, reserved 1097728K
  class space    used 6620K, capacity 7046K, committed 7064K, reserved 1048576K
2022-08-07T09:29:15.851+0000: 17.762: [GC (Allocation Failure) 2022-08-07T09:29:15.851+0000: 17.762: [ParNew: 17436K->636K(19008K), 0.0019304 secs] 63277K->46477K(88696K), 0.0025804 secs] [Times: user=0.01 sys=0.00, real=0.00 secs] 
Heap after GC invocations=240 (full 22):
 par new generation   total 19008K, used 636K [0x00000000c2600000, 0x00000000c3aa0000, 0x00000000d6e00000)
  eden space 16896K,   0% used [0x00000000c2600000, 0x00000000c2600000, 0x00000000c3680000)
  from space 2112K,  30% used [0x00000000c3680000, 0x00000000c371f1a0, 0x00000000c3890000)
  to   space 2112K,   0% used [0x00000000c3890000, 0x00000000c3890000, 0x00000000c3aa0000)
 concurrent mark-sweep generation total 69688K, used 45841K [0x00000000d6e00000, 0x00000000db20e000, 0x0000000100000000)
 Metaspace       used 52305K, capacity 54364K, committed 54680K, reserved 1097728K
  class space    used 6620K, capacity 7046K, committed 7064K, reserved 1048576K
}
2022-08-07T09:29:15.867+0000: 17.778: [CMS-concurrent-sweep: 0.028/0.038 secs] [Times: user=0.04 sys=0.02, real=0.04 secs] 
2022-08-07T09:29:15.868+0000: 17.779: [CMS-concurrent-reset-start]
2022-08-07T09:29:15.869+0000: 17.779: [CMS-concurrent-reset: 0.001/0.001 secs] [Times: user=0.00 sys=0.00, real=0.00 secs] 
2022-08-07T09:29:15.931+0000: 17.842: Application time: 0.0768763 seconds
{Heap before GC invocations=240 (full 22):
 par new generation   total 19008K, used 17532K [0x00000000c2600000, 0x00000000c3aa0000, 0x00000000d6e00000)
  eden space 16896K, 100% used [0x00000000c2600000, 0x00000000c3680000, 0x00000000c3680000)
  from space 2112K,  30% used [0x00000000c3680000, 0x00000000c371f1a0, 0x00000000c3890000)
  to   space 2112K,   0% used [0x00000000c3890000, 0x00000000c3890000, 0x00000000c3aa0000)
 concurrent mark-sweep generation total 70556K, used 42333K [0x00000000d6e00000, 0x00000000db2e7000, 0x0000000100000000)
 Metaspace       used 52641K, capacity 54640K, committed 55064K, reserved 1097728K
  class space    used 6673K, capacity 7076K, committed 7192K, reserved 1048576K
2022-08-07T09:29:15.932+0000: 17.842: [GC (Allocation Failure) 2022-08-07T09:29:15.932+0000: 17.843: [ParNew: 17532K->989K(19008K), 0.0029441 secs] 59865K->43322K(89564K), 0.0040412 secs] [Times: user=0.01 sys=0.01, real=0.00 secs] 
Heap after GC invocations=241 (full 22):
 par new generation   total 19008K, used 989K [0x00000000c2600000, 0x00000000c3aa0000, 0x00000000d6e00000)
  eden space 16896K,   0% used [0x00000000c2600000, 0x00000000c2600000, 0x00000000c3680000)
  from space 2112K,  46% used [0x00000000c3890000, 0x00000000c3987468, 0x00000000c3aa0000)
  to   space 2112K,   0% used [0x00000000c3680000, 0x00000000c3680000, 0x00000000c3890000)
 concurrent mark-sweep generation total 70556K, used 42333K [0x00000000d6e00000, 0x00000000db2e7000, 0x0000000100000000)
 Metaspace       used 52641K, capacity 54640K, committed 55064K, reserved 1097728K
  class space    used 6673K, capacity 7076K, committed 7192K, reserved 1048576K
}
2022-08-07T09:29:16.029+0000: 17.940: Application time: 0.0919015 seconds
2022-08-07T09:29:16.055+0000: 17.965: Application time: 0.0252080 seconds
{Heap before GC invocations=241 (full 22):
 par new generation   total 19008K, used 17885K [0x00000000c2600000, 0x00000000c3aa0000, 0x00000000d6e00000)
  eden space 16896K, 100% used [0x00000000c2600000, 0x00000000c3680000, 0x00000000c3680000)
  from space 2112K,  46% used [0x00000000c3890000, 0x00000000c3987468, 0x00000000c3aa0000)
  to   space 2112K,   0% used [0x00000000c3680000, 0x00000000c3680000, 0x00000000c3890000)
 concurrent mark-sweep generation total 70556K, used 42333K [0x00000000d6e00000, 0x00000000db2e7000, 0x0000000100000000)
 Metaspace       used 53331K, capacity 55388K, committed 55576K, reserved 1097728K
  class space    used 6763K, capacity 7174K, committed 7192K, reserved 1048576K
2022-08-07T09:29:16.055+0000: 17.966: [GC (Allocation Failure) 2022-08-07T09:29:16.056+0000: 17.966: [ParNew: 17885K->1086K(19008K), 0.0025996 secs] 60218K->43420K(89564K), 0.0033497 secs] [Times: user=0.00 sys=0.00, real=0.00 secs] 
Heap after GC invocations=242 (full 22):
 par new generation   total 19008K, used 1086K [0x00000000c2600000, 0x00000000c3aa0000, 0x00000000d6e00000)
  eden space 16896K,   0% used [0x00000000c2600000, 0x00000000c2600000, 0x00000000c3680000)
  from space 2112K,  51% used [0x00000000c3680000, 0x00000000c378fba8, 0x00000000c3890000)
  to   space 2112K,   0% used [0x00000000c3890000, 0x00000000c3890000, 0x00000000c3aa0000)
 concurrent mark-sweep generation total 70556K, used 42333K [0x00000000d6e00000, 0x00000000db2e7000, 0x0000000100000000)
 Metaspace       used 53331K, capacity 55388K, committed 55576K, reserved 1097728K
  class space    used 6763K, capacity 7174K, committed 7192K, reserved 1048576K
}
2022-08-07T09:29:16.121+0000: 18.032: Application time: 0.0618036 seconds
{Heap before GC invocations=242 (full 22):
 par new generation   total 19008K, used 17982K [0x00000000c2600000, 0x00000000c3aa0000, 0x00000000d6e00000)
  eden space 16896K, 100% used [0x00000000c2600000, 0x00000000c3680000, 0x00000000c3680000)
  from space 2112K,  51% used [0x00000000c3680000, 0x00000000c378fba8, 0x00000000c3890000)
  to   space 2112K,   0% used [0x00000000c3890000, 0x00000000c3890000, 0x00000000c3aa0000)
 concurrent mark-sweep generation total 70556K, used 42333K [0x00000000d6e00000, 0x00000000db2e7000, 0x0000000100000000)
 Metaspace       used 53590K, capacity 55612K, committed 55960K, reserved 1097728K
  class space    used 6793K, capacity 7206K, committed 7320K, reserved 1048576K
2022-08-07T09:29:16.122+0000: 18.033: [GC (Allocation Failure) 2022-08-07T09:29:16.122+0000: 18.033: [ParNew: 17982K->993K(19008K), 0.0023606 secs] 60316K->43326K(89564K), 0.0030872 secs] [Times: user=0.01 sys=0.00, real=0.00 secs] 
Heap after GC invocations=243 (full 22):
 par new generation   total 19008K, used 993K [0x00000000c2600000, 0x00000000c3aa0000, 0x00000000d6e00000)
  eden space 16896K,   0% used [0x00000000c2600000, 0x00000000c2600000, 0x00000000c3680000)
  from space 2112K,  47% used [0x00000000c3890000, 0x00000000c3988440, 0x00000000c3aa0000)
  to   space 2112K,   0% used [0x00000000c3680000, 0x00000000c3680000, 0x00000000c3890000)
 concurrent mark-sweep generation total 70556K, used 42333K [0x00000000d6e00000, 0x00000000db2e7000, 0x0000000100000000)
 Metaspace       used 53590K, capacity 55612K, committed 55960K, reserved 1097728K
  class space    used 6793K, capacity 7206K, committed 7320K, reserved 1048576K
}
2022-08-07T09:29:16.162+0000: 18.073: Application time: 0.0367164 seconds
2022-08-07T09:29:16.180+0000: 18.091: Application time: 0.0170066 seconds
2022-08-07T09:29:16.216+0000: 18.126: Application time: 0.0351400 seconds
{Heap before GC invocations=243 (full 22):
 par new generation   total 19008K, used 17889K [0x00000000c2600000, 0x00000000c3aa0000, 0x00000000d6e00000)
  eden space 16896K, 100% used [0x00000000c2600000, 0x00000000c3680000, 0x00000000c3680000)
  from space 2112K,  47% used [0x00000000c3890000, 0x00000000c3988440, 0x00000000c3aa0000)
  to   space 2112K,   0% used [0x00000000c3680000, 0x00000000c3680000, 0x00000000c3890000)
 concurrent mark-sweep generation total 70556K, used 42333K [0x00000000d6e00000, 0x00000000db2e7000, 0x0000000100000000)
 Metaspace       used 53933K, capacity 55996K, committed 56216K, reserved 1097728K
  class space    used 6850K, capacity 7270K, committed 7320K, reserved 1048576K
2022-08-07T09:29:16.216+0000: 18.127: [GC (Allocation Failure) 2022-08-07T09:29:16.217+0000: 18.128: [ParNew: 17889K->1190K(19008K), 0.0026291 secs] 60222K->43523K(89564K), 0.0033963 secs] [Times: user=0.01 sys=0.00, real=0.00 secs] 
Heap after GC invocations=244 (full 22):
 par new generation   total 19008K, used 1190K [0x00000000c2600000, 0x00000000c3aa0000, 0x00000000d6e00000)
  eden space 16896K,   0% used [0x00000000c2600000, 0x00000000c2600000, 0x00000000c3680000)
  from space 2112K,  56% used [0x00000000c3680000, 0x00000000c37a98d0, 0x00000000c3890000)
  to   space 2112K,   0% used [0x00000000c3890000, 0x00000000c3890000, 0x00000000c3aa0000)
 concurrent mark-sweep generation total 70556K, used 42333K [0x00000000d6e00000, 0x00000000db2e7000, 0x0000000100000000)
 Metaspace       used 53933K, capacity 55996K, committed 56216K, reserved 1097728K
  class space    used 6850K, capacity 7270K, committed 7320K, reserved 1048576K
}
2022-08-07T09:29:16.373+0000: 18.283: Application time: 0.1524148 seconds
{Heap before GC invocations=244 (full 22):
 par new generation   total 19008K, used 18086K [0x00000000c2600000, 0x00000000c3aa0000, 0x00000000d6e00000)
  eden space 16896K, 100% used [0x00000000c2600000, 0x00000000c3680000, 0x00000000c3680000)
  from space 2112K,  56% used [0x00000000c3680000, 0x00000000c37a98d0, 0x00000000c3890000)
  to   space 2112K,   0% used [0x00000000c3890000, 0x00000000c3890000, 0x00000000c3aa0000)
 concurrent mark-sweep generation total 70556K, used 42333K [0x00000000d6e00000, 0x00000000db2e7000, 0x0000000100000000)
 Metaspace       used 54477K, capacity 56526K, committed 56856K, reserved 1099776K
  class space    used 6911K, capacity 7337K, committed 7448K, reserved 1048576K
2022-08-07T09:29:16.374+0000: 18.285: [GC (Allocation Failure) 2022-08-07T09:29:16.375+0000: 18.285: [ParNew: 18086K->1593K(19008K), 0.0034689 secs] 60419K->43972K(89564K), 0.0042844 secs] [Times: user=0.01 sys=0.00, real=0.00 secs] 
Heap after GC invocations=245 (full 22):
 par new generation   total 19008K, used 1593K [0x00000000c2600000, 0x00000000c3aa0000, 0x00000000d6e00000)
  eden space 16896K,   0% used [0x00000000c2600000, 0x00000000c2600000, 0x00000000c3680000)
  from space 2112K,  75% used [0x00000000c3890000, 0x00000000c3a1e650, 0x00000000c3aa0000)
  to   space 2112K,   0% used [0x00000000c3680000, 0x00000000c3680000, 0x00000000c3890000)
 concurrent mark-sweep generation total 70556K, used 42378K [0x00000000d6e00000, 0x00000000db2e7000, 0x0000000100000000)
 Metaspace       used 54477K, capacity 56526K, committed 56856K, reserved 1099776K
  class space    used 6911K, capacity 7337K, committed 7448K, reserved 1048576K
}
2022-08-07T09:29:16.380+0000: 18.291: Application time: 0.0012384 seconds
2022-08-07T09:29:16.381+0000: 18.292: [GC (CMS Initial Mark) [1 CMS-initial-mark: 42378K(70556K)] 44333K(89564K), 0.0021837 secs] [Times: user=0.00 sys=0.00, real=0.00 secs] 
2022-08-07T09:29:16.384+0000: 18.294: [CMS-concurrent-mark-start]
2022-08-07T09:29:16.447+0000: 18.358: [CMS-concurrent-mark: 0.063/0.063 secs] [Times: user=0.22 sys=0.02, real=0.06 secs] 
2022-08-07T09:29:16.448+0000: 18.359: [CMS-concurrent-preclean-start]
2022-08-07T09:29:16.449+0000: 18.360: Application time: 0.0653306 seconds
{Heap before GC invocations=245 (full 23):
 par new generation   total 19008K, used 18489K [0x00000000c2600000, 0x00000000c3aa0000, 0x00000000d6e00000)
  eden space 16896K, 100% used [0x00000000c2600000, 0x00000000c3680000, 0x00000000c3680000)
  from space 2112K,  75% used [0x00000000c3890000, 0x00000000c3a1e650, 0x00000000c3aa0000)
  to   space 2112K,   0% used [0x00000000c3680000, 0x00000000c3680000, 0x00000000c3890000)
 concurrent mark-sweep generation total 70556K, used 42378K [0x00000000d6e00000, 0x00000000db2e7000, 0x0000000100000000)
 Metaspace       used 54769K, capacity 56814K, committed 57112K, reserved 1099776K
  class space    used 6951K, capacity 7369K, committed 7448K, reserved 1048576K
2022-08-07T09:29:16.449+0000: 18.360: [GC (Allocation Failure) 2022-08-07T09:29:16.450+0000: 18.360: [ParNew: 18489K->1174K(19008K), 0.0048653 secs] 60868K->44009K(89564K), 0.0058103 secs] [Times: user=0.02 sys=0.00, real=0.01 secs] 
Heap after GC invocations=246 (full 23):
 par new generation   total 19008K, used 1174K [0x00000000c2600000, 0x00000000c3aa0000, 0x00000000d6e00000)
  eden space 16896K,   0% used [0x00000000c2600000, 0x00000000c2600000, 0x00000000c3680000)
  from space 2112K,  55% used [0x00000000c3680000, 0x00000000c37a5898, 0x00000000c3890000)
  to   space 2112K,   0% used [0x00000000c3890000, 0x00000000c3890000, 0x00000000c3aa0000)
 concurrent mark-sweep generation total 70556K, used 42834K [0x00000000d6e00000, 0x00000000db2e7000, 0x0000000100000000)
 Metaspace       used 54769K, capacity 56814K, committed 57112K, reserved 1099776K
  class space    used 6951K, capacity 7369K, committed 7448K, reserved 1048576K
}
2022-08-07T09:29:16.456+0000: 18.367: [CMS-concurrent-preclean: 0.001/0.008 secs] [Times: user=0.02 sys=0.01, real=0.01 secs] 
2022-08-07T09:29:16.456+0000: 18.367: Application time: 0.0008968 seconds
2022-08-07T09:29:16.457+0000: 18.367: [GC (CMS Final Remark) [YG occupancy: 1536 K (19008 K)]2022-08-07T09:29:16.457+0000: 18.368: [Rescan (parallel) , 0.0033690 secs]2022-08-07T09:29:16.461+0000: 18.371: [weak refs processing, 0.0003487 secs]2022-08-07T09:29:16.461+0000: 18.372: [class unloading, 0.0118898 secs]2022-08-07T09:29:16.474+0000: 18.385: [scrub symbol table, 0.0162840 secs]2022-08-07T09:29:16.491+0000: 18.401: [scrub string table, 0.0009392 secs][1 CMS-remark: 42834K(70556K)] 44370K(89564K), 0.0352773 secs] [Times: user=0.08 sys=0.00, real=0.04 secs] 
2022-08-07T09:29:16.506+0000: 18.417: [CMS-concurrent-sweep-start]
2022-08-07T09:29:16.524+0000: 18.434: [CMS-concurrent-sweep: 0.018/0.018 secs] [Times: user=0.04 sys=0.01, real=0.02 secs] 
2022-08-07T09:29:16.525+0000: 18.436: [CMS-concurrent-reset-start]
2022-08-07T09:29:16.526+0000: 18.436: [CMS-concurrent-reset: 0.001/0.001 secs] [Times: user=0.00 sys=0.00, real=0.00 secs] 
2022-08-07T09:29:16.537+0000: 18.448: Application time: 0.0445516 seconds
{Heap before GC invocations=246 (full 23):
 par new generation   total 19008K, used 18070K [0x00000000c2600000, 0x00000000c3aa0000, 0x00000000d6e00000)
  eden space 16896K, 100% used [0x00000000c2600000, 0x00000000c3680000, 0x00000000c3680000)
  from space 2112K,  55% used [0x00000000c3680000, 0x00000000c37a5898, 0x00000000c3890000)
  to   space 2112K,   0% used [0x00000000c3890000, 0x00000000c3890000, 0x00000000c3aa0000)
 concurrent mark-sweep generation total 70556K, used 38765K [0x00000000d6e00000, 0x00000000db2e7000, 0x0000000100000000)
 Metaspace       used 54908K, capacity 56942K, committed 57368K, reserved 1099776K
  class space    used 6969K, capacity 7369K, committed 7448K, reserved 1048576K
2022-08-07T09:29:16.537+0000: 18.448: [GC (Allocation Failure) 2022-08-07T09:29:16.538+0000: 18.449: [ParNew: 18070K->911K(19008K), 0.0061958 secs] 56835K->39676K(89564K), 0.0070179 secs] [Times: user=0.01 sys=0.00, real=0.01 secs] 
Heap after GC invocations=247 (full 23):
 par new generation   total 19008K, used 911K [0x00000000c2600000, 0x00000000c3aa0000, 0x00000000d6e00000)
  eden space 16896K,   0% used [0x00000000c2600000, 0x00000000c2600000, 0x00000000c3680000)
  from space 2112K,  43% used [0x00000000c3890000, 0x00000000c3973db8, 0x00000000c3aa0000)
  to   space 2112K,   0% used [0x00000000c3680000, 0x00000000c3680000, 0x00000000c3890000)
 concurrent mark-sweep generation total 70556K, used 38765K [0x00000000d6e00000, 0x00000000db2e7000, 0x0000000100000000)
 Metaspace       used 54908K, capacity 56942K, committed 57368K, reserved 1099776K
  class space    used 6969K, capacity 7369K, committed 7448K, reserved 1048576K
}
2022-08-07T09:29:16.565+0000: 18.510: Application time: 0.0540638 seconds
{Heap before GC invocations=247 (full 23):
 par new generation   total 19008K, used 17807K [0x00000000c2600000, 0x00000000c3aa0000, 0x00000000d6e00000)
  eden space 16896K, 100% used [0x00000000c2600000, 0x00000000c3680000, 0x00000000c3680000)
  from space 2112K,  43% used [0x00000000c3890000, 0x00000000c3973db8, 0x00000000c3aa0000)
  to   space 2112K,   0% used [0x00000000c3680000, 0x00000000c3680000, 0x00000000c3890000)
 concurrent mark-sweep generation total 70556K, used 38765K [0x00000000d6e00000, 0x00000000db2e7000, 0x0000000100000000)
 Metaspace       used 55117K, capacity 57166K, committed 57368K, reserved 1099776K
  class space    used 6995K, capacity 7401K, committed 7448K, reserved 1048576K
2022-08-07T09:29:16.566+0000: 18.511: [GC (Allocation Failure) 2022-08-07T09:29:16.567+0000: 18.511: [ParNew: 17807K->1013K(19008K), 0.0037714 secs] 56572K->39778K(89564K), 0.0044694 secs] [Times: user=0.02 sys=0.00, real=0.01 secs] 
Heap after GC invocations=248 (full 23):
 par new generation   total 19008K, used 1013K [0x00000000c2600000, 0x00000000c3aa0000, 0x00000000d6e00000)
  eden space 16896K,   0% used [0x00000000c2600000, 0x00000000c2600000, 0x00000000c3680000)
  from space 2112K,  47% used [0x00000000c3680000, 0x00000000c377d440, 0x00000000c3890000)
  to   space 2112K,   0% used [0x00000000c3890000, 0x00000000c3890000, 0x00000000c3aa0000)
 concurrent mark-sweep generation total 70556K, used 38765K [0x00000000d6e00000, 0x00000000db2e7000, 0x0000000100000000)
 Metaspace       used 55117K, capacity 57166K, committed 57368K, reserved 1099776K
  class space    used 6995K, capacity 7401K, committed 7448K, reserved 1048576K
}
2022-08-07T09:29:16.663+0000: 18.608: Application time: 0.0920297 seconds
{Heap before GC invocations=248 (full 23):
 par new generation   total 19008K, used 17909K [0x00000000c2600000, 0x00000000c3aa0000, 0x00000000d6e00000)
  eden space 16896K, 100% used [0x00000000c2600000, 0x00000000c3680000, 0x00000000c3680000)
  from space 2112K,  47% used [0x00000000c3680000, 0x00000000c377d440, 0x00000000c3890000)
  to   space 2112K,   0% used [0x00000000c3890000, 0x00000000c3890000, 0x00000000c3aa0000)
 concurrent mark-sweep generation total 70556K, used 38765K [0x00000000d6e00000, 0x00000000db2e7000, 0x0000000100000000)
 Metaspace       used 55493K, capacity 57506K, committed 58008K, reserved 1099776K
  class space    used 7040K, capacity 7449K, committed 7576K, reserved 1048576K
2022-08-07T09:29:16.664+0000: 18.609: [GC (Allocation Failure) 2022-08-07T09:29:16.665+0000: 18.609: [ParNew: 17909K->1448K(19008K), 0.0030721 secs] 56674K->40214K(89564K), 0.0036517 secs] [Times: user=0.01 sys=0.00, real=0.01 secs] 
Heap after GC invocations=249 (full 23):
 par new generation   total 19008K, used 1448K [0x00000000c2600000, 0x00000000c3aa0000, 0x00000000d6e00000)
  eden space 16896K,   0% used [0x00000000c2600000, 0x00000000c2600000, 0x00000000c3680000)
  from space 2112K,  68% used [0x00000000c3890000, 0x00000000c39fa260, 0x00000000c3aa0000)
  to   space 2112K,   0% used [0x00000000c3680000, 0x00000000c3680000, 0x00000000c3890000)
 concurrent mark-sweep generation total 70556K, used 38765K [0x00000000d6e00000, 0x00000000db2e7000, 0x0000000100000000)
 Metaspace       used 55493K, capacity 57506K, committed 58008K, reserved 1099776K
  class space    used 7040K, capacity 7449K, committed 7576K, reserved 1048576K
}
2022-08-07T09:29:16.963+0000: 18.908: Application time: 0.2944298 seconds
{Heap before GC invocations=249 (full 23):
 par new generation   total 19008K, used 18344K [0x00000000c2600000, 0x00000000c3aa0000, 0x00000000d6e00000)
  eden space 16896K, 100% used [0x00000000c2600000, 0x00000000c3680000, 0x00000000c3680000)
  from space 2112K,  68% used [0x00000000c3890000, 0x00000000c39fa260, 0x00000000c3aa0000)
  to   space 2112K,   0% used [0x00000000c3680000, 0x00000000c3680000, 0x00000000c3890000)
 concurrent mark-sweep generation total 70556K, used 38765K [0x00000000d6e00000, 0x00000000db2e7000, 0x0000000100000000)
 Metaspace       used 55845K, capacity 57946K, committed 58264K, reserved 1099776K
  class space    used 7084K, capacity 7519K, committed 7576K, reserved 1048576K
2022-08-07T09:29:16.964+0000: 18.909: [GC (Allocation Failure) 2022-08-07T09:29:16.964+0000: 18.909: [ParNew: 18344K->1632K(19008K), 0.0032435 secs] 57110K->40517K(89564K), 0.0041914 secs] [Times: user=0.01 sys=0.00, real=0.01 secs] 
Heap after GC invocations=250 (full 23):
 par new generation   total 19008K, used 1632K [0x00000000c2600000, 0x00000000c3aa0000, 0x00000000d6e00000)
  eden space 16896K,   0% used [0x00000000c2600000, 0x00000000c2600000, 0x00000000c3680000)
  from space 2112K,  77% used [0x00000000c3680000, 0x00000000c38180c8, 0x00000000c3890000)
  to   space 2112K,   0% used [0x00000000c3890000, 0x00000000c3890000, 0x00000000c3aa0000)
 concurrent mark-sweep generation total 70556K, used 38885K [0x00000000d6e00000, 0x00000000db2e7000, 0x0000000100000000)
 Metaspace       used 55845K, capacity 57946K, committed 58264K, reserved 1099776K
  class space    used 7084K, capacity 7519K, committed 7576K, reserved 1048576K
}
2022-08-07T09:29:17.059+0000: 19.004: Application time: 0.0904555 seconds
{Heap before GC invocations=250 (full 23):
 par new generation   total 19008K, used 18528K [0x00000000c2600000, 0x00000000c3aa0000, 0x00000000d6e00000)
  eden space 16896K, 100% used [0x00000000c2600000, 0x00000000c3680000, 0x00000000c3680000)
  from space 2112K,  77% used [0x00000000c3680000, 0x00000000c38180c8, 0x00000000c3890000)
  to   space 2112K,   0% used [0x00000000c3890000, 0x00000000c3890000, 0x00000000c3aa0000)
 concurrent mark-sweep generation total 70556K, used 38885K [0x00000000d6e00000, 0x00000000db2e7000, 0x0000000100000000)
 Metaspace       used 56377K, capacity 58532K, committed 58904K, reserved 1099776K
  class space    used 7155K, capacity 7586K, committed 7704K, reserved 1048576K
2022-08-07T09:29:17.060+0000: 19.005: [GC (Allocation Failure) 2022-08-07T09:29:17.060+0000: 19.005: [ParNew: 18528K->1650K(19008K), 0.0059133 secs] 57413K->40615K(89564K), 0.0065370 secs] [Times: user=0.02 sys=0.00, real=0.01 secs] 
Heap after GC invocations=251 (full 23):
 par new generation   total 19008K, used 1650K [0x00000000c2600000, 0x00000000c3aa0000, 0x00000000d6e00000)
  eden space 16896K,   0% used [0x00000000c2600000, 0x00000000c2600000, 0x00000000c3680000)
  from space 2112K,  78% used [0x00000000c3890000, 0x00000000c3a2c990, 0x00000000c3aa0000)
  to   space 2112K,   0% used [0x00000000c3680000, 0x00000000c3680000, 0x00000000c3890000)
 concurrent mark-sweep generation total 70556K, used 38965K [0x00000000d6e00000, 0x00000000db2e7000, 0x0000000100000000)
 Metaspace       used 56377K, capacity 58532K, committed 58904K, reserved 1099776K
  class space    used 7155K, capacity 7586K, committed 7704K, reserved 1048576K
}
2022-08-07T09:29:17.158+0000: 19.102: Application time: 0.0905877 seconds
2022-08-07T09:29:17.164+0000: 19.109: Application time: 0.0058047 seconds
{Heap before GC invocations=251 (full 23):
 par new generation   total 19008K, used 18546K [0x00000000c2600000, 0x00000000c3aa0000, 0x00000000d6e00000)
  eden space 16896K, 100% used [0x00000000c2600000, 0x00000000c3680000, 0x00000000c3680000)
  from space 2112K,  78% used [0x00000000c3890000, 0x00000000c3a2c990, 0x00000000c3aa0000)
  to   space 2112K,   0% used [0x00000000c3680000, 0x00000000c3680000, 0x00000000c3890000)
 concurrent mark-sweep generation total 70556K, used 38965K [0x00000000d6e00000, 0x00000000db2e7000, 0x0000000100000000)
 Metaspace       used 56797K, capacity 58854K, committed 59160K, reserved 1101824K
  class space    used 7222K, capacity 7651K, committed 7704K, reserved 1048576K
2022-08-07T09:29:17.164+0000: 19.109: [GC (Allocation Failure) 2022-08-07T09:29:17.165+0000: 19.109: [ParNew: 18546K->1114K(19008K), 0.0064873 secs] 57511K->40429K(89564K), 0.0071350 secs] [Times: user=0.02 sys=0.00, real=0.01 secs] 
Heap after GC invocations=252 (full 23):
 par new generation   total 19008K, used 1114K [0x00000000c2600000, 0x00000000c3aa0000, 0x00000000d6e00000)
  eden space 16896K,   0% used [0x00000000c2600000, 0x00000000c2600000, 0x00000000c3680000)
  from space 2112K,  52% used [0x00000000c3680000, 0x00000000c3796918, 0x00000000c3890000)
  to   space 2112K,   0% used [0x00000000c3890000, 0x00000000c3890000, 0x00000000c3aa0000)
 concurrent mark-sweep generation total 70556K, used 39315K [0x00000000d6e00000, 0x00000000db2e7000, 0x0000000100000000)
 Metaspace       used 56797K, capacity 58854K, committed 59160K, reserved 1101824K
  class space    used 7222K, capacity 7651K, committed 7704K, reserved 1048576K
}
2022-08-07T09:29:17.337+0000: 19.281: Application time: 0.1644199 seconds
{Heap before GC invocations=252 (full 23):
 par new generation   total 19008K, used 18010K [0x00000000c2600000, 0x00000000c3aa0000, 0x00000000d6e00000)
  eden space 16896K, 100% used [0x00000000c2600000, 0x00000000c3680000, 0x00000000c3680000)
  from space 2112K,  52% used [0x00000000c3680000, 0x00000000c3796918, 0x00000000c3890000)
  to   space 2112K,   0% used [0x00000000c3890000, 0x00000000c3890000, 0x00000000c3aa0000)
 concurrent mark-sweep generation total 70556K, used 39315K [0x00000000d6e00000, 0x00000000db2e7000, 0x0000000100000000)
 Metaspace       used 57203K, capacity 59276K, committed 59416K, reserved 1101824K
  class space    used 7253K, capacity 7684K, committed 7704K, reserved 1048576K
2022-08-07T09:29:17.338+0000: 19.282: [GC (Allocation Failure) 2022-08-07T09:29:17.338+0000: 19.283: [ParNew: 18010K->1801K(19008K), 0.0054390 secs] 57325K->41116K(89564K), 0.0062269 secs] [Times: user=0.01 sys=0.01, real=0.00 secs] 
Heap after GC invocations=253 (full 23):
 par new generation   total 19008K, used 1801K [0x00000000c2600000, 0x00000000c3aa0000, 0x00000000d6e00000)
  eden space 16896K,   0% used [0x00000000c2600000, 0x00000000c2600000, 0x00000000c3680000)
  from space 2112K,  85% used [0x00000000c3890000, 0x00000000c3a525d0, 0x00000000c3aa0000)
  to   space 2112K,   0% used [0x00000000c3680000, 0x00000000c3680000, 0x00000000c3890000)
 concurrent mark-sweep generation total 70556K, used 39315K [0x00000000d6e00000, 0x00000000db2e7000, 0x0000000100000000)
 Metaspace       used 57203K, capacity 59276K, committed 59416K, reserved 1101824K
  class space    used 7253K, capacity 7684K, committed 7704K, reserved 1048576K
}
2022-08-07T09:29:17.425+0000: 19.369: Application time: 0.0797790 seconds
{Heap before GC invocations=253 (full 23):
 par new generation   total 19008K, used 18697K [0x00000000c2600000, 0x00000000c3aa0000, 0x00000000d6e00000)
  eden space 16896K, 100% used [0x00000000c2600000, 0x00000000c3680000, 0x00000000c3680000)
  from space 2112K,  85% used [0x00000000c3890000, 0x00000000c3a525d0, 0x00000000c3aa0000)
  to   space 2112K,   0% used [0x00000000c3680000, 0x00000000c3680000, 0x00000000c3890000)
 concurrent mark-sweep generation total 70556K, used 39315K [0x00000000d6e00000, 0x00000000db2e7000, 0x0000000100000000)
 Metaspace       used 57546K, capacity 59672K, committed 60056K, reserved 1101824K
  class space    used 7302K, capacity 7752K, committed 7832K, reserved 1048576K
2022-08-07T09:29:17.425+0000: 19.370: [GC (Allocation Failure) 2022-08-07T09:29:17.426+0000: 19.370: [ParNew: 18697K->1612K(19008K), 0.0062387 secs] 58012K->41274K(89564K), 0.0068978 secs] [Times: user=0.02 sys=0.00, real=0.01 secs] 
Heap after GC invocations=254 (full 23):
 par new generation   total 19008K, used 1612K [0x00000000c2600000, 0x00000000c3aa0000, 0x00000000d6e00000)
  eden space 16896K,   0% used [0x00000000c2600000, 0x00000000c2600000, 0x00000000c3680000)
  from space 2112K,  76% used [0x00000000c3680000, 0x00000000c3813010, 0x00000000c3890000)
  to   space 2112K,   0% used [0x00000000c3890000, 0x00000000c3890000, 0x00000000c3aa0000)
 concurrent mark-sweep generation total 70556K, used 39662K [0x00000000d6e00000, 0x00000000db2e7000, 0x0000000100000000)
 Metaspace       used 57546K, capacity 59672K, committed 60056K, reserved 1101824K
  class space    used 7302K, capacity 7752K, committed 7832K, reserved 1048576K
}
2022-08-07T09:29:17.563+0000: 19.507: Application time: 0.1298437 seconds
{Heap before GC invocations=254 (full 23):
 par new generation   total 19008K, used 18508K [0x00000000c2600000, 0x00000000c3aa0000, 0x00000000d6e00000)
  eden space 16896K, 100% used [0x00000000c2600000, 0x00000000c3680000, 0x00000000c3680000)
  from space 2112K,  76% used [0x00000000c3680000, 0x00000000c3813010, 0x00000000c3890000)
  to   space 2112K,   0% used [0x00000000c3890000, 0x00000000c3890000, 0x00000000c3aa0000)
 concurrent mark-sweep generation total 70556K, used 39662K [0x00000000d6e00000, 0x00000000db2e7000, 0x0000000100000000)
 Metaspace       used 57917K, capacity 60024K, committed 60312K, reserved 1101824K
  class space    used 7353K, capacity 7784K, committed 7832K, reserved 1048576K
2022-08-07T09:29:17.566+0000: 19.510: [GC (Allocation Failure) 2022-08-07T09:29:17.570+0000: 19.514: [ParNew: 18508K->1891K(19008K), 0.0099198 secs] 58170K->41666K(89564K), 0.0142676 secs] [Times: user=0.02 sys=0.01, real=0.02 secs] 
Heap after GC invocations=255 (full 23):
 par new generation   total 19008K, used 1891K [0x00000000c2600000, 0x00000000c3aa0000, 0x00000000d6e00000)
  eden space 16896K,   0% used [0x00000000c2600000, 0x00000000c2600000, 0x00000000c3680000)
  from space 2112K,  89% used [0x00000000c3890000, 0x00000000c3a68ec0, 0x00000000c3aa0000)
  to   space 2112K,   0% used [0x00000000c3680000, 0x00000000c3680000, 0x00000000c3890000)
 concurrent mark-sweep generation total 70556K, used 39774K [0x00000000d6e00000, 0x00000000db2e7000, 0x0000000100000000)
 Metaspace       used 57917K, capacity 60024K, committed 60312K, reserved 1101824K
  class space    used 7353K, capacity 7784K, committed 7832K, reserved 1048576K
}
2022-08-07T09:29:17.736+0000: 19.681: Application time: 0.1555099 seconds
{Heap before GC invocations=255 (full 23):
 par new generation   total 19008K, used 18787K [0x00000000c2600000, 0x00000000c3aa0000, 0x00000000d6e00000)
  eden space 16896K, 100% used [0x00000000c2600000, 0x00000000c3680000, 0x00000000c3680000)
  from space 2112K,  89% used [0x00000000c3890000, 0x00000000c3a68ec0, 0x00000000c3aa0000)
  to   space 2112K,   0% used [0x00000000c3680000, 0x00000000c3680000, 0x00000000c3890000)
 concurrent mark-sweep generation total 70556K, used 39774K [0x00000000d6e00000, 0x00000000db2e7000, 0x0000000100000000)
 Metaspace       used 58070K, capacity 60188K, committed 60568K, reserved 1101824K
  class space    used 7378K, capacity 7818K, committed 7832K, reserved 1048576K
2022-08-07T09:29:17.737+0000: 19.682: [GC (Allocation Failure) 2022-08-07T09:29:17.738+0000: 19.682: [ParNew: 18787K->1501K(19008K), 0.0073259 secs] 58562K->41950K(89564K), 0.0082617 secs] [Times: user=0.01 sys=0.01, real=0.00 secs] 
Heap after GC invocations=256 (full 23):
 par new generation   total 19008K, used 1501K [0x00000000c2600000, 0x00000000c3aa0000, 0x00000000d6e00000)
  eden space 16896K,   0% used [0x00000000c2600000, 0x00000000c2600000, 0x00000000c3680000)
  from space 2112K,  71% used [0x00000000c3680000, 0x00000000c37f7538, 0x00000000c3890000)
  to   space 2112K,   0% used [0x00000000c3890000, 0x00000000c3890000, 0x00000000c3aa0000)
 concurrent mark-sweep generation total 70556K, used 40449K [0x00000000d6e00000, 0x00000000db2e7000, 0x0000000100000000)
 Metaspace       used 58070K, capacity 60188K, committed 60568K, reserved 1101824K
  class space    used 7378K, capacity 7818K, committed 7832K, reserved 1048576K
}
2022-08-07T09:29:17.792+0000: 19.737: Application time: 0.0452632 seconds
{Heap before GC invocations=256 (full 23):
 par new generation   total 19008K, used 18397K [0x00000000c2600000, 0x00000000c3aa0000, 0x00000000d6e00000)
  eden space 16896K, 100% used [0x00000000c2600000, 0x00000000c3680000, 0x00000000c3680000)
  from space 2112K,  71% used [0x00000000c3680000, 0x00000000c37f7538, 0x00000000c3890000)
  to   space 2112K,   0% used [0x00000000c3890000, 0x00000000c3890000, 0x00000000c3aa0000)
 concurrent mark-sweep generation total 70556K, used 40449K [0x00000000d6e00000, 0x00000000db2e7000, 0x0000000100000000)
 Metaspace       used 58071K, capacity 60188K, committed 60568K, reserved 1101824K
  class space    used 7378K, capacity 7818K, committed 7832K, reserved 1048576K
2022-08-07T09:29:17.793+0000: 19.737: [GC (Allocation Failure) 2022-08-07T09:29:17.793+0000: 19.738: [ParNew: 18397K->1169K(19008K), 0.0057691 secs] 58846K->41619K(89564K), 0.0066264 secs] [Times: user=0.01 sys=0.01, real=0.01 secs] 
Heap after GC invocations=257 (full 23):
 par new generation   total 19008K, used 1169K [0x00000000c2600000, 0x00000000c3aa0000, 0x00000000d6e00000)
  eden space 16896K,   0% used [0x00000000c2600000, 0x00000000c2600000, 0x00000000c3680000)
  from space 2112K,  55% used [0x00000000c3890000, 0x00000000c39b4580, 0x00000000c3aa0000)
  to   space 2112K,   0% used [0x00000000c3680000, 0x00000000c3680000, 0x00000000c3890000)
 concurrent mark-sweep generation total 70556K, used 40449K [0x00000000d6e00000, 0x00000000db2e7000, 0x0000000100000000)
 Metaspace       used 58071K, capacity 60188K, committed 60568K, reserved 1101824K
  class space    used 7378K, capacity 7818K, committed 7832K, reserved 1048576K
}
2022-08-07T09:29:18.009+0000: 19.954: Application time: 0.2086968 seconds
{Heap before GC invocations=257 (full 23):
 par new generation   total 19008K, used 18065K [0x00000000c2600000, 0x00000000c3aa0000, 0x00000000d6e00000)
  eden space 16896K, 100% used [0x00000000c2600000, 0x00000000c3680000, 0x00000000c3680000)
  from space 2112K,  55% used [0x00000000c3890000, 0x00000000c39b4580, 0x00000000c3aa0000)
  to   space 2112K,   0% used [0x00000000c3680000, 0x00000000c3680000, 0x00000000c3890000)
 concurrent mark-sweep generation total 70556K, used 40449K [0x00000000d6e00000, 0x00000000db2e7000, 0x0000000100000000)
 Metaspace       used 58288K, capacity 60432K, committed 60696K, reserved 1101824K
  class space    used 7398K, capacity 7854K, committed 7960K, reserved 1048576K
2022-08-07T09:29:18.017+0000: 19.962: [GC (Allocation Failure) 2022-08-07T09:29:18.019+0000: 19.963: [ParNew: 18065K->1659K(19008K), 0.0074210 secs] 58515K->42109K(89564K), 0.0095355 secs] [Times: user=0.01 sys=0.00, real=0.01 secs] 
Heap after GC invocations=258 (full 23):
 par new generation   total 19008K, used 1659K [0x00000000c2600000, 0x00000000c3aa0000, 0x00000000d6e00000)
  eden space 16896K,   0% used [0x00000000c2600000, 0x00000000c2600000, 0x00000000c3680000)
  from space 2112K,  78% used [0x00000000c3680000, 0x00000000c381eee8, 0x00000000c3890000)
  to   space 2112K,   0% used [0x00000000c3890000, 0x00000000c3890000, 0x00000000c3aa0000)
 concurrent mark-sweep generation total 70556K, used 40449K [0x00000000d6e00000, 0x00000000db2e7000, 0x0000000100000000)
 Metaspace       used 58288K, capacity 60432K, committed 60696K, reserved 1101824K
  class space    used 7398K, capacity 7854K, committed 7960K, reserved 1048576K
}
2022-08-07T09:29:18.114+0000: 20.059: Application time: 0.0862804 seconds
{Heap before GC invocations=258 (full 23):
 par new generation   total 19008K, used 18555K [0x00000000c2600000, 0x00000000c3aa0000, 0x00000000d6e00000)
  eden space 16896K, 100% used [0x00000000c2600000, 0x00000000c3680000, 0x00000000c3680000)
  from space 2112K,  78% used [0x00000000c3680000, 0x00000000c381eee8, 0x00000000c3890000)
  to   space 2112K,   0% used [0x00000000c3890000, 0x00000000c3890000, 0x00000000c3aa0000)
 concurrent mark-sweep generation total 70556K, used 40449K [0x00000000d6e00000, 0x00000000db2e7000, 0x0000000100000000)
 Metaspace       used 58410K, capacity 60588K, committed 60952K, reserved 1101824K
  class space    used 7417K, capacity 7862K, committed 7960K, reserved 1048576K
2022-08-07T09:29:18.114+0000: 20.059: [GC (Allocation Failure) 2022-08-07T09:29:18.115+0000: 20.059: [ParNew: 18555K->1145K(19008K), 0.0043561 secs] 59005K->42091K(89564K), 0.0049566 secs] [Times: user=0.01 sys=0.00, real=0.01 secs] 
Heap after GC invocations=259 (full 23):
 par new generation   total 19008K, used 1145K [0x00000000c2600000, 0x00000000c3aa0000, 0x00000000d6e00000)
  eden space 16896K,   0% used [0x00000000c2600000, 0x00000000c2600000, 0x00000000c3680000)
  from space 2112K,  54% used [0x00000000c3890000, 0x00000000c39ae770, 0x00000000c3aa0000)
  to   space 2112K,   0% used [0x00000000c3680000, 0x00000000c3680000, 0x00000000c3890000)
 concurrent mark-sweep generation total 70556K, used 40945K [0x00000000d6e00000, 0x00000000db2e7000, 0x0000000100000000)
 Metaspace       used 58410K, capacity 60588K, committed 60952K, reserved 1101824K
  class space    used 7417K, capacity 7862K, committed 7960K, reserved 1048576K
}
2022-08-07T09:29:18.148+0000: 20.093: Application time: 0.0284974 seconds
2022-08-07T09:29:18.258+0000: 20.202: Application time: 0.1089848 seconds
2022-08-07T09:29:18.302+0000: 20.247: Application time: 0.0442453 seconds
{Heap before GC invocations=259 (full 23):
 par new generation   total 19008K, used 18041K [0x00000000c2600000, 0x00000000c3aa0000, 0x00000000d6e00000)
  eden space 16896K, 100% used [0x00000000c2600000, 0x00000000c3680000, 0x00000000c3680000)
  from space 2112K,  54% used [0x00000000c3890000, 0x00000000c39ae770, 0x00000000c3aa0000)
  to   space 2112K,   0% used [0x00000000c3680000, 0x00000000c3680000, 0x00000000c3890000)
 concurrent mark-sweep generation total 70556K, used 40945K [0x00000000d6e00000, 0x00000000db2e7000, 0x0000000100000000)
 Metaspace       used 59055K, capacity 61252K, committed 61464K, reserved 1103872K
  class space    used 7486K, capacity 7934K, committed 7960K, reserved 1048576K
2022-08-07T09:29:18.303+0000: 20.248: [GC (Allocation Failure) 2022-08-07T09:29:18.303+0000: 20.248: [ParNew: 18041K->1629K(19008K), 0.0027238 secs] 58987K->42574K(89564K), 0.0032583 secs] [Times: user=0.00 sys=0.00, real=0.00 secs] 
Heap after GC invocations=260 (full 23):
 par new generation   total 19008K, used 1629K [0x00000000c2600000, 0x00000000c3aa0000, 0x00000000d6e00000)
  eden space 16896K,   0% used [0x00000000c2600000, 0x00000000c2600000, 0x00000000c3680000)
  from space 2112K,  77% used [0x00000000c3680000, 0x00000000c3817408, 0x00000000c3890000)
  to   space 2112K,   0% used [0x00000000c3890000, 0x00000000c3890000, 0x00000000c3aa0000)
 concurrent mark-sweep generation total 70556K, used 40945K [0x00000000d6e00000, 0x00000000db2e7000, 0x0000000100000000)
 Metaspace       used 59055K, capacity 61252K, committed 61464K, reserved 1103872K
  class space    used 7486K, capacity 7934K, committed 7960K, reserved 1048576K
}
2022-08-07T09:29:18.392+0000: 20.337: Application time: 0.0849695 seconds
{Heap before GC invocations=260 (full 23):
 par new generation   total 19008K, used 18525K [0x00000000c2600000, 0x00000000c3aa0000, 0x00000000d6e00000)
  eden space 16896K, 100% used [0x00000000c2600000, 0x00000000c3680000, 0x00000000c3680000)
  from space 2112K,  77% used [0x00000000c3680000, 0x00000000c3817408, 0x00000000c3890000)
  to   space 2112K,   0% used [0x00000000c3890000, 0x00000000c3890000, 0x00000000c3aa0000)
 concurrent mark-sweep generation total 70556K, used 40945K [0x00000000d6e00000, 0x00000000db2e7000, 0x0000000100000000)
 Metaspace       used 59324K, capacity 61540K, committed 61848K, reserved 1103872K
  class space    used 7518K, capacity 7966K, committed 8088K, reserved 1048576K
2022-08-07T09:29:18.392+0000: 20.337: [GC (Allocation Failure) 2022-08-07T09:29:18.393+0000: 20.338: [ParNew: 18525K->1218K(19008K), 0.0029473 secs] 59470K->42164K(89564K), 0.0038400 secs] [Times: user=0.01 sys=0.00, real=0.01 secs] 
Heap after GC invocations=261 (full 23):
 par new generation   total 19008K, used 1218K [0x00000000c2600000, 0x00000000c3aa0000, 0x00000000d6e00000)
  eden space 16896K,   0% used [0x00000000c2600000, 0x00000000c2600000, 0x00000000c3680000)
  from space 2112K,  57% used [0x00000000c3890000, 0x00000000c39c0998, 0x00000000c3aa0000)
  to   space 2112K,   0% used [0x00000000c3680000, 0x00000000c3680000, 0x00000000c3890000)
 concurrent mark-sweep generation total 70556K, used 40945K [0x00000000d6e00000, 0x00000000db2e7000, 0x0000000100000000)
 Metaspace       used 59324K, capacity 61540K, committed 61848K, reserved 1103872K
  class space    used 7518K, capacity 7966K, committed 8088K, reserved 1048576K
}
2022-08-07T09:29:18.568+0000: 20.513: Application time: 0.1707843 seconds
{Heap before GC invocations=261 (full 23):
 par new generation   total 19008K, used 18114K [0x00000000c2600000, 0x00000000c3aa0000, 0x00000000d6e00000)
  eden space 16896K, 100% used [0x00000000c2600000, 0x00000000c3680000, 0x00000000c3680000)
  from space 2112K,  57% used [0x00000000c3890000, 0x00000000c39c0998, 0x00000000c3aa0000)
  to   space 2112K,   0% used [0x00000000c3680000, 0x00000000c3680000, 0x00000000c3890000)
 concurrent mark-sweep generation total 70556K, used 40945K [0x00000000d6e00000, 0x00000000db2e7000, 0x0000000100000000)
 Metaspace       used 59821K, capacity 62226K, committed 62360K, reserved 1103872K
  class space    used 7606K, capacity 8079K, committed 8088K, reserved 1048576K
2022-08-07T09:29:18.569+0000: 20.514: [GC (Allocation Failure) 2022-08-07T09:29:18.570+0000: 20.514: [ParNew: 18114K->1675K(19008K), 0.0037132 secs] 59060K->42621K(89564K), 0.0048722 secs] [Times: user=0.01 sys=0.00, real=0.00 secs] 
Heap after GC invocations=262 (full 23):
 par new generation   total 19008K, used 1675K [0x00000000c2600000, 0x00000000c3aa0000, 0x00000000d6e00000)
  eden space 16896K,   0% used [0x00000000c2600000, 0x00000000c2600000, 0x00000000c3680000)
  from space 2112K,  79% used [0x00000000c3680000, 0x00000000c3822e08, 0x00000000c3890000)
  to   space 2112K,   0% used [0x00000000c3890000, 0x00000000c3890000, 0x00000000c3aa0000)
 concurrent mark-sweep generation total 70556K, used 40945K [0x00000000d6e00000, 0x00000000db2e7000, 0x0000000100000000)
 Metaspace       used 59821K, capacity 62226K, committed 62360K, reserved 1103872K
  class space    used 7606K, capacity 8079K, committed 8088K, reserved 1048576K
}
2022-08-07T09:29:18.621+0000: 20.566: Application time: 0.0464014 seconds
2022-08-07T09:29:18.657+0000: 20.601: Application time: 0.0348055 seconds
{Heap before GC invocations=262 (full 23):
 par new generation   total 19008K, used 18571K [0x00000000c2600000, 0x00000000c3aa0000, 0x00000000d6e00000)
  eden space 16896K, 100% used [0x00000000c2600000, 0x00000000c3680000, 0x00000000c3680000)
  from space 2112K,  79% used [0x00000000c3680000, 0x00000000c3822e08, 0x00000000c3890000)
  to   space 2112K,   0% used [0x00000000c3890000, 0x00000000c3890000, 0x00000000c3aa0000)
 concurrent mark-sweep generation total 70556K, used 40945K [0x00000000d6e00000, 0x00000000db2e7000, 0x0000000100000000)
 Metaspace       used 60054K, capacity 62526K, committed 62744K, reserved 1103872K
  class space    used 7646K, capacity 8127K, committed 8216K, reserved 1048576K
2022-08-07T09:29:18.657+0000: 20.602: [GC (Allocation Failure) 2022-08-07T09:29:18.658+0000: 20.603: [ParNew: 18571K->1117K(19008K), 0.0053448 secs] 59517K->42388K(89564K), 0.0064143 secs] [Times: user=0.02 sys=0.00, real=0.01 secs] 
Heap after GC invocations=263 (full 23):
 par new generation   total 19008K, used 1117K [0x00000000c2600000, 0x00000000c3aa0000, 0x00000000d6e00000)
  eden space 16896K,   0% used [0x00000000c2600000, 0x00000000c2600000, 0x00000000c3680000)
  from space 2112K,  52% used [0x00000000c3890000, 0x00000000c39a75a0, 0x00000000c3aa0000)
  to   space 2112K,   0% used [0x00000000c3680000, 0x00000000c3680000, 0x00000000c3890000)
 concurrent mark-sweep generation total 70556K, used 41271K [0x00000000d6e00000, 0x00000000db2e7000, 0x0000000100000000)
 Metaspace       used 60054K, capacity 62526K, committed 62744K, reserved 1103872K
  class space    used 7646K, capacity 8127K, committed 8216K, reserved 1048576K
}
2022-08-07T09:29:18.863+0000: 20.808: Application time: 0.1933283 seconds
{Heap before GC invocations=263 (full 23):
 par new generation   total 19008K, used 18013K [0x00000000c2600000, 0x00000000c3aa0000, 0x00000000d6e00000)
  eden space 16896K, 100% used [0x00000000c2600000, 0x00000000c3680000, 0x00000000c3680000)
  from space 2112K,  52% used [0x00000000c3890000, 0x00000000c39a75a0, 0x00000000c3aa0000)
  to   space 2112K,   0% used [0x00000000c3680000, 0x00000000c3680000, 0x00000000c3890000)
 concurrent mark-sweep generation total 70556K, used 41271K [0x00000000d6e00000, 0x00000000db2e7000, 0x0000000100000000)
 Metaspace       used 60835K, capacity 63424K, committed 63640K, reserved 1103872K
  class space    used 7750K, capacity 8264K, committed 8344K, reserved 1048576K
2022-08-07T09:29:18.864+0000: 20.808: [GC (Allocation Failure) 2022-08-07T09:29:18.864+0000: 20.809: [ParNew: 18013K->1629K(19008K), 0.0086734 secs] 59284K->42900K(89564K), 0.0093473 secs] [Times: user=0.02 sys=0.01, real=0.01 secs] 
Heap after GC invocations=264 (full 23):
 par new generation   total 19008K, used 1629K [0x00000000c2600000, 0x00000000c3aa0000, 0x00000000d6e00000)
  eden space 16896K,   0% used [0x00000000c2600000, 0x00000000c2600000, 0x00000000c3680000)
  from space 2112K,  77% used [0x00000000c3680000, 0x00000000c3817588, 0x00000000c3890000)
  to   space 2112K,   0% used [0x00000000c3890000, 0x00000000c3890000, 0x00000000c3aa0000)
 concurrent mark-sweep generation total 70556K, used 41271K [0x00000000d6e00000, 0x00000000db2e7000, 0x0000000100000000)
 Metaspace       used 60835K, capacity 63424K, committed 63640K, reserved 1103872K
  class space    used 7750K, capacity 8264K, committed 8344K, reserved 1048576K
}
2022-08-07T09:29:18.990+0000: 20.935: Application time: 0.1158275 seconds
2022-08-07T09:29:18.990+0000: 20.935: Application time: 0.0001642 seconds
2022-08-07T09:29:19.033+0000: 20.978: Application time: 0.0421566 seconds
2022-08-07T09:29:19.056+0000: 21.001: Application time: 0.0233162 seconds
{Heap before GC invocations=264 (full 23):
 par new generation   total 19008K, used 18525K [0x00000000c2600000, 0x00000000c3aa0000, 0x00000000d6e00000)
  eden space 16896K, 100% used [0x00000000c2600000, 0x00000000c3680000, 0x00000000c3680000)
  from space 2112K,  77% used [0x00000000c3680000, 0x00000000c3817588, 0x00000000c3890000)
  to   space 2112K,   0% used [0x00000000c3890000, 0x00000000c3890000, 0x00000000c3aa0000)
 concurrent mark-sweep generation total 70556K, used 41271K [0x00000000d6e00000, 0x00000000db2e7000, 0x0000000100000000)
 Metaspace       used 61421K, capacity 64044K, committed 64280K, reserved 1105920K
  class space    used 7849K, capacity 8376K, committed 8472K, reserved 1048576K
2022-08-07T09:29:19.057+0000: 21.002: [GC (Allocation Failure) 2022-08-07T09:29:19.058+0000: 21.002: [ParNew: 18525K->1581K(19008K), 0.0071644 secs] 59796K->43267K(89564K), 0.0078243 secs] [Times: user=0.02 sys=0.01, real=0.00 secs] 
Heap after GC invocations=265 (full 23):
 par new generation   total 19008K, used 1581K [0x00000000c2600000, 0x00000000c3aa0000, 0x00000000d6e00000)
  eden space 16896K,   0% used [0x00000000c2600000, 0x00000000c2600000, 0x00000000c3680000)
  from space 2112K,  74% used [0x00000000c3890000, 0x00000000c3a1b5a0, 0x00000000c3aa0000)
  to   space 2112K,   0% used [0x00000000c3680000, 0x00000000c3680000, 0x00000000c3890000)
 concurrent mark-sweep generation total 70556K, used 41685K [0x00000000d6e00000, 0x00000000db2e7000, 0x0000000100000000)
 Metaspace       used 61421K, capacity 64044K, committed 64280K, reserved 1105920K
  class space    used 7849K, capacity 8376K, committed 8472K, reserved 1048576K
}
2022-08-07T09:29:19.188+0000: 21.133: Application time: 0.1226170 seconds
{Heap before GC invocations=265 (full 23):
 par new generation   total 19008K, used 18474K [0x00000000c2600000, 0x00000000c3aa0000, 0x00000000d6e00000)
  eden space 16896K,  99% used [0x00000000c2600000, 0x00000000c367f560, 0x00000000c3680000)
  from space 2112K,  74% used [0x00000000c3890000, 0x00000000c3a1b5a0, 0x00000000c3aa0000)
  to   space 2112K,   0% used [0x00000000c3680000, 0x00000000c3680000, 0x00000000c3890000)
 concurrent mark-sweep generation total 70556K, used 41685K [0x00000000d6e00000, 0x00000000db2e7000, 0x0000000100000000)
 Metaspace       used 61563K, capacity 64138K, committed 64280K, reserved 1105920K
  class space    used 7873K, capacity 8381K, committed 8472K, reserved 1048576K
2022-08-07T09:29:19.189+0000: 21.134: [GC (Allocation Failure) 2022-08-07T09:29:19.189+0000: 21.134: [ParNew: 18474K->1108K(19008K), 0.0035749 secs] 60160K->43026K(89564K), 0.0041496 secs] [Times: user=0.01 sys=0.00, real=0.00 secs] 
Heap after GC invocations=266 (full 23):
 par new generation   total 19008K, used 1108K [0x00000000c2600000, 0x00000000c3aa0000, 0x00000000d6e00000)
  eden space 16896K,   0% used [0x00000000c2600000, 0x00000000c2600000, 0x00000000c3680000)
  from space 2112K,  52% used [0x00000000c3680000, 0x00000000c3795258, 0x00000000c3890000)
  to   space 2112K,   0% used [0x00000000c3890000, 0x00000000c3890000, 0x00000000c3aa0000)
 concurrent mark-sweep generation total 70556K, used 41917K [0x00000000d6e00000, 0x00000000db2e7000, 0x0000000100000000)
 Metaspace       used 61563K, capacity 64138K, committed 64280K, reserved 1105920K
  class space    used 7873K, capacity 8381K, committed 8472K, reserved 1048576K
}
2022-08-07T09:29:19.353+0000: 21.298: Application time: 0.1589783 seconds
{Heap before GC invocations=266 (full 23):
 par new generation   total 19008K, used 18004K [0x00000000c2600000, 0x00000000c3aa0000, 0x00000000d6e00000)
  eden space 16896K, 100% used [0x00000000c2600000, 0x00000000c3680000, 0x00000000c3680000)
  from space 2112K,  52% used [0x00000000c3680000, 0x00000000c3795258, 0x00000000c3890000)
  to   space 2112K,   0% used [0x00000000c3890000, 0x00000000c3890000, 0x00000000c3aa0000)
 concurrent mark-sweep generation total 70556K, used 41917K [0x00000000d6e00000, 0x00000000db2e7000, 0x0000000100000000)
 Metaspace       used 62052K, capacity 64682K, committed 64792K, reserved 1105920K
  class space    used 7924K, capacity 8451K, committed 8472K, reserved 1048576K
2022-08-07T09:29:19.355+0000: 21.300: [GC (Allocation Failure) 2022-08-07T09:29:19.356+0000: 21.300: [ParNew: 18004K->1347K(19008K), 0.0038949 secs] 59922K->43264K(89564K), 0.0047128 secs] [Times: user=0.01 sys=0.00, real=0.01 secs] 
Heap after GC invocations=267 (full 23):
 par new generation   total 19008K, used 1347K [0x00000000c2600000, 0x00000000c3aa0000, 0x00000000d6e00000)
  eden space 16896K,   0% used [0x00000000c2600000, 0x00000000c2600000, 0x00000000c3680000)
  from space 2112K,  63% used [0x00000000c3890000, 0x00000000c39e0c58, 0x00000000c3aa0000)
  to   space 2112K,   0% used [0x00000000c3680000, 0x00000000c3680000, 0x00000000c3890000)
 concurrent mark-sweep generation total 70556K, used 41917K [0x00000000d6e00000, 0x00000000db2e7000, 0x0000000100000000)
 Metaspace       used 62052K, capacity 64682K, committed 64792K, reserved 1105920K
  class space    used 7924K, capacity 8451K, committed 8472K, reserved 1048576K
}
2022-08-07T09:29:19.393+0000: 21.337: Application time: 0.0317090 seconds
2022-08-07T09:29:19.415+0000: 21.360: Application time: 0.0225116 seconds
2022-08-07T09:29:19.574+0000: 21.519: Application time: 0.1572401 seconds
{Heap before GC invocations=267 (full 23):
 par new generation   total 19008K, used 18243K [0x00000000c2600000, 0x00000000c3aa0000, 0x00000000d6e00000)
  eden space 16896K, 100% used [0x00000000c2600000, 0x00000000c3680000, 0x00000000c3680000)
  from space 2112K,  63% used [0x00000000c3890000, 0x00000000c39e0c58, 0x00000000c3aa0000)
  to   space 2112K,   0% used [0x00000000c3680000, 0x00000000c3680000, 0x00000000c3890000)
 concurrent mark-sweep generation total 70556K, used 41917K [0x00000000d6e00000, 0x00000000db2e7000, 0x0000000100000000)
 Metaspace       used 62510K, capacity 65174K, committed 65432K, reserved 1105920K
  class space    used 7974K, capacity 8485K, committed 8600K, reserved 1048576K
2022-08-07T09:29:19.575+0000: 21.519: [GC (Allocation Failure) 2022-08-07T09:29:19.575+0000: 21.520: [ParNew: 18243K->1619K(19008K), 0.0058980 secs] 60160K->43537K(89564K), 0.0065990 secs] [Times: user=0.02 sys=0.01, real=0.01 secs] 
Heap after GC invocations=268 (full 23):
 par new generation   total 19008K, used 1619K [0x00000000c2600000, 0x00000000c3aa0000, 0x00000000d6e00000)
  eden space 16896K,   0% used [0x00000000c2600000, 0x00000000c2600000, 0x00000000c3680000)
  from space 2112K,  76% used [0x00000000c3680000, 0x00000000c3814de8, 0x00000000c3890000)
  to   space 2112K,   0% used [0x00000000c3890000, 0x00000000c3890000, 0x00000000c3aa0000)
 concurrent mark-sweep generation total 70556K, used 41917K [0x00000000d6e00000, 0x00000000db2e7000, 0x0000000100000000)
 Metaspace       used 62510K, capacity 65174K, committed 65432K, reserved 1105920K
  class space    used 7974K, capacity 8485K, committed 8600K, reserved 1048576K
}
2022-08-07T09:29:19.593+0000: 21.538: Application time: 0.0109198 seconds
2022-08-07T09:29:19.850+0000: 21.794: Application time: 0.2564043 seconds
{Heap before GC invocations=268 (full 23):
 par new generation   total 19008K, used 18515K [0x00000000c2600000, 0x00000000c3aa0000, 0x00000000d6e00000)
  eden space 16896K, 100% used [0x00000000c2600000, 0x00000000c3680000, 0x00000000c3680000)
  from space 2112K,  76% used [0x00000000c3680000, 0x00000000c3814de8, 0x00000000c3890000)
  to   space 2112K,   0% used [0x00000000c3890000, 0x00000000c3890000, 0x00000000c3aa0000)
 concurrent mark-sweep generation total 70556K, used 41917K [0x00000000d6e00000, 0x00000000db2e7000, 0x0000000100000000)
 Metaspace       used 62826K, capacity 65462K, committed 65688K, reserved 1105920K
  class space    used 8008K, capacity 8517K, committed 8600K, reserved 1048576K
2022-08-07T09:29:19.851+0000: 21.796: [GC (Allocation Failure) 2022-08-07T09:29:19.851+0000: 21.796: [ParNew: 18515K->1385K(19008K), 0.0104450 secs] 60433K->43622K(89564K), 0.0110563 secs] [Times: user=0.01 sys=0.00, real=0.01 secs] 
Heap after GC invocations=269 (full 23):
 par new generation   total 19008K, used 1385K [0x00000000c2600000, 0x00000000c3aa0000, 0x00000000d6e00000)
  eden space 16896K,   0% used [0x00000000c2600000, 0x00000000c2600000, 0x00000000c3680000)
  from space 2112K,  65% used [0x00000000c3890000, 0x00000000c39ea690, 0x00000000c3aa0000)
  to   space 2112K,   0% used [0x00000000c3680000, 0x00000000c3680000, 0x00000000c3890000)
 concurrent mark-sweep generation total 70556K, used 42236K [0x00000000d6e00000, 0x00000000db2e7000, 0x0000000100000000)
 Metaspace       used 62826K, capacity 65462K, committed 65688K, reserved 1105920K
  class space    used 8008K, capacity 8517K, committed 8600K, reserved 1048576K
}
2022-08-07T09:29:20.162+0000: 22.106: Application time: 0.2990713 seconds
{Heap before GC invocations=269 (full 23):
 par new generation   total 19008K, used 18281K [0x00000000c2600000, 0x00000000c3aa0000, 0x00000000d6e00000)
  eden space 16896K, 100% used [0x00000000c2600000, 0x00000000c3680000, 0x00000000c3680000)
  from space 2112K,  65% used [0x00000000c3890000, 0x00000000c39ea690, 0x00000000c3aa0000)
  to   space 2112K,   0% used [0x00000000c3680000, 0x00000000c3680000, 0x00000000c3890000)
 concurrent mark-sweep generation total 70556K, used 42236K [0x00000000d6e00000, 0x00000000db2e7000, 0x0000000100000000)
 Metaspace       used 63490K, capacity 66174K, committed 66584K, reserved 1107968K
  class space    used 8095K, capacity 8621K, committed 8728K, reserved 1048576K
2022-08-07T09:29:20.163+0000: 22.107: [GC (Allocation Failure) 2022-08-07T09:29:20.163+0000: 22.108: [ParNew: 18281K->1511K(19008K), 0.0066880 secs] 60518K->43748K(89564K), 0.0075267 secs] [Times: user=0.01 sys=0.01, real=0.01 secs] 
Heap after GC invocations=270 (full 23):
 par new generation   total 19008K, used 1511K [0x00000000c2600000, 0x00000000c3aa0000, 0x00000000d6e00000)
  eden space 16896K,   0% used [0x00000000c2600000, 0x00000000c2600000, 0x00000000c3680000)
  from space 2112K,  71% used [0x00000000c3680000, 0x00000000c37f9fe8, 0x00000000c3890000)
  to   space 2112K,   0% used [0x00000000c3890000, 0x00000000c3890000, 0x00000000c3aa0000)
 concurrent mark-sweep generation total 70556K, used 42236K [0x00000000d6e00000, 0x00000000db2e7000, 0x0000000100000000)
 Metaspace       used 63490K, capacity 66174K, committed 66584K, reserved 1107968K
  class space    used 8095K, capacity 8621K, committed 8728K, reserved 1048576K
}
2022-08-07T09:29:20.268+0000: 22.213: Application time: 0.0975593 seconds
{Heap before GC invocations=270 (full 23):
 par new generation   total 19008K, used 18407K [0x00000000c2600000, 0x00000000c3aa0000, 0x00000000d6e00000)
  eden space 16896K, 100% used [0x00000000c2600000, 0x00000000c3680000, 0x00000000c3680000)
  from space 2112K,  71% used [0x00000000c3680000, 0x00000000c37f9fe8, 0x00000000c3890000)
  to   space 2112K,   0% used [0x00000000c3890000, 0x00000000c3890000, 0x00000000c3aa0000)
 concurrent mark-sweep generation total 70556K, used 42236K [0x00000000d6e00000, 0x00000000db2e7000, 0x0000000100000000)
 Metaspace       used 63620K, capacity 66314K, committed 66584K, reserved 1107968K
  class space    used 8104K, capacity 8623K, committed 8728K, reserved 1048576K
2022-08-07T09:29:20.269+0000: 22.214: [GC (Allocation Failure) 2022-08-07T09:29:20.270+0000: 22.215: [ParNew: 18407K->1555K(19008K), 0.0127509 secs] 60644K->43969K(89564K), 0.0140372 secs] [Times: user=0.03 sys=0.00, real=0.01 secs] 
Heap after GC invocations=271 (full 23):
 par new generation   total 19008K, used 1555K [0x00000000c2600000, 0x00000000c3aa0000, 0x00000000d6e00000)
  eden space 16896K,   0% used [0x00000000c2600000, 0x00000000c2600000, 0x00000000c3680000)
  from space 2112K,  73% used [0x00000000c3890000, 0x00000000c3a14dd0, 0x00000000c3aa0000)
  to   space 2112K,   0% used [0x00000000c3680000, 0x00000000c3680000, 0x00000000c3890000)
 concurrent mark-sweep generation total 70556K, used 42413K [0x00000000d6e00000, 0x00000000db2e7000, 0x0000000100000000)
 Metaspace       used 63620K, capacity 66314K, committed 66584K, reserved 1107968K
  class space    used 8104K, capacity 8623K, committed 8728K, reserved 1048576K
}
2022-08-07T09:29:20.284+0000: 22.229: Application time: 0.0004194 seconds
2022-08-07T09:29:20.285+0000: 22.230: [GC (CMS Initial Mark) [1 CMS-initial-mark: 42413K(70556K)] 44310K(89564K), 0.0095608 secs] [Times: user=0.02 sys=0.00, real=0.02 secs] 
2022-08-07T09:29:20.299+0000: 22.244: [CMS-concurrent-mark-start]
2022-08-07T09:29:20.432+0000: 22.376: Application time: 0.1328914 seconds
{Heap before GC invocations=271 (full 24):
 par new generation   total 19008K, used 18451K [0x00000000c2600000, 0x00000000c3aa0000, 0x00000000d6e00000)
  eden space 16896K, 100% used [0x00000000c2600000, 0x00000000c3680000, 0x00000000c3680000)
  from space 2112K,  73% used [0x00000000c3890000, 0x00000000c3a14dd0, 0x00000000c3aa0000)
  to   space 2112K,   0% used [0x00000000c3680000, 0x00000000c3680000, 0x00000000c3890000)
 concurrent mark-sweep generation total 70556K, used 42413K [0x00000000d6e00000, 0x00000000db2e7000, 0x0000000100000000)
 Metaspace       used 63699K, capacity 66422K, committed 66584K, reserved 1107968K
  class space    used 8121K, capacity 8657K, committed 8728K, reserved 1048576K
2022-08-07T09:29:20.432+0000: 22.377: [GC (Allocation Failure) 2022-08-07T09:29:20.432+0000: 22.377: [ParNew: 18451K->2112K(19008K), 0.0113497 secs] 60865K->45350K(89564K), 0.0121001 secs] [Times: user=0.03 sys=0.00, real=0.01 secs] 
Heap after GC invocations=272 (full 24):
 par new generation   total 19008K, used 2112K [0x00000000c2600000, 0x00000000c3aa0000, 0x00000000d6e00000)
  eden space 16896K,   0% used [0x00000000c2600000, 0x00000000c2600000, 0x00000000c3680000)
  from space 2112K, 100% used [0x00000000c3680000, 0x00000000c3890000, 0x00000000c3890000)
  to   space 2112K,   0% used [0x00000000c3890000, 0x00000000c3890000, 0x00000000c3aa0000)
 concurrent mark-sweep generation total 70556K, used 43238K [0x00000000d6e00000, 0x00000000db2e7000, 0x0000000100000000)
 Metaspace       used 63699K, capacity 66422K, committed 66584K, reserved 1107968K
  class space    used 8121K, capacity 8657K, committed 8728K, reserved 1048576K
}
2022-08-07T09:29:20.493+0000: 22.438: [CMS-concurrent-mark: 0.178/0.193 secs] [Times: user=0.44 sys=0.12, real=0.19 secs] 
2022-08-07T09:29:20.494+0000: 22.438: [CMS-concurrent-preclean-start]
2022-08-07T09:29:20.515+0000: 22.460: [CMS-concurrent-preclean: 0.013/0.022 secs] [Times: user=0.04 sys=0.03, real=0.02 secs] 
2022-08-07T09:29:20.516+0000: 22.460: [CMS-concurrent-abortable-preclean-start]
2022-08-07T09:29:20.622+0000: 22.566: Application time: 0.1766283 seconds
{Heap before GC invocations=272 (full 24):
 par new generation   total 19008K, used 19008K [0x00000000c2600000, 0x00000000c3aa0000, 0x00000000d6e00000)
  eden space 16896K, 100% used [0x00000000c2600000, 0x00000000c3680000, 0x00000000c3680000)
  from space 2112K, 100% used [0x00000000c3680000, 0x00000000c3890000, 0x00000000c3890000)
  to   space 2112K,   0% used [0x00000000c3890000, 0x00000000c3890000, 0x00000000c3aa0000)
 concurrent mark-sweep generation total 70556K, used 43238K [0x00000000d6e00000, 0x00000000db2e7000, 0x0000000100000000)
 Metaspace       used 63768K, capacity 66428K, committed 66584K, reserved 1107968K
  class space    used 8134K, capacity 8658K, committed 8728K, reserved 1048576K
2022-08-07T09:29:20.622+0000: 22.567: [GC (Allocation Failure) 2022-08-07T09:29:20.622+0000: 22.567: [ParNew2022-08-07T09:29:20.627+0000: 22.572: [CMS-concurrent-abortable-preclean: 0.011/0.112 secs] [Times: user=0.23 sys=0.05, real=0.12 secs] 
: 19008K->1843K(19008K), 0.0282834 secs] 62246K->45791K(89564K), 0.0292883 secs] [Times: user=0.08 sys=0.00, real=0.03 secs] 
Heap after GC invocations=273 (full 24):
 par new generation   total 19008K, used 1843K [0x00000000c2600000, 0x00000000c3aa0000, 0x00000000d6e00000)
  eden space 16896K,   0% used [0x00000000c2600000, 0x00000000c2600000, 0x00000000c3680000)
  from space 2112K,  87% used [0x00000000c3890000, 0x00000000c3a5cd80, 0x00000000c3aa0000)
  to   space 2112K,   0% used [0x00000000c3680000, 0x00000000c3680000, 0x00000000c3890000)
 concurrent mark-sweep generation total 70556K, used 43948K [0x00000000d6e00000, 0x00000000db2e7000, 0x0000000100000000)
 Metaspace       used 63768K, capacity 66428K, committed 66584K, reserved 1107968K
  class space    used 8134K, capacity 8658K, committed 8728K, reserved 1048576K
}
2022-08-07T09:29:20.652+0000: 22.597: Application time: 0.0002382 seconds
2022-08-07T09:29:20.652+0000: 22.597: [GC (CMS Final Remark) [YG occupancy: 2180 K (19008 K)]2022-08-07T09:29:20.653+0000: 22.597: [Rescan (parallel) , 0.0040731 secs]2022-08-07T09:29:20.657+0000: 22.602: [weak refs processing, 0.0004629 secs]2022-08-07T09:29:20.658+0000: 22.603: [class unloading, 0.0133970 secs]2022-08-07T09:29:20.672+0000: 22.616: [scrub symbol table, 0.0164278 secs]2022-08-07T09:29:20.688+0000: 22.633: [scrub string table, 0.0012139 secs][1 CMS-remark: 43948K(70556K)] 46129K(89564K), 0.0376821 secs] [Times: user=0.10 sys=0.01, real=0.04 secs] 
2022-08-07T09:29:20.691+0000: 22.636: [CMS-concurrent-sweep-start]
2022-08-07T09:29:20.712+0000: 22.657: [CMS-concurrent-sweep: 0.021/0.021 secs] [Times: user=0.05 sys=0.02, real=0.02 secs] 
2022-08-07T09:29:20.713+0000: 22.658: [CMS-concurrent-reset-start]
2022-08-07T09:29:20.713+0000: 22.658: [CMS-concurrent-reset: 0.001/0.001 secs] [Times: user=0.00 sys=0.00, real=0.00 secs] 
2022-08-07T09:29:20.805+0000: 22.750: Application time: 0.1140910 seconds
{Heap before GC invocations=273 (full 24):
 par new generation   total 19008K, used 18739K [0x00000000c2600000, 0x00000000c3aa0000, 0x00000000d6e00000)
  eden space 16896K, 100% used [0x00000000c2600000, 0x00000000c3680000, 0x00000000c3680000)
  from space 2112K,  87% used [0x00000000c3890000, 0x00000000c3a5cd80, 0x00000000c3aa0000)
  to   space 2112K,   0% used [0x00000000c3680000, 0x00000000c3680000, 0x00000000c3890000)
 concurrent mark-sweep generation total 71428K, used 42856K [0x00000000d6e00000, 0x00000000db3c1000, 0x0000000100000000)
 Metaspace       used 63751K, capacity 66382K, committed 66584K, reserved 1107968K
  class space    used 8134K, capacity 8649K, committed 8728K, reserved 1048576K
2022-08-07T09:29:20.805+0000: 22.750: [GC (Allocation Failure) 2022-08-07T09:29:20.806+0000: 22.751: [ParNew: 18739K->1307K(19008K), 0.0150023 secs] 61595K->44164K(90436K), 0.0198694 secs] [Times: user=0.04 sys=0.01, real=0.02 secs] 
Heap after GC invocations=274 (full 24):
 par new generation   total 19008K, used 1307K [0x00000000c2600000, 0x00000000c3aa0000, 0x00000000d6e00000)
  eden space 16896K,   0% used [0x00000000c2600000, 0x00000000c2600000, 0x00000000c3680000)
  from space 2112K,  61% used [0x00000000c3680000, 0x00000000c37c6fe8, 0x00000000c3890000)
  to   space 2112K,   0% used [0x00000000c3890000, 0x00000000c3890000, 0x00000000c3aa0000)
 concurrent mark-sweep generation total 71428K, used 42856K [0x00000000d6e00000, 0x00000000db3c1000, 0x0000000100000000)
 Metaspace       used 63751K, capacity 66382K, committed 66584K, reserved 1107968K
  class space    used 8134K, capacity 8649K, committed 8728K, reserved 1048576K
}
2022-08-07T09:29:20.877+0000: 22.821: Application time: 0.0503844 seconds
{Heap before GC invocations=274 (full 24):
 par new generation   total 19008K, used 18203K [0x00000000c2600000, 0x00000000c3aa0000, 0x00000000d6e00000)
  eden space 16896K, 100% used [0x00000000c2600000, 0x00000000c3680000, 0x00000000c3680000)
  from space 2112K,  61% used [0x00000000c3680000, 0x00000000c37c6fe8, 0x00000000c3890000)
  to   space 2112K,   0% used [0x00000000c3890000, 0x00000000c3890000, 0x00000000c3aa0000)
 concurrent mark-sweep generation total 71428K, used 42856K [0x00000000d6e00000, 0x00000000db3c1000, 0x0000000100000000)
 Metaspace       used 63771K, capacity 66450K, committed 66840K, reserved 1107968K
  class space    used 8139K, capacity 8649K, committed 8728K, reserved 1048576K
2022-08-07T09:29:20.878+0000: 22.823: [GC (Allocation Failure) 2022-08-07T09:29:20.878+0000: 22.823: [ParNew: 18203K->1344K(19008K), 0.0186803 secs] 61060K->44354K(90436K), 0.0195295 secs] [Times: user=0.02 sys=0.01, real=0.02 secs] 
Heap after GC invocations=275 (full 24):
 par new generation   total 19008K, used 1344K [0x00000000c2600000, 0x00000000c3aa0000, 0x00000000d6e00000)
  eden space 16896K,   0% used [0x00000000c2600000, 0x00000000c2600000, 0x00000000c3680000)
  from space 2112K,  63% used [0x00000000c3890000, 0x00000000c39e0078, 0x00000000c3aa0000)
  to   space 2112K,   0% used [0x00000000c3680000, 0x00000000c3680000, 0x00000000c3890000)
 concurrent mark-sweep generation total 71428K, used 43009K [0x00000000d6e00000, 0x00000000db3c1000, 0x0000000100000000)
 Metaspace       used 63771K, capacity 66450K, committed 66840K, reserved 1107968K
  class space    used 8139K, capacity 8649K, committed 8728K, reserved 1048576K
}
2022-08-07T09:29:20.905+0000: 22.850: Application time: 0.0066371 seconds
2022-08-07T09:29:20.905+0000: 22.850: [GC (CMS Initial Mark) [1 CMS-initial-mark: 43009K(71428K)] 44716K(90436K), 0.0040228 secs] [Times: user=0.01 sys=0.00, real=0.01 secs] 
2022-08-07T09:29:20.910+0000: 22.855: [CMS-concurrent-mark-start]
2022-08-07T09:29:20.940+0000: 22.884: Application time: 0.0296694 seconds
{Heap before GC invocations=275 (full 25):
 par new generation   total 19008K, used 18240K [0x00000000c2600000, 0x00000000c3aa0000, 0x00000000d6e00000)
  eden space 16896K, 100% used [0x00000000c2600000, 0x00000000c3680000, 0x00000000c3680000)
  from space 2112K,  63% used [0x00000000c3890000, 0x00000000c39e0078, 0x00000000c3aa0000)
  to   space 2112K,   0% used [0x00000000c3680000, 0x00000000c3680000, 0x00000000c3890000)
 concurrent mark-sweep generation total 71428K, used 43009K [0x00000000d6e00000, 0x00000000db3c1000, 0x0000000100000000)
 Metaspace       used 63771K, capacity 66450K, committed 66840K, reserved 1107968K
  class space    used 8139K, capacity 8649K, committed 8728K, reserved 1048576K
2022-08-07T09:29:20.940+0000: 22.885: [GC (Allocation Failure) 2022-08-07T09:29:20.940+0000: 22.885: [ParNew: 18240K->1457K(19008K), 0.0037264 secs] 61250K->44467K(90436K), 0.0043918 secs] [Times: user=0.01 sys=0.01, real=0.00 secs] 
Heap after GC invocations=276 (full 25):
 par new generation   total 19008K, used 1457K [0x00000000c2600000, 0x00000000c3aa0000, 0x00000000d6e00000)
  eden space 16896K,   0% used [0x00000000c2600000, 0x00000000c2600000, 0x00000000c3680000)
  from space 2112K,  68% used [0x00000000c3680000, 0x00000000c37ec4d0, 0x00000000c3890000)
  to   space 2112K,   0% used [0x00000000c3890000, 0x00000000c3890000, 0x00000000c3aa0000)
 concurrent mark-sweep generation total 71428K, used 43009K [0x00000000d6e00000, 0x00000000db3c1000, 0x0000000100000000)
 Metaspace       used 63771K, capacity 66450K, committed 66840K, reserved 1107968K
  class space    used 8139K, capacity 8649K, committed 8728K, reserved 1048576K
}
2022-08-07T09:29:20.984+0000: 22.929: Application time: 0.0391399 seconds
{Heap before GC invocations=276 (full 25):
 par new generation   total 19008K, used 18353K [0x00000000c2600000, 0x00000000c3aa0000, 0x00000000d6e00000)
  eden space 16896K, 100% used [0x00000000c2600000, 0x00000000c3680000, 0x00000000c3680000)
  from space 2112K,  68% used [0x00000000c3680000, 0x00000000c37ec4d0, 0x00000000c3890000)
  to   space 2112K,   0% used [0x00000000c3890000, 0x00000000c3890000, 0x00000000c3aa0000)
 concurrent mark-sweep generation total 71428K, used 43009K [0x00000000d6e00000, 0x00000000db3c1000, 0x0000000100000000)
 Metaspace       used 63773K, capacity 66450K, committed 66840K, reserved 1107968K
  class space    used 8139K, capacity 8649K, committed 8728K, reserved 1048576K
2022-08-07T09:29:20.985+0000: 22.929: [GC (Allocation Failure) 2022-08-07T09:29:20.985+0000: 22.930: [ParNew: 18353K->1420K(19008K), 0.0039066 secs] 61363K->44430K(90436K), 0.0046760 secs] [Times: user=0.01 sys=0.00, real=0.01 secs] 
Heap after GC invocations=277 (full 25):
 par new generation   total 19008K, used 1420K [0x00000000c2600000, 0x00000000c3aa0000, 0x00000000d6e00000)
  eden space 16896K,   0% used [0x00000000c2600000, 0x00000000c2600000, 0x00000000c3680000)
  from space 2112K,  67% used [0x00000000c3890000, 0x00000000c39f3298, 0x00000000c3aa0000)
  to   space 2112K,   0% used [0x00000000c3680000, 0x00000000c3680000, 0x00000000c3890000)
 concurrent mark-sweep generation total 71428K, used 43009K [0x00000000d6e00000, 0x00000000db3c1000, 0x0000000100000000)
 Metaspace       used 63773K, capacity 66450K, committed 66840K, reserved 1107968K
  class space    used 8139K, capacity 8649K, committed 8728K, reserved 1048576K
}
2022-08-07T09:29:21.000+0000: 22.945: [CMS-concurrent-mark: 0.079/0.090 secs] [Times: user=0.29 sys=0.02, real=0.09 secs] 
2022-08-07T09:29:21.001+0000: 22.946: [CMS-concurrent-preclean-start]
2022-08-07T09:29:21.018+0000: 22.963: [CMS-concurrent-preclean: 0.010/0.017 secs] [Times: user=0.05 sys=0.02, real=0.02 secs] 
2022-08-07T09:29:21.019+0000: 22.963: [CMS-concurrent-abortable-preclean-start]
2022-08-07T09:29:21.027+0000: 22.971: Application time: 0.0367306 seconds
{Heap before GC invocations=277 (full 25):
 par new generation   total 19008K, used 18316K [0x00000000c2600000, 0x00000000c3aa0000, 0x00000000d6e00000)
  eden space 16896K, 100% used [0x00000000c2600000, 0x00000000c3680000, 0x00000000c3680000)
  from space 2112K,  67% used [0x00000000c3890000, 0x00000000c39f3298, 0x00000000c3aa0000)
  to   space 2112K,   0% used [0x00000000c3680000, 0x00000000c3680000, 0x00000000c3890000)
 concurrent mark-sweep generation total 71428K, used 43009K [0x00000000d6e00000, 0x00000000db3c1000, 0x0000000100000000)
 Metaspace       used 63783K, capacity 66450K, committed 66840K, reserved 1107968K
  class space    used 8141K, capacity 8649K, committed 8728K, reserved 1048576K
2022-08-07T09:29:21.027+0000: 22.972: [GC (Allocation Failure) 2022-08-07T09:29:21.027+0000: 22.972: [ParNew: 18316K->1354K(19008K), 0.0048089 secs] 61326K->44507K(90436K), 0.0053482 secs] [Times: user=0.01 sys=0.00, real=0.00 secs] 
Heap after GC invocations=278 (full 25):
 par new generation   total 19008K, used 1354K [0x00000000c2600000, 0x00000000c3aa0000, 0x00000000d6e00000)
  eden space 16896K,   0% used [0x00000000c2600000, 0x00000000c2600000, 0x00000000c3680000)
  from space 2112K,  64% used [0x00000000c3680000, 0x00000000c37d2838, 0x00000000c3890000)
  to   space 2112K,   0% used [0x00000000c3890000, 0x00000000c3890000, 0x00000000c3aa0000)
 concurrent mark-sweep generation total 71428K, used 43153K [0x00000000d6e00000, 0x00000000db3c1000, 0x0000000100000000)
 Metaspace       used 63783K, capacity 66450K, committed 66840K, reserved 1107968K
  class space    used 8141K, capacity 8649K, committed 8728K, reserved 1048576K
}
2022-08-07T09:29:21.086+0000: 23.031: [CMS-concurrent-abortable-preclean: 0.028/0.067 secs] [Times: user=0.15 sys=0.04, real=0.06 secs] 
2022-08-07T09:29:21.089+0000: 23.034: Application time: 0.0560480 seconds
2022-08-07T09:29:21.091+0000: 23.036: [GC (CMS Final Remark) [YG occupancy: 15895 K (19008 K)]2022-08-07T09:29:21.091+0000: 23.036: [Rescan (parallel) , 0.0109202 secs]2022-08-07T09:29:21.102+0000: 23.047: [weak refs processing, 0.0004234 secs]2022-08-07T09:29:21.103+0000: 23.048: [class unloading, 0.0139957 secs]2022-08-07T09:29:21.117+0000: 23.062: [scrub symbol table, 0.0145253 secs]2022-08-07T09:29:21.133+0000: 23.077: [scrub string table, 0.0013916 secs][1 CMS-remark: 43153K(71428K)] 59049K(90436K), 0.0435232 secs] [Times: user=0.11 sys=0.00, real=0.04 secs] 
2022-08-07T09:29:21.139+0000: 23.084: [CMS-concurrent-sweep-start]
2022-08-07T09:29:21.139+0000: 23.084: Application time: 0.0041833 seconds
{Heap before GC invocations=278 (full 25):
 par new generation   total 19008K, used 18250K [0x00000000c2600000, 0x00000000c3aa0000, 0x00000000d6e00000)
  eden space 16896K, 100% used [0x00000000c2600000, 0x00000000c3680000, 0x00000000c3680000)
  from space 2112K,  64% used [0x00000000c3680000, 0x00000000c37d2838, 0x00000000c3890000)
  to   space 2112K,   0% used [0x00000000c3890000, 0x00000000c3890000, 0x00000000c3aa0000)
 concurrent mark-sweep generation total 71428K, used 43153K [0x00000000d6e00000, 0x00000000db3c1000, 0x0000000100000000)
 Metaspace       used 63859K, capacity 66556K, committed 66840K, reserved 1107968K
  class space    used 8154K, capacity 8686K, committed 8728K, reserved 1048576K
2022-08-07T09:29:21.140+0000: 23.085: [GC (Allocation Failure) 2022-08-07T09:29:21.140+0000: 23.085: [ParNew: 18250K->1534K(19008K), 0.0036043 secs] 61403K->44688K(90436K), 0.0041036 secs] [Times: user=0.01 sys=0.00, real=0.00 secs] 
Heap after GC invocations=279 (full 25):
 par new generation   total 19008K, used 1534K [0x00000000c2600000, 0x00000000c3aa0000, 0x00000000d6e00000)
  eden space 16896K,   0% used [0x00000000c2600000, 0x00000000c2600000, 0x00000000c3680000)
  from space 2112K,  72% used [0x00000000c3890000, 0x00000000c3a0fbe0, 0x00000000c3aa0000)
  to   space 2112K,   0% used [0x00000000c3680000, 0x00000000c3680000, 0x00000000c3890000)
 concurrent mark-sweep generation total 71428K, used 43153K [0x00000000d6e00000, 0x00000000db3c1000, 0x0000000100000000)
 Metaspace       used 63859K, capacity 66556K, committed 66840K, reserved 1107968K
  class space    used 8154K, capacity 8686K, committed 8728K, reserved 1048576K
}
2022-08-07T09:29:21.164+0000: 23.108: [CMS-concurrent-sweep: 0.024/0.024 secs] [Times: user=0.07 sys=0.01, real=0.02 secs] 
2022-08-07T09:29:21.164+0000: 23.109: [CMS-concurrent-reset-start]
2022-08-07T09:29:21.165+0000: 23.110: [CMS-concurrent-reset: 0.001/0.001 secs] [Times: user=0.01 sys=0.00, real=0.00 secs] 
2022-08-07T09:29:21.188+0000: 23.133: Application time: 0.0434741 seconds
{Heap before GC invocations=279 (full 25):
 par new generation   total 19008K, used 18430K [0x00000000c2600000, 0x00000000c3aa0000, 0x00000000d6e00000)
  eden space 16896K, 100% used [0x00000000c2600000, 0x00000000c3680000, 0x00000000c3680000)
  from space 2112K,  72% used [0x00000000c3890000, 0x00000000c3a0fbe0, 0x00000000c3aa0000)
  to   space 2112K,   0% used [0x00000000c3680000, 0x00000000c3680000, 0x00000000c3890000)
 concurrent mark-sweep generation total 71428K, used 42666K [0x00000000d6e00000, 0x00000000db3c1000, 0x0000000100000000)
 Metaspace       used 63888K, capacity 66550K, committed 66840K, reserved 1107968K
  class space    used 8156K, capacity 8685K, committed 8728K, reserved 1048576K
2022-08-07T09:29:21.188+0000: 23.133: [GC (Allocation Failure) 2022-08-07T09:29:21.188+0000: 23.133: [ParNew: 18430K->1288K(19008K), 0.0073417 secs] 61097K->44610K(90436K), 0.0081952 secs] [Times: user=0.02 sys=0.00, real=0.01 secs] 
Heap after GC invocations=280 (full 25):
 par new generation   total 19008K, used 1288K [0x00000000c2600000, 0x00000000c3aa0000, 0x00000000d6e00000)
  eden space 16896K,   0% used [0x00000000c2600000, 0x00000000c2600000, 0x00000000c3680000)
  from space 2112K,  61% used [0x00000000c3680000, 0x00000000c37c23c8, 0x00000000c3890000)
  to   space 2112K,   0% used [0x00000000c3890000, 0x00000000c3890000, 0x00000000c3aa0000)
 concurrent mark-sweep generation total 71428K, used 43321K [0x00000000d6e00000, 0x00000000db3c1000, 0x0000000100000000)
 Metaspace       used 63888K, capacity 66550K, committed 66840K, reserved 1107968K
  class space    used 8156K, capacity 8685K, committed 8728K, reserved 1048576K
}
2022-08-07T09:29:21.198+0000: 23.142: Application time: 0.0006876 seconds
2022-08-07T09:29:21.198+0000: 23.143: [GC (CMS Initial Mark) [1 CMS-initial-mark: 43321K(71428K)] 44971K(90436K), 0.0037020 secs] [Times: user=0.01 sys=0.00, real=0.00 secs] 
2022-08-07T09:29:21.203+0000: 23.147: [CMS-concurrent-mark-start]
2022-08-07T09:29:21.238+0000: 23.183: Application time: 0.0356891 seconds
{Heap before GC invocations=280 (full 26):
 par new generation   total 19008K, used 18184K [0x00000000c2600000, 0x00000000c3aa0000, 0x00000000d6e00000)
  eden space 16896K, 100% used [0x00000000c2600000, 0x00000000c3680000, 0x00000000c3680000)
  from space 2112K,  61% used [0x00000000c3680000, 0x00000000c37c23c8, 0x00000000c3890000)
  to   space 2112K,   0% used [0x00000000c3890000, 0x00000000c3890000, 0x00000000c3aa0000)
 concurrent mark-sweep generation total 71428K, used 43321K [0x00000000d6e00000, 0x00000000db3c1000, 0x0000000100000000)
 Metaspace       used 63915K, capacity 66566K, committed 66840K, reserved 1107968K
  class space    used 8160K, capacity 8689K, committed 8728K, reserved 1048576K
2022-08-07T09:29:21.238+0000: 23.183: [GC (Allocation Failure) 2022-08-07T09:29:21.239+0000: 23.184: [ParNew: 18184K->726K(19008K), 0.0048144 secs] 61506K->44047K(90436K), 0.0055040 secs] [Times: user=0.01 sys=0.00, real=0.00 secs] 
Heap after GC invocations=281 (full 26):
 par new generation   total 19008K, used 726K [0x00000000c2600000, 0x00000000c3aa0000, 0x00000000d6e00000)
  eden space 16896K,   0% used [0x00000000c2600000, 0x00000000c2600000, 0x00000000c3680000)
  from space 2112K,  34% used [0x00000000c3890000, 0x00000000c3945950, 0x00000000c3aa0000)
  to   space 2112K,   0% used [0x00000000c3680000, 0x00000000c3680000, 0x00000000c3890000)
 concurrent mark-sweep generation total 71428K, used 43321K [0x00000000d6e00000, 0x00000000db3c1000, 0x0000000100000000)
 Metaspace       used 63915K, capacity 66566K, committed 66840K, reserved 1107968K
  class space    used 8160K, capacity 8689K, committed 8728K, reserved 1048576K
}
2022-08-07T09:29:21.287+0000: 23.232: [CMS-concurrent-mark: 0.078/0.084 secs] [Times: user=0.29 sys=0.03, real=0.09 secs] 
2022-08-07T09:29:21.288+0000: 23.232: [CMS-concurrent-preclean-start]
2022-08-07T09:29:21.288+0000: 23.233: Application time: 0.0434896 seconds
{Heap before GC invocations=281 (full 26):
 par new generation   total 19008K, used 17622K [0x00000000c2600000, 0x00000000c3aa0000, 0x00000000d6e00000)
  eden space 16896K, 100% used [0x00000000c2600000, 0x00000000c3680000, 0x00000000c3680000)
  from space 2112K,  34% used [0x00000000c3890000, 0x00000000c3945950, 0x00000000c3aa0000)
  to   space 2112K,   0% used [0x00000000c3680000, 0x00000000c3680000, 0x00000000c3890000)
 concurrent mark-sweep generation total 71428K, used 43321K [0x00000000d6e00000, 0x00000000db3c1000, 0x0000000100000000)
 Metaspace       used 63946K, capacity 66638K, committed 66840K, reserved 1107968K
  class space    used 8164K, capacity 8689K, committed 8728K, reserved 1048576K
2022-08-07T09:29:21.288+0000: 23.233: [GC (Allocation Failure) 2022-08-07T09:29:21.288+0000: 23.233: [ParNew: 17622K->973K(19008K), 0.0028881 secs] 60943K->44294K(90436K), 0.0035604 secs] [Times: user=0.01 sys=0.00, real=0.00 secs] 
Heap after GC invocations=282 (full 26):
 par new generation   total 19008K, used 973K [0x00000000c2600000, 0x00000000c3aa0000, 0x00000000d6e00000)
  eden space 16896K,   0% used [0x00000000c2600000, 0x00000000c2600000, 0x00000000c3680000)
  from space 2112K,  46% used [0x00000000c3680000, 0x00000000c37736d8, 0x00000000c3890000)
  to   space 2112K,   0% used [0x00000000c3890000, 0x00000000c3890000, 0x00000000c3aa0000)
 concurrent mark-sweep generation total 71428K, used 43321K [0x00000000d6e00000, 0x00000000db3c1000, 0x0000000100000000)
 Metaspace       used 63946K, capacity 66638K, committed 66840K, reserved 1107968K
  class space    used 8164K, capacity 8689K, committed 8728K, reserved 1048576K
}
2022-08-07T09:29:21.319+0000: 23.264: [CMS-concurrent-preclean: 0.016/0.032 secs] [Times: user=0.09 sys=0.02, real=0.03 secs] 
2022-08-07T09:29:21.320+0000: 23.265: [CMS-concurrent-abortable-preclean-start]
2022-08-07T09:29:21.330+0000: 23.274: [CMS-concurrent-abortable-preclean: 0.009/0.010 secs] [Times: user=0.03 sys=0.01, real=0.01 secs] 
2022-08-07T09:29:21.330+0000: 23.275: Application time: 0.0379900 seconds
2022-08-07T09:29:21.331+0000: 23.275: [GC (CMS Final Remark) [YG occupancy: 13819 K (19008 K)]2022-08-07T09:29:21.331+0000: 23.276: [Rescan (parallel) , 0.0038655 secs]2022-08-07T09:29:21.335+0000: 23.280: [weak refs processing, 0.0004634 secs]2022-08-07T09:29:21.336+0000: 23.281: [class unloading, 0.0133534 secs]2022-08-07T09:29:21.350+0000: 23.295: [scrub symbol table, 0.0150853 secs]2022-08-07T09:29:21.365+0000: 23.310: [scrub string table, 0.0013028 secs][1 CMS-remark: 43321K(71428K)] 57140K(90436K), 0.0364594 secs] [Times: user=0.10 sys=0.00, real=0.04 secs] 
2022-08-07T09:29:21.368+0000: 23.313: [CMS-concurrent-sweep-start]
2022-08-07T09:29:21.374+0000: 23.319: Application time: 0.0062618 seconds
{Heap before GC invocations=282 (full 26):
 par new generation   total 19008K, used 17869K [0x00000000c2600000, 0x00000000c3aa0000, 0x00000000d6e00000)
  eden space 16896K, 100% used [0x00000000c2600000, 0x00000000c3680000, 0x00000000c3680000)
  from space 2112K,  46% used [0x00000000c3680000, 0x00000000c37736d8, 0x00000000c3890000)
  to   space 2112K,   0% used [0x00000000c3890000, 0x00000000c3890000, 0x00000000c3aa0000)
 concurrent mark-sweep generation total 71428K, used 43317K [0x00000000d6e00000, 0x00000000db3c1000, 0x0000000100000000)
 Metaspace       used 63983K, capacity 66680K, committed 66840K, reserved 1107968K
  class space    used 8170K, capacity 8698K, committed 8728K, reserved 1048576K
2022-08-07T09:29:21.374+0000: 23.319: [GC (Allocation Failure) 2022-08-07T09:29:21.375+0000: 23.319: [ParNew: 17869K->1125K(19008K), 0.0032646 secs] 61186K->44442K(90436K), 0.0039440 secs] [Times: user=0.01 sys=0.00, real=0.01 secs] 
Heap after GC invocations=283 (full 26):
 par new generation   total 19008K, used 1125K [0x00000000c2600000, 0x00000000c3aa0000, 0x00000000d6e00000)
  eden space 16896K,   0% used [0x00000000c2600000, 0x00000000c2600000, 0x00000000c3680000)
  from space 2112K,  53% used [0x00000000c3890000, 0x00000000c39a9528, 0x00000000c3aa0000)
  to   space 2112K,   0% used [0x00000000c3680000, 0x00000000c3680000, 0x00000000c3890000)
 concurrent mark-sweep generation total 71428K, used 43317K [0x00000000d6e00000, 0x00000000db3c1000, 0x0000000100000000)
 Metaspace       used 63983K, capacity 66680K, committed 66840K, reserved 1107968K
  class space    used 8170K, capacity 8698K, committed 8728K, reserved 1048576K
}
2022-08-07T09:29:21.392+0000: 23.336: [CMS-concurrent-sweep: 0.019/0.024 secs] [Times: user=0.08 sys=0.01, real=0.02 secs] 
2022-08-07T09:29:21.392+0000: 23.337: [CMS-concurrent-reset-start]
2022-08-07T09:29:21.393+0000: 23.338: [CMS-concurrent-reset: 0.001/0.001 secs] [Times: user=0.00 sys=0.00, real=0.00 secs] 
2022-08-07T09:29:21.442+0000: 23.387: Application time: 0.0634218 seconds
{Heap before GC invocations=283 (full 26):
 par new generation   total 19008K, used 18021K [0x00000000c2600000, 0x00000000c3aa0000, 0x00000000d6e00000)
  eden space 16896K, 100% used [0x00000000c2600000, 0x00000000c3680000, 0x00000000c3680000)
  from space 2112K,  53% used [0x00000000c3890000, 0x00000000c39a9528, 0x00000000c3aa0000)
  to   space 2112K,   0% used [0x00000000c3680000, 0x00000000c3680000, 0x00000000c3890000)
 concurrent mark-sweep generation total 71984K, used 43189K [0x00000000d6e00000, 0x00000000db44c000, 0x0000000100000000)
 Metaspace       used 64012K, capacity 66668K, committed 66840K, reserved 1107968K
  class space    used 8173K, capacity 8696K, committed 8728K, reserved 1048576K
2022-08-07T09:29:21.443+0000: 23.387: [GC (Allocation Failure) 2022-08-07T09:29:21.443+0000: 23.388: [ParNew: 18021K->1230K(19008K), 0.0032580 secs] 61210K->44516K(90992K), 0.0041377 secs] [Times: user=0.01 sys=0.00, real=0.01 secs] 
Heap after GC invocations=284 (full 26):
 par new generation   total 19008K, used 1230K [0x00000000c2600000, 0x00000000c3aa0000, 0x00000000d6e00000)
  eden space 16896K,   0% used [0x00000000c2600000, 0x00000000c2600000, 0x00000000c3680000)
  from space 2112K,  58% used [0x00000000c3680000, 0x00000000c37b39e0, 0x00000000c3890000)
  to   space 2112K,   0% used [0x00000000c3890000, 0x00000000c3890000, 0x00000000c3aa0000)
 concurrent mark-sweep generation total 71984K, used 43285K [0x00000000d6e00000, 0x00000000db44c000, 0x0000000100000000)
 Metaspace       used 64012K, capacity 66668K, committed 66840K, reserved 1107968K
  class space    used 8173K, capacity 8696K, committed 8728K, reserved 1048576K
}
2022-08-07T09:29:21.447+0000: 23.392: Application time: 0.0001943 seconds
2022-08-07T09:29:21.451+0000: 23.396: [GC (CMS Initial Mark) [1 CMS-initial-mark: 43285K(71984K)] 44857K(90992K), 0.0019983 secs] [Times: user=0.00 sys=0.00, real=0.00 secs] 
2022-08-07T09:29:21.454+0000: 23.398: [CMS-concurrent-mark-start]
2022-08-07T09:29:21.533+0000: 23.478: [CMS-concurrent-mark: 0.080/0.080 secs] [Times: user=0.28 sys=0.02, real=0.08 secs] 
2022-08-07T09:29:21.534+0000: 23.479: [CMS-concurrent-preclean-start]
2022-08-07T09:29:21.543+0000: 23.488: [CMS-concurrent-preclean: 0.006/0.009 secs] [Times: user=0.03 sys=0.01, real=0.01 secs] 
2022-08-07T09:29:21.544+0000: 23.489: [CMS-concurrent-abortable-preclean-start]
2022-08-07T09:29:21.605+0000: 23.549: Application time: 0.1511158 seconds
{Heap before GC invocations=284 (full 27):
 par new generation   total 19008K, used 18126K [0x00000000c2600000, 0x00000000c3aa0000, 0x00000000d6e00000)
  eden space 16896K, 100% used [0x00000000c2600000, 0x00000000c3680000, 0x00000000c3680000)
  from space 2112K,  58% used [0x00000000c3680000, 0x00000000c37b39e0, 0x00000000c3890000)
  to   space 2112K,   0% used [0x00000000c3890000, 0x00000000c3890000, 0x00000000c3aa0000)
 concurrent mark-sweep generation total 71984K, used 43285K [0x00000000d6e00000, 0x00000000db44c000, 0x0000000100000000)
 Metaspace       used 64250K, capacity 66978K, committed 67224K, reserved 1107968K
  class space    used 8202K, capacity 8743K, committed 8856K, reserved 1048576K
2022-08-07T09:29:21.605+0000: 23.550: [GC (Allocation Failure) 2022-08-07T09:29:21.605+0000: 23.550: [ParNew: 18126K->2112K(19008K), 0.0039945 secs] 61412K->45508K(90992K), 0.0047870 secs] [Times: user=0.01 sys=0.00, real=0.01 secs] 
Heap after GC invocations=285 (full 27):
 par new generation   total 19008K, used 2112K [0x00000000c2600000, 0x00000000c3aa0000, 0x00000000d6e00000)
  eden space 16896K,   0% used [0x00000000c2600000, 0x00000000c2600000, 0x00000000c3680000)
  from space 2112K, 100% used [0x00000000c3890000, 0x00000000c3aa0000, 0x00000000c3aa0000)
  to   space 2112K,   0% used [0x00000000c3680000, 0x00000000c3680000, 0x00000000c3890000)
 concurrent mark-sweep generation total 71984K, used 43396K [0x00000000d6e00000, 0x00000000db44c000, 0x0000000100000000)
 Metaspace       used 64250K, capacity 66978K, committed 67224K, reserved 1107968K
  class space    used 8202K, capacity 8743K, committed 8856K, reserved 1048576K
}
2022-08-07T09:29:21.668+0000: 23.613: Application time: 0.0573113 seconds
{Heap before GC invocations=285 (full 27):
 par new generation   total 19008K, used 19008K [0x00000000c2600000, 0x00000000c3aa0000, 0x00000000d6e00000)
  eden space 16896K, 100% used [0x00000000c2600000, 0x00000000c3680000, 0x00000000c3680000)
  from space 2112K, 100% used [0x00000000c3890000, 0x00000000c3aa0000, 0x00000000c3aa0000)
  to   space 2112K,   0% used [0x00000000c3680000, 0x00000000c3680000, 0x00000000c3890000)
 concurrent mark-sweep generation total 71984K, used 43396K [0x00000000d6e00000, 0x00000000db44c000, 0x0000000100000000)
 Metaspace       used 64323K, capacity 67056K, committed 67224K, reserved 1107968K
  class space    used 8206K, capacity 8746K, committed 8856K, reserved 1048576K
2022-08-07T09:29:21.669+0000: 23.613: [GC (Allocation Failure) 2022-08-07T09:29:21.669+0000: 23.614: [ParNew: 19008K->1527K(19008K), 0.0182917 secs] 62404K->45831K(90992K), 0.0188213 secs] [Times: user=0.04 sys=0.01, real=0.02 secs] 
Heap after GC invocations=286 (full 27):
 par new generation   total 19008K, used 1527K [0x00000000c2600000, 0x00000000c3aa0000, 0x00000000d6e00000)
  eden space 16896K,   0% used [0x00000000c2600000, 0x00000000c2600000, 0x00000000c3680000)
  from space 2112K,  72% used [0x00000000c3680000, 0x00000000c37fdf50, 0x00000000c3890000)
  to   space 2112K,   0% used [0x00000000c3890000, 0x00000000c3890000, 0x00000000c3aa0000)
 concurrent mark-sweep generation total 71984K, used 44303K [0x00000000d6e00000, 0x00000000db44c000, 0x0000000100000000)
 Metaspace       used 64323K, capacity 67056K, committed 67224K, reserved 1107968K
  class space    used 8206K, capacity 8746K, committed 8856K, reserved 1048576K
}
2022-08-07T09:29:21.688+0000: 23.633: [CMS-concurrent-abortable-preclean: 0.053/0.144 secs] [Times: user=0.43 sys=0.07, real=0.15 secs] 
2022-08-07T09:29:21.689+0000: 23.634: Application time: 0.0011418 seconds
2022-08-07T09:29:21.691+0000: 23.635: [GC (CMS Final Remark) [YG occupancy: 1869 K (19008 K)]2022-08-07T09:29:21.691+0000: 23.636: [Rescan (parallel) , 0.0231782 secs]2022-08-07T09:29:21.715+0000: 23.659: [weak refs processing, 0.0006778 secs]2022-08-07T09:29:21.716+0000: 23.660: [class unloading, 0.0138314 secs]2022-08-07T09:29:21.730+0000: 23.674: [scrub symbol table, 0.0260209 secs]2022-08-07T09:29:21.756+0000: 23.701: [scrub string table, 0.0019498 secs][1 CMS-remark: 44303K(71984K)] 46172K(90992K), 0.0677192 secs] [Times: user=0.13 sys=0.02, real=0.07 secs] 
2022-08-07T09:29:21.771+0000: 23.715: [CMS-concurrent-sweep-start]
2022-08-07T09:29:21.816+0000: 23.761: [CMS-concurrent-sweep: 0.046/0.046 secs] [Times: user=0.09 sys=0.03, real=0.04 secs] 
2022-08-07T09:29:21.817+0000: 23.762: [CMS-concurrent-reset-start]
2022-08-07T09:29:21.818+0000: 23.762: [CMS-concurrent-reset: 0.001/0.001 secs] [Times: user=0.00 sys=0.00, real=0.00 secs] 
2022-08-07T09:29:21.835+0000: 23.780: Application time: 0.0765304 seconds
{Heap before GC invocations=286 (full 27):
 par new generation   total 19008K, used 18423K [0x00000000c2600000, 0x00000000c3aa0000, 0x00000000d6e00000)
  eden space 16896K, 100% used [0x00000000c2600000, 0x00000000c3680000, 0x00000000c3680000)
  from space 2112K,  72% used [0x00000000c3680000, 0x00000000c37fdf50, 0x00000000c3890000)
  to   space 2112K,   0% used [0x00000000c3890000, 0x00000000c3890000, 0x00000000c3aa0000)
 concurrent mark-sweep generation total 73772K, used 44261K [0x00000000d6e00000, 0x00000000db60b000, 0x0000000100000000)
 Metaspace       used 64342K, capacity 67062K, committed 67224K, reserved 1107968K
  class space    used 8208K, capacity 8747K, committed 8856K, reserved 1048576K
2022-08-07T09:29:21.838+0000: 23.783: [GC (Allocation Failure) 2022-08-07T09:29:21.838+0000: 23.783: [ParNew: 18423K->952K(19008K), 0.0149938 secs] 62685K->45213K(92780K), 0.0156227 secs] [Times: user=0.02 sys=0.01, real=0.01 secs] 
Heap after GC invocations=287 (full 27):
 par new generation   total 19008K, used 952K [0x00000000c2600000, 0x00000000c3aa0000, 0x00000000d6e00000)
  eden space 16896K,   0% used [0x00000000c2600000, 0x00000000c2600000, 0x00000000c3680000)
  from space 2112K,  45% used [0x00000000c3890000, 0x00000000c397e050, 0x00000000c3aa0000)
  to   space 2112K,   0% used [0x00000000c3680000, 0x00000000c3680000, 0x00000000c3890000)
 concurrent mark-sweep generation total 73772K, used 44261K [0x00000000d6e00000, 0x00000000db60b000, 0x0000000100000000)
 Metaspace       used 64342K, capacity 67062K, committed 67224K, reserved 1107968K
  class space    used 8208K, capacity 8747K, committed 8856K, reserved 1048576K
}
2022-08-07T09:29:21.919+0000: 23.863: Application time: 0.0643677 seconds
{Heap before GC invocations=287 (full 27):
 par new generation   total 19008K, used 17848K [0x00000000c2600000, 0x00000000c3aa0000, 0x00000000d6e00000)
  eden space 16896K, 100% used [0x00000000c2600000, 0x00000000c3680000, 0x00000000c3680000)
  from space 2112K,  45% used [0x00000000c3890000, 0x00000000c397e050, 0x00000000c3aa0000)
  to   space 2112K,   0% used [0x00000000c3680000, 0x00000000c3680000, 0x00000000c3890000)
 concurrent mark-sweep generation total 73772K, used 44261K [0x00000000d6e00000, 0x00000000db60b000, 0x0000000100000000)
 Metaspace       used 64353K, capacity 67066K, committed 67224K, reserved 1107968K
  class space    used 8209K, capacity 8747K, committed 8856K, reserved 1048576K
2022-08-07T09:29:21.919+0000: 23.864: [GC (Allocation Failure) 2022-08-07T09:29:21.920+0000: 23.865: [ParNew: 17848K->988K(19008K), 0.0171004 secs] 62109K->45250K(92780K), 0.0182740 secs] [Times: user=0.05 sys=0.01, real=0.02 secs] 
Heap after GC invocations=288 (full 27):
 par new generation   total 19008K, used 988K [0x00000000c2600000, 0x00000000c3aa0000, 0x00000000d6e00000)
  eden space 16896K,   0% used [0x00000000c2600000, 0x00000000c2600000, 0x00000000c3680000)
  from space 2112K,  46% used [0x00000000c3680000, 0x00000000c37772f0, 0x00000000c3890000)
  to   space 2112K,   0% used [0x00000000c3890000, 0x00000000c3890000, 0x00000000c3aa0000)
 concurrent mark-sweep generation total 73772K, used 44261K [0x00000000d6e00000, 0x00000000db60b000, 0x0000000100000000)
 Metaspace       used 64353K, capacity 67066K, committed 67224K, reserved 1107968K
  class space    used 8209K, capacity 8747K, committed 8856K, reserved 1048576K
}
2022-08-07T09:29:21.970+0000: 23.915: Application time: 0.0321191 seconds
{Heap before GC invocations=288 (full 27):
 par new generation   total 19008K, used 17884K [0x00000000c2600000, 0x00000000c3aa0000, 0x00000000d6e00000)
  eden space 16896K, 100% used [0x00000000c2600000, 0x00000000c3680000, 0x00000000c3680000)
  from space 2112K,  46% used [0x00000000c3680000, 0x00000000c37772f0, 0x00000000c3890000)
  to   space 2112K,   0% used [0x00000000c3890000, 0x00000000c3890000, 0x00000000c3aa0000)
 concurrent mark-sweep generation total 73772K, used 44261K [0x00000000d6e00000, 0x00000000db60b000, 0x0000000100000000)
 Metaspace       used 64359K, capacity 67066K, committed 67224K, reserved 1107968K
  class space    used 8209K, capacity 8747K, committed 8856K, reserved 1048576K
2022-08-07T09:29:21.971+0000: 23.916: [GC (Allocation Failure) 2022-08-07T09:29:21.971+0000: 23.916: [ParNew: 17884K->1072K(19008K), 0.0039831 secs] 62146K->45333K(92780K), 0.0045931 secs] [Times: user=0.01 sys=0.00, real=0.00 secs] 
Heap after GC invocations=289 (full 27):
 par new generation   total 19008K, used 1072K [0x00000000c2600000, 0x00000000c3aa0000, 0x00000000d6e00000)
  eden space 16896K,   0% used [0x00000000c2600000, 0x00000000c2600000, 0x00000000c3680000)
  from space 2112K,  50% used [0x00000000c3890000, 0x00000000c399c110, 0x00000000c3aa0000)
  to   space 2112K,   0% used [0x00000000c3680000, 0x00000000c3680000, 0x00000000c3890000)
 concurrent mark-sweep generation total 73772K, used 44261K [0x00000000d6e00000, 0x00000000db60b000, 0x0000000100000000)
 Metaspace       used 64359K, capacity 67066K, committed 67224K, reserved 1107968K
  class space    used 8209K, capacity 8747K, committed 8856K, reserved 1048576K
}
2022-08-07T09:29:22.012+0000: 23.956: Application time: 0.0353406 seconds
{Heap before GC invocations=289 (full 27):
 par new generation   total 19008K, used 17968K [0x00000000c2600000, 0x00000000c3aa0000, 0x00000000d6e00000)
  eden space 16896K, 100% used [0x00000000c2600000, 0x00000000c3680000, 0x00000000c3680000)
  from space 2112K,  50% used [0x00000000c3890000, 0x00000000c399c110, 0x00000000c3aa0000)
  to   space 2112K,   0% used [0x00000000c3680000, 0x00000000c3680000, 0x00000000c3890000)
 concurrent mark-sweep generation total 73772K, used 44261K [0x00000000d6e00000, 0x00000000db60b000, 0x0000000100000000)
 Metaspace       used 64367K, capacity 67072K, committed 67224K, reserved 1107968K
  class space    used 8210K, capacity 8748K, committed 8856K, reserved 1048576K
2022-08-07T09:29:22.012+0000: 23.957: [GC (Allocation Failure) 2022-08-07T09:29:22.013+0000: 23.957: [ParNew: 17968K->1152K(19008K), 0.0040890 secs] 62229K->45413K(92780K), 0.0048191 secs] [Times: user=0.01 sys=0.00, real=0.01 secs] 
Heap after GC invocations=290 (full 27):
 par new generation   total 19008K, used 1152K [0x00000000c2600000, 0x00000000c3aa0000, 0x00000000d6e00000)
  eden space 16896K,   0% used [0x00000000c2600000, 0x00000000c2600000, 0x00000000c3680000)
  from space 2112K,  54% used [0x00000000c3680000, 0x00000000c37a0210, 0x00000000c3890000)
  to   space 2112K,   0% used [0x00000000c3890000, 0x00000000c3890000, 0x00000000c3aa0000)
 concurrent mark-sweep generation total 73772K, used 44261K [0x00000000d6e00000, 0x00000000db60b000, 0x0000000100000000)
 Metaspace       used 64367K, capacity 67072K, committed 67224K, reserved 1107968K
  class space    used 8210K, capacity 8748K, committed 8856K, reserved 1048576K
}
2022-08-07T09:29:22.058+0000: 24.002: Application time: 0.0397717 seconds
2022-08-07T09:29:22.068+0000: 24.013: Application time: 0.0099192 seconds
{Heap before GC invocations=290 (full 27):
 par new generation   total 19008K, used 18048K [0x00000000c2600000, 0x00000000c3aa0000, 0x00000000d6e00000)
  eden space 16896K, 100% used [0x00000000c2600000, 0x00000000c3680000, 0x00000000c3680000)
  from space 2112K,  54% used [0x00000000c3680000, 0x00000000c37a0210, 0x00000000c3890000)
  to   space 2112K,   0% used [0x00000000c3890000, 0x00000000c3890000, 0x00000000c3aa0000)
 concurrent mark-sweep generation total 73772K, used 44261K [0x00000000d6e00000, 0x00000000db60b000, 0x0000000100000000)
 Metaspace       used 64415K, capacity 67136K, committed 67480K, reserved 1107968K
  class space    used 8216K, capacity 8748K, committed 8856K, reserved 1048576K
2022-08-07T09:29:22.070+0000: 24.014: [GC (Allocation Failure) 2022-08-07T09:29:22.070+0000: 24.015: [ParNew: 18048K->1699K(19008K), 0.0044158 secs] 62309K->45960K(92780K), 0.0052625 secs] [Times: user=0.01 sys=0.00, real=0.00 secs] 
Heap after GC invocations=291 (full 27):
 par new generation   total 19008K, used 1699K [0x00000000c2600000, 0x00000000c3aa0000, 0x00000000d6e00000)
  eden space 16896K,   0% used [0x00000000c2600000, 0x00000000c2600000, 0x00000000c3680000)
  from space 2112K,  80% used [0x00000000c3890000, 0x00000000c3a38d38, 0x00000000c3aa0000)
  to   space 2112K,   0% used [0x00000000c3680000, 0x00000000c3680000, 0x00000000c3890000)
 concurrent mark-sweep generation total 73772K, used 44261K [0x00000000d6e00000, 0x00000000db60b000, 0x0000000100000000)
 Metaspace       used 64415K, capacity 67136K, committed 67480K, reserved 1107968K
  class space    used 8216K, capacity 8748K, committed 8856K, reserved 1048576K
}
2022-08-07T09:29:22.120+0000: 24.065: Application time: 0.0449781 seconds
{Heap before GC invocations=291 (full 27):
 par new generation   total 19008K, used 18595K [0x00000000c2600000, 0x00000000c3aa0000, 0x00000000d6e00000)
  eden space 16896K, 100% used [0x00000000c2600000, 0x00000000c3680000, 0x00000000c3680000)
  from space 2112K,  80% used [0x00000000c3890000, 0x00000000c3a38d38, 0x00000000c3aa0000)
  to   space 2112K,   0% used [0x00000000c3680000, 0x00000000c3680000, 0x00000000c3890000)
 concurrent mark-sweep generation total 73772K, used 44261K [0x00000000d6e00000, 0x00000000db60b000, 0x0000000100000000)
 Metaspace       used 64429K, capacity 67204K, committed 67480K, reserved 1107968K
  class space    used 8217K, capacity 8748K, committed 8856K, reserved 1048576K
2022-08-07T09:29:22.121+0000: 24.066: [GC (Allocation Failure) 2022-08-07T09:29:22.122+0000: 24.067: [ParNew: 18595K->1103K(19008K), 0.0052496 secs] 62856K->45871K(92780K), 0.0061337 secs] [Times: user=0.01 sys=0.00, real=0.01 secs] 
Heap after GC invocations=292 (full 27):
 par new generation   total 19008K, used 1103K [0x00000000c2600000, 0x00000000c3aa0000, 0x00000000d6e00000)
  eden space 16896K,   0% used [0x00000000c2600000, 0x00000000c2600000, 0x00000000c3680000)
  from space 2112K,  52% used [0x00000000c3680000, 0x00000000c3793f00, 0x00000000c3890000)
  to   space 2112K,   0% used [0x00000000c3890000, 0x00000000c3890000, 0x00000000c3aa0000)
 concurrent mark-sweep generation total 73772K, used 44767K [0x00000000d6e00000, 0x00000000db60b000, 0x0000000100000000)
 Metaspace       used 64429K, capacity 67204K, committed 67480K, reserved 1107968K
  class space    used 8217K, capacity 8748K, committed 8856K, reserved 1048576K
}
2022-08-07T09:29:22.129+0000: 24.073: Application time: 0.0003105 seconds
2022-08-07T09:29:22.129+0000: 24.074: [GC (CMS Initial Mark) [1 CMS-initial-mark: 44767K(73772K)] 46218K(92780K), 0.0131454 secs] [Times: user=0.01 sys=0.00, real=0.01 secs] 
2022-08-07T09:29:22.143+0000: 24.088: [CMS-concurrent-mark-start]
2022-08-07T09:29:22.221+0000: 24.166: Application time: 0.0778807 seconds
{Heap before GC invocations=292 (full 28):
 par new generation   total 19008K, used 17999K [0x00000000c2600000, 0x00000000c3aa0000, 0x00000000d6e00000)
  eden space 16896K, 100% used [0x00000000c2600000, 0x00000000c3680000, 0x00000000c3680000)
  from space 2112K,  52% used [0x00000000c3680000, 0x00000000c3793f00, 0x00000000c3890000)
  to   space 2112K,   0% used [0x00000000c3890000, 0x00000000c3890000, 0x00000000c3aa0000)
 concurrent mark-sweep generation total 73772K, used 44767K [0x00000000d6e00000, 0x00000000db60b000, 0x0000000100000000)
 Metaspace       used 64452K, capacity 67268K, committed 67480K, reserved 1107968K
  class space    used 8220K, capacity 8748K, committed 8856K, reserved 1048576K
2022-08-07T09:29:22.221+0000: 24.166: [GC (Allocation Failure) 2022-08-07T09:29:22.222+0000: 24.167: [ParNew: 17999K->1086K(19008K), 0.0083026 secs] 62767K->45854K(92780K), 0.0094767 secs] [Times: user=0.01 sys=0.00, real=0.01 secs] 
Heap after GC invocations=293 (full 28):
 par new generation   total 19008K, used 1086K [0x00000000c2600000, 0x00000000c3aa0000, 0x00000000d6e00000)
  eden space 16896K,   0% used [0x00000000c2600000, 0x00000000c2600000, 0x00000000c3680000)
  from space 2112K,  51% used [0x00000000c3890000, 0x00000000c399fb40, 0x00000000c3aa0000)
  to   space 2112K,   0% used [0x00000000c3680000, 0x00000000c3680000, 0x00000000c3890000)
 concurrent mark-sweep generation total 73772K, used 44767K [0x00000000d6e00000, 0x00000000db60b000, 0x0000000100000000)
 Metaspace       used 64452K, capacity 67268K, committed 67480K, reserved 1107968K
  class space    used 8220K, capacity 8748K, committed 8856K, reserved 1048576K
}
2022-08-07T09:29:22.263+0000: 24.207: [CMS-concurrent-mark: 0.109/0.119 secs] [Times: user=0.31 sys=0.03, real=0.12 secs] 
2022-08-07T09:29:22.263+0000: 24.208: [CMS-concurrent-preclean-start]
2022-08-07T09:29:22.271+0000: 24.216: Application time: 0.0399211 seconds
{Heap before GC invocations=293 (full 28):
 par new generation   total 19008K, used 17982K [0x00000000c2600000, 0x00000000c3aa0000, 0x00000000d6e00000)
  eden space 16896K, 100% used [0x00000000c2600000, 0x00000000c3680000, 0x00000000c3680000)
  from space 2112K,  51% used [0x00000000c3890000, 0x00000000c399fb40, 0x00000000c3aa0000)
  to   space 2112K,   0% used [0x00000000c3680000, 0x00000000c3680000, 0x00000000c3890000)
 concurrent mark-sweep generation total 73772K, used 44767K [0x00000000d6e00000, 0x00000000db60b000, 0x0000000100000000)
 Metaspace       used 64479K, capacity 67268K, committed 67480K, reserved 1107968K
  class space    used 8222K, capacity 8748K, committed 8856K, reserved 1048576K
2022-08-07T09:29:22.272+0000: 24.217: [GC (Allocation Failure) 2022-08-07T09:29:22.272+0000: 24.217: [ParNew: 17982K->1502K(19008K), 0.0045625 secs] 62750K->46270K(92780K), 0.0053751 secs] [Times: user=0.02 sys=0.00, real=0.01 secs] 
Heap after GC invocations=294 (full 28):
 par new generation   total 19008K, used 1502K [0x00000000c2600000, 0x00000000c3aa0000, 0x00000000d6e00000)
  eden space 16896K,   0% used [0x00000000c2600000, 0x00000000c2600000, 0x00000000c3680000)
  from space 2112K,  71% used [0x00000000c3680000, 0x00000000c37f7a90, 0x00000000c3890000)
  to   space 2112K,   0% used [0x00000000c3890000, 0x00000000c3890000, 0x00000000c3aa0000)
 concurrent mark-sweep generation total 73772K, used 44767K [0x00000000d6e00000, 0x00000000db60b000, 0x0000000100000000)
 Metaspace       used 64479K, capacity 67268K, committed 67480K, reserved 1107968K
  class space    used 8222K, capacity 8748K, committed 8856K, reserved 1048576K
}
2022-08-07T09:29:22.304+0000: 24.249: [CMS-concurrent-preclean: 0.020/0.041 secs] [Times: user=0.11 sys=0.04, real=0.04 secs] 
2022-08-07T09:29:22.305+0000: 24.249: [CMS-concurrent-abortable-preclean-start]
2022-08-07T09:29:22.314+0000: 24.259: Application time: 0.0364190 seconds
{Heap before GC invocations=294 (full 28):
 par new generation   total 19008K, used 18398K [0x00000000c2600000, 0x00000000c3aa0000, 0x00000000d6e00000)
  eden space 16896K, 100% used [0x00000000c2600000, 0x00000000c3680000, 0x00000000c3680000)
  from space 2112K,  71% used [0x00000000c3680000, 0x00000000c37f7a90, 0x00000000c3890000)
  to   space 2112K,   0% used [0x00000000c3890000, 0x00000000c3890000, 0x00000000c3aa0000)
 concurrent mark-sweep generation total 73772K, used 44767K [0x00000000d6e00000, 0x00000000db60b000, 0x0000000100000000)
 Metaspace       used 64495K, capacity 67274K, committed 67480K, reserved 1107968K
  class space    used 8225K, capacity 8749K, committed 8856K, reserved 1048576K
2022-08-07T09:29:22.315+0000: 24.260: [GC (Allocation Failure) 2022-08-07T09:29:22.316+0000: 24.260: [ParNew: 18398K->1114K(19008K), 0.0044667 secs] 63166K->45962K(92780K), 0.0057016 secs] [Times: user=0.02 sys=0.00, real=0.01 secs] 
Heap after GC invocations=295 (full 28):
 par new generation   total 19008K, used 1114K [0x00000000c2600000, 0x00000000c3aa0000, 0x00000000d6e00000)
  eden space 16896K,   0% used [0x00000000c2600000, 0x00000000c2600000, 0x00000000c3680000)
  from space 2112K,  52% used [0x00000000c3890000, 0x00000000c39a6b70, 0x00000000c3aa0000)
  to   space 2112K,   0% used [0x00000000c3680000, 0x00000000c3680000, 0x00000000c3890000)
 concurrent mark-sweep generation total 73772K, used 44847K [0x00000000d6e00000, 0x00000000db60b000, 0x0000000100000000)
 Metaspace       used 64495K, capacity 67274K, committed 67480K, reserved 1107968K
  class space    used 8225K, capacity 8749K, committed 8856K, reserved 1048576K
}
2022-08-07T09:29:22.355+0000: 24.300: Application time: 0.0340030 seconds
{Heap before GC invocations=295 (full 28):
 par new generation   total 19008K, used 18010K [0x00000000c2600000, 0x00000000c3aa0000, 0x00000000d6e00000)
  eden space 16896K, 100% used [0x00000000c2600000, 0x00000000c3680000, 0x00000000c3680000)
  from space 2112K,  52% used [0x00000000c3890000, 0x00000000c39a6b70, 0x00000000c3aa0000)
  to   space 2112K,   0% used [0x00000000c3680000, 0x00000000c3680000, 0x00000000c3890000)
 concurrent mark-sweep generation total 73772K, used 44847K [0x00000000d6e00000, 0x00000000db60b000, 0x0000000100000000)
 Metaspace       used 64511K, capacity 67274K, committed 67480K, reserved 1107968K
  class space    used 8227K, capacity 8749K, committed 8856K, reserved 1048576K
2022-08-07T09:29:22.356+0000: 24.301: [GC (Allocation Failure) 2022-08-07T09:29:22.356+0000: 24.301: [ParNew: 18010K->1049K(19008K), 0.0043607 secs] 62858K->45961K(92780K), 0.0052656 secs] [Times: user=0.02 sys=0.00, real=0.01 secs] 
Heap after GC invocations=296 (full 28):
 par new generation   total 19008K, used 1049K [0x00000000c2600000, 0x00000000c3aa0000, 0x00000000d6e00000)
  eden space 16896K,   0% used [0x00000000c2600000, 0x00000000c2600000, 0x00000000c3680000)
  from space 2112K,  49% used [0x00000000c3680000, 0x00000000c37865a0, 0x00000000c3890000)
  to   space 2112K,   0% used [0x00000000c3890000, 0x00000000c3890000, 0x00000000c3aa0000)
 concurrent mark-sweep generation total 73772K, used 44911K [0x00000000d6e00000, 0x00000000db60b000, 0x0000000100000000)
 Metaspace       used 64511K, capacity 67274K, committed 67480K, reserved 1107968K
  class space    used 8227K, capacity 8749K, committed 8856K, reserved 1048576K
}
2022-08-07T09:29:22.362+0000: 24.307: [CMS-concurrent-abortable-preclean: 0.010/0.057 secs] [Times: user=0.15 sys=0.03, real=0.06 secs] 
2022-08-07T09:29:22.362+0000: 24.307: Application time: 0.0004229 seconds
2022-08-07T09:29:22.363+0000: 24.308: [GC (CMS Final Remark) [YG occupancy: 1404 K (19008 K)]2022-08-07T09:29:22.363+0000: 24.308: [Rescan (parallel) , 0.0035682 secs]2022-08-07T09:29:22.367+0000: 24.312: [weak refs processing, 0.0003928 secs]2022-08-07T09:29:22.368+0000: 24.312: [class unloading, 0.0189754 secs]2022-08-07T09:29:22.396+0000: 24.340: [scrub symbol table, 0.0302175 secs]2022-08-07T09:29:22.426+0000: 24.371: [scrub string table, 0.0012306 secs][1 CMS-remark: 44911K(73772K)] 46316K(92780K), 0.0652373 secs] [Times: user=0.10 sys=0.00, real=0.07 secs] 
2022-08-07T09:29:22.431+0000: 24.376: [CMS-concurrent-sweep-start]
2022-08-07T09:29:22.466+0000: 24.411: [CMS-concurrent-sweep: 0.035/0.035 secs] [Times: user=0.11 sys=0.01, real=0.03 secs] 
2022-08-07T09:29:22.467+0000: 24.412: [CMS-concurrent-reset-start]
2022-08-07T09:29:22.467+0000: 24.412: [CMS-concurrent-reset: 0.001/0.001 secs] [Times: user=0.00 sys=0.00, real=0.00 secs] 
2022-08-07T09:29:22.473+0000: 24.418: Application time: 0.0443801 seconds
{Heap before GC invocations=296 (full 28):
 par new generation   total 19008K, used 17945K [0x00000000c2600000, 0x00000000c3aa0000, 0x00000000d6e00000)
  eden space 16896K, 100% used [0x00000000c2600000, 0x00000000c3680000, 0x00000000c3680000)
  from space 2112K,  49% used [0x00000000c3680000, 0x00000000c37865a0, 0x00000000c3890000)
  to   space 2112K,   0% used [0x00000000c3890000, 0x00000000c3890000, 0x00000000c3aa0000)
 concurrent mark-sweep generation total 74408K, used 44643K [0x00000000d6e00000, 0x00000000db6aa000, 0x0000000100000000)
 Metaspace       used 64555K, capacity 67364K, committed 67480K, reserved 1107968K
  class space    used 8235K, capacity 8780K, committed 8856K, reserved 1048576K
2022-08-07T09:29:22.474+0000: 24.419: [GC (Allocation Failure) 2022-08-07T09:29:22.474+0000: 24.419: [ParNew: 17945K->1044K(19008K), 0.0046152 secs] 62588K->45754K(93416K), 0.0054280 secs] [Times: user=0.01 sys=0.00, real=0.01 secs] 
Heap after GC invocations=297 (full 28):
 par new generation   total 19008K, used 1044K [0x00000000c2600000, 0x00000000c3aa0000, 0x00000000d6e00000)
  eden space 16896K,   0% used [0x00000000c2600000, 0x00000000c2600000, 0x00000000c3680000)
  from space 2112K,  49% used [0x00000000c3890000, 0x00000000c3995088, 0x00000000c3aa0000)
  to   space 2112K,   0% used [0x00000000c3680000, 0x00000000c3680000, 0x00000000c3890000)
 concurrent mark-sweep generation total 74408K, used 44709K [0x00000000d6e00000, 0x00000000db6aa000, 0x0000000100000000)
 Metaspace       used 64555K, capacity 67364K, committed 67480K, reserved 1107968K
  class space    used 8235K, capacity 8780K, committed 8856K, reserved 1048576K
}
2022-08-07T09:29:22.481+0000: 24.426: Application time: 0.0006667 seconds
2022-08-07T09:29:22.481+0000: 24.426: [GC (CMS Initial Mark) [1 CMS-initial-mark: 44709K(74408K)] 46115K(93416K), 0.0021704 secs] [Times: user=0.01 sys=0.00, real=0.00 secs] 
2022-08-07T09:29:22.484+0000: 24.429: [CMS-concurrent-mark-start]
2022-08-07T09:29:22.523+0000: 24.467: Application time: 0.0386618 seconds
{Heap before GC invocations=297 (full 29):
 par new generation   total 19008K, used 17940K [0x00000000c2600000, 0x00000000c3aa0000, 0x00000000d6e00000)
  eden space 16896K, 100% used [0x00000000c2600000, 0x00000000c3680000, 0x00000000c3680000)
  from space 2112K,  49% used [0x00000000c3890000, 0x00000000c3995088, 0x00000000c3aa0000)
  to   space 2112K,   0% used [0x00000000c3680000, 0x00000000c3680000, 0x00000000c3890000)
 concurrent mark-sweep generation total 74408K, used 44709K [0x00000000d6e00000, 0x00000000db6aa000, 0x0000000100000000)
 Metaspace       used 64579K, capacity 67368K, committed 67480K, reserved 1107968K
  class space    used 8239K, capacity 8780K, committed 8856K, reserved 1048576K
2022-08-07T09:29:22.523+0000: 24.468: [GC (Allocation Failure) 2022-08-07T09:29:22.523+0000: 24.468: [ParNew: 17940K->1298K(19008K), 0.0043162 secs] 62650K->46063K(93416K), 0.0052916 secs] [Times: user=0.01 sys=0.00, real=0.01 secs] 
Heap after GC invocations=298 (full 29):
 par new generation   total 19008K, used 1298K [0x00000000c2600000, 0x00000000c3aa0000, 0x00000000d6e00000)
  eden space 16896K,   0% used [0x00000000c2600000, 0x00000000c2600000, 0x00000000c3680000)
  from space 2112K,  61% used [0x00000000c3680000, 0x00000000c37c4ac8, 0x00000000c3890000)
  to   space 2112K,   0% used [0x00000000c3890000, 0x00000000c3890000, 0x00000000c3aa0000)
 concurrent mark-sweep generation total 74408K, used 44764K [0x00000000d6e00000, 0x00000000db6aa000, 0x0000000100000000)
 Metaspace       used 64579K, capacity 67368K, committed 67480K, reserved 1107968K
  class space    used 8239K, capacity 8780K, committed 8856K, reserved 1048576K
}
2022-08-07T09:29:22.565+0000: 24.510: [CMS-concurrent-mark: 0.074/0.081 secs] [Times: user=0.29 sys=0.03, real=0.08 secs] 
2022-08-07T09:29:22.565+0000: 24.510: [CMS-concurrent-preclean-start]
2022-08-07T09:29:22.567+0000: 24.511: Application time: 0.0375332 seconds
{Heap before GC invocations=298 (full 29):
 par new generation   total 19008K, used 18194K [0x00000000c2600000, 0x00000000c3aa0000, 0x00000000d6e00000)
  eden space 16896K, 100% used [0x00000000c2600000, 0x00000000c3680000, 0x00000000c3680000)
  from space 2112K,  61% used [0x00000000c3680000, 0x00000000c37c4ac8, 0x00000000c3890000)
  to   space 2112K,   0% used [0x00000000c3890000, 0x00000000c3890000, 0x00000000c3aa0000)
 concurrent mark-sweep generation total 74408K, used 44764K [0x00000000d6e00000, 0x00000000db6aa000, 0x0000000100000000)
 Metaspace       used 64601K, capacity 67378K, committed 67480K, reserved 1107968K
  class space    used 8243K, capacity 8783K, committed 8856K, reserved 1048576K
2022-08-07T09:29:22.567+0000: 24.512: [GC (Allocation Failure) 2022-08-07T09:29:22.567+0000: 24.512: [ParNew: 18194K->1344K(19008K), 0.0048430 secs] 62959K->46180K(93416K), 0.0057963 secs] [Times: user=0.02 sys=0.00, real=0.00 secs] 
Heap after GC invocations=299 (full 29):
 par new generation   total 19008K, used 1344K [0x00000000c2600000, 0x00000000c3aa0000, 0x00000000d6e00000)
  eden space 16896K,   0% used [0x00000000c2600000, 0x00000000c2600000, 0x00000000c3680000)
  from space 2112K,  63% used [0x00000000c3890000, 0x00000000c39e0260, 0x00000000c3aa0000)
  to   space 2112K,   0% used [0x00000000c3680000, 0x00000000c3680000, 0x00000000c3890000)
 concurrent mark-sweep generation total 74408K, used 44835K [0x00000000d6e00000, 0x00000000db6aa000, 0x0000000100000000)
 Metaspace       used 64601K, capacity 67378K, committed 67480K, reserved 1107968K
  class space    used 8243K, capacity 8783K, committed 8856K, reserved 1048576K
}
2022-08-07T09:29:22.607+0000: 24.551: [CMS-concurrent-preclean: 0.020/0.041 secs] [Times: user=0.12 sys=0.03, real=0.04 secs] 
2022-08-07T09:29:22.607+0000: 24.552: [CMS-concurrent-abortable-preclean-start]
2022-08-07T09:29:22.613+0000: 24.557: Application time: 0.0391992 seconds
{Heap before GC invocations=299 (full 29):
 par new generation   total 19008K, used 18240K [0x00000000c2600000, 0x00000000c3aa0000, 0x00000000d6e00000)
  eden space 16896K, 100% used [0x00000000c2600000, 0x00000000c3680000, 0x00000000c3680000)
  from space 2112K,  63% used [0x00000000c3890000, 0x00000000c39e0260, 0x00000000c3aa0000)
  to   space 2112K,   0% used [0x00000000c3680000, 0x00000000c3680000, 0x00000000c3890000)
 concurrent mark-sweep generation total 74408K, used 44835K [0x00000000d6e00000, 0x00000000db6aa000, 0x0000000100000000)
 Metaspace       used 64626K, capacity 67442K, committed 67736K, reserved 1107968K
  class space    used 8244K, capacity 8783K, committed 8856K, reserved 1048576K
2022-08-07T09:29:22.613+0000: 24.558: [GC (Allocation Failure) 2022-08-07T09:29:22.613+0000: 24.558: [ParNew: 18240K->1145K(19008K), 0.0044513 secs] 63076K->46191K(93416K), 0.0052735 secs] [Times: user=0.01 sys=0.00, real=0.01 secs] 
Heap after GC invocations=300 (full 29):
 par new generation   total 19008K, used 1145K [0x00000000c2600000, 0x00000000c3aa0000, 0x00000000d6e00000)
  eden space 16896K,   0% used [0x00000000c2600000, 0x00000000c2600000, 0x00000000c3680000)
  from space 2112K,  54% used [0x00000000c3680000, 0x00000000c379e5f0, 0x00000000c3890000)
  to   space 2112K,   0% used [0x00000000c3890000, 0x00000000c3890000, 0x00000000c3aa0000)
 concurrent mark-sweep generation total 74408K, used 45045K [0x00000000d6e00000, 0x00000000db6aa000, 0x0000000100000000)
 Metaspace       used 64626K, capacity 67442K, committed 67736K, reserved 1107968K
  class space    used 8244K, capacity 8783K, committed 8856K, reserved 1048576K
}
2022-08-07T09:29:22.652+0000: 24.597: [CMS-concurrent-abortable-preclean: 0.024/0.045 secs] [Times: user=0.13 sys=0.04, real=0.04 secs] 
2022-08-07T09:29:22.653+0000: 24.597: Application time: 0.0337682 seconds
2022-08-07T09:29:22.654+0000: 24.599: [GC (CMS Final Remark) [YG occupancy: 16015 K (19008 K)]2022-08-07T09:29:22.654+0000: 24.599: [Rescan (parallel) , 0.0057088 secs]2022-08-07T09:29:22.660+0000: 24.605: [weak refs processing, 0.0005764 secs]2022-08-07T09:29:22.661+0000: 24.606: [class unloading, 0.0227877 secs]2022-08-07T09:29:22.685+0000: 24.630: [scrub symbol table, 0.0314651 secs]2022-08-07T09:29:22.723+0000: 24.667: [scrub string table, 0.0022836 secs][1 CMS-remark: 45045K(74408K)] 61061K(93416K), 0.0716208 secs] [Times: user=0.10 sys=0.02, real=0.07 secs] 
2022-08-07T09:29:22.726+0000: 24.671: [CMS-concurrent-sweep-start]
2022-08-07T09:29:22.739+0000: 24.683: Application time: 0.0126030 seconds
{Heap before GC invocations=300 (full 29):
 par new generation   total 19008K, used 18041K [0x00000000c2600000, 0x00000000c3aa0000, 0x00000000d6e00000)
  eden space 16896K, 100% used [0x00000000c2600000, 0x00000000c3680000, 0x00000000c3680000)
  from space 2112K,  54% used [0x00000000c3680000, 0x00000000c379e5f0, 0x00000000c3890000)
  to   space 2112K,   0% used [0x00000000c3890000, 0x00000000c3890000, 0x00000000c3aa0000)
 concurrent mark-sweep generation total 74408K, used 45035K [0x00000000d6e00000, 0x00000000db6aa000, 0x0000000100000000)
 Metaspace       used 64651K, capacity 67442K, committed 67736K, reserved 1107968K
  class space    used 8247K, capacity 8783K, committed 8856K, reserved 1048576K
2022-08-07T09:29:22.739+0000: 24.684: [GC (Allocation Failure) 2022-08-07T09:29:22.739+0000: 24.684: [ParNew: 18041K->1227K(19008K), 0.0033459 secs] 63076K->46352K(93416K), 0.0041166 secs] [Times: user=0.01 sys=0.00, real=0.00 secs] 
Heap after GC invocations=301 (full 29):
 par new generation   total 19008K, used 1227K [0x00000000c2600000, 0x00000000c3aa0000, 0x00000000d6e00000)
  eden space 16896K,   0% used [0x00000000c2600000, 0x00000000c2600000, 0x00000000c3680000)
  from space 2112K,  58% used [0x00000000c3890000, 0x00000000c39c2eb8, 0x00000000c3aa0000)
  to   space 2112K,   0% used [0x00000000c3680000, 0x00000000c3680000, 0x00000000c3890000)
 concurrent mark-sweep generation total 74408K, used 45124K [0x00000000d6e00000, 0x00000000db6aa000, 0x0000000100000000)
 Metaspace       used 64651K, capacity 67442K, committed 67736K, reserved 1107968K
  class space    used 8247K, capacity 8783K, committed 8856K, reserved 1048576K
}
2022-08-07T09:29:22.757+0000: 24.702: [CMS-concurrent-sweep: 0.024/0.031 secs] [Times: user=0.07 sys=0.01, real=0.04 secs] 
2022-08-07T09:29:22.759+0000: 24.703: [CMS-concurrent-reset-start]
2022-08-07T09:29:22.759+0000: 24.704: [CMS-concurrent-reset: 0.001/0.001 secs] [Times: user=0.00 sys=0.00, real=0.00 secs] 
2022-08-07T09:29:22.793+0000: 24.738: Application time: 0.0489979 seconds
{Heap before GC invocations=301 (full 29):
 par new generation   total 19008K, used 18123K [0x00000000c2600000, 0x00000000c3aa0000, 0x00000000d6e00000)
  eden space 16896K, 100% used [0x00000000c2600000, 0x00000000c3680000, 0x00000000c3680000)
  from space 2112K,  58% used [0x00000000c3890000, 0x00000000c39c2eb8, 0x00000000c3aa0000)
  to   space 2112K,   0% used [0x00000000c3680000, 0x00000000c3680000, 0x00000000c3890000)
 concurrent mark-sweep generation total 75128K, used 45075K [0x00000000d6e00000, 0x00000000db75e000, 0x0000000100000000)
 Metaspace       used 64644K, capacity 67412K, committed 67736K, reserved 1107968K
  class space    used 8246K, capacity 8778K, committed 8856K, reserved 1048576K
2022-08-07T09:29:22.793+0000: 24.738: [GC (Allocation Failure) 2022-08-07T09:29:22.794+0000: 24.738: [ParNew: 18123K->935K(19008K), 0.0028588 secs] 63199K->46097K(94136K), 0.0037233 secs] [Times: user=0.01 sys=0.00, real=0.01 secs] 
Heap after GC invocations=302 (full 29):
 par new generation   total 19008K, used 935K [0x00000000c2600000, 0x00000000c3aa0000, 0x00000000d6e00000)
  eden space 16896K,   0% used [0x00000000c2600000, 0x00000000c2600000, 0x00000000c3680000)
  from space 2112K,  44% used [0x00000000c3680000, 0x00000000c3769f40, 0x00000000c3890000)
  to   space 2112K,   0% used [0x00000000c3890000, 0x00000000c3890000, 0x00000000c3aa0000)
 concurrent mark-sweep generation total 75128K, used 45161K [0x00000000d6e00000, 0x00000000db75e000, 0x0000000100000000)
 Metaspace       used 64644K, capacity 67412K, committed 67736K, reserved 1107968K
  class space    used 8246K, capacity 8778K, committed 8856K, reserved 1048576K
}
2022-08-07T09:29:22.800+0000: 24.745: Application time: 0.0024013 seconds
2022-08-07T09:29:22.806+0000: 24.751: [GC (CMS Initial Mark) [1 CMS-initial-mark: 45161K(75128K)] 46459K(94136K), 0.0032180 secs] [Times: user=0.00 sys=0.00, real=0.01 secs] 
2022-08-07T09:29:22.810+0000: 24.755: [CMS-concurrent-mark-start]
2022-08-07T09:29:22.911+0000: 24.855: Application time: 0.1005871 seconds
{Heap before GC invocations=302 (full 30):
 par new generation   total 19008K, used 17831K [0x00000000c2600000, 0x00000000c3aa0000, 0x00000000d6e00000)
  eden space 16896K, 100% used [0x00000000c2600000, 0x00000000c3680000, 0x00000000c3680000)
  from space 2112K,  44% used [0x00000000c3680000, 0x00000000c3769f40, 0x00000000c3890000)
  to   space 2112K,   0% used [0x00000000c3890000, 0x00000000c3890000, 0x00000000c3aa0000)
 concurrent mark-sweep generation total 75128K, used 45161K [0x00000000d6e00000, 0x00000000db75e000, 0x0000000100000000)
 Metaspace       used 64681K, capacity 67476K, committed 67736K, reserved 1107968K
  class space    used 8251K, capacity 8778K, committed 8856K, reserved 1048576K
2022-08-07T09:29:22.911+0000: 24.856: [GC (Allocation Failure) 2022-08-07T09:29:22.911+0000: 24.856: [ParNew: 17831K->1206K(19008K), 0.0046128 secs] 62993K->46454K(94136K), 0.0053112 secs] [Times: user=0.01 sys=0.00, real=0.00 secs] 
Heap after GC invocations=303 (full 30):
 par new generation   total 19008K, used 1206K [0x00000000c2600000, 0x00000000c3aa0000, 0x00000000d6e00000)
  eden space 16896K,   0% used [0x00000000c2600000, 0x00000000c2600000, 0x00000000c3680000)
  from space 2112K,  57% used [0x00000000c3890000, 0x00000000c39bdb98, 0x00000000c3aa0000)
  to   space 2112K,   0% used [0x00000000c3680000, 0x00000000c3680000, 0x00000000c3890000)
 concurrent mark-sweep generation total 75128K, used 45247K [0x00000000d6e00000, 0x00000000db75e000, 0x0000000100000000)
 Metaspace       used 64681K, capacity 67476K, committed 67736K, reserved 1107968K
  class space    used 8251K, capacity 8778K, committed 8856K, reserved 1048576K
}
2022-08-07T09:29:22.940+0000: 24.885: [CMS-concurrent-mark: 0.123/0.130 secs] [Times: user=0.30 sys=0.12, real=0.13 secs] 
2022-08-07T09:29:22.942+0000: 24.886: [CMS-concurrent-preclean-start]
2022-08-07T09:29:22.965+0000: 24.910: Application time: 0.0480656 seconds
{Heap before GC invocations=303 (full 30):
 par new generation   total 19008K, used 18102K [0x00000000c2600000, 0x00000000c3aa0000, 0x00000000d6e00000)
  eden space 16896K, 100% used [0x00000000c2600000, 0x00000000c3680000, 0x00000000c3680000)
  from space 2112K,  57% used [0x00000000c3890000, 0x00000000c39bdb98, 0x00000000c3aa0000)
  to   space 2112K,   0% used [0x00000000c3680000, 0x00000000c3680000, 0x00000000c3890000)
 concurrent mark-sweep generation total 75128K, used 45247K [0x00000000d6e00000, 0x00000000db75e000, 0x0000000100000000)
 Metaspace       used 64723K, capacity 67476K, committed 67736K, reserved 1107968K
  class space    used 8256K, capacity 8778K, committed 8856K, reserved 1048576K
2022-08-07T09:29:22.965+0000: 24.910: [GC (Allocation Failure) 2022-08-07T09:29:22.966+0000: 24.911: [ParNew: 18102K->883K(19008K), 0.0174802 secs] 63350K->46192K(94136K), 0.0185726 secs] [Times: user=0.05 sys=0.01, real=0.02 secs] 
Heap after GC invocations=304 (full 30):
 par new generation   total 19008K, used 883K [0x00000000c2600000, 0x00000000c3aa0000, 0x00000000d6e00000)
  eden space 16896K,   0% used [0x00000000c2600000, 0x00000000c2600000, 0x00000000c3680000)
  from space 2112K,  41% used [0x00000000c3680000, 0x00000000c375cd60, 0x00000000c3890000)
  to   space 2112K,   0% used [0x00000000c3890000, 0x00000000c3890000, 0x00000000c3aa0000)
 concurrent mark-sweep generation total 75128K, used 45309K [0x00000000d6e00000, 0x00000000db75e000, 0x0000000100000000)
 Metaspace       used 64723K, capacity 67476K, committed 67736K, reserved 1107968K
  class space    used 8256K, capacity 8778K, committed 8856K, reserved 1048576K
}
2022-08-07T09:29:23.039+0000: 24.984: [CMS-concurrent-preclean: 0.048/0.098 secs] [Times: user=0.23 sys=0.05, real=0.10 secs] 
2022-08-07T09:29:23.040+0000: 24.985: [CMS-concurrent-abortable-preclean-start]
2022-08-07T09:29:23.041+0000: 24.986: Application time: 0.0568342 seconds
{Heap before GC invocations=304 (full 30):
 par new generation   total 19008K, used 17779K [0x00000000c2600000, 0x00000000c3aa0000, 0x00000000d6e00000)
  eden space 16896K, 100% used [0x00000000c2600000, 0x00000000c3680000, 0x00000000c3680000)
  from space 2112K,  41% used [0x00000000c3680000, 0x00000000c375cd60, 0x00000000c3890000)
  to   space 2112K,   0% used [0x00000000c3890000, 0x00000000c3890000, 0x00000000c3aa0000)
 concurrent mark-sweep generation total 75128K, used 45309K [0x00000000d6e00000, 0x00000000db75e000, 0x0000000100000000)
 Metaspace       used 64766K, capacity 67544K, committed 67736K, reserved 1107968K
  class space    used 8261K, capacity 8780K, committed 8856K, reserved 1048576K
2022-08-07T09:29:23.042+0000: 24.987: [GC (Allocation Failure) 2022-08-07T09:29:23.042+0000: 24.987: [ParNew: 17779K->812K(19008K), 0.0082492 secs] 63088K->46180K(94136K), 0.0089551 secs] [Times: user=0.01 sys=0.00, real=0.01 secs] 
Heap after GC invocations=305 (full 30):
 par new generation   total 19008K, used 812K [0x00000000c2600000, 0x00000000c3aa0000, 0x00000000d6e00000)
  eden space 16896K,   0% used [0x00000000c2600000, 0x00000000c2600000, 0x00000000c3680000)
  from space 2112K,  38% used [0x00000000c3890000, 0x00000000c395b050, 0x00000000c3aa0000)
  to   space 2112K,   0% used [0x00000000c3680000, 0x00000000c3680000, 0x00000000c3890000)
 concurrent mark-sweep generation total 75128K, used 45368K [0x00000000d6e00000, 0x00000000db75e000, 0x0000000100000000)
 Metaspace       used 64766K, capacity 67544K, committed 67736K, reserved 1107968K
  class space    used 8261K, capacity 8780K, committed 8856K, reserved 1048576K
}
2022-08-07T09:29:23.077+0000: 25.022: [CMS-concurrent-abortable-preclean: 0.016/0.037 secs] [Times: user=0.10 sys=0.02, real=0.04 secs] 
2022-08-07T09:29:23.078+0000: 25.023: Application time: 0.0263729 seconds
2022-08-07T09:29:23.078+0000: 25.023: [GC (CMS Final Remark) [YG occupancy: 13662 K (19008 K)]2022-08-07T09:29:23.079+0000: 25.023: [Rescan (parallel) , 0.0060279 secs]2022-08-07T09:29:23.085+0000: 25.030: [weak refs processing, 0.0004898 secs]2022-08-07T09:29:23.086+0000: 25.031: [class unloading, 0.0137123 secs]2022-08-07T09:29:23.100+0000: 25.045: [scrub symbol table, 0.0154307 secs]2022-08-07T09:29:23.116+0000: 25.061: [scrub string table, 0.0011303 secs][1 CMS-remark: 45368K(75128K)] 59030K(94136K), 0.0393133 secs] [Times: user=0.11 sys=0.01, real=0.04 secs] 
2022-08-07T09:29:23.119+0000: 25.063: [CMS-concurrent-sweep-start]
2022-08-07T09:29:23.127+0000: 25.072: Application time: 0.0089121 seconds
{Heap before GC invocations=305 (full 30):
 par new generation   total 19008K, used 17708K [0x00000000c2600000, 0x00000000c3aa0000, 0x00000000d6e00000)
  eden space 16896K, 100% used [0x00000000c2600000, 0x00000000c3680000, 0x00000000c3680000)
  from space 2112K,  38% used [0x00000000c3890000, 0x00000000c395b050, 0x00000000c3aa0000)
  to   space 2112K,   0% used [0x00000000c3680000, 0x00000000c3680000, 0x00000000c3890000)
 concurrent mark-sweep generation total 75128K, used 45361K [0x00000000d6e00000, 0x00000000db75e000, 0x0000000100000000)
 Metaspace       used 64798K, capacity 67578K, committed 67736K, reserved 1107968K
  class space    used 8264K, capacity 8813K, committed 8856K, reserved 1048576K
2022-08-07T09:29:23.127+0000: 25.072: [GC (Allocation Failure) 2022-08-07T09:29:23.128+0000: 25.073: [ParNew: 17708K->1055K(19008K), 0.0047377 secs] 63069K->46498K(94136K), 0.0055448 secs] [Times: user=0.02 sys=0.00, real=0.00 secs] 
Heap after GC invocations=306 (full 30):
 par new generation   total 19008K, used 1055K [0x00000000c2600000, 0x00000000c3aa0000, 0x00000000d6e00000)
  eden space 16896K,   0% used [0x00000000c2600000, 0x00000000c2600000, 0x00000000c3680000)
  from space 2112K,  49% used [0x00000000c3680000, 0x00000000c3787e90, 0x00000000c3890000)
  to   space 2112K,   0% used [0x00000000c3890000, 0x00000000c3890000, 0x00000000c3aa0000)
 concurrent mark-sweep generation total 75128K, used 45443K [0x00000000d6e00000, 0x00000000db75e000, 0x0000000100000000)
 Metaspace       used 64798K, capacity 67578K, committed 67736K, reserved 1107968K
  class space    used 8264K, capacity 8813K, committed 8856K, reserved 1048576K
}
2022-08-07T09:29:23.151+0000: 25.096: [CMS-concurrent-sweep: 0.025/0.032 secs] [Times: user=0.10 sys=0.01, real=0.03 secs] 
2022-08-07T09:29:23.152+0000: 25.097: [CMS-concurrent-reset-start]
2022-08-07T09:29:23.153+0000: 25.098: [CMS-concurrent-reset: 0.001/0.001 secs] [Times: user=0.00 sys=0.00, real=0.00 secs] 
2022-08-07T09:29:23.175+0000: 25.120: Application time: 0.0414055 seconds
{Heap before GC invocations=306 (full 30):
 par new generation   total 19008K, used 17951K [0x00000000c2600000, 0x00000000c3aa0000, 0x00000000d6e00000)
  eden space 16896K, 100% used [0x00000000c2600000, 0x00000000c3680000, 0x00000000c3680000)
  from space 2112K,  49% used [0x00000000c3680000, 0x00000000c3787e90, 0x00000000c3890000)
  to   space 2112K,   0% used [0x00000000c3890000, 0x00000000c3890000, 0x00000000c3aa0000)
 concurrent mark-sweep generation total 75656K, used 45392K [0x00000000d6e00000, 0x00000000db7e2000, 0x0000000100000000)
 Metaspace       used 64818K, capacity 67566K, committed 67736K, reserved 1107968K
  class space    used 8267K, capacity 8811K, committed 8856K, reserved 1048576K
2022-08-07T09:29:23.175+0000: 25.120: [GC (Allocation Failure) 2022-08-07T09:29:23.176+0000: 25.121: [ParNew: 17951K->1067K(19008K), 0.0081355 secs] 63344K->46548K(94664K), 0.0092430 secs] [Times: user=0.02 sys=0.00, real=0.01 secs] 
Heap after GC invocations=307 (full 30):
 par new generation   total 19008K, used 1067K [0x00000000c2600000, 0x00000000c3aa0000, 0x00000000d6e00000)
  eden space 16896K,   0% used [0x00000000c2600000, 0x00000000c2600000, 0x00000000c3680000)
  from space 2112K,  50% used [0x00000000c3890000, 0x00000000c399ae78, 0x00000000c3aa0000)
  to   space 2112K,   0% used [0x00000000c3680000, 0x00000000c3680000, 0x00000000c3890000)
 concurrent mark-sweep generation total 75656K, used 45480K [0x00000000d6e00000, 0x00000000db7e2000, 0x0000000100000000)
 Metaspace       used 64818K, capacity 67566K, committed 67736K, reserved 1107968K
  class space    used 8267K, capacity 8811K, committed 8856K, reserved 1048576K
}
2022-08-07T09:29:23.191+0000: 25.136: Application time: 0.0054716 seconds
2022-08-07T09:29:23.192+0000: 25.137: [GC (CMS Initial Mark) [1 CMS-initial-mark: 45480K(75656K)] 49308K(94664K), 0.0032626 secs] [Times: user=0.01 sys=0.00, real=0.00 secs] 
2022-08-07T09:29:23.206+0000: 25.151: [CMS-concurrent-mark-start]
2022-08-07T09:29:23.226+0000: 25.171: Application time: 0.0296917 seconds
{Heap before GC invocations=307 (full 31):
 par new generation   total 19008K, used 17963K [0x00000000c2600000, 0x00000000c3aa0000, 0x00000000d6e00000)
  eden space 16896K, 100% used [0x00000000c2600000, 0x00000000c3680000, 0x00000000c3680000)
  from space 2112K,  50% used [0x00000000c3890000, 0x00000000c399ae78, 0x00000000c3aa0000)
  to   space 2112K,   0% used [0x00000000c3680000, 0x00000000c3680000, 0x00000000c3890000)
 concurrent mark-sweep generation total 75656K, used 45480K [0x00000000d6e00000, 0x00000000db7e2000, 0x0000000100000000)
 Metaspace       used 64840K, capacity 67630K, committed 67736K, reserved 1107968K
  class space    used 8271K, capacity 8811K, committed 8856K, reserved 1048576K
2022-08-07T09:29:23.226+0000: 25.171: [GC (Allocation Failure) 2022-08-07T09:29:23.227+0000: 25.172: [ParNew: 17963K->864K(19008K), 0.0060164 secs] 63444K->46415K(94664K), 0.0070589 secs] [Times: user=0.02 sys=0.00, real=0.01 secs] 
Heap after GC invocations=308 (full 31):
 par new generation   total 19008K, used 864K [0x00000000c2600000, 0x00000000c3aa0000, 0x00000000d6e00000)
  eden space 16896K,   0% used [0x00000000c2600000, 0x00000000c2600000, 0x00000000c3680000)
  from space 2112K,  40% used [0x00000000c3680000, 0x00000000c37583a8, 0x00000000c3890000)
  to   space 2112K,   0% used [0x00000000c3890000, 0x00000000c3890000, 0x00000000c3aa0000)
 concurrent mark-sweep generation total 75656K, used 45550K [0x00000000d6e00000, 0x00000000db7e2000, 0x0000000100000000)
 Metaspace       used 64840K, capacity 67630K, committed 67736K, reserved 1107968K
  class space    used 8271K, capacity 8811K, committed 8856K, reserved 1048576K
}
2022-08-07T09:29:23.273+0000: 25.218: Application time: 0.0393323 seconds
{Heap before GC invocations=308 (full 31):
 par new generation   total 19008K, used 17760K [0x00000000c2600000, 0x00000000c3aa0000, 0x00000000d6e00000)
  eden space 16896K, 100% used [0x00000000c2600000, 0x00000000c3680000, 0x00000000c3680000)
  from space 2112K,  40% used [0x00000000c3680000, 0x00000000c37583a8, 0x00000000c3890000)
  to   space 2112K,   0% used [0x00000000c3890000, 0x00000000c3890000, 0x00000000c3aa0000)
 concurrent mark-sweep generation total 75656K, used 45550K [0x00000000d6e00000, 0x00000000db7e2000, 0x0000000100000000)
 Metaspace       used 64863K, capacity 67630K, committed 67736K, reserved 1107968K
  class space    used 8273K, capacity 8811K, committed 8856K, reserved 1048576K
2022-08-07T09:29:23.274+0000: 25.219: [GC (Allocation Failure) 2022-08-07T09:29:23.275+0000: 25.220: [ParNew: 17760K->861K(19008K), 0.0051446 secs] 63311K->46485K(94664K), 0.0059808 secs] [Times: user=0.02 sys=0.00, real=0.01 secs] 
Heap after GC invocations=309 (full 31):
 par new generation   total 19008K, used 861K [0x00000000c2600000, 0x00000000c3aa0000, 0x00000000d6e00000)
  eden space 16896K,   0% used [0x00000000c2600000, 0x00000000c2600000, 0x00000000c3680000)
  from space 2112K,  40% used [0x00000000c3890000, 0x00000000c39677f8, 0x00000000c3aa0000)
  to   space 2112K,   0% used [0x00000000c3680000, 0x00000000c3680000, 0x00000000c3890000)
 concurrent mark-sweep generation total 75656K, used 45623K [0x00000000d6e00000, 0x00000000db7e2000, 0x0000000100000000)
 Metaspace       used 64863K, capacity 67630K, committed 67736K, reserved 1107968K
  class space    used 8273K, capacity 8811K, committed 8856K, reserved 1048576K
}
2022-08-07T09:29:23.314+0000: 25.259: [CMS-concurrent-mark: 0.091/0.108 secs] [Times: user=0.33 sys=0.05, real=0.11 secs] 
2022-08-07T09:29:23.315+0000: 25.259: [CMS-concurrent-preclean-start]
2022-08-07T09:29:23.321+0000: 25.266: Application time: 0.0398063 seconds
{Heap before GC invocations=309 (full 31):
 par new generation   total 19008K, used 17757K [0x00000000c2600000, 0x00000000c3aa0000, 0x00000000d6e00000)
  eden space 16896K, 100% used [0x00000000c2600000, 0x00000000c3680000, 0x00000000c3680000)
  from space 2112K,  40% used [0x00000000c3890000, 0x00000000c39677f8, 0x00000000c3aa0000)
  to   space 2112K,   0% used [0x00000000c3680000, 0x00000000c3680000, 0x00000000c3890000)
 concurrent mark-sweep generation total 75656K, used 45623K [0x00000000d6e00000, 0x00000000db7e2000, 0x0000000100000000)
 Metaspace       used 64869K, capacity 67630K, committed 67736K, reserved 1107968K
  class space    used 8274K, capacity 8811K, committed 8856K, reserved 1048576K
2022-08-07T09:29:23.322+0000: 25.266: [GC (Allocation Failure) 2022-08-07T09:29:23.322+0000: 25.267: [ParNew: 17757K->1033K(19008K), 0.0032014 secs] 63381K->46749K(94664K), 0.0040328 secs] [Times: user=0.01 sys=0.00, real=0.00 secs] 
Heap after GC invocations=310 (full 31):
 par new generation   total 19008K, used 1033K [0x00000000c2600000, 0x00000000c3aa0000, 0x00000000d6e00000)
  eden space 16896K,   0% used [0x00000000c2600000, 0x00000000c2600000, 0x00000000c3680000)
  from space 2112K,  48% used [0x00000000c3680000, 0x00000000c37827c8, 0x00000000c3890000)
  to   space 2112K,   0% used [0x00000000c3890000, 0x00000000c3890000, 0x00000000c3aa0000)
 concurrent mark-sweep generation total 75656K, used 45715K [0x00000000d6e00000, 0x00000000db7e2000, 0x0000000100000000)
 Metaspace       used 64869K, capacity 67630K, committed 67736K, reserved 1107968K
  class space    used 8274K, capacity 8811K, committed 8856K, reserved 1048576K
}
2022-08-07T09:29:23.356+0000: 25.300: [CMS-concurrent-preclean: 0.023/0.041 secs] [Times: user=0.13 sys=0.02, real=0.04 secs] 
2022-08-07T09:29:23.357+0000: 25.301: [CMS-concurrent-abortable-preclean-start]
2022-08-07T09:29:23.367+0000: 25.312: [CMS-concurrent-abortable-preclean: 0.009/0.011 secs] [Times: user=0.04 sys=0.01, real=0.01 secs] 
2022-08-07T09:29:23.368+0000: 25.313: Application time: 0.0416775 seconds
2022-08-07T09:29:23.368+0000: 25.313: [GC (CMS Final Remark) [YG occupancy: 14551 K (19008 K)]2022-08-07T09:29:23.369+0000: 25.314: [Rescan (parallel) , 0.0041854 secs]2022-08-07T09:29:23.374+0000: 25.318: [weak refs processing, 0.0005971 secs]2022-08-07T09:29:23.375+0000: 25.319: [class unloading, 0.0097187 secs]2022-08-07T09:29:23.385+0000: 25.329: [scrub symbol table, 0.0126389 secs]2022-08-07T09:29:23.398+0000: 25.343: [scrub string table, 0.0012926 secs][1 CMS-remark: 45715K(75656K)] 60267K(94664K), 0.0313510 secs] [Times: user=0.04 sys=0.00, real=0.03 secs] 
2022-08-07T09:29:23.407+0000: 25.352: [CMS-concurrent-sweep-start]
2022-08-07T09:29:23.410+0000: 25.355: Application time: 0.0095857 seconds
{Heap before GC invocations=310 (full 31):
 par new generation   total 19008K, used 17929K [0x00000000c2600000, 0x00000000c3aa0000, 0x00000000d6e00000)
  eden space 16896K, 100% used [0x00000000c2600000, 0x00000000c3680000, 0x00000000c3680000)
  from space 2112K,  48% used [0x00000000c3680000, 0x00000000c37827c8, 0x00000000c3890000)
  to   space 2112K,   0% used [0x00000000c3890000, 0x00000000c3890000, 0x00000000c3aa0000)
 concurrent mark-sweep generation total 75656K, used 45714K [0x00000000d6e00000, 0x00000000db7e2000, 0x0000000100000000)
 Metaspace       used 64903K, capacity 67694K, committed 67992K, reserved 1107968K
  class space    used 8277K, capacity 8811K, committed 8856K, reserved 1048576K
2022-08-07T09:29:23.410+0000: 25.355: [GC (Allocation Failure) 2022-08-07T09:29:23.411+0000: 25.356: [ParNew: 17929K->1062K(19008K), 0.0028301 secs] 63644K->46844K(94664K), 0.0036635 secs] [Times: user=0.01 sys=0.01, real=0.00 secs] 
Heap after GC invocations=311 (full 31):
 par new generation   total 19008K, used 1062K [0x00000000c2600000, 0x00000000c3aa0000, 0x00000000d6e00000)
  eden space 16896K,   0% used [0x00000000c2600000, 0x00000000c2600000, 0x00000000c3680000)
  from space 2112K,  50% used [0x00000000c3890000, 0x00000000c3999800, 0x00000000c3aa0000)
  to   space 2112K,   0% used [0x00000000c3680000, 0x00000000c3680000, 0x00000000c3890000)
 concurrent mark-sweep generation total 75656K, used 45782K [0x00000000d6e00000, 0x00000000db7e2000, 0x0000000100000000)
 Metaspace       used 64903K, capacity 67694K, committed 67992K, reserved 1107968K
  class space    used 8277K, capacity 8811K, committed 8856K, reserved 1048576K
}
2022-08-07T09:29:23.432+0000: 25.377: [CMS-concurrent-sweep: 0.020/0.025 secs] [Times: user=0.08 sys=0.01, real=0.02 secs] 
2022-08-07T09:29:23.433+0000: 25.378: [CMS-concurrent-reset-start]
2022-08-07T09:29:23.433+0000: 25.378: [CMS-concurrent-reset: 0.001/0.001 secs] [Times: user=0.00 sys=0.01, real=0.00 secs] 
2022-08-07T09:29:23.466+0000: 25.411: Application time: 0.0512790 seconds
{Heap before GC invocations=311 (full 31):
 par new generation   total 19008K, used 17958K [0x00000000c2600000, 0x00000000c3aa0000, 0x00000000d6e00000)
  eden space 16896K, 100% used [0x00000000c2600000, 0x00000000c3680000, 0x00000000c3680000)
  from space 2112K,  50% used [0x00000000c3890000, 0x00000000c3999800, 0x00000000c3aa0000)
  to   space 2112K,   0% used [0x00000000c3680000, 0x00000000c3680000, 0x00000000c3890000)
 concurrent mark-sweep generation total 76192K, used 45715K [0x00000000d6e00000, 0x00000000db868000, 0x0000000100000000)
 Metaspace       used 64994K, capacity 67764K, committed 67992K, reserved 1107968K
  class space    used 8285K, capacity 8812K, committed 8856K, reserved 1048576K
2022-08-07T09:29:23.467+0000: 25.411: [GC (Allocation Failure) 2022-08-07T09:29:23.467+0000: 25.412: [ParNew: 17958K->1080K(19008K), 0.0033239 secs] 63673K->46878K(95200K), 0.0041788 secs] [Times: user=0.01 sys=0.00, real=0.01 secs] 
Heap after GC invocations=312 (full 31):
 par new generation   total 19008K, used 1080K [0x00000000c2600000, 0x00000000c3aa0000, 0x00000000d6e00000)
  eden space 16896K,   0% used [0x00000000c2600000, 0x00000000c2600000, 0x00000000c3680000)
  from space 2112K,  51% used [0x00000000c3680000, 0x00000000c378e0e8, 0x00000000c3890000)
  to   space 2112K,   0% used [0x00000000c3890000, 0x00000000c3890000, 0x00000000c3aa0000)
 concurrent mark-sweep generation total 76192K, used 45798K [0x00000000d6e00000, 0x00000000db868000, 0x0000000100000000)
 Metaspace       used 64994K, capacity 67764K, committed 67992K, reserved 1107968K
  class space    used 8285K, capacity 8812K, committed 8856K, reserved 1048576K
}
2022-08-07T09:29:23.472+0000: 25.417: Application time: 0.0008528 seconds
2022-08-07T09:29:23.474+0000: 25.419: [GC (CMS Initial Mark) [1 CMS-initial-mark: 45798K(76192K)] 47240K(95200K), 0.0019296 secs] [Times: user=0.00 sys=0.00, real=0.00 secs] 
2022-08-07T09:29:23.476+0000: 25.421: [CMS-concurrent-mark-start]
2022-08-07T09:29:23.516+0000: 25.460: Application time: 0.0394350 seconds
{Heap before GC invocations=312 (full 32):
 par new generation   total 19008K, used 17976K [0x00000000c2600000, 0x00000000c3aa0000, 0x00000000d6e00000)
  eden space 16896K, 100% used [0x00000000c2600000, 0x00000000c3680000, 0x00000000c3680000)
  from space 2112K,  51% used [0x00000000c3680000, 0x00000000c378e0e8, 0x00000000c3890000)
  to   space 2112K,   0% used [0x00000000c3890000, 0x00000000c3890000, 0x00000000c3aa0000)
 concurrent mark-sweep generation total 76192K, used 45798K [0x00000000d6e00000, 0x00000000db868000, 0x0000000100000000)
 Metaspace       used 65012K, capacity 67772K, committed 67992K, reserved 1107968K
  class space    used 8289K, capacity 8816K, committed 8856K, reserved 1048576K
2022-08-07T09:29:23.516+0000: 25.461: [GC (Allocation Failure) 2022-08-07T09:29:23.516+0000: 25.461: [ParNew: 17976K->1350K(19008K), 0.0032616 secs] 63774K->47222K(95200K), 0.0041721 secs] [Times: user=0.01 sys=0.00, real=0.01 secs] 
Heap after GC invocations=313 (full 32):
 par new generation   total 19008K, used 1350K [0x00000000c2600000, 0x00000000c3aa0000, 0x00000000d6e00000)
  eden space 16896K,   0% used [0x00000000c2600000, 0x00000000c2600000, 0x00000000c3680000)
  from space 2112K,  63% used [0x00000000c3890000, 0x00000000c39e1888, 0x00000000c3aa0000)
  to   space 2112K,   0% used [0x00000000c3680000, 0x00000000c3680000, 0x00000000c3890000)
 concurrent mark-sweep generation total 76192K, used 45872K [0x00000000d6e00000, 0x00000000db868000, 0x0000000100000000)
 Metaspace       used 65012K, capacity 67772K, committed 67992K, reserved 1107968K
  class space    used 8289K, capacity 8816K, committed 8856K, reserved 1048576K
}
2022-08-07T09:29:23.563+0000: 25.507: [CMS-concurrent-mark: 0.081/0.086 secs] [Times: user=0.32 sys=0.02, real=0.09 secs] 
2022-08-07T09:29:23.563+0000: 25.508: [CMS-concurrent-preclean-start]
2022-08-07T09:29:23.583+0000: 25.528: Application time: 0.0620277 seconds
{Heap before GC invocations=313 (full 32):
 par new generation   total 19008K, used 18246K [0x00000000c2600000, 0x00000000c3aa0000, 0x00000000d6e00000)
  eden space 16896K, 100% used [0x00000000c2600000, 0x00000000c3680000, 0x00000000c3680000)
  from space 2112K,  63% used [0x00000000c3890000, 0x00000000c39e1888, 0x00000000c3aa0000)
  to   space 2112K,   0% used [0x00000000c3680000, 0x00000000c3680000, 0x00000000c3890000)
 concurrent mark-sweep generation total 76192K, used 45872K [0x00000000d6e00000, 0x00000000db868000, 0x0000000100000000)
 Metaspace       used 65050K, capacity 67786K, committed 67992K, reserved 1107968K
  class space    used 8294K, capacity 8819K, committed 8856K, reserved 1048576K
2022-08-07T09:29:23.583+0000: 25.528: [GC (Allocation Failure) 2022-08-07T09:29:23.584+0000: 25.528: [ParNew: 18246K->1522K(19008K), 0.0031575 secs] 64118K->47465K(95200K), 0.0041185 secs] [Times: user=0.01 sys=0.00, real=0.01 secs] 
Heap after GC invocations=314 (full 32):
 par new generation   total 19008K, used 1522K [0x00000000c2600000, 0x00000000c3aa0000, 0x00000000d6e00000)
  eden space 16896K,   0% used [0x00000000c2600000, 0x00000000c2600000, 0x00000000c3680000)
  from space 2112K,  72% used [0x00000000c3680000, 0x00000000c37fca60, 0x00000000c3890000)
  to   space 2112K,   0% used [0x00000000c3890000, 0x00000000c3890000, 0x00000000c3aa0000)
 concurrent mark-sweep generation total 76192K, used 45942K [0x00000000d6e00000, 0x00000000db868000, 0x0000000100000000)
 Metaspace       used 65050K, capacity 67786K, committed 67992K, reserved 1107968K
  class space    used 8294K, capacity 8819K, committed 8856K, reserved 1048576K
}
2022-08-07T09:29:23.589+0000: 25.534: [CMS-concurrent-preclean: 0.012/0.026 secs] [Times: user=0.08 sys=0.02, real=0.03 secs] 
2022-08-07T09:29:23.590+0000: 25.535: Application time: 0.0014056 seconds
2022-08-07T09:29:23.593+0000: 25.538: [GC (CMS Final Remark) [YG occupancy: 1884 K (19008 K)]2022-08-07T09:29:23.593+0000: 25.538: [Rescan (parallel) , 0.0025919 secs]2022-08-07T09:29:23.596+0000: 25.541: [weak refs processing, 0.0004504 secs]2022-08-07T09:29:23.597+0000: 25.542: [class unloading, 0.0141529 secs]2022-08-07T09:29:23.612+0000: 25.556: [scrub symbol table, 0.0160127 secs]2022-08-07T09:29:23.628+0000: 25.573: [scrub string table, 0.0014102 secs][1 CMS-remark: 45942K(76192K)] 47827K(95200K), 0.0370303 secs] [Times: user=0.11 sys=0.01, real=0.04 secs] 
2022-08-07T09:29:23.632+0000: 25.577: [CMS-concurrent-sweep-start]
2022-08-07T09:29:23.651+0000: 25.596: [CMS-concurrent-sweep: 0.019/0.019 secs] [Times: user=0.07 sys=0.00, real=0.02 secs] 
2022-08-07T09:29:23.652+0000: 25.597: [CMS-concurrent-reset-start]
2022-08-07T09:29:23.652+0000: 25.597: [CMS-concurrent-reset: 0.001/0.001 secs] [Times: user=0.00 sys=0.00, real=0.00 secs] 
2022-08-07T09:29:23.667+0000: 25.611: Application time: 0.0355852 seconds
{Heap before GC invocations=314 (full 32):
 par new generation   total 19008K, used 18418K [0x00000000c2600000, 0x00000000c3aa0000, 0x00000000d6e00000)
  eden space 16896K, 100% used [0x00000000c2600000, 0x00000000c3680000, 0x00000000c3680000)
  from space 2112K,  72% used [0x00000000c3680000, 0x00000000c37fca60, 0x00000000c3890000)
  to   space 2112K,   0% used [0x00000000c3890000, 0x00000000c3890000, 0x00000000c3aa0000)
 concurrent mark-sweep generation total 76384K, used 45814K [0x00000000d6e00000, 0x00000000db898000, 0x0000000100000000)
 Metaspace       used 65066K, capacity 67780K, committed 67992K, reserved 1107968K
  class space    used 8295K, capacity 8818K, committed 8856K, reserved 1048576K
2022-08-07T09:29:23.667+0000: 25.612: [GC (Allocation Failure) 2022-08-07T09:29:23.667+0000: 25.612: [ParNew: 18418K->1161K(19008K), 0.0029052 secs] 64232K->47044K(95392K), 0.0035169 secs] [Times: user=0.01 sys=0.00, real=0.00 secs] 
Heap after GC invocations=315 (full 32):
 par new generation   total 19008K, used 1161K [0x00000000c2600000, 0x00000000c3aa0000, 0x00000000d6e00000)
  eden space 16896K,   0% used [0x00000000c2600000, 0x00000000c2600000, 0x00000000c3680000)
  from space 2112K,  54% used [0x00000000c3890000, 0x00000000c39b24b0, 0x00000000c3aa0000)
  to   space 2112K,   0% used [0x00000000c3680000, 0x00000000c3680000, 0x00000000c3890000)
 concurrent mark-sweep generation total 76384K, used 45883K [0x00000000d6e00000, 0x00000000db898000, 0x0000000100000000)
 Metaspace       used 65066K, capacity 67780K, committed 67992K, reserved 1107968K
  class space    used 8295K, capacity 8818K, committed 8856K, reserved 1048576K
}
2022-08-07T09:29:23.672+0000: 25.617: Application time: 0.0010152 seconds
2022-08-07T09:29:23.673+0000: 25.618: [GC (CMS Initial Mark) [1 CMS-initial-mark: 45883K(76384K)] 47743K(95392K), 0.0020717 secs] [Times: user=0.00 sys=0.00, real=0.00 secs] 
2022-08-07T09:29:23.676+0000: 25.620: [CMS-concurrent-mark-start]
2022-08-07T09:29:23.754+0000: 25.699: Application time: 0.0787113 seconds
{Heap before GC invocations=315 (full 33):
 par new generation   total 19008K, used 18057K [0x00000000c2600000, 0x00000000c3aa0000, 0x00000000d6e00000)
  eden space 16896K, 100% used [0x00000000c2600000, 0x00000000c3680000, 0x00000000c3680000)
  from space 2112K,  54% used [0x00000000c3890000, 0x00000000c39b24b0, 0x00000000c3aa0000)
  to   space 2112K,   0% used [0x00000000c3680000, 0x00000000c3680000, 0x00000000c3890000)
 concurrent mark-sweep generation total 76384K, used 45883K [0x00000000d6e00000, 0x00000000db898000, 0x0000000100000000)
 Metaspace       used 65076K, capacity 67844K, committed 67992K, reserved 1107968K
  class space    used 8297K, capacity 8818K, committed 8856K, reserved 1048576K
2022-08-07T09:29:23.755+0000: 25.699: [GC (Allocation Failure) 2022-08-07T09:29:23.755+0000: 25.700: [ParNew: 18057K->1340K(19008K), 0.0048241 secs] 63940K->47283K(95392K), 0.0061953 secs] [Times: user=0.02 sys=0.00, real=0.01 secs] 
Heap after GC invocations=316 (full 33):
 par new generation   total 19008K, used 1340K [0x00000000c2600000, 0x00000000c3aa0000, 0x00000000d6e00000)
  eden space 16896K,   0% used [0x00000000c2600000, 0x00000000c2600000, 0x00000000c3680000)
  from space 2112K,  63% used [0x00000000c3680000, 0x00000000c37cf050, 0x00000000c3890000)
  to   space 2112K,   0% used [0x00000000c3890000, 0x00000000c3890000, 0x00000000c3aa0000)
 concurrent mark-sweep generation total 76384K, used 45942K [0x00000000d6e00000, 0x00000000db898000, 0x0000000100000000)
 Metaspace       used 65076K, capacity 67844K, committed 67992K, reserved 1107968K
  class space    used 8297K, capacity 8818K, committed 8856K, reserved 1048576K
}
2022-08-07T09:29:23.856+0000: 25.801: Application time: 0.0940814 seconds
{Heap before GC invocations=316 (full 33):
 par new generation   total 19008K, used 18236K [0x00000000c2600000, 0x00000000c3aa0000, 0x00000000d6e00000)
  eden space 16896K, 100% used [0x00000000c2600000, 0x00000000c3680000, 0x00000000c3680000)
  from space 2112K,  63% used [0x00000000c3680000, 0x00000000c37cf050, 0x00000000c3890000)
  to   space 2112K,   0% used [0x00000000c3890000, 0x00000000c3890000, 0x00000000c3aa0000)
 concurrent mark-sweep generation total 76384K, used 45942K [0x00000000d6e00000, 0x00000000db898000, 0x0000000100000000)
 Metaspace       used 65093K, capacity 67844K, committed 67992K, reserved 1107968K
  class space    used 8299K, capacity 8818K, committed 8856K, reserved 1048576K
2022-08-07T09:29:23.857+0000: 25.801: [GC (Allocation Failure) 2022-08-07T09:29:23.857+0000: 25.802: [ParNew: 18236K->1299K(19008K), 0.0038322 secs] 64179K->47316K(95392K), 0.0047003 secs] [Times: user=0.01 sys=0.00, real=0.00 secs] 
Heap after GC invocations=317 (full 33):
 par new generation   total 19008K, used 1299K [0x00000000c2600000, 0x00000000c3aa0000, 0x00000000d6e00000)
  eden space 16896K,   0% used [0x00000000c2600000, 0x00000000c2600000, 0x00000000c3680000)
  from space 2112K,  61% used [0x00000000c3890000, 0x00000000c39d4cf0, 0x00000000c3aa0000)
  to   space 2112K,   0% used [0x00000000c3680000, 0x00000000c3680000, 0x00000000c3890000)
 concurrent mark-sweep generation total 76384K, used 46017K [0x00000000d6e00000, 0x00000000db898000, 0x0000000100000000)
 Metaspace       used 65093K, capacity 67844K, committed 67992K, reserved 1107968K
  class space    used 8299K, capacity 8818K, committed 8856K, reserved 1048576K
}
2022-08-07T09:29:23.943+0000: 25.888: [CMS-concurrent-mark: 0.253/0.267 secs] [Times: user=0.58 sys=0.19, real=0.27 secs] 
2022-08-07T09:29:23.943+0000: 25.888: [CMS-concurrent-preclean-start]
2022-08-07T09:29:23.951+0000: 25.896: Application time: 0.0890035 seconds
{Heap before GC invocations=317 (full 33):
 par new generation   total 19008K, used 18195K [0x00000000c2600000, 0x00000000c3aa0000, 0x00000000d6e00000)
  eden space 16896K, 100% used [0x00000000c2600000, 0x00000000c3680000, 0x00000000c3680000)
  from space 2112K,  61% used [0x00000000c3890000, 0x00000000c39d4cf0, 0x00000000c3aa0000)
  to   space 2112K,   0% used [0x00000000c3680000, 0x00000000c3680000, 0x00000000c3890000)
 concurrent mark-sweep generation total 76384K, used 46017K [0x00000000d6e00000, 0x00000000db898000, 0x0000000100000000)
 Metaspace       used 65095K, capacity 67844K, committed 67992K, reserved 1107968K
  class space    used 8299K, capacity 8818K, committed 8856K, reserved 1048576K
2022-08-07T09:29:23.951+0000: 25.896: [GC (Allocation Failure) 2022-08-07T09:29:23.952+0000: 25.897: [ParNew: 18195K->1272K(19008K), 0.0097132 secs] 64212K->47362K(95392K), 0.0109324 secs] [Times: user=0.02 sys=0.00, real=0.01 secs] 
Heap after GC invocations=318 (full 33):
 par new generation   total 19008K, used 1272K [0x00000000c2600000, 0x00000000c3aa0000, 0x00000000d6e00000)
  eden space 16896K,   0% used [0x00000000c2600000, 0x00000000c2600000, 0x00000000c3680000)
  from space 2112K,  60% used [0x00000000c3680000, 0x00000000c37be008, 0x00000000c3890000)
  to   space 2112K,   0% used [0x00000000c3890000, 0x00000000c3890000, 0x00000000c3aa0000)
 concurrent mark-sweep generation total 76384K, used 46090K [0x00000000d6e00000, 0x00000000db898000, 0x0000000100000000)
 Metaspace       used 65095K, capacity 67844K, committed 67992K, reserved 1107968K
  class space    used 8299K, capacity 8818K, committed 8856K, reserved 1048576K
}
2022-08-07T09:29:23.990+0000: 25.935: Application time: 0.0270181 seconds
{Heap before GC invocations=318 (full 33):
 par new generation   total 19008K, used 18168K [0x00000000c2600000, 0x00000000c3aa0000, 0x00000000d6e00000)
  eden space 16896K, 100% used [0x00000000c2600000, 0x00000000c3680000, 0x00000000c3680000)
  from space 2112K,  60% used [0x00000000c3680000, 0x00000000c37be008, 0x00000000c3890000)
  to   space 2112K,   0% used [0x00000000c3890000, 0x00000000c3890000, 0x00000000c3aa0000)
 concurrent mark-sweep generation total 76384K, used 46090K [0x00000000d6e00000, 0x00000000db898000, 0x0000000100000000)
 Metaspace       used 65096K, capacity 67844K, committed 67992K, reserved 1107968K
  class space    used 8299K, capacity 8818K, committed 8856K, reserved 1048576K
2022-08-07T09:29:24.008+0000: 25.953: [GC (Allocation Failure) 2022-08-07T09:29:24.009+0000: 25.954: [ParNew: 18168K->1006K(19008K), 0.0077230 secs] 64258K->47188K(95392K), 0.0090177 secs] [Times: user=0.02 sys=0.00, real=0.01 secs] 
Heap after GC invocations=319 (full 33):
 par new generation   total 19008K, used 1006K [0x00000000c2600000, 0x00000000c3aa0000, 0x00000000d6e00000)
  eden space 16896K,   0% used [0x00000000c2600000, 0x00000000c2600000, 0x00000000c3680000)
  from space 2112K,  47% used [0x00000000c3890000, 0x00000000c398b928, 0x00000000c3aa0000)
  to   space 2112K,   0% used [0x00000000c3680000, 0x00000000c3680000, 0x00000000c3890000)
 concurrent mark-sweep generation total 76384K, used 46182K [0x00000000d6e00000, 0x00000000db898000, 0x0000000100000000)
 Metaspace       used 65096K, capacity 67844K, committed 67992K, reserved 1107968K
  class space    used 8299K, capacity 8818K, committed 8856K, reserved 1048576K
}
2022-08-07T09:29:24.052+0000: 25.997: [CMS-concurrent-preclean: 0.041/0.109 secs] [Times: user=0.24 sys=0.06, real=0.11 secs] 
2022-08-07T09:29:24.053+0000: 25.998: [CMS-concurrent-abortable-preclean-start]
2022-08-07T09:29:24.078+0000: 26.023: Application time: 0.0603745 seconds
{Heap before GC invocations=319 (full 33):
 par new generation   total 19008K, used 17902K [0x00000000c2600000, 0x00000000c3aa0000, 0x00000000d6e00000)
  eden space 16896K, 100% used [0x00000000c2600000, 0x00000000c3680000, 0x00000000c3680000)
  from space 2112K,  47% used [0x00000000c3890000, 0x00000000c398b928, 0x00000000c3aa0000)
  to   space 2112K,   0% used [0x00000000c3680000, 0x00000000c3680000, 0x00000000c3890000)
 concurrent mark-sweep generation total 76384K, used 46182K [0x00000000d6e00000, 0x00000000db898000, 0x0000000100000000)
 Metaspace       used 65097K, capacity 67844K, committed 67992K, reserved 1107968K
  class space    used 8300K, capacity 8818K, committed 8856K, reserved 1048576K
2022-08-07T09:29:24.078+0000: 26.023: [GC (Allocation Failure) 2022-08-07T09:29:24.079+0000: 26.023: [ParNew: 17902K->1127K(19008K), 0.0066459 secs] 64084K->47410K(95392K), 0.0074046 secs] [Times: user=0.02 sys=0.00, real=0.00 secs] 
Heap after GC invocations=320 (full 33):
 par new generation   total 19008K, used 1127K [0x00000000c2600000, 0x00000000c3aa0000, 0x00000000d6e00000)
  eden space 16896K,   0% used [0x00000000c2600000, 0x00000000c2600000, 0x00000000c3680000)
  from space 2112K,  53% used [0x00000000c3680000, 0x00000000c3799c40, 0x00000000c3890000)
  to   space 2112K,   0% used [0x00000000c3890000, 0x00000000c3890000, 0x00000000c3aa0000)
 concurrent mark-sweep generation total 76384K, used 46282K [0x00000000d6e00000, 0x00000000db898000, 0x0000000100000000)
 Metaspace       used 65097K, capacity 67844K, committed 67992K, reserved 1107968K
  class space    used 8300K, capacity 8818K, committed 8856K, reserved 1048576K
}
2022-08-07T09:29:24.087+0000: 26.032: [CMS-concurrent-abortable-preclean: 0.015/0.034 secs] [Times: user=0.09 sys=0.01, real=0.04 secs] 
2022-08-07T09:29:24.088+0000: 26.033: Application time: 0.0014737 seconds
2022-08-07T09:29:24.093+0000: 26.037: [GC (CMS Final Remark) [YG occupancy: 2164 K (19008 K)]2022-08-07T09:29:24.093+0000: 26.038: [Rescan (parallel) , 0.0044144 secs]2022-08-07T09:29:24.098+0000: 26.042: [weak refs processing, 0.0004017 secs]2022-08-07T09:29:24.098+0000: 26.043: [class unloading, 0.0136528 secs]2022-08-07T09:29:24.112+0000: 26.057: [scrub symbol table, 0.0128623 secs]2022-08-07T09:29:24.126+0000: 26.070: [scrub string table, 0.0011393 secs][1 CMS-remark: 46282K(76384K)] 48447K(95392K), 0.0346306 secs] [Times: user=0.09 sys=0.01, real=0.04 secs] 
2022-08-07T09:29:24.138+0000: 26.083: [CMS-concurrent-sweep-start]
2022-08-07T09:29:24.141+0000: 26.086: Application time: 0.0133905 seconds
2022-08-07T09:29:24.159+0000: 26.104: [CMS-concurrent-sweep: 0.020/0.021 secs] [Times: user=0.07 sys=0.00, real=0.02 secs] 
2022-08-07T09:29:24.160+0000: 26.105: [CMS-concurrent-reset-start]
2022-08-07T09:29:24.161+0000: 26.106: [CMS-concurrent-reset: 0.001/0.001 secs] [Times: user=0.00 sys=0.00, real=0.00 secs] 
2022-08-07T09:29:24.248+0000: 26.192: Application time: 0.1054198 seconds
{Heap before GC invocations=320 (full 33):
 par new generation   total 19008K, used 18023K [0x00000000c2600000, 0x00000000c3aa0000, 0x00000000d6e00000)
  eden space 16896K, 100% used [0x00000000c2600000, 0x00000000c3680000, 0x00000000c3680000)
  from space 2112K,  53% used [0x00000000c3680000, 0x00000000c3799c40, 0x00000000c3890000)
  to   space 2112K,   0% used [0x00000000c3890000, 0x00000000c3890000, 0x00000000c3aa0000)
 concurrent mark-sweep generation total 77040K, used 46223K [0x00000000d6e00000, 0x00000000db93c000, 0x0000000100000000)
 Metaspace       used 65252K, capacity 68010K, committed 68248K, reserved 1107968K
  class space    used 8318K, capacity 8853K, committed 8856K, reserved 1048576K
2022-08-07T09:29:24.248+0000: 26.193: [GC (Allocation Failure) 2022-08-07T09:29:24.249+0000: 26.193: [ParNew: 18023K->1014K(19008K), 0.0093695 secs] 64246K->47354K(96048K), 0.0104542 secs] [Times: user=0.02 sys=0.00, real=0.01 secs] 
Heap after GC invocations=321 (full 33):
 par new generation   total 19008K, used 1014K [0x00000000c2600000, 0x00000000c3aa0000, 0x00000000d6e00000)
  eden space 16896K,   0% used [0x00000000c2600000, 0x00000000c2600000, 0x00000000c3680000)
  from space 2112K,  48% used [0x00000000c3890000, 0x00000000c398d970, 0x00000000c3aa0000)
  to   space 2112K,   0% used [0x00000000c3680000, 0x00000000c3680000, 0x00000000c3890000)
 concurrent mark-sweep generation total 77040K, used 46339K [0x00000000d6e00000, 0x00000000db93c000, 0x0000000100000000)
 Metaspace       used 65252K, capacity 68010K, committed 68248K, reserved 1107968K
  class space    used 8318K, capacity 8853K, committed 8856K, reserved 1048576K
}
2022-08-07T09:29:24.262+0000: 26.207: Application time: 0.0024769 seconds
2022-08-07T09:29:24.267+0000: 26.211: [GC (CMS Initial Mark) [1 CMS-initial-mark: 46339K(77040K)] 47716K(96048K), 0.0028108 secs] [Times: user=0.01 sys=0.01, real=0.01 secs] 
2022-08-07T09:29:24.270+0000: 26.215: [CMS-concurrent-mark-start]
2022-08-07T09:29:24.323+0000: 26.268: Application time: 0.0529397 seconds
2022-08-07T09:29:24.344+0000: 26.289: Application time: 0.0199403 seconds
{Heap before GC invocations=321 (full 34):
 par new generation   total 19008K, used 17910K [0x00000000c2600000, 0x00000000c3aa0000, 0x00000000d6e00000)
  eden space 16896K, 100% used [0x00000000c2600000, 0x00000000c3680000, 0x00000000c3680000)
  from space 2112K,  48% used [0x00000000c3890000, 0x00000000c398d970, 0x00000000c3aa0000)
  to   space 2112K,   0% used [0x00000000c3680000, 0x00000000c3680000, 0x00000000c3890000)
 concurrent mark-sweep generation total 77040K, used 46339K [0x00000000d6e00000, 0x00000000db93c000, 0x0000000100000000)
 Metaspace       used 65320K, capacity 68074K, committed 68248K, reserved 1107968K
  class space    used 8328K, capacity 8853K, committed 8856K, reserved 1048576K
2022-08-07T09:29:24.344+0000: 26.289: [GC (Allocation Failure) 2022-08-07T09:29:24.345+0000: 26.290: [ParNew: 17910K->757K(19008K), 0.0078800 secs] 64250K->47203K(96048K), 0.0092994 secs] [Times: user=0.02 sys=0.00, real=0.01 secs] 
Heap after GC invocations=322 (full 34):
 par new generation   total 19008K, used 757K [0x00000000c2600000, 0x00000000c3aa0000, 0x00000000d6e00000)
  eden space 16896K,   0% used [0x00000000c2600000, 0x00000000c2600000, 0x00000000c3680000)
  from space 2112K,  35% used [0x00000000c3680000, 0x00000000c373d4e8, 0x00000000c3890000)
  to   space 2112K,   0% used [0x00000000c3890000, 0x00000000c3890000, 0x00000000c3aa0000)
 concurrent mark-sweep generation total 77040K, used 46446K [0x00000000d6e00000, 0x00000000db93c000, 0x0000000100000000)
 Metaspace       used 65320K, capacity 68074K, committed 68248K, reserved 1107968K
  class space    used 8328K, capacity 8853K, committed 8856K, reserved 1048576K
}
2022-08-07T09:29:24.355+0000: 26.300: Application time: 0.0002895 seconds
2022-08-07T09:29:24.359+0000: 26.304: Application time: 0.0003155 seconds
2022-08-07T09:29:24.386+0000: 26.331: [CMS-concurrent-mark: 0.099/0.116 secs] [Times: user=0.32 sys=0.03, real=0.11 secs] 
2022-08-07T09:29:24.386+0000: 26.331: [CMS-concurrent-preclean-start]
2022-08-07T09:29:24.390+0000: 26.334: Application time: 0.0302793 seconds
2022-08-07T09:29:24.414+0000: 26.359: [CMS-concurrent-preclean: 0.015/0.027 secs] [Times: user=0.09 sys=0.03, real=0.03 secs] 
2022-08-07T09:29:24.414+0000: 26.359: [CMS-concurrent-abortable-preclean-start]
2022-08-07T09:29:24.425+0000: 26.370: Application time: 0.0348550 seconds
{Heap before GC invocations=322 (full 34):
 par new generation   total 19008K, used 17653K [0x00000000c2600000, 0x00000000c3aa0000, 0x00000000d6e00000)
  eden space 16896K, 100% used [0x00000000c2600000, 0x00000000c3680000, 0x00000000c3680000)
  from space 2112K,  35% used [0x00000000c3680000, 0x00000000c373d4e8, 0x00000000c3890000)
  to   space 2112K,   0% used [0x00000000c3890000, 0x00000000c3890000, 0x00000000c3aa0000)
 concurrent mark-sweep generation total 77040K, used 46446K [0x00000000d6e00000, 0x00000000db93c000, 0x0000000100000000)
 Metaspace       used 65430K, capacity 68170K, committed 68376K, reserved 1107968K
  class space    used 8345K, capacity 8885K, committed 8984K, reserved 1048576K
2022-08-07T09:29:24.426+0000: 26.371: [GC (Allocation Failure) 2022-08-07T09:29:24.427+0000: 26.371: [ParNew: 17653K->1024K(19008K), 0.0121679 secs] 64099K->47630K(96048K), 0.0129988 secs] [Times: user=0.04 sys=0.01, real=0.02 secs] 
Heap after GC invocations=323 (full 34):
 par new generation   total 19008K, used 1024K [0x00000000c2600000, 0x00000000c3aa0000, 0x00000000d6e00000)
  eden space 16896K,   0% used [0x00000000c2600000, 0x00000000c2600000, 0x00000000c3680000)
  from space 2112K,  48% used [0x00000000c3890000, 0x00000000c39902e0, 0x00000000c3aa0000)
  to   space 2112K,   0% used [0x00000000c3680000, 0x00000000c3680000, 0x00000000c3890000)
 concurrent mark-sweep generation total 77040K, used 46606K [0x00000000d6e00000, 0x00000000db93c000, 0x0000000100000000)
 Metaspace       used 65430K, capacity 68170K, committed 68376K, reserved 1107968K
  class space    used 8345K, capacity 8885K, committed 8984K, reserved 1048576K
}
2022-08-07T09:29:24.521+0000: 26.466: Application time: 0.0815394 seconds
{Heap before GC invocations=323 (full 34):
 par new generation   total 19008K, used 17920K [0x00000000c2600000, 0x00000000c3aa0000, 0x00000000d6e00000)
  eden space 16896K, 100% used [0x00000000c2600000, 0x00000000c3680000, 0x00000000c3680000)
  from space 2112K,  48% used [0x00000000c3890000, 0x00000000c39902e0, 0x00000000c3aa0000)
  to   space 2112K,   0% used [0x00000000c3680000, 0x00000000c3680000, 0x00000000c3890000)
 concurrent mark-sweep generation total 77040K, used 46606K [0x00000000d6e00000, 0x00000000db93c000, 0x0000000100000000)
 Metaspace       used 65589K, capacity 68330K, committed 68632K, reserved 1110016K
  class space    used 8371K, capacity 8917K, committed 8984K, reserved 1048576K
2022-08-07T09:29:24.522+0000: 26.467: [GC (Allocation Failure) 2022-08-07T09:29:24.523+0000: 26.468: [ParNew: 17920K->1356K(19008K), 0.0121313 secs] 64526K->48033K(96048K), 0.0130019 secs] [Times: user=0.02 sys=0.00, real=0.01 secs] 
Heap after GC invocations=324 (full 34):
 par new generation   total 19008K, used 1356K [0x00000000c2600000, 0x00000000c3aa0000, 0x00000000d6e00000)
  eden space 16896K,   0% used [0x00000000c2600000, 0x00000000c2600000, 0x00000000c3680000)
  from space 2112K,  64% used [0x00000000c3680000, 0x00000000c37d3130, 0x00000000c3890000)
  to   space 2112K,   0% used [0x00000000c3890000, 0x00000000c3890000, 0x00000000c3aa0000)
 concurrent mark-sweep generation total 77040K, used 46677K [0x00000000d6e00000, 0x00000000db93c000, 0x0000000100000000)
 Metaspace       used 65589K, capacity 68330K, committed 68632K, reserved 1110016K
  class space    used 8371K, capacity 8917K, committed 8984K, reserved 1048576K
}
2022-08-07T09:29:24.536+0000: 26.481: [CMS-concurrent-abortable-preclean: 0.042/0.122 secs] [Times: user=0.29 sys=0.06, real=0.12 secs] 
2022-08-07T09:29:24.538+0000: 26.483: Application time: 0.0016545 seconds
2022-08-07T09:29:24.540+0000: 26.485: [GC (CMS Final Remark) [YG occupancy: 1697 K (19008 K)]2022-08-07T09:29:24.540+0000: 26.485: [Rescan (parallel) , 0.0046409 secs]2022-08-07T09:29:24.545+0000: 26.490: [weak refs processing, 0.0004642 secs]2022-08-07T09:29:24.546+0000: 26.491: [class unloading, 0.0144036 secs]2022-08-07T09:29:24.561+0000: 26.506: [scrub symbol table, 0.0141546 secs]2022-08-07T09:29:24.576+0000: 26.521: [scrub string table, 0.0011904 secs][1 CMS-remark: 46677K(77040K)] 48375K(96048K), 0.0374929 secs] [Times: user=0.04 sys=0.00, real=0.04 secs] 
2022-08-07T09:29:24.578+0000: 26.523: [CMS-concurrent-sweep-start]
2022-08-07T09:29:24.599+0000: 26.544: [CMS-concurrent-sweep: 0.021/0.021 secs] [Times: user=0.08 sys=0.00, real=0.02 secs] 
2022-08-07T09:29:24.600+0000: 26.545: [CMS-concurrent-reset-start]
2022-08-07T09:29:24.600+0000: 26.545: [CMS-concurrent-reset: 0.001/0.001 secs] [Times: user=0.00 sys=0.00, real=0.00 secs] 
2022-08-07T09:29:24.677+0000: 26.622: Application time: 0.0993346 seconds
{Heap before GC invocations=324 (full 34):
 par new generation   total 19008K, used 18252K [0x00000000c2600000, 0x00000000c3aa0000, 0x00000000d6e00000)
  eden space 16896K, 100% used [0x00000000c2600000, 0x00000000c3680000, 0x00000000c3680000)
  from space 2112K,  64% used [0x00000000c3680000, 0x00000000c37d3130, 0x00000000c3890000)
  to   space 2112K,   0% used [0x00000000c3890000, 0x00000000c3890000, 0x00000000c3aa0000)
 concurrent mark-sweep generation total 77712K, used 46626K [0x00000000d6e00000, 0x00000000db9e4000, 0x0000000100000000)
 Metaspace       used 65840K, capacity 68612K, committed 68888K, reserved 1110016K
  class space    used 8403K, capacity 8948K, committed 8984K, reserved 1048576K
2022-08-07T09:29:24.678+0000: 26.623: [GC (Allocation Failure) 2022-08-07T09:29:24.679+0000: 26.623: [ParNew: 18252K->1367K(19008K), 0.0074379 secs] 64878K->48039K(96720K), 0.0084126 secs] [Times: user=0.02 sys=0.00, real=0.01 secs] 
Heap after GC invocations=325 (full 34):
 par new generation   total 19008K, used 1367K [0x00000000c2600000, 0x00000000c3aa0000, 0x00000000d6e00000)
  eden space 16896K,   0% used [0x00000000c2600000, 0x00000000c2600000, 0x00000000c3680000)
  from space 2112K,  64% used [0x00000000c3890000, 0x00000000c39e5d60, 0x00000000c3aa0000)
  to   space 2112K,   0% used [0x00000000c3680000, 0x00000000c3680000, 0x00000000c3890000)
 concurrent mark-sweep generation total 77712K, used 46671K [0x00000000d6e00000, 0x00000000db9e4000, 0x0000000100000000)
 Metaspace       used 65840K, capacity 68612K, committed 68888K, reserved 1110016K
  class space    used 8403K, capacity 8948K, committed 8984K, reserved 1048576K
}
2022-08-07T09:29:24.688+0000: 26.633: Application time: 0.0011248 seconds
2022-08-07T09:29:24.689+0000: 26.634: [GC (CMS Initial Mark) [1 CMS-initial-mark: 46671K(77712K)] 48400K(96720K), 0.0031504 secs] [Times: user=0.01 sys=0.01, real=0.00 secs] 
2022-08-07T09:29:24.693+0000: 26.638: [CMS-concurrent-mark-start]
2022-08-07T09:29:24.823+0000: 26.768: [CMS-concurrent-mark: 0.130/0.130 secs] [Times: user=0.30 sys=0.10, real=0.13 secs] 
2022-08-07T09:29:24.824+0000: 26.768: [CMS-concurrent-preclean-start]
2022-08-07T09:29:24.829+0000: 26.774: [CMS-concurrent-preclean: 0.004/0.006 secs] [Times: user=0.01 sys=0.01, real=0.01 secs] 
2022-08-07T09:29:24.832+0000: 26.776: [CMS-concurrent-abortable-preclean-start]
2022-08-07T09:29:24.855+0000: 26.800: Application time: 0.1618926 seconds
{Heap before GC invocations=325 (full 35):
 par new generation   total 19008K, used 18263K [0x00000000c2600000, 0x00000000c3aa0000, 0x00000000d6e00000)
  eden space 16896K, 100% used [0x00000000c2600000, 0x00000000c3680000, 0x00000000c3680000)
  from space 2112K,  64% used [0x00000000c3890000, 0x00000000c39e5d60, 0x00000000c3aa0000)
  to   space 2112K,   0% used [0x00000000c3680000, 0x00000000c3680000, 0x00000000c3890000)
 concurrent mark-sweep generation total 77712K, used 46671K [0x00000000d6e00000, 0x00000000db9e4000, 0x0000000100000000)
 Metaspace       used 66031K, capacity 68836K, committed 68888K, reserved 1110016K
  class space    used 8435K, capacity 8980K, committed 8984K, reserved 1048576K
2022-08-07T09:29:24.855+0000: 26.800: [GC (Allocation Failure) 2022-08-07T09:29:24.856+0000: 26.801: [ParNew: 18263K->1443K(19008K), 0.0145127 secs] 64935K->48175K(96720K), 0.0171940 secs] [Times: user=0.04 sys=0.00, real=0.02 secs] 
Heap after GC invocations=326 (full 35):
 par new generation   total 19008K, used 1443K [0x00000000c2600000, 0x00000000c3aa0000, 0x00000000d6e00000)
  eden space 16896K,   0% used [0x00000000c2600000, 0x00000000c2600000, 0x00000000c3680000)
  from space 2112K,  68% used [0x00000000c3680000, 0x00000000c37e8dd8, 0x00000000c3890000)
  to   space 2112K,   0% used [0x00000000c3890000, 0x00000000c3890000, 0x00000000c3aa0000)
 concurrent mark-sweep generation total 77712K, used 46731K [0x00000000d6e00000, 0x00000000db9e4000, 0x0000000100000000)
 Metaspace       used 66031K, capacity 68836K, committed 68888K, reserved 1110016K
  class space    used 8435K, capacity 8980K, committed 8984K, reserved 1048576K
}
2022-08-07T09:29:24.986+0000: 26.931: Application time: 0.1133064 seconds
{Heap before GC invocations=326 (full 35):
 par new generation   total 19008K, used 18339K [0x00000000c2600000, 0x00000000c3aa0000, 0x00000000d6e00000)
  eden space 16896K, 100% used [0x00000000c2600000, 0x00000000c3680000, 0x00000000c3680000)
  from space 2112K,  68% used [0x00000000c3680000, 0x00000000c37e8dd8, 0x00000000c3890000)
  to   space 2112K,   0% used [0x00000000c3890000, 0x00000000c3890000, 0x00000000c3aa0000)
 concurrent mark-sweep generation total 77712K, used 46731K [0x00000000d6e00000, 0x00000000db9e4000, 0x0000000100000000)
 Metaspace       used 66172K, capacity 68964K, committed 69144K, reserved 1110016K
  class space    used 8459K, capacity 8980K, committed 8984K, reserved 1048576K
2022-08-07T09:29:24.987+0000: 26.932: [GC (Allocation Failure) 2022-08-07T09:29:24.988+0000: 26.932: [ParNew: 18339K->1435K(19008K), 0.0038972 secs] 65071K->48194K(96720K), 0.0047155 secs] [Times: user=0.01 sys=0.00, real=0.00 secs] 
Heap after GC invocations=327 (full 35):
 par new generation   total 19008K, used 1435K [0x00000000c2600000, 0x00000000c3aa0000, 0x00000000d6e00000)
  eden space 16896K,   0% used [0x00000000c2600000, 0x00000000c2600000, 0x00000000c3680000)
  from space 2112K,  67% used [0x00000000c3890000, 0x00000000c39f6cf0, 0x00000000c3aa0000)
  to   space 2112K,   0% used [0x00000000c3680000, 0x00000000c3680000, 0x00000000c3890000)
 concurrent mark-sweep generation total 77712K, used 46759K [0x00000000d6e00000, 0x00000000db9e4000, 0x0000000100000000)
 Metaspace       used 66172K, capacity 68964K, committed 69144K, reserved 1110016K
  class space    used 8459K, capacity 8980K, committed 8984K, reserved 1048576K
}
2022-08-07T09:29:24.995+0000: 26.939: [CMS-concurrent-abortable-preclean: 0.034/0.163 secs] [Times: user=0.33 sys=0.10, real=0.16 secs] 
2022-08-07T09:29:24.995+0000: 26.940: Application time: 0.0026355 seconds
2022-08-07T09:29:24.996+0000: 26.940: [GC (CMS Final Remark) [YG occupancy: 2134 K (19008 K)]2022-08-07T09:29:24.996+0000: 26.941: [Rescan (parallel) , 0.0053684 secs]2022-08-07T09:29:25.002+0000: 26.946: [weak refs processing, 0.0003677 secs]2022-08-07T09:29:25.002+0000: 26.947: [class unloading, 0.0141499 secs]2022-08-07T09:29:25.017+0000: 26.962: [scrub symbol table, 0.0138173 secs]2022-08-07T09:29:25.031+0000: 26.976: [scrub string table, 0.0011513 secs][1 CMS-remark: 46759K(77712K)] 48894K(96720K), 0.0371111 secs] [Times: user=0.10 sys=0.01, real=0.04 secs] 
2022-08-07T09:29:25.043+0000: 26.988: [CMS-concurrent-sweep-start]
2022-08-07T09:29:25.093+0000: 27.037: [CMS-concurrent-sweep: 0.049/0.050 secs] [Times: user=0.13 sys=0.00, real=0.05 secs] 
2022-08-07T09:29:25.094+0000: 27.039: [CMS-concurrent-reset-start]
2022-08-07T09:29:25.094+0000: 27.039: [CMS-concurrent-reset: 0.001/0.001 secs] [Times: user=0.00 sys=0.00, real=0.00 secs] 
2022-08-07T09:29:25.121+0000: 27.066: Application time: 0.0875423 seconds
{Heap before GC invocations=327 (full 35):
 par new generation   total 19008K, used 18331K [0x00000000c2600000, 0x00000000c3aa0000, 0x00000000d6e00000)
  eden space 16896K, 100% used [0x00000000c2600000, 0x00000000c3680000, 0x00000000c3680000)
  from space 2112K,  67% used [0x00000000c3890000, 0x00000000c39f6cf0, 0x00000000c3aa0000)
  to   space 2112K,   0% used [0x00000000c3680000, 0x00000000c3680000, 0x00000000c3890000)
 concurrent mark-sweep generation total 77712K, used 46602K [0x00000000d6e00000, 0x00000000db9e4000, 0x0000000100000000)
 Metaspace       used 66299K, capacity 69054K, committed 69272K, reserved 1110016K
  class space    used 8480K, capacity 9011K, committed 9112K, reserved 1048576K
2022-08-07T09:29:25.121+0000: 27.066: [GC (Allocation Failure) 2022-08-07T09:29:25.122+0000: 27.066: [ParNew: 18331K->1247K(19008K), 0.0052502 secs] 64933K->47888K(96720K), 0.0059873 secs] [Times: user=0.02 sys=0.00, real=0.01 secs] 
Heap after GC invocations=328 (full 35):
 par new generation   total 19008K, used 1247K [0x00000000c2600000, 0x00000000c3aa0000, 0x00000000d6e00000)
  eden space 16896K,   0% used [0x00000000c2600000, 0x00000000c2600000, 0x00000000c3680000)
  from space 2112K,  59% used [0x00000000c3680000, 0x00000000c37b7f08, 0x00000000c3890000)
  to   space 2112K,   0% used [0x00000000c3890000, 0x00000000c3890000, 0x00000000c3aa0000)
 concurrent mark-sweep generation total 77712K, used 46640K [0x00000000d6e00000, 0x00000000db9e4000, 0x0000000100000000)
 Metaspace       used 66299K, capacity 69054K, committed 69272K, reserved 1110016K
  class space    used 8480K, capacity 9011K, committed 9112K, reserved 1048576K
}
2022-08-07T09:29:25.128+0000: 27.073: Application time: 0.0003150 seconds
2022-08-07T09:29:25.128+0000: 27.073: [GC (CMS Initial Mark) [1 CMS-initial-mark: 46640K(77712K)] 48245K(96720K), 0.0020583 secs] [Times: user=0.01 sys=0.00, real=0.00 secs] 
2022-08-07T09:29:25.131+0000: 27.076: [CMS-concurrent-mark-start]
2022-08-07T09:29:25.196+0000: 27.141: Application time: 0.0654659 seconds
{Heap before GC invocations=328 (full 36):
 par new generation   total 19008K, used 18143K [0x00000000c2600000, 0x00000000c3aa0000, 0x00000000d6e00000)
  eden space 16896K, 100% used [0x00000000c2600000, 0x00000000c3680000, 0x00000000c3680000)
  from space 2112K,  59% used [0x00000000c3680000, 0x00000000c37b7f08, 0x00000000c3890000)
  to   space 2112K,   0% used [0x00000000c3890000, 0x00000000c3890000, 0x00000000c3aa0000)
 concurrent mark-sweep generation total 77712K, used 46640K [0x00000000d6e00000, 0x00000000db9e4000, 0x0000000100000000)
 Metaspace       used 66559K, capacity 69342K, committed 69528K, reserved 1110016K
  class space    used 8520K, capacity 9043K, committed 9112K, reserved 1048576K
2022-08-07T09:29:25.197+0000: 27.141: [GC (Allocation Failure) 2022-08-07T09:29:25.197+0000: 27.142: [ParNew: 18143K->1520K(19008K), 0.0047291 secs] 64784K->48300K(96720K), 0.0058784 secs] [Times: user=0.02 sys=0.00, real=0.00 secs] 
Heap after GC invocations=329 (full 36):
 par new generation   total 19008K, used 1520K [0x00000000c2600000, 0x00000000c3aa0000, 0x00000000d6e00000)
  eden space 16896K,   0% used [0x00000000c2600000, 0x00000000c2600000, 0x00000000c3680000)
  from space 2112K,  71% used [0x00000000c3890000, 0x00000000c3a0c020, 0x00000000c3aa0000)
  to   space 2112K,   0% used [0x00000000c3680000, 0x00000000c3680000, 0x00000000c3890000)
 concurrent mark-sweep generation total 77712K, used 46780K [0x00000000d6e00000, 0x00000000db9e4000, 0x0000000100000000)
 Metaspace       used 66559K, capacity 69342K, committed 69528K, reserved 1110016K
  class space    used 8520K, capacity 9043K, committed 9112K, reserved 1048576K
}
2022-08-07T09:29:25.204+0000: 27.148: Application time: 0.0004684 seconds
2022-08-07T09:29:25.221+0000: 27.166: [CMS-concurrent-mark: 0.083/0.090 secs] [Times: user=0.30 sys=0.03, real=0.09 secs] 
2022-08-07T09:29:25.222+0000: 27.167: [CMS-concurrent-preclean-start]
2022-08-07T09:29:25.226+0000: 27.170: Application time: 0.0217005 seconds
2022-08-07T09:29:25.287+0000: 27.232: [CMS-concurrent-preclean: 0.044/0.065 secs] [Times: user=0.13 sys=0.04, real=0.07 secs] 
2022-08-07T09:29:25.288+0000: 27.233: [CMS-concurrent-abortable-preclean-start]
2022-08-07T09:29:25.293+0000: 27.237: Application time: 0.0663412 seconds
2022-08-07T09:29:25.302+0000: 27.246: Application time: 0.0079907 seconds
{Heap before GC invocations=329 (full 36):
 par new generation   total 19008K, used 18416K [0x00000000c2600000, 0x00000000c3aa0000, 0x00000000d6e00000)
  eden space 16896K, 100% used [0x00000000c2600000, 0x00000000c3680000, 0x00000000c3680000)
  from space 2112K,  71% used [0x00000000c3890000, 0x00000000c3a0c020, 0x00000000c3aa0000)
  to   space 2112K,   0% used [0x00000000c3680000, 0x00000000c3680000, 0x00000000c3890000)
 concurrent mark-sweep generation total 77712K, used 46780K [0x00000000d6e00000, 0x00000000db9e4000, 0x0000000100000000)
 Metaspace       used 66805K, capacity 69502K, committed 69784K, reserved 1110016K
  class space    used 8563K, capacity 9075K, committed 9112K, reserved 1048576K
2022-08-07T09:29:25.302+0000: 27.247: [GC (Allocation Failure) 2022-08-07T09:29:25.302+0000: 27.247: [ParNew: 18416K->1058K(19008K), 0.0041133 secs] 65196K->47839K(96720K), 0.0048492 secs] [Times: user=0.01 sys=0.00, real=0.01 secs] 
Heap after GC invocations=330 (full 36):
 par new generation   total 19008K, used 1058K [0x00000000c2600000, 0x00000000c3aa0000, 0x00000000d6e00000)
  eden space 16896K,   0% used [0x00000000c2600000, 0x00000000c2600000, 0x00000000c3680000)
  from space 2112K,  50% used [0x00000000c3680000, 0x00000000c3788a68, 0x00000000c3890000)
  to   space 2112K,   0% used [0x00000000c3890000, 0x00000000c3890000, 0x00000000c3aa0000)
 concurrent mark-sweep generation total 77712K, used 46780K [0x00000000d6e00000, 0x00000000db9e4000, 0x0000000100000000)
 Metaspace       used 66805K, capacity 69502K, committed 69784K, reserved 1110016K
  class space    used 8563K, capacity 9075K, committed 9112K, reserved 1048576K
}
2022-08-07T09:29:25.339+0000: 27.284: Application time: 0.0312577 seconds
2022-08-07T09:29:25.342+0000: 27.287: Application time: 0.0022087 seconds
2022-08-07T09:29:25.385+0000: 27.329: Application time: 0.0414639 seconds
2022-08-07T09:29:25.395+0000: 27.340: [CMS-concurrent-abortable-preclean: 0.049/0.107 secs] [Times: user=0.28 sys=0.08, real=0.10 secs] 
2022-08-07T09:29:25.396+0000: 27.341: Application time: 0.0107182 seconds
2022-08-07T09:29:25.397+0000: 27.341: [GC (CMS Final Remark) [YG occupancy: 16226 K (19008 K)]2022-08-07T09:29:25.398+0000: 27.342: [Rescan (parallel) , 0.0043204 secs]2022-08-07T09:29:25.402+0000: 27.347: [weak refs processing, 0.0007018 secs]2022-08-07T09:29:25.403+0000: 27.348: [class unloading, 0.0099668 secs]2022-08-07T09:29:25.414+0000: 27.358: [scrub symbol table, 0.0125394 secs]2022-08-07T09:29:25.427+0000: 27.371: [scrub string table, 0.0011772 secs][1 CMS-remark: 46780K(77712K)] 63006K(96720K), 0.0315925 secs] [Times: user=0.04 sys=0.00, real=0.03 secs] 
2022-08-07T09:29:25.429+0000: 27.374: [CMS-concurrent-sweep-start]
2022-08-07T09:29:25.436+0000: 27.380: Application time: 0.0064661 seconds
{Heap before GC invocations=330 (full 36):
 par new generation   total 19008K, used 17954K [0x00000000c2600000, 0x00000000c3aa0000, 0x00000000d6e00000)
  eden space 16896K, 100% used [0x00000000c2600000, 0x00000000c3680000, 0x00000000c3680000)
  from space 2112K,  50% used [0x00000000c3680000, 0x00000000c3788a68, 0x00000000c3890000)
  to   space 2112K,   0% used [0x00000000c3890000, 0x00000000c3890000, 0x00000000c3aa0000)
 concurrent mark-sweep generation total 77712K, used 46700K [0x00000000d6e00000, 0x00000000db9e4000, 0x0000000100000000)
 Metaspace       used 67392K, capacity 70142K, committed 70424K, reserved 1110016K
  class space    used 8629K, capacity 9139K, committed 9240K, reserved 1048576K
2022-08-07T09:29:25.436+0000: 27.381: [GC (Allocation Failure) 2022-08-07T09:29:25.436+0000: 27.381: [ParNew: 17954K->862K(19008K), 0.0044980 secs] 64654K->47626K(96720K), 0.0052839 secs] [Times: user=0.01 sys=0.00, real=0.01 secs] 
Heap after GC invocations=331 (full 36):
 par new generation   total 19008K, used 862K [0x00000000c2600000, 0x00000000c3aa0000, 0x00000000d6e00000)
  eden space 16896K,   0% used [0x00000000c2600000, 0x00000000c2600000, 0x00000000c3680000)
  from space 2112K,  40% used [0x00000000c3890000, 0x00000000c3967900, 0x00000000c3aa0000)
  to   space 2112K,   0% used [0x00000000c3680000, 0x00000000c3680000, 0x00000000c3890000)
 concurrent mark-sweep generation total 77712K, used 46763K [0x00000000d6e00000, 0x00000000db9e4000, 0x0000000100000000)
 Metaspace       used 67392K, capacity 70142K, committed 70424K, reserved 1110016K
  class space    used 8629K, capacity 9139K, committed 9240K, reserved 1048576K
}
2022-08-07T09:29:25.457+0000: 27.402: [CMS-concurrent-sweep: 0.021/0.027 secs] [Times: user=0.08 sys=0.01, real=0.03 secs] 
2022-08-07T09:29:25.457+0000: 27.402: [CMS-concurrent-reset-start]
2022-08-07T09:29:25.458+0000: 27.403: [CMS-concurrent-reset: 0.001/0.001 secs] [Times: user=0.00 sys=0.00, real=0.00 secs] 
2022-08-07T09:29:25.501+0000: 27.446: Application time: 0.0594959 seconds
{Heap before GC invocations=331 (full 36):
 par new generation   total 19008K, used 17758K [0x00000000c2600000, 0x00000000c3aa0000, 0x00000000d6e00000)
  eden space 16896K, 100% used [0x00000000c2600000, 0x00000000c3680000, 0x00000000c3680000)
  from space 2112K,  40% used [0x00000000c3890000, 0x00000000c3967900, 0x00000000c3aa0000)
  to   space 2112K,   0% used [0x00000000c3680000, 0x00000000c3680000, 0x00000000c3890000)
 concurrent mark-sweep generation total 77712K, used 46510K [0x00000000d6e00000, 0x00000000db9e4000, 0x0000000100000000)
 Metaspace       used 67632K, capacity 70398K, committed 70680K, reserved 1110016K
  class space    used 8663K, capacity 9203K, committed 9240K, reserved 1048576K
2022-08-07T09:29:25.502+0000: 27.447: [GC (Allocation Failure) 2022-08-07T09:29:25.502+0000: 27.447: [ParNew: 17758K->1367K(19008K), 0.0041960 secs] 64268K->47907K(96720K), 0.0050502 secs] [Times: user=0.01 sys=0.01, real=0.01 secs] 
Heap after GC invocations=332 (full 36):
 par new generation   total 19008K, used 1367K [0x00000000c2600000, 0x00000000c3aa0000, 0x00000000d6e00000)
  eden space 16896K,   0% used [0x00000000c2600000, 0x00000000c2600000, 0x00000000c3680000)
  from space 2112K,  64% used [0x00000000c3680000, 0x00000000c37d5c00, 0x00000000c3890000)
  to   space 2112K,   0% used [0x00000000c3890000, 0x00000000c3890000, 0x00000000c3aa0000)
 concurrent mark-sweep generation total 77712K, used 46540K [0x00000000d6e00000, 0x00000000db9e4000, 0x0000000100000000)
 Metaspace       used 67632K, capacity 70398K, committed 70680K, reserved 1110016K
  class space    used 8663K, capacity 9203K, committed 9240K, reserved 1048576K
}
2022-08-07T09:29:25.572+0000: 27.517: Application time: 0.0643245 seconds
{Heap before GC invocations=332 (full 36):
 par new generation   total 19008K, used 18263K [0x00000000c2600000, 0x00000000c3aa0000, 0x00000000d6e00000)
  eden space 16896K, 100% used [0x00000000c2600000, 0x00000000c3680000, 0x00000000c3680000)
  from space 2112K,  64% used [0x00000000c3680000, 0x00000000c37d5c00, 0x00000000c3890000)
  to   space 2112K,   0% used [0x00000000c3890000, 0x00000000c3890000, 0x00000000c3aa0000)
 concurrent mark-sweep generation total 77712K, used 46540K [0x00000000d6e00000, 0x00000000db9e4000, 0x0000000100000000)
 Metaspace       used 67829K, capacity 70558K, committed 70680K, reserved 1110016K
  class space    used 8700K, capacity 9235K, committed 9240K, reserved 1048576K
2022-08-07T09:29:25.573+0000: 27.518: [GC (Allocation Failure) 2022-08-07T09:29:25.573+0000: 27.518: [ParNew: 18263K->975K(19008K), 0.0026264 secs] 64803K->47562K(96720K), 0.0032800 secs] [Times: user=0.01 sys=0.01, real=0.00 secs] 
Heap after GC invocations=333 (full 36):
 par new generation   total 19008K, used 975K [0x00000000c2600000, 0x00000000c3aa0000, 0x00000000d6e00000)
  eden space 16896K,   0% used [0x00000000c2600000, 0x00000000c2600000, 0x00000000c3680000)
  from space 2112K,  46% used [0x00000000c3890000, 0x00000000c3983e68, 0x00000000c3aa0000)
  to   space 2112K,   0% used [0x00000000c3680000, 0x00000000c3680000, 0x00000000c3890000)
 concurrent mark-sweep generation total 77712K, used 46586K [0x00000000d6e00000, 0x00000000db9e4000, 0x0000000100000000)
 Metaspace       used 67829K, capacity 70558K, committed 70680K, reserved 1110016K
  class space    used 8700K, capacity 9235K, committed 9240K, reserved 1048576K
}
2022-08-07T09:29:25.667+0000: 27.612: Application time: 0.0903123 seconds
{Heap before GC invocations=333 (full 36):
 par new generation   total 19008K, used 17871K [0x00000000c2600000, 0x00000000c3aa0000, 0x00000000d6e00000)
  eden space 16896K, 100% used [0x00000000c2600000, 0x00000000c3680000, 0x00000000c3680000)
  from space 2112K,  46% used [0x00000000c3890000, 0x00000000c3983e68, 0x00000000c3aa0000)
  to   space 2112K,   0% used [0x00000000c3680000, 0x00000000c3680000, 0x00000000c3890000)
 concurrent mark-sweep generation total 77712K, used 46586K [0x00000000d6e00000, 0x00000000db9e4000, 0x0000000100000000)
 Metaspace       used 68032K, capacity 70730K, committed 71064K, reserved 1112064K
  class space    used 8736K, capacity 9269K, committed 9368K, reserved 1048576K
2022-08-07T09:29:25.668+0000: 27.613: [GC (Allocation Failure) 2022-08-07T09:29:25.668+0000: 27.613: [ParNew: 17871K->1579K(19008K), 0.0029139 secs] 64458K->48254K(96720K), 0.0035070 secs] [Times: user=0.00 sys=0.00, real=0.00 secs] 
Heap after GC invocations=334 (full 36):
 par new generation   total 19008K, used 1579K [0x00000000c2600000, 0x00000000c3aa0000, 0x00000000d6e00000)
  eden space 16896K,   0% used [0x00000000c2600000, 0x00000000c2600000, 0x00000000c3680000)
  from space 2112K,  74% used [0x00000000c3680000, 0x00000000c380af58, 0x00000000c3890000)
  to   space 2112K,   0% used [0x00000000c3890000, 0x00000000c3890000, 0x00000000c3aa0000)
 concurrent mark-sweep generation total 77712K, used 46675K [0x00000000d6e00000, 0x00000000db9e4000, 0x0000000100000000)
 Metaspace       used 68032K, capacity 70730K, committed 71064K, reserved 1112064K
  class space    used 8736K, capacity 9269K, committed 9368K, reserved 1048576K
}
2022-08-07T09:29:25.673+0000: 27.617: Application time: 0.0007711 seconds
2022-08-07T09:29:25.674+0000: 27.618: [GC (CMS Initial Mark) [1 CMS-initial-mark: 46675K(77712K)] 48616K(96720K), 0.0019238 secs] [Times: user=0.00 sys=0.00, real=0.00 secs] 
2022-08-07T09:29:25.676+0000: 27.621: [CMS-concurrent-mark-start]
2022-08-07T09:29:25.824+0000: 27.769: [CMS-concurrent-mark: 0.147/0.147 secs] [Times: user=0.33 sys=0.14, real=0.15 secs] 
2022-08-07T09:29:25.825+0000: 27.770: [CMS-concurrent-preclean-start]
2022-08-07T09:29:25.830+0000: 27.775: [CMS-concurrent-preclean: 0.004/0.005 secs] [Times: user=0.01 sys=0.01, real=0.01 secs] 
2022-08-07T09:29:25.830+0000: 27.775: [CMS-concurrent-abortable-preclean-start]
2022-08-07T09:29:25.854+0000: 27.799: Application time: 0.1780608 seconds
{Heap before GC invocations=334 (full 37):
 par new generation   total 19008K, used 18475K [0x00000000c2600000, 0x00000000c3aa0000, 0x00000000d6e00000)
  eden space 16896K, 100% used [0x00000000c2600000, 0x00000000c3680000, 0x00000000c3680000)
  from space 2112K,  74% used [0x00000000c3680000, 0x00000000c380af58, 0x00000000c3890000)
  to   space 2112K,   0% used [0x00000000c3890000, 0x00000000c3890000, 0x00000000c3aa0000)
 concurrent mark-sweep generation total 77712K, used 46675K [0x00000000d6e00000, 0x00000000db9e4000, 0x0000000100000000)
 Metaspace       used 68157K, capacity 70960K, committed 71064K, reserved 1112064K
  class space    used 8754K, capacity 9302K, committed 9368K, reserved 1048576K
2022-08-07T09:29:25.855+0000: 27.800: [GC (Allocation Failure) 2022-08-07T09:29:25.855+0000: 27.800: [ParNew: 18475K->1638K(19008K), 0.0066003 secs] 65150K->48677K(96720K), 0.0072106 secs] [Times: user=0.02 sys=0.00, real=0.01 secs] 
Heap after GC invocations=335 (full 37):
 par new generation   total 19008K, used 1638K [0x00000000c2600000, 0x00000000c3aa0000, 0x00000000d6e00000)
  eden space 16896K,   0% used [0x00000000c2600000, 0x00000000c2600000, 0x00000000c3680000)
  from space 2112K,  77% used [0x00000000c3890000, 0x00000000c3a299f0, 0x00000000c3aa0000)
  to   space 2112K,   0% used [0x00000000c3680000, 0x00000000c3680000, 0x00000000c3890000)
 concurrent mark-sweep generation total 77712K, used 47039K [0x00000000d6e00000, 0x00000000db9e4000, 0x0000000100000000)
 Metaspace       used 68157K, capacity 70960K, committed 71064K, reserved 1112064K
  class space    used 8754K, capacity 9302K, committed 9368K, reserved 1048576K
}
2022-08-07T09:29:25.928+0000: 27.873: [CMS-concurrent-abortable-preclean: 0.064/0.098 secs] [Times: user=0.25 sys=0.08, real=0.10 secs] 
2022-08-07T09:29:25.929+0000: 27.873: Application time: 0.0658395 seconds
2022-08-07T09:29:25.929+0000: 27.874: [GC (CMS Final Remark) [YG occupancy: 14835 K (19008 K)]2022-08-07T09:29:25.929+0000: 27.874: [Rescan (parallel) , 0.0038208 secs]2022-08-07T09:29:25.933+0000: 27.878: [weak refs processing, 0.0004496 secs]2022-08-07T09:29:25.934+0000: 27.879: [class unloading, 0.0109234 secs]2022-08-07T09:29:25.945+0000: 27.890: [scrub symbol table, 0.0359230 secs]2022-08-07T09:29:25.982+0000: 27.926: [scrub string table, 0.0019681 secs][1 CMS-remark: 47039K(77712K)] 61874K(96720K), 0.0549419 secs] [Times: user=0.13 sys=0.01, real=0.05 secs] 
2022-08-07T09:29:25.985+0000: 27.930: [CMS-concurrent-sweep-start]
2022-08-07T09:29:25.999+0000: 27.944: Application time: 0.0136391 seconds
2022-08-07T09:29:26.013+0000: 27.958: Application time: 0.0068589 seconds
{Heap before GC invocations=335 (full 37):
 par new generation   total 19008K, used 18534K [0x00000000c2600000, 0x00000000c3aa0000, 0x00000000d6e00000)
  eden space 16896K, 100% used [0x00000000c2600000, 0x00000000c3680000, 0x00000000c3680000)
  from space 2112K,  77% used [0x00000000c3890000, 0x00000000c3a299f0, 0x00000000c3aa0000)
  to   space 2112K,   0% used [0x00000000c3680000, 0x00000000c3680000, 0x00000000c3890000)
 concurrent mark-sweep generation total 77712K, used 46994K [0x00000000d6e00000, 0x00000000db9e4000, 0x0000000100000000)
 Metaspace       used 68374K, capacity 71144K, committed 71320K, reserved 1112064K
  class space    used 8782K, capacity 9338K, committed 9368K, reserved 1048576K
2022-08-07T09:29:26.014+0000: 27.958: [GC (Allocation Failure) 2022-08-07T09:29:26.014+0000: 27.959: [ParNew: 18534K->1590K(19008K), 0.0065086 secs] 65528K->49368K(96720K), 0.0075128 secs] [Times: user=0.02 sys=0.01, real=0.01 secs] 
Heap after GC invocations=336 (full 37):
 par new generation   total 19008K, used 1590K [0x00000000c2600000, 0x00000000c3aa0000, 0x00000000d6e00000)
  eden space 16896K,   0% used [0x00000000c2600000, 0x00000000c2600000, 0x00000000c3680000)
  from space 2112K,  75% used [0x00000000c3680000, 0x00000000c380dad8, 0x00000000c3890000)
  to   space 2112K,   0% used [0x00000000c3890000, 0x00000000c3890000, 0x00000000c3aa0000)
 concurrent mark-sweep generation total 77712K, used 47777K [0x00000000d6e00000, 0x00000000db9e4000, 0x0000000100000000)
 Metaspace       used 68374K, capacity 71144K, committed 71320K, reserved 1112064K
  class space    used 8782K, capacity 9338K, committed 9368K, reserved 1048576K
}
2022-08-07T09:29:26.029+0000: 27.974: [CMS-concurrent-sweep: 0.034/0.043 secs] [Times: user=0.11 sys=0.01, real=0.05 secs] 
2022-08-07T09:29:26.032+0000: 27.977: [CMS-concurrent-reset-start]
2022-08-07T09:29:26.033+0000: 27.977: [CMS-concurrent-reset: 0.001/0.001 secs] [Times: user=0.00 sys=0.00, real=0.00 secs] 
2022-08-07T09:29:26.266+0000: 28.211: Application time: 0.2445749 seconds
2022-08-07T09:29:26.304+0000: 28.248: Application time: 0.0369904 seconds
{Heap before GC invocations=336 (full 37):
 par new generation   total 19008K, used 18486K [0x00000000c2600000, 0x00000000c3aa0000, 0x00000000d6e00000)
  eden space 16896K, 100% used [0x00000000c2600000, 0x00000000c3680000, 0x00000000c3680000)
  from space 2112K,  75% used [0x00000000c3680000, 0x00000000c380dad8, 0x00000000c3890000)
  to   space 2112K,   0% used [0x00000000c3890000, 0x00000000c3890000, 0x00000000c3aa0000)
 concurrent mark-sweep generation total 79516K, used 47707K [0x00000000d6e00000, 0x00000000dbba7000, 0x0000000100000000)
 Metaspace       used 69940K, capacity 72720K, committed 72856K, reserved 1112064K
  class space    used 9039K, capacity 9574K, committed 9624K, reserved 1048576K
2022-08-07T09:29:26.304+0000: 28.249: [GC (Allocation Failure) 2022-08-07T09:29:26.304+0000: 28.249: [ParNew: 18486K->1132K(19008K), 0.0060872 secs] 66194K->48840K(98524K), 0.0069100 secs] [Times: user=0.01 sys=0.00, real=0.01 secs] 
Heap after GC invocations=337 (full 37):
 par new generation   total 19008K, used 1132K [0x00000000c2600000, 0x00000000c3aa0000, 0x00000000d6e00000)
  eden space 16896K,   0% used [0x00000000c2600000, 0x00000000c2600000, 0x00000000c3680000)
  from space 2112K,  53% used [0x00000000c3890000, 0x00000000c39ab0d8, 0x00000000c3aa0000)
  to   space 2112K,   0% used [0x00000000c3680000, 0x00000000c3680000, 0x00000000c3890000)
 concurrent mark-sweep generation total 79516K, used 47707K [0x00000000d6e00000, 0x00000000dbba7000, 0x0000000100000000)
 Metaspace       used 69940K, capacity 72720K, committed 72856K, reserved 1112064K
  class space    used 9039K, capacity 9574K, committed 9624K, reserved 1048576K
}
2022-08-07T09:29:26.418+0000: 28.363: Application time: 0.1060367 seconds
{Heap before GC invocations=337 (full 37):
 par new generation   total 19008K, used 18028K [0x00000000c2600000, 0x00000000c3aa0000, 0x00000000d6e00000)
  eden space 16896K, 100% used [0x00000000c2600000, 0x00000000c3680000, 0x00000000c3680000)
  from space 2112K,  53% used [0x00000000c3890000, 0x00000000c39ab0d8, 0x00000000c3aa0000)
  to   space 2112K,   0% used [0x00000000c3680000, 0x00000000c3680000, 0x00000000c3890000)
 concurrent mark-sweep generation total 79516K, used 47707K [0x00000000d6e00000, 0x00000000dbba7000, 0x0000000100000000)
 Metaspace       used 70241K, capacity 73104K, committed 73240K, reserved 1112064K
  class space    used 9091K, capacity 9638K, committed 9752K, reserved 1048576K
2022-08-07T09:29:26.418+0000: 28.363: [GC (Allocation Failure) 2022-08-07T09:29:26.419+0000: 28.363: [ParNew: 18028K->1399K(19008K), 0.0026383 secs] 65736K->49107K(98524K), 0.0033437 secs] [Times: user=0.01 sys=0.00, real=0.00 secs] 
Heap after GC invocations=338 (full 37):
 par new generation   total 19008K, used 1399K [0x00000000c2600000, 0x00000000c3aa0000, 0x00000000d6e00000)
  eden space 16896K,   0% used [0x00000000c2600000, 0x00000000c2600000, 0x00000000c3680000)
  from space 2112K,  66% used [0x00000000c3680000, 0x00000000c37ddd00, 0x00000000c3890000)
  to   space 2112K,   0% used [0x00000000c3890000, 0x00000000c3890000, 0x00000000c3aa0000)
 concurrent mark-sweep generation total 79516K, used 47707K [0x00000000d6e00000, 0x00000000dbba7000, 0x0000000100000000)
 Metaspace       used 70241K, capacity 73104K, committed 73240K, reserved 1112064K
  class space    used 9091K, capacity 9638K, committed 9752K, reserved 1048576K
}
2022-08-07T09:29:26.475+0000: 28.419: Application time: 0.0523720 seconds
{Heap before GC invocations=338 (full 37):
 par new generation   total 19008K, used 18295K [0x00000000c2600000, 0x00000000c3aa0000, 0x00000000d6e00000)
  eden space 16896K, 100% used [0x00000000c2600000, 0x00000000c3680000, 0x00000000c3680000)
  from space 2112K,  66% used [0x00000000c3680000, 0x00000000c37ddd00, 0x00000000c3890000)
  to   space 2112K,   0% used [0x00000000c3890000, 0x00000000c3890000, 0x00000000c3aa0000)
 concurrent mark-sweep generation total 79516K, used 47707K [0x00000000d6e00000, 0x00000000dbba7000, 0x0000000100000000)
 Metaspace       used 70380K, capacity 73218K, committed 73496K, reserved 1114112K
  class space    used 9115K, capacity 9673K, committed 9752K, reserved 1048576K
2022-08-07T09:29:26.476+0000: 28.420: [GC (Allocation Failure) 2022-08-07T09:29:26.476+0000: 28.421: [ParNew: 18295K->1515K(19008K), 0.0026766 secs] 66003K->49223K(98524K), 0.0031462 secs] [Times: user=0.01 sys=0.00, real=0.01 secs] 
Heap after GC invocations=339 (full 37):
 par new generation   total 19008K, used 1515K [0x00000000c2600000, 0x00000000c3aa0000, 0x00000000d6e00000)
  eden space 16896K,   0% used [0x00000000c2600000, 0x00000000c2600000, 0x00000000c3680000)
  from space 2112K,  71% used [0x00000000c3890000, 0x00000000c3a0ad28, 0x00000000c3aa0000)
  to   space 2112K,   0% used [0x00000000c3680000, 0x00000000c3680000, 0x00000000c3890000)
 concurrent mark-sweep generation total 79516K, used 47707K [0x00000000d6e00000, 0x00000000dbba7000, 0x0000000100000000)
 Metaspace       used 70380K, capacity 73218K, committed 73496K, reserved 1114112K
  class space    used 9115K, capacity 9673K, committed 9752K, reserved 1048576K
}
2022-08-07T09:29:26.486+0000: 28.430: Application time: 0.0063675 seconds
2022-08-07T09:29:26.486+0000: 28.431: Application time: 0.0001583 seconds
2022-08-07T09:29:26.489+0000: 28.434: Application time: 0.0029645 seconds
2022-08-07T09:29:26.490+0000: 28.435: Application time: 0.0001391 seconds
2022-08-07T09:29:26.493+0000: 28.438: Application time: 0.0031674 seconds
2022-08-07T09:29:26.518+0000: 28.462: Application time: 0.0238781 seconds
{Heap before GC invocations=339 (full 37):
 par new generation   total 19008K, used 18411K [0x00000000c2600000, 0x00000000c3aa0000, 0x00000000d6e00000)
  eden space 16896K, 100% used [0x00000000c2600000, 0x00000000c3680000, 0x00000000c3680000)
  from space 2112K,  71% used [0x00000000c3890000, 0x00000000c3a0ad28, 0x00000000c3aa0000)
  to   space 2112K,   0% used [0x00000000c3680000, 0x00000000c3680000, 0x00000000c3890000)
 concurrent mark-sweep generation total 79516K, used 47707K [0x00000000d6e00000, 0x00000000dbba7000, 0x0000000100000000)
 Metaspace       used 70414K, capacity 73282K, committed 73496K, reserved 1114112K
  class space    used 9121K, capacity 9673K, committed 9752K, reserved 1048576K
2022-08-07T09:29:26.518+0000: 28.463: [GC (Allocation Failure) 2022-08-07T09:29:26.518+0000: 28.463: [ParNew: 18411K->1563K(19008K), 0.0025724 secs] 66119K->49271K(98524K), 0.0035250 secs] [Times: user=0.01 sys=0.00, real=0.00 secs] 
Heap after GC invocations=340 (full 37):
 par new generation   total 19008K, used 1563K [0x00000000c2600000, 0x00000000c3aa0000, 0x00000000d6e00000)
  eden space 16896K,   0% used [0x00000000c2600000, 0x00000000c2600000, 0x00000000c3680000)
  from space 2112K,  74% used [0x00000000c3680000, 0x00000000c3806de0, 0x00000000c3890000)
  to   space 2112K,   0% used [0x00000000c3890000, 0x00000000c3890000, 0x00000000c3aa0000)
 concurrent mark-sweep generation total 79516K, used 47707K [0x00000000d6e00000, 0x00000000dbba7000, 0x0000000100000000)
 Metaspace       used 70414K, capacity 73282K, committed 73496K, reserved 1114112K
  class space    used 9121K, capacity 9673K, committed 9752K, reserved 1048576K
}
2022-08-07T09:29:26.552+0000: 28.497: Application time: 0.0301353 seconds
{Heap before GC invocations=340 (full 37):
 par new generation   total 19008K, used 18459K [0x00000000c2600000, 0x00000000c3aa0000, 0x00000000d6e00000)
  eden space 16896K, 100% used [0x00000000c2600000, 0x00000000c3680000, 0x00000000c3680000)
  from space 2112K,  74% used [0x00000000c3680000, 0x00000000c3806de0, 0x00000000c3890000)
  to   space 2112K,   0% used [0x00000000c3890000, 0x00000000c3890000, 0x00000000c3aa0000)
 concurrent mark-sweep generation total 79516K, used 47707K [0x00000000d6e00000, 0x00000000dbba7000, 0x0000000100000000)
 Metaspace       used 70418K, capacity 73282K, committed 73496K, reserved 1114112K
  class space    used 9121K, capacity 9673K, committed 9752K, reserved 1048576K
2022-08-07T09:29:26.554+0000: 28.499: [GC (Allocation Failure) 2022-08-07T09:29:26.555+0000: 28.499: [ParNew: 18459K->1111K(19008K), 0.0152558 secs] 66167K->48819K(98524K), 0.0162480 secs] [Times: user=0.01 sys=0.00, real=0.02 secs] 
Heap after GC invocations=341 (full 37):
 par new generation   total 19008K, used 1111K [0x00000000c2600000, 0x00000000c3aa0000, 0x00000000d6e00000)
  eden space 16896K,   0% used [0x00000000c2600000, 0x00000000c2600000, 0x00000000c3680000)
  from space 2112K,  52% used [0x00000000c3890000, 0x00000000c39a5fc0, 0x00000000c3aa0000)
  to   space 2112K,   0% used [0x00000000c3680000, 0x00000000c3680000, 0x00000000c3890000)
 concurrent mark-sweep generation total 79516K, used 47707K [0x00000000d6e00000, 0x00000000dbba7000, 0x0000000100000000)
 Metaspace       used 70418K, capacity 73282K, committed 73496K, reserved 1114112K
  class space    used 9121K, capacity 9673K, committed 9752K, reserved 1048576K
}
2022-08-07T09:29:26.616+0000: 28.561: Application time: 0.0454345 seconds
{Heap before GC invocations=341 (full 37):
 par new generation   total 19008K, used 18007K [0x00000000c2600000, 0x00000000c3aa0000, 0x00000000d6e00000)
  eden space 16896K, 100% used [0x00000000c2600000, 0x00000000c3680000, 0x00000000c3680000)
  from space 2112K,  52% used [0x00000000c3890000, 0x00000000c39a5fc0, 0x00000000c3aa0000)
  to   space 2112K,   0% used [0x00000000c3680000, 0x00000000c3680000, 0x00000000c3890000)
 concurrent mark-sweep generation total 79516K, used 47707K [0x00000000d6e00000, 0x00000000dbba7000, 0x0000000100000000)
 Metaspace       used 70444K, capacity 73282K, committed 73496K, reserved 1114112K
  class space    used 9126K, capacity 9673K, committed 9752K, reserved 1048576K
2022-08-07T09:29:26.618+0000: 28.562: [GC (Allocation Failure) 2022-08-07T09:29:26.618+0000: 28.563: [ParNew: 18007K->1519K(19008K), 0.0038446 secs] 65715K->49227K(98524K), 0.0045369 secs] [Times: user=0.01 sys=0.00, real=0.00 secs] 
Heap after GC invocations=342 (full 37):
 par new generation   total 19008K, used 1519K [0x00000000c2600000, 0x00000000c3aa0000, 0x00000000d6e00000)
  eden space 16896K,   0% used [0x00000000c2600000, 0x00000000c2600000, 0x00000000c3680000)
  from space 2112K,  71% used [0x00000000c3680000, 0x00000000c37fbf48, 0x00000000c3890000)
  to   space 2112K,   0% used [0x00000000c3890000, 0x00000000c3890000, 0x00000000c3aa0000)
 concurrent mark-sweep generation total 79516K, used 47707K [0x00000000d6e00000, 0x00000000dbba7000, 0x0000000100000000)
 Metaspace       used 70444K, capacity 73282K, committed 73496K, reserved 1114112K
  class space    used 9126K, capacity 9673K, committed 9752K, reserved 1048576K
}
2022-08-07T09:29:26.660+0000: 28.605: Application time: 0.0376232 seconds
{Heap before GC invocations=342 (full 37):
 par new generation   total 19008K, used 18415K [0x00000000c2600000, 0x00000000c3aa0000, 0x00000000d6e00000)
  eden space 16896K, 100% used [0x00000000c2600000, 0x00000000c3680000, 0x00000000c3680000)
  from space 2112K,  71% used [0x00000000c3680000, 0x00000000c37fbf48, 0x00000000c3890000)
  to   space 2112K,   0% used [0x00000000c3890000, 0x00000000c3890000, 0x00000000c3aa0000)
 concurrent mark-sweep generation total 79516K, used 47707K [0x00000000d6e00000, 0x00000000dbba7000, 0x0000000100000000)
 Metaspace       used 70457K, capacity 73282K, committed 73496K, reserved 1114112K
  class space    used 9128K, capacity 9673K, committed 9752K, reserved 1048576K
2022-08-07T09:29:26.661+0000: 28.606: [GC (Allocation Failure) 2022-08-07T09:29:26.662+0000: 28.607: [ParNew: 18415K->1318K(19008K), 0.0036364 secs] 66123K->49285K(98524K), 0.0051203 secs] [Times: user=0.01 sys=0.00, real=0.01 secs] 
Heap after GC invocations=343 (full 37):
 par new generation   total 19008K, used 1318K [0x00000000c2600000, 0x00000000c3aa0000, 0x00000000d6e00000)
  eden space 16896K,   0% used [0x00000000c2600000, 0x00000000c2600000, 0x00000000c3680000)
  from space 2112K,  62% used [0x00000000c3890000, 0x00000000c39d9988, 0x00000000c3aa0000)
  to   space 2112K,   0% used [0x00000000c3680000, 0x00000000c3680000, 0x00000000c3890000)
 concurrent mark-sweep generation total 79516K, used 47967K [0x00000000d6e00000, 0x00000000dbba7000, 0x0000000100000000)
 Metaspace       used 70457K, capacity 73282K, committed 73496K, reserved 1114112K
  class space    used 9128K, capacity 9673K, committed 9752K, reserved 1048576K
}
2022-08-07T09:29:26.669+0000: 28.614: Application time: 0.0018779 seconds
2022-08-07T09:29:26.669+0000: 28.614: [GC (CMS Initial Mark) [1 CMS-initial-mark: 47967K(79516K)] 49962K(98524K), 0.0050937 secs] [Times: user=0.00 sys=0.00, real=0.00 secs] 
2022-08-07T09:29:26.676+0000: 28.621: [CMS-concurrent-mark-start]
2022-08-07T09:29:26.699+0000: 28.644: Application time: 0.0239359 seconds
2022-08-07T09:29:26.700+0000: 28.644: Application time: 0.0003642 seconds
2022-08-07T09:29:26.700+0000: 28.645: Application time: 0.0002825 seconds
2022-08-07T09:29:26.701+0000: 28.646: Application time: 0.0003345 seconds
2022-08-07T09:29:26.701+0000: 28.646: Application time: 0.0002883 seconds
2022-08-07T09:29:26.702+0000: 28.647: Application time: 0.0005897 seconds
2022-08-07T09:29:26.702+0000: 28.647: Application time: 0.0003148 seconds
2022-08-07T09:29:26.703+0000: 28.648: Application time: 0.0004107 seconds
2022-08-07T09:29:26.704+0000: 28.649: Application time: 0.0003980 seconds
2022-08-07T09:29:26.704+0000: 28.649: Application time: 0.0003478 seconds
2022-08-07T09:29:26.705+0000: 28.650: Application time: 0.0007099 seconds
2022-08-07T09:29:26.710+0000: 28.655: Application time: 0.0043041 seconds
2022-08-07T09:29:26.711+0000: 28.655: Application time: 0.0003459 seconds
2022-08-07T09:29:26.712+0000: 28.657: Application time: 0.0005660 seconds
2022-08-07T09:29:26.713+0000: 28.657: Application time: 0.0004986 seconds
2022-08-07T09:29:26.713+0000: 28.658: Application time: 0.0004834 seconds
2022-08-07T09:29:26.714+0000: 28.659: Application time: 0.0002499 seconds
2022-08-07T09:29:26.714+0000: 28.659: Application time: 0.0002548 seconds
2022-08-07T09:29:26.715+0000: 28.660: Application time: 0.0003783 seconds
2022-08-07T09:29:26.716+0000: 28.660: Application time: 0.0003333 seconds
2022-08-07T09:29:26.725+0000: 28.670: Application time: 0.0090512 seconds
2022-08-07T09:29:26.729+0000: 28.673: Application time: 0.0032864 seconds
2022-08-07T09:29:26.763+0000: 28.707: Application time: 0.0338122 seconds
2022-08-07T09:29:26.837+0000: 28.781: [CMS-concurrent-mark: 0.150/0.160 secs] [Times: user=0.35 sys=0.12, real=0.17 secs] 
2022-08-07T09:29:26.837+0000: 28.782: [CMS-concurrent-preclean-start]
2022-08-07T09:29:26.851+0000: 28.795: [CMS-concurrent-preclean: 0.009/0.013 secs] [Times: user=0.02 sys=0.01, real=0.01 secs] 
2022-08-07T09:29:26.851+0000: 28.796: [CMS-concurrent-abortable-preclean-start]
2022-08-07T09:29:26.896+0000: 28.840: Application time: 0.1326516 seconds
2022-08-07T09:29:26.896+0000: 28.841: Application time: 0.0002848 seconds
2022-08-07T09:29:26.897+0000: 28.842: Application time: 0.0001713 seconds
2022-08-07T09:29:26.898+0000: 28.842: Application time: 0.0003445 seconds
2022-08-07T09:29:26.922+0000: 28.867: Application time: 0.0240827 seconds
{Heap before GC invocations=343 (full 38):
 par new generation   total 19008K, used 18198K [0x00000000c2600000, 0x00000000c3aa0000, 0x00000000d6e00000)
  eden space 16896K,  99% used [0x00000000c2600000, 0x00000000c367bfe0, 0x00000000c3680000)
  from space 2112K,  62% used [0x00000000c3890000, 0x00000000c39d9988, 0x00000000c3aa0000)
  to   space 2112K,   0% used [0x00000000c3680000, 0x00000000c3680000, 0x00000000c3890000)
 concurrent mark-sweep generation total 79516K, used 47967K [0x00000000d6e00000, 0x00000000dbba7000, 0x0000000100000000)
 Metaspace       used 70507K, capacity 73348K, committed 73496K, reserved 1114112K
  class space    used 9138K, capacity 9712K, committed 9752K, reserved 1048576K
2022-08-07T09:29:26.923+0000: 28.868: [GC (Allocation Failure) 2022-08-07T09:29:26.924+0000: 28.869: [ParNew: 18198K->2112K(19008K), 0.0222279 secs] 66165K->50090K(98524K), 0.0233309 secs] [Times: user=0.04 sys=0.01, real=0.03 secs] 
Heap after GC invocations=344 (full 38):
 par new generation   total 19008K, used 2112K [0x00000000c2600000, 0x00000000c3aa0000, 0x00000000d6e00000)
  eden space 16896K,   0% used [0x00000000c2600000, 0x00000000c2600000, 0x00000000c3680000)
  from space 2112K, 100% used [0x00000000c3680000, 0x00000000c3890000, 0x00000000c3890000)
  to   space 2112K,   0% used [0x00000000c3890000, 0x00000000c3890000, 0x00000000c3aa0000)
 concurrent mark-sweep generation total 79516K, used 47978K [0x00000000d6e00000, 0x00000000dbba7000, 0x0000000100000000)
 Metaspace       used 70507K, capacity 73348K, committed 73496K, reserved 1114112K
  class space    used 9138K, capacity 9712K, committed 9752K, reserved 1048576K
}
2022-08-07T09:29:26.952+0000: 28.896: Application time: 0.0042412 seconds
{Heap before GC invocations=344 (full 38):
 par new generation   total 19008K, used 18967K [0x00000000c2600000, 0x00000000c3aa0000, 0x00000000d6e00000)
  eden space 16896K,  99% used [0x00000000c2600000, 0x00000000c3675c90, 0x00000000c3680000)
  from space 2112K, 100% used [0x00000000c3680000, 0x00000000c3890000, 0x00000000c3890000)
  to   space 2112K,   0% used [0x00000000c3890000, 0x00000000c3890000, 0x00000000c3aa0000)
 concurrent mark-sweep generation total 79516K, used 47978K [0x00000000d6e00000, 0x00000000dbba7000, 0x0000000100000000)
 Metaspace       used 70507K, capacity 73348K, committed 73496K, reserved 1114112K
  class space    used 9138K, capacity 9712K, committed 9752K, reserved 1048576K
2022-08-07T09:29:26.952+0000: 28.897: [GC (Allocation Failure) 2022-08-07T09:29:26.953+0000: 28.897: [ParNew: 18967K->1405K(19008K), 0.0237891 secs] 66945K->49981K(98524K), 0.0246311 secs] [Times: user=0.06 sys=0.00, real=0.03 secs] 
Heap after GC invocations=345 (full 38):
 par new generation   total 19008K, used 1405K [0x00000000c2600000, 0x00000000c3aa0000, 0x00000000d6e00000)
  eden space 16896K,   0% used [0x00000000c2600000, 0x00000000c2600000, 0x00000000c3680000)
  from space 2112K,  66% used [0x00000000c3890000, 0x00000000c39ef7c0, 0x00000000c3aa0000)
  to   space 2112K,   0% used [0x00000000c3680000, 0x00000000c3680000, 0x00000000c3890000)
 concurrent mark-sweep generation total 79516K, used 48575K [0x00000000d6e00000, 0x00000000dbba7000, 0x0000000100000000)
 Metaspace       used 70507K, capacity 73348K, committed 73496K, reserved 1114112K
  class space    used 9138K, capacity 9712K, committed 9752K, reserved 1048576K
}
2022-08-07T09:29:26.978+0000: 28.922: [CMS-concurrent-abortable-preclean: 0.053/0.127 secs] [Times: user=0.26 sys=0.07, real=0.13 secs] 
2022-08-07T09:29:26.985+0000: 28.930: Application time: 0.0073141 seconds
2022-08-07T09:29:26.985+0000: 28.930: [GC (CMS Final Remark) [YG occupancy: 8112 K (19008 K)]2022-08-07T09:29:26.986+0000: 28.930: [Rescan (parallel) , 0.0053968 secs]2022-08-07T09:29:26.991+0000: 28.936: [weak refs processing, 0.0007604 secs]2022-08-07T09:29:26.992+0000: 28.937: [class unloading, 0.0194342 secs]2022-08-07T09:29:27.012+0000: 28.957: [scrub symbol table, 0.0161792 secs]2022-08-07T09:29:27.029+0000: 28.973: [scrub string table, 0.0011393 secs][1 CMS-remark: 48575K(79516K)] 56687K(98524K), 0.0448423 secs] [Times: user=0.12 sys=0.01, real=0.05 secs] 
2022-08-07T09:29:27.032+0000: 28.977: [CMS-concurrent-sweep-start]
2022-08-07T09:29:27.035+0000: 28.980: Application time: 0.0041559 seconds
2022-08-07T09:29:27.054+0000: 28.999: Application time: 0.0187210 seconds
2022-08-07T09:29:27.055+0000: 29.000: Application time: 0.0005051 seconds
2022-08-07T09:29:27.066+0000: 29.011: [CMS-concurrent-sweep: 0.028/0.034 secs] [Times: user=0.10 sys=0.00, real=0.03 secs] 
2022-08-07T09:29:27.067+0000: 29.012: Application time: 0.0110212 seconds
2022-08-07T09:29:27.068+0000: 29.012: [CMS-concurrent-reset-start]
2022-08-07T09:29:27.068+0000: 29.013: [CMS-concurrent-reset: 0.001/0.001 secs] [Times: user=0.00 sys=0.01, real=0.00 secs] 
2022-08-07T09:29:27.130+0000: 29.075: Application time: 0.0626042 seconds
2022-08-07T09:29:27.156+0000: 29.101: Application time: 0.0255532 seconds
{Heap before GC invocations=345 (full 38):
 par new generation   total 19008K, used 18301K [0x00000000c2600000, 0x00000000c3aa0000, 0x00000000d6e00000)
  eden space 16896K, 100% used [0x00000000c2600000, 0x00000000c3680000, 0x00000000c3680000)
  from space 2112K,  66% used [0x00000000c3890000, 0x00000000c39ef7c0, 0x00000000c3aa0000)
  to   space 2112K,   0% used [0x00000000c3680000, 0x00000000c3680000, 0x00000000c3890000)
 concurrent mark-sweep generation total 80792K, used 48472K [0x00000000d6e00000, 0x00000000dbce6000, 0x0000000100000000)
 Metaspace       used 70590K, capacity 73426K, committed 73496K, reserved 1114112K
  class space    used 9142K, capacity 9713K, committed 9752K, reserved 1048576K
2022-08-07T09:29:27.156+0000: 29.101: [GC (Allocation Failure) 2022-08-07T09:29:27.157+0000: 29.102: [ParNew: 18301K->1369K(19008K), 0.0190721 secs] 66774K->49842K(99800K), 0.0257063 secs] [Times: user=0.06 sys=0.01, real=0.03 secs] 
Heap after GC invocations=346 (full 38):
 par new generation   total 19008K, used 1369K [0x00000000c2600000, 0x00000000c3aa0000, 0x00000000d6e00000)
  eden space 16896K,   0% used [0x00000000c2600000, 0x00000000c2600000, 0x00000000c3680000)
  from space 2112K,  64% used [0x00000000c3680000, 0x00000000c37d64f0, 0x00000000c3890000)
  to   space 2112K,   0% used [0x00000000c3890000, 0x00000000c3890000, 0x00000000c3aa0000)
 concurrent mark-sweep generation total 80792K, used 48472K [0x00000000d6e00000, 0x00000000dbce6000, 0x0000000100000000)
 Metaspace       used 70590K, capacity 73426K, committed 73496K, reserved 1114112K
  class space    used 9142K, capacity 9713K, committed 9752K, reserved 1048576K
}
2022-08-07T09:29:27.275+0000: 29.220: Application time: 0.0920134 seconds
{Heap before GC invocations=346 (full 38):
 par new generation   total 19008K, used 18265K [0x00000000c2600000, 0x00000000c3aa0000, 0x00000000d6e00000)
  eden space 16896K, 100% used [0x00000000c2600000, 0x00000000c3680000, 0x00000000c3680000)
  from space 2112K,  64% used [0x00000000c3680000, 0x00000000c37d64f0, 0x00000000c3890000)
  to   space 2112K,   0% used [0x00000000c3890000, 0x00000000c3890000, 0x00000000c3aa0000)
 concurrent mark-sweep generation total 80792K, used 48472K [0x00000000d6e00000, 0x00000000dbce6000, 0x0000000100000000)
 Metaspace       used 70695K, capacity 73572K, committed 73752K, reserved 1114112K
  class space    used 9153K, capacity 9730K, committed 9752K, reserved 1048576K
2022-08-07T09:29:27.276+0000: 29.220: [GC (Allocation Failure) 2022-08-07T09:29:27.276+0000: 29.221: [ParNew: 18265K->1849K(19008K), 0.0087142 secs] 66738K->50506K(99800K), 0.0093695 secs] [Times: user=0.03 sys=0.00, real=0.01 secs] 
Heap after GC invocations=347 (full 38):
 par new generation   total 19008K, used 1849K [0x00000000c2600000, 0x00000000c3aa0000, 0x00000000d6e00000)
  eden space 16896K,   0% used [0x00000000c2600000, 0x00000000c2600000, 0x00000000c3680000)
  from space 2112K,  87% used [0x00000000c3890000, 0x00000000c3a5e430, 0x00000000c3aa0000)
  to   space 2112K,   0% used [0x00000000c3680000, 0x00000000c3680000, 0x00000000c3890000)
 concurrent mark-sweep generation total 80792K, used 48657K [0x00000000d6e00000, 0x00000000dbce6000, 0x0000000100000000)
 Metaspace       used 70695K, capacity 73572K, committed 73752K, reserved 1114112K
  class space    used 9153K, capacity 9730K, committed 9752K, reserved 1048576K
}
2022-08-07T09:29:27.286+0000: 29.231: Application time: 0.0003473 seconds
2022-08-07T09:29:27.286+0000: 29.231: [GC (CMS Initial Mark) [1 CMS-initial-mark: 48657K(80792K)] 50865K(99800K), 0.0035607 secs] [Times: user=0.01 sys=0.00, real=0.01 secs] 
2022-08-07T09:29:27.290+0000: 29.235: [CMS-concurrent-mark-start]
2022-08-07T09:29:27.393+0000: 29.337: [CMS-concurrent-mark: 0.102/0.102 secs] [Times: user=0.29 sys=0.01, real=0.10 secs] 
2022-08-07T09:29:27.394+0000: 29.338: [CMS-concurrent-preclean-start]
2022-08-07T09:29:27.400+0000: 29.345: [CMS-concurrent-preclean: 0.005/0.006 secs] [Times: user=0.01 sys=0.01, real=0.01 secs] 
2022-08-07T09:29:27.400+0000: 29.345: [CMS-concurrent-abortable-preclean-start]
2022-08-07T09:29:27.453+0000: 29.398: Application time: 0.1629321 seconds
{Heap before GC invocations=347 (full 39):
 par new generation   total 19008K, used 18745K [0x00000000c2600000, 0x00000000c3aa0000, 0x00000000d6e00000)
  eden space 16896K, 100% used [0x00000000c2600000, 0x00000000c3680000, 0x00000000c3680000)
  from space 2112K,  87% used [0x00000000c3890000, 0x00000000c3a5e430, 0x00000000c3aa0000)
  to   space 2112K,   0% used [0x00000000c3680000, 0x00000000c3680000, 0x00000000c3890000)
 concurrent mark-sweep generation total 80792K, used 48657K [0x00000000d6e00000, 0x00000000dbce6000, 0x0000000100000000)
 Metaspace       used 70865K, capacity 73746K, committed 74008K, reserved 1114112K
  class space    used 9162K, capacity 9737K, committed 9752K, reserved 1048576K
2022-08-07T09:29:27.453+0000: 29.398: [GC (Allocation Failure) 2022-08-07T09:29:27.454+0000: 29.399: [ParNew: 18745K->2112K(19008K), 0.0061355 secs] 67402K->51158K(99800K), 0.0068360 secs] [Times: user=0.01 sys=0.00, real=0.01 secs] 
Heap after GC invocations=348 (full 39):
 par new generation   total 19008K, used 2112K [0x00000000c2600000, 0x00000000c3aa0000, 0x00000000d6e00000)
  eden space 16896K,   0% used [0x00000000c2600000, 0x00000000c2600000, 0x00000000c3680000)
  from space 2112K, 100% used [0x00000000c3680000, 0x00000000c3890000, 0x00000000c3890000)
  to   space 2112K,   0% used [0x00000000c3890000, 0x00000000c3890000, 0x00000000c3aa0000)
 concurrent mark-sweep generation total 80792K, used 49046K [0x00000000d6e00000, 0x00000000dbce6000, 0x0000000100000000)
 Metaspace       used 70865K, capacity 73746K, committed 74008K, reserved 1114112K
  class space    used 9162K, capacity 9737K, committed 9752K, reserved 1048576K
}
2022-08-07T09:29:27.576+0000: 29.521: Application time: 0.1154599 seconds
{Heap before GC invocations=348 (full 39):
 par new generation   total 19008K, used 19008K [0x00000000c2600000, 0x00000000c3aa0000, 0x00000000d6e00000)
  eden space 16896K, 100% used [0x00000000c2600000, 0x00000000c3680000, 0x00000000c3680000)
  from space 2112K, 100% used [0x00000000c3680000, 0x00000000c3890000, 0x00000000c3890000)
  to   space 2112K,   0% used [0x00000000c3890000, 0x00000000c3890000, 0x00000000c3aa0000)
 concurrent mark-sweep generation total 80792K, used 49046K [0x00000000d6e00000, 0x00000000dbce6000, 0x0000000100000000)
 Metaspace       used 71151K, capacity 74092K, committed 74264K, reserved 1114112K
  class space    used 9184K, capacity 9752K, committed 9752K, reserved 1048576K
2022-08-07T09:29:27.577+0000: 29.522: [GC (Allocation Failure) 2022-08-07T09:29:27.578+0000: 29.522: [ParNew: 19008K->1893K(19008K), 0.0050513 secs] 68054K->51532K(99800K), 0.0058001 secs] [Times: user=0.01 sys=0.00, real=0.00 secs] 
Heap after GC invocations=349 (full 39):
 par new generation   total 19008K, used 1893K [0x00000000c2600000, 0x00000000c3aa0000, 0x00000000d6e00000)
  eden space 16896K,   0% used [0x00000000c2600000, 0x00000000c2600000, 0x00000000c3680000)
  from space 2112K,  89% used [0x00000000c3890000, 0x00000000c3a69600, 0x00000000c3aa0000)
  to   space 2112K,   0% used [0x00000000c3680000, 0x00000000c3680000, 0x00000000c3890000)
 concurrent mark-sweep generation total 80792K, used 49639K [0x00000000d6e00000, 0x00000000dbce6000, 0x0000000100000000)
 Metaspace       used 71151K, capacity 74092K, committed 74264K, reserved 1114112K
  class space    used 9184K, capacity 9752K, committed 9752K, reserved 1048576K
}
2022-08-07T09:29:27.584+0000: 29.528: [CMS-concurrent-abortable-preclean: 0.068/0.183 secs] [Times: user=0.55 sys=0.06, real=0.18 secs] 
2022-08-07T09:29:27.584+0000: 29.529: Application time: 0.0006335 seconds
2022-08-07T09:29:27.585+0000: 29.529: [GC (CMS Final Remark) [YG occupancy: 2254 K (19008 K)]2022-08-07T09:29:27.585+0000: 29.530: [Rescan (parallel) , 0.0033905 secs]2022-08-07T09:29:27.589+0000: 29.533: [weak refs processing, 0.0003132 secs]2022-08-07T09:29:27.589+0000: 29.534: [class unloading, 0.0148207 secs]2022-08-07T09:29:27.604+0000: 29.549: [scrub symbol table, 0.0165637 secs]2022-08-07T09:29:27.621+0000: 29.566: [scrub string table, 0.0010672 secs][1 CMS-remark: 49639K(80792K)] 51893K(99800K), 0.0380938 secs] [Times: user=0.07 sys=0.01, real=0.04 secs] 
2022-08-07T09:29:27.626+0000: 29.571: [CMS-concurrent-sweep-start]
2022-08-07T09:29:27.656+0000: 29.601: [CMS-concurrent-sweep: 0.030/0.030 secs] [Times: user=0.11 sys=0.01, real=0.03 secs] 
2022-08-07T09:29:27.657+0000: 29.602: [CMS-concurrent-reset-start]
2022-08-07T09:29:27.658+0000: 29.603: [CMS-concurrent-reset: 0.001/0.001 secs] [Times: user=0.00 sys=0.00, real=0.00 secs] 
2022-08-07T09:29:27.661+0000: 29.606: Application time: 0.0375981 seconds
2022-08-07T09:29:27.727+0000: 29.672: Application time: 0.0651710 seconds
{Heap before GC invocations=349 (full 39):
 par new generation   total 19008K, used 18789K [0x00000000c2600000, 0x00000000c3aa0000, 0x00000000d6e00000)
  eden space 16896K, 100% used [0x00000000c2600000, 0x00000000c3680000, 0x00000000c3680000)
  from space 2112K,  89% used [0x00000000c3890000, 0x00000000c3a69600, 0x00000000c3aa0000)
  to   space 2112K,   0% used [0x00000000c3680000, 0x00000000c3680000, 0x00000000c3890000)
 concurrent mark-sweep generation total 82064K, used 49238K [0x00000000d6e00000, 0x00000000dbe24000, 0x0000000100000000)
 Metaspace       used 71172K, capacity 74094K, committed 74264K, reserved 1114112K
  class space    used 9180K, capacity 9741K, committed 9752K, reserved 1048576K
2022-08-07T09:29:27.733+0000: 29.678: [GC (Allocation Failure) 2022-08-07T09:29:27.734+0000: 29.678: [ParNew: 18789K->1685K(19008K), 0.0063403 secs] 68027K->51300K(101072K), 0.0071836 secs] [Times: user=0.01 sys=0.00, real=0.01 secs] 
Heap after GC invocations=350 (full 39):
 par new generation   total 19008K, used 1685K [0x00000000c2600000, 0x00000000c3aa0000, 0x00000000d6e00000)
  eden space 16896K,   0% used [0x00000000c2600000, 0x00000000c2600000, 0x00000000c3680000)
  from space 2112K,  79% used [0x00000000c3680000, 0x00000000c3825568, 0x00000000c3890000)
  to   space 2112K,   0% used [0x00000000c3890000, 0x00000000c3890000, 0x00000000c3aa0000)
 concurrent mark-sweep generation total 82064K, used 49615K [0x00000000d6e00000, 0x00000000dbe24000, 0x0000000100000000)
 Metaspace       used 71172K, capacity 74094K, committed 74264K, reserved 1114112K
  class space    used 9180K, capacity 9741K, committed 9752K, reserved 1048576K
}
2022-08-07T09:29:27.741+0000: 29.686: Application time: 0.0002223 seconds
2022-08-07T09:29:27.742+0000: 29.687: [GC (CMS Initial Mark) [1 CMS-initial-mark: 49615K(82064K)] 51641K(101072K), 0.0031559 secs] [Times: user=0.01 sys=0.01, real=0.00 secs] 
2022-08-07T09:29:27.746+0000: 29.691: [CMS-concurrent-mark-start]
2022-08-07T09:29:27.879+0000: 29.824: [CMS-concurrent-mark: 0.133/0.133 secs] [Times: user=0.32 sys=0.11, real=0.14 secs] 
2022-08-07T09:29:27.881+0000: 29.825: [CMS-concurrent-preclean-start]
2022-08-07T09:29:27.892+0000: 29.837: [CMS-concurrent-preclean: 0.008/0.011 secs] [Times: user=0.02 sys=0.01, real=0.01 secs] 
2022-08-07T09:29:27.892+0000: 29.837: [CMS-concurrent-abortable-preclean-start]
2022-08-07T09:29:27.983+0000: 29.928: Application time: 0.2368043 seconds
{Heap before GC invocations=350 (full 40):
 par new generation   total 19008K, used 18581K [0x00000000c2600000, 0x00000000c3aa0000, 0x00000000d6e00000)
  eden space 16896K, 100% used [0x00000000c2600000, 0x00000000c3680000, 0x00000000c3680000)
  from space 2112K,  79% used [0x00000000c3680000, 0x00000000c3825568, 0x00000000c3890000)
  to   space 2112K,   0% used [0x00000000c3890000, 0x00000000c3890000, 0x00000000c3aa0000)
 concurrent mark-sweep generation total 82064K, used 49615K [0x00000000d6e00000, 0x00000000dbe24000, 0x0000000100000000)
 Metaspace       used 71351K, capacity 74294K, committed 74648K, reserved 1114112K
  class space    used 9189K, capacity 9779K, committed 9880K, reserved 1048576K
2022-08-07T09:29:27.984+0000: 29.928: [GC (Allocation Failure) 2022-08-07T09:29:27.985+0000: 29.929: [ParNew: 18581K->1860K(19008K), 0.0043569 secs] 68196K->51927K(101072K), 0.0056998 secs] [Times: user=0.01 sys=0.00, real=0.01 secs] 
Heap after GC invocations=351 (full 40):
 par new generation   total 19008K, used 1860K [0x00000000c2600000, 0x00000000c3aa0000, 0x00000000d6e00000)
  eden space 16896K,   0% used [0x00000000c2600000, 0x00000000c2600000, 0x00000000c3680000)
  from space 2112K,  88% used [0x00000000c3890000, 0x00000000c3a61300, 0x00000000c3aa0000)
  to   space 2112K,   0% used [0x00000000c3680000, 0x00000000c3680000, 0x00000000c3890000)
 concurrent mark-sweep generation total 82064K, used 50066K [0x00000000d6e00000, 0x00000000dbe24000, 0x0000000100000000)
 Metaspace       used 71351K, capacity 74294K, committed 74648K, reserved 1114112K
  class space    used 9189K, capacity 9779K, committed 9880K, reserved 1048576K
}
2022-08-07T09:29:28.058+0000: 30.002: [CMS-concurrent-abortable-preclean: 0.073/0.165 secs] [Times: user=0.47 sys=0.09, real=0.17 secs] 
2022-08-07T09:29:28.059+0000: 30.004: Application time: 0.0690294 seconds
2022-08-07T09:29:28.059+0000: 30.004: [GC (CMS Final Remark) [YG occupancy: 17388 K (19008 K)]2022-08-07T09:29:28.063+0000: 30.007: [Rescan (parallel) , 0.0093519 secs]2022-08-07T09:29:28.073+0000: 30.018: [weak refs processing, 0.0084051 secs]2022-08-07T09:29:28.083+0000: 30.027: [class unloading, 0.0188109 secs]2022-08-07T09:29:28.102+0000: 30.047: [scrub symbol table, 0.0199051 secs]2022-08-07T09:29:28.122+0000: 30.067: [scrub string table, 0.0012033 secs][1 CMS-remark: 50066K(82064K)] 67455K(101072K), 0.0646016 secs] [Times: user=0.11 sys=0.01, real=0.06 secs] 
2022-08-07T09:29:28.133+0000: 30.077: [CMS-concurrent-sweep-start]
2022-08-07T09:29:28.149+0000: 30.094: Application time: 0.0245951 seconds
{Heap before GC invocations=351 (full 40):
 par new generation   total 19008K, used 18756K [0x00000000c2600000, 0x00000000c3aa0000, 0x00000000d6e00000)
  eden space 16896K, 100% used [0x00000000c2600000, 0x00000000c3680000, 0x00000000c3680000)
  from space 2112K,  88% used [0x00000000c3890000, 0x00000000c3a61300, 0x00000000c3aa0000)
  to   space 2112K,   0% used [0x00000000c3680000, 0x00000000c3680000, 0x00000000c3890000)
 concurrent mark-sweep generation total 82064K, used 50052K [0x00000000d6e00000, 0x00000000dbe24000, 0x0000000100000000)
 Metaspace       used 71476K, capacity 74460K, committed 74648K, reserved 1114112K
  class space    used 9197K, capacity 9784K, committed 9880K, reserved 1048576K
2022-08-07T09:29:28.150+0000: 30.094: [GC (Allocation Failure) 2022-08-07T09:29:28.150+0000: 30.095: [ParNew: 18756K->1841K(19008K), 0.0039225 secs] 68809K->52281K(101072K), 0.0047065 secs] [Times: user=0.01 sys=0.00, real=0.00 secs] 
Heap after GC invocations=352 (full 40):
 par new generation   total 19008K, used 1841K [0x00000000c2600000, 0x00000000c3aa0000, 0x00000000d6e00000)
  eden space 16896K,   0% used [0x00000000c2600000, 0x00000000c2600000, 0x00000000c3680000)
  from space 2112K,  87% used [0x00000000c3680000, 0x00000000c384c4c0, 0x00000000c3890000)
  to   space 2112K,   0% used [0x00000000c3890000, 0x00000000c3890000, 0x00000000c3aa0000)
 concurrent mark-sweep generation total 82064K, used 50440K [0x00000000d6e00000, 0x00000000dbe24000, 0x0000000100000000)
 Metaspace       used 71476K, capacity 74460K, committed 74648K, reserved 1114112K
  class space    used 9197K, capacity 9784K, committed 9880K, reserved 1048576K
}
2022-08-07T09:29:28.164+0000: 30.109: [CMS-concurrent-sweep: 0.026/0.032 secs] [Times: user=0.10 sys=0.01, real=0.03 secs] 
2022-08-07T09:29:28.165+0000: 30.110: [CMS-concurrent-reset-start]
2022-08-07T09:29:28.166+0000: 30.111: [CMS-concurrent-reset: 0.001/0.001 secs] [Times: user=0.00 sys=0.00, real=0.00 secs] 
2022-08-07T09:29:28.232+0000: 30.176: Application time: 0.0766207 seconds
2022-08-07T09:29:28.252+0000: 30.197: Application time: 0.0200393 seconds
{Heap before GC invocations=352 (full 40):
 par new generation   total 19008K, used 18737K [0x00000000c2600000, 0x00000000c3aa0000, 0x00000000d6e00000)
  eden space 16896K, 100% used [0x00000000c2600000, 0x00000000c3680000, 0x00000000c3680000)
  from space 2112K,  87% used [0x00000000c3680000, 0x00000000c384c4c0, 0x00000000c3890000)
  to   space 2112K,   0% used [0x00000000c3890000, 0x00000000c3890000, 0x00000000c3aa0000)
 concurrent mark-sweep generation total 83984K, used 50388K [0x00000000d6e00000, 0x00000000dc004000, 0x0000000100000000)
 Metaspace       used 71609K, capacity 74596K, committed 74904K, reserved 1114112K
  class space    used 9210K, capacity 9786K, committed 9880K, reserved 1048576K
2022-08-07T09:29:28.253+0000: 30.197: [GC (Allocation Failure) 2022-08-07T09:29:28.254+0000: 30.199: [ParNew: 18737K->1918K(19008K), 0.0070934 secs] 69125K->52632K(102992K), 0.0088534 secs] [Times: user=0.02 sys=0.00, real=0.01 secs] 
Heap after GC invocations=353 (full 40):
 par new generation   total 19008K, used 1918K [0x00000000c2600000, 0x00000000c3aa0000, 0x00000000d6e00000)
  eden space 16896K,   0% used [0x00000000c2600000, 0x00000000c2600000, 0x00000000c3680000)
  from space 2112K,  90% used [0x00000000c3890000, 0x00000000c3a6fad8, 0x00000000c3aa0000)
  to   space 2112K,   0% used [0x00000000c3680000, 0x00000000c3680000, 0x00000000c3890000)
 concurrent mark-sweep generation total 83984K, used 50714K [0x00000000d6e00000, 0x00000000dc004000, 0x0000000100000000)
 Metaspace       used 71609K, capacity 74596K, committed 74904K, reserved 1114112K
  class space    used 9210K, capacity 9786K, committed 9880K, reserved 1048576K
}
2022-08-07T09:29:28.262+0000: 30.207: Application time: 0.0002936 seconds
2022-08-07T09:29:28.267+0000: 30.212: [GC (CMS Initial Mark) [1 CMS-initial-mark: 50714K(83984K)] 52988K(102992K), 0.0021104 secs] [Times: user=0.01 sys=0.00, real=0.00 secs] 
2022-08-07T09:29:28.270+0000: 30.215: [CMS-concurrent-mark-start]
2022-08-07T09:29:28.318+0000: 30.262: Application time: 0.0477377 seconds
{Heap before GC invocations=353 (full 41):
 par new generation   total 19008K, used 18814K [0x00000000c2600000, 0x00000000c3aa0000, 0x00000000d6e00000)
  eden space 16896K, 100% used [0x00000000c2600000, 0x00000000c3680000, 0x00000000c3680000)
  from space 2112K,  90% used [0x00000000c3890000, 0x00000000c3a6fad8, 0x00000000c3aa0000)
  to   space 2112K,   0% used [0x00000000c3680000, 0x00000000c3680000, 0x00000000c3890000)
 concurrent mark-sweep generation total 83984K, used 50714K [0x00000000d6e00000, 0x00000000dc004000, 0x0000000100000000)
 Metaspace       used 71670K, capacity 74666K, committed 74904K, reserved 1114112K
  class space    used 9221K, capacity 9787K, committed 9880K, reserved 1048576K
2022-08-07T09:29:28.318+0000: 30.263: [GC (Allocation Failure) 2022-08-07T09:29:28.319+0000: 30.263: [ParNew: 18814K->1321K(19008K), 0.0064440 secs] 69528K->52435K(102992K), 0.0072892 secs] [Times: user=0.02 sys=0.00, real=0.00 secs] 
Heap after GC invocations=354 (full 41):
 par new generation   total 19008K, used 1321K [0x00000000c2600000, 0x00000000c3aa0000, 0x00000000d6e00000)
  eden space 16896K,   0% used [0x00000000c2600000, 0x00000000c2600000, 0x00000000c3680000)
  from space 2112K,  62% used [0x00000000c3680000, 0x00000000c37ca6f0, 0x00000000c3890000)
  to   space 2112K,   0% used [0x00000000c3890000, 0x00000000c3890000, 0x00000000c3aa0000)
 concurrent mark-sweep generation total 83984K, used 51113K [0x00000000d6e00000, 0x00000000dc004000, 0x0000000100000000)
 Metaspace       used 71670K, capacity 74666K, committed 74904K, reserved 1114112K
  class space    used 9221K, capacity 9787K, committed 9880K, reserved 1048576K
}
2022-08-07T09:29:28.359+0000: 30.304: Application time: 0.0329852 seconds
{Heap before GC invocations=354 (full 41):
 par new generation   total 19008K, used 18217K [0x00000000c2600000, 0x00000000c3aa0000, 0x00000000d6e00000)
  eden space 16896K, 100% used [0x00000000c2600000, 0x00000000c3680000, 0x00000000c3680000)
  from space 2112K,  62% used [0x00000000c3680000, 0x00000000c37ca6f0, 0x00000000c3890000)
  to   space 2112K,   0% used [0x00000000c3890000, 0x00000000c3890000, 0x00000000c3aa0000)
 concurrent mark-sweep generation total 83984K, used 51113K [0x00000000d6e00000, 0x00000000dc004000, 0x0000000100000000)
 Metaspace       used 71670K, capacity 74666K, committed 74904K, reserved 1114112K
  class space    used 9221K, capacity 9787K, committed 9880K, reserved 1048576K
2022-08-07T09:29:28.360+0000: 30.305: [GC (Allocation Failure) 2022-08-07T09:29:28.360+0000: 30.305: [ParNew: 18217K->1160K(19008K), 0.0046306 secs] 69331K->52274K(102992K), 0.0053356 secs] [Times: user=0.01 sys=0.00, real=0.00 secs] 
Heap after GC invocations=355 (full 41):
 par new generation   total 19008K, used 1160K [0x00000000c2600000, 0x00000000c3aa0000, 0x00000000d6e00000)
  eden space 16896K,   0% used [0x00000000c2600000, 0x00000000c2600000, 0x00000000c3680000)
  from space 2112K,  54% used [0x00000000c3890000, 0x00000000c39b2370, 0x00000000c3aa0000)
  to   space 2112K,   0% used [0x00000000c3680000, 0x00000000c3680000, 0x00000000c3890000)
 concurrent mark-sweep generation total 83984K, used 51113K [0x00000000d6e00000, 0x00000000dc004000, 0x0000000100000000)
 Metaspace       used 71670K, capacity 74666K, committed 74904K, reserved 1114112K
  class space    used 9221K, capacity 9787K, committed 9880K, reserved 1048576K
}
2022-08-07T09:29:28.385+0000: 30.330: [CMS-concurrent-mark: 0.100/0.115 secs] [Times: user=0.38 sys=0.03, real=0.11 secs] 
2022-08-07T09:29:28.387+0000: 30.331: [CMS-concurrent-preclean-start]
2022-08-07T09:29:28.396+0000: 30.340: Application time: 0.0298670 seconds
{Heap before GC invocations=355 (full 41):
 par new generation   total 19008K, used 18056K [0x00000000c2600000, 0x00000000c3aa0000, 0x00000000d6e00000)
  eden space 16896K, 100% used [0x00000000c2600000, 0x00000000c3680000, 0x00000000c3680000)
  from space 2112K,  54% used [0x00000000c3890000, 0x00000000c39b2370, 0x00000000c3aa0000)
  to   space 2112K,   0% used [0x00000000c3680000, 0x00000000c3680000, 0x00000000c3890000)
 concurrent mark-sweep generation total 83984K, used 51113K [0x00000000d6e00000, 0x00000000dc004000, 0x0000000100000000)
 Metaspace       used 71673K, capacity 74666K, committed 74904K, reserved 1114112K
  class space    used 9221K, capacity 9787K, committed 9880K, reserved 1048576K
2022-08-07T09:29:28.401+0000: 30.346: [GC (Allocation Failure) 2022-08-07T09:29:28.401+0000: 30.346: [ParNew: 18056K->1237K(19008K), 0.0040115 secs] 69170K->52351K(102992K), 0.0047931 secs] [Times: user=0.01 sys=0.00, real=0.00 secs] 
Heap after GC invocations=356 (full 41):
 par new generation   total 19008K, used 1237K [0x00000000c2600000, 0x00000000c3aa0000, 0x00000000d6e00000)
  eden space 16896K,   0% used [0x00000000c2600000, 0x00000000c2600000, 0x00000000c3680000)
  from space 2112K,  58% used [0x00000000c3680000, 0x00000000c37b56c0, 0x00000000c3890000)
  to   space 2112K,   0% used [0x00000000c3890000, 0x00000000c3890000, 0x00000000c3aa0000)
 concurrent mark-sweep generation total 83984K, used 51113K [0x00000000d6e00000, 0x00000000dc004000, 0x0000000100000000)
 Metaspace       used 71673K, capacity 74666K, committed 74904K, reserved 1114112K
  class space    used 9221K, capacity 9787K, committed 9880K, reserved 1048576K
}
2022-08-07T09:29:28.436+0000: 30.381: [CMS-concurrent-preclean: 0.022/0.049 secs] [Times: user=0.09 sys=0.02, real=0.04 secs] 
2022-08-07T09:29:28.438+0000: 30.382: [CMS-concurrent-abortable-preclean-start]
2022-08-07T09:29:28.494+0000: 30.439: Application time: 0.0875354 seconds
{Heap before GC invocations=356 (full 41):
 par new generation   total 19008K, used 18133K [0x00000000c2600000, 0x00000000c3aa0000, 0x00000000d6e00000)
  eden space 16896K, 100% used [0x00000000c2600000, 0x00000000c3680000, 0x00000000c3680000)
  from space 2112K,  58% used [0x00000000c3680000, 0x00000000c37b56c0, 0x00000000c3890000)
  to   space 2112K,   0% used [0x00000000c3890000, 0x00000000c3890000, 0x00000000c3aa0000)
 concurrent mark-sweep generation total 83984K, used 51113K [0x00000000d6e00000, 0x00000000dc004000, 0x0000000100000000)
 Metaspace       used 71674K, capacity 74666K, committed 74904K, reserved 1114112K
  class space    used 9221K, capacity 9787K, committed 9880K, reserved 1048576K
2022-08-07T09:29:28.495+0000: 30.439: [GC (Allocation Failure) 2022-08-07T09:29:28.496+0000: 30.440: [ParNew: 18133K->1260K(19008K), 0.0057621 secs] 69247K->52373K(102992K), 0.0070736 secs] [Times: user=0.02 sys=0.01, real=0.01 secs] 
Heap after GC invocations=357 (full 41):
 par new generation   total 19008K, used 1260K [0x00000000c2600000, 0x00000000c3aa0000, 0x00000000d6e00000)
  eden space 16896K,   0% used [0x00000000c2600000, 0x00000000c2600000, 0x00000000c3680000)
  from space 2112K,  59% used [0x00000000c3890000, 0x00000000c39cb180, 0x00000000c3aa0000)
  to   space 2112K,   0% used [0x00000000c3680000, 0x00000000c3680000, 0x00000000c3890000)
 concurrent mark-sweep generation total 83984K, used 51113K [0x00000000d6e00000, 0x00000000dc004000, 0x0000000100000000)
 Metaspace       used 71674K, capacity 74666K, committed 74904K, reserved 1114112K
  class space    used 9221K, capacity 9787K, committed 9880K, reserved 1048576K
}
2022-08-07T09:29:28.503+0000: 30.448: [CMS-concurrent-abortable-preclean: 0.026/0.065 secs] [Times: user=0.16 sys=0.02, real=0.06 secs] 
2022-08-07T09:29:28.503+0000: 30.448: Application time: 0.0007257 seconds
2022-08-07T09:29:28.509+0000: 30.454: [GC (CMS Final Remark) [YG occupancy: 1622 K (19008 K)]2022-08-07T09:29:28.509+0000: 30.454: [Rescan (parallel) , 0.0026457 secs]2022-08-07T09:29:28.512+0000: 30.457: [weak refs processing, 0.0004671 secs]2022-08-07T09:29:28.513+0000: 30.458: [class unloading, 0.0156104 secs]2022-08-07T09:29:28.529+0000: 30.474: [scrub symbol table, 0.0135865 secs]2022-08-07T09:29:28.543+0000: 30.488: [scrub string table, 0.0013318 secs][1 CMS-remark: 51113K(83984K)] 52735K(102992K), 0.0361957 secs] [Times: user=0.03 sys=0.00, real=0.03 secs] 
2022-08-07T09:29:28.546+0000: 30.491: [CMS-concurrent-sweep-start]
2022-08-07T09:29:28.569+0000: 30.514: [CMS-concurrent-sweep: 0.023/0.023 secs] [Times: user=0.09 sys=0.01, real=0.03 secs] 
2022-08-07T09:29:28.570+0000: 30.515: [CMS-concurrent-reset-start]
2022-08-07T09:29:28.571+0000: 30.516: [CMS-concurrent-reset: 0.001/0.001 secs] [Times: user=0.00 sys=0.00, real=0.00 secs] 
2022-08-07T09:29:28.579+0000: 30.523: Application time: 0.0325538 seconds
{Heap before GC invocations=357 (full 41):
 par new generation   total 19008K, used 18156K [0x00000000c2600000, 0x00000000c3aa0000, 0x00000000d6e00000)
  eden space 16896K, 100% used [0x00000000c2600000, 0x00000000c3680000, 0x00000000c3680000)
  from space 2112K,  59% used [0x00000000c3890000, 0x00000000c39cb180, 0x00000000c3aa0000)
  to   space 2112K,   0% used [0x00000000c3680000, 0x00000000c3680000, 0x00000000c3890000)
 concurrent mark-sweep generation total 84784K, used 50869K [0x00000000d6e00000, 0x00000000dc0cc000, 0x0000000100000000)
 Metaspace       used 71629K, capacity 74536K, committed 74904K, reserved 1114112K
  class space    used 9211K, capacity 9766K, committed 9880K, reserved 1048576K
2022-08-07T09:29:28.579+0000: 30.524: [GC (Allocation Failure) 2022-08-07T09:29:28.580+0000: 30.525: [ParNew: 18156K->1331K(19008K), 0.0029924 secs] 69026K->52200K(103792K), 0.0038795 secs] [Times: user=0.01 sys=0.01, real=0.00 secs] 
Heap after GC invocations=358 (full 41):
 par new generation   total 19008K, used 1331K [0x00000000c2600000, 0x00000000c3aa0000, 0x00000000d6e00000)
  eden space 16896K,   0% used [0x00000000c2600000, 0x00000000c2600000, 0x00000000c3680000)
  from space 2112K,  63% used [0x00000000c3680000, 0x00000000c37cccd0, 0x00000000c3890000)
  to   space 2112K,   0% used [0x00000000c3890000, 0x00000000c3890000, 0x00000000c3aa0000)
 concurrent mark-sweep generation total 84784K, used 50869K [0x00000000d6e00000, 0x00000000dc0cc000, 0x0000000100000000)
 Metaspace       used 71629K, capacity 74536K, committed 74904K, reserved 1114112K
  class space    used 9211K, capacity 9766K, committed 9880K, reserved 1048576K
}
2022-08-07T09:29:28.631+0000: 30.575: Application time: 0.0466781 seconds
{Heap before GC invocations=358 (full 41):
 par new generation   total 19008K, used 18227K [0x00000000c2600000, 0x00000000c3aa0000, 0x00000000d6e00000)
  eden space 16896K, 100% used [0x00000000c2600000, 0x00000000c3680000, 0x00000000c3680000)
  from space 2112K,  63% used [0x00000000c3680000, 0x00000000c37cccd0, 0x00000000c3890000)
  to   space 2112K,   0% used [0x00000000c3890000, 0x00000000c3890000, 0x00000000c3aa0000)
 concurrent mark-sweep generation total 84784K, used 50869K [0x00000000d6e00000, 0x00000000dc0cc000, 0x0000000100000000)
 Metaspace       used 71691K, capacity 74646K, committed 74904K, reserved 1114112K
  class space    used 9219K, capacity 9801K, committed 9880K, reserved 1048576K
2022-08-07T09:29:28.632+0000: 30.577: [GC (Allocation Failure) 2022-08-07T09:29:28.632+0000: 30.577: [ParNew: 18227K->1502K(19008K), 0.0030248 secs] 69096K->52372K(103792K), 0.0037450 secs] [Times: user=0.01 sys=0.00, real=0.00 secs] 
Heap after GC invocations=359 (full 41):
 par new generation   total 19008K, used 1502K [0x00000000c2600000, 0x00000000c3aa0000, 0x00000000d6e00000)
  eden space 16896K,   0% used [0x00000000c2600000, 0x00000000c2600000, 0x00000000c3680000)
  from space 2112K,  71% used [0x00000000c3890000, 0x00000000c3a07b70, 0x00000000c3aa0000)
  to   space 2112K,   0% used [0x00000000c3680000, 0x00000000c3680000, 0x00000000c3890000)
 concurrent mark-sweep generation total 84784K, used 50869K [0x00000000d6e00000, 0x00000000dc0cc000, 0x0000000100000000)
 Metaspace       used 71691K, capacity 74646K, committed 74904K, reserved 1114112K
  class space    used 9219K, capacity 9801K, committed 9880K, reserved 1048576K
}
2022-08-07T09:29:28.685+0000: 30.630: Application time: 0.0491131 seconds
{Heap before GC invocations=359 (full 41):
 par new generation   total 19008K, used 18398K [0x00000000c2600000, 0x00000000c3aa0000, 0x00000000d6e00000)
  eden space 16896K,  99% used [0x00000000c2600000, 0x00000000c367fe68, 0x00000000c3680000)
  from space 2112K,  71% used [0x00000000c3890000, 0x00000000c3a07b70, 0x00000000c3aa0000)
  to   space 2112K,   0% used [0x00000000c3680000, 0x00000000c3680000, 0x00000000c3890000)
 concurrent mark-sweep generation total 84784K, used 50869K [0x00000000d6e00000, 0x00000000dc0cc000, 0x0000000100000000)
 Metaspace       used 71694K, capacity 74646K, committed 74904K, reserved 1114112K
  class space    used 9219K, capacity 9801K, committed 9880K, reserved 1048576K
2022-08-07T09:29:28.686+0000: 30.631: [GC (Allocation Failure) 2022-08-07T09:29:28.687+0000: 30.632: [ParNew: 18398K->1121K(19008K), 0.0044932 secs] 69268K->52376K(103792K), 0.0054394 secs] [Times: user=0.02 sys=0.00, real=0.01 secs] 
Heap after GC invocations=360 (full 41):
 par new generation   total 19008K, used 1121K [0x00000000c2600000, 0x00000000c3aa0000, 0x00000000d6e00000)
  eden space 16896K,   0% used [0x00000000c2600000, 0x00000000c2600000, 0x00000000c3680000)
  from space 2112K,  53% used [0x00000000c3680000, 0x00000000c37987b8, 0x00000000c3890000)
  to   space 2112K,   0% used [0x00000000c3890000, 0x00000000c3890000, 0x00000000c3aa0000)
 concurrent mark-sweep generation total 84784K, used 51255K [0x00000000d6e00000, 0x00000000dc0cc000, 0x0000000100000000)
 Metaspace       used 71694K, capacity 74646K, committed 74904K, reserved 1114112K
  class space    used 9219K, capacity 9801K, committed 9880K, reserved 1048576K
}
2022-08-07T09:29:28.695+0000: 30.640: Application time: 0.0020367 seconds
2022-08-07T09:29:28.702+0000: 30.647: [GC (CMS Initial Mark) [1 CMS-initial-mark: 51255K(84784K)] 52739K(103792K), 0.0030776 secs] [Times: user=0.00 sys=0.00, real=0.00 secs] 
2022-08-07T09:29:28.706+0000: 30.650: [CMS-concurrent-mark-start]
2022-08-07T09:29:28.802+0000: 30.747: Application time: 0.0966783 seconds
{Heap before GC invocations=360 (full 42):
 par new generation   total 19008K, used 18017K [0x00000000c2600000, 0x00000000c3aa0000, 0x00000000d6e00000)
  eden space 16896K, 100% used [0x00000000c2600000, 0x00000000c3680000, 0x00000000c3680000)
  from space 2112K,  53% used [0x00000000c3680000, 0x00000000c37987b8, 0x00000000c3890000)
  to   space 2112K,   0% used [0x00000000c3890000, 0x00000000c3890000, 0x00000000c3aa0000)
 concurrent mark-sweep generation total 84784K, used 51255K [0x00000000d6e00000, 0x00000000dc0cc000, 0x0000000100000000)
 Metaspace       used 71713K, capacity 74646K, committed 74904K, reserved 1114112K
  class space    used 9220K, capacity 9801K, committed 9880K, reserved 1048576K
2022-08-07T09:29:28.802+0000: 30.747: [GC (Allocation Failure) 2022-08-07T09:29:28.803+0000: 30.748: [ParNew: 18017K->1284K(19008K), 0.0046361 secs] 69272K->52539K(103792K), 0.0057076 secs] [Times: user=0.02 sys=0.00, real=0.01 secs] 
Heap after GC invocations=361 (full 42):
 par new generation   total 19008K, used 1284K [0x00000000c2600000, 0x00000000c3aa0000, 0x00000000d6e00000)
  eden space 16896K,   0% used [0x00000000c2600000, 0x00000000c2600000, 0x00000000c3680000)
  from space 2112K,  60% used [0x00000000c3890000, 0x00000000c39d13a8, 0x00000000c3aa0000)
  to   space 2112K,   0% used [0x00000000c3680000, 0x00000000c3680000, 0x00000000c3890000)
 concurrent mark-sweep generation total 84784K, used 51255K [0x00000000d6e00000, 0x00000000dc0cc000, 0x0000000100000000)
 Metaspace       used 71713K, capacity 74646K, committed 74904K, reserved 1114112K
  class space    used 9220K, capacity 9801K, committed 9880K, reserved 1048576K
}
2022-08-07T09:29:28.831+0000: 30.776: [CMS-concurrent-mark: 0.118/0.126 secs] [Times: user=0.28 sys=0.08, real=0.13 secs] 
2022-08-07T09:29:28.832+0000: 30.776: [CMS-concurrent-preclean-start]
2022-08-07T09:29:28.860+0000: 30.805: [CMS-concurrent-preclean: 0.017/0.028 secs] [Times: user=0.05 sys=0.04, real=0.03 secs] 
2022-08-07T09:29:28.860+0000: 30.805: [CMS-concurrent-abortable-preclean-start]
2022-08-07T09:29:28.872+0000: 30.817: Application time: 0.0630258 seconds
{Heap before GC invocations=361 (full 42):
 par new generation   total 19008K, used 18180K [0x00000000c2600000, 0x00000000c3aa0000, 0x00000000d6e00000)
  eden space 16896K, 100% used [0x00000000c2600000, 0x00000000c3680000, 0x00000000c3680000)
  from space 2112K,  60% used [0x00000000c3890000, 0x00000000c39d13a8, 0x00000000c3aa0000)
  to   space 2112K,   0% used [0x00000000c3680000, 0x00000000c3680000, 0x00000000c3890000)
 concurrent mark-sweep generation total 84784K, used 51255K [0x00000000d6e00000, 0x00000000dc0cc000, 0x0000000100000000)
 Metaspace       used 71753K, capacity 74710K, committed 74904K, reserved 1114112K
  class space    used 9234K, capacity 9801K, committed 9880K, reserved 1048576K
2022-08-07T09:29:28.872+0000: 30.817: [GC (Allocation Failure) 2022-08-07T09:29:28.873+0000: 30.818: [ParNew: 18180K->1289K(19008K), 0.0056081 secs] 69435K->52803K(103792K), 0.0065156 secs] [Times: user=0.01 sys=0.00, real=0.01 secs] 
Heap after GC invocations=362 (full 42):
 par new generation   total 19008K, used 1289K [0x00000000c2600000, 0x00000000c3aa0000, 0x00000000d6e00000)
  eden space 16896K,   0% used [0x00000000c2600000, 0x00000000c2600000, 0x00000000c3680000)
  from space 2112K,  61% used [0x00000000c3680000, 0x00000000c37c26e8, 0x00000000c3890000)
  to   space 2112K,   0% used [0x00000000c3890000, 0x00000000c3890000, 0x00000000c3aa0000)
 concurrent mark-sweep generation total 84784K, used 51513K [0x00000000d6e00000, 0x00000000dc0cc000, 0x0000000100000000)
 Metaspace       used 71753K, capacity 74710K, committed 74904K, reserved 1114112K
  class space    used 9234K, capacity 9801K, committed 9880K, reserved 1048576K
}
2022-08-07T09:29:28.962+0000: 30.907: Application time: 0.0824955 seconds
{Heap before GC invocations=362 (full 42):
 par new generation   total 19008K, used 18185K [0x00000000c2600000, 0x00000000c3aa0000, 0x00000000d6e00000)
  eden space 16896K, 100% used [0x00000000c2600000, 0x00000000c3680000, 0x00000000c3680000)
  from space 2112K,  61% used [0x00000000c3680000, 0x00000000c37c26e8, 0x00000000c3890000)
  to   space 2112K,   0% used [0x00000000c3890000, 0x00000000c3890000, 0x00000000c3aa0000)
 concurrent mark-sweep generation total 84784K, used 51513K [0x00000000d6e00000, 0x00000000dc0cc000, 0x0000000100000000)
 Metaspace       used 71950K, capacity 74874K, committed 75160K, reserved 1114112K
  class space    used 9262K, capacity 9835K, committed 9880K, reserved 1048576K
2022-08-07T09:29:28.963+0000: 30.908: [GC (Allocation Failure) 2022-08-07T09:29:28.964+0000: 30.908: [ParNew: 18185K->1079K(19008K), 0.0035810 secs] 69699K->52650K(103792K), 0.0042520 secs] [Times: user=0.01 sys=0.00, real=0.01 secs] 
Heap after GC invocations=363 (full 42):
 par new generation   total 19008K, used 1079K [0x00000000c2600000, 0x00000000c3aa0000, 0x00000000d6e00000)
  eden space 16896K,   0% used [0x00000000c2600000, 0x00000000c2600000, 0x00000000c3680000)
  from space 2112K,  51% used [0x00000000c3890000, 0x00000000c399dfc8, 0x00000000c3aa0000)
  to   space 2112K,   0% used [0x00000000c3680000, 0x00000000c3680000, 0x00000000c3890000)
 concurrent mark-sweep generation total 84784K, used 51570K [0x00000000d6e00000, 0x00000000dc0cc000, 0x0000000100000000)
 Metaspace       used 71950K, capacity 74874K, committed 75160K, reserved 1114112K
  class space    used 9262K, capacity 9835K, committed 9880K, reserved 1048576K
}
2022-08-07T09:29:29.026+0000: 30.971: [CMS-concurrent-abortable-preclean: 0.053/0.166 secs] [Times: user=0.41 sys=0.11, real=0.16 secs] 
2022-08-07T09:29:29.027+0000: 30.971: Application time: 0.0584477 seconds
2022-08-07T09:29:29.027+0000: 30.972: [GC (CMS Final Remark) [YG occupancy: 17975 K (19008 K)]2022-08-07T09:29:29.028+0000: 30.973: [Rescan (parallel) , 0.0220274 secs]2022-08-07T09:29:29.050+0000: 30.995: [weak refs processing, 0.0004258 secs]2022-08-07T09:29:29.051+0000: 30.996: [class unloading, 0.0156708 secs]2022-08-07T09:29:29.067+0000: 31.012: [scrub symbol table, 0.0160283 secs]2022-08-07T09:29:29.084+0000: 31.029: [scrub string table, 0.0013325 secs][1 CMS-remark: 51570K(84784K)] 69546K(103792K), 0.0583823 secs] [Times: user=0.15 sys=0.00, real=0.05 secs] 
2022-08-07T09:29:29.087+0000: 31.032: [CMS-concurrent-sweep-start]
2022-08-07T09:29:29.091+0000: 31.035: Application time: 0.0039817 seconds
{Heap before GC invocations=363 (full 42):
 par new generation   total 19008K, used 17975K [0x00000000c2600000, 0x00000000c3aa0000, 0x00000000d6e00000)
  eden space 16896K, 100% used [0x00000000c2600000, 0x00000000c3680000, 0x00000000c3680000)
  from space 2112K,  51% used [0x00000000c3890000, 0x00000000c399dfc8, 0x00000000c3aa0000)
  to   space 2112K,   0% used [0x00000000c3680000, 0x00000000c3680000, 0x00000000c3890000)
 concurrent mark-sweep generation total 84784K, used 51570K [0x00000000d6e00000, 0x00000000dc0cc000, 0x0000000100000000)
 Metaspace       used 72206K, capacity 75186K, committed 75544K, reserved 1114112K
  class space    used 9290K, capacity 9871K, committed 10008K, reserved 1048576K
2022-08-07T09:29:29.091+0000: 31.036: [GC (Allocation Failure) 2022-08-07T09:29:29.091+0000: 31.036: [ParNew: 17975K->978K(19008K), 0.0053677 secs] 69546K->52618K(103792K), 0.0059568 secs] [Times: user=0.01 sys=0.00, real=0.01 secs] 
Heap after GC invocations=364 (full 42):
 par new generation   total 19008K, used 978K [0x00000000c2600000, 0x00000000c3aa0000, 0x00000000d6e00000)
  eden space 16896K,   0% used [0x00000000c2600000, 0x00000000c2600000, 0x00000000c3680000)
  from space 2112K,  46% used [0x00000000c3680000, 0x00000000c3774978, 0x00000000c3890000)
  to   space 2112K,   0% used [0x00000000c3890000, 0x00000000c3890000, 0x00000000c3aa0000)
 concurrent mark-sweep generation total 84784K, used 51640K [0x00000000d6e00000, 0x00000000dc0cc000, 0x0000000100000000)
 Metaspace       used 72206K, capacity 75186K, committed 75544K, reserved 1114112K
  class space    used 9290K, capacity 9871K, committed 10008K, reserved 1048576K
}
2022-08-07T09:29:29.116+0000: 31.061: [CMS-concurrent-sweep: 0.022/0.029 secs] [Times: user=0.10 sys=0.01, real=0.02 secs] 
2022-08-07T09:29:29.117+0000: 31.062: [CMS-concurrent-reset-start]
2022-08-07T09:29:29.118+0000: 31.063: [CMS-concurrent-reset: 0.001/0.001 secs] [Times: user=0.00 sys=0.00, real=0.00 secs] 
2022-08-07T09:29:29.185+0000: 31.130: Application time: 0.0876291 seconds
2022-08-07T09:29:29.186+0000: 31.131: Application time: 0.0001369 seconds
2022-08-07T09:29:29.186+0000: 31.131: Application time: 0.0001233 seconds
2022-08-07T09:29:29.187+0000: 31.131: Application time: 0.0001348 seconds
2022-08-07T09:29:29.187+0000: 31.132: Application time: 0.0001309 seconds
2022-08-07T09:29:29.200+0000: 31.145: Application time: 0.0127384 seconds
2022-08-07T09:29:29.201+0000: 31.145: Application time: 0.0002063 seconds
2022-08-07T09:29:29.201+0000: 31.146: Application time: 0.0002166 seconds
2022-08-07T09:29:29.202+0000: 31.146: Application time: 0.0002317 seconds
2022-08-07T09:29:29.202+0000: 31.147: Application time: 0.0003591 seconds
2022-08-07T09:29:29.204+0000: 31.149: Application time: 0.0013844 seconds
2022-08-07T09:29:29.206+0000: 31.151: Application time: 0.0015570 seconds
2022-08-07T09:29:29.206+0000: 31.151: Application time: 0.0001963 seconds
2022-08-07T09:29:29.207+0000: 31.151: Application time: 0.0002473 seconds
2022-08-07T09:29:29.210+0000: 31.155: Application time: 0.0027483 seconds
2022-08-07T09:29:29.246+0000: 31.190: Application time: 0.0353431 seconds
{Heap before GC invocations=364 (full 42):
 par new generation   total 19008K, used 17874K [0x00000000c2600000, 0x00000000c3aa0000, 0x00000000d6e00000)
  eden space 16896K, 100% used [0x00000000c2600000, 0x00000000c3680000, 0x00000000c3680000)
  from space 2112K,  46% used [0x00000000c3680000, 0x00000000c3774978, 0x00000000c3890000)
  to   space 2112K,   0% used [0x00000000c3890000, 0x00000000c3890000, 0x00000000c3aa0000)
 concurrent mark-sweep generation total 85996K, used 51596K [0x00000000d6e00000, 0x00000000dc1fb000, 0x0000000100000000)
 Metaspace       used 72465K, capacity 75412K, committed 75800K, reserved 1116160K
  class space    used 9323K, capacity 9880K, committed 10008K, reserved 1048576K
2022-08-07T09:29:29.248+0000: 31.192: [GC (Allocation Failure) 2022-08-07T09:29:29.248+0000: 31.193: [ParNew: 17874K->1725K(19008K), 0.0188264 secs] 69470K->53373K(105004K), 0.0201400 secs] [Times: user=0.03 sys=0.01, real=0.02 secs] 
Heap after GC invocations=365 (full 42):
 par new generation   total 19008K, used 1725K [0x00000000c2600000, 0x00000000c3aa0000, 0x00000000d6e00000)
  eden space 16896K,   0% used [0x00000000c2600000, 0x00000000c2600000, 0x00000000c3680000)
  from space 2112K,  81% used [0x00000000c3890000, 0x00000000c3a3f4f8, 0x00000000c3aa0000)
  to   space 2112K,   0% used [0x00000000c3680000, 0x00000000c3680000, 0x00000000c3890000)
 concurrent mark-sweep generation total 85996K, used 51647K [0x00000000d6e00000, 0x00000000dc1fb000, 0x0000000100000000)
 Metaspace       used 72465K, capacity 75412K, committed 75800K, reserved 1116160K
  class space    used 9323K, capacity 9880K, committed 10008K, reserved 1048576K
}
2022-08-07T09:29:29.270+0000: 31.215: Application time: 0.0010296 seconds
2022-08-07T09:29:29.270+0000: 31.215: [GC (CMS Initial Mark) [1 CMS-initial-mark: 51647K(85996K)] 53397K(105004K), 0.0049229 secs] [Times: user=0.01 sys=0.00, real=0.00 secs] 
2022-08-07T09:29:29.276+0000: 31.221: [CMS-concurrent-mark-start]
2022-08-07T09:29:29.320+0000: 31.265: Application time: 0.0437123 seconds
2022-08-07T09:29:29.375+0000: 31.319: [CMS-concurrent-mark: 0.097/0.098 secs] [Times: user=0.32 sys=0.02, real=0.10 secs] 
2022-08-07T09:29:29.375+0000: 31.320: [CMS-concurrent-preclean-start]
2022-08-07T09:29:29.383+0000: 31.328: Application time: 0.0631900 seconds
{Heap before GC invocations=365 (full 43):
 par new generation   total 19008K, used 18621K [0x00000000c2600000, 0x00000000c3aa0000, 0x00000000d6e00000)
  eden space 16896K, 100% used [0x00000000c2600000, 0x00000000c3680000, 0x00000000c3680000)
  from space 2112K,  81% used [0x00000000c3890000, 0x00000000c3a3f4f8, 0x00000000c3aa0000)
  to   space 2112K,   0% used [0x00000000c3680000, 0x00000000c3680000, 0x00000000c3890000)
 concurrent mark-sweep generation total 85996K, used 51647K [0x00000000d6e00000, 0x00000000dc1fb000, 0x0000000100000000)
 Metaspace       used 72753K, capacity 75758K, committed 76056K, reserved 1116160K
  class space    used 9368K, capacity 9949K, committed 10008K, reserved 1048576K
2022-08-07T09:29:29.384+0000: 31.329: [GC (Allocation Failure) 2022-08-07T09:29:29.384+0000: 31.329: [ParNew: 18621K->1608K(19008K), 0.0082731 secs] 70269K->53572K(105004K), 0.0093294 secs] [Times: user=0.02 sys=0.00, real=0.01 secs] 
Heap after GC invocations=366 (full 43):
 par new generation   total 19008K, used 1608K [0x00000000c2600000, 0x00000000c3aa0000, 0x00000000d6e00000)
  eden space 16896K,   0% used [0x00000000c2600000, 0x00000000c2600000, 0x00000000c3680000)
  from space 2112K,  76% used [0x00000000c3680000, 0x00000000c3812270, 0x00000000c3890000)
  to   space 2112K,   0% used [0x00000000c3890000, 0x00000000c3890000, 0x00000000c3aa0000)
 concurrent mark-sweep generation total 85996K, used 51963K [0x00000000d6e00000, 0x00000000dc1fb000, 0x0000000100000000)
 Metaspace       used 72753K, capacity 75758K, committed 76056K, reserved 1116160K
  class space    used 9368K, capacity 9949K, committed 10008K, reserved 1048576K
}
2022-08-07T09:29:29.394+0000: 31.339: [CMS-concurrent-preclean: 0.005/0.019 secs] [Times: user=0.05 sys=0.01, real=0.02 secs] 
2022-08-07T09:29:29.395+0000: 31.339: Application time: 0.0009526 seconds
2022-08-07T09:29:29.395+0000: 31.340: [GC (CMS Final Remark) [YG occupancy: 1633 K (19008 K)]2022-08-07T09:29:29.395+0000: 31.340: [Rescan (parallel) , 0.0046874 secs]2022-08-07T09:29:29.400+0000: 31.345: [weak refs processing, 0.0004065 secs]2022-08-07T09:29:29.401+0000: 31.346: [class unloading, 0.0229034 secs]2022-08-07T09:29:29.425+0000: 31.370: [scrub symbol table, 0.0173242 secs]2022-08-07T09:29:29.443+0000: 31.387: [scrub string table, 0.0013707 secs][1 CMS-remark: 51963K(85996K)] 53596K(105004K), 0.0492493 secs] [Times: user=0.09 sys=0.00, real=0.05 secs] 
2022-08-07T09:29:29.445+0000: 31.390: [CMS-concurrent-sweep-start]
2022-08-07T09:29:29.468+0000: 31.413: [CMS-concurrent-sweep: 0.023/0.023 secs] [Times: user=0.05 sys=0.01, real=0.03 secs] 
2022-08-07T09:29:29.468+0000: 31.413: [CMS-concurrent-reset-start]
2022-08-07T09:29:29.469+0000: 31.414: [CMS-concurrent-reset: 0.001/0.001 secs] [Times: user=0.01 sys=0.00, real=0.00 secs] 
2022-08-07T09:29:29.499+0000: 31.443: Application time: 0.0536157 seconds
{Heap before GC invocations=366 (full 43):
 par new generation   total 19008K, used 18504K [0x00000000c2600000, 0x00000000c3aa0000, 0x00000000d6e00000)
  eden space 16896K, 100% used [0x00000000c2600000, 0x00000000c3680000, 0x00000000c3680000)
  from space 2112K,  76% used [0x00000000c3680000, 0x00000000c3812270, 0x00000000c3890000)
  to   space 2112K,   0% used [0x00000000c3890000, 0x00000000c3890000, 0x00000000c3aa0000)
 concurrent mark-sweep generation total 86440K, used 51863K [0x00000000d6e00000, 0x00000000dc26a000, 0x0000000100000000)
 Metaspace       used 72747K, capacity 75710K, committed 76056K, reserved 1116160K
  class space    used 9366K, capacity 9941K, committed 10008K, reserved 1048576K
2022-08-07T09:29:29.499+0000: 31.444: [GC (Allocation Failure) 2022-08-07T09:29:29.499+0000: 31.444: [ParNew: 18504K->1645K(19008K), 0.0065859 secs] 70367K->53759K(105448K), 0.0074217 secs] [Times: user=0.02 sys=0.00, real=0.01 secs] 
Heap after GC invocations=367 (full 43):
 par new generation   total 19008K, used 1645K [0x00000000c2600000, 0x00000000c3aa0000, 0x00000000d6e00000)
  eden space 16896K,   0% used [0x00000000c2600000, 0x00000000c2600000, 0x00000000c3680000)
  from space 2112K,  77% used [0x00000000c3890000, 0x00000000c3a2b558, 0x00000000c3aa0000)
  to   space 2112K,   0% used [0x00000000c3680000, 0x00000000c3680000, 0x00000000c3890000)
 concurrent mark-sweep generation total 86440K, used 52113K [0x00000000d6e00000, 0x00000000dc26a000, 0x0000000100000000)
 Metaspace       used 72747K, capacity 75710K, committed 76056K, reserved 1116160K
  class space    used 9366K, capacity 9941K, committed 10008K, reserved 1048576K
}
2022-08-07T09:29:29.508+0000: 31.452: Application time: 0.0006820 seconds
2022-08-07T09:29:29.508+0000: 31.453: [GC (CMS Initial Mark) [1 CMS-initial-mark: 52113K(86440K)] 53783K(105448K), 0.0028716 secs] [Times: user=0.01 sys=0.00, real=0.00 secs] 
2022-08-07T09:29:29.512+0000: 31.456: [CMS-concurrent-mark-start]
2022-08-07T09:29:29.572+0000: 31.517: Application time: 0.0604672 seconds
{Heap before GC invocations=367 (full 44):
 par new generation   total 19008K, used 18541K [0x00000000c2600000, 0x00000000c3aa0000, 0x00000000d6e00000)
  eden space 16896K, 100% used [0x00000000c2600000, 0x00000000c3680000, 0x00000000c3680000)
  from space 2112K,  77% used [0x00000000c3890000, 0x00000000c3a2b558, 0x00000000c3aa0000)
  to   space 2112K,   0% used [0x00000000c3680000, 0x00000000c3680000, 0x00000000c3890000)
 concurrent mark-sweep generation total 86440K, used 52113K [0x00000000d6e00000, 0x00000000dc26a000, 0x0000000100000000)
 Metaspace       used 72781K, capacity 75744K, committed 76056K, reserved 1116160K
  class space    used 9369K, capacity 9946K, committed 10008K, reserved 1048576K
2022-08-07T09:29:29.572+0000: 31.517: [GC (Allocation Failure) 2022-08-07T09:29:29.573+0000: 31.518: [ParNew: 18541K->1229K(19008K), 0.0044728 secs] 70655K->53343K(105448K), 0.0053787 secs] [Times: user=0.02 sys=0.00, real=0.01 secs] 
Heap after GC invocations=368 (full 44):
 par new generation   total 19008K, used 1229K [0x00000000c2600000, 0x00000000c3aa0000, 0x00000000d6e00000)
  eden space 16896K,   0% used [0x00000000c2600000, 0x00000000c2600000, 0x00000000c3680000)
  from space 2112K,  58% used [0x00000000c3680000, 0x00000000c37b35f8, 0x00000000c3890000)
  to   space 2112K,   0% used [0x00000000c3890000, 0x00000000c3890000, 0x00000000c3aa0000)
 concurrent mark-sweep generation total 86440K, used 52113K [0x00000000d6e00000, 0x00000000dc26a000, 0x0000000100000000)
 Metaspace       used 72781K, capacity 75744K, committed 76056K, reserved 1116160K
  class space    used 9369K, capacity 9946K, committed 10008K, reserved 1048576K
}
2022-08-07T09:29:29.608+0000: 31.552: Application time: 0.0293484 seconds
2022-08-07T09:29:29.612+0000: 31.557: [CMS-concurrent-mark: 0.094/0.100 secs] [Times: user=0.34 sys=0.04, real=0.10 secs] 
2022-08-07T09:29:29.613+0000: 31.557: Application time: 0.0047546 seconds
2022-08-07T09:29:29.613+0000: 31.558: [CMS-concurrent-preclean-start]
2022-08-07T09:29:29.613+0000: 31.558: Application time: 0.0002992 seconds
2022-08-07T09:29:29.614+0000: 31.559: Application time: 0.0002259 seconds
2022-08-07T09:29:29.615+0000: 31.559: Application time: 0.0003223 seconds
2022-08-07T09:29:29.615+0000: 31.560: Application time: 0.0004558 seconds
2022-08-07T09:29:29.616+0000: 31.561: Application time: 0.0003567 seconds
2022-08-07T09:29:29.616+0000: 31.561: Application time: 0.0002397 seconds
2022-08-07T09:29:29.617+0000: 31.562: Application time: 0.0002087 seconds
2022-08-07T09:29:29.617+0000: 31.562: Application time: 0.0001795 seconds
2022-08-07T09:29:29.618+0000: 31.562: Application time: 0.0002443 seconds
2022-08-07T09:29:29.637+0000: 31.582: Application time: 0.0193196 seconds
{Heap before GC invocations=368 (full 44):
 par new generation   total 19008K, used 18125K [0x00000000c2600000, 0x00000000c3aa0000, 0x00000000d6e00000)
  eden space 16896K, 100% used [0x00000000c2600000, 0x00000000c3680000, 0x00000000c3680000)
  from space 2112K,  58% used [0x00000000c3680000, 0x00000000c37b35f8, 0x00000000c3890000)
  to   space 2112K,   0% used [0x00000000c3890000, 0x00000000c3890000, 0x00000000c3aa0000)
 concurrent mark-sweep generation total 86440K, used 52113K [0x00000000d6e00000, 0x00000000dc26a000, 0x0000000100000000)
 Metaspace       used 72864K, capacity 75950K, committed 76056K, reserved 1116160K
  class space    used 9386K, capacity 9971K, committed 10008K, reserved 1048576K
2022-08-07T09:29:29.638+0000: 31.582: [GC (Allocation Failure) 2022-08-07T09:29:29.638+0000: 31.583: [ParNew: 18125K->1381K(19008K), 0.0061575 secs] 70239K->53495K(105448K), 0.0071802 secs] [Times: user=0.02 sys=0.01, real=0.00 secs] 
Heap after GC invocations=369 (full 44):
 par new generation   total 19008K, used 1381K [0x00000000c2600000, 0x00000000c3aa0000, 0x00000000d6e00000)
  eden space 16896K,   0% used [0x00000000c2600000, 0x00000000c2600000, 0x00000000c3680000)
  from space 2112K,  65% used [0x00000000c3890000, 0x00000000c39e96a0, 0x00000000c3aa0000)
  to   space 2112K,   0% used [0x00000000c3680000, 0x00000000c3680000, 0x00000000c3890000)
 concurrent mark-sweep generation total 86440K, used 52113K [0x00000000d6e00000, 0x00000000dc26a000, 0x0000000100000000)
 Metaspace       used 72864K, capacity 75950K, committed 76056K, reserved 1116160K
  class space    used 9386K, capacity 9971K, committed 10008K, reserved 1048576K
}
2022-08-07T09:29:29.646+0000: 31.591: [CMS-concurrent-preclean: 0.012/0.033 secs] [Times: user=0.08 sys=0.03, real=0.03 secs] 
2022-08-07T09:29:29.654+0000: 31.598: Application time: 0.0081556 seconds
2022-08-07T09:29:29.660+0000: 31.605: [GC (CMS Final Remark) [YG occupancy: 1743 K (19008 K)]2022-08-07T09:29:29.660+0000: 31.605: [Rescan (parallel) , 0.0037050 secs]2022-08-07T09:29:29.664+0000: 31.609: [weak refs processing, 0.0004804 secs]2022-08-07T09:29:29.665+0000: 31.610: [class unloading, 0.0151240 secs]2022-08-07T09:29:29.681+0000: 31.625: [scrub symbol table, 0.0338653 secs]2022-08-07T09:29:29.715+0000: 31.660: [scrub string table, 0.0021742 secs][1 CMS-remark: 52113K(86440K)] 53857K(105448K), 0.0578429 secs] [Times: user=0.09 sys=0.01, real=0.06 secs] 
2022-08-07T09:29:29.719+0000: 31.663: [CMS-concurrent-sweep-start]
2022-08-07T09:29:29.745+0000: 31.689: [CMS-concurrent-sweep: 0.026/0.026 secs] [Times: user=0.07 sys=0.02, real=0.02 secs] 
2022-08-07T09:29:29.745+0000: 31.690: [CMS-concurrent-reset-start]
2022-08-07T09:29:29.746+0000: 31.691: [CMS-concurrent-reset: 0.001/0.001 secs] [Times: user=0.00 sys=0.00, real=0.00 secs] 
2022-08-07T09:29:29.807+0000: 31.752: Application time: 0.0887342 seconds
{Heap before GC invocations=369 (full 44):
 par new generation   total 19008K, used 18277K [0x00000000c2600000, 0x00000000c3aa0000, 0x00000000d6e00000)
  eden space 16896K, 100% used [0x00000000c2600000, 0x00000000c3680000, 0x00000000c3680000)
  from space 2112K,  65% used [0x00000000c3890000, 0x00000000c39e96a0, 0x00000000c3aa0000)
  to   space 2112K,   0% used [0x00000000c3680000, 0x00000000c3680000, 0x00000000c3890000)
 concurrent mark-sweep generation total 86632K, used 51974K [0x00000000d6e00000, 0x00000000dc29a000, 0x0000000100000000)
 Metaspace       used 72896K, capacity 75944K, committed 76056K, reserved 1116160K
  class space    used 9391K, capacity 9970K, committed 10008K, reserved 1048576K
2022-08-07T09:29:29.807+0000: 31.752: [GC (Allocation Failure) 2022-08-07T09:29:29.808+0000: 31.753: [ParNew: 18277K->1814K(19008K), 0.0073148 secs] 70252K->53899K(105640K), 0.0081804 secs] [Times: user=0.02 sys=0.01, real=0.00 secs] 
Heap after GC invocations=370 (full 44):
 par new generation   total 19008K, used 1814K [0x00000000c2600000, 0x00000000c3aa0000, 0x00000000d6e00000)
  eden space 16896K,   0% used [0x00000000c2600000, 0x00000000c2600000, 0x00000000c3680000)
  from space 2112K,  85% used [0x00000000c3680000, 0x00000000c3845808, 0x00000000c3890000)
  to   space 2112K,   0% used [0x00000000c3890000, 0x00000000c3890000, 0x00000000c3aa0000)
 concurrent mark-sweep generation total 86632K, used 52085K [0x00000000d6e00000, 0x00000000dc29a000, 0x0000000100000000)
 Metaspace       used 72896K, capacity 75944K, committed 76056K, reserved 1116160K
  class space    used 9391K, capacity 9970K, committed 10008K, reserved 1048576K
}
2022-08-07T09:29:29.817+0000: 31.762: Application time: 0.0003018 seconds
2022-08-07T09:29:29.819+0000: 31.764: [GC (CMS Initial Mark) [1 CMS-initial-mark: 52085K(86632K)] 53901K(105640K), 0.0042614 secs] [Times: user=0.01 sys=0.00, real=0.00 secs] 
2022-08-07T09:29:29.824+0000: 31.769: [CMS-concurrent-mark-start]
2022-08-07T09:29:29.868+0000: 31.813: Application time: 0.0437935 seconds
{Heap before GC invocations=370 (full 45):
 par new generation   total 19008K, used 18710K [0x00000000c2600000, 0x00000000c3aa0000, 0x00000000d6e00000)
  eden space 16896K, 100% used [0x00000000c2600000, 0x00000000c3680000, 0x00000000c3680000)
  from space 2112K,  85% used [0x00000000c3680000, 0x00000000c3845808, 0x00000000c3890000)
  to   space 2112K,   0% used [0x00000000c3890000, 0x00000000c3890000, 0x00000000c3aa0000)
 concurrent mark-sweep generation total 86632K, used 52085K [0x00000000d6e00000, 0x00000000dc29a000, 0x0000000100000000)
 Metaspace       used 72927K, capacity 76008K, committed 76056K, reserved 1116160K
  class space    used 9394K, capacity 9970K, committed 10008K, reserved 1048576K
2022-08-07T09:29:29.868+0000: 31.813: [GC (Allocation Failure) 2022-08-07T09:29:29.870+0000: 31.815: [ParNew: 18710K->1377K(19008K), 0.0070222 secs] 70795K->53782K(105640K), 0.0092061 secs] [Times: user=0.02 sys=0.01, real=0.01 secs] 
Heap after GC invocations=371 (full 45):
 par new generation   total 19008K, used 1377K [0x00000000c2600000, 0x00000000c3aa0000, 0x00000000d6e00000)
  eden space 16896K,   0% used [0x00000000c2600000, 0x00000000c2600000, 0x00000000c3680000)
  from space 2112K,  65% used [0x00000000c3890000, 0x00000000c39e84b0, 0x00000000c3aa0000)
  to   space 2112K,   0% used [0x00000000c3680000, 0x00000000c3680000, 0x00000000c3890000)
 concurrent mark-sweep generation total 86632K, used 52405K [0x00000000d6e00000, 0x00000000dc29a000, 0x0000000100000000)
 Metaspace       used 72927K, capacity 76008K, committed 76056K, reserved 1116160K
  class space    used 9394K, capacity 9970K, committed 10008K, reserved 1048576K
}
2022-08-07T09:29:29.942+0000: 31.886: Application time: 0.0636156 seconds
2022-08-07T09:29:29.949+0000: 31.894: Application time: 0.0067591 seconds
{Heap before GC invocations=371 (full 45):
 par new generation   total 19008K, used 18273K [0x00000000c2600000, 0x00000000c3aa0000, 0x00000000d6e00000)
  eden space 16896K, 100% used [0x00000000c2600000, 0x00000000c3680000, 0x00000000c3680000)
  from space 2112K,  65% used [0x00000000c3890000, 0x00000000c39e84b0, 0x00000000c3aa0000)
  to   space 2112K,   0% used [0x00000000c3680000, 0x00000000c3680000, 0x00000000c3890000)
 concurrent mark-sweep generation total 86632K, used 52405K [0x00000000d6e00000, 0x00000000dc29a000, 0x0000000100000000)
 Metaspace       used 73235K, capacity 76296K, committed 76312K, reserved 1116160K
  class space    used 9431K, capacity 10002K, committed 10008K, reserved 1048576K
2022-08-07T09:29:29.950+0000: 31.895: [GC (Allocation Failure) 2022-08-07T09:29:29.951+0000: 31.895: [ParNew: 18273K->1858K(19008K), 0.0045216 secs] 70678K->54263K(105640K), 0.0054491 secs] [Times: user=0.02 sys=0.00, real=0.00 secs] 
Heap after GC invocations=372 (full 45):
 par new generation   total 19008K, used 1858K [0x00000000c2600000, 0x00000000c3aa0000, 0x00000000d6e00000)
  eden space 16896K,   0% used [0x00000000c2600000, 0x00000000c2600000, 0x00000000c3680000)
  from space 2112K,  87% used [0x00000000c3680000, 0x00000000c3850910, 0x00000000c3890000)
  to   space 2112K,   0% used [0x00000000c3890000, 0x00000000c3890000, 0x00000000c3aa0000)
 concurrent mark-sweep generation total 86632K, used 52405K [0x00000000d6e00000, 0x00000000dc29a000, 0x0000000100000000)
 Metaspace       used 73235K, capacity 76296K, committed 76312K, reserved 1116160K
  class space    used 9431K, capacity 10002K, committed 10008K, reserved 1048576K
}
2022-08-07T09:29:29.970+0000: 31.915: [CMS-concurrent-mark: 0.126/0.146 secs] [Times: user=0.40 sys=0.09, real=0.15 secs] 
2022-08-07T09:29:29.970+0000: 31.915: [CMS-concurrent-preclean-start]
2022-08-07T09:29:30.004+0000: 31.948: [CMS-concurrent-preclean: 0.019/0.033 secs] [Times: user=0.10 sys=0.03, real=0.03 secs] 
2022-08-07T09:29:30.004+0000: 31.949: [CMS-concurrent-abortable-preclean-start]
2022-08-07T09:29:30.009+0000: 31.954: Application time: 0.0525110 seconds
{Heap before GC invocations=372 (full 45):
 par new generation   total 19008K, used 18754K [0x00000000c2600000, 0x00000000c3aa0000, 0x00000000d6e00000)
  eden space 16896K, 100% used [0x00000000c2600000, 0x00000000c3680000, 0x00000000c3680000)
  from space 2112K,  87% used [0x00000000c3680000, 0x00000000c3850910, 0x00000000c3890000)
  to   space 2112K,   0% used [0x00000000c3890000, 0x00000000c3890000, 0x00000000c3aa0000)
 concurrent mark-sweep generation total 86632K, used 52405K [0x00000000d6e00000, 0x00000000dc29a000, 0x0000000100000000)
 Metaspace       used 73330K, capacity 76396K, committed 76696K, reserved 1116160K
  class space    used 9444K, capacity 10036K, committed 10136K, reserved 1048576K
2022-08-07T09:29:30.009+0000: 31.954: [GC (Allocation Failure) 2022-08-07T09:29:30.010+0000: 31.955: [ParNew: 18754K->1070K(19008K), 0.0052543 secs] 71159K->53706K(105640K), 0.0067630 secs] [Times: user=0.02 sys=0.01, real=0.01 secs] 
Heap after GC invocations=373 (full 45):
 par new generation   total 19008K, used 1070K [0x00000000c2600000, 0x00000000c3aa0000, 0x00000000d6e00000)
  eden space 16896K,   0% used [0x00000000c2600000, 0x00000000c2600000, 0x00000000c3680000)
  from space 2112K,  50% used [0x00000000c3890000, 0x00000000c399b9c0, 0x00000000c3aa0000)
  to   space 2112K,   0% used [0x00000000c3680000, 0x00000000c3680000, 0x00000000c3890000)
 concurrent mark-sweep generation total 86632K, used 52635K [0x00000000d6e00000, 0x00000000dc29a000, 0x0000000100000000)
 Metaspace       used 73330K, capacity 76396K, committed 76696K, reserved 1116160K
  class space    used 9444K, capacity 10036K, committed 10136K, reserved 1048576K
}
2022-08-07T09:29:30.054+0000: 31.999: Application time: 0.0371630 seconds
{Heap before GC invocations=373 (full 45):
 par new generation   total 19008K, used 17966K [0x00000000c2600000, 0x00000000c3aa0000, 0x00000000d6e00000)
  eden space 16896K, 100% used [0x00000000c2600000, 0x00000000c3680000, 0x00000000c3680000)
  from space 2112K,  50% used [0x00000000c3890000, 0x00000000c399b9c0, 0x00000000c3aa0000)
  to   space 2112K,   0% used [0x00000000c3680000, 0x00000000c3680000, 0x00000000c3890000)
 concurrent mark-sweep generation total 86632K, used 52635K [0x00000000d6e00000, 0x00000000dc29a000, 0x0000000100000000)
 Metaspace       used 73366K, capacity 76466K, committed 76696K, reserved 1116160K
  class space    used 9450K, capacity 10037K, committed 10136K, reserved 1048576K
2022-08-07T09:29:30.055+0000: 32.000: [GC (Allocation Failure) 2022-08-07T09:29:30.055+0000: 32.000: [ParNew: 17966K->1143K(19008K), 0.0061570 secs] 70602K->53779K(105640K), 0.0068353 secs] [Times: user=0.02 sys=0.00, real=0.01 secs] 
Heap after GC invocations=374 (full 45):
 par new generation   total 19008K, used 1143K [0x00000000c2600000, 0x00000000c3aa0000, 0x00000000d6e00000)
  eden space 16896K,   0% used [0x00000000c2600000, 0x00000000c2600000, 0x00000000c3680000)
  from space 2112K,  54% used [0x00000000c3680000, 0x00000000c379dd50, 0x00000000c3890000)
  to   space 2112K,   0% used [0x00000000c3890000, 0x00000000c3890000, 0x00000000c3aa0000)
 concurrent mark-sweep generation total 86632K, used 52635K [0x00000000d6e00000, 0x00000000dc29a000, 0x0000000100000000)
 Metaspace       used 73366K, capacity 76466K, committed 76696K, reserved 1116160K
  class space    used 9450K, capacity 10037K, committed 10136K, reserved 1048576K
}
2022-08-07T09:29:30.063+0000: 32.008: [CMS-concurrent-abortable-preclean: 0.026/0.059 secs] [Times: user=0.18 sys=0.04, real=0.06 secs] 
2022-08-07T09:29:30.066+0000: 32.011: Application time: 0.0035463 seconds
2022-08-07T09:29:30.068+0000: 32.013: [GC (CMS Final Remark) [YG occupancy: 3193 K (19008 K)]2022-08-07T09:29:30.069+0000: 32.013: [Rescan (parallel) , 0.0066187 secs]2022-08-07T09:29:30.076+0000: 32.020: [weak refs processing, 0.0004608 secs]2022-08-07T09:29:30.076+0000: 32.021: [class unloading, 0.0114081 secs]2022-08-07T09:29:30.088+0000: 32.033: [scrub symbol table, 0.0150614 secs]2022-08-07T09:29:30.104+0000: 32.049: [scrub string table, 0.0013851 secs][1 CMS-remark: 52635K(86632K)] 55829K(105640K), 0.0376954 secs] [Times: user=0.11 sys=0.01, real=0.03 secs] 
2022-08-07T09:29:30.117+0000: 32.061: [CMS-concurrent-sweep-start]
2022-08-07T09:29:30.141+0000: 32.085: [CMS-concurrent-sweep: 0.024/0.024 secs] [Times: user=0.08 sys=0.01, real=0.02 secs] 
2022-08-07T09:29:30.142+0000: 32.086: [CMS-concurrent-reset-start]
2022-08-07T09:29:30.142+0000: 32.087: [CMS-concurrent-reset: 0.001/0.001 secs] [Times: user=0.00 sys=0.00, real=0.00 secs] 
2022-08-07T09:29:30.206+0000: 32.151: Application time: 0.0992079 seconds
{Heap before GC invocations=374 (full 45):
 par new generation   total 19008K, used 18039K [0x00000000c2600000, 0x00000000c3aa0000, 0x00000000d6e00000)
  eden space 16896K, 100% used [0x00000000c2600000, 0x00000000c3680000, 0x00000000c3680000)
  from space 2112K,  54% used [0x00000000c3680000, 0x00000000c379dd50, 0x00000000c3890000)
  to   space 2112K,   0% used [0x00000000c3890000, 0x00000000c3890000, 0x00000000c3aa0000)
 concurrent mark-sweep generation total 87668K, used 52600K [0x00000000d6e00000, 0x00000000dc39d000, 0x0000000100000000)
 Metaspace       used 73723K, capacity 76754K, committed 76952K, reserved 1116160K
  class space    used 9503K, capacity 10069K, committed 10136K, reserved 1048576K
2022-08-07T09:29:30.206+0000: 32.151: [GC (Allocation Failure) 2022-08-07T09:29:30.208+0000: 32.152: [ParNew: 18039K->1865K(19008K), 0.0156233 secs] 70639K->54465K(106676K), 0.0183500 secs] [Times: user=0.04 sys=0.01, real=0.03 secs] 
Heap after GC invocations=375 (full 45):
 par new generation   total 19008K, used 1865K [0x00000000c2600000, 0x00000000c3aa0000, 0x00000000d6e00000)
  eden space 16896K,   0% used [0x00000000c2600000, 0x00000000c2600000, 0x00000000c3680000)
  from space 2112K,  88% used [0x00000000c3890000, 0x00000000c3a62528, 0x00000000c3aa0000)
  to   space 2112K,   0% used [0x00000000c3680000, 0x00000000c3680000, 0x00000000c3890000)
 concurrent mark-sweep generation total 87668K, used 52600K [0x00000000d6e00000, 0x00000000dc39d000, 0x0000000100000000)
 Metaspace       used 73723K, capacity 76754K, committed 76952K, reserved 1116160K
  class space    used 9503K, capacity 10069K, committed 10136K, reserved 1048576K
}
2022-08-07T09:29:30.232+0000: 32.177: Application time: 0.0027097 seconds
2022-08-07T09:29:30.295+0000: 32.240: Application time: 0.0620368 seconds
{Heap before GC invocations=375 (full 45):
 par new generation   total 19008K, used 18761K [0x00000000c2600000, 0x00000000c3aa0000, 0x00000000d6e00000)
  eden space 16896K, 100% used [0x00000000c2600000, 0x00000000c3680000, 0x00000000c3680000)
  from space 2112K,  88% used [0x00000000c3890000, 0x00000000c3a62528, 0x00000000c3aa0000)
  to   space 2112K,   0% used [0x00000000c3680000, 0x00000000c3680000, 0x00000000c3890000)
 concurrent mark-sweep generation total 87668K, used 52600K [0x00000000d6e00000, 0x00000000dc39d000, 0x0000000100000000)
 Metaspace       used 73846K, capacity 76918K, committed 76952K, reserved 1116160K
  class space    used 9523K, capacity 10103K, committed 10136K, reserved 1048576K
2022-08-07T09:29:30.296+0000: 32.241: [GC (Allocation Failure) 2022-08-07T09:29:30.296+0000: 32.241: [ParNew: 18761K->1313K(19008K), 0.0172775 secs] 71361K->54438K(106676K), 0.0179967 secs] [Times: user=0.04 sys=0.00, real=0.02 secs] 
Heap after GC invocations=376 (full 45):
 par new generation   total 19008K, used 1313K [0x00000000c2600000, 0x00000000c3aa0000, 0x00000000d6e00000)
  eden space 16896K,   0% used [0x00000000c2600000, 0x00000000c2600000, 0x00000000c3680000)
  from space 2112K,  62% used [0x00000000c3680000, 0x00000000c37c86d8, 0x00000000c3890000)
  to   space 2112K,   0% used [0x00000000c3890000, 0x00000000c3890000, 0x00000000c3aa0000)
 concurrent mark-sweep generation total 87668K, used 53125K [0x00000000d6e00000, 0x00000000dc39d000, 0x0000000100000000)
 Metaspace       used 73846K, capacity 76918K, committed 76952K, reserved 1116160K
  class space    used 9523K, capacity 10103K, committed 10136K, reserved 1048576K
}
2022-08-07T09:29:30.317+0000: 32.262: Application time: 0.0022756 seconds
2022-08-07T09:29:30.317+0000: 32.262: [GC (CMS Initial Mark) [1 CMS-initial-mark: 53125K(87668K)] 54463K(106676K), 0.0071310 secs] [Times: user=0.02 sys=0.00, real=0.00 secs] 
2022-08-07T09:29:30.325+0000: 32.270: [CMS-concurrent-mark-start]
2022-08-07T09:29:30.381+0000: 32.326: Application time: 0.0560433 seconds
{Heap before GC invocations=376 (full 46):
 par new generation   total 19008K, used 18209K [0x00000000c2600000, 0x00000000c3aa0000, 0x00000000d6e00000)
  eden space 16896K, 100% used [0x00000000c2600000, 0x00000000c3680000, 0x00000000c3680000)
  from space 2112K,  62% used [0x00000000c3680000, 0x00000000c37c86d8, 0x00000000c3890000)
  to   space 2112K,   0% used [0x00000000c3890000, 0x00000000c3890000, 0x00000000c3aa0000)
 concurrent mark-sweep generation total 87668K, used 53125K [0x00000000d6e00000, 0x00000000dc39d000, 0x0000000100000000)
 Metaspace       used 73903K, capacity 76984K, committed 77208K, reserved 1116160K
  class space    used 9533K, capacity 10104K, committed 10136K, reserved 1048576K
2022-08-07T09:29:30.382+0000: 32.326: [GC (Allocation Failure) 2022-08-07T09:29:30.382+0000: 32.327: [ParNew: 18209K->974K(19008K), 0.0075970 secs] 71334K->54099K(106676K), 0.0086748 secs] [Times: user=0.03 sys=0.01, real=0.01 secs] 
Heap after GC invocations=377 (full 46):
 par new generation   total 19008K, used 974K [0x00000000c2600000, 0x00000000c3aa0000, 0x00000000d6e00000)
  eden space 16896K,   0% used [0x00000000c2600000, 0x00000000c2600000, 0x00000000c3680000)
  from space 2112K,  46% used [0x00000000c3890000, 0x00000000c39839f8, 0x00000000c3aa0000)
  to   space 2112K,   0% used [0x00000000c3680000, 0x00000000c3680000, 0x00000000c3890000)
 concurrent mark-sweep generation total 87668K, used 53125K [0x00000000d6e00000, 0x00000000dc39d000, 0x0000000100000000)
 Metaspace       used 73903K, capacity 76984K, committed 77208K, reserved 1116160K
  class space    used 9533K, capacity 10104K, committed 10136K, reserved 1048576K
}
2022-08-07T09:29:30.422+0000: 32.367: Application time: 0.0314257 seconds
{Heap before GC invocations=377 (full 46):
 par new generation   total 19008K, used 17870K [0x00000000c2600000, 0x00000000c3aa0000, 0x00000000d6e00000)
  eden space 16896K, 100% used [0x00000000c2600000, 0x00000000c3680000, 0x00000000c3680000)
  from space 2112K,  46% used [0x00000000c3890000, 0x00000000c39839f8, 0x00000000c3aa0000)
  to   space 2112K,   0% used [0x00000000c3680000, 0x00000000c3680000, 0x00000000c3890000)
 concurrent mark-sweep generation total 87668K, used 53125K [0x00000000d6e00000, 0x00000000dc39d000, 0x0000000100000000)
 Metaspace       used 73925K, capacity 76984K, committed 77208K, reserved 1116160K
  class space    used 9538K, capacity 10104K, committed 10136K, reserved 1048576K
2022-08-07T09:29:30.423+0000: 32.368: [GC (Allocation Failure) 2022-08-07T09:29:30.424+0000: 32.368: [ParNew: 17870K->702K(19008K), 0.0116657 secs] 70995K->53827K(106676K), 0.0124985 secs] [Times: user=0.04 sys=0.00, real=0.01 secs] 
Heap after GC invocations=378 (full 46):
 par new generation   total 19008K, used 702K [0x00000000c2600000, 0x00000000c3aa0000, 0x00000000d6e00000)
  eden space 16896K,   0% used [0x00000000c2600000, 0x00000000c2600000, 0x00000000c3680000)
  from space 2112K,  33% used [0x00000000c3680000, 0x00000000c372f8a8, 0x00000000c3890000)
  to   space 2112K,   0% used [0x00000000c3890000, 0x00000000c3890000, 0x00000000c3aa0000)
 concurrent mark-sweep generation total 87668K, used 53125K [0x00000000d6e00000, 0x00000000dc39d000, 0x0000000100000000)
 Metaspace       used 73925K, capacity 76984K, committed 77208K, reserved 1116160K
  class space    used 9538K, capacity 10104K, committed 10136K, reserved 1048576K
}
2022-08-07T09:29:30.455+0000: 32.400: [CMS-concurrent-mark: 0.107/0.130 secs] [Times: user=0.44 sys=0.04, real=0.13 secs] 
2022-08-07T09:29:30.456+0000: 32.400: [CMS-concurrent-preclean-start]
2022-08-07T09:29:30.461+0000: 32.405: Application time: 0.0240768 seconds
{Heap before GC invocations=378 (full 46):
 par new generation   total 19008K, used 17598K [0x00000000c2600000, 0x00000000c3aa0000, 0x00000000d6e00000)
  eden space 16896K, 100% used [0x00000000c2600000, 0x00000000c3680000, 0x00000000c3680000)
  from space 2112K,  33% used [0x00000000c3680000, 0x00000000c372f8a8, 0x00000000c3890000)
  to   space 2112K,   0% used [0x00000000c3890000, 0x00000000c3890000, 0x00000000c3aa0000)
 concurrent mark-sweep generation total 87668K, used 53125K [0x00000000d6e00000, 0x00000000dc39d000, 0x0000000100000000)
 Metaspace       used 73926K, capacity 76984K, committed 77208K, reserved 1116160K
  class space    used 9538K, capacity 10104K, committed 10136K, reserved 1048576K
2022-08-07T09:29:30.461+0000: 32.406: [GC (Allocation Failure) 2022-08-07T09:29:30.462+0000: 32.407: [ParNew: 17598K->909K(19008K), 0.0056023 secs] 70723K->54034K(106676K), 0.0070024 secs] [Times: user=0.02 sys=0.00, real=0.01 secs] 
Heap after GC invocations=379 (full 46):
 par new generation   total 19008K, used 909K [0x00000000c2600000, 0x00000000c3aa0000, 0x00000000d6e00000)
  eden space 16896K,   0% used [0x00000000c2600000, 0x00000000c2600000, 0x00000000c3680000)
  from space 2112K,  43% used [0x00000000c3890000, 0x00000000c3973730, 0x00000000c3aa0000)
  to   space 2112K,   0% used [0x00000000c3680000, 0x00000000c3680000, 0x00000000c3890000)
 concurrent mark-sweep generation total 87668K, used 53125K [0x00000000d6e00000, 0x00000000dc39d000, 0x0000000100000000)
 Metaspace       used 73926K, capacity 76984K, committed 77208K, reserved 1116160K
  class space    used 9538K, capacity 10104K, committed 10136K, reserved 1048576K
}
2022-08-07T09:29:30.495+0000: 32.440: Application time: 0.0261080 seconds
{Heap before GC invocations=379 (full 46):
 par new generation   total 19008K, used 17805K [0x00000000c2600000, 0x00000000c3aa0000, 0x00000000d6e00000)
  eden space 16896K, 100% used [0x00000000c2600000, 0x00000000c3680000, 0x00000000c3680000)
  from space 2112K,  43% used [0x00000000c3890000, 0x00000000c3973730, 0x00000000c3aa0000)
  to   space 2112K,   0% used [0x00000000c3680000, 0x00000000c3680000, 0x00000000c3890000)
 concurrent mark-sweep generation total 87668K, used 53125K [0x00000000d6e00000, 0x00000000dc39d000, 0x0000000100000000)
 Metaspace       used 73952K, capacity 77016K, committed 77208K, reserved 1116160K
  class space    used 9541K, capacity 10136K, committed 10136K, reserved 1048576K
2022-08-07T09:29:30.496+0000: 32.441: [GC (Allocation Failure) 2022-08-07T09:29:30.496+0000: 32.441: [ParNew: 17805K->807K(19008K), 0.0057393 secs] 70930K->54000K(106676K), 0.0066192 secs] [Times: user=0.02 sys=0.00, real=0.01 secs] 
Heap after GC invocations=380 (full 46):
 par new generation   total 19008K, used 807K [0x00000000c2600000, 0x00000000c3aa0000, 0x00000000d6e00000)
  eden space 16896K,   0% used [0x00000000c2600000, 0x00000000c2600000, 0x00000000c3680000)
  from space 2112K,  38% used [0x00000000c3680000, 0x00000000c3749da0, 0x00000000c3890000)
  to   space 2112K,   0% used [0x00000000c3890000, 0x00000000c3890000, 0x00000000c3aa0000)
 concurrent mark-sweep generation total 87668K, used 53193K [0x00000000d6e00000, 0x00000000dc39d000, 0x0000000100000000)
 Metaspace       used 73952K, capacity 77016K, committed 77208K, reserved 1116160K
  class space    used 9541K, capacity 10136K, committed 10136K, reserved 1048576K
}
2022-08-07T09:29:30.542+0000: 32.487: [CMS-concurrent-preclean: 0.040/0.086 secs] [Times: user=0.22 sys=0.07, real=0.09 secs] 
2022-08-07T09:29:30.542+0000: 32.487: [CMS-concurrent-abortable-preclean-start]
2022-08-07T09:29:30.556+0000: 32.501: Application time: 0.0529993 seconds
{Heap before GC invocations=380 (full 46):
 par new generation   total 19008K, used 17703K [0x00000000c2600000, 0x00000000c3aa0000, 0x00000000d6e00000)
  eden space 16896K, 100% used [0x00000000c2600000, 0x00000000c3680000, 0x00000000c3680000)
  from space 2112K,  38% used [0x00000000c3680000, 0x00000000c3749da0, 0x00000000c3890000)
  to   space 2112K,   0% used [0x00000000c3890000, 0x00000000c3890000, 0x00000000c3aa0000)
 concurrent mark-sweep generation total 87668K, used 53193K [0x00000000d6e00000, 0x00000000dc39d000, 0x0000000100000000)
 Metaspace       used 73955K, capacity 77016K, committed 77208K, reserved 1116160K
  class space    used 9541K, capacity 10136K, committed 10136K, reserved 1048576K
2022-08-07T09:29:30.557+0000: 32.501: [GC (Allocation Failure) 2022-08-07T09:29:30.557+0000: 32.502: [ParNew: 17703K->936K(19008K), 0.0180895 secs] 70896K->54210K(106676K), 0.0203657 secs] [Times: user=0.04 sys=0.00, real=0.03 secs] 
Heap after GC invocations=381 (full 46):
 par new generation   total 19008K, used 936K [0x00000000c2600000, 0x00000000c3aa0000, 0x00000000d6e00000)
  eden space 16896K,   0% used [0x00000000c2600000, 0x00000000c2600000, 0x00000000c3680000)
  from space 2112K,  44% used [0x00000000c3890000, 0x00000000c397a300, 0x00000000c3aa0000)
  to   space 2112K,   0% used [0x00000000c3680000, 0x00000000c3680000, 0x00000000c3890000)
 concurrent mark-sweep generation total 87668K, used 53273K [0x00000000d6e00000, 0x00000000dc39d000, 0x0000000100000000)
 Metaspace       used 73955K, capacity 77016K, committed 77208K, reserved 1116160K
  class space    used 9541K, capacity 10136K, committed 10136K, reserved 1048576K
}
2022-08-07T09:29:30.582+0000: 32.527: [CMS-concurrent-abortable-preclean: 0.008/0.040 secs] [Times: user=0.07 sys=0.01, real=0.04 secs] 
2022-08-07T09:29:30.584+0000: 32.529: Application time: 0.0023494 seconds
2022-08-07T09:29:30.585+0000: 32.529: [GC (CMS Final Remark) [YG occupancy: 1298 K (19008 K)]2022-08-07T09:29:30.586+0000: 32.530: [Rescan (parallel) , 0.0052050 secs]2022-08-07T09:29:30.591+0000: 32.536: [weak refs processing, 0.0004268 secs]2022-08-07T09:29:30.592+0000: 32.537: [class unloading, 0.0163410 secs]2022-08-07T09:29:30.609+0000: 32.553: [scrub symbol table, 0.0159668 secs]2022-08-07T09:29:30.625+0000: 32.570: [scrub string table, 0.0012740 secs][1 CMS-remark: 53273K(87668K)] 54572K(106676K), 0.0423056 secs] [Times: user=0.08 sys=0.00, real=0.05 secs] 
2022-08-07T09:29:30.628+0000: 32.572: [CMS-concurrent-sweep-start]
2022-08-07T09:29:30.653+0000: 32.597: [CMS-concurrent-sweep: 0.025/0.025 secs] [Times: user=0.08 sys=0.01, real=0.02 secs] 
2022-08-07T09:29:30.653+0000: 32.598: [CMS-concurrent-reset-start]
2022-08-07T09:29:30.654+0000: 32.599: [CMS-concurrent-reset: 0.001/0.001 secs] [Times: user=0.00 sys=0.00, real=0.00 secs] 
2022-08-07T09:29:30.656+0000: 32.601: Application time: 0.0289655 seconds
{Heap before GC invocations=381 (full 46):
 par new generation   total 19008K, used 17832K [0x00000000c2600000, 0x00000000c3aa0000, 0x00000000d6e00000)
  eden space 16896K, 100% used [0x00000000c2600000, 0x00000000c3680000, 0x00000000c3680000)
  from space 2112K,  44% used [0x00000000c3890000, 0x00000000c397a300, 0x00000000c3aa0000)
  to   space 2112K,   0% used [0x00000000c3680000, 0x00000000c3680000, 0x00000000c3890000)
 concurrent mark-sweep generation total 88608K, used 53162K [0x00000000d6e00000, 0x00000000dc488000, 0x0000000100000000)
 Metaspace       used 73946K, capacity 76986K, committed 77208K, reserved 1116160K
  class space    used 9539K, capacity 10131K, committed 10136K, reserved 1048576K
2022-08-07T09:29:30.657+0000: 32.602: [GC (Allocation Failure) 2022-08-07T09:29:30.657+0000: 32.602: [ParNew: 17832K->742K(19008K), 0.0055136 secs] 70995K->53996K(107616K), 0.0062837 secs] [Times: user=0.02 sys=0.00, real=0.00 secs] 
Heap after GC invocations=382 (full 46):
 par new generation   total 19008K, used 742K [0x00000000c2600000, 0x00000000c3aa0000, 0x00000000d6e00000)
  eden space 16896K,   0% used [0x00000000c2600000, 0x00000000c2600000, 0x00000000c3680000)
  from space 2112K,  35% used [0x00000000c3680000, 0x00000000c37399e0, 0x00000000c3890000)
  to   space 2112K,   0% used [0x00000000c3890000, 0x00000000c3890000, 0x00000000c3aa0000)
 concurrent mark-sweep generation total 88608K, used 53254K [0x00000000d6e00000, 0x00000000dc488000, 0x0000000100000000)
 Metaspace       used 73946K, capacity 76986K, committed 77208K, reserved 1116160K
  class space    used 9539K, capacity 10131K, committed 10136K, reserved 1048576K
}
2022-08-07T09:29:30.664+0000: 32.609: Application time: 0.0002568 seconds
2022-08-07T09:29:30.665+0000: 32.609: [GC (CMS Initial Mark) [1 CMS-initial-mark: 53254K(88608K)] 54354K(107616K), 0.0020527 secs] [Times: user=0.01 sys=0.00, real=0.01 secs] 
2022-08-07T09:29:30.667+0000: 32.612: [CMS-concurrent-mark-start]
2022-08-07T09:29:30.697+0000: 32.642: Application time: 0.0299711 seconds
{Heap before GC invocations=382 (full 47):
 par new generation   total 19008K, used 17638K [0x00000000c2600000, 0x00000000c3aa0000, 0x00000000d6e00000)
  eden space 16896K, 100% used [0x00000000c2600000, 0x00000000c3680000, 0x00000000c3680000)
  from space 2112K,  35% used [0x00000000c3680000, 0x00000000c37399e0, 0x00000000c3890000)
  to   space 2112K,   0% used [0x00000000c3890000, 0x00000000c3890000, 0x00000000c3aa0000)
 concurrent mark-sweep generation total 88608K, used 53254K [0x00000000d6e00000, 0x00000000dc488000, 0x0000000100000000)
 Metaspace       used 73964K, capacity 76986K, committed 77208K, reserved 1116160K
  class space    used 9542K, capacity 10131K, committed 10136K, reserved 1048576K
2022-08-07T09:29:30.698+0000: 32.642: [GC (Allocation Failure) 2022-08-07T09:29:30.698+0000: 32.643: [ParNew: 17638K->844K(19008K), 0.0069864 secs] 70892K->54228K(107616K), 0.0081483 secs] [Times: user=0.02 sys=0.01, real=0.00 secs] 
Heap after GC invocations=383 (full 47):
 par new generation   total 19008K, used 844K [0x00000000c2600000, 0x00000000c3aa0000, 0x00000000d6e00000)
  eden space 16896K,   0% used [0x00000000c2600000, 0x00000000c2600000, 0x00000000c3680000)
  from space 2112K,  39% used [0x00000000c3890000, 0x00000000c3963248, 0x00000000c3aa0000)
  to   space 2112K,   0% used [0x00000000c3680000, 0x00000000c3680000, 0x00000000c3890000)
 concurrent mark-sweep generation total 88608K, used 53383K [0x00000000d6e00000, 0x00000000dc488000, 0x0000000100000000)
 Metaspace       used 73964K, capacity 76986K, committed 77208K, reserved 1116160K
  class space    used 9542K, capacity 10131K, committed 10136K, reserved 1048576K
}
2022-08-07T09:29:30.750+0000: 32.695: Application time: 0.0440177 seconds
{Heap before GC invocations=383 (full 47):
 par new generation   total 19008K, used 17740K [0x00000000c2600000, 0x00000000c3aa0000, 0x00000000d6e00000)
  eden space 16896K, 100% used [0x00000000c2600000, 0x00000000c3680000, 0x00000000c3680000)
  from space 2112K,  39% used [0x00000000c3890000, 0x00000000c3963248, 0x00000000c3aa0000)
  to   space 2112K,   0% used [0x00000000c3680000, 0x00000000c3680000, 0x00000000c3890000)
 concurrent mark-sweep generation total 88608K, used 53383K [0x00000000d6e00000, 0x00000000dc488000, 0x0000000100000000)
 Metaspace       used 73969K, capacity 77050K, committed 77208K, reserved 1116160K
  class space    used 9543K, capacity 10131K, committed 10136K, reserved 1048576K
2022-08-07T09:29:30.751+0000: 32.696: [GC (Allocation Failure) 2022-08-07T09:29:30.752+0000: 32.696: [ParNew: 17740K->540K(19008K), 0.0055563 secs] 71124K->54001K(107616K), 0.0063860 secs] [Times: user=0.02 sys=0.00, real=0.01 secs] 
Heap after GC invocations=384 (full 47):
 par new generation   total 19008K, used 540K [0x00000000c2600000, 0x00000000c3aa0000, 0x00000000d6e00000)
  eden space 16896K,   0% used [0x00000000c2600000, 0x00000000c2600000, 0x00000000c3680000)
  from space 2112K,  25% used [0x00000000c3680000, 0x00000000c3707068, 0x00000000c3890000)
  to   space 2112K,   0% used [0x00000000c3890000, 0x00000000c3890000, 0x00000000c3aa0000)
 concurrent mark-sweep generation total 88608K, used 53460K [0x00000000d6e00000, 0x00000000dc488000, 0x0000000100000000)
 Metaspace       used 73969K, capacity 77050K, committed 77208K, reserved 1116160K
  class space    used 9543K, capacity 10131K, committed 10136K, reserved 1048576K
}
2022-08-07T09:29:30.818+0000: 32.763: Application time: 0.0590840 seconds
{Heap before GC invocations=384 (full 47):
 par new generation   total 19008K, used 17436K [0x00000000c2600000, 0x00000000c3aa0000, 0x00000000d6e00000)
  eden space 16896K, 100% used [0x00000000c2600000, 0x00000000c3680000, 0x00000000c3680000)
  from space 2112K,  25% used [0x00000000c3680000, 0x00000000c3707068, 0x00000000c3890000)
  to   space 2112K,   0% used [0x00000000c3890000, 0x00000000c3890000, 0x00000000c3aa0000)
 concurrent mark-sweep generation total 88608K, used 53460K [0x00000000d6e00000, 0x00000000dc488000, 0x0000000100000000)
 Metaspace       used 74020K, capacity 77050K, committed 77208K, reserved 1116160K
  class space    used 9552K, capacity 10131K, committed 10136K, reserved 1048576K
2022-08-07T09:29:30.819+0000: 32.763: [GC (Allocation Failure) 2022-08-07T09:29:30.826+0000: 32.771: [ParNew: 17436K->706K(19008K), 0.0190581 secs] 70897K->54225K(107616K), 0.0266561 secs] [Times: user=0.05 sys=0.01, real=0.02 secs] 
Heap after GC invocations=385 (full 47):
 par new generation   total 19008K, used 706K [0x00000000c2600000, 0x00000000c3aa0000, 0x00000000d6e00000)
  eden space 16896K,   0% used [0x00000000c2600000, 0x00000000c2600000, 0x00000000c3680000)
  from space 2112K,  33% used [0x00000000c3890000, 0x00000000c39409c0, 0x00000000c3aa0000)
  to   space 2112K,   0% used [0x00000000c3680000, 0x00000000c3680000, 0x00000000c3890000)
 concurrent mark-sweep generation total 88608K, used 53519K [0x00000000d6e00000, 0x00000000dc488000, 0x0000000100000000)
 Metaspace       used 74020K, capacity 77050K, committed 77208K, reserved 1116160K
  class space    used 9552K, capacity 10131K, committed 10136K, reserved 1048576K
}
2022-08-07T09:29:30.857+0000: 32.802: [CMS-concurrent-mark: 0.144/0.190 secs] [Times: user=0.42 sys=0.13, real=0.19 secs] 
2022-08-07T09:29:30.867+0000: 32.812: [CMS-concurrent-preclean-start]
2022-08-07T09:29:30.882+0000: 32.827: Application time: 0.0359803 seconds
{Heap before GC invocations=385 (full 47):
 par new generation   total 19008K, used 17602K [0x00000000c2600000, 0x00000000c3aa0000, 0x00000000d6e00000)
  eden space 16896K, 100% used [0x00000000c2600000, 0x00000000c3680000, 0x00000000c3680000)
  from space 2112K,  33% used [0x00000000c3890000, 0x00000000c39409c0, 0x00000000c3aa0000)
  to   space 2112K,   0% used [0x00000000c3680000, 0x00000000c3680000, 0x00000000c3890000)
 concurrent mark-sweep generation total 88608K, used 53519K [0x00000000d6e00000, 0x00000000dc488000, 0x0000000100000000)
 Metaspace       used 74025K, capacity 77050K, committed 77208K, reserved 1116160K
  class space    used 9552K, capacity 10131K, committed 10136K, reserved 1048576K
2022-08-07T09:29:30.882+0000: 32.827: [GC (Allocation Failure) 2022-08-07T09:29:30.886+0000: 32.831: [ParNew: 17602K->706K(19008K), 0.0053765 secs] 71121K->54287K(107616K), 0.0091583 secs] [Times: user=0.01 sys=0.00, real=0.01 secs] 
Heap after GC invocations=386 (full 47):
 par new generation   total 19008K, used 706K [0x00000000c2600000, 0x00000000c3aa0000, 0x00000000d6e00000)
  eden space 16896K,   0% used [0x00000000c2600000, 0x00000000c2600000, 0x00000000c3680000)
  from space 2112K,  33% used [0x00000000c3680000, 0x00000000c3730bc8, 0x00000000c3890000)
  to   space 2112K,   0% used [0x00000000c3890000, 0x00000000c3890000, 0x00000000c3aa0000)
 concurrent mark-sweep generation total 88608K, used 53580K [0x00000000d6e00000, 0x00000000dc488000, 0x0000000100000000)
 Metaspace       used 74025K, capacity 77050K, committed 77208K, reserved 1116160K
  class space    used 9552K, capacity 10131K, committed 10136K, reserved 1048576K
}
2022-08-07T09:29:30.932+0000: 32.877: [CMS-concurrent-preclean: 0.038/0.065 secs] [Times: user=0.13 sys=0.06, real=0.06 secs] 
2022-08-07T09:29:30.933+0000: 32.878: [CMS-concurrent-abortable-preclean-start]
2022-08-07T09:29:30.954+0000: 32.899: Application time: 0.0621805 seconds
{Heap before GC invocations=386 (full 47):
 par new generation   total 19008K, used 17602K [0x00000000c2600000, 0x00000000c3aa0000, 0x00000000d6e00000)
  eden space 16896K, 100% used [0x00000000c2600000, 0x00000000c3680000, 0x00000000c3680000)
  from space 2112K,  33% used [0x00000000c3680000, 0x00000000c3730bc8, 0x00000000c3890000)
  to   space 2112K,   0% used [0x00000000c3890000, 0x00000000c3890000, 0x00000000c3aa0000)
 concurrent mark-sweep generation total 88608K, used 53580K [0x00000000d6e00000, 0x00000000dc488000, 0x0000000100000000)
 Metaspace       used 74082K, capacity 77114K, committed 77208K, reserved 1116160K
  class space    used 9563K, capacity 10131K, committed 10136K, reserved 1048576K
2022-08-07T09:29:30.959+0000: 32.904: [GC (Allocation Failure) 2022-08-07T09:29:30.959+0000: 32.904: [ParNew: 17602K->552K(19008K), 0.0053262 secs] 71183K->54186K(107616K), 0.0061649 secs] [Times: user=0.02 sys=0.00, real=0.00 secs] 
Heap after GC invocations=387 (full 47):
 par new generation   total 19008K, used 552K [0x00000000c2600000, 0x00000000c3aa0000, 0x00000000d6e00000)
  eden space 16896K,   0% used [0x00000000c2600000, 0x00000000c2600000, 0x00000000c3680000)
  from space 2112K,  26% used [0x00000000c3890000, 0x00000000c391a2c8, 0x00000000c3aa0000)
  to   space 2112K,   0% used [0x00000000c3680000, 0x00000000c3680000, 0x00000000c3890000)
 concurrent mark-sweep generation total 88608K, used 53633K [0x00000000d6e00000, 0x00000000dc488000, 0x0000000100000000)
 Metaspace       used 74082K, capacity 77114K, committed 77208K, reserved 1116160K
  class space    used 9563K, capacity 10131K, committed 10136K, reserved 1048576K
}
2022-08-07T09:29:30.966+0000: 32.910: [CMS-concurrent-abortable-preclean: 0.009/0.033 secs] [Times: user=0.07 sys=0.02, real=0.03 secs] 
2022-08-07T09:29:30.967+0000: 32.911: Application time: 0.0010697 seconds
2022-08-07T09:29:30.967+0000: 32.912: [GC (CMS Final Remark) [YG occupancy: 912 K (19008 K)]2022-08-07T09:29:30.967+0000: 32.912: [Rescan (parallel) , 0.0036343 secs]2022-08-07T09:29:30.971+0000: 32.916: [weak refs processing, 0.0005490 secs]2022-08-07T09:29:30.972+0000: 32.917: [class unloading, 0.0114004 secs]2022-08-07T09:29:30.984+0000: 32.929: [scrub symbol table, 0.0143066 secs]2022-08-07T09:29:30.999+0000: 32.943: [scrub string table, 0.0013596 secs][1 CMS-remark: 53633K(88608K)] 54546K(107616K), 0.0335759 secs] [Times: user=0.03 sys=0.00, real=0.03 secs] 
2022-08-07T09:29:31.001+0000: 32.946: [CMS-concurrent-sweep-start]
2022-08-07T09:29:31.027+0000: 32.972: [CMS-concurrent-sweep: 0.025/0.025 secs] [Times: user=0.09 sys=0.01, real=0.03 secs] 
2022-08-07T09:29:31.027+0000: 32.972: [CMS-concurrent-reset-start]
2022-08-07T09:29:31.028+0000: 32.973: [CMS-concurrent-reset: 0.001/0.001 secs] [Times: user=0.00 sys=0.00, real=0.00 secs] 
2022-08-07T09:29:31.039+0000: 32.984: Application time: 0.0377255 seconds
2022-08-07T09:29:31.041+0000: 32.986: Application time: 0.0019754 seconds
{Heap before GC invocations=387 (full 47):
 par new generation   total 19008K, used 17448K [0x00000000c2600000, 0x00000000c3aa0000, 0x00000000d6e00000)
  eden space 16896K, 100% used [0x00000000c2600000, 0x00000000c3680000, 0x00000000c3680000)
  from space 2112K,  26% used [0x00000000c3890000, 0x00000000c391a2c8, 0x00000000c3aa0000)
  to   space 2112K,   0% used [0x00000000c3680000, 0x00000000c3680000, 0x00000000c3890000)
 concurrent mark-sweep generation total 89320K, used 53590K [0x00000000d6e00000, 0x00000000dc53a000, 0x0000000100000000)
 Metaspace       used 74102K, capacity 77122K, committed 77208K, reserved 1116160K
  class space    used 9565K, capacity 10133K, committed 10136K, reserved 1048576K
2022-08-07T09:29:31.042+0000: 32.987: [GC (Allocation Failure) 2022-08-07T09:29:31.042+0000: 32.987: [ParNew: 17448K->829K(19008K), 0.0038995 secs] 71038K->54448K(108328K), 0.0047336 secs] [Times: user=0.01 sys=0.00, real=0.01 secs] 
Heap after GC invocations=388 (full 47):
 par new generation   total 19008K, used 829K [0x00000000c2600000, 0x00000000c3aa0000, 0x00000000d6e00000)
  eden space 16896K,   0% used [0x00000000c2600000, 0x00000000c2600000, 0x00000000c3680000)
  from space 2112K,  39% used [0x00000000c3680000, 0x00000000c374f580, 0x00000000c3890000)
  to   space 2112K,   0% used [0x00000000c3890000, 0x00000000c3890000, 0x00000000c3aa0000)
 concurrent mark-sweep generation total 89320K, used 53618K [0x00000000d6e00000, 0x00000000dc53a000, 0x0000000100000000)
 Metaspace       used 74102K, capacity 77122K, committed 77208K, reserved 1116160K
  class space    used 9565K, capacity 10133K, committed 10136K, reserved 1048576K
}
2022-08-07T09:29:31.048+0000: 32.993: Application time: 0.0008851 seconds
2022-08-07T09:29:31.048+0000: 32.993: [GC (CMS Initial Mark) [1 CMS-initial-mark: 53618K(89320K)] 54805K(108328K), 0.0021867 secs] [Times: user=0.00 sys=0.00, real=0.00 secs] 
2022-08-07T09:29:31.051+0000: 32.996: [CMS-concurrent-mark-start]
2022-08-07T09:29:31.080+0000: 33.025: Application time: 0.0288012 seconds
{Heap before GC invocations=388 (full 48):
 par new generation   total 19008K, used 17725K [0x00000000c2600000, 0x00000000c3aa0000, 0x00000000d6e00000)
  eden space 16896K, 100% used [0x00000000c2600000, 0x00000000c3680000, 0x00000000c3680000)
  from space 2112K,  39% used [0x00000000c3680000, 0x00000000c374f580, 0x00000000c3890000)
  to   space 2112K,   0% used [0x00000000c3890000, 0x00000000c3890000, 0x00000000c3aa0000)
 concurrent mark-sweep generation total 89320K, used 53618K [0x00000000d6e00000, 0x00000000dc53a000, 0x0000000100000000)
 Metaspace       used 74117K, capacity 77122K, committed 77208K, reserved 1116160K
  class space    used 9567K, capacity 10133K, committed 10136K, reserved 1048576K
2022-08-07T09:29:31.080+0000: 33.025: [GC (Allocation Failure) 2022-08-07T09:29:31.081+0000: 33.026: [ParNew: 17725K->768K(19008K), 0.0039119 secs] 71344K->54422K(108328K), 0.0050984 secs] [Times: user=0.01 sys=0.01, real=0.00 secs] 
Heap after GC invocations=389 (full 48):
 par new generation   total 19008K, used 768K [0x00000000c2600000, 0x00000000c3aa0000, 0x00000000d6e00000)
  eden space 16896K,   0% used [0x00000000c2600000, 0x00000000c2600000, 0x00000000c3680000)
  from space 2112K,  36% used [0x00000000c3890000, 0x00000000c3950260, 0x00000000c3aa0000)
  to   space 2112K,   0% used [0x00000000c3680000, 0x00000000c3680000, 0x00000000c3890000)
 concurrent mark-sweep generation total 89320K, used 53654K [0x00000000d6e00000, 0x00000000dc53a000, 0x0000000100000000)
 Metaspace       used 74117K, capacity 77122K, committed 77208K, reserved 1116160K
  class space    used 9567K, capacity 10133K, committed 10136K, reserved 1048576K
}
2022-08-07T09:29:31.127+0000: 33.072: Application time: 0.0407416 seconds
{Heap before GC invocations=389 (full 48):
 par new generation   total 19008K, used 17664K [0x00000000c2600000, 0x00000000c3aa0000, 0x00000000d6e00000)
  eden space 16896K, 100% used [0x00000000c2600000, 0x00000000c3680000, 0x00000000c3680000)
  from space 2112K,  36% used [0x00000000c3890000, 0x00000000c3950260, 0x00000000c3aa0000)
  to   space 2112K,   0% used [0x00000000c3680000, 0x00000000c3680000, 0x00000000c3890000)
 concurrent mark-sweep generation total 89320K, used 53654K [0x00000000d6e00000, 0x00000000dc53a000, 0x0000000100000000)
 Metaspace       used 74117K, capacity 77122K, committed 77208K, reserved 1116160K
  class space    used 9567K, capacity 10133K, committed 10136K, reserved 1048576K
2022-08-07T09:29:31.128+0000: 33.072: [GC (Allocation Failure) 2022-08-07T09:29:31.128+0000: 33.073: [ParNew: 17664K->880K(19008K), 0.0065955 secs] 71318K->54572K(108328K), 0.0072520 secs] [Times: user=0.02 sys=0.00, real=0.00 secs] 
Heap after GC invocations=390 (full 48):
 par new generation   total 19008K, used 880K [0x00000000c2600000, 0x00000000c3aa0000, 0x00000000d6e00000)
  eden space 16896K,   0% used [0x00000000c2600000, 0x00000000c2600000, 0x00000000c3680000)
  from space 2112K,  41% used [0x00000000c3680000, 0x00000000c375c380, 0x00000000c3890000)
  to   space 2112K,   0% used [0x00000000c3890000, 0x00000000c3890000, 0x00000000c3aa0000)
 concurrent mark-sweep generation total 89320K, used 53691K [0x00000000d6e00000, 0x00000000dc53a000, 0x0000000100000000)
 Metaspace       used 74117K, capacity 77122K, committed 77208K, reserved 1116160K
  class space    used 9567K, capacity 10133K, committed 10136K, reserved 1048576K
}
2022-08-07T09:29:31.163+0000: 33.108: Application time: 0.0272799 seconds
{Heap before GC invocations=390 (full 48):
 par new generation   total 19008K, used 17776K [0x00000000c2600000, 0x00000000c3aa0000, 0x00000000d6e00000)
  eden space 16896K, 100% used [0x00000000c2600000, 0x00000000c3680000, 0x00000000c3680000)
  from space 2112K,  41% used [0x00000000c3680000, 0x00000000c375c380, 0x00000000c3890000)
  to   space 2112K,   0% used [0x00000000c3890000, 0x00000000c3890000, 0x00000000c3aa0000)
 concurrent mark-sweep generation total 89320K, used 53691K [0x00000000d6e00000, 0x00000000dc53a000, 0x0000000100000000)
 Metaspace       used 74117K, capacity 77122K, committed 77208K, reserved 1116160K
  class space    used 9567K, capacity 10133K, committed 10136K, reserved 1048576K
2022-08-07T09:29:31.164+0000: 33.109: [GC (Allocation Failure) 2022-08-07T09:29:31.164+0000: 33.109: [ParNew: 17776K->1001K(19008K), 0.0047965 secs] 71468K->54742K(108328K), 0.0057832 secs] [Times: user=0.02 sys=0.00, real=0.01 secs] 
Heap after GC invocations=391 (full 48):
 par new generation   total 19008K, used 1001K [0x00000000c2600000, 0x00000000c3aa0000, 0x00000000d6e00000)
  eden space 16896K,   0% used [0x00000000c2600000, 0x00000000c2600000, 0x00000000c3680000)
  from space 2112K,  47% used [0x00000000c3890000, 0x00000000c398a7f0, 0x00000000c3aa0000)
  to   space 2112K,   0% used [0x00000000c3680000, 0x00000000c3680000, 0x00000000c3890000)
 concurrent mark-sweep generation total 89320K, used 53740K [0x00000000d6e00000, 0x00000000dc53a000, 0x0000000100000000)
 Metaspace       used 74117K, capacity 77122K, committed 77208K, reserved 1116160K
  class space    used 9567K, capacity 10133K, committed 10136K, reserved 1048576K
}
2022-08-07T09:29:31.187+0000: 33.132: Application time: 0.0165143 seconds
2022-08-07T09:29:31.218+0000: 33.163: Application time: 0.0307322 seconds
{Heap before GC invocations=391 (full 48):
 par new generation   total 19008K, used 17897K [0x00000000c2600000, 0x00000000c3aa0000, 0x00000000d6e00000)
  eden space 16896K, 100% used [0x00000000c2600000, 0x00000000c3680000, 0x00000000c3680000)
  from space 2112K,  47% used [0x00000000c3890000, 0x00000000c398a7f0, 0x00000000c3aa0000)
  to   space 2112K,   0% used [0x00000000c3680000, 0x00000000c3680000, 0x00000000c3890000)
 concurrent mark-sweep generation total 89320K, used 53740K [0x00000000d6e00000, 0x00000000dc53a000, 0x0000000100000000)
 Metaspace       used 74140K, capacity 77186K, committed 77208K, reserved 1116160K
  class space    used 9569K, capacity 10133K, committed 10136K, reserved 1048576K
2022-08-07T09:29:31.219+0000: 33.163: [GC (Allocation Failure) 2022-08-07T09:29:31.219+0000: 33.164: [ParNew: 17897K->818K(19008K), 0.0064508 secs] 71638K->54599K(108328K), 0.0073191 secs] [Times: user=0.02 sys=0.00, real=0.00 secs] 
Heap after GC invocations=392 (full 48):
 par new generation   total 19008K, used 818K [0x00000000c2600000, 0x00000000c3aa0000, 0x00000000d6e00000)
  eden space 16896K,   0% used [0x00000000c2600000, 0x00000000c2600000, 0x00000000c3680000)
  from space 2112K,  38% used [0x00000000c3680000, 0x00000000c374c960, 0x00000000c3890000)
  to   space 2112K,   0% used [0x00000000c3890000, 0x00000000c3890000, 0x00000000c3aa0000)
 concurrent mark-sweep generation total 89320K, used 53781K [0x00000000d6e00000, 0x00000000dc53a000, 0x0000000100000000)
 Metaspace       used 74140K, capacity 77186K, committed 77208K, reserved 1116160K
  class space    used 9569K, capacity 10133K, committed 10136K, reserved 1048576K
}
2022-08-07T09:29:31.230+0000: 33.175: [CMS-concurrent-mark: 0.134/0.179 secs] [Times: user=0.49 sys=0.04, real=0.18 secs] 
2022-08-07T09:29:31.230+0000: 33.175: [CMS-concurrent-preclean-start]
2022-08-07T09:29:31.257+0000: 33.201: Application time: 0.0298921 seconds
{Heap before GC invocations=392 (full 48):
 par new generation   total 19008K, used 17714K [0x00000000c2600000, 0x00000000c3aa0000, 0x00000000d6e00000)
  eden space 16896K, 100% used [0x00000000c2600000, 0x00000000c3680000, 0x00000000c3680000)
  from space 2112K,  38% used [0x00000000c3680000, 0x00000000c374c960, 0x00000000c3890000)
  to   space 2112K,   0% used [0x00000000c3890000, 0x00000000c3890000, 0x00000000c3aa0000)
 concurrent mark-sweep generation total 89320K, used 53781K [0x00000000d6e00000, 0x00000000dc53a000, 0x0000000100000000)
 Metaspace       used 74167K, capacity 77224K, committed 77336K, reserved 1116160K
  class space    used 9572K, capacity 10166K, committed 10264K, reserved 1048576K
2022-08-07T09:29:31.257+0000: 33.202: [GC (Allocation Failure) 2022-08-07T09:29:31.257+0000: 33.202: [ParNew: 17714K->825K(19008K), 0.0092915 secs] 71495K->54644K(108328K), 0.0102369 secs] [Times: user=0.03 sys=0.00, real=0.01 secs] 
Heap after GC invocations=393 (full 48):
 par new generation   total 19008K, used 825K [0x00000000c2600000, 0x00000000c3aa0000, 0x00000000d6e00000)
  eden space 16896K,   0% used [0x00000000c2600000, 0x00000000c2600000, 0x00000000c3680000)
  from space 2112K,  39% used [0x00000000c3890000, 0x00000000c395e610, 0x00000000c3aa0000)
  to   space 2112K,   0% used [0x00000000c3680000, 0x00000000c3680000, 0x00000000c3890000)
 concurrent mark-sweep generation total 89320K, used 53818K [0x00000000d6e00000, 0x00000000dc53a000, 0x0000000100000000)
 Metaspace       used 74167K, capacity 77224K, committed 77336K, reserved 1116160K
  class space    used 9572K, capacity 10166K, committed 10264K, reserved 1048576K
}
2022-08-07T09:29:31.269+0000: 33.214: [CMS-concurrent-preclean: 0.015/0.039 secs] [Times: user=0.11 sys=0.03, real=0.04 secs] 
2022-08-07T09:29:31.270+0000: 33.215: Application time: 0.0014717 seconds
2022-08-07T09:29:31.274+0000: 33.219: [GC (CMS Final Remark) [YG occupancy: 1521 K (19008 K)]2022-08-07T09:29:31.275+0000: 33.219: [Rescan (parallel) , 0.0072109 secs]2022-08-07T09:29:31.282+0000: 33.227: [weak refs processing, 0.0004800 secs]2022-08-07T09:29:31.283+0000: 33.228: [class unloading, 0.0160748 secs]2022-08-07T09:29:31.300+0000: 33.244: [scrub symbol table, 0.0170199 secs]2022-08-07T09:29:31.325+0000: 33.270: [scrub string table, 0.0014240 secs][1 CMS-remark: 53818K(89320K)] 55340K(108328K), 0.0525723 secs] [Times: user=0.13 sys=0.01, real=0.06 secs] 
2022-08-07T09:29:31.328+0000: 33.273: [CMS-concurrent-sweep-start]
2022-08-07T09:29:31.378+0000: 33.323: [CMS-concurrent-sweep: 0.050/0.050 secs] [Times: user=0.12 sys=0.01, real=0.05 secs] 
2022-08-07T09:29:31.379+0000: 33.324: [CMS-concurrent-reset-start]
2022-08-07T09:29:31.380+0000: 33.325: [CMS-concurrent-reset: 0.001/0.001 secs] [Times: user=0.00 sys=0.00, real=0.00 secs] 
2022-08-07T09:29:31.387+0000: 33.332: Application time: 0.0596791 seconds
2022-08-07T09:29:31.395+0000: 33.339: Application time: 0.0064137 seconds
{Heap before GC invocations=393 (full 48):
 par new generation   total 19008K, used 17721K [0x00000000c2600000, 0x00000000c3aa0000, 0x00000000d6e00000)
  eden space 16896K, 100% used [0x00000000c2600000, 0x00000000c3680000, 0x00000000c3680000)
  from space 2112K,  39% used [0x00000000c3890000, 0x00000000c395e610, 0x00000000c3aa0000)
  to   space 2112K,   0% used [0x00000000c3680000, 0x00000000c3680000, 0x00000000c3890000)
 concurrent mark-sweep generation total 89628K, used 53775K [0x00000000d6e00000, 0x00000000dc587000, 0x0000000100000000)
 Metaspace       used 74179K, capacity 77228K, committed 77592K, reserved 1116160K
  class space    used 9575K, capacity 10168K, committed 10264K, reserved 1048576K
2022-08-07T09:29:31.395+0000: 33.340: [GC (Allocation Failure) 2022-08-07T09:29:31.395+0000: 33.340: [ParNew: 17721K->1140K(19008K), 0.0046169 secs] 71496K->54964K(108636K), 0.0054884 secs] [Times: user=0.02 sys=0.01, real=0.01 secs] 
Heap after GC invocations=394 (full 48):
 par new generation   total 19008K, used 1140K [0x00000000c2600000, 0x00000000c3aa0000, 0x00000000d6e00000)
  eden space 16896K,   0% used [0x00000000c2600000, 0x00000000c2600000, 0x00000000c3680000)
  from space 2112K,  54% used [0x00000000c3680000, 0x00000000c379d2e8, 0x00000000c3890000)
  to   space 2112K,   0% used [0x00000000c3890000, 0x00000000c3890000, 0x00000000c3aa0000)
 concurrent mark-sweep generation total 89628K, used 53823K [0x00000000d6e00000, 0x00000000dc587000, 0x0000000100000000)
 Metaspace       used 74179K, capacity 77228K, committed 77592K, reserved 1116160K
  class space    used 9575K, capacity 10168K, committed 10264K, reserved 1048576K
}
2022-08-07T09:29:31.403+0000: 33.348: Application time: 0.0021352 seconds
2022-08-07T09:29:31.403+0000: 33.348: [GC (CMS Initial Mark) [1 CMS-initial-mark: 53823K(89628K)] 55996K(108636K), 0.0035736 secs] [Times: user=0.01 sys=0.00, real=0.01 secs] 
2022-08-07T09:29:31.409+0000: 33.353: [CMS-concurrent-mark-start]
2022-08-07T09:29:31.436+0000: 33.381: Application time: 0.0280110 seconds
{Heap before GC invocations=394 (full 49):
 par new generation   total 19008K, used 18036K [0x00000000c2600000, 0x00000000c3aa0000, 0x00000000d6e00000)
  eden space 16896K, 100% used [0x00000000c2600000, 0x00000000c3680000, 0x00000000c3680000)
  from space 2112K,  54% used [0x00000000c3680000, 0x00000000c379d2e8, 0x00000000c3890000)
  to   space 2112K,   0% used [0x00000000c3890000, 0x00000000c3890000, 0x00000000c3aa0000)
 concurrent mark-sweep generation total 89628K, used 53823K [0x00000000d6e00000, 0x00000000dc587000, 0x0000000100000000)
 Metaspace       used 74191K, capacity 77228K, committed 77592K, reserved 1116160K
  class space    used 9576K, capacity 10168K, committed 10264K, reserved 1048576K
2022-08-07T09:29:31.437+0000: 33.382: [GC (Allocation Failure) 2022-08-07T09:29:31.438+0000: 33.382: [ParNew: 18036K->975K(19008K), 0.0043817 secs] 71860K->54834K(108636K), 0.0055233 secs] [Times: user=0.01 sys=0.01, real=0.00 secs] 
Heap after GC invocations=395 (full 49):
 par new generation   total 19008K, used 975K [0x00000000c2600000, 0x00000000c3aa0000, 0x00000000d6e00000)
  eden space 16896K,   0% used [0x00000000c2600000, 0x00000000c2600000, 0x00000000c3680000)
  from space 2112K,  46% used [0x00000000c3890000, 0x00000000c3983de0, 0x00000000c3aa0000)
  to   space 2112K,   0% used [0x00000000c3680000, 0x00000000c3680000, 0x00000000c3890000)
 concurrent mark-sweep generation total 89628K, used 53858K [0x00000000d6e00000, 0x00000000dc587000, 0x0000000100000000)
 Metaspace       used 74191K, capacity 77228K, committed 77592K, reserved 1116160K
  class space    used 9576K, capacity 10168K, committed 10264K, reserved 1048576K
}
2022-08-07T09:29:31.472+0000: 33.417: Application time: 0.0289712 seconds
{Heap before GC invocations=395 (full 49):
 par new generation   total 19008K, used 17871K [0x00000000c2600000, 0x00000000c3aa0000, 0x00000000d6e00000)
  eden space 16896K, 100% used [0x00000000c2600000, 0x00000000c3680000, 0x00000000c3680000)
  from space 2112K,  46% used [0x00000000c3890000, 0x00000000c3983de0, 0x00000000c3aa0000)
  to   space 2112K,   0% used [0x00000000c3680000, 0x00000000c3680000, 0x00000000c3890000)
 concurrent mark-sweep generation total 89628K, used 53858K [0x00000000d6e00000, 0x00000000dc587000, 0x0000000100000000)
 Metaspace       used 74195K, capacity 77228K, committed 77592K, reserved 1116160K
  class space    used 9576K, capacity 10168K, committed 10264K, reserved 1048576K
2022-08-07T09:29:31.473+0000: 33.418: [GC (Allocation Failure) 2022-08-07T09:29:31.473+0000: 33.418: [ParNew: 17871K->986K(19008K), 0.0066879 secs] 71730K->54943K(108636K), 0.0076263 secs] [Times: user=0.02 sys=0.01, real=0.01 secs] 
Heap after GC invocations=396 (full 49):
 par new generation   total 19008K, used 986K [0x00000000c2600000, 0x00000000c3aa0000, 0x00000000d6e00000)
  eden space 16896K,   0% used [0x00000000c2600000, 0x00000000c2600000, 0x00000000c3680000)
  from space 2112K,  46% used [0x00000000c3680000, 0x00000000c3776bd0, 0x00000000c3890000)
  to   space 2112K,   0% used [0x00000000c3890000, 0x00000000c3890000, 0x00000000c3aa0000)
 concurrent mark-sweep generation total 89628K, used 53956K [0x00000000d6e00000, 0x00000000dc587000, 0x0000000100000000)
 Metaspace       used 74195K, capacity 77228K, committed 77592K, reserved 1116160K
  class space    used 9576K, capacity 10168K, committed 10264K, reserved 1048576K
}
2022-08-07T09:29:31.529+0000: 33.474: [CMS-concurrent-mark: 0.103/0.120 secs] [Times: user=0.39 sys=0.03, real=0.12 secs] 
2022-08-07T09:29:31.529+0000: 33.474: [CMS-concurrent-preclean-start]
2022-08-07T09:29:31.551+0000: 33.495: [CMS-concurrent-preclean: 0.013/0.021 secs] [Times: user=0.06 sys=0.01, real=0.02 secs] 
2022-08-07T09:29:31.551+0000: 33.496: [CMS-concurrent-abortable-preclean-start]
2022-08-07T09:29:31.558+0000: 33.503: Application time: 0.0769411 seconds
{Heap before GC invocations=396 (full 49):
 par new generation   total 19008K, used 17882K [0x00000000c2600000, 0x00000000c3aa0000, 0x00000000d6e00000)
  eden space 16896K, 100% used [0x00000000c2600000, 0x00000000c3680000, 0x00000000c3680000)
  from space 2112K,  46% used [0x00000000c3680000, 0x00000000c3776bd0, 0x00000000c3890000)
  to   space 2112K,   0% used [0x00000000c3890000, 0x00000000c3890000, 0x00000000c3aa0000)
 concurrent mark-sweep generation total 89628K, used 53956K [0x00000000d6e00000, 0x00000000dc587000, 0x0000000100000000)
 Metaspace       used 74266K, capacity 77312K, committed 77592K, reserved 1116160K
  class space    used 9586K, capacity 10172K, committed 10264K, reserved 1048576K
2022-08-07T09:29:31.558+0000: 33.503: [GC (Allocation Failure) 2022-08-07T09:29:31.559+0000: 33.504: [ParNew: 17882K->973K(19008K), 0.0094720 secs] 71839K->55064K(108636K), 0.0105883 secs] [Times: user=0.02 sys=0.00, real=0.01 secs] 
Heap after GC invocations=397 (full 49):
 par new generation   total 19008K, used 973K [0x00000000c2600000, 0x00000000c3aa0000, 0x00000000d6e00000)
  eden space 16896K,   0% used [0x00000000c2600000, 0x00000000c2600000, 0x00000000c3680000)
  from space 2112K,  46% used [0x00000000c3890000, 0x00000000c3983750, 0x00000000c3aa0000)
  to   space 2112K,   0% used [0x00000000c3680000, 0x00000000c3680000, 0x00000000c3890000)
 concurrent mark-sweep generation total 89628K, used 54090K [0x00000000d6e00000, 0x00000000dc587000, 0x0000000100000000)
 Metaspace       used 74266K, capacity 77312K, committed 77592K, reserved 1116160K
  class space    used 9586K, capacity 10172K, committed 10264K, reserved 1048576K
}
2022-08-07T09:29:31.604+0000: 33.548: Application time: 0.0304803 seconds
{Heap before GC invocations=397 (full 49):
 par new generation   total 19008K, used 17869K [0x00000000c2600000, 0x00000000c3aa0000, 0x00000000d6e00000)
  eden space 16896K, 100% used [0x00000000c2600000, 0x00000000c3680000, 0x00000000c3680000)
  from space 2112K,  46% used [0x00000000c3890000, 0x00000000c3983750, 0x00000000c3aa0000)
  to   space 2112K,   0% used [0x00000000c3680000, 0x00000000c3680000, 0x00000000c3890000)
 concurrent mark-sweep generation total 89628K, used 54090K [0x00000000d6e00000, 0x00000000dc587000, 0x0000000100000000)
 Metaspace       used 74296K, capacity 77382K, committed 77592K, reserved 1116160K
  class space    used 9590K, capacity 10173K, committed 10264K, reserved 1048576K
2022-08-07T09:29:31.604+0000: 33.549: [GC (Allocation Failure) 2022-08-07T09:29:31.605+0000: 33.549: [ParNew: 17869K->1313K(19008K), 0.0030578 secs] 71960K->55467K(108636K), 0.0037507 secs] [Times: user=0.01 sys=0.00, real=0.01 secs] 
Heap after GC invocations=398 (full 49):
 par new generation   total 19008K, used 1313K [0x00000000c2600000, 0x00000000c3aa0000, 0x00000000d6e00000)
  eden space 16896K,   0% used [0x00000000c2600000, 0x00000000c2600000, 0x00000000c3680000)
  from space 2112K,  62% used [0x00000000c3680000, 0x00000000c37c8720, 0x00000000c3890000)
  to   space 2112K,   0% used [0x00000000c3890000, 0x00000000c3890000, 0x00000000c3aa0000)
 concurrent mark-sweep generation total 89628K, used 54154K [0x00000000d6e00000, 0x00000000dc587000, 0x0000000100000000)
 Metaspace       used 74296K, capacity 77382K, committed 77592K, reserved 1116160K
  class space    used 9590K, capacity 10173K, committed 10264K, reserved 1048576K
}
2022-08-07T09:29:31.628+0000: 33.573: Application time: 0.0195253 seconds
{Heap before GC invocations=398 (full 49):
 par new generation   total 19008K, used 18209K [0x00000000c2600000, 0x00000000c3aa0000, 0x00000000d6e00000)
  eden space 16896K, 100% used [0x00000000c2600000, 0x00000000c3680000, 0x00000000c3680000)
  from space 2112K,  62% used [0x00000000c3680000, 0x00000000c37c8720, 0x00000000c3890000)
  to   space 2112K,   0% used [0x00000000c3890000, 0x00000000c3890000, 0x00000000c3aa0000)
 concurrent mark-sweep generation total 89628K, used 54154K [0x00000000d6e00000, 0x00000000dc587000, 0x0000000100000000)
 Metaspace       used 74296K, capacity 77382K, committed 77592K, reserved 1116160K
  class space    used 9590K, capacity 10173K, committed 10264K, reserved 1048576K
2022-08-07T09:29:31.629+0000: 33.574: [GC (Allocation Failure) 2022-08-07T09:29:31.629+0000: 33.574: [ParNew: 18209K->948K(19008K), 0.0028614 secs] 72363K->55138K(108636K), 0.0042430 secs] [Times: user=0.01 sys=0.00, real=0.00 secs] 
Heap after GC invocations=399 (full 49):
 par new generation   total 19008K, used 948K [0x00000000c2600000, 0x00000000c3aa0000, 0x00000000d6e00000)
  eden space 16896K,   0% used [0x00000000c2600000, 0x00000000c2600000, 0x00000000c3680000)
  from space 2112K,  44% used [0x00000000c3890000, 0x00000000c397d080, 0x00000000c3aa0000)
  to   space 2112K,   0% used [0x00000000c3680000, 0x00000000c3680000, 0x00000000c3890000)
 concurrent mark-sweep generation total 89628K, used 54189K [0x00000000d6e00000, 0x00000000dc587000, 0x0000000100000000)
 Metaspace       used 74296K, capacity 77382K, committed 77592K, reserved 1116160K
  class space    used 9590K, capacity 10173K, committed 10264K, reserved 1048576K
}
2022-08-07T09:29:31.636+0000: 33.581: [CMS-concurrent-abortable-preclean: 0.032/0.085 secs] [Times: user=0.20 sys=0.05, real=0.08 secs] 
2022-08-07T09:29:31.637+0000: 33.581: Application time: 0.0026833 seconds
2022-08-07T09:29:31.637+0000: 33.582: [GC (CMS Final Remark) [YG occupancy: 1645 K (19008 K)]2022-08-07T09:29:31.637+0000: 33.582: [Rescan (parallel) , 0.0025427 secs]2022-08-07T09:29:31.640+0000: 33.585: [weak refs processing, 0.0003902 secs]2022-08-07T09:29:31.641+0000: 33.586: [class unloading, 0.0113124 secs]2022-08-07T09:29:31.653+0000: 33.597: [scrub symbol table, 0.0150569 secs]2022-08-07T09:29:31.668+0000: 33.613: [scrub string table, 0.0011551 secs][1 CMS-remark: 54189K(89628K)] 55835K(108636K), 0.0328008 secs] [Times: user=0.06 sys=0.01, real=0.03 secs] 
2022-08-07T09:29:31.671+0000: 33.616: [CMS-concurrent-sweep-start]
2022-08-07T09:29:31.713+0000: 33.658: [CMS-concurrent-sweep: 0.042/0.042 secs] [Times: user=0.11 sys=0.03, real=0.04 secs] 
2022-08-07T09:29:31.714+0000: 33.659: [CMS-concurrent-reset-start]
2022-08-07T09:29:31.715+0000: 33.660: [CMS-concurrent-reset: 0.001/0.001 secs] [Times: user=0.01 sys=0.00, real=0.00 secs] 
2022-08-07T09:29:31.720+0000: 33.664: Application time: 0.0492237 seconds
{Heap before GC invocations=399 (full 49):
 par new generation   total 19008K, used 17844K [0x00000000c2600000, 0x00000000c3aa0000, 0x00000000d6e00000)
  eden space 16896K, 100% used [0x00000000c2600000, 0x00000000c3680000, 0x00000000c3680000)
  from space 2112K,  44% used [0x00000000c3890000, 0x00000000c397d080, 0x00000000c3aa0000)
  to   space 2112K,   0% used [0x00000000c3680000, 0x00000000c3680000, 0x00000000c3890000)
 concurrent mark-sweep generation total 90252K, used 54150K [0x00000000d6e00000, 0x00000000dc623000, 0x0000000100000000)
 Metaspace       used 74396K, capacity 77482K, committed 77592K, reserved 1116160K
  class space    used 9607K, capacity 10183K, committed 10264K, reserved 1048576K
2022-08-07T09:29:31.720+0000: 33.665: [GC (Allocation Failure) 2022-08-07T09:29:31.720+0000: 33.665: [ParNew: 17844K->1278K(19008K), 0.0047021 secs] 71994K->55479K(109260K), 0.0052982 secs] [Times: user=0.01 sys=0.00, real=0.00 secs] 
Heap after GC invocations=400 (full 49):
 par new generation   total 19008K, used 1278K [0x00000000c2600000, 0x00000000c3aa0000, 0x00000000d6e00000)
  eden space 16896K,   0% used [0x00000000c2600000, 0x00000000c2600000, 0x00000000c3680000)
  from space 2112K,  60% used [0x00000000c3680000, 0x00000000c37bf950, 0x00000000c3890000)
  to   space 2112K,   0% used [0x00000000c3890000, 0x00000000c3890000, 0x00000000c3aa0000)
 concurrent mark-sweep generation total 90252K, used 54200K [0x00000000d6e00000, 0x00000000dc623000, 0x0000000100000000)
 Metaspace       used 74396K, capacity 77482K, committed 77592K, reserved 1116160K
  class space    used 9607K, capacity 10183K, committed 10264K, reserved 1048576K
}
2022-08-07T09:29:31.726+0000: 33.671: Application time: 0.0002699 seconds
2022-08-07T09:29:31.727+0000: 33.672: [GC (CMS Initial Mark) [1 CMS-initial-mark: 54200K(90252K)] 55820K(109260K), 0.0031790 secs] [Times: user=0.01 sys=0.00, real=0.00 secs] 
2022-08-07T09:29:31.731+0000: 33.676: [CMS-concurrent-mark-start]
2022-08-07T09:29:31.948+0000: 33.892: Application time: 0.2165693 seconds
{Heap before GC invocations=400 (full 50):
 par new generation   total 19008K, used 18174K [0x00000000c2600000, 0x00000000c3aa0000, 0x00000000d6e00000)
  eden space 16896K, 100% used [0x00000000c2600000, 0x00000000c3680000, 0x00000000c3680000)
  from space 2112K,  60% used [0x00000000c3680000, 0x00000000c37bf950, 0x00000000c3890000)
  to   space 2112K,   0% used [0x00000000c3890000, 0x00000000c3890000, 0x00000000c3aa0000)
 concurrent mark-sweep generation total 90252K, used 54200K [0x00000000d6e00000, 0x00000000dc623000, 0x0000000100000000)
 Metaspace       used 74575K, capacity 77686K, committed 77848K, reserved 1116160K
  class space    used 9631K, capacity 10233K, committed 10264K, reserved 1048576K
2022-08-07T09:29:31.948+0000: 33.893: [GC (Allocation Failure) 2022-08-07T09:29:31.949+0000: 33.894: [ParNew: 18174K->1673K(19008K), 0.0042952 secs] 72375K->56032K(109260K), 0.0056877 secs] [Times: user=0.02 sys=0.00, real=0.00 secs] 
Heap after GC invocations=401 (full 50):
 par new generation   total 19008K, used 1673K [0x00000000c2600000, 0x00000000c3aa0000, 0x00000000d6e00000)
  eden space 16896K,   0% used [0x00000000c2600000, 0x00000000c2600000, 0x00000000c3680000)
  from space 2112K,  79% used [0x00000000c3890000, 0x00000000c3a325d0, 0x00000000c3aa0000)
  to   space 2112K,   0% used [0x00000000c3680000, 0x00000000c3680000, 0x00000000c3890000)
 concurrent mark-sweep generation total 90252K, used 54358K [0x00000000d6e00000, 0x00000000dc623000, 0x0000000100000000)
 Metaspace       used 74575K, capacity 77686K, committed 77848K, reserved 1116160K
  class space    used 9631K, capacity 10233K, committed 10264K, reserved 1048576K
}
2022-08-07T09:29:31.969+0000: 33.914: [CMS-concurrent-mark: 0.231/0.238 secs] [Times: user=0.64 sys=0.17, real=0.24 secs] 
2022-08-07T09:29:31.970+0000: 33.914: [CMS-concurrent-preclean-start]
2022-08-07T09:29:31.987+0000: 33.932: Application time: 0.0330702 seconds
{Heap before GC invocations=401 (full 50):
 par new generation   total 19008K, used 18569K [0x00000000c2600000, 0x00000000c3aa0000, 0x00000000d6e00000)
  eden space 16896K, 100% used [0x00000000c2600000, 0x00000000c3680000, 0x00000000c3680000)
  from space 2112K,  79% used [0x00000000c3890000, 0x00000000c3a325d0, 0x00000000c3aa0000)
  to   space 2112K,   0% used [0x00000000c3680000, 0x00000000c3680000, 0x00000000c3890000)
 concurrent mark-sweep generation total 90252K, used 54358K [0x00000000d6e00000, 0x00000000dc623000, 0x0000000100000000)
 Metaspace       used 74583K, capacity 77686K, committed 77848K, reserved 1116160K
  class space    used 9631K, capacity 10233K, committed 10264K, reserved 1048576K
2022-08-07T09:29:31.988+0000: 33.933: [GC (Allocation Failure) 2022-08-07T09:29:31.988+0000: 33.933: [ParNew: 18569K->1396K(19008K), 0.0037436 secs] 72928K->55991K(109260K), 0.0045690 secs] [Times: user=0.01 sys=0.00, real=0.00 secs] 
Heap after GC invocations=402 (full 50):
 par new generation   total 19008K, used 1396K [0x00000000c2600000, 0x00000000c3aa0000, 0x00000000d6e00000)
  eden space 16896K,   0% used [0x00000000c2600000, 0x00000000c2600000, 0x00000000c3680000)
  from space 2112K,  66% used [0x00000000c3680000, 0x00000000c37dd2e0, 0x00000000c3890000)
  to   space 2112K,   0% used [0x00000000c3890000, 0x00000000c3890000, 0x00000000c3aa0000)
 concurrent mark-sweep generation total 90252K, used 54594K [0x00000000d6e00000, 0x00000000dc623000, 0x0000000100000000)
 Metaspace       used 74583K, capacity 77686K, committed 77848K, reserved 1116160K
  class space    used 9631K, capacity 10233K, committed 10264K, reserved 1048576K
}
2022-08-07T09:29:32.033+0000: 33.977: [CMS-concurrent-preclean: 0.033/0.063 secs] [Times: user=0.18 sys=0.05, real=0.06 secs] 
2022-08-07T09:29:32.033+0000: 33.978: [CMS-concurrent-abortable-preclean-start]
2022-08-07T09:29:32.047+0000: 33.992: [CMS-concurrent-abortable-preclean: 0.012/0.014 secs] [Times: user=0.05 sys=0.01, real=0.02 secs] 
2022-08-07T09:29:32.049+0000: 33.994: Application time: 0.0560598 seconds
2022-08-07T09:29:32.050+0000: 33.995: [GC (CMS Final Remark) [YG occupancy: 16440 K (19008 K)]2022-08-07T09:29:32.050+0000: 33.995: [Rescan (parallel) , 0.0052155 secs]2022-08-07T09:29:32.056+0000: 34.000: [weak refs processing, 0.0004076 secs]2022-08-07T09:29:32.056+0000: 34.001: [class unloading, 0.0121165 secs]2022-08-07T09:29:32.069+0000: 34.014: [scrub symbol table, 0.0156089 secs]2022-08-07T09:29:32.085+0000: 34.030: [scrub string table, 0.0012744 secs][1 CMS-remark: 54594K(90252K)] 71035K(109260K), 0.0370452 secs] [Times: user=0.08 sys=0.00, real=0.04 secs] 
2022-08-07T09:29:32.088+0000: 34.032: [CMS-concurrent-sweep-start]
2022-08-07T09:29:32.103+0000: 34.048: Application time: 0.0159961 seconds
{Heap before GC invocations=402 (full 50):
 par new generation   total 19008K, used 18292K [0x00000000c2600000, 0x00000000c3aa0000, 0x00000000d6e00000)
  eden space 16896K, 100% used [0x00000000c2600000, 0x00000000c3680000, 0x00000000c3680000)
  from space 2112K,  66% used [0x00000000c3680000, 0x00000000c37dd2e0, 0x00000000c3890000)
  to   space 2112K,   0% used [0x00000000c3890000, 0x00000000c3890000, 0x00000000c3aa0000)
 concurrent mark-sweep generation total 90252K, used 54580K [0x00000000d6e00000, 0x00000000dc623000, 0x0000000100000000)
 Metaspace       used 74715K, capacity 77840K, committed 78104K, reserved 1118208K
  class space    used 9646K, capacity 10238K, committed 10264K, reserved 1048576K
2022-08-07T09:29:32.104+0000: 34.048: [GC (Allocation Failure) 2022-08-07T09:29:32.104+0000: 34.049: [ParNew: 18292K->1248K(19008K), 0.0029909 secs] 72872K->55829K(109260K), 0.0038357 secs] [Times: user=0.02 sys=0.00, real=0.01 secs] 
Heap after GC invocations=403 (full 50):
 par new generation   total 19008K, used 1248K [0x00000000c2600000, 0x00000000c3aa0000, 0x00000000d6e00000)
  eden space 16896K,   0% used [0x00000000c2600000, 0x00000000c2600000, 0x00000000c3680000)
  from space 2112K,  59% used [0x00000000c3890000, 0x00000000c39c8330, 0x00000000c3aa0000)
  to   space 2112K,   0% used [0x00000000c3680000, 0x00000000c3680000, 0x00000000c3890000)
 concurrent mark-sweep generation total 90252K, used 54580K [0x00000000d6e00000, 0x00000000dc623000, 0x0000000100000000)
 Metaspace       used 74715K, capacity 77840K, committed 78104K, reserved 1118208K
  class space    used 9646K, capacity 10238K, committed 10264K, reserved 1048576K
}
2022-08-07T09:29:32.117+0000: 34.062: [CMS-concurrent-sweep: 0.025/0.030 secs] [Times: user=0.10 sys=0.01, real=0.03 secs] 
2022-08-07T09:29:32.118+0000: 34.063: [CMS-concurrent-reset-start]
2022-08-07T09:29:32.118+0000: 34.063: [CMS-concurrent-reset: 0.000/0.001 secs] [Times: user=0.00 sys=0.00, real=0.00 secs] 
2022-08-07T09:29:32.136+0000: 34.081: Application time: 0.0279766 seconds
{Heap before GC invocations=403 (full 50):
 par new generation   total 19008K, used 18144K [0x00000000c2600000, 0x00000000c3aa0000, 0x00000000d6e00000)
  eden space 16896K, 100% used [0x00000000c2600000, 0x00000000c3680000, 0x00000000c3680000)
  from space 2112K,  59% used [0x00000000c3890000, 0x00000000c39c8330, 0x00000000c3aa0000)
  to   space 2112K,   0% used [0x00000000c3680000, 0x00000000c3680000, 0x00000000c3890000)
 concurrent mark-sweep generation total 90940K, used 54563K [0x00000000d6e00000, 0x00000000dc6cf000, 0x0000000100000000)
 Metaspace       used 74720K, capacity 77846K, committed 78104K, reserved 1118208K
  class space    used 9647K, capacity 10239K, committed 10264K, reserved 1048576K
2022-08-07T09:29:32.137+0000: 34.081: [GC (Allocation Failure) 2022-08-07T09:29:32.137+0000: 34.082: [ParNew: 18144K->1463K(19008K), 0.0030544 secs] 72707K->56026K(109948K), 0.0038938 secs] [Times: user=0.01 sys=0.01, real=0.01 secs] 
Heap after GC invocations=404 (full 50):
 par new generation   total 19008K, used 1463K [0x00000000c2600000, 0x00000000c3aa0000, 0x00000000d6e00000)
  eden space 16896K,   0% used [0x00000000c2600000, 0x00000000c2600000, 0x00000000c3680000)
  from space 2112K,  69% used [0x00000000c3680000, 0x00000000c37ede48, 0x00000000c3890000)
  to   space 2112K,   0% used [0x00000000c3890000, 0x00000000c3890000, 0x00000000c3aa0000)
 concurrent mark-sweep generation total 90940K, used 54563K [0x00000000d6e00000, 0x00000000dc6cf000, 0x0000000100000000)
 Metaspace       used 74720K, capacity 77846K, committed 78104K, reserved 1118208K
  class space    used 9647K, capacity 10239K, committed 10264K, reserved 1048576K
}
2022-08-07T09:29:32.172+0000: 34.117: Application time: 0.0312932 seconds
2022-08-07T09:29:32.190+0000: 34.135: Application time: 0.0169024 seconds
2022-08-07T09:29:32.224+0000: 34.168: Application time: 0.0322004 seconds
2022-08-07T09:29:32.258+0000: 34.203: Application time: 0.0336627 seconds
2022-08-07T09:29:32.275+0000: 34.220: Application time: 0.0135024 seconds
2022-08-07T09:29:32.279+0000: 34.224: Application time: 0.0026720 seconds
{Heap before GC invocations=404 (full 50):
 par new generation   total 19008K, used 18359K [0x00000000c2600000, 0x00000000c3aa0000, 0x00000000d6e00000)
  eden space 16896K, 100% used [0x00000000c2600000, 0x00000000c3680000, 0x00000000c3680000)
  from space 2112K,  69% used [0x00000000c3680000, 0x00000000c37ede48, 0x00000000c3890000)
  to   space 2112K,   0% used [0x00000000c3890000, 0x00000000c3890000, 0x00000000c3aa0000)
 concurrent mark-sweep generation total 90940K, used 54563K [0x00000000d6e00000, 0x00000000dc6cf000, 0x0000000100000000)
 Metaspace       used 75109K, capacity 78312K, committed 78488K, reserved 1118208K
  class space    used 9699K, capacity 10308K, committed 10392K, reserved 1048576K
2022-08-07T09:29:32.279+0000: 34.224: [GC (Allocation Failure) 2022-08-07T09:29:32.280+0000: 34.225: [ParNew: 18359K->2039K(19008K), 0.0085315 secs] 72922K->56653K(109948K), 0.0093144 secs] [Times: user=0.03 sys=0.00, real=0.01 secs] 
Heap after GC invocations=405 (full 50):
 par new generation   total 19008K, used 2039K [0x00000000c2600000, 0x00000000c3aa0000, 0x00000000d6e00000)
  eden space 16896K,   0% used [0x00000000c2600000, 0x00000000c2600000, 0x00000000c3680000)
  from space 2112K,  96% used [0x00000000c3890000, 0x00000000c3a8dcf8, 0x00000000c3aa0000)
  to   space 2112K,   0% used [0x00000000c3680000, 0x00000000c3680000, 0x00000000c3890000)
 concurrent mark-sweep generation total 90940K, used 54614K [0x00000000d6e00000, 0x00000000dc6cf000, 0x0000000100000000)
 Metaspace       used 75109K, capacity 78312K, committed 78488K, reserved 1118208K
  class space    used 9699K, capacity 10308K, committed 10392K, reserved 1048576K
}
2022-08-07T09:29:32.301+0000: 34.246: Application time: 0.0115746 seconds
2022-08-07T09:29:32.301+0000: 34.246: [GC (CMS Initial Mark) [1 CMS-initial-mark: 54614K(90940K)] 57685K(109948K), 0.0050957 secs] [Times: user=0.01 sys=0.00, real=0.01 secs] 
2022-08-07T09:29:32.307+0000: 34.252: [CMS-concurrent-mark-start]
2022-08-07T09:29:32.313+0000: 34.258: Application time: 0.0061826 seconds
2022-08-07T09:29:32.319+0000: 34.264: Application time: 0.0001220 seconds
2022-08-07T09:29:32.405+0000: 34.350: Application time: 0.0849605 seconds
{Heap before GC invocations=405 (full 51):
 par new generation   total 19008K, used 18935K [0x00000000c2600000, 0x00000000c3aa0000, 0x00000000d6e00000)
  eden space 16896K, 100% used [0x00000000c2600000, 0x00000000c3680000, 0x00000000c3680000)
  from space 2112K,  96% used [0x00000000c3890000, 0x00000000c3a8dcf8, 0x00000000c3aa0000)
  to   space 2112K,   0% used [0x00000000c3680000, 0x00000000c3680000, 0x00000000c3890000)
 concurrent mark-sweep generation total 90940K, used 54614K [0x00000000d6e00000, 0x00000000dc6cf000, 0x0000000100000000)
 Metaspace       used 75192K, capacity 78384K, committed 78744K, reserved 1118208K
  class space    used 9708K, capacity 10310K, committed 10392K, reserved 1048576K
2022-08-07T09:29:32.405+0000: 34.357: [GC (Allocation Failure) 2022-08-07T09:29:32.412+0000: 34.357: [ParNew: 18935K->1655K(19008K), 0.0166946 secs] 73549K->57124K(109948K), 0.0245097 secs] [Times: user=0.07 sys=0.00, real=0.03 secs] 
Heap after GC invocations=406 (full 51):
 par new generation   total 19008K, used 1655K [0x00000000c2600000, 0x00000000c3aa0000, 0x00000000d6e00000)
  eden space 16896K,   0% used [0x00000000c2600000, 0x00000000c2600000, 0x00000000c3680000)
  from space 2112K,  78% used [0x00000000c3680000, 0x00000000c381dde8, 0x00000000c3890000)
  to   space 2112K,   0% used [0x00000000c3890000, 0x00000000c3890000, 0x00000000c3aa0000)
 concurrent mark-sweep generation total 90940K, used 55469K [0x00000000d6e00000, 0x00000000dc6cf000, 0x0000000100000000)
 Metaspace       used 75192K, capacity 78384K, committed 78744K, reserved 1118208K
  class space    used 9708K, capacity 10310K, committed 10392K, reserved 1048576K
}
2022-08-07T09:29:32.457+0000: 34.402: Application time: 0.0266183 seconds
{Heap before GC invocations=406 (full 51):
 par new generation   total 19008K, used 18551K [0x00000000c2600000, 0x00000000c3aa0000, 0x00000000d6e00000)
  eden space 16896K, 100% used [0x00000000c2600000, 0x00000000c3680000, 0x00000000c3680000)
  from space 2112K,  78% used [0x00000000c3680000, 0x00000000c381dde8, 0x00000000c3890000)
  to   space 2112K,   0% used [0x00000000c3890000, 0x00000000c3890000, 0x00000000c3aa0000)
 concurrent mark-sweep generation total 90940K, used 55469K [0x00000000d6e00000, 0x00000000dc6cf000, 0x0000000100000000)
 Metaspace       used 75196K, capacity 78390K, committed 78744K, reserved 1118208K
  class space    used 9708K, capacity 10311K, committed 10392K, reserved 1048576K
2022-08-07T09:29:32.458+0000: 34.403: [GC (Allocation Failure) 2022-08-07T09:29:32.458+0000: 34.403: [ParNew: 18551K->671K(19008K), 0.0039144 secs] 74020K->56141K(109948K), 0.0046674 secs] [Times: user=0.02 sys=0.00, real=0.00 secs] 
Heap after GC invocations=407 (full 51):
 par new generation   total 19008K, used 671K [0x00000000c2600000, 0x00000000c3aa0000, 0x00000000d6e00000)
  eden space 16896K,   0% used [0x00000000c2600000, 0x00000000c2600000, 0x00000000c3680000)
  from space 2112K,  31% used [0x00000000c3890000, 0x00000000c3937fd0, 0x00000000c3aa0000)
  to   space 2112K,   0% used [0x00000000c3680000, 0x00000000c3680000, 0x00000000c3890000)
 concurrent mark-sweep generation total 90940K, used 55469K [0x00000000d6e00000, 0x00000000dc6cf000, 0x0000000100000000)
 Metaspace       used 75196K, capacity 78390K, committed 78744K, reserved 1118208K
  class space    used 9708K, capacity 10311K, committed 10392K, reserved 1048576K
}
2022-08-07T09:29:32.499+0000: 34.444: [CMS-concurrent-mark: 0.145/0.192 secs] [Times: user=0.52 sys=0.06, real=0.19 secs] 
2022-08-07T09:29:32.500+0000: 34.444: [CMS-concurrent-preclean-start]
2022-08-07T09:29:32.536+0000: 34.481: [CMS-concurrent-preclean: 0.021/0.037 secs] [Times: user=0.09 sys=0.03, real=0.03 secs] 
2022-08-07T09:29:32.537+0000: 34.481: [CMS-concurrent-abortable-preclean-start]
2022-08-07T09:29:32.570+0000: 34.515: Application time: 0.1062247 seconds
{Heap before GC invocations=407 (full 51):
 par new generation   total 19008K, used 17567K [0x00000000c2600000, 0x00000000c3aa0000, 0x00000000d6e00000)
  eden space 16896K, 100% used [0x00000000c2600000, 0x00000000c3680000, 0x00000000c3680000)
  from space 2112K,  31% used [0x00000000c3890000, 0x00000000c3937fd0, 0x00000000c3aa0000)
  to   space 2112K,   0% used [0x00000000c3680000, 0x00000000c3680000, 0x00000000c3890000)
 concurrent mark-sweep generation total 90940K, used 55469K [0x00000000d6e00000, 0x00000000dc6cf000, 0x0000000100000000)
 Metaspace       used 75348K, capacity 78544K, committed 78744K, reserved 1118208K
  class space    used 9726K, capacity 10328K, committed 10392K, reserved 1048576K
2022-08-07T09:29:32.570+0000: 34.515: [GC (Allocation Failure) 2022-08-07T09:29:32.571+0000: 34.516: [ParNew: 17567K->1247K(19008K), 0.0042355 secs] 73037K->56717K(109948K), 0.0052054 secs] [Times: user=0.01 sys=0.00, real=0.00 secs] 
Heap after GC invocations=408 (full 51):
 par new generation   total 19008K, used 1247K [0x00000000c2600000, 0x00000000c3aa0000, 0x00000000d6e00000)
  eden space 16896K,   0% used [0x00000000c2600000, 0x00000000c2600000, 0x00000000c3680000)
  from space 2112K,  59% used [0x00000000c3680000, 0x00000000c37b7ea0, 0x00000000c3890000)
  to   space 2112K,   0% used [0x00000000c3890000, 0x00000000c3890000, 0x00000000c3aa0000)
 concurrent mark-sweep generation total 90940K, used 55469K [0x00000000d6e00000, 0x00000000dc6cf000, 0x0000000100000000)
 Metaspace       used 75348K, capacity 78544K, committed 78744K, reserved 1118208K
  class space    used 9726K, capacity 10328K, committed 10392K, reserved 1048576K
}
2022-08-07T09:29:32.602+0000: 34.547: Application time: 0.0253011 seconds
{Heap before GC invocations=408 (full 51):
 par new generation   total 19008K, used 18143K [0x00000000c2600000, 0x00000000c3aa0000, 0x00000000d6e00000)
  eden space 16896K, 100% used [0x00000000c2600000, 0x00000000c3680000, 0x00000000c3680000)
  from space 2112K,  59% used [0x00000000c3680000, 0x00000000c37b7ea0, 0x00000000c3890000)
  to   space 2112K,   0% used [0x00000000c3890000, 0x00000000c3890000, 0x00000000c3aa0000)
 concurrent mark-sweep generation total 90940K, used 55469K [0x00000000d6e00000, 0x00000000dc6cf000, 0x0000000100000000)
 Metaspace       used 75349K, capacity 78608K, committed 78744K, reserved 1118208K
  class space    used 9726K, capacity 10328K, committed 10392K, reserved 1048576K
2022-08-07T09:29:32.603+0000: 34.548: [GC (Allocation Failure) 2022-08-07T09:29:32.603+0000: 34.548: [ParNew: 18143K->1026K(19008K), 0.0033177 secs] 73613K->56496K(109948K), 0.0040477 secs] [Times: user=0.01 sys=0.00, real=0.01 secs] 
Heap after GC invocations=409 (full 51):
 par new generation   total 19008K, used 1026K [0x00000000c2600000, 0x00000000c3aa0000, 0x00000000d6e00000)
  eden space 16896K,   0% used [0x00000000c2600000, 0x00000000c2600000, 0x00000000c3680000)
  from space 2112K,  48% used [0x00000000c3890000, 0x00000000c3990b80, 0x00000000c3aa0000)
  to   space 2112K,   0% used [0x00000000c3680000, 0x00000000c3680000, 0x00000000c3890000)
 concurrent mark-sweep generation total 90940K, used 55469K [0x00000000d6e00000, 0x00000000dc6cf000, 0x0000000100000000)
 Metaspace       used 75349K, capacity 78608K, committed 78744K, reserved 1118208K
  class space    used 9726K, capacity 10328K, committed 10392K, reserved 1048576K
}
2022-08-07T09:29:32.649+0000: 34.594: Application time: 0.0408070 seconds
{Heap before GC invocations=409 (full 51):
 par new generation   total 19008K, used 17922K [0x00000000c2600000, 0x00000000c3aa0000, 0x00000000d6e00000)
  eden space 16896K, 100% used [0x00000000c2600000, 0x00000000c3680000, 0x00000000c3680000)
  from space 2112K,  48% used [0x00000000c3890000, 0x00000000c3990b80, 0x00000000c3aa0000)
  to   space 2112K,   0% used [0x00000000c3680000, 0x00000000c3680000, 0x00000000c3890000)
 concurrent mark-sweep generation total 90940K, used 55469K [0x00000000d6e00000, 0x00000000dc6cf000, 0x0000000100000000)
 Metaspace       used 75353K, capacity 78612K, committed 78744K, reserved 1118208K
  class space    used 9726K, capacity 10328K, committed 10392K, reserved 1048576K
2022-08-07T09:29:32.655+0000: 34.600: [GC (Allocation Failure) 2022-08-07T09:29:32.656+0000: 34.600: [ParNew: 17922K->1206K(19008K), 0.0030399 secs] 73392K->56676K(109948K), 0.0038246 secs] [Times: user=0.01 sys=0.00, real=0.01 secs] 
Heap after GC invocations=410 (full 51):
 par new generation   total 19008K, used 1206K [0x00000000c2600000, 0x00000000c3aa0000, 0x00000000d6e00000)
  eden space 16896K,   0% used [0x00000000c2600000, 0x00000000c2600000, 0x00000000c3680000)
  from space 2112K,  57% used [0x00000000c3680000, 0x00000000c37adb00, 0x00000000c3890000)
  to   space 2112K,   0% used [0x00000000c3890000, 0x00000000c3890000, 0x00000000c3aa0000)
 concurrent mark-sweep generation total 90940K, used 55469K [0x00000000d6e00000, 0x00000000dc6cf000, 0x0000000100000000)
 Metaspace       used 75353K, capacity 78612K, committed 78744K, reserved 1118208K
  class space    used 9726K, capacity 10328K, committed 10392K, reserved 1048576K
}
2022-08-07T09:29:32.672+0000: 34.617: [CMS-concurrent-abortable-preclean: 0.088/0.136 secs] [Times: user=0.34 sys=0.09, real=0.13 secs] 
2022-08-07T09:29:32.683+0000: 34.627: Application time: 0.0228298 seconds
2022-08-07T09:29:32.683+0000: 34.628: [GC (CMS Final Remark) [YG occupancy: 2241 K (19008 K)]2022-08-07T09:29:32.684+0000: 34.629: [Rescan (parallel) , 0.0080513 secs]2022-08-07T09:29:32.692+0000: 34.637: [weak refs processing, 0.0034312 secs]2022-08-07T09:29:32.696+0000: 34.641: [class unloading, 0.0188517 secs]2022-08-07T09:29:32.715+0000: 34.660: [scrub symbol table, 0.0206161 secs]2022-08-07T09:29:32.736+0000: 34.681: [scrub string table, 0.0013912 secs][1 CMS-remark: 55469K(90940K)] 57710K(109948K), 0.0550598 secs] [Times: user=0.09 sys=0.01, real=0.06 secs] 
2022-08-07T09:29:32.742+0000: 34.687: [CMS-concurrent-sweep-start]
2022-08-07T09:29:32.788+0000: 34.733: [CMS-concurrent-sweep: 0.046/0.046 secs] [Times: user=0.11 sys=0.04, real=0.05 secs] 
2022-08-07T09:29:32.789+0000: 34.733: [CMS-concurrent-reset-start]
2022-08-07T09:29:32.790+0000: 34.734: [CMS-concurrent-reset: 0.001/0.001 secs] [Times: user=0.00 sys=0.00, real=0.00 secs] 
2022-08-07T09:29:32.796+0000: 34.741: Application time: 0.0575417 seconds
{Heap before GC invocations=410 (full 51):
 par new generation   total 19008K, used 18102K [0x00000000c2600000, 0x00000000c3aa0000, 0x00000000d6e00000)
  eden space 16896K, 100% used [0x00000000c2600000, 0x00000000c3680000, 0x00000000c3680000)
  from space 2112K,  57% used [0x00000000c3680000, 0x00000000c37adb00, 0x00000000c3890000)
  to   space 2112K,   0% used [0x00000000c3890000, 0x00000000c3890000, 0x00000000c3aa0000)
 concurrent mark-sweep generation total 92180K, used 55306K [0x00000000d6e00000, 0x00000000dc805000, 0x0000000100000000)
 Metaspace       used 75429K, capacity 78728K, committed 79000K, reserved 1118208K
  class space    used 9738K, capacity 10348K, committed 10392K, reserved 1048576K
2022-08-07T09:29:32.796+0000: 34.741: [GC (Allocation Failure) 2022-08-07T09:29:32.797+0000: 34.742: [ParNew: 18102K->1253K(19008K), 0.0053638 secs] 73408K->56559K(111188K), 0.0060367 secs] [Times: user=0.02 sys=0.00, real=0.01 secs] 
Heap after GC invocations=411 (full 51):
 par new generation   total 19008K, used 1253K [0x00000000c2600000, 0x00000000c3aa0000, 0x00000000d6e00000)
  eden space 16896K,   0% used [0x00000000c2600000, 0x00000000c2600000, 0x00000000c3680000)
  from space 2112K,  59% used [0x00000000c3890000, 0x00000000c39c9590, 0x00000000c3aa0000)
  to   space 2112K,   0% used [0x00000000c3680000, 0x00000000c3680000, 0x00000000c3890000)
 concurrent mark-sweep generation total 92180K, used 55306K [0x00000000d6e00000, 0x00000000dc805000, 0x0000000100000000)
 Metaspace       used 75429K, capacity 78728K, committed 79000K, reserved 1118208K
  class space    used 9738K, capacity 10348K, committed 10392K, reserved 1048576K
}
2022-08-07T09:29:32.860+0000: 34.805: Application time: 0.0570652 seconds
{Heap before GC invocations=411 (full 51):
 par new generation   total 19008K, used 18149K [0x00000000c2600000, 0x00000000c3aa0000, 0x00000000d6e00000)
  eden space 16896K, 100% used [0x00000000c2600000, 0x00000000c3680000, 0x00000000c3680000)
  from space 2112K,  59% used [0x00000000c3890000, 0x00000000c39c9590, 0x00000000c3aa0000)
  to   space 2112K,   0% used [0x00000000c3680000, 0x00000000c3680000, 0x00000000c3890000)
 concurrent mark-sweep generation total 92180K, used 55306K [0x00000000d6e00000, 0x00000000dc805000, 0x0000000100000000)
 Metaspace       used 75479K, capacity 78796K, committed 79000K, reserved 1118208K
  class space    used 9745K, capacity 10350K, committed 10392K, reserved 1048576K
2022-08-07T09:29:32.861+0000: 34.805: [GC (Allocation Failure) 2022-08-07T09:29:32.861+0000: 34.806: [ParNew: 18149K->1526K(19008K), 0.0051770 secs] 73455K->56945K(111188K), 0.0057976 secs] [Times: user=0.01 sys=0.00, real=0.01 secs] 
Heap after GC invocations=412 (full 51):
 par new generation   total 19008K, used 1526K [0x00000000c2600000, 0x00000000c3aa0000, 0x00000000d6e00000)
  eden space 16896K,   0% used [0x00000000c2600000, 0x00000000c2600000, 0x00000000c3680000)
  from space 2112K,  72% used [0x00000000c3680000, 0x00000000c37fdb88, 0x00000000c3890000)
  to   space 2112K,   0% used [0x00000000c3890000, 0x00000000c3890000, 0x00000000c3aa0000)
 concurrent mark-sweep generation total 92180K, used 55418K [0x00000000d6e00000, 0x00000000dc805000, 0x0000000100000000)
 Metaspace       used 75479K, capacity 78796K, committed 79000K, reserved 1118208K
  class space    used 9745K, capacity 10350K, committed 10392K, reserved 1048576K
}
2022-08-07T09:29:32.868+0000: 34.813: Application time: 0.0011490 seconds
2022-08-07T09:29:32.868+0000: 34.813: [GC (CMS Initial Mark) [1 CMS-initial-mark: 55418K(92180K)] 57305K(111188K), 0.0039891 secs] [Times: user=0.01 sys=0.01, real=0.00 secs] 
2022-08-07T09:29:32.873+0000: 34.818: [CMS-concurrent-mark-start]
2022-08-07T09:29:32.950+0000: 34.895: Application time: 0.0765043 seconds
{Heap before GC invocations=412 (full 52):
 par new generation   total 19008K, used 18422K [0x00000000c2600000, 0x00000000c3aa0000, 0x00000000d6e00000)
  eden space 16896K, 100% used [0x00000000c2600000, 0x00000000c3680000, 0x00000000c3680000)
  from space 2112K,  72% used [0x00000000c3680000, 0x00000000c37fdb88, 0x00000000c3890000)
  to   space 2112K,   0% used [0x00000000c3890000, 0x00000000c3890000, 0x00000000c3aa0000)
 concurrent mark-sweep generation total 92180K, used 55418K [0x00000000d6e00000, 0x00000000dc805000, 0x0000000100000000)
 Metaspace       used 75546K, capacity 78892K, committed 79000K, reserved 1118208K
  class space    used 9752K, capacity 10382K, committed 10392K, reserved 1048576K
2022-08-07T09:29:32.950+0000: 34.895: [GC (Allocation Failure) 2022-08-07T09:29:32.951+0000: 34.896: [ParNew: 18422K->1622K(19008K), 0.0094795 secs] 73841K->57150K(111188K), 0.0106405 secs] [Times: user=0.02 sys=0.01, real=0.01 secs] 
Heap after GC invocations=413 (full 52):
 par new generation   total 19008K, used 1622K [0x00000000c2600000, 0x00000000c3aa0000, 0x00000000d6e00000)
  eden space 16896K,   0% used [0x00000000c2600000, 0x00000000c2600000, 0x00000000c3680000)
  from space 2112K,  76% used [0x00000000c3890000, 0x00000000c3a25b70, 0x00000000c3aa0000)
  to   space 2112K,   0% used [0x00000000c3680000, 0x00000000c3680000, 0x00000000c3890000)
 concurrent mark-sweep generation total 92180K, used 55527K [0x00000000d6e00000, 0x00000000dc805000, 0x0000000100000000)
 Metaspace       used 75546K, capacity 78892K, committed 79000K, reserved 1118208K
  class space    used 9752K, capacity 10382K, committed 10392K, reserved 1048576K
}
2022-08-07T09:29:33.024+0000: 34.969: Application time: 0.0625566 seconds
{Heap before GC invocations=413 (full 52):
 par new generation   total 19008K, used 18518K [0x00000000c2600000, 0x00000000c3aa0000, 0x00000000d6e00000)
  eden space 16896K, 100% used [0x00000000c2600000, 0x00000000c3680000, 0x00000000c3680000)
  from space 2112K,  76% used [0x00000000c3890000, 0x00000000c3a25b70, 0x00000000c3aa0000)
  to   space 2112K,   0% used [0x00000000c3680000, 0x00000000c3680000, 0x00000000c3890000)
 concurrent mark-sweep generation total 92180K, used 55527K [0x00000000d6e00000, 0x00000000dc805000, 0x0000000100000000)
 Metaspace       used 75551K, capacity 78892K, committed 79000K, reserved 1118208K
  class space    used 9753K, capacity 10382K, committed 10392K, reserved 1048576K
2022-08-07T09:29:33.025+0000: 34.969: [GC (Allocation Failure) 2022-08-07T09:29:33.025+0000: 34.970: [ParNew: 18518K->1495K(19008K), 0.0038229 secs] 74046K->57023K(111188K), 0.0055716 secs] [Times: user=0.01 sys=0.01, real=0.01 secs] 
Heap after GC invocations=414 (full 52):
 par new generation   total 19008K, used 1495K [0x00000000c2600000, 0x00000000c3aa0000, 0x00000000d6e00000)
  eden space 16896K,   0% used [0x00000000c2600000, 0x00000000c2600000, 0x00000000c3680000)
  from space 2112K,  70% used [0x00000000c3680000, 0x00000000c37f5d80, 0x00000000c3890000)
  to   space 2112K,   0% used [0x00000000c3890000, 0x00000000c3890000, 0x00000000c3aa0000)
 concurrent mark-sweep generation total 92180K, used 55527K [0x00000000d6e00000, 0x00000000dc805000, 0x0000000100000000)
 Metaspace       used 75551K, capacity 78892K, committed 79000K, reserved 1118208K
  class space    used 9753K, capacity 10382K, committed 10392K, reserved 1048576K
}
2022-08-07T09:29:33.062+0000: 35.007: Application time: 0.0314571 seconds
{Heap before GC invocations=414 (full 52):
 par new generation   total 19008K, used 18391K [0x00000000c2600000, 0x00000000c3aa0000, 0x00000000d6e00000)
  eden space 16896K, 100% used [0x00000000c2600000, 0x00000000c3680000, 0x00000000c3680000)
  from space 2112K,  70% used [0x00000000c3680000, 0x00000000c37f5d80, 0x00000000c3890000)
  to   space 2112K,   0% used [0x00000000c3890000, 0x00000000c3890000, 0x00000000c3aa0000)
 concurrent mark-sweep generation total 92180K, used 55527K [0x00000000d6e00000, 0x00000000dc805000, 0x0000000100000000)
 Metaspace       used 75553K, capacity 78892K, committed 79000K, reserved 1118208K
  class space    used 9753K, capacity 10382K, committed 10392K, reserved 1048576K
2022-08-07T09:29:33.064+0000: 35.008: [GC (Allocation Failure) 2022-08-07T09:29:33.064+0000: 35.009: [ParNew: 18391K->1257K(19008K), 0.0038446 secs] 73919K->56921K(111188K), 0.0046808 secs] [Times: user=0.01 sys=0.00, real=0.01 secs] 
Heap after GC invocations=415 (full 52):
 par new generation   total 19008K, used 1257K [0x00000000c2600000, 0x00000000c3aa0000, 0x00000000d6e00000)
  eden space 16896K,   0% used [0x00000000c2600000, 0x00000000c2600000, 0x00000000c3680000)
  from space 2112K,  59% used [0x00000000c3890000, 0x00000000c39ca650, 0x00000000c3aa0000)
  to   space 2112K,   0% used [0x00000000c3680000, 0x00000000c3680000, 0x00000000c3890000)
 concurrent mark-sweep generation total 92180K, used 55664K [0x00000000d6e00000, 0x00000000dc805000, 0x0000000100000000)
 Metaspace       used 75553K, capacity 78892K, committed 79000K, reserved 1118208K
  class space    used 9753K, capacity 10382K, committed 10392K, reserved 1048576K
}
2022-08-07T09:29:33.096+0000: 35.041: [CMS-concurrent-mark: 0.195/0.223 secs] [Times: user=0.59 sys=0.09, real=0.22 secs] 
2022-08-07T09:29:33.097+0000: 35.042: [CMS-concurrent-preclean-start]
2022-08-07T09:29:33.101+0000: 35.046: Application time: 0.0316976 seconds
{Heap before GC invocations=415 (full 52):
 par new generation   total 19008K, used 18153K [0x00000000c2600000, 0x00000000c3aa0000, 0x00000000d6e00000)
  eden space 16896K, 100% used [0x00000000c2600000, 0x00000000c3680000, 0x00000000c3680000)
  from space 2112K,  59% used [0x00000000c3890000, 0x00000000c39ca650, 0x00000000c3aa0000)
  to   space 2112K,   0% used [0x00000000c3680000, 0x00000000c3680000, 0x00000000c3890000)
 concurrent mark-sweep generation total 92180K, used 55664K [0x00000000d6e00000, 0x00000000dc805000, 0x0000000100000000)
 Metaspace       used 75582K, capacity 78892K, committed 79000K, reserved 1118208K
  class space    used 9756K, capacity 10382K, committed 10392K, reserved 1048576K
2022-08-07T09:29:33.101+0000: 35.046: [GC (Allocation Failure) 2022-08-07T09:29:33.102+0000: 35.046: [ParNew: 18153K->1576K(19008K), 0.0033138 secs] 73817K->57300K(111188K), 0.0041164 secs] [Times: user=0.02 sys=0.00, real=0.00 secs] 
Heap after GC invocations=416 (full 52):
 par new generation   total 19008K, used 1576K [0x00000000c2600000, 0x00000000c3aa0000, 0x00000000d6e00000)
  eden space 16896K,   0% used [0x00000000c2600000, 0x00000000c2600000, 0x00000000c3680000)
  from space 2112K,  74% used [0x00000000c3680000, 0x00000000c380a2a8, 0x00000000c3890000)
  to   space 2112K,   0% used [0x00000000c3890000, 0x00000000c3890000, 0x00000000c3aa0000)
 concurrent mark-sweep generation total 92180K, used 55724K [0x00000000d6e00000, 0x00000000dc805000, 0x0000000100000000)
 Metaspace       used 75582K, capacity 78892K, committed 79000K, reserved 1118208K
  class space    used 9756K, capacity 10382K, committed 10392K, reserved 1048576K
}
2022-08-07T09:29:33.138+0000: 35.083: Application time: 0.0320946 seconds
{Heap before GC invocations=416 (full 52):
 par new generation   total 19008K, used 18472K [0x00000000c2600000, 0x00000000c3aa0000, 0x00000000d6e00000)
  eden space 16896K, 100% used [0x00000000c2600000, 0x00000000c3680000, 0x00000000c3680000)
  from space 2112K,  74% used [0x00000000c3680000, 0x00000000c380a2a8, 0x00000000c3890000)
  to   space 2112K,   0% used [0x00000000c3890000, 0x00000000c3890000, 0x00000000c3aa0000)
 concurrent mark-sweep generation total 92180K, used 55724K [0x00000000d6e00000, 0x00000000dc805000, 0x0000000100000000)
 Metaspace       used 75589K, capacity 78906K, committed 79000K, reserved 1118208K
  class space    used 9758K, capacity 10385K, committed 10392K, reserved 1048576K
2022-08-07T09:29:33.139+0000: 35.084: [GC (Allocation Failure) 2022-08-07T09:29:33.140+0000: 35.084: [ParNew: 18472K->1554K(19008K), 0.0046267 secs] 74196K->57510K(111188K), 0.0057055 secs] [Times: user=0.01 sys=0.00, real=0.00 secs] 
Heap after GC invocations=417 (full 52):
 par new generation   total 19008K, used 1554K [0x00000000c2600000, 0x00000000c3aa0000, 0x00000000d6e00000)
  eden space 16896K,   0% used [0x00000000c2600000, 0x00000000c2600000, 0x00000000c3680000)
  from space 2112K,  73% used [0x00000000c3890000, 0x00000000c3a14960, 0x00000000c3aa0000)
  to   space 2112K,   0% used [0x00000000c3680000, 0x00000000c3680000, 0x00000000c3890000)
 concurrent mark-sweep generation total 92180K, used 55955K [0x00000000d6e00000, 0x00000000dc805000, 0x0000000100000000)
 Metaspace       used 75589K, capacity 78906K, committed 79000K, reserved 1118208K
  class space    used 9758K, capacity 10385K, committed 10392K, reserved 1048576K
}
2022-08-07T09:29:33.170+0000: 35.115: Application time: 0.0249562 seconds
{Heap before GC invocations=417 (full 52):
 par new generation   total 19008K, used 18450K [0x00000000c2600000, 0x00000000c3aa0000, 0x00000000d6e00000)
  eden space 16896K, 100% used [0x00000000c2600000, 0x00000000c3680000, 0x00000000c3680000)
  from space 2112K,  73% used [0x00000000c3890000, 0x00000000c3a14960, 0x00000000c3aa0000)
  to   space 2112K,   0% used [0x00000000c3680000, 0x00000000c3680000, 0x00000000c3890000)
 concurrent mark-sweep generation total 92180K, used 55955K [0x00000000d6e00000, 0x00000000dc805000, 0x0000000100000000)
 Metaspace       used 75589K, capacity 78906K, committed 79000K, reserved 1118208K
  class space    used 9758K, capacity 10385K, committed 10392K, reserved 1048576K
2022-08-07T09:29:33.171+0000: 35.116: [GC (Allocation Failure) 2022-08-07T09:29:33.172+0000: 35.117: [ParNew: 18450K->970K(19008K), 0.0100035 secs] 74406K->56985K(111188K), 0.0110194 secs] [Times: user=0.02 sys=0.00, real=0.01 secs] 
Heap after GC invocations=418 (full 52):
 par new generation   total 19008K, used 970K [0x00000000c2600000, 0x00000000c3aa0000, 0x00000000d6e00000)
  eden space 16896K,   0% used [0x00000000c2600000, 0x00000000c2600000, 0x00000000c3680000)
  from space 2112K,  45% used [0x00000000c3680000, 0x00000000c3772b00, 0x00000000c3890000)
  to   space 2112K,   0% used [0x00000000c3890000, 0x00000000c3890000, 0x00000000c3aa0000)
 concurrent mark-sweep generation total 92180K, used 56015K [0x00000000d6e00000, 0x00000000dc805000, 0x0000000100000000)
 Metaspace       used 75589K, capacity 78906K, committed 79000K, reserved 1118208K
  class space    used 9758K, capacity 10385K, committed 10392K, reserved 1048576K
}
2022-08-07T09:29:33.232+0000: 35.177: [CMS-concurrent-preclean: 0.060/0.135 secs] [Times: user=0.32 sys=0.11, real=0.13 secs] 
2022-08-07T09:29:33.232+0000: 35.177: [CMS-concurrent-abortable-preclean-start]
2022-08-07T09:29:33.239+0000: 35.183: Application time: 0.0555408 seconds
{Heap before GC invocations=418 (full 52):
 par new generation   total 19008K, used 17866K [0x00000000c2600000, 0x00000000c3aa0000, 0x00000000d6e00000)
  eden space 16896K, 100% used [0x00000000c2600000, 0x00000000c3680000, 0x00000000c3680000)
  from space 2112K,  45% used [0x00000000c3680000, 0x00000000c3772b00, 0x00000000c3890000)
  to   space 2112K,   0% used [0x00000000c3890000, 0x00000000c3890000, 0x00000000c3aa0000)
 concurrent mark-sweep generation total 92180K, used 56015K [0x00000000d6e00000, 0x00000000dc805000, 0x0000000100000000)
 Metaspace       used 75607K, capacity 78906K, committed 79000K, reserved 1118208K
  class space    used 9760K, capacity 10385K, committed 10392K, reserved 1048576K
2022-08-07T09:29:33.239+0000: 35.184: [GC (Allocation Failure) 2022-08-07T09:29:33.241+0000: 35.186: [ParNew: 17866K->1282K(19008K), 0.0040158 secs] 73881K->57342K(111188K), 0.0063376 secs] [Times: user=0.02 sys=0.00, real=0.00 secs] 
Heap after GC invocations=419 (full 52):
 par new generation   total 19008K, used 1282K [0x00000000c2600000, 0x00000000c3aa0000, 0x00000000d6e00000)
  eden space 16896K,   0% used [0x00000000c2600000, 0x00000000c2600000, 0x00000000c3680000)
  from space 2112K,  60% used [0x00000000c3890000, 0x00000000c39d0ae0, 0x00000000c3aa0000)
  to   space 2112K,   0% used [0x00000000c3680000, 0x00000000c3680000, 0x00000000c3890000)
 concurrent mark-sweep generation total 92180K, used 56060K [0x00000000d6e00000, 0x00000000dc805000, 0x0000000100000000)
 Metaspace       used 75607K, capacity 78906K, committed 79000K, reserved 1118208K
  class space    used 9760K, capacity 10385K, committed 10392K, reserved 1048576K
}
2022-08-07T09:29:33.268+0000: 35.212: Application time: 0.0217151 seconds
{Heap before GC invocations=419 (full 52):
 par new generation   total 19008K, used 18178K [0x00000000c2600000, 0x00000000c3aa0000, 0x00000000d6e00000)
  eden space 16896K, 100% used [0x00000000c2600000, 0x00000000c3680000, 0x00000000c3680000)
  from space 2112K,  60% used [0x00000000c3890000, 0x00000000c39d0ae0, 0x00000000c3aa0000)
  to   space 2112K,   0% used [0x00000000c3680000, 0x00000000c3680000, 0x00000000c3890000)
 concurrent mark-sweep generation total 92180K, used 56060K [0x00000000d6e00000, 0x00000000dc805000, 0x0000000100000000)
 Metaspace       used 75614K, capacity 78906K, committed 79000K, reserved 1118208K
  class space    used 9760K, capacity 10385K, committed 10392K, reserved 1048576K
2022-08-07T09:29:33.269+0000: 35.213: [GC (Allocation Failure) 2022-08-07T09:29:33.269+0000: 35.214: [ParNew: 18178K->1244K(19008K), 0.0054483 secs] 74238K->57482K(111188K), 0.0061692 secs] [Times: user=0.02 sys=0.00, real=0.00 secs] 
Heap after GC invocations=420 (full 52):
 par new generation   total 19008K, used 1244K [0x00000000c2600000, 0x00000000c3aa0000, 0x00000000d6e00000)
  eden space 16896K,   0% used [0x00000000c2600000, 0x00000000c2600000, 0x00000000c3680000)
  from space 2112K,  58% used [0x00000000c3680000, 0x00000000c37b7130, 0x00000000c3890000)
  to   space 2112K,   0% used [0x00000000c3890000, 0x00000000c3890000, 0x00000000c3aa0000)
 concurrent mark-sweep generation total 92180K, used 56238K [0x00000000d6e00000, 0x00000000dc805000, 0x0000000100000000)
 Metaspace       used 75614K, capacity 78906K, committed 79000K, reserved 1118208K
  class space    used 9760K, capacity 10385K, committed 10392K, reserved 1048576K
}
2022-08-07T09:29:33.297+0000: 35.241: Application time: 0.0211503 seconds
{Heap before GC invocations=420 (full 52):
 par new generation   total 19008K, used 18140K [0x00000000c2600000, 0x00000000c3aa0000, 0x00000000d6e00000)
  eden space 16896K, 100% used [0x00000000c2600000, 0x00000000c3680000, 0x00000000c3680000)
  from space 2112K,  58% used [0x00000000c3680000, 0x00000000c37b7130, 0x00000000c3890000)
  to   space 2112K,   0% used [0x00000000c3890000, 0x00000000c3890000, 0x00000000c3aa0000)
 concurrent mark-sweep generation total 92180K, used 56238K [0x00000000d6e00000, 0x00000000dc805000, 0x0000000100000000)
 Metaspace       used 75615K, capacity 78906K, committed 79000K, reserved 1118208K
  class space    used 9760K, capacity 10385K, committed 10392K, reserved 1048576K
2022-08-07T09:29:33.298+0000: 35.242: [GC (Allocation Failure) 2022-08-07T09:29:33.298+0000: 35.243: [ParNew: 18140K->696K(19008K), 0.0043340 secs] 74378K->57044K(111188K), 0.0050933 secs] [Times: user=0.02 sys=0.00, real=0.00 secs] 
Heap after GC invocations=421 (full 52):
 par new generation   total 19008K, used 696K [0x00000000c2600000, 0x00000000c3aa0000, 0x00000000d6e00000)
  eden space 16896K,   0% used [0x00000000c2600000, 0x00000000c2600000, 0x00000000c3680000)
  from space 2112K,  32% used [0x00000000c3890000, 0x00000000c393e330, 0x00000000c3aa0000)
  to   space 2112K,   0% used [0x00000000c3680000, 0x00000000c3680000, 0x00000000c3890000)
 concurrent mark-sweep generation total 92180K, used 56347K [0x00000000d6e00000, 0x00000000dc805000, 0x0000000100000000)
 Metaspace       used 75615K, capacity 78906K, committed 79000K, reserved 1118208K
  class space    used 9760K, capacity 10385K, committed 10392K, reserved 1048576K
}
2022-08-07T09:29:33.329+0000: 35.274: Application time: 0.0256468 seconds
{Heap before GC invocations=421 (full 52):
 par new generation   total 19008K, used 17592K [0x00000000c2600000, 0x00000000c3aa0000, 0x00000000d6e00000)
  eden space 16896K, 100% used [0x00000000c2600000, 0x00000000c3680000, 0x00000000c3680000)
  from space 2112K,  32% used [0x00000000c3890000, 0x00000000c393e330, 0x00000000c3aa0000)
  to   space 2112K,   0% used [0x00000000c3680000, 0x00000000c3680000, 0x00000000c3890000)
 concurrent mark-sweep generation total 92180K, used 56347K [0x00000000d6e00000, 0x00000000dc805000, 0x0000000100000000)
 Metaspace       used 75618K, capacity 78906K, committed 79000K, reserved 1118208K
  class space    used 9761K, capacity 10385K, committed 10392K, reserved 1048576K
2022-08-07T09:29:33.330+0000: 35.275: [GC (Allocation Failure) 2022-08-07T09:29:33.331+0000: 35.275: [ParNew: 17592K->873K(19008K), 0.0039762 secs] 73940K->57314K(111188K), 0.0048512 secs] [Times: user=0.02 sys=0.00, real=0.00 secs] 
Heap after GC invocations=422 (full 52):
 par new generation   total 19008K, used 873K [0x00000000c2600000, 0x00000000c3aa0000, 0x00000000d6e00000)
  eden space 16896K,   0% used [0x00000000c2600000, 0x00000000c2600000, 0x00000000c3680000)
  from space 2112K,  41% used [0x00000000c3680000, 0x00000000c375a650, 0x00000000c3890000)
  to   space 2112K,   0% used [0x00000000c3890000, 0x00000000c3890000, 0x00000000c3aa0000)
 concurrent mark-sweep generation total 92180K, used 56440K [0x00000000d6e00000, 0x00000000dc805000, 0x0000000100000000)
 Metaspace       used 75618K, capacity 78906K, committed 79000K, reserved 1118208K
  class space    used 9761K, capacity 10385K, committed 10392K, reserved 1048576K
}
2022-08-07T09:29:33.339+0000: 35.284: [CMS-concurrent-abortable-preclean: 0.045/0.107 secs] [Times: user=0.31 sys=0.07, real=0.11 secs] 
2022-08-07T09:29:33.341+0000: 35.286: Application time: 0.0050721 seconds
2022-08-07T09:29:33.343+0000: 35.288: [GC (CMS Final Remark) [YG occupancy: 3257 K (19008 K)]2022-08-07T09:29:33.343+0000: 35.288: [Rescan (parallel) , 0.0039111 secs]2022-08-07T09:29:33.348+0000: 35.292: [weak refs processing, 0.0004392 secs]2022-08-07T09:29:33.348+0000: 35.293: [class unloading, 0.0171974 secs]2022-08-07T09:29:33.366+0000: 35.311: [scrub symbol table, 0.0181212 secs]2022-08-07T09:29:33.384+0000: 35.329: [scrub string table, 0.0011488 secs][1 CMS-remark: 56440K(92180K)] 59698K(111188K), 0.0428782 secs] [Times: user=0.09 sys=0.00, real=0.04 secs] 
2022-08-07T09:29:33.390+0000: 35.334: [CMS-concurrent-sweep-start]
2022-08-07T09:29:33.414+0000: 35.359: Application time: 0.0277640 seconds
{Heap before GC invocations=422 (full 52):
 par new generation   total 19008K, used 17769K [0x00000000c2600000, 0x00000000c3aa0000, 0x00000000d6e00000)
  eden space 16896K, 100% used [0x00000000c2600000, 0x00000000c3680000, 0x00000000c3680000)
  from space 2112K,  41% used [0x00000000c3680000, 0x00000000c375a650, 0x00000000c3890000)
  to   space 2112K,   0% used [0x00000000c3890000, 0x00000000c3890000, 0x00000000c3aa0000)
 concurrent mark-sweep generation total 92180K, used 56384K [0x00000000d6e00000, 0x00000000dc805000, 0x0000000100000000)
 Metaspace       used 75624K, capacity 78918K, committed 79000K, reserved 1118208K
  class space    used 9762K, capacity 10387K, committed 10392K, reserved 1048576K
2022-08-07T09:29:33.415+0000: 35.359: [GC (Allocation Failure) 2022-08-07T09:29:33.415+0000: 35.360: [ParNew: 17769K->941K(19008K), 0.0059960 secs] 74153K->57393K(111188K), 0.0119003 secs] [Times: user=0.03 sys=0.01, real=0.02 secs] 
Heap after GC invocations=423 (full 52):
 par new generation   total 19008K, used 941K [0x00000000c2600000, 0x00000000c3aa0000, 0x00000000d6e00000)
  eden space 16896K,   0% used [0x00000000c2600000, 0x00000000c2600000, 0x00000000c3680000)
  from space 2112K,  44% used [0x00000000c3890000, 0x00000000c397b590, 0x00000000c3aa0000)
  to   space 2112K,   0% used [0x00000000c3680000, 0x00000000c3680000, 0x00000000c3890000)
 concurrent mark-sweep generation total 92180K, used 56451K [0x00000000d6e00000, 0x00000000dc805000, 0x0000000100000000)
 Metaspace       used 75624K, capacity 78918K, committed 79000K, reserved 1118208K
  class space    used 9762K, capacity 10387K, committed 10392K, reserved 1048576K
}
2022-08-07T09:29:33.429+0000: 35.373: [CMS-concurrent-sweep: 0.026/0.039 secs] [Times: user=0.11 sys=0.01, real=0.04 secs] 
2022-08-07T09:29:33.429+0000: 35.374: [CMS-concurrent-reset-start]
2022-08-07T09:29:33.430+0000: 35.375: [CMS-concurrent-reset: 0.001/0.001 secs] [Times: user=0.00 sys=0.00, real=0.00 secs] 
2022-08-07T09:29:33.471+0000: 35.416: Application time: 0.0435649 seconds
{Heap before GC invocations=423 (full 52):
 par new generation   total 19008K, used 17837K [0x00000000c2600000, 0x00000000c3aa0000, 0x00000000d6e00000)
  eden space 16896K, 100% used [0x00000000c2600000, 0x00000000c3680000, 0x00000000c3680000)
  from space 2112K,  44% used [0x00000000c3890000, 0x00000000c397b590, 0x00000000c3aa0000)
  to   space 2112K,   0% used [0x00000000c3680000, 0x00000000c3680000, 0x00000000c3890000)
 concurrent mark-sweep generation total 94064K, used 56438K [0x00000000d6e00000, 0x00000000dc9dc000, 0x0000000100000000)
 Metaspace       used 75611K, capacity 78952K, committed 79000K, reserved 1118208K
  class space    used 9759K, capacity 10382K, committed 10392K, reserved 1048576K
2022-08-07T09:29:33.472+0000: 35.416: [GC (Allocation Failure) 2022-08-07T09:29:33.472+0000: 35.417: [ParNew: 17837K->871K(19008K), 0.0046801 secs] 74275K->57414K(113072K), 0.0055433 secs] [Times: user=0.01 sys=0.00, real=0.01 secs] 
Heap after GC invocations=424 (full 52):
 par new generation   total 19008K, used 871K [0x00000000c2600000, 0x00000000c3aa0000, 0x00000000d6e00000)
  eden space 16896K,   0% used [0x00000000c2600000, 0x00000000c2600000, 0x00000000c3680000)
  from space 2112K,  41% used [0x00000000c3680000, 0x00000000c3759e30, 0x00000000c3890000)
  to   space 2112K,   0% used [0x00000000c3890000, 0x00000000c3890000, 0x00000000c3aa0000)
 concurrent mark-sweep generation total 94064K, used 56543K [0x00000000d6e00000, 0x00000000dc9dc000, 0x0000000100000000)
 Metaspace       used 75611K, capacity 78952K, committed 79000K, reserved 1118208K
  class space    used 9759K, capacity 10382K, committed 10392K, reserved 1048576K
}
2022-08-07T09:29:33.483+0000: 35.427: Application time: 0.0049439 seconds
2022-08-07T09:29:33.483+0000: 35.428: [GC (CMS Initial Mark) [1 CMS-initial-mark: 56543K(94064K)] 60469K(113072K), 0.0026958 secs] [Times: user=0.01 sys=0.00, real=0.00 secs] 
2022-08-07T09:29:33.492+0000: 35.437: [CMS-concurrent-mark-start]
2022-08-07T09:29:33.505+0000: 35.450: Application time: 0.0185709 seconds
{Heap before GC invocations=424 (full 53):
 par new generation   total 19008K, used 17767K [0x00000000c2600000, 0x00000000c3aa0000, 0x00000000d6e00000)
  eden space 16896K, 100% used [0x00000000c2600000, 0x00000000c3680000, 0x00000000c3680000)
  from space 2112K,  41% used [0x00000000c3680000, 0x00000000c3759e30, 0x00000000c3890000)
  to   space 2112K,   0% used [0x00000000c3890000, 0x00000000c3890000, 0x00000000c3aa0000)
 concurrent mark-sweep generation total 94064K, used 56543K [0x00000000d6e00000, 0x00000000dc9dc000, 0x0000000100000000)
 Metaspace       used 75611K, capacity 78952K, committed 79000K, reserved 1118208K
  class space    used 9759K, capacity 10382K, committed 10392K, reserved 1048576K
2022-08-07T09:29:33.505+0000: 35.450: [GC (Allocation Failure) 2022-08-07T09:29:33.506+0000: 35.450: [ParNew: 17767K->752K(19008K), 0.0067302 secs] 74310K->57385K(113072K), 0.0090056 secs] [Times: user=0.02 sys=0.00, real=0.01 secs] 
Heap after GC invocations=425 (full 53):
 par new generation   total 19008K, used 752K [0x00000000c2600000, 0x00000000c3aa0000, 0x00000000d6e00000)
  eden space 16896K,   0% used [0x00000000c2600000, 0x00000000c2600000, 0x00000000c3680000)
  from space 2112K,  35% used [0x00000000c3890000, 0x00000000c394c1a8, 0x00000000c3aa0000)
  to   space 2112K,   0% used [0x00000000c3680000, 0x00000000c3680000, 0x00000000c3890000)
 concurrent mark-sweep generation total 94064K, used 56632K [0x00000000d6e00000, 0x00000000dc9dc000, 0x0000000100000000)
 Metaspace       used 75611K, capacity 78952K, committed 79000K, reserved 1118208K
  class space    used 9759K, capacity 10382K, committed 10392K, reserved 1048576K
}
2022-08-07T09:29:33.560+0000: 35.505: Application time: 0.0449251 seconds
{Heap before GC invocations=425 (full 53):
 par new generation   total 19008K, used 17648K [0x00000000c2600000, 0x00000000c3aa0000, 0x00000000d6e00000)
  eden space 16896K, 100% used [0x00000000c2600000, 0x00000000c3680000, 0x00000000c3680000)
  from space 2112K,  35% used [0x00000000c3890000, 0x00000000c394c1a8, 0x00000000c3aa0000)
  to   space 2112K,   0% used [0x00000000c3680000, 0x00000000c3680000, 0x00000000c3890000)
 concurrent mark-sweep generation total 94064K, used 56632K [0x00000000d6e00000, 0x00000000dc9dc000, 0x0000000100000000)
 Metaspace       used 75638K, capacity 78960K, committed 79000K, reserved 1118208K
  class space    used 9762K, capacity 10384K, committed 10392K, reserved 1048576K
2022-08-07T09:29:33.561+0000: 35.506: [GC (Allocation Failure) 2022-08-07T09:29:33.562+0000: 35.506: [ParNew: 17648K->643K(19008K), 0.0040262 secs] 74281K->57314K(113072K), 0.0047622 secs] [Times: user=0.02 sys=0.01, real=0.00 secs] 
Heap after GC invocations=426 (full 53):
 par new generation   total 19008K, used 643K [0x00000000c2600000, 0x00000000c3aa0000, 0x00000000d6e00000)
  eden space 16896K,   0% used [0x00000000c2600000, 0x00000000c2600000, 0x00000000c3680000)
  from space 2112K,  30% used [0x00000000c3680000, 0x00000000c3720da0, 0x00000000c3890000)
  to   space 2112K,   0% used [0x00000000c3890000, 0x00000000c3890000, 0x00000000c3aa0000)
 concurrent mark-sweep generation total 94064K, used 56670K [0x00000000d6e00000, 0x00000000dc9dc000, 0x0000000100000000)
 Metaspace       used 75638K, capacity 78960K, committed 79000K, reserved 1118208K
  class space    used 9762K, capacity 10384K, committed 10392K, reserved 1048576K
}
2022-08-07T09:29:33.596+0000: 35.540: Application time: 0.0289180 seconds
{Heap before GC invocations=426 (full 53):
 par new generation   total 19008K, used 17539K [0x00000000c2600000, 0x00000000c3aa0000, 0x00000000d6e00000)
  eden space 16896K, 100% used [0x00000000c2600000, 0x00000000c3680000, 0x00000000c3680000)
  from space 2112K,  30% used [0x00000000c3680000, 0x00000000c3720da0, 0x00000000c3890000)
  to   space 2112K,   0% used [0x00000000c3890000, 0x00000000c3890000, 0x00000000c3aa0000)
 concurrent mark-sweep generation total 94064K, used 56670K [0x00000000d6e00000, 0x00000000dc9dc000, 0x0000000100000000)
 Metaspace       used 75659K, capacity 78960K, committed 79000K, reserved 1118208K
  class space    used 9765K, capacity 10384K, committed 10392K, reserved 1048576K
2022-08-07T09:29:33.603+0000: 35.548: [GC (Allocation Failure) 2022-08-07T09:29:33.603+0000: 35.548: [ParNew: 17539K->717K(19008K), 0.0149403 secs] 74210K->57448K(113072K), 0.0157631 secs] [Times: user=0.03 sys=0.01, real=0.02 secs] 
Heap after GC invocations=427 (full 53):
 par new generation   total 19008K, used 717K [0x00000000c2600000, 0x00000000c3aa0000, 0x00000000d6e00000)
  eden space 16896K,   0% used [0x00000000c2600000, 0x00000000c2600000, 0x00000000c3680000)
  from space 2112K,  33% used [0x00000000c3890000, 0x00000000c39434a0, 0x00000000c3aa0000)
  to   space 2112K,   0% used [0x00000000c3680000, 0x00000000c3680000, 0x00000000c3890000)
 concurrent mark-sweep generation total 94064K, used 56730K [0x00000000d6e00000, 0x00000000dc9dc000, 0x0000000100000000)
 Metaspace       used 75659K, capacity 78960K, committed 79000K, reserved 1118208K
  class space    used 9765K, capacity 10384K, committed 10392K, reserved 1048576K
}
2022-08-07T09:29:33.657+0000: 35.602: [CMS-concurrent-mark: 0.125/0.165 secs] [Times: user=0.48 sys=0.02, real=0.17 secs] 
2022-08-07T09:29:33.667+0000: 35.611: [CMS-concurrent-preclean-start]
2022-08-07T09:29:33.674+0000: 35.618: Application time: 0.0544042 seconds
{Heap before GC invocations=427 (full 53):
 par new generation   total 19008K, used 17613K [0x00000000c2600000, 0x00000000c3aa0000, 0x00000000d6e00000)
  eden space 16896K, 100% used [0x00000000c2600000, 0x00000000c3680000, 0x00000000c3680000)
  from space 2112K,  33% used [0x00000000c3890000, 0x00000000c39434a0, 0x00000000c3aa0000)
  to   space 2112K,   0% used [0x00000000c3680000, 0x00000000c3680000, 0x00000000c3890000)
 concurrent mark-sweep generation total 94064K, used 56730K [0x00000000d6e00000, 0x00000000dc9dc000, 0x0000000100000000)
 Metaspace       used 75680K, capacity 78960K, committed 79000K, reserved 1118208K
  class space    used 9768K, capacity 10384K, committed 10392K, reserved 1048576K
2022-08-07T09:29:33.674+0000: 35.619: [GC (Allocation Failure) 2022-08-07T09:29:33.675+0000: 35.619: [ParNew: 17613K->725K(19008K), 0.0044034 secs] 74344K->57515K(113072K), 0.0054294 secs] [Times: user=0.01 sys=0.00, real=0.01 secs] 
Heap after GC invocations=428 (full 53):
 par new generation   total 19008K, used 725K [0x00000000c2600000, 0x00000000c3aa0000, 0x00000000d6e00000)
  eden space 16896K,   0% used [0x00000000c2600000, 0x00000000c2600000, 0x00000000c3680000)
  from space 2112K,  34% used [0x00000000c3680000, 0x00000000c3735480, 0x00000000c3890000)
  to   space 2112K,   0% used [0x00000000c3890000, 0x00000000c3890000, 0x00000000c3aa0000)
 concurrent mark-sweep generation total 94064K, used 56790K [0x00000000d6e00000, 0x00000000dc9dc000, 0x0000000100000000)
 Metaspace       used 75680K, capacity 78960K, committed 79000K, reserved 1118208K
  class space    used 9768K, capacity 10384K, committed 10392K, reserved 1048576K
}
2022-08-07T09:29:33.724+0000: 35.668: Application time: 0.0436694 seconds
{Heap before GC invocations=428 (full 53):
 par new generation   total 19008K, used 17621K [0x00000000c2600000, 0x00000000c3aa0000, 0x00000000d6e00000)
  eden space 16896K, 100% used [0x00000000c2600000, 0x00000000c3680000, 0x00000000c3680000)
  from space 2112K,  34% used [0x00000000c3680000, 0x00000000c3735480, 0x00000000c3890000)
  to   space 2112K,   0% used [0x00000000c3890000, 0x00000000c3890000, 0x00000000c3aa0000)
 concurrent mark-sweep generation total 94064K, used 56790K [0x00000000d6e00000, 0x00000000dc9dc000, 0x0000000100000000)
 Metaspace       used 75785K, capacity 79056K, committed 79384K, reserved 1118208K
  class space    used 9786K, capacity 10416K, committed 10520K, reserved 1048576K
2022-08-07T09:29:33.724+0000: 35.669: [GC (Allocation Failure) 2022-08-07T09:29:33.725+0000: 35.669: [ParNew: 17621K->965K(19008K), 0.0046963 secs] 74411K->57794K(113072K), 0.0053549 secs] [Times: user=0.02 sys=0.00, real=0.01 secs] 
Heap after GC invocations=429 (full 53):
 par new generation   total 19008K, used 965K [0x00000000c2600000, 0x00000000c3aa0000, 0x00000000d6e00000)
  eden space 16896K,   0% used [0x00000000c2600000, 0x00000000c2600000, 0x00000000c3680000)
  from space 2112K,  45% used [0x00000000c3890000, 0x00000000c3981588, 0x00000000c3aa0000)
  to   space 2112K,   0% used [0x00000000c3680000, 0x00000000c3680000, 0x00000000c3890000)
 concurrent mark-sweep generation total 94064K, used 56829K [0x00000000d6e00000, 0x00000000dc9dc000, 0x0000000100000000)
 Metaspace       used 75785K, capacity 79056K, committed 79384K, reserved 1118208K
  class space    used 9786K, capacity 10416K, committed 10520K, reserved 1048576K
}
2022-08-07T09:29:33.731+0000: 35.676: [CMS-concurrent-preclean: 0.030/0.065 secs] [Times: user=0.14 sys=0.06, real=0.06 secs] 
2022-08-07T09:29:33.735+0000: 35.679: Application time: 0.0039441 seconds
2022-08-07T09:29:33.735+0000: 35.680: [GC (CMS Final Remark) [YG occupancy: 1663 K (19008 K)]2022-08-07T09:29:33.736+0000: 35.680: [Rescan (parallel) , 0.0033108 secs]2022-08-07T09:29:33.739+0000: 35.684: [weak refs processing, 0.0012473 secs]2022-08-07T09:29:33.741+0000: 35.686: [class unloading, 0.0322340 secs]2022-08-07T09:29:33.774+0000: 35.718: [scrub symbol table, 0.0325371 secs]2022-08-07T09:29:33.806+0000: 35.751: [scrub string table, 0.0019530 secs][1 CMS-remark: 56829K(94064K)] 58492K(113072K), 0.0856046 secs] [Times: user=0.07 sys=0.02, real=0.09 secs] 
2022-08-07T09:29:33.822+0000: 35.767: [CMS-concurrent-sweep-start]
2022-08-07T09:29:33.827+0000: 35.772: Application time: 0.0061408 seconds
2022-08-07T09:29:33.875+0000: 35.820: [CMS-concurrent-sweep: 0.051/0.054 secs] [Times: user=0.15 sys=0.03, real=0.05 secs] 
2022-08-07T09:29:33.876+0000: 35.821: [CMS-concurrent-reset-start]
2022-08-07T09:29:33.877+0000: 35.822: [CMS-concurrent-reset: 0.001/0.001 secs] [Times: user=0.00 sys=0.00, real=0.01 secs] 
2022-08-07T09:29:33.896+0000: 35.840: Application time: 0.0674466 seconds
{Heap before GC invocations=429 (full 53):
 par new generation   total 19008K, used 17861K [0x00000000c2600000, 0x00000000c3aa0000, 0x00000000d6e00000)
  eden space 16896K, 100% used [0x00000000c2600000, 0x00000000c3680000, 0x00000000c3680000)
  from space 2112K,  45% used [0x00000000c3890000, 0x00000000c3981588, 0x00000000c3aa0000)
  to   space 2112K,   0% used [0x00000000c3680000, 0x00000000c3680000, 0x00000000c3890000)
 concurrent mark-sweep generation total 94576K, used 56743K [0x00000000d6e00000, 0x00000000dca5c000, 0x0000000100000000)
 Metaspace       used 75765K, capacity 79072K, committed 79384K, reserved 1118208K
  class space    used 9785K, capacity 10408K, committed 10520K, reserved 1048576K
2022-08-07T09:29:33.896+0000: 35.841: [GC (Allocation Failure) 2022-08-07T09:29:33.897+0000: 35.842: [ParNew: 17861K->951K(19008K), 0.0059776 secs] 74605K->57742K(113584K), 0.0070886 secs] [Times: user=0.02 sys=0.01, real=0.01 secs] 
Heap after GC invocations=430 (full 53):
 par new generation   total 19008K, used 951K [0x00000000c2600000, 0x00000000c3aa0000, 0x00000000d6e00000)
  eden space 16896K,   0% used [0x00000000c2600000, 0x00000000c2600000, 0x00000000c3680000)
  from space 2112K,  45% used [0x00000000c3680000, 0x00000000c376dc68, 0x00000000c3890000)
  to   space 2112K,   0% used [0x00000000c3890000, 0x00000000c3890000, 0x00000000c3aa0000)
 concurrent mark-sweep generation total 94576K, used 56791K [0x00000000d6e00000, 0x00000000dca5c000, 0x0000000100000000)
 Metaspace       used 75765K, capacity 79072K, committed 79384K, reserved 1118208K
  class space    used 9785K, capacity 10408K, committed 10520K, reserved 1048576K
}
2022-08-07T09:29:33.906+0000: 35.850: Application time: 0.0006199 seconds
2022-08-07T09:29:33.906+0000: 35.851: [GC (CMS Initial Mark) [1 CMS-initial-mark: 56791K(94576K)] 58102K(113584K), 0.0026647 secs] [Times: user=0.01 sys=0.00, real=0.01 secs] 
2022-08-07T09:29:33.909+0000: 35.854: [CMS-concurrent-mark-start]
2022-08-07T09:29:33.963+0000: 35.908: Application time: 0.0533877 seconds
{Heap before GC invocations=430 (full 54):
 par new generation   total 19008K, used 17847K [0x00000000c2600000, 0x00000000c3aa0000, 0x00000000d6e00000)
  eden space 16896K, 100% used [0x00000000c2600000, 0x00000000c3680000, 0x00000000c3680000)
  from space 2112K,  45% used [0x00000000c3680000, 0x00000000c376dc68, 0x00000000c3890000)
  to   space 2112K,   0% used [0x00000000c3890000, 0x00000000c3890000, 0x00000000c3aa0000)
 concurrent mark-sweep generation total 94576K, used 56791K [0x00000000d6e00000, 0x00000000dca5c000, 0x0000000100000000)
 Metaspace       used 75783K, capacity 79142K, committed 79384K, reserved 1118208K
  class space    used 9789K, capacity 10411K, committed 10520K, reserved 1048576K
2022-08-07T09:29:33.963+0000: 35.908: [GC (Allocation Failure) 2022-08-07T09:29:33.964+0000: 35.908: [ParNew: 17847K->1183K(19008K), 0.0032082 secs] 74638K->58031K(113584K), 0.0041647 secs] [Times: user=0.02 sys=0.00, real=0.01 secs] 
Heap after GC invocations=431 (full 54):
 par new generation   total 19008K, used 1183K [0x00000000c2600000, 0x00000000c3aa0000, 0x00000000d6e00000)
  eden space 16896K,   0% used [0x00000000c2600000, 0x00000000c2600000, 0x00000000c3680000)
  from space 2112K,  56% used [0x00000000c3890000, 0x00000000c39b7ca8, 0x00000000c3aa0000)
  to   space 2112K,   0% used [0x00000000c3680000, 0x00000000c3680000, 0x00000000c3890000)
 concurrent mark-sweep generation total 94576K, used 56848K [0x00000000d6e00000, 0x00000000dca5c000, 0x0000000100000000)
 Metaspace       used 75783K, capacity 79142K, committed 79384K, reserved 1118208K
  class space    used 9789K, capacity 10411K, committed 10520K, reserved 1048576K
}
2022-08-07T09:29:34.020+0000: 35.965: Application time: 0.0513822 seconds
{Heap before GC invocations=431 (full 54):
 par new generation   total 19008K, used 18079K [0x00000000c2600000, 0x00000000c3aa0000, 0x00000000d6e00000)
  eden space 16896K, 100% used [0x00000000c2600000, 0x00000000c3680000, 0x00000000c3680000)
  from space 2112K,  56% used [0x00000000c3890000, 0x00000000c39b7ca8, 0x00000000c3aa0000)
  to   space 2112K,   0% used [0x00000000c3680000, 0x00000000c3680000, 0x00000000c3890000)
 concurrent mark-sweep generation total 94576K, used 56848K [0x00000000d6e00000, 0x00000000dca5c000, 0x0000000100000000)
 Metaspace       used 75790K, capacity 79142K, committed 79384K, reserved 1118208K
  class space    used 9790K, capacity 10411K, committed 10520K, reserved 1048576K
2022-08-07T09:29:34.021+0000: 35.966: [GC (Allocation Failure) 2022-08-07T09:29:34.022+0000: 35.966: [ParNew: 18079K->1091K(19008K), 0.0032194 secs] 74927K->57988K(113584K), 0.0041171 secs] [Times: user=0.02 sys=0.00, real=0.00 secs] 
Heap after GC invocations=432 (full 54):
 par new generation   total 19008K, used 1091K [0x00000000c2600000, 0x00000000c3aa0000, 0x00000000d6e00000)
  eden space 16896K,   0% used [0x00000000c2600000, 0x00000000c2600000, 0x00000000c3680000)
  from space 2112K,  51% used [0x00000000c3680000, 0x00000000c3790e10, 0x00000000c3890000)
  to   space 2112K,   0% used [0x00000000c3890000, 0x00000000c3890000, 0x00000000c3aa0000)
 concurrent mark-sweep generation total 94576K, used 56896K [0x00000000d6e00000, 0x00000000dca5c000, 0x0000000100000000)
 Metaspace       used 75790K, capacity 79142K, committed 79384K, reserved 1118208K
  class space    used 9790K, capacity 10411K, committed 10520K, reserved 1048576K
}
2022-08-07T09:29:34.059+0000: 36.004: [CMS-concurrent-mark: 0.138/0.149 secs] [Times: user=0.54 sys=0.03, real=0.15 secs] 
2022-08-07T09:29:34.059+0000: 36.004: [CMS-concurrent-preclean-start]
2022-08-07T09:29:34.069+0000: 36.014: Application time: 0.0431494 seconds
{Heap before GC invocations=432 (full 54):
 par new generation   total 19008K, used 17987K [0x00000000c2600000, 0x00000000c3aa0000, 0x00000000d6e00000)
  eden space 16896K, 100% used [0x00000000c2600000, 0x00000000c3680000, 0x00000000c3680000)
  from space 2112K,  51% used [0x00000000c3680000, 0x00000000c3790e10, 0x00000000c3890000)
  to   space 2112K,   0% used [0x00000000c3890000, 0x00000000c3890000, 0x00000000c3aa0000)
 concurrent mark-sweep generation total 94576K, used 56896K [0x00000000d6e00000, 0x00000000dca5c000, 0x0000000100000000)
 Metaspace       used 75796K, capacity 79148K, committed 79384K, reserved 1118208K
  class space    used 9790K, capacity 10412K, committed 10520K, reserved 1048576K
2022-08-07T09:29:34.070+0000: 36.015: [GC (Allocation Failure) 2022-08-07T09:29:34.070+0000: 36.015: [ParNew: 17987K->1010K(19008K), 0.0036780 secs] 74884K->57950K(113584K), 0.0046137 secs] [Times: user=0.01 sys=0.01, real=0.00 secs] 
Heap after GC invocations=433 (full 54):
 par new generation   total 19008K, used 1010K [0x00000000c2600000, 0x00000000c3aa0000, 0x00000000d6e00000)
  eden space 16896K,   0% used [0x00000000c2600000, 0x00000000c2600000, 0x00000000c3680000)
  from space 2112K,  47% used [0x00000000c3890000, 0x00000000c398c900, 0x00000000c3aa0000)
  to   space 2112K,   0% used [0x00000000c3680000, 0x00000000c3680000, 0x00000000c3890000)
 concurrent mark-sweep generation total 94576K, used 56940K [0x00000000d6e00000, 0x00000000dca5c000, 0x0000000100000000)
 Metaspace       used 75796K, capacity 79148K, committed 79384K, reserved 1118208K
  class space    used 9790K, capacity 10412K, committed 10520K, reserved 1048576K
}
2022-08-07T09:29:34.109+0000: 36.054: [CMS-concurrent-preclean: 0.025/0.050 secs] [Times: user=0.16 sys=0.04, real=0.05 secs] 
2022-08-07T09:29:34.110+0000: 36.054: [CMS-concurrent-abortable-preclean-start]
2022-08-07T09:29:34.115+0000: 36.059: Application time: 0.0394057 seconds
{Heap before GC invocations=433 (full 54):
 par new generation   total 19008K, used 17906K [0x00000000c2600000, 0x00000000c3aa0000, 0x00000000d6e00000)
  eden space 16896K, 100% used [0x00000000c2600000, 0x00000000c3680000, 0x00000000c3680000)
  from space 2112K,  47% used [0x00000000c3890000, 0x00000000c398c900, 0x00000000c3aa0000)
  to   space 2112K,   0% used [0x00000000c3680000, 0x00000000c3680000, 0x00000000c3890000)
 concurrent mark-sweep generation total 94576K, used 56940K [0x00000000d6e00000, 0x00000000dca5c000, 0x0000000100000000)
 Metaspace       used 75864K, capacity 79168K, committed 79384K, reserved 1118208K
  class space    used 9802K, capacity 10416K, committed 10520K, reserved 1048576K
2022-08-07T09:29:34.115+0000: 36.060: [GC (Allocation Failure) 2022-08-07T09:29:34.116+0000: 36.061: [ParNew: 17906K->1111K(19008K), 0.0030100 secs] 74846K->58095K(113584K), 0.0041083 secs] [Times: user=0.02 sys=0.00, real=0.01 secs] 
Heap after GC invocations=434 (full 54):
 par new generation   total 19008K, used 1111K [0x00000000c2600000, 0x00000000c3aa0000, 0x00000000d6e00000)
  eden space 16896K,   0% used [0x00000000c2600000, 0x00000000c2600000, 0x00000000c3680000)
  from space 2112K,  52% used [0x00000000c3680000, 0x00000000c3795cf8, 0x00000000c3890000)
  to   space 2112K,   0% used [0x00000000c3890000, 0x00000000c3890000, 0x00000000c3aa0000)
 concurrent mark-sweep generation total 94576K, used 56984K [0x00000000d6e00000, 0x00000000dca5c000, 0x0000000100000000)
 Metaspace       used 75864K, capacity 79168K, committed 79384K, reserved 1118208K
  class space    used 9802K, capacity 10416K, committed 10520K, reserved 1048576K
}
2022-08-07T09:29:34.138+0000: 36.082: Application time: 0.0179149 seconds
2022-08-07T09:29:34.152+0000: 36.096: [CMS-concurrent-abortable-preclean: 0.023/0.042 secs] [Times: user=0.13 sys=0.03, real=0.04 secs] 
2022-08-07T09:29:34.152+0000: 36.097: Application time: 0.0140573 seconds
2022-08-07T09:29:34.153+0000: 36.098: [GC (CMS Final Remark) [YG occupancy: 15966 K (19008 K)]2022-08-07T09:29:34.153+0000: 36.098: [Rescan (parallel) , 0.0047897 secs]2022-08-07T09:29:34.158+0000: 36.103: [weak refs processing, 0.0005509 secs]2022-08-07T09:29:34.159+0000: 36.104: [class unloading, 0.0130031 secs]2022-08-07T09:29:34.173+0000: 36.117: [scrub symbol table, 0.0206500 secs]2022-08-07T09:29:34.194+0000: 36.139: [scrub string table, 0.0012805 secs][1 CMS-remark: 56984K(94576K)] 72951K(113584K), 0.0425759 secs] [Times: user=0.08 sys=0.00, real=0.04 secs] 
2022-08-07T09:29:34.196+0000: 36.141: [CMS-concurrent-sweep-start]
2022-08-07T09:29:34.199+0000: 36.144: Application time: 0.0029673 seconds
{Heap before GC invocations=434 (full 54):
 par new generation   total 19008K, used 18007K [0x00000000c2600000, 0x00000000c3aa0000, 0x00000000d6e00000)
  eden space 16896K, 100% used [0x00000000c2600000, 0x00000000c3680000, 0x00000000c3680000)
  from space 2112K,  52% used [0x00000000c3680000, 0x00000000c3795cf8, 0x00000000c3890000)
  to   space 2112K,   0% used [0x00000000c3890000, 0x00000000c3890000, 0x00000000c3aa0000)
 concurrent mark-sweep generation total 94576K, used 56984K [0x00000000d6e00000, 0x00000000dca5c000, 0x0000000100000000)
 Metaspace       used 75866K, capacity 79168K, committed 79384K, reserved 1118208K
  class space    used 9802K, capacity 10416K, committed 10520K, reserved 1048576K
2022-08-07T09:29:34.199+0000: 36.144: [GC (Allocation Failure) 2022-08-07T09:29:34.200+0000: 36.144: [ParNew: 18007K->1110K(19008K), 0.0031920 secs] 74991K->58154K(113584K), 0.0039023 secs] [Times: user=0.01 sys=0.00, real=0.00 secs] 
Heap after GC invocations=435 (full 54):
 par new generation   total 19008K, used 1110K [0x00000000c2600000, 0x00000000c3aa0000, 0x00000000d6e00000)
  eden space 16896K,   0% used [0x00000000c2600000, 0x00000000c2600000, 0x00000000c3680000)
  from space 2112K,  52% used [0x00000000c3890000, 0x00000000c39a5b00, 0x00000000c3aa0000)
  to   space 2112K,   0% used [0x00000000c3680000, 0x00000000c3680000, 0x00000000c3890000)
 concurrent mark-sweep generation total 94576K, used 57043K [0x00000000d6e00000, 0x00000000dca5c000, 0x0000000100000000)
 Metaspace       used 75866K, capacity 79168K, committed 79384K, reserved 1118208K
  class space    used 9802K, capacity 10416K, committed 10520K, reserved 1048576K
}
2022-08-07T09:29:34.229+0000: 36.173: [CMS-concurrent-sweep: 0.027/0.032 secs] [Times: user=0.11 sys=0.01, real=0.04 secs] 
2022-08-07T09:29:34.230+0000: 36.175: [CMS-concurrent-reset-start]
2022-08-07T09:29:34.230+0000: 36.175: [CMS-concurrent-reset: 0.000/0.001 secs] [Times: user=0.00 sys=0.00, real=0.00 secs] 
2022-08-07T09:29:34.262+0000: 36.206: Application time: 0.0579015 seconds
{Heap before GC invocations=435 (full 54):
 par new generation   total 19008K, used 18006K [0x00000000c2600000, 0x00000000c3aa0000, 0x00000000d6e00000)
  eden space 16896K, 100% used [0x00000000c2600000, 0x00000000c3680000, 0x00000000c3680000)
  from space 2112K,  52% used [0x00000000c3890000, 0x00000000c39a5b00, 0x00000000c3aa0000)
  to   space 2112K,   0% used [0x00000000c3680000, 0x00000000c3680000, 0x00000000c3890000)
 concurrent mark-sweep generation total 95040K, used 57023K [0x00000000d6e00000, 0x00000000dcad0000, 0x0000000100000000)
 Metaspace       used 75895K, capacity 79232K, committed 79384K, reserved 1118208K
  class space    used 9808K, capacity 10416K, committed 10520K, reserved 1048576K
2022-08-07T09:29:34.262+0000: 36.207: [GC (Allocation Failure) 2022-08-07T09:29:34.262+0000: 36.207: [ParNew: 18006K->1402K(19008K), 0.0039235 secs] 75029K->58483K(114048K), 0.0047663 secs] [Times: user=0.01 sys=0.01, real=0.01 secs] 
Heap after GC invocations=436 (full 54):
 par new generation   total 19008K, used 1402K [0x00000000c2600000, 0x00000000c3aa0000, 0x00000000d6e00000)
  eden space 16896K,   0% used [0x00000000c2600000, 0x00000000c2600000, 0x00000000c3680000)
  from space 2112K,  66% used [0x00000000c3680000, 0x00000000c37deb28, 0x00000000c3890000)
  to   space 2112K,   0% used [0x00000000c3890000, 0x00000000c3890000, 0x00000000c3aa0000)
 concurrent mark-sweep generation total 95040K, used 57081K [0x00000000d6e00000, 0x00000000dcad0000, 0x0000000100000000)
 Metaspace       used 75895K, capacity 79232K, committed 79384K, reserved 1118208K
  class space    used 9808K, capacity 10416K, committed 10520K, reserved 1048576K
}
2022-08-07T09:29:34.268+0000: 36.212: Application time: 0.0002394 seconds
2022-08-07T09:29:34.268+0000: 36.213: [GC (CMS Initial Mark) [1 CMS-initial-mark: 57081K(95040K)] 58848K(114048K), 0.0020941 secs] [Times: user=0.01 sys=0.00, real=0.00 secs] 
2022-08-07T09:29:34.271+0000: 36.215: [CMS-concurrent-mark-start]
2022-08-07T09:29:34.334+0000: 36.279: Application time: 0.0634994 seconds
{Heap before GC invocations=436 (full 55):
 par new generation   total 19008K, used 18298K [0x00000000c2600000, 0x00000000c3aa0000, 0x00000000d6e00000)
  eden space 16896K, 100% used [0x00000000c2600000, 0x00000000c3680000, 0x00000000c3680000)
  from space 2112K,  66% used [0x00000000c3680000, 0x00000000c37deb28, 0x00000000c3890000)
  to   space 2112K,   0% used [0x00000000c3890000, 0x00000000c3890000, 0x00000000c3aa0000)
 concurrent mark-sweep generation total 95040K, used 57081K [0x00000000d6e00000, 0x00000000dcad0000, 0x0000000100000000)
 Metaspace       used 75989K, capacity 79340K, committed 79640K, reserved 1118208K
  class space    used 9825K, capacity 10450K, committed 10520K, reserved 1048576K
2022-08-07T09:29:34.335+0000: 36.279: [GC (Allocation Failure) 2022-08-07T09:29:34.335+0000: 36.280: [ParNew: 18298K->1518K(19008K), 0.0185269 secs] 75379K->58652K(114048K), 0.0194127 secs] [Times: user=0.04 sys=0.00, real=0.02 secs] 
Heap after GC invocations=437 (full 55):
 par new generation   total 19008K, used 1518K [0x00000000c2600000, 0x00000000c3aa0000, 0x00000000d6e00000)
  eden space 16896K,   0% used [0x00000000c2600000, 0x00000000c2600000, 0x00000000c3680000)
  from space 2112K,  71% used [0x00000000c3890000, 0x00000000c3a0b868, 0x00000000c3aa0000)
  to   space 2112K,   0% used [0x00000000c3680000, 0x00000000c3680000, 0x00000000c3890000)
 concurrent mark-sweep generation total 95040K, used 57134K [0x00000000d6e00000, 0x00000000dcad0000, 0x0000000100000000)
 Metaspace       used 75989K, capacity 79340K, committed 79640K, reserved 1118208K
  class space    used 9825K, capacity 10450K, committed 10520K, reserved 1048576K
}
2022-08-07T09:29:34.444+0000: 36.388: Application time: 0.0886987 seconds
2022-08-07T09:29:34.467+0000: 36.411: Application time: 0.0228305 seconds
{Heap before GC invocations=437 (full 55):
 par new generation   total 19008K, used 18414K [0x00000000c2600000, 0x00000000c3aa0000, 0x00000000d6e00000)
  eden space 16896K, 100% used [0x00000000c2600000, 0x00000000c3680000, 0x00000000c3680000)
  from space 2112K,  71% used [0x00000000c3890000, 0x00000000c3a0b868, 0x00000000c3aa0000)
  to   space 2112K,   0% used [0x00000000c3680000, 0x00000000c3680000, 0x00000000c3890000)
 concurrent mark-sweep generation total 95040K, used 57134K [0x00000000d6e00000, 0x00000000dcad0000, 0x0000000100000000)
 Metaspace       used 76035K, capacity 79358K, committed 79640K, reserved 1118208K
  class space    used 9830K, capacity 10453K, committed 10520K, reserved 1048576K
2022-08-07T09:29:34.468+0000: 36.412: [GC (Allocation Failure) 2022-08-07T09:29:34.468+0000: 36.413: [ParNew: 18414K->1603K(19008K), 0.0063412 secs] 75548K->58935K(114048K), 0.0071263 secs] [Times: user=0.01 sys=0.00, real=0.00 secs] 
Heap after GC invocations=438 (full 55):
 par new generation   total 19008K, used 1603K [0x00000000c2600000, 0x00000000c3aa0000, 0x00000000d6e00000)
  eden space 16896K,   0% used [0x00000000c2600000, 0x00000000c2600000, 0x00000000c3680000)
  from space 2112K,  75% used [0x00000000c3680000, 0x00000000c3810ca0, 0x00000000c3890000)
  to   space 2112K,   0% used [0x00000000c3890000, 0x00000000c3890000, 0x00000000c3aa0000)
 concurrent mark-sweep generation total 95040K, used 57332K [0x00000000d6e00000, 0x00000000dcad0000, 0x0000000100000000)
 Metaspace       used 76035K, capacity 79358K, committed 79640K, reserved 1118208K
  class space    used 9830K, capacity 10453K, committed 10520K, reserved 1048576K
}
2022-08-07T09:29:34.507+0000: 36.452: [CMS-concurrent-mark: 0.194/0.236 secs] [Times: user=0.64 sys=0.07, real=0.24 secs] 
2022-08-07T09:29:34.507+0000: 36.452: [CMS-concurrent-preclean-start]
2022-08-07T09:29:34.548+0000: 36.493: [CMS-concurrent-preclean: 0.024/0.041 secs] [Times: user=0.12 sys=0.04, real=0.04 secs] 
2022-08-07T09:29:34.549+0000: 36.494: [CMS-concurrent-abortable-preclean-start]
2022-08-07T09:29:34.552+0000: 36.497: Application time: 0.0769271 seconds
2022-08-07T09:29:34.587+0000: 36.532: Application time: 0.0343806 seconds
{Heap before GC invocations=438 (full 55):
 par new generation   total 19008K, used 18499K [0x00000000c2600000, 0x00000000c3aa0000, 0x00000000d6e00000)
  eden space 16896K, 100% used [0x00000000c2600000, 0x00000000c3680000, 0x00000000c3680000)
  from space 2112K,  75% used [0x00000000c3680000, 0x00000000c3810ca0, 0x00000000c3890000)
  to   space 2112K,   0% used [0x00000000c3890000, 0x00000000c3890000, 0x00000000c3aa0000)
 concurrent mark-sweep generation total 95040K, used 57332K [0x00000000d6e00000, 0x00000000dcad0000, 0x0000000100000000)
 Metaspace       used 76280K, capacity 79610K, committed 79896K, reserved 1118208K
  class space    used 9869K, capacity 10485K, committed 10520K, reserved 1048576K
2022-08-07T09:29:34.587+0000: 36.532: [GC (Allocation Failure) 2022-08-07T09:29:34.588+0000: 36.533: [ParNew: 18499K->1256K(19008K), 0.0057813 secs] 75831K->58908K(114048K), 0.0067342 secs] [Times: user=0.01 sys=0.00, real=0.00 secs] 
Heap after GC invocations=439 (full 55):
 par new generation   total 19008K, used 1256K [0x00000000c2600000, 0x00000000c3aa0000, 0x00000000d6e00000)
  eden space 16896K,   0% used [0x00000000c2600000, 0x00000000c2600000, 0x00000000c3680000)
  from space 2112K,  59% used [0x00000000c3890000, 0x00000000c39ca378, 0x00000000c3aa0000)
  to   space 2112K,   0% used [0x00000000c3680000, 0x00000000c3680000, 0x00000000c3890000)
 concurrent mark-sweep generation total 95040K, used 57651K [0x00000000d6e00000, 0x00000000dcad0000, 0x0000000100000000)
 Metaspace       used 76280K, capacity 79610K, committed 79896K, reserved 1118208K
  class space    used 9869K, capacity 10485K, committed 10520K, reserved 1048576K
}
2022-08-07T09:29:34.630+0000: 36.575: Application time: 0.0348940 seconds
{Heap before GC invocations=439 (full 55):
 par new generation   total 19008K, used 18152K [0x00000000c2600000, 0x00000000c3aa0000, 0x00000000d6e00000)
  eden space 16896K, 100% used [0x00000000c2600000, 0x00000000c3680000, 0x00000000c3680000)
  from space 2112K,  59% used [0x00000000c3890000, 0x00000000c39ca378, 0x00000000c3aa0000)
  to   space 2112K,   0% used [0x00000000c3680000, 0x00000000c3680000, 0x00000000c3890000)
 concurrent mark-sweep generation total 95040K, used 57651K [0x00000000d6e00000, 0x00000000dcad0000, 0x0000000100000000)
 Metaspace       used 76290K, capacity 79694K, committed 79896K, reserved 1118208K
  class space    used 9871K, capacity 10489K, committed 10520K, reserved 1048576K
2022-08-07T09:29:34.631+0000: 36.576: [GC (Allocation Failure) 2022-08-07T09:29:34.631+0000: 36.576: [ParNew: 18152K->1362K(19008K), 0.0058617 secs] 75804K->59175K(114048K), 0.0069047 secs] [Times: user=0.02 sys=0.00, real=0.01 secs] 
Heap after GC invocations=440 (full 55):
 par new generation   total 19008K, used 1362K [0x00000000c2600000, 0x00000000c3aa0000, 0x00000000d6e00000)
  eden space 16896K,   0% used [0x00000000c2600000, 0x00000000c2600000, 0x00000000c3680000)
  from space 2112K,  64% used [0x00000000c3680000, 0x00000000c37d4820, 0x00000000c3890000)
  to   space 2112K,   0% used [0x00000000c3890000, 0x00000000c3890000, 0x00000000c3aa0000)
 concurrent mark-sweep generation total 95040K, used 57813K [0x00000000d6e00000, 0x00000000dcad0000, 0x0000000100000000)
 Metaspace       used 76290K, capacity 79694K, committed 79896K, reserved 1118208K
  class space    used 9871K, capacity 10489K, committed 10520K, reserved 1048576K
}
2022-08-07T09:29:34.711+0000: 36.656: [CMS-concurrent-abortable-preclean: 0.080/0.162 secs] [Times: user=0.48 sys=0.09, real=0.16 secs] 
2022-08-07T09:29:34.712+0000: 36.657: Application time: 0.0731632 seconds
2022-08-07T09:29:34.712+0000: 36.657: [GC (CMS Final Remark) [YG occupancy: 12854 K (19008 K)]2022-08-07T09:29:34.713+0000: 36.658: [Rescan (parallel) , 0.0098419 secs]2022-08-07T09:29:34.723+0000: 36.668: [weak refs processing, 0.0005248 secs]2022-08-07T09:29:34.724+0000: 36.669: [class unloading, 0.0221326 secs]2022-08-07T09:29:34.749+0000: 36.694: [scrub symbol table, 0.0236539 secs]2022-08-07T09:29:34.777+0000: 36.722: [scrub string table, 0.0013987 secs][1 CMS-remark: 57813K(95040K)] 70668K(114048K), 0.0665605 secs] [Times: user=0.12 sys=0.01, real=0.07 secs] 
2022-08-07T09:29:34.780+0000: 36.725: [CMS-concurrent-sweep-start]
2022-08-07T09:29:34.796+0000: 36.741: Application time: 0.0164422 seconds
{Heap before GC invocations=440 (full 55):
 par new generation   total 19008K, used 18258K [0x00000000c2600000, 0x00000000c3aa0000, 0x00000000d6e00000)
  eden space 16896K, 100% used [0x00000000c2600000, 0x00000000c3680000, 0x00000000c3680000)
  from space 2112K,  64% used [0x00000000c3680000, 0x00000000c37d4820, 0x00000000c3890000)
  to   space 2112K,   0% used [0x00000000c3890000, 0x00000000c3890000, 0x00000000c3aa0000)
 concurrent mark-sweep generation total 95040K, used 57782K [0x00000000d6e00000, 0x00000000dcad0000, 0x0000000100000000)
 Metaspace       used 76333K, capacity 79752K, committed 79896K, reserved 1118208K
  class space    used 9882K, capacity 10502K, committed 10520K, reserved 1048576K
2022-08-07T09:29:34.797+0000: 36.741: [GC (Allocation Failure) 2022-08-07T09:29:34.797+0000: 36.742: [ParNew: 18258K->1403K(19008K), 0.0154613 secs] 76040K->59186K(114048K), 0.0162532 secs] [Times: user=0.03 sys=0.01, real=0.01 secs] 
Heap after GC invocations=441 (full 55):
 par new generation   total 19008K, used 1403K [0x00000000c2600000, 0x00000000c3aa0000, 0x00000000d6e00000)
  eden space 16896K,   0% used [0x00000000c2600000, 0x00000000c2600000, 0x00000000c3680000)
  from space 2112K,  66% used [0x00000000c3890000, 0x00000000c39eeda0, 0x00000000c3aa0000)
  to   space 2112K,   0% used [0x00000000c3680000, 0x00000000c3680000, 0x00000000c3890000)
 concurrent mark-sweep generation total 95040K, used 57782K [0x00000000d6e00000, 0x00000000dcad0000, 0x0000000100000000)
 Metaspace       used 76333K, capacity 79752K, committed 79896K, reserved 1118208K
  class space    used 9882K, capacity 10502K, committed 10520K, reserved 1048576K
}
2022-08-07T09:29:34.860+0000: 36.805: [CMS-concurrent-sweep: 0.062/0.080 secs] [Times: user=0.15 sys=0.04, real=0.08 secs] 
2022-08-07T09:29:34.861+0000: 36.806: [CMS-concurrent-reset-start]
2022-08-07T09:29:34.862+0000: 36.806: [CMS-concurrent-reset: 0.001/0.001 secs] [Times: user=0.00 sys=0.00, real=0.00 secs] 
2022-08-07T09:29:34.877+0000: 36.822: Application time: 0.0629843 seconds
{Heap before GC invocations=441 (full 55):
 par new generation   total 19008K, used 18299K [0x00000000c2600000, 0x00000000c3aa0000, 0x00000000d6e00000)
  eden space 16896K, 100% used [0x00000000c2600000, 0x00000000c3680000, 0x00000000c3680000)
  from space 2112K,  66% used [0x00000000c3890000, 0x00000000c39eeda0, 0x00000000c3aa0000)
  to   space 2112K,   0% used [0x00000000c3680000, 0x00000000c3680000, 0x00000000c3890000)
 concurrent mark-sweep generation total 96116K, used 57667K [0x00000000d6e00000, 0x00000000dcbdd000, 0x0000000100000000)
 Metaspace       used 76337K, capacity 79752K, committed 79896K, reserved 1118208K
  class space    used 9882K, capacity 10502K, committed 10520K, reserved 1048576K
2022-08-07T09:29:34.877+0000: 36.822: [GC (Allocation Failure) 2022-08-07T09:29:34.878+0000: 36.823: [ParNew: 18299K->1587K(19008K), 0.0090027 secs] 75967K->59255K(115124K), 0.0103147 secs] [Times: user=0.03 sys=0.00, real=0.01 secs] 
Heap after GC invocations=442 (full 55):
 par new generation   total 19008K, used 1587K [0x00000000c2600000, 0x00000000c3aa0000, 0x00000000d6e00000)
  eden space 16896K,   0% used [0x00000000c2600000, 0x00000000c2600000, 0x00000000c3680000)
  from space 2112K,  75% used [0x00000000c3680000, 0x00000000c380cde0, 0x00000000c3890000)
  to   space 2112K,   0% used [0x00000000c3890000, 0x00000000c3890000, 0x00000000c3aa0000)
 concurrent mark-sweep generation total 96116K, used 57667K [0x00000000d6e00000, 0x00000000dcbdd000, 0x0000000100000000)
 Metaspace       used 76337K, capacity 79752K, committed 79896K, reserved 1118208K
  class space    used 9882K, capacity 10502K, committed 10520K, reserved 1048576K
}
2022-08-07T09:29:34.931+0000: 36.875: Application time: 0.0421591 seconds
{Heap before GC invocations=442 (full 55):
 par new generation   total 19008K, used 18483K [0x00000000c2600000, 0x00000000c3aa0000, 0x00000000d6e00000)
  eden space 16896K, 100% used [0x00000000c2600000, 0x00000000c3680000, 0x00000000c3680000)
  from space 2112K,  75% used [0x00000000c3680000, 0x00000000c380cde0, 0x00000000c3890000)
  to   space 2112K,   0% used [0x00000000c3890000, 0x00000000c3890000, 0x00000000c3aa0000)
 concurrent mark-sweep generation total 96116K, used 57667K [0x00000000d6e00000, 0x00000000dcbdd000, 0x0000000100000000)
 Metaspace       used 76338K, capacity 79752K, committed 79896K, reserved 1118208K
  class space    used 9882K, capacity 10502K, committed 10520K, reserved 1048576K
2022-08-07T09:29:34.932+0000: 36.876: [GC (Allocation Failure) 2022-08-07T09:29:34.932+0000: 36.877: [ParNew: 18483K->1687K(19008K), 0.0089149 secs] 76151K->59355K(115124K), 0.0098467 secs] [Times: user=0.02 sys=0.01, real=0.01 secs] 
Heap after GC invocations=443 (full 55):
 par new generation   total 19008K, used 1687K [0x00000000c2600000, 0x00000000c3aa0000, 0x00000000d6e00000)
  eden space 16896K,   0% used [0x00000000c2600000, 0x00000000c2600000, 0x00000000c3680000)
  from space 2112K,  79% used [0x00000000c3890000, 0x00000000c3a35d88, 0x00000000c3aa0000)
  to   space 2112K,   0% used [0x00000000c3680000, 0x00000000c3680000, 0x00000000c3890000)
 concurrent mark-sweep generation total 96116K, used 57667K [0x00000000d6e00000, 0x00000000dcbdd000, 0x0000000100000000)
 Metaspace       used 76338K, capacity 79752K, committed 79896K, reserved 1118208K
  class space    used 9882K, capacity 10502K, committed 10520K, reserved 1048576K
}
2022-08-07T09:29:34.986+0000: 36.931: Application time: 0.0431983 seconds
2022-08-07T09:29:34.992+0000: 36.937: Application time: 0.0060720 seconds
{Heap before GC invocations=443 (full 55):
 par new generation   total 19008K, used 18583K [0x00000000c2600000, 0x00000000c3aa0000, 0x00000000d6e00000)
  eden space 16896K, 100% used [0x00000000c2600000, 0x00000000c3680000, 0x00000000c3680000)
  from space 2112K,  79% used [0x00000000c3890000, 0x00000000c3a35d88, 0x00000000c3aa0000)
  to   space 2112K,   0% used [0x00000000c3680000, 0x00000000c3680000, 0x00000000c3890000)
 concurrent mark-sweep generation total 96116K, used 57667K [0x00000000d6e00000, 0x00000000dcbdd000, 0x0000000100000000)
 Metaspace       used 76372K, capacity 79784K, committed 79896K, reserved 1118208K
  class space    used 9891K, capacity 10512K, committed 10520K, reserved 1048576K
2022-08-07T09:29:34.994+0000: 36.938: [GC (Allocation Failure) 2022-08-07T09:29:34.994+0000: 36.939: [ParNew: 18583K->1267K(19008K), 0.0071056 secs] 76251K->58935K(115124K), 0.0079005 secs] [Times: user=0.02 sys=0.01, real=0.01 secs] 
Heap after GC invocations=444 (full 55):
 par new generation   total 19008K, used 1267K [0x00000000c2600000, 0x00000000c3aa0000, 0x00000000d6e00000)
  eden space 16896K,   0% used [0x00000000c2600000, 0x00000000c2600000, 0x00000000c3680000)
  from space 2112K,  60% used [0x00000000c3680000, 0x00000000c37bce08, 0x00000000c3890000)
  to   space 2112K,   0% used [0x00000000c3890000, 0x00000000c3890000, 0x00000000c3aa0000)
 concurrent mark-sweep generation total 96116K, used 57667K [0x00000000d6e00000, 0x00000000dcbdd000, 0x0000000100000000)
 Metaspace       used 76372K, capacity 79784K, committed 79896K, reserved 1118208K
  class space    used 9891K, capacity 10512K, committed 10520K, reserved 1048576K
}
2022-08-07T09:29:35.045+0000: 36.990: Application time: 0.0430328 seconds
{Heap before GC invocations=444 (full 55):
 par new generation   total 19008K, used 18163K [0x00000000c2600000, 0x00000000c3aa0000, 0x00000000d6e00000)
  eden space 16896K, 100% used [0x00000000c2600000, 0x00000000c3680000, 0x00000000c3680000)
  from space 2112K,  60% used [0x00000000c3680000, 0x00000000c37bce08, 0x00000000c3890000)
  to   space 2112K,   0% used [0x00000000c3890000, 0x00000000c3890000, 0x00000000c3aa0000)
 concurrent mark-sweep generation total 96116K, used 57667K [0x00000000d6e00000, 0x00000000dcbdd000, 0x0000000100000000)
 Metaspace       used 76382K, capacity 79784K, committed 79896K, reserved 1118208K
  class space    used 9892K, capacity 10512K, committed 10520K, reserved 1048576K
2022-08-07T09:29:35.047+0000: 36.992: [GC (Allocation Failure) 2022-08-07T09:29:35.047+0000: 36.992: [ParNew: 18163K->1650K(19008K), 0.0278886 secs] 75831K->59578K(115124K), 0.0317938 secs] [Times: user=0.02 sys=0.00, real=0.03 secs] 
Heap after GC invocations=445 (full 55):
 par new generation   total 19008K, used 1650K [0x00000000c2600000, 0x00000000c3aa0000, 0x00000000d6e00000)
  eden space 16896K,   0% used [0x00000000c2600000, 0x00000000c2600000, 0x00000000c3680000)
  from space 2112K,  78% used [0x00000000c3890000, 0x00000000c3a2c980, 0x00000000c3aa0000)
  to   space 2112K,   0% used [0x00000000c3680000, 0x00000000c3680000, 0x00000000c3890000)
 concurrent mark-sweep generation total 96116K, used 57928K [0x00000000d6e00000, 0x00000000dcbdd000, 0x0000000100000000)
 Metaspace       used 76382K, capacity 79784K, committed 79896K, reserved 1118208K
  class space    used 9892K, capacity 10512K, committed 10520K, reserved 1048576K
}
2022-08-07T09:29:35.083+0000: 37.027: Application time: 0.0001934 seconds
2022-08-07T09:29:35.084+0000: 37.029: [GC (CMS Initial Mark) [1 CMS-initial-mark: 57928K(96116K)] 59920K(115124K), 0.0043605 secs] [Times: user=0.00 sys=0.00, real=0.01 secs] 
2022-08-07T09:29:35.089+0000: 37.034: [CMS-concurrent-mark-start]
2022-08-07T09:29:35.140+0000: 37.084: Application time: 0.0506332 seconds
{Heap before GC invocations=445 (full 56):
 par new generation   total 19008K, used 18546K [0x00000000c2600000, 0x00000000c3aa0000, 0x00000000d6e00000)
  eden space 16896K, 100% used [0x00000000c2600000, 0x00000000c3680000, 0x00000000c3680000)
  from space 2112K,  78% used [0x00000000c3890000, 0x00000000c3a2c980, 0x00000000c3aa0000)
  to   space 2112K,   0% used [0x00000000c3680000, 0x00000000c3680000, 0x00000000c3890000)
 concurrent mark-sweep generation total 96116K, used 57928K [0x00000000d6e00000, 0x00000000dcbdd000, 0x0000000100000000)
 Metaspace       used 76396K, capacity 79784K, committed 79896K, reserved 1118208K
  class space    used 9894K, capacity 10512K, committed 10520K, reserved 1048576K
2022-08-07T09:29:35.140+0000: 37.085: [GC (Allocation Failure) 2022-08-07T09:29:35.141+0000: 37.086: [ParNew: 18546K->1235K(19008K), 0.0070996 secs] 76474K->59163K(115124K), 0.0081162 secs] [Times: user=0.03 sys=0.00, real=0.01 secs] 
Heap after GC invocations=446 (full 56):
 par new generation   total 19008K, used 1235K [0x00000000c2600000, 0x00000000c3aa0000, 0x00000000d6e00000)
  eden space 16896K,   0% used [0x00000000c2600000, 0x00000000c2600000, 0x00000000c3680000)
  from space 2112K,  58% used [0x00000000c3680000, 0x00000000c37b4d58, 0x00000000c3890000)
  to   space 2112K,   0% used [0x00000000c3890000, 0x00000000c3890000, 0x00000000c3aa0000)
 concurrent mark-sweep generation total 96116K, used 57928K [0x00000000d6e00000, 0x00000000dcbdd000, 0x0000000100000000)
 Metaspace       used 76396K, capacity 79784K, committed 79896K, reserved 1118208K
  class space    used 9894K, capacity 10512K, committed 10520K, reserved 1048576K
}
2022-08-07T09:29:35.185+0000: 37.130: Application time: 0.0359632 seconds
{Heap before GC invocations=446 (full 56):
 par new generation   total 19008K, used 18131K [0x00000000c2600000, 0x00000000c3aa0000, 0x00000000d6e00000)
  eden space 16896K, 100% used [0x00000000c2600000, 0x00000000c3680000, 0x00000000c3680000)
  from space 2112K,  58% used [0x00000000c3680000, 0x00000000c37b4d58, 0x00000000c3890000)
  to   space 2112K,   0% used [0x00000000c3890000, 0x00000000c3890000, 0x00000000c3aa0000)
 concurrent mark-sweep generation total 96116K, used 57928K [0x00000000d6e00000, 0x00000000dcbdd000, 0x0000000100000000)
 Metaspace       used 76402K, capacity 79784K, committed 79896K, reserved 1118208K
  class space    used 9894K, capacity 10512K, committed 10520K, reserved 1048576K
2022-08-07T09:29:35.186+0000: 37.130: [GC (Allocation Failure) 2022-08-07T09:29:35.186+0000: 37.131: [ParNew: 18131K->1696K(19008K), 0.0097124 secs] 76059K->59875K(115124K), 0.0103309 secs] [Times: user=0.04 sys=0.00, real=0.01 secs] 
Heap after GC invocations=447 (full 56):
 par new generation   total 19008K, used 1696K [0x00000000c2600000, 0x00000000c3aa0000, 0x00000000d6e00000)
  eden space 16896K,   0% used [0x00000000c2600000, 0x00000000c2600000, 0x00000000c3680000)
  from space 2112K,  80% used [0x00000000c3890000, 0x00000000c3a38278, 0x00000000c3aa0000)
  to   space 2112K,   0% used [0x00000000c3680000, 0x00000000c3680000, 0x00000000c3890000)
 concurrent mark-sweep generation total 96116K, used 58178K [0x00000000d6e00000, 0x00000000dcbdd000, 0x0000000100000000)
 Metaspace       used 76402K, capacity 79784K, committed 79896K, reserved 1118208K
  class space    used 9894K, capacity 10512K, committed 10520K, reserved 1048576K
}
2022-08-07T09:29:35.221+0000: 37.165: Application time: 0.0243153 seconds
{Heap before GC invocations=447 (full 56):
 par new generation   total 19008K, used 18592K [0x00000000c2600000, 0x00000000c3aa0000, 0x00000000d6e00000)
  eden space 16896K, 100% used [0x00000000c2600000, 0x00000000c3680000, 0x00000000c3680000)
  from space 2112K,  80% used [0x00000000c3890000, 0x00000000c3a38278, 0x00000000c3aa0000)
  to   space 2112K,   0% used [0x00000000c3680000, 0x00000000c3680000, 0x00000000c3890000)
 concurrent mark-sweep generation total 96116K, used 58178K [0x00000000d6e00000, 0x00000000dcbdd000, 0x0000000100000000)
 Metaspace       used 76412K, capacity 79880K, committed 80024K, reserved 1118208K
  class space    used 9895K, capacity 10544K, committed 10648K, reserved 1048576K
2022-08-07T09:29:35.221+0000: 37.166: [GC (Allocation Failure) 2022-08-07T09:29:35.222+0000: 37.166: [ParNew: 18592K->908K(19008K), 0.0062037 secs] 76771K->59286K(115124K), 0.0067352 secs] [Times: user=0.02 sys=0.00, real=0.01 secs] 
Heap after GC invocations=448 (full 56):
 par new generation   total 19008K, used 908K [0x00000000c2600000, 0x00000000c3aa0000, 0x00000000d6e00000)
  eden space 16896K,   0% used [0x00000000c2600000, 0x00000000c2600000, 0x00000000c3680000)
  from space 2112K,  43% used [0x00000000c3680000, 0x00000000c37632f8, 0x00000000c3890000)
  to   space 2112K,   0% used [0x00000000c3890000, 0x00000000c3890000, 0x00000000c3aa0000)
 concurrent mark-sweep generation total 96116K, used 58377K [0x00000000d6e00000, 0x00000000dcbdd000, 0x0000000100000000)
 Metaspace       used 76412K, capacity 79880K, committed 80024K, reserved 1118208K
  class space    used 9895K, capacity 10544K, committed 10648K, reserved 1048576K
}
2022-08-07T09:29:35.243+0000: 37.188: [CMS-concurrent-mark: 0.125/0.154 secs] [Times: user=0.52 sys=0.04, real=0.15 secs] 
2022-08-07T09:29:35.244+0000: 37.189: [CMS-concurrent-preclean-start]
2022-08-07T09:29:35.260+0000: 37.205: Application time: 0.0314144 seconds
{Heap before GC invocations=448 (full 56):
 par new generation   total 19008K, used 17804K [0x00000000c2600000, 0x00000000c3aa0000, 0x00000000d6e00000)
  eden space 16896K, 100% used [0x00000000c2600000, 0x00000000c3680000, 0x00000000c3680000)
  from space 2112K,  43% used [0x00000000c3680000, 0x00000000c37632f8, 0x00000000c3890000)
  to   space 2112K,   0% used [0x00000000c3890000, 0x00000000c3890000, 0x00000000c3aa0000)
 concurrent mark-sweep generation total 96116K, used 58377K [0x00000000d6e00000, 0x00000000dcbdd000, 0x0000000100000000)
 Metaspace       used 76414K, capacity 79886K, committed 80024K, reserved 1118208K
  class space    used 9896K, capacity 10545K, committed 10648K, reserved 1048576K
2022-08-07T09:29:35.261+0000: 37.205: [GC (Allocation Failure) 2022-08-07T09:29:35.261+0000: 37.206: [ParNew: 17804K->835K(19008K), 0.0182097 secs] 76182K->59286K(115124K), 0.0192249 secs] [Times: user=0.04 sys=0.00, real=0.02 secs] 
Heap after GC invocations=449 (full 56):
 par new generation   total 19008K, used 835K [0x00000000c2600000, 0x00000000c3aa0000, 0x00000000d6e00000)
  eden space 16896K,   0% used [0x00000000c2600000, 0x00000000c2600000, 0x00000000c3680000)
  from space 2112K,  39% used [0x00000000c3890000, 0x00000000c3960eb0, 0x00000000c3aa0000)
  to   space 2112K,   0% used [0x00000000c3680000, 0x00000000c3680000, 0x00000000c3890000)
 concurrent mark-sweep generation total 96116K, used 58451K [0x00000000d6e00000, 0x00000000dcbdd000, 0x0000000100000000)
 Metaspace       used 76414K, capacity 79886K, committed 80024K, reserved 1118208K
  class space    used 9896K, capacity 10545K, committed 10648K, reserved 1048576K
}
2022-08-07T09:29:35.339+0000: 37.284: Application time: 0.0588190 seconds
{Heap before GC invocations=449 (full 56):
 par new generation   total 19008K, used 17731K [0x00000000c2600000, 0x00000000c3aa0000, 0x00000000d6e00000)
  eden space 16896K, 100% used [0x00000000c2600000, 0x00000000c3680000, 0x00000000c3680000)
  from space 2112K,  39% used [0x00000000c3890000, 0x00000000c3960eb0, 0x00000000c3aa0000)
  to   space 2112K,   0% used [0x00000000c3680000, 0x00000000c3680000, 0x00000000c3890000)
 concurrent mark-sweep generation total 96116K, used 58451K [0x00000000d6e00000, 0x00000000dcbdd000, 0x0000000100000000)
 Metaspace       used 76434K, capacity 79886K, committed 80024K, reserved 1118208K
  class space    used 9899K, capacity 10545K, committed 10648K, reserved 1048576K
2022-08-07T09:29:35.340+0000: 37.285: [GC (Allocation Failure) 2022-08-07T09:29:35.340+0000: 37.285: [ParNew: 17731K->1126K(19008K), 0.0057600 secs] 76182K->59686K(115124K), 0.0063491 secs] [Times: user=0.02 sys=0.00, real=0.01 secs] 
Heap after GC invocations=450 (full 56):
 par new generation   total 19008K, used 1126K [0x00000000c2600000, 0x00000000c3aa0000, 0x00000000d6e00000)
  eden space 16896K,   0% used [0x00000000c2600000, 0x00000000c2600000, 0x00000000c3680000)
  from space 2112K,  53% used [0x00000000c3680000, 0x00000000c3799ac8, 0x00000000c3890000)
  to   space 2112K,   0% used [0x00000000c3890000, 0x00000000c3890000, 0x00000000c3aa0000)
 concurrent mark-sweep generation total 96116K, used 58559K [0x00000000d6e00000, 0x00000000dcbdd000, 0x0000000100000000)
 Metaspace       used 76434K, capacity 79886K, committed 80024K, reserved 1118208K
  class space    used 9899K, capacity 10545K, committed 10648K, reserved 1048576K
}
2022-08-07T09:29:35.375+0000: 37.320: Application time: 0.0280008 seconds
{Heap before GC invocations=450 (full 56):
 par new generation   total 19008K, used 18022K [0x00000000c2600000, 0x00000000c3aa0000, 0x00000000d6e00000)
  eden space 16896K, 100% used [0x00000000c2600000, 0x00000000c3680000, 0x00000000c3680000)
  from space 2112K,  53% used [0x00000000c3680000, 0x00000000c3799ac8, 0x00000000c3890000)
  to   space 2112K,   0% used [0x00000000c3890000, 0x00000000c3890000, 0x00000000c3aa0000)
 concurrent mark-sweep generation total 96116K, used 58559K [0x00000000d6e00000, 0x00000000dcbdd000, 0x0000000100000000)
 Metaspace       used 76439K, capacity 79886K, committed 80024K, reserved 1118208K
  class space    used 9901K, capacity 10545K, committed 10648K, reserved 1048576K
2022-08-07T09:29:35.376+0000: 37.321: [GC (Allocation Failure) 2022-08-07T09:29:35.376+0000: 37.321: [ParNew: 18022K->1460K(19008K), 0.0045948 secs] 76582K->60084K(115124K), 0.0052131 secs] [Times: user=0.01 sys=0.01, real=0.01 secs] 
Heap after GC invocations=451 (full 56):
 par new generation   total 19008K, used 1460K [0x00000000c2600000, 0x00000000c3aa0000, 0x00000000d6e00000)
  eden space 16896K,   0% used [0x00000000c2600000, 0x00000000c2600000, 0x00000000c3680000)
  from space 2112K,  69% used [0x00000000c3890000, 0x00000000c39fd2d0, 0x00000000c3aa0000)
  to   space 2112K,   0% used [0x00000000c3680000, 0x00000000c3680000, 0x00000000c3890000)
 concurrent mark-sweep generation total 96116K, used 58623K [0x00000000d6e00000, 0x00000000dcbdd000, 0x0000000100000000)
 Metaspace       used 76439K, capacity 79886K, committed 80024K, reserved 1118208K
  class space    used 9901K, capacity 10545K, committed 10648K, reserved 1048576K
}
2022-08-07T09:29:35.404+0000: 37.349: Application time: 0.0224834 seconds
{Heap before GC invocations=451 (full 56):
 par new generation   total 19008K, used 18356K [0x00000000c2600000, 0x00000000c3aa0000, 0x00000000d6e00000)
  eden space 16896K, 100% used [0x00000000c2600000, 0x00000000c3680000, 0x00000000c3680000)
  from space 2112K,  69% used [0x00000000c3890000, 0x00000000c39fd2d0, 0x00000000c3aa0000)
  to   space 2112K,   0% used [0x00000000c3680000, 0x00000000c3680000, 0x00000000c3890000)
 concurrent mark-sweep generation total 96116K, used 58623K [0x00000000d6e00000, 0x00000000dcbdd000, 0x0000000100000000)
 Metaspace       used 76441K, capacity 79886K, committed 80024K, reserved 1118208K
  class space    used 9901K, capacity 10545K, committed 10648K, reserved 1048576K
2022-08-07T09:29:35.405+0000: 37.350: [GC (Allocation Failure) 2022-08-07T09:29:35.405+0000: 37.350: [ParNew: 18356K->1475K(19008K), 0.0045574 secs] 76980K->60140K(115124K), 0.0051878 secs] [Times: user=0.01 sys=0.01, real=0.01 secs] 
Heap after GC invocations=452 (full 56):
 par new generation   total 19008K, used 1475K [0x00000000c2600000, 0x00000000c3aa0000, 0x00000000d6e00000)
  eden space 16896K,   0% used [0x00000000c2600000, 0x00000000c2600000, 0x00000000c3680000)
  from space 2112K,  69% used [0x00000000c3680000, 0x00000000c37f0f40, 0x00000000c3890000)
  to   space 2112K,   0% used [0x00000000c3890000, 0x00000000c3890000, 0x00000000c3aa0000)
 concurrent mark-sweep generation total 96116K, used 58664K [0x00000000d6e00000, 0x00000000dcbdd000, 0x0000000100000000)
 Metaspace       used 76441K, capacity 79886K, committed 80024K, reserved 1118208K
  class space    used 9901K, capacity 10545K, committed 10648K, reserved 1048576K
}
2022-08-07T09:29:35.411+0000: 37.356: [CMS-concurrent-preclean: 0.074/0.167 secs] [Times: user=0.41 sys=0.11, real=0.17 secs] 
2022-08-07T09:29:35.411+0000: 37.356: Application time: 0.0008974 seconds
2022-08-07T09:29:35.412+0000: 37.356: [GC (CMS Final Remark) [YG occupancy: 2172 K (19008 K)]2022-08-07T09:29:35.412+0000: 37.357: [Rescan (parallel) , 0.0102732 secs]2022-08-07T09:29:35.423+0000: 37.367: [weak refs processing, 0.0003885 secs]2022-08-07T09:29:35.423+0000: 37.368: [class unloading, 0.0165257 secs]2022-08-07T09:29:35.440+0000: 37.385: [scrub symbol table, 0.0157407 secs]2022-08-07T09:29:35.456+0000: 37.401: [scrub string table, 0.0010776 secs][1 CMS-remark: 58664K(96116K)] 60837K(115124K), 0.0461431 secs] [Times: user=0.13 sys=0.00, real=0.05 secs] 
2022-08-07T09:29:35.459+0000: 37.403: [CMS-concurrent-sweep-start]
2022-08-07T09:29:35.485+0000: 37.430: [CMS-concurrent-sweep: 0.026/0.026 secs] [Times: user=0.09 sys=0.01, real=0.02 secs] 
2022-08-07T09:29:35.485+0000: 37.430: [CMS-concurrent-reset-start]
2022-08-07T09:29:35.486+0000: 37.431: [CMS-concurrent-reset: 0.001/0.001 secs] [Times: user=0.00 sys=0.00, real=0.00 secs] 
2022-08-07T09:29:35.493+0000: 37.437: Application time: 0.0343546 seconds
{Heap before GC invocations=452 (full 56):
 par new generation   total 19008K, used 18371K [0x00000000c2600000, 0x00000000c3aa0000, 0x00000000d6e00000)
  eden space 16896K, 100% used [0x00000000c2600000, 0x00000000c3680000, 0x00000000c3680000)
  from space 2112K,  69% used [0x00000000c3680000, 0x00000000c37f0f40, 0x00000000c3890000)
  to   space 2112K,   0% used [0x00000000c3890000, 0x00000000c3890000, 0x00000000c3aa0000)
 concurrent mark-sweep generation total 97556K, used 58533K [0x00000000d6e00000, 0x00000000dcd45000, 0x0000000100000000)
 Metaspace       used 76436K, capacity 79874K, committed 80024K, reserved 1118208K
  class space    used 9899K, capacity 10543K, committed 10648K, reserved 1048576K
2022-08-07T09:29:35.493+0000: 37.438: [GC (Allocation Failure) 2022-08-07T09:29:35.493+0000: 37.438: [ParNew: 18371K->1035K(19008K), 0.0062635 secs] 76905K->59646K(116564K), 0.0070020 secs] [Times: user=0.02 sys=0.00, real=0.01 secs] 
Heap after GC invocations=453 (full 56):
 par new generation   total 19008K, used 1035K [0x00000000c2600000, 0x00000000c3aa0000, 0x00000000d6e00000)
  eden space 16896K,   0% used [0x00000000c2600000, 0x00000000c2600000, 0x00000000c3680000)
  from space 2112K,  49% used [0x00000000c3890000, 0x00000000c3992c00, 0x00000000c3aa0000)
  to   space 2112K,   0% used [0x00000000c3680000, 0x00000000c3680000, 0x00000000c3890000)
 concurrent mark-sweep generation total 97556K, used 58611K [0x00000000d6e00000, 0x00000000dcd45000, 0x0000000100000000)
 Metaspace       used 76436K, capacity 79874K, committed 80024K, reserved 1118208K
  class space    used 9899K, capacity 10543K, committed 10648K, reserved 1048576K
}
2022-08-07T09:29:35.501+0000: 37.446: Application time: 0.0003178 seconds
2022-08-07T09:29:35.502+0000: 37.446: [GC (CMS Initial Mark) [1 CMS-initial-mark: 58611K(97556K)] 60006K(116564K), 0.0025398 secs] [Times: user=0.01 sys=0.00, real=0.00 secs] 
2022-08-07T09:29:35.505+0000: 37.450: [CMS-concurrent-mark-start]
2022-08-07T09:29:35.544+0000: 37.489: Application time: 0.0387596 seconds
{Heap before GC invocations=453 (full 57):
 par new generation   total 19008K, used 17931K [0x00000000c2600000, 0x00000000c3aa0000, 0x00000000d6e00000)
  eden space 16896K, 100% used [0x00000000c2600000, 0x00000000c3680000, 0x00000000c3680000)
  from space 2112K,  49% used [0x00000000c3890000, 0x00000000c3992c00, 0x00000000c3aa0000)
  to   space 2112K,   0% used [0x00000000c3680000, 0x00000000c3680000, 0x00000000c3890000)
 concurrent mark-sweep generation total 97556K, used 58611K [0x00000000d6e00000, 0x00000000dcd45000, 0x0000000100000000)
 Metaspace       used 76504K, capacity 79938K, committed 80280K, reserved 1118208K
  class space    used 9908K, capacity 10543K, committed 10648K, reserved 1048576K
2022-08-07T09:29:35.544+0000: 37.489: [GC (Allocation Failure) 2022-08-07T09:29:35.545+0000: 37.489: [ParNew: 17931K->1153K(19008K), 0.0206353 secs] 76542K->59832K(116564K), 0.0215080 secs] [Times: user=0.06 sys=0.00, real=0.02 secs] 
Heap after GC invocations=454 (full 57):
 par new generation   total 19008K, used 1153K [0x00000000c2600000, 0x00000000c3aa0000, 0x00000000d6e00000)
  eden space 16896K,   0% used [0x00000000c2600000, 0x00000000c2600000, 0x00000000c3680000)
  from space 2112K,  54% used [0x00000000c3680000, 0x00000000c37a04a0, 0x00000000c3890000)
  to   space 2112K,   0% used [0x00000000c3890000, 0x00000000c3890000, 0x00000000c3aa0000)
 concurrent mark-sweep generation total 97556K, used 58679K [0x00000000d6e00000, 0x00000000dcd45000, 0x0000000100000000)
 Metaspace       used 76504K, capacity 79938K, committed 80280K, reserved 1118208K
  class space    used 9908K, capacity 10543K, committed 10648K, reserved 1048576K
}
2022-08-07T09:29:35.633+0000: 37.578: Application time: 0.0667700 seconds
{Heap before GC invocations=454 (full 57):
 par new generation   total 19008K, used 18049K [0x00000000c2600000, 0x00000000c3aa0000, 0x00000000d6e00000)
  eden space 16896K, 100% used [0x00000000c2600000, 0x00000000c3680000, 0x00000000c3680000)
  from space 2112K,  54% used [0x00000000c3680000, 0x00000000c37a04a0, 0x00000000c3890000)
  to   space 2112K,   0% used [0x00000000c3890000, 0x00000000c3890000, 0x00000000c3aa0000)
 concurrent mark-sweep generation total 97556K, used 58679K [0x00000000d6e00000, 0x00000000dcd45000, 0x0000000100000000)
 Metaspace       used 76680K, capacity 80098K, committed 80280K, reserved 1118208K
  class space    used 9934K, capacity 10575K, committed 10648K, reserved 1048576K
2022-08-07T09:29:35.634+0000: 37.579: [GC (Allocation Failure) 2022-08-07T09:29:35.635+0000: 37.579: [ParNew: 18049K->1515K(19008K), 0.0049797 secs] 76728K->60268K(116564K), 0.0058106 secs] [Times: user=0.01 sys=0.00, real=0.01 secs] 
Heap after GC invocations=455 (full 57):
 par new generation   total 19008K, used 1515K [0x00000000c2600000, 0x00000000c3aa0000, 0x00000000d6e00000)
  eden space 16896K,   0% used [0x00000000c2600000, 0x00000000c2600000, 0x00000000c3680000)
  from space 2112K,  71% used [0x00000000c3890000, 0x00000000c3a0af40, 0x00000000c3aa0000)
  to   space 2112K,   0% used [0x00000000c3680000, 0x00000000c3680000, 0x00000000c3890000)
 concurrent mark-sweep generation total 97556K, used 58753K [0x00000000d6e00000, 0x00000000dcd45000, 0x0000000100000000)
 Metaspace       used 76680K, capacity 80098K, committed 80280K, reserved 1118208K
  class space    used 9934K, capacity 10575K, committed 10648K, reserved 1048576K
}
2022-08-07T09:29:35.695+0000: 37.639: [CMS-concurrent-mark: 0.155/0.189 secs] [Times: user=0.54 sys=0.06, real=0.19 secs] 
2022-08-07T09:29:35.697+0000: 37.642: [CMS-concurrent-preclean-start]
2022-08-07T09:29:35.725+0000: 37.670: Application time: 0.0843672 seconds
{Heap before GC invocations=455 (full 57):
 par new generation   total 19008K, used 18411K [0x00000000c2600000, 0x00000000c3aa0000, 0x00000000d6e00000)
  eden space 16896K, 100% used [0x00000000c2600000, 0x00000000c3680000, 0x00000000c3680000)
  from space 2112K,  71% used [0x00000000c3890000, 0x00000000c3a0af40, 0x00000000c3aa0000)
  to   space 2112K,   0% used [0x00000000c3680000, 0x00000000c3680000, 0x00000000c3890000)
 concurrent mark-sweep generation total 97556K, used 58753K [0x00000000d6e00000, 0x00000000dcd45000, 0x0000000100000000)
 Metaspace       used 76877K, capacity 80322K, committed 80536K, reserved 1120256K
  class space    used 9959K, capacity 10607K, committed 10648K, reserved 1048576K
2022-08-07T09:29:35.725+0000: 37.670: [GC (Allocation Failure) 2022-08-07T09:29:35.726+0000: 37.671: [ParNew: 18411K->1656K(19008K), 0.0077952 secs] 77164K->60588K(116564K), 0.0084785 secs] [Times: user=0.01 sys=0.00, real=0.01 secs] 
Heap after GC invocations=456 (full 57):
 par new generation   total 19008K, used 1656K [0x00000000c2600000, 0x00000000c3aa0000, 0x00000000d6e00000)
  eden space 16896K,   0% used [0x00000000c2600000, 0x00000000c2600000, 0x00000000c3680000)
  from space 2112K,  78% used [0x00000000c3680000, 0x00000000c381e398, 0x00000000c3890000)
  to   space 2112K,   0% used [0x00000000c3890000, 0x00000000c3890000, 0x00000000c3aa0000)
 concurrent mark-sweep generation total 97556K, used 58931K [0x00000000d6e00000, 0x00000000dcd45000, 0x0000000100000000)
 Metaspace       used 76877K, capacity 80322K, committed 80536K, reserved 1120256K
  class space    used 9959K, capacity 10607K, committed 10648K, reserved 1048576K
}
2022-08-07T09:29:35.735+0000: 37.680: [CMS-concurrent-preclean: 0.016/0.037 secs] [Times: user=0.05 sys=0.03, real=0.03 secs] 
2022-08-07T09:29:35.742+0000: 37.687: Application time: 0.0072288 seconds
2022-08-07T09:29:35.742+0000: 37.687: [GC (CMS Final Remark) [YG occupancy: 2355 K (19008 K)]2022-08-07T09:29:35.743+0000: 37.687: [Rescan (parallel) , 0.0113887 secs]2022-08-07T09:29:35.754+0000: 37.699: [weak refs processing, 0.0005609 secs]2022-08-07T09:29:35.755+0000: 37.700: [class unloading, 0.0406062 secs]2022-08-07T09:29:35.796+0000: 37.741: [scrub symbol table, 0.0485645 secs]2022-08-07T09:29:35.845+0000: 37.790: [scrub string table, 0.0027010 secs][1 CMS-remark: 58931K(97556K)] 61286K(116564K), 0.1058198 secs] [Times: user=0.13 sys=0.10, real=0.11 secs] 
2022-08-07T09:29:35.849+0000: 37.794: [CMS-concurrent-sweep-start]
2022-08-07T09:29:35.902+0000: 37.847: [CMS-concurrent-sweep: 0.053/0.053 secs] [Times: user=0.11 sys=0.04, real=0.05 secs] 
2022-08-07T09:29:35.903+0000: 37.848: [CMS-concurrent-reset-start]
2022-08-07T09:29:35.904+0000: 37.849: [CMS-concurrent-reset: 0.001/0.001 secs] [Times: user=0.00 sys=0.00, real=0.00 secs] 
2022-08-07T09:29:35.927+0000: 37.872: Application time: 0.0785037 seconds
{Heap before GC invocations=456 (full 57):
 par new generation   total 19008K, used 18552K [0x00000000c2600000, 0x00000000c3aa0000, 0x00000000d6e00000)
  eden space 16896K, 100% used [0x00000000c2600000, 0x00000000c3680000, 0x00000000c3680000)
  from space 2112K,  78% used [0x00000000c3680000, 0x00000000c381e398, 0x00000000c3890000)
  to   space 2112K,   0% used [0x00000000c3890000, 0x00000000c3890000, 0x00000000c3aa0000)
 concurrent mark-sweep generation total 97788K, used 58672K [0x00000000d6e00000, 0x00000000dcd7f000, 0x0000000100000000)
 Metaspace       used 77046K, capacity 80402K, committed 80536K, reserved 1120256K
  class space    used 9982K, capacity 10599K, committed 10648K, reserved 1048576K
2022-08-07T09:29:35.928+0000: 37.873: [GC (Allocation Failure) 2022-08-07T09:29:35.928+0000: 37.873: [ParNew: 18552K->1203K(19008K), 0.0064371 secs] 77225K->59928K(116796K), 0.0071604 secs] [Times: user=0.02 sys=0.00, real=0.00 secs] 
Heap after GC invocations=457 (full 57):
 par new generation   total 19008K, used 1203K [0x00000000c2600000, 0x00000000c3aa0000, 0x00000000d6e00000)
  eden space 16896K,   0% used [0x00000000c2600000, 0x00000000c2600000, 0x00000000c3680000)
  from space 2112K,  56% used [0x00000000c3890000, 0x00000000c39bccc8, 0x00000000c3aa0000)
  to   space 2112K,   0% used [0x00000000c3680000, 0x00000000c3680000, 0x00000000c3890000)
 concurrent mark-sweep generation total 97788K, used 58725K [0x00000000d6e00000, 0x00000000dcd7f000, 0x0000000100000000)
 Metaspace       used 77046K, capacity 80402K, committed 80536K, reserved 1120256K
  class space    used 9982K, capacity 10599K, committed 10648K, reserved 1048576K
}
2022-08-07T09:29:35.937+0000: 37.882: Application time: 0.0012046 seconds
2022-08-07T09:29:35.937+0000: 37.882: [GC (CMS Initial Mark) [1 CMS-initial-mark: 58725K(97788K)] 60625K(116796K), 0.0025224 secs] [Times: user=0.00 sys=0.01, real=0.00 secs] 
2022-08-07T09:29:35.941+0000: 37.885: [CMS-concurrent-mark-start]
2022-08-07T09:29:35.995+0000: 37.940: Application time: 0.0542296 seconds
{Heap before GC invocations=457 (full 58):
 par new generation   total 19008K, used 18099K [0x00000000c2600000, 0x00000000c3aa0000, 0x00000000d6e00000)
  eden space 16896K, 100% used [0x00000000c2600000, 0x00000000c3680000, 0x00000000c3680000)
  from space 2112K,  56% used [0x00000000c3890000, 0x00000000c39bccc8, 0x00000000c3aa0000)
  to   space 2112K,   0% used [0x00000000c3680000, 0x00000000c3680000, 0x00000000c3890000)
 concurrent mark-sweep generation total 97788K, used 58725K [0x00000000d6e00000, 0x00000000dcd7f000, 0x0000000100000000)
 Metaspace       used 77178K, capacity 80572K, committed 80792K, reserved 1120256K
  class space    used 9994K, capacity 10632K, committed 10648K, reserved 1048576K
2022-08-07T09:29:35.995+0000: 37.940: [GC (Allocation Failure) 2022-08-07T09:29:35.996+0000: 37.941: [ParNew: 18099K->1760K(19008K), 0.0035984 secs] 76824K->60533K(116796K), 0.0049741 secs] [Times: user=0.01 sys=0.01, real=0.01 secs] 
Heap after GC invocations=458 (full 58):
 par new generation   total 19008K, used 1760K [0x00000000c2600000, 0x00000000c3aa0000, 0x00000000d6e00000)
  eden space 16896K,   0% used [0x00000000c2600000, 0x00000000c2600000, 0x00000000c3680000)
  from space 2112K,  83% used [0x00000000c3680000, 0x00000000c38383d0, 0x00000000c3890000)
  to   space 2112K,   0% used [0x00000000c3890000, 0x00000000c3890000, 0x00000000c3aa0000)
 concurrent mark-sweep generation total 97788K, used 58772K [0x00000000d6e00000, 0x00000000dcd7f000, 0x0000000100000000)
 Metaspace       used 77178K, capacity 80572K, committed 80792K, reserved 1120256K
  class space    used 9994K, capacity 10632K, committed 10648K, reserved 1048576K
}
2022-08-07T09:29:36.029+0000: 37.974: Application time: 0.0284657 seconds
{Heap before GC invocations=458 (full 58):
 par new generation   total 19008K, used 18656K [0x00000000c2600000, 0x00000000c3aa0000, 0x00000000d6e00000)
  eden space 16896K, 100% used [0x00000000c2600000, 0x00000000c3680000, 0x00000000c3680000)
  from space 2112K,  83% used [0x00000000c3680000, 0x00000000c38383d0, 0x00000000c3890000)
  to   space 2112K,   0% used [0x00000000c3890000, 0x00000000c3890000, 0x00000000c3aa0000)
 concurrent mark-sweep generation total 97788K, used 58772K [0x00000000d6e00000, 0x00000000dcd7f000, 0x0000000100000000)
 Metaspace       used 77194K, capacity 80586K, committed 80792K, reserved 1120256K
  class space    used 9997K, capacity 10635K, committed 10648K, reserved 1048576K
2022-08-07T09:29:36.030+0000: 37.975: [GC (Allocation Failure) 2022-08-07T09:29:36.031+0000: 37.976: [ParNew: 18656K->1320K(19008K), 0.0056533 secs] 77429K->60531K(116796K), 0.0067816 secs] [Times: user=0.01 sys=0.00, real=0.01 secs] 
Heap after GC invocations=459 (full 58):
 par new generation   total 19008K, used 1320K [0x00000000c2600000, 0x00000000c3aa0000, 0x00000000d6e00000)
  eden space 16896K,   0% used [0x00000000c2600000, 0x00000000c2600000, 0x00000000c3680000)
  from space 2112K,  62% used [0x00000000c3890000, 0x00000000c39da0f8, 0x00000000c3aa0000)
  to   space 2112K,   0% used [0x00000000c3680000, 0x00000000c3680000, 0x00000000c3890000)
 concurrent mark-sweep generation total 97788K, used 59210K [0x00000000d6e00000, 0x00000000dcd7f000, 0x0000000100000000)
 Metaspace       used 77194K, capacity 80586K, committed 80792K, reserved 1120256K
  class space    used 9997K, capacity 10635K, committed 10648K, reserved 1048576K
}
2022-08-07T09:29:36.063+0000: 38.008: Application time: 0.0251286 seconds
{Heap before GC invocations=459 (full 58):
 par new generation   total 19008K, used 18216K [0x00000000c2600000, 0x00000000c3aa0000, 0x00000000d6e00000)
  eden space 16896K, 100% used [0x00000000c2600000, 0x00000000c3680000, 0x00000000c3680000)
  from space 2112K,  62% used [0x00000000c3890000, 0x00000000c39da0f8, 0x00000000c3aa0000)
  to   space 2112K,   0% used [0x00000000c3680000, 0x00000000c3680000, 0x00000000c3890000)
 concurrent mark-sweep generation total 97788K, used 59210K [0x00000000d6e00000, 0x00000000dcd7f000, 0x0000000100000000)
 Metaspace       used 77195K, capacity 80586K, committed 80792K, reserved 1120256K
  class space    used 9997K, capacity 10635K, committed 10648K, reserved 1048576K
2022-08-07T09:29:36.064+0000: 38.009: [GC (Allocation Failure) 2022-08-07T09:29:36.064+0000: 38.009: [ParNew: 18216K->1251K(19008K), 0.0032408 secs] 77427K->60462K(116796K), 0.0041429 secs] [Times: user=0.01 sys=0.00, real=0.01 secs] 
Heap after GC invocations=460 (full 58):
 par new generation   total 19008K, used 1251K [0x00000000c2600000, 0x00000000c3aa0000, 0x00000000d6e00000)
  eden space 16896K,   0% used [0x00000000c2600000, 0x00000000c2600000, 0x00000000c3680000)
  from space 2112K,  59% used [0x00000000c3680000, 0x00000000c37b8ed0, 0x00000000c3890000)
  to   space 2112K,   0% used [0x00000000c3890000, 0x00000000c3890000, 0x00000000c3aa0000)
 concurrent mark-sweep generation total 97788K, used 59210K [0x00000000d6e00000, 0x00000000dcd7f000, 0x0000000100000000)
 Metaspace       used 77195K, capacity 80586K, committed 80792K, reserved 1120256K
  class space    used 9997K, capacity 10635K, committed 10648K, reserved 1048576K
}
2022-08-07T09:29:36.076+0000: 38.021: [CMS-concurrent-mark: 0.116/0.136 secs] [Times: user=0.46 sys=0.04, real=0.13 secs] 
2022-08-07T09:29:36.078+0000: 38.022: [CMS-concurrent-preclean-start]
2022-08-07T09:29:36.118+0000: 38.063: Application time: 0.0496585 seconds
{Heap before GC invocations=460 (full 58):
 par new generation   total 19008K, used 18147K [0x00000000c2600000, 0x00000000c3aa0000, 0x00000000d6e00000)
  eden space 16896K, 100% used [0x00000000c2600000, 0x00000000c3680000, 0x00000000c3680000)
  from space 2112K,  59% used [0x00000000c3680000, 0x00000000c37b8ed0, 0x00000000c3890000)
  to   space 2112K,   0% used [0x00000000c3890000, 0x00000000c3890000, 0x00000000c3aa0000)
 concurrent mark-sweep generation total 97788K, used 59210K [0x00000000d6e00000, 0x00000000dcd7f000, 0x0000000100000000)
 Metaspace       used 77228K, capacity 80720K, committed 80792K, reserved 1120256K
  class space    used 10002K, capacity 10636K, committed 10648K, reserved 1048576K
2022-08-07T09:29:36.119+0000: 38.064: [GC (Allocation Failure) 2022-08-07T09:29:36.120+0000: 38.064: [ParNew: 18147K->1437K(19008K), 0.0034518 secs] 77358K->60648K(116796K), 0.0043604 secs] [Times: user=0.01 sys=0.00, real=0.00 secs] 
Heap after GC invocations=461 (full 58):
 par new generation   total 19008K, used 1437K [0x00000000c2600000, 0x00000000c3aa0000, 0x00000000d6e00000)
  eden space 16896K,   0% used [0x00000000c2600000, 0x00000000c2600000, 0x00000000c3680000)
  from space 2112K,  68% used [0x00000000c3890000, 0x00000000c39f7700, 0x00000000c3aa0000)
  to   space 2112K,   0% used [0x00000000c3680000, 0x00000000c3680000, 0x00000000c3890000)
 concurrent mark-sweep generation total 97788K, used 59210K [0x00000000d6e00000, 0x00000000dcd7f000, 0x0000000100000000)
 Metaspace       used 77228K, capacity 80720K, committed 80792K, reserved 1120256K
  class space    used 10002K, capacity 10636K, committed 10648K, reserved 1048576K
}
2022-08-07T09:29:36.151+0000: 38.096: [CMS-concurrent-preclean: 0.038/0.073 secs] [Times: user=0.20 sys=0.08, real=0.07 secs] 
2022-08-07T09:29:36.151+0000: 38.096: [CMS-concurrent-abortable-preclean-start]
2022-08-07T09:29:36.160+0000: 38.104: Application time: 0.0353317 seconds
{Heap before GC invocations=461 (full 58):
 par new generation   total 19008K, used 18333K [0x00000000c2600000, 0x00000000c3aa0000, 0x00000000d6e00000)
  eden space 16896K, 100% used [0x00000000c2600000, 0x00000000c3680000, 0x00000000c3680000)
  from space 2112K,  68% used [0x00000000c3890000, 0x00000000c39f7700, 0x00000000c3aa0000)
  to   space 2112K,   0% used [0x00000000c3680000, 0x00000000c3680000, 0x00000000c3890000)
 concurrent mark-sweep generation total 97788K, used 59210K [0x00000000d6e00000, 0x00000000dcd7f000, 0x0000000100000000)
 Metaspace       used 77253K, capacity 80720K, committed 80792K, reserved 1120256K
  class space    used 10006K, capacity 10636K, committed 10648K, reserved 1048576K
2022-08-07T09:29:36.160+0000: 38.105: [GC (Allocation Failure) 2022-08-07T09:29:36.161+0000: 38.105: [ParNew: 18333K->1497K(19008K), 0.0036105 secs] 77544K->60985K(116796K), 0.0044875 secs] [Times: user=0.01 sys=0.00, real=0.00 secs] 
Heap after GC invocations=462 (full 58):
 par new generation   total 19008K, used 1497K [0x00000000c2600000, 0x00000000c3aa0000, 0x00000000d6e00000)
  eden space 16896K,   0% used [0x00000000c2600000, 0x00000000c2600000, 0x00000000c3680000)
  from space 2112K,  70% used [0x00000000c3680000, 0x00000000c37f65d8, 0x00000000c3890000)
  to   space 2112K,   0% used [0x00000000c3890000, 0x00000000c3890000, 0x00000000c3aa0000)
 concurrent mark-sweep generation total 97788K, used 59487K [0x00000000d6e00000, 0x00000000dcd7f000, 0x0000000100000000)
 Metaspace       used 77253K, capacity 80720K, committed 80792K, reserved 1120256K
  class space    used 10006K, capacity 10636K, committed 10648K, reserved 1048576K
}
2022-08-07T09:29:36.196+0000: 38.140: Application time: 0.0302268 seconds
{Heap before GC invocations=462 (full 58):
 par new generation   total 19008K, used 18393K [0x00000000c2600000, 0x00000000c3aa0000, 0x00000000d6e00000)
  eden space 16896K, 100% used [0x00000000c2600000, 0x00000000c3680000, 0x00000000c3680000)
  from space 2112K,  70% used [0x00000000c3680000, 0x00000000c37f65d8, 0x00000000c3890000)
  to   space 2112K,   0% used [0x00000000c3890000, 0x00000000c3890000, 0x00000000c3aa0000)
 concurrent mark-sweep generation total 97788K, used 59487K [0x00000000d6e00000, 0x00000000dcd7f000, 0x0000000100000000)
 Metaspace       used 77255K, capacity 80720K, committed 80792K, reserved 1120256K
  class space    used 10006K, capacity 10636K, committed 10648K, reserved 1048576K
2022-08-07T09:29:36.197+0000: 38.142: [GC (Allocation Failure) 2022-08-07T09:29:36.197+0000: 38.142: [ParNew: 18393K->1356K(19008K), 0.0030700 secs] 77881K->60868K(116796K), 0.0038817 secs] [Times: user=0.01 sys=0.00, real=0.00 secs] 
Heap after GC invocations=463 (full 58):
 par new generation   total 19008K, used 1356K [0x00000000c2600000, 0x00000000c3aa0000, 0x00000000d6e00000)
  eden space 16896K,   0% used [0x00000000c2600000, 0x00000000c2600000, 0x00000000c3680000)
  from space 2112K,  64% used [0x00000000c3890000, 0x00000000c39e3380, 0x00000000c3aa0000)
  to   space 2112K,   0% used [0x00000000c3680000, 0x00000000c3680000, 0x00000000c3890000)
 concurrent mark-sweep generation total 97788K, used 59511K [0x00000000d6e00000, 0x00000000dcd7f000, 0x0000000100000000)
 Metaspace       used 77255K, capacity 80720K, committed 80792K, reserved 1120256K
  class space    used 10006K, capacity 10636K, committed 10648K, reserved 1048576K
}
2022-08-07T09:29:36.202+0000: 38.146: [CMS-concurrent-abortable-preclean: 0.026/0.050 secs] [Times: user=0.15 sys=0.04, real=0.05 secs] 
2022-08-07T09:29:36.202+0000: 38.147: Application time: 0.0008213 seconds
2022-08-07T09:29:36.203+0000: 38.147: [GC (CMS Final Remark) [YG occupancy: 2054 K (19008 K)]2022-08-07T09:29:36.203+0000: 38.148: [Rescan (parallel) , 0.0026072 secs]2022-08-07T09:29:36.206+0000: 38.151: [weak refs processing, 0.0003768 secs]2022-08-07T09:29:36.207+0000: 38.151: [class unloading, 0.0125314 secs]2022-08-07T09:29:36.220+0000: 38.164: [scrub symbol table, 0.0166776 secs]2022-08-07T09:29:36.237+0000: 38.182: [scrub string table, 0.0012295 secs][1 CMS-remark: 59511K(97788K)] 61565K(116796K), 0.0358024 secs] [Times: user=0.07 sys=0.01, real=0.04 secs] 
2022-08-07T09:29:36.239+0000: 38.184: [CMS-concurrent-sweep-start]
2022-08-07T09:29:36.266+0000: 38.211: [CMS-concurrent-sweep: 0.027/0.027 secs] [Times: user=0.10 sys=0.00, real=0.02 secs] 
2022-08-07T09:29:36.266+0000: 38.211: [CMS-concurrent-reset-start]
2022-08-07T09:29:36.267+0000: 38.212: [CMS-concurrent-reset: 0.001/0.001 secs] [Times: user=0.00 sys=0.00, real=0.01 secs] 
2022-08-07T09:29:36.271+0000: 38.216: Application time: 0.0321849 seconds
2022-08-07T09:29:36.292+0000: 38.236: Application time: 0.0201339 seconds
{Heap before GC invocations=463 (full 58):
 par new generation   total 19008K, used 18252K [0x00000000c2600000, 0x00000000c3aa0000, 0x00000000d6e00000)
  eden space 16896K, 100% used [0x00000000c2600000, 0x00000000c3680000, 0x00000000c3680000)
  from space 2112K,  64% used [0x00000000c3890000, 0x00000000c39e3380, 0x00000000c3aa0000)
  to   space 2112K,   0% used [0x00000000c3680000, 0x00000000c3680000, 0x00000000c3890000)
 concurrent mark-sweep generation total 99060K, used 59435K [0x00000000d6e00000, 0x00000000dcebd000, 0x0000000100000000)
 Metaspace       used 77280K, capacity 80720K, committed 80792K, reserved 1120256K
  class space    used 10009K, capacity 10636K, committed 10648K, reserved 1048576K
2022-08-07T09:29:36.292+0000: 38.237: [GC (Allocation Failure) 2022-08-07T09:29:36.293+0000: 38.238: [ParNew: 18252K->1596K(19008K), 0.0081404 secs] 77688K->61031K(118068K), 0.0092167 secs] [Times: user=0.02 sys=0.00, real=0.01 secs] 
Heap after GC invocations=464 (full 58):
 par new generation   total 19008K, used 1596K [0x00000000c2600000, 0x00000000c3aa0000, 0x00000000d6e00000)
  eden space 16896K,   0% used [0x00000000c2600000, 0x00000000c2600000, 0x00000000c3680000)
  from space 2112K,  75% used [0x00000000c3680000, 0x00000000c380f100, 0x00000000c3890000)
  to   space 2112K,   0% used [0x00000000c3890000, 0x00000000c3890000, 0x00000000c3aa0000)
 concurrent mark-sweep generation total 99060K, used 59435K [0x00000000d6e00000, 0x00000000dcebd000, 0x0000000100000000)
 Metaspace       used 77280K, capacity 80720K, committed 80792K, reserved 1120256K
  class space    used 10009K, capacity 10636K, committed 10648K, reserved 1048576K
}
2022-08-07T09:29:36.334+0000: 38.278: Application time: 0.0312534 seconds
{Heap before GC invocations=464 (full 58):
 par new generation   total 19008K, used 18492K [0x00000000c2600000, 0x00000000c3aa0000, 0x00000000d6e00000)
  eden space 16896K, 100% used [0x00000000c2600000, 0x00000000c3680000, 0x00000000c3680000)
  from space 2112K,  75% used [0x00000000c3680000, 0x00000000c380f100, 0x00000000c3890000)
  to   space 2112K,   0% used [0x00000000c3890000, 0x00000000c3890000, 0x00000000c3aa0000)
 concurrent mark-sweep generation total 99060K, used 59435K [0x00000000d6e00000, 0x00000000dcebd000, 0x0000000100000000)
 Metaspace       used 77280K, capacity 80720K, committed 80792K, reserved 1120256K
  class space    used 10009K, capacity 10636K, committed 10648K, reserved 1048576K
2022-08-07T09:29:36.335+0000: 38.279: [GC (Allocation Failure) 2022-08-07T09:29:36.335+0000: 38.280: [ParNew: 18492K->1517K(19008K), 0.0093284 secs] 77927K->61436K(118068K), 0.0100690 secs] [Times: user=0.02 sys=0.00, real=0.01 secs] 
Heap after GC invocations=465 (full 58):
 par new generation   total 19008K, used 1517K [0x00000000c2600000, 0x00000000c3aa0000, 0x00000000d6e00000)
  eden space 16896K,   0% used [0x00000000c2600000, 0x00000000c2600000, 0x00000000c3680000)
  from space 2112K,  71% used [0x00000000c3890000, 0x00000000c3a0b448, 0x00000000c3aa0000)
  to   space 2112K,   0% used [0x00000000c3680000, 0x00000000c3680000, 0x00000000c3890000)
 concurrent mark-sweep generation total 99060K, used 59919K [0x00000000d6e00000, 0x00000000dcebd000, 0x0000000100000000)
 Metaspace       used 77280K, capacity 80720K, committed 80792K, reserved 1120256K
  class space    used 10009K, capacity 10636K, committed 10648K, reserved 1048576K
}
2022-08-07T09:29:36.346+0000: 38.291: Application time: 0.0003618 seconds
2022-08-07T09:29:36.347+0000: 38.292: [GC (CMS Initial Mark) [1 CMS-initial-mark: 59919K(99060K)] 61793K(118068K), 0.0035029 secs] [Times: user=0.01 sys=0.00, real=0.00 secs] 
2022-08-07T09:29:36.354+0000: 38.299: [CMS-concurrent-mark-start]
2022-08-07T09:29:36.416+0000: 38.361: Application time: 0.0627464 seconds
{Heap before GC invocations=465 (full 59):
 par new generation   total 19008K, used 18413K [0x00000000c2600000, 0x00000000c3aa0000, 0x00000000d6e00000)
  eden space 16896K, 100% used [0x00000000c2600000, 0x00000000c3680000, 0x00000000c3680000)
  from space 2112K,  71% used [0x00000000c3890000, 0x00000000c3a0b448, 0x00000000c3aa0000)
  to   space 2112K,   0% used [0x00000000c3680000, 0x00000000c3680000, 0x00000000c3890000)
 concurrent mark-sweep generation total 99060K, used 59919K [0x00000000d6e00000, 0x00000000dcebd000, 0x0000000100000000)
 Metaspace       used 77305K, capacity 80798K, committed 81048K, reserved 1120256K
  class space    used 10013K, capacity 10639K, committed 10648K, reserved 1048576K
2022-08-07T09:29:36.417+0000: 38.362: [GC (Allocation Failure) 2022-08-07T09:29:36.417+0000: 38.362: [ParNew: 18413K->1149K(19008K), 0.0055172 secs] 78332K->61069K(118068K), 0.0119546 secs] [Times: user=0.02 sys=0.01, real=0.01 secs] 
Heap after GC invocations=466 (full 59):
 par new generation   total 19008K, used 1149K [0x00000000c2600000, 0x00000000c3aa0000, 0x00000000d6e00000)
  eden space 16896K,   0% used [0x00000000c2600000, 0x00000000c2600000, 0x00000000c3680000)
  from space 2112K,  54% used [0x00000000c3680000, 0x00000000c379f718, 0x00000000c3890000)
  to   space 2112K,   0% used [0x00000000c3890000, 0x00000000c3890000, 0x00000000c3aa0000)
 concurrent mark-sweep generation total 99060K, used 59919K [0x00000000d6e00000, 0x00000000dcebd000, 0x0000000100000000)
 Metaspace       used 77305K, capacity 80798K, committed 81048K, reserved 1120256K
  class space    used 10013K, capacity 10639K, committed 10648K, reserved 1048576K
}
2022-08-07T09:29:36.467+0000: 38.412: Application time: 0.0376500 seconds
{Heap before GC invocations=466 (full 59):
 par new generation   total 19008K, used 18045K [0x00000000c2600000, 0x00000000c3aa0000, 0x00000000d6e00000)
  eden space 16896K, 100% used [0x00000000c2600000, 0x00000000c3680000, 0x00000000c3680000)
  from space 2112K,  54% used [0x00000000c3680000, 0x00000000c379f718, 0x00000000c3890000)
  to   space 2112K,   0% used [0x00000000c3890000, 0x00000000c3890000, 0x00000000c3aa0000)
 concurrent mark-sweep generation total 99060K, used 59919K [0x00000000d6e00000, 0x00000000dcebd000, 0x0000000100000000)
 Metaspace       used 77307K, capacity 80804K, committed 81048K, reserved 1120256K
  class space    used 10014K, capacity 10640K, committed 10648K, reserved 1048576K
2022-08-07T09:29:36.473+0000: 38.418: [GC (Allocation Failure) 2022-08-07T09:29:36.474+0000: 38.418: [ParNew: 18045K->1364K(19008K), 0.0174687 secs] 77965K->61283K(118068K), 0.0183795 secs] [Times: user=0.04 sys=0.00, real=0.02 secs] 
Heap after GC invocations=467 (full 59):
 par new generation   total 19008K, used 1364K [0x00000000c2600000, 0x00000000c3aa0000, 0x00000000d6e00000)
  eden space 16896K,   0% used [0x00000000c2600000, 0x00000000c2600000, 0x00000000c3680000)
  from space 2112K,  64% used [0x00000000c3890000, 0x00000000c39e5048, 0x00000000c3aa0000)
  to   space 2112K,   0% used [0x00000000c3680000, 0x00000000c3680000, 0x00000000c3890000)
 concurrent mark-sweep generation total 99060K, used 59919K [0x00000000d6e00000, 0x00000000dcebd000, 0x0000000100000000)
 Metaspace       used 77307K, capacity 80804K, committed 81048K, reserved 1120256K
  class space    used 10014K, capacity 10640K, committed 10648K, reserved 1048576K
}
2022-08-07T09:29:36.493+0000: 38.437: Application time: 0.0003898 seconds
2022-08-07T09:29:36.495+0000: 38.439: Application time: 0.0017024 seconds
2022-08-07T09:29:36.549+0000: 38.494: Application time: 0.0536321 seconds
{Heap before GC invocations=467 (full 59):
 par new generation   total 19008K, used 18260K [0x00000000c2600000, 0x00000000c3aa0000, 0x00000000d6e00000)
  eden space 16896K, 100% used [0x00000000c2600000, 0x00000000c3680000, 0x00000000c3680000)
  from space 2112K,  64% used [0x00000000c3890000, 0x00000000c39e5048, 0x00000000c3aa0000)
  to   space 2112K,   0% used [0x00000000c3680000, 0x00000000c3680000, 0x00000000c3890000)
 concurrent mark-sweep generation total 99060K, used 59919K [0x00000000d6e00000, 0x00000000dcebd000, 0x0000000100000000)
 Metaspace       used 77321K, capacity 80804K, committed 81048K, reserved 1120256K
  class space    used 10017K, capacity 10640K, committed 10648K, reserved 1048576K
2022-08-07T09:29:36.550+0000: 38.494: [GC (Allocation Failure) 2022-08-07T09:29:36.550+0000: 38.495: [ParNew: 18260K->1063K(19008K), 0.0163652 secs] 78179K->61063K(118068K), 0.0171079 secs] [Times: user=0.03 sys=0.00, real=0.02 secs] 
Heap after GC invocations=468 (full 59):
 par new generation   total 19008K, used 1063K [0x00000000c2600000, 0x00000000c3aa0000, 0x00000000d6e00000)
  eden space 16896K,   0% used [0x00000000c2600000, 0x00000000c2600000, 0x00000000c3680000)
  from space 2112K,  50% used [0x00000000c3680000, 0x00000000c3789df8, 0x00000000c3890000)
  to   space 2112K,   0% used [0x00000000c3890000, 0x00000000c3890000, 0x00000000c3aa0000)
 concurrent mark-sweep generation total 99060K, used 60000K [0x00000000d6e00000, 0x00000000dcebd000, 0x0000000100000000)
 Metaspace       used 77321K, capacity 80804K, committed 81048K, reserved 1120256K
  class space    used 10017K, capacity 10640K, committed 10648K, reserved 1048576K
}
2022-08-07T09:29:36.593+0000: 38.537: Application time: 0.0253041 seconds
{Heap before GC invocations=468 (full 59):
 par new generation   total 19008K, used 17959K [0x00000000c2600000, 0x00000000c3aa0000, 0x00000000d6e00000)
  eden space 16896K, 100% used [0x00000000c2600000, 0x00000000c3680000, 0x00000000c3680000)
  from space 2112K,  50% used [0x00000000c3680000, 0x00000000c3789df8, 0x00000000c3890000)
  to   space 2112K,   0% used [0x00000000c3890000, 0x00000000c3890000, 0x00000000c3aa0000)
 concurrent mark-sweep generation total 99060K, used 60000K [0x00000000d6e00000, 0x00000000dcebd000, 0x0000000100000000)
 Metaspace       used 77323K, capacity 80804K, committed 81048K, reserved 1120256K
  class space    used 10017K, capacity 10640K, committed 10648K, reserved 1048576K
2022-08-07T09:29:36.594+0000: 38.539: [GC (Allocation Failure) 2022-08-07T09:29:36.595+0000: 38.539: [ParNew: 17959K->851K(19008K), 0.0136457 secs] 77959K->60898K(118068K), 0.0144591 secs] [Times: user=0.03 sys=0.01, real=0.02 secs] 
Heap after GC invocations=469 (full 59):
 par new generation   total 19008K, used 851K [0x00000000c2600000, 0x00000000c3aa0000, 0x00000000d6e00000)
  eden space 16896K,   0% used [0x00000000c2600000, 0x00000000c2600000, 0x00000000c3680000)
  from space 2112K,  40% used [0x00000000c3890000, 0x00000000c3964e48, 0x00000000c3aa0000)
  to   space 2112K,   0% used [0x00000000c3680000, 0x00000000c3680000, 0x00000000c3890000)
 concurrent mark-sweep generation total 99060K, used 60047K [0x00000000d6e00000, 0x00000000dcebd000, 0x0000000100000000)
 Metaspace       used 77323K, capacity 80804K, committed 81048K, reserved 1120256K
  class space    used 10017K, capacity 10640K, committed 10648K, reserved 1048576K
}
2022-08-07T09:29:36.626+0000: 38.571: [CMS-concurrent-mark: 0.187/0.272 secs] [Times: user=0.73 sys=0.07, real=0.27 secs] 
2022-08-07T09:29:36.627+0000: 38.571: [CMS-concurrent-preclean-start]
2022-08-07T09:29:36.639+0000: 38.583: Application time: 0.0291656 seconds
{Heap before GC invocations=469 (full 59):
 par new generation   total 19008K, used 17747K [0x00000000c2600000, 0x00000000c3aa0000, 0x00000000d6e00000)
  eden space 16896K, 100% used [0x00000000c2600000, 0x00000000c3680000, 0x00000000c3680000)
  from space 2112K,  40% used [0x00000000c3890000, 0x00000000c3964e48, 0x00000000c3aa0000)
  to   space 2112K,   0% used [0x00000000c3680000, 0x00000000c3680000, 0x00000000c3890000)
 concurrent mark-sweep generation total 99060K, used 60047K [0x00000000d6e00000, 0x00000000dcebd000, 0x0000000100000000)
 Metaspace       used 77334K, capacity 80804K, committed 81048K, reserved 1120256K
  class space    used 10019K, capacity 10640K, committed 10648K, reserved 1048576K
2022-08-07T09:29:36.639+0000: 38.584: [GC (Allocation Failure) 2022-08-07T09:29:36.640+0000: 38.585: [ParNew: 17747K->1249K(19008K), 0.0066251 secs] 77794K->61514K(118068K), 0.0078437 secs] [Times: user=0.02 sys=0.00, real=0.01 secs] 
Heap after GC invocations=470 (full 59):
 par new generation   total 19008K, used 1249K [0x00000000c2600000, 0x00000000c3aa0000, 0x00000000d6e00000)
  eden space 16896K,   0% used [0x00000000c2600000, 0x00000000c2600000, 0x00000000c3680000)
  from space 2112K,  59% used [0x00000000c3680000, 0x00000000c37b8518, 0x00000000c3890000)
  to   space 2112K,   0% used [0x00000000c3890000, 0x00000000c3890000, 0x00000000c3aa0000)
 concurrent mark-sweep generation total 99060K, used 60265K [0x00000000d6e00000, 0x00000000dcebd000, 0x0000000100000000)
 Metaspace       used 77334K, capacity 80804K, committed 81048K, reserved 1120256K
  class space    used 10019K, capacity 10640K, committed 10648K, reserved 1048576K
}
2022-08-07T09:29:36.672+0000: 38.617: Application time: 0.0240391 seconds
{Heap before GC invocations=470 (full 59):
 par new generation   total 19008K, used 18145K [0x00000000c2600000, 0x00000000c3aa0000, 0x00000000d6e00000)
  eden space 16896K, 100% used [0x00000000c2600000, 0x00000000c3680000, 0x00000000c3680000)
  from space 2112K,  59% used [0x00000000c3680000, 0x00000000c37b8518, 0x00000000c3890000)
  to   space 2112K,   0% used [0x00000000c3890000, 0x00000000c3890000, 0x00000000c3aa0000)
 concurrent mark-sweep generation total 99060K, used 60265K [0x00000000d6e00000, 0x00000000dcebd000, 0x0000000100000000)
 Metaspace       used 77338K, capacity 80804K, committed 81048K, reserved 1120256K
  class space    used 10020K, capacity 10640K, committed 10648K, reserved 1048576K
2022-08-07T09:29:36.673+0000: 38.617: [GC (Allocation Failure) 2022-08-07T09:29:36.674+0000: 38.618: [ParNew: 18145K->813K(19008K), 0.0049483 secs] 78410K->61193K(118068K), 0.0063458 secs] [Times: user=0.02 sys=0.00, real=0.01 secs] 
Heap after GC invocations=471 (full 59):
 par new generation   total 19008K, used 813K [0x00000000c2600000, 0x00000000c3aa0000, 0x00000000d6e00000)
  eden space 16896K,   0% used [0x00000000c2600000, 0x00000000c2600000, 0x00000000c3680000)
  from space 2112K,  38% used [0x00000000c3890000, 0x00000000c395b6e0, 0x00000000c3aa0000)
  to   space 2112K,   0% used [0x00000000c3680000, 0x00000000c3680000, 0x00000000c3890000)
 concurrent mark-sweep generation total 99060K, used 60379K [0x00000000d6e00000, 0x00000000dcebd000, 0x0000000100000000)
 Metaspace       used 77338K, capacity 80804K, committed 81048K, reserved 1120256K
  class space    used 10020K, capacity 10640K, committed 10648K, reserved 1048576K
}
2022-08-07T09:29:36.715+0000: 38.660: [CMS-concurrent-preclean: 0.040/0.089 secs] [Times: user=0.23 sys=0.08, real=0.08 secs] 
2022-08-07T09:29:36.716+0000: 38.660: [CMS-concurrent-abortable-preclean-start]
2022-08-07T09:29:36.736+0000: 38.681: [CMS-concurrent-abortable-preclean: 0.016/0.020 secs] [Times: user=0.04 sys=0.03, real=0.02 secs] 
2022-08-07T09:29:36.737+0000: 38.681: Application time: 0.0568511 seconds
2022-08-07T09:29:36.737+0000: 38.682: [GC (CMS Final Remark) [YG occupancy: 16011 K (19008 K)]2022-08-07T09:29:36.738+0000: 38.683: [Rescan (parallel) , 0.0093401 secs]2022-08-07T09:29:36.748+0000: 38.692: [weak refs processing, 0.0003837 secs]2022-08-07T09:29:36.748+0000: 38.693: [class unloading, 0.0140612 secs]2022-08-07T09:29:36.763+0000: 38.708: [scrub symbol table, 0.0237497 secs]2022-08-07T09:29:36.787+0000: 38.732: [scrub string table, 0.0013944 secs][1 CMS-remark: 60379K(99060K)] 76391K(118068K), 0.0514698 secs] [Times: user=0.09 sys=0.01, real=0.05 secs] 
2022-08-07T09:29:36.792+0000: 38.737: [CMS-concurrent-sweep-start]
2022-08-07T09:29:36.802+0000: 38.746: Application time: 0.0121160 seconds
{Heap before GC invocations=471 (full 59):
 par new generation   total 19008K, used 17709K [0x00000000c2600000, 0x00000000c3aa0000, 0x00000000d6e00000)
  eden space 16896K, 100% used [0x00000000c2600000, 0x00000000c3680000, 0x00000000c3680000)
  from space 2112K,  38% used [0x00000000c3890000, 0x00000000c395b6e0, 0x00000000c3aa0000)
  to   space 2112K,   0% used [0x00000000c3680000, 0x00000000c3680000, 0x00000000c3890000)
 concurrent mark-sweep generation total 99060K, used 60378K [0x00000000d6e00000, 0x00000000dcebd000, 0x0000000100000000)
 Metaspace       used 77352K, capacity 80804K, committed 81048K, reserved 1120256K
  class space    used 10022K, capacity 10640K, committed 10648K, reserved 1048576K
2022-08-07T09:29:36.802+0000: 38.747: [GC (Allocation Failure) 2022-08-07T09:29:36.803+0000: 38.747: [ParNew: 17709K->1034K(19008K), 0.0097356 secs] 78088K->61463K(118068K), 0.0108081 secs] [Times: user=0.03 sys=0.00, real=0.01 secs] 
Heap after GC invocations=472 (full 59):
 par new generation   total 19008K, used 1034K [0x00000000c2600000, 0x00000000c3aa0000, 0x00000000d6e00000)
  eden space 16896K,   0% used [0x00000000c2600000, 0x00000000c2600000, 0x00000000c3680000)
  from space 2112K,  48% used [0x00000000c3680000, 0x00000000c3782940, 0x00000000c3890000)
  to   space 2112K,   0% used [0x00000000c3890000, 0x00000000c3890000, 0x00000000c3aa0000)
 concurrent mark-sweep generation total 99060K, used 60429K [0x00000000d6e00000, 0x00000000dcebd000, 0x0000000100000000)
 Metaspace       used 77352K, capacity 80804K, committed 81048K, reserved 1120256K
  class space    used 10022K, capacity 10640K, committed 10648K, reserved 1048576K
}
2022-08-07T09:29:36.848+0000: 38.793: [CMS-concurrent-sweep: 0.041/0.056 secs] [Times: user=0.16 sys=0.03, real=0.06 secs] 
2022-08-07T09:29:36.850+0000: 38.795: [CMS-concurrent-reset-start]
2022-08-07T09:29:36.851+0000: 38.795: [CMS-concurrent-reset: 0.001/0.001 secs] [Times: user=0.00 sys=0.00, real=0.00 secs] 
2022-08-07T09:29:36.880+0000: 38.825: Application time: 0.0658336 seconds
2022-08-07T09:29:36.884+0000: 38.828: Application time: 0.0030196 seconds
2022-08-07T09:29:36.885+0000: 38.829: Application time: 0.0002610 seconds
2022-08-07T09:29:36.893+0000: 38.838: Application time: 0.0078234 seconds
{Heap before GC invocations=472 (full 59):
 par new generation   total 19008K, used 17930K [0x00000000c2600000, 0x00000000c3aa0000, 0x00000000d6e00000)
  eden space 16896K, 100% used [0x00000000c2600000, 0x00000000c3680000, 0x00000000c3680000)
  from space 2112K,  48% used [0x00000000c3680000, 0x00000000c3782940, 0x00000000c3890000)
  to   space 2112K,   0% used [0x00000000c3890000, 0x00000000c3890000, 0x00000000c3aa0000)
 concurrent mark-sweep generation total 100596K, used 60355K [0x00000000d6e00000, 0x00000000dd03d000, 0x0000000100000000)
 Metaspace       used 77357K, capacity 80804K, committed 81048K, reserved 1120256K
  class space    used 10022K, capacity 10640K, committed 10648K, reserved 1048576K
2022-08-07T09:29:36.893+0000: 38.838: [GC (Allocation Failure) 2022-08-07T09:29:36.894+0000: 38.839: [ParNew: 17930K->749K(19008K), 0.0182436 secs] 78286K->61233K(119604K), 0.0204852 secs] [Times: user=0.04 sys=0.01, real=0.02 secs] 
Heap after GC invocations=473 (full 59):
 par new generation   total 19008K, used 749K [0x00000000c2600000, 0x00000000c3aa0000, 0x00000000d6e00000)
  eden space 16896K,   0% used [0x00000000c2600000, 0x00000000c2600000, 0x00000000c3680000)
  from space 2112K,  35% used [0x00000000c3890000, 0x00000000c394b540, 0x00000000c3aa0000)
  to   space 2112K,   0% used [0x00000000c3680000, 0x00000000c3680000, 0x00000000c3890000)
 concurrent mark-sweep generation total 100596K, used 60484K [0x00000000d6e00000, 0x00000000dd03d000, 0x0000000100000000)
 Metaspace       used 77357K, capacity 80804K, committed 81048K, reserved 1120256K
  class space    used 10022K, capacity 10640K, committed 10648K, reserved 1048576K
}
2022-08-07T09:29:36.919+0000: 38.864: Application time: 0.0041931 seconds
2022-08-07T09:29:36.919+0000: 38.864: [GC (CMS Initial Mark) [1 CMS-initial-mark: 60484K(100596K)] 63953K(119604K), 0.0087496 secs] [Times: user=0.02 sys=0.01, real=0.01 secs] 
2022-08-07T09:29:36.929+0000: 38.873: [CMS-concurrent-mark-start]
2022-08-07T09:29:36.985+0000: 38.930: Application time: 0.0565478 seconds
{Heap before GC invocations=473 (full 60):
 par new generation   total 19008K, used 17645K [0x00000000c2600000, 0x00000000c3aa0000, 0x00000000d6e00000)
  eden space 16896K, 100% used [0x00000000c2600000, 0x00000000c3680000, 0x00000000c3680000)
  from space 2112K,  35% used [0x00000000c3890000, 0x00000000c394b540, 0x00000000c3aa0000)
  to   space 2112K,   0% used [0x00000000c3680000, 0x00000000c3680000, 0x00000000c3890000)
 concurrent mark-sweep generation total 100596K, used 60484K [0x00000000d6e00000, 0x00000000dd03d000, 0x0000000100000000)
 Metaspace       used 77367K, capacity 80836K, committed 81176K, reserved 1120256K
  class space    used 10023K, capacity 10672K, committed 10776K, reserved 1048576K
2022-08-07T09:29:36.986+0000: 38.930: [GC (Allocation Failure) 2022-08-07T09:29:36.986+0000: 38.931: [ParNew: 17645K->896K(19008K), 0.0076288 secs] 78129K->61424K(119604K), 0.0083869 secs] [Times: user=0.03 sys=0.00, real=0.01 secs] 
Heap after GC invocations=474 (full 60):
 par new generation   total 19008K, used 896K [0x00000000c2600000, 0x00000000c3aa0000, 0x00000000d6e00000)
  eden space 16896K,   0% used [0x00000000c2600000, 0x00000000c2600000, 0x00000000c3680000)
  from space 2112K,  42% used [0x00000000c3680000, 0x00000000c37601f8, 0x00000000c3890000)
  to   space 2112K,   0% used [0x00000000c3890000, 0x00000000c3890000, 0x00000000c3aa0000)
 concurrent mark-sweep generation total 100596K, used 60527K [0x00000000d6e00000, 0x00000000dd03d000, 0x0000000100000000)
 Metaspace       used 77367K, capacity 80836K, committed 81176K, reserved 1120256K
  class space    used 10023K, capacity 10672K, committed 10776K, reserved 1048576K
}
2022-08-07T09:29:37.026+0000: 38.971: Application time: 0.0317067 seconds
{Heap before GC invocations=474 (full 60):
 par new generation   total 19008K, used 17792K [0x00000000c2600000, 0x00000000c3aa0000, 0x00000000d6e00000)
  eden space 16896K, 100% used [0x00000000c2600000, 0x00000000c3680000, 0x00000000c3680000)
  from space 2112K,  42% used [0x00000000c3680000, 0x00000000c37601f8, 0x00000000c3890000)
  to   space 2112K,   0% used [0x00000000c3890000, 0x00000000c3890000, 0x00000000c3aa0000)
 concurrent mark-sweep generation total 100596K, used 60527K [0x00000000d6e00000, 0x00000000dd03d000, 0x0000000100000000)
 Metaspace       used 77367K, capacity 80836K, committed 81176K, reserved 1120256K
  class space    used 10023K, capacity 10672K, committed 10776K, reserved 1048576K
2022-08-07T09:29:37.028+0000: 38.973: [GC (Allocation Failure) 2022-08-07T09:29:37.028+0000: 38.973: [ParNew: 17792K->688K(19008K), 0.0146577 secs] 78320K->61324K(119604K), 0.0153857 secs] [Times: user=0.05 sys=0.00, real=0.01 secs] 
Heap after GC invocations=475 (full 60):
 par new generation   total 19008K, used 688K [0x00000000c2600000, 0x00000000c3aa0000, 0x00000000d6e00000)
  eden space 16896K,   0% used [0x00000000c2600000, 0x00000000c2600000, 0x00000000c3680000)
  from space 2112K,  32% used [0x00000000c3890000, 0x00000000c393c238, 0x00000000c3aa0000)
  to   space 2112K,   0% used [0x00000000c3680000, 0x00000000c3680000, 0x00000000c3890000)
 concurrent mark-sweep generation total 100596K, used 60635K [0x00000000d6e00000, 0x00000000dd03d000, 0x0000000100000000)
 Metaspace       used 77367K, capacity 80836K, committed 81176K, reserved 1120256K
  class space    used 10023K, capacity 10672K, committed 10776K, reserved 1048576K
}
2022-08-07T09:29:37.084+0000: 39.028: Application time: 0.0396029 seconds
{Heap before GC invocations=475 (full 60):
 par new generation   total 19008K, used 17584K [0x00000000c2600000, 0x00000000c3aa0000, 0x00000000d6e00000)
  eden space 16896K, 100% used [0x00000000c2600000, 0x00000000c3680000, 0x00000000c3680000)
  from space 2112K,  32% used [0x00000000c3890000, 0x00000000c393c238, 0x00000000c3aa0000)
  to   space 2112K,   0% used [0x00000000c3680000, 0x00000000c3680000, 0x00000000c3890000)
 concurrent mark-sweep generation total 100596K, used 60635K [0x00000000d6e00000, 0x00000000dd03d000, 0x0000000100000000)
 Metaspace       used 77403K, capacity 80906K, committed 81176K, reserved 1120256K
  class space    used 10029K, capacity 10673K, committed 10776K, reserved 1048576K
2022-08-07T09:29:37.084+0000: 39.029: [GC (Allocation Failure) 2022-08-07T09:29:37.085+0000: 39.029: [ParNew: 17584K->882K(19008K), 0.0046946 secs] 78220K->61569K(119604K), 0.0053615 secs] [Times: user=0.02 sys=0.00, real=0.01 secs] 
Heap after GC invocations=476 (full 60):
 par new generation   total 19008K, used 882K [0x00000000c2600000, 0x00000000c3aa0000, 0x00000000d6e00000)
  eden space 16896K,   0% used [0x00000000c2600000, 0x00000000c2600000, 0x00000000c3680000)
  from space 2112K,  41% used [0x00000000c3680000, 0x00000000c375c9c8, 0x00000000c3890000)
  to   space 2112K,   0% used [0x00000000c3890000, 0x00000000c3890000, 0x00000000c3aa0000)
 concurrent mark-sweep generation total 100596K, used 60686K [0x00000000d6e00000, 0x00000000dd03d000, 0x0000000100000000)
 Metaspace       used 77403K, capacity 80906K, committed 81176K, reserved 1120256K
  class space    used 10029K, capacity 10673K, committed 10776K, reserved 1048576K
}
2022-08-07T09:29:37.106+0000: 39.051: [CMS-concurrent-mark: 0.142/0.178 secs] [Times: user=0.57 sys=0.03, real=0.17 secs] 
2022-08-07T09:29:37.107+0000: 39.052: [CMS-concurrent-preclean-start]
2022-08-07T09:29:37.124+0000: 39.069: Application time: 0.0335215 seconds
{Heap before GC invocations=476 (full 60):
 par new generation   total 19008K, used 17778K [0x00000000c2600000, 0x00000000c3aa0000, 0x00000000d6e00000)
  eden space 16896K, 100% used [0x00000000c2600000, 0x00000000c3680000, 0x00000000c3680000)
  from space 2112K,  41% used [0x00000000c3680000, 0x00000000c375c9c8, 0x00000000c3890000)
  to   space 2112K,   0% used [0x00000000c3890000, 0x00000000c3890000, 0x00000000c3aa0000)
 concurrent mark-sweep generation total 100596K, used 60686K [0x00000000d6e00000, 0x00000000dd03d000, 0x0000000100000000)
 Metaspace       used 77440K, capacity 80906K, committed 81176K, reserved 1120256K
  class space    used 10031K, capacity 10673K, committed 10776K, reserved 1048576K
2022-08-07T09:29:37.124+0000: 39.069: [GC (Allocation Failure) 2022-08-07T09:29:37.125+0000: 39.070: [ParNew: 17778K->897K(19008K), 0.0101449 secs] 78465K->61635K(119604K), 0.0111395 secs] [Times: user=0.02 sys=0.00, real=0.01 secs] 
Heap after GC invocations=477 (full 60):
 par new generation   total 19008K, used 897K [0x00000000c2600000, 0x00000000c3aa0000, 0x00000000d6e00000)
  eden space 16896K,   0% used [0x00000000c2600000, 0x00000000c2600000, 0x00000000c3680000)
  from space 2112K,  42% used [0x00000000c3890000, 0x00000000c3970780, 0x00000000c3aa0000)
  to   space 2112K,   0% used [0x00000000c3680000, 0x00000000c3680000, 0x00000000c3890000)
 concurrent mark-sweep generation total 100596K, used 60737K [0x00000000d6e00000, 0x00000000dd03d000, 0x0000000100000000)
 Metaspace       used 77440K, capacity 80906K, committed 81176K, reserved 1120256K
  class space    used 10031K, capacity 10673K, committed 10776K, reserved 1048576K
}
2022-08-07T09:29:37.168+0000: 39.113: [CMS-concurrent-preclean: 0.027/0.061 secs] [Times: user=0.14 sys=0.04, real=0.06 secs] 
2022-08-07T09:29:37.168+0000: 39.113: [CMS-concurrent-abortable-preclean-start]
2022-08-07T09:29:37.177+0000: 39.122: Application time: 0.0408937 seconds
{Heap before GC invocations=477 (full 60):
 par new generation   total 19008K, used 17793K [0x00000000c2600000, 0x00000000c3aa0000, 0x00000000d6e00000)
  eden space 16896K, 100% used [0x00000000c2600000, 0x00000000c3680000, 0x00000000c3680000)
  from space 2112K,  42% used [0x00000000c3890000, 0x00000000c3970780, 0x00000000c3aa0000)
  to   space 2112K,   0% used [0x00000000c3680000, 0x00000000c3680000, 0x00000000c3890000)
 concurrent mark-sweep generation total 100596K, used 60737K [0x00000000d6e00000, 0x00000000dd03d000, 0x0000000100000000)
 Metaspace       used 77463K, capacity 80976K, committed 81176K, reserved 1120256K
  class space    used 10036K, capacity 10674K, committed 10776K, reserved 1048576K
2022-08-07T09:29:37.177+0000: 39.122: [GC (Allocation Failure) 2022-08-07T09:29:37.177+0000: 39.122: [ParNew: 17793K->1072K(19008K), 0.0088422 secs] 78531K->61848K(119604K), 0.0094983 secs] [Times: user=0.02 sys=0.00, real=0.01 secs] 
Heap after GC invocations=478 (full 60):
 par new generation   total 19008K, used 1072K [0x00000000c2600000, 0x00000000c3aa0000, 0x00000000d6e00000)
  eden space 16896K,   0% used [0x00000000c2600000, 0x00000000c2600000, 0x00000000c3680000)
  from space 2112K,  50% used [0x00000000c3680000, 0x00000000c378c0a8, 0x00000000c3890000)
  to   space 2112K,   0% used [0x00000000c3890000, 0x00000000c3890000, 0x00000000c3aa0000)
 concurrent mark-sweep generation total 100596K, used 60776K [0x00000000d6e00000, 0x00000000dd03d000, 0x0000000100000000)
 Metaspace       used 77463K, capacity 80976K, committed 81176K, reserved 1120256K
  class space    used 10036K, capacity 10674K, committed 10776K, reserved 1048576K
}
2022-08-07T09:29:37.225+0000: 39.170: Application time: 0.0385604 seconds
{Heap before GC invocations=478 (full 60):
 par new generation   total 19008K, used 17968K [0x00000000c2600000, 0x00000000c3aa0000, 0x00000000d6e00000)
  eden space 16896K, 100% used [0x00000000c2600000, 0x00000000c3680000, 0x00000000c3680000)
  from space 2112K,  50% used [0x00000000c3680000, 0x00000000c378c0a8, 0x00000000c3890000)
  to   space 2112K,   0% used [0x00000000c3890000, 0x00000000c3890000, 0x00000000c3aa0000)
 concurrent mark-sweep generation total 100596K, used 60776K [0x00000000d6e00000, 0x00000000dd03d000, 0x0000000100000000)
 Metaspace       used 77481K, capacity 80976K, committed 81176K, reserved 1120256K
  class space    used 10039K, capacity 10674K, committed 10776K, reserved 1048576K
2022-08-07T09:29:37.226+0000: 39.171: [GC (Allocation Failure) 2022-08-07T09:29:37.227+0000: 39.172: [ParNew: 17968K->1014K(19008K), 0.0051405 secs] 78744K->61862K(119604K), 0.0064628 secs] [Times: user=0.01 sys=0.00, real=0.01 secs] 
Heap after GC invocations=479 (full 60):
 par new generation   total 19008K, used 1014K [0x00000000c2600000, 0x00000000c3aa0000, 0x00000000d6e00000)
  eden space 16896K,   0% used [0x00000000c2600000, 0x00000000c2600000, 0x00000000c3680000)
  from space 2112K,  48% used [0x00000000c3890000, 0x00000000c398d880, 0x00000000c3aa0000)
  to   space 2112K,   0% used [0x00000000c3680000, 0x00000000c3680000, 0x00000000c3890000)
 concurrent mark-sweep generation total 100596K, used 60848K [0x00000000d6e00000, 0x00000000dd03d000, 0x0000000100000000)
 Metaspace       used 77481K, capacity 80976K, committed 81176K, reserved 1120256K
  class space    used 10039K, capacity 10674K, committed 10776K, reserved 1048576K
}
2022-08-07T09:29:37.233+0000: 39.178: [CMS-concurrent-abortable-preclean: 0.008/0.065 secs] [Times: user=0.14 sys=0.03, real=0.06 secs] 
2022-08-07T09:29:37.234+0000: 39.179: Application time: 0.0009376 seconds
2022-08-07T09:29:37.234+0000: 39.179: [GC (CMS Final Remark) [YG occupancy: 1374 K (19008 K)]2022-08-07T09:29:37.235+0000: 39.179: [Rescan (parallel) , 0.0036007 secs]2022-08-07T09:29:37.239+0000: 39.183: [weak refs processing, 0.0004423 secs]2022-08-07T09:29:37.239+0000: 39.184: [class unloading, 0.0168821 secs]2022-08-07T09:29:37.257+0000: 39.201: [scrub symbol table, 0.0206765 secs]2022-08-07T09:29:37.278+0000: 39.222: [scrub string table, 0.0012554 secs][1 CMS-remark: 60848K(100596K)] 62222K(119604K), 0.0448296 secs] [Times: user=0.06 sys=0.00, real=0.05 secs] 
2022-08-07T09:29:37.280+0000: 39.225: [CMS-concurrent-sweep-start]
2022-08-07T09:29:37.311+0000: 39.255: [CMS-concurrent-sweep: 0.031/0.031 secs] [Times: user=0.12 sys=0.01, real=0.03 secs] 
2022-08-07T09:29:37.312+0000: 39.256: [CMS-concurrent-reset-start]
2022-08-07T09:29:37.312+0000: 39.257: [CMS-concurrent-reset: 0.001/0.001 secs] [Times: user=0.00 sys=0.00, real=0.00 secs] 
2022-08-07T09:29:37.325+0000: 39.270: Application time: 0.0453731 seconds
{Heap before GC invocations=479 (full 60):
 par new generation   total 19008K, used 17910K [0x00000000c2600000, 0x00000000c3aa0000, 0x00000000d6e00000)
  eden space 16896K, 100% used [0x00000000c2600000, 0x00000000c3680000, 0x00000000c3680000)
  from space 2112K,  48% used [0x00000000c3890000, 0x00000000c398d880, 0x00000000c3aa0000)
  to   space 2112K,   0% used [0x00000000c3680000, 0x00000000c3680000, 0x00000000c3890000)
 concurrent mark-sweep generation total 101332K, used 60798K [0x00000000d6e00000, 0x00000000dd0f5000, 0x0000000100000000)
 Metaspace       used 77487K, capacity 80968K, committed 81176K, reserved 1120256K
  class space    used 10039K, capacity 10672K, committed 10776K, reserved 1048576K
2022-08-07T09:29:37.325+0000: 39.270: [GC (Allocation Failure) 2022-08-07T09:29:37.326+0000: 39.270: [ParNew: 17910K->948K(19008K), 0.0075167 secs] 78708K->61809K(120340K), 0.0082785 secs] [Times: user=0.02 sys=0.00, real=0.01 secs] 
Heap after GC invocations=480 (full 60):
 par new generation   total 19008K, used 948K [0x00000000c2600000, 0x00000000c3aa0000, 0x00000000d6e00000)
  eden space 16896K,   0% used [0x00000000c2600000, 0x00000000c2600000, 0x00000000c3680000)
  from space 2112K,  44% used [0x00000000c3680000, 0x00000000c376d1e0, 0x00000000c3890000)
  to   space 2112K,   0% used [0x00000000c3890000, 0x00000000c3890000, 0x00000000c3aa0000)
 concurrent mark-sweep generation total 101332K, used 60860K [0x00000000d6e00000, 0x00000000dd0f5000, 0x0000000100000000)
 Metaspace       used 77487K, capacity 80968K, committed 81176K, reserved 1120256K
  class space    used 10039K, capacity 10672K, committed 10776K, reserved 1048576K
}
2022-08-07T09:29:37.341+0000: 39.286: Application time: 0.0069230 seconds
2022-08-07T09:29:37.344+0000: 39.289: [GC (CMS Initial Mark) [1 CMS-initial-mark: 60860K(101332K)] 62168K(120340K), 0.0113474 secs] [Times: user=0.01 sys=0.00, real=0.01 secs] 
2022-08-07T09:29:37.357+0000: 39.302: [CMS-concurrent-mark-start]
2022-08-07T09:29:37.405+0000: 39.350: Application time: 0.0484594 seconds
2022-08-07T09:29:37.422+0000: 39.367: Application time: 0.0163824 seconds
{Heap before GC invocations=480 (full 61):
 par new generation   total 19008K, used 17844K [0x00000000c2600000, 0x00000000c3aa0000, 0x00000000d6e00000)
  eden space 16896K, 100% used [0x00000000c2600000, 0x00000000c3680000, 0x00000000c3680000)
  from space 2112K,  44% used [0x00000000c3680000, 0x00000000c376d1e0, 0x00000000c3890000)
  to   space 2112K,   0% used [0x00000000c3890000, 0x00000000c3890000, 0x00000000c3aa0000)
 concurrent mark-sweep generation total 101332K, used 60860K [0x00000000d6e00000, 0x00000000dd0f5000, 0x0000000100000000)
 Metaspace       used 77490K, capacity 80974K, committed 81176K, reserved 1120256K
  class space    used 10040K, capacity 10673K, committed 10776K, reserved 1048576K
2022-08-07T09:29:37.423+0000: 39.367: [GC (Allocation Failure) 2022-08-07T09:29:37.423+0000: 39.368: [ParNew: 17844K->1061K(19008K), 0.0052716 secs] 78705K->61971K(120340K), 0.0061411 secs] [Times: user=0.01 sys=0.00, real=0.01 secs] 
Heap after GC invocations=481 (full 61):
 par new generation   total 19008K, used 1061K [0x00000000c2600000, 0x00000000c3aa0000, 0x00000000d6e00000)
  eden space 16896K,   0% used [0x00000000c2600000, 0x00000000c2600000, 0x00000000c3680000)
  from space 2112K,  50% used [0x00000000c3890000, 0x00000000c39994a0, 0x00000000c3aa0000)
  to   space 2112K,   0% used [0x00000000c3680000, 0x00000000c3680000, 0x00000000c3890000)
 concurrent mark-sweep generation total 101332K, used 60910K [0x00000000d6e00000, 0x00000000dd0f5000, 0x0000000100000000)
 Metaspace       used 77490K, capacity 80974K, committed 81176K, reserved 1120256K
  class space    used 10040K, capacity 10673K, committed 10776K, reserved 1048576K
}
2022-08-07T09:29:37.468+0000: 39.413: Application time: 0.0387966 seconds
{Heap before GC invocations=481 (full 61):
 par new generation   total 19008K, used 17957K [0x00000000c2600000, 0x00000000c3aa0000, 0x00000000d6e00000)
  eden space 16896K, 100% used [0x00000000c2600000, 0x00000000c3680000, 0x00000000c3680000)
  from space 2112K,  50% used [0x00000000c3890000, 0x00000000c39994a0, 0x00000000c3aa0000)
  to   space 2112K,   0% used [0x00000000c3680000, 0x00000000c3680000, 0x00000000c3890000)
 concurrent mark-sweep generation total 101332K, used 60910K [0x00000000d6e00000, 0x00000000dd0f5000, 0x0000000100000000)
 Metaspace       used 77519K, capacity 80990K, committed 81176K, reserved 1120256K
  class space    used 10045K, capacity 10677K, committed 10776K, reserved 1048576K
2022-08-07T09:29:37.469+0000: 39.414: [GC (Allocation Failure) 2022-08-07T09:29:37.469+0000: 39.414: [ParNew: 17957K->765K(19008K), 0.0045823 secs] 78867K->61731K(120340K), 0.0052153 secs] [Times: user=0.01 sys=0.00, real=0.00 secs] 
Heap after GC invocations=482 (full 61):
 par new generation   total 19008K, used 765K [0x00000000c2600000, 0x00000000c3aa0000, 0x00000000d6e00000)
  eden space 16896K,   0% used [0x00000000c2600000, 0x00000000c2600000, 0x00000000c3680000)
  from space 2112K,  36% used [0x00000000c3680000, 0x00000000c373f788, 0x00000000c3890000)
  to   space 2112K,   0% used [0x00000000c3890000, 0x00000000c3890000, 0x00000000c3aa0000)
 concurrent mark-sweep generation total 101332K, used 60965K [0x00000000d6e00000, 0x00000000dd0f5000, 0x0000000100000000)
 Metaspace       used 77519K, capacity 80990K, committed 81176K, reserved 1120256K
  class space    used 10045K, capacity 10677K, committed 10776K, reserved 1048576K
}
2022-08-07T09:29:37.501+0000: 39.446: [CMS-concurrent-mark: 0.129/0.144 secs] [Times: user=0.41 sys=0.04, real=0.14 secs] 
2022-08-07T09:29:37.502+0000: 39.446: [CMS-concurrent-preclean-start]
2022-08-07T09:29:37.503+0000: 39.447: Application time: 0.0280789 seconds
{Heap before GC invocations=482 (full 61):
 par new generation   total 19008K, used 17661K [0x00000000c2600000, 0x00000000c3aa0000, 0x00000000d6e00000)
  eden space 16896K, 100% used [0x00000000c2600000, 0x00000000c3680000, 0x00000000c3680000)
  from space 2112K,  36% used [0x00000000c3680000, 0x00000000c373f788, 0x00000000c3890000)
  to   space 2112K,   0% used [0x00000000c3890000, 0x00000000c3890000, 0x00000000c3aa0000)
 concurrent mark-sweep generation total 101332K, used 60965K [0x00000000d6e00000, 0x00000000dd0f5000, 0x0000000100000000)
 Metaspace       used 77540K, capacity 81086K, committed 81432K, reserved 1120256K
  class space    used 10049K, capacity 10709K, committed 10776K, reserved 1048576K
2022-08-07T09:29:37.503+0000: 39.448: [GC (Allocation Failure) 2022-08-07T09:29:37.503+0000: 39.448: [ParNew: 17661K->860K(19008K), 0.0040777 secs] 78627K->61876K(120340K), 0.0048567 secs] [Times: user=0.01 sys=0.00, real=0.01 secs] 
Heap after GC invocations=483 (full 61):
 par new generation   total 19008K, used 860K [0x00000000c2600000, 0x00000000c3aa0000, 0x00000000d6e00000)
  eden space 16896K,   0% used [0x00000000c2600000, 0x00000000c2600000, 0x00000000c3680000)
  from space 2112K,  40% used [0x00000000c3890000, 0x00000000c39670c0, 0x00000000c3aa0000)
  to   space 2112K,   0% used [0x00000000c3680000, 0x00000000c3680000, 0x00000000c3890000)
 concurrent mark-sweep generation total 101332K, used 61016K [0x00000000d6e00000, 0x00000000dd0f5000, 0x0000000100000000)
 Metaspace       used 77540K, capacity 81086K, committed 81432K, reserved 1120256K
  class space    used 10049K, capacity 10709K, committed 10776K, reserved 1048576K
}
2022-08-07T09:29:37.547+0000: 39.492: [CMS-concurrent-preclean: 0.023/0.045 secs] [Times: user=0.12 sys=0.04, real=0.05 secs] 
2022-08-07T09:29:37.547+0000: 39.492: [CMS-concurrent-abortable-preclean-start]
2022-08-07T09:29:37.551+0000: 39.496: Application time: 0.0428308 seconds
{Heap before GC invocations=483 (full 61):
 par new generation   total 19008K, used 17756K [0x00000000c2600000, 0x00000000c3aa0000, 0x00000000d6e00000)
  eden space 16896K, 100% used [0x00000000c2600000, 0x00000000c3680000, 0x00000000c3680000)
  from space 2112K,  40% used [0x00000000c3890000, 0x00000000c39670c0, 0x00000000c3aa0000)
  to   space 2112K,   0% used [0x00000000c3680000, 0x00000000c3680000, 0x00000000c3890000)
 concurrent mark-sweep generation total 101332K, used 61016K [0x00000000d6e00000, 0x00000000dd0f5000, 0x0000000100000000)
 Metaspace       used 77623K, capacity 81186K, committed 81432K, reserved 1120256K
  class space    used 10068K, capacity 10741K, committed 10776K, reserved 1048576K
2022-08-07T09:29:37.551+0000: 39.496: [GC (Allocation Failure) 2022-08-07T09:29:37.552+0000: 39.496: [ParNew: 17756K->1051K(19008K), 0.0046721 secs] 78772K->62137K(120340K), 0.0053471 secs] [Times: user=0.01 sys=0.00, real=0.01 secs] 
Heap after GC invocations=484 (full 61):
 par new generation   total 19008K, used 1051K [0x00000000c2600000, 0x00000000c3aa0000, 0x00000000d6e00000)
  eden space 16896K,   0% used [0x00000000c2600000, 0x00000000c2600000, 0x00000000c3680000)
  from space 2112K,  49% used [0x00000000c3680000, 0x00000000c3786e88, 0x00000000c3890000)
  to   space 2112K,   0% used [0x00000000c3890000, 0x00000000c3890000, 0x00000000c3aa0000)
 concurrent mark-sweep generation total 101332K, used 61085K [0x00000000d6e00000, 0x00000000dd0f5000, 0x0000000100000000)
 Metaspace       used 77623K, capacity 81186K, committed 81432K, reserved 1120256K
  class space    used 10068K, capacity 10741K, committed 10776K, reserved 1048576K
}
2022-08-07T09:29:37.584+0000: 39.529: Application time: 0.0268008 seconds
{Heap before GC invocations=484 (full 61):
 par new generation   total 19008K, used 17947K [0x00000000c2600000, 0x00000000c3aa0000, 0x00000000d6e00000)
  eden space 16896K, 100% used [0x00000000c2600000, 0x00000000c3680000, 0x00000000c3680000)
  from space 2112K,  49% used [0x00000000c3680000, 0x00000000c3786e88, 0x00000000c3890000)
  to   space 2112K,   0% used [0x00000000c3890000, 0x00000000c3890000, 0x00000000c3aa0000)
 concurrent mark-sweep generation total 101332K, used 61085K [0x00000000d6e00000, 0x00000000dd0f5000, 0x0000000100000000)
 Metaspace       used 77624K, capacity 81186K, committed 81432K, reserved 1120256K
  class space    used 10068K, capacity 10741K, committed 10776K, reserved 1048576K
2022-08-07T09:29:37.584+0000: 39.529: [GC (Allocation Failure) 2022-08-07T09:29:37.585+0000: 39.530: [ParNew: 17947K->886K(19008K), 0.0048914 secs] 79033K->62060K(120340K), 0.0057887 secs] [Times: user=0.02 sys=0.00, real=0.01 secs] 
Heap after GC invocations=485 (full 61):
 par new generation   total 19008K, used 886K [0x00000000c2600000, 0x00000000c3aa0000, 0x00000000d6e00000)
  eden space 16896K,   0% used [0x00000000c2600000, 0x00000000c2600000, 0x00000000c3680000)
  from space 2112K,  41% used [0x00000000c3890000, 0x00000000c396dab8, 0x00000000c3aa0000)
  to   space 2112K,   0% used [0x00000000c3680000, 0x00000000c3680000, 0x00000000c3890000)
 concurrent mark-sweep generation total 101332K, used 61173K [0x00000000d6e00000, 0x00000000dd0f5000, 0x0000000100000000)
 Metaspace       used 77624K, capacity 81186K, committed 81432K, reserved 1120256K
  class space    used 10068K, capacity 10741K, committed 10776K, reserved 1048576K
}
2022-08-07T09:29:37.595+0000: 39.539: Application time: 0.0038597 seconds
2022-08-07T09:29:37.632+0000: 39.576: [CMS-concurrent-abortable-preclean: 0.043/0.084 secs] [Times: user=0.12 sys=0.07, real=0.08 secs] 
2022-08-07T09:29:37.634+0000: 39.579: Application time: 0.0391112 seconds
2022-08-07T09:29:37.635+0000: 39.580: [GC (CMS Final Remark) [YG occupancy: 13735 K (19008 K)]2022-08-07T09:29:37.636+0000: 39.580: [Rescan (parallel) , 0.0134090 secs]2022-08-07T09:29:37.649+0000: 39.594: [weak refs processing, 0.0013065 secs]2022-08-07T09:29:37.651+0000: 39.596: [class unloading, 0.0143801 secs]2022-08-07T09:29:37.666+0000: 39.611: [scrub symbol table, 0.0199951 secs]2022-08-07T09:29:37.686+0000: 39.631: [scrub string table, 0.0014302 secs][1 CMS-remark: 61173K(101332K)] 74908K(120340K), 0.0529685 secs] [Times: user=0.06 sys=0.00, real=0.06 secs] 
2022-08-07T09:29:37.690+0000: 39.634: [CMS-concurrent-sweep-start]
2022-08-07T09:29:37.720+0000: 39.665: [CMS-concurrent-sweep: 0.031/0.031 secs] [Times: user=0.08 sys=0.01, real=0.03 secs] 
2022-08-07T09:29:37.721+0000: 39.666: [CMS-concurrent-reset-start]
2022-08-07T09:29:37.722+0000: 39.666: [CMS-concurrent-reset: 0.001/0.001 secs] [Times: user=0.00 sys=0.00, real=0.00 secs] 
2022-08-07T09:29:37.730+0000: 39.675: Application time: 0.0413453 seconds
{Heap before GC invocations=485 (full 61):
 par new generation   total 19008K, used 17782K [0x00000000c2600000, 0x00000000c3aa0000, 0x00000000d6e00000)
  eden space 16896K, 100% used [0x00000000c2600000, 0x00000000c3680000, 0x00000000c3680000)
  from space 2112K,  41% used [0x00000000c3890000, 0x00000000c396dab8, 0x00000000c3aa0000)
  to   space 2112K,   0% used [0x00000000c3680000, 0x00000000c3680000, 0x00000000c3890000)
 concurrent mark-sweep generation total 101900K, used 61138K [0x00000000d6e00000, 0x00000000dd183000, 0x0000000100000000)
 Metaspace       used 77761K, capacity 81294K, committed 81560K, reserved 1120256K
  class space    used 10095K, capacity 10777K, committed 10904K, reserved 1048576K
2022-08-07T09:29:37.731+0000: 39.675: [GC (Allocation Failure) 2022-08-07T09:29:37.731+0000: 39.676: [ParNew: 17782K->1124K(19008K), 0.0090757 secs] 78920K->62336K(120908K), 0.0097226 secs] [Times: user=0.02 sys=0.01, real=0.01 secs] 
Heap after GC invocations=486 (full 61):
 par new generation   total 19008K, used 1124K [0x00000000c2600000, 0x00000000c3aa0000, 0x00000000d6e00000)
  eden space 16896K,   0% used [0x00000000c2600000, 0x00000000c2600000, 0x00000000c3680000)
  from space 2112K,  53% used [0x00000000c3680000, 0x00000000c3799090, 0x00000000c3890000)
  to   space 2112K,   0% used [0x00000000c3890000, 0x00000000c3890000, 0x00000000c3aa0000)
 concurrent mark-sweep generation total 101900K, used 61212K [0x00000000d6e00000, 0x00000000dd183000, 0x0000000100000000)
 Metaspace       used 77761K, capacity 81294K, committed 81560K, reserved 1120256K
  class space    used 10095K, capacity 10777K, committed 10904K, reserved 1048576K
}
2022-08-07T09:29:37.751+0000: 39.695: Application time: 0.0096800 seconds
2022-08-07T09:29:37.751+0000: 39.696: [GC (CMS Initial Mark) [1 CMS-initial-mark: 61212K(101900K)] 64045K(120908K), 0.0069316 secs] [Times: user=0.00 sys=0.01, real=0.01 secs] 
2022-08-07T09:29:37.759+0000: 39.704: [CMS-concurrent-mark-start]
2022-08-07T09:29:37.767+0000: 39.712: Application time: 0.0084260 seconds
2022-08-07T09:29:37.919+0000: 39.864: Application time: 0.1513768 seconds
{Heap before GC invocations=486 (full 62):
 par new generation   total 19008K, used 18020K [0x00000000c2600000, 0x00000000c3aa0000, 0x00000000d6e00000)
  eden space 16896K, 100% used [0x00000000c2600000, 0x00000000c3680000, 0x00000000c3680000)
  from space 2112K,  53% used [0x00000000c3680000, 0x00000000c3799090, 0x00000000c3890000)
  to   space 2112K,   0% used [0x00000000c3890000, 0x00000000c3890000, 0x00000000c3aa0000)
 concurrent mark-sweep generation total 101900K, used 61212K [0x00000000d6e00000, 0x00000000dd183000, 0x0000000100000000)
 Metaspace       used 78181K, capacity 81728K, committed 82072K, reserved 1120256K
  class space    used 10160K, capacity 10814K, committed 10904K, reserved 1048576K
2022-08-07T09:29:37.920+0000: 39.864: [GC (Allocation Failure) 2022-08-07T09:29:37.920+0000: 39.865: [ParNew: 18020K->1382K(19008K), 0.0079477 secs] 79232K->62675K(120908K), 0.0087758 secs] [Times: user=0.02 sys=0.01, real=0.01 secs] 
Heap after GC invocations=487 (full 62):
 par new generation   total 19008K, used 1382K [0x00000000c2600000, 0x00000000c3aa0000, 0x00000000d6e00000)
  eden space 16896K,   0% used [0x00000000c2600000, 0x00000000c2600000, 0x00000000c3680000)
  from space 2112K,  65% used [0x00000000c3890000, 0x00000000c39e9b48, 0x00000000c3aa0000)
  to   space 2112K,   0% used [0x00000000c3680000, 0x00000000c3680000, 0x00000000c3890000)
 concurrent mark-sweep generation total 101900K, used 61292K [0x00000000d6e00000, 0x00000000dd183000, 0x0000000100000000)
 Metaspace       used 78181K, capacity 81728K, committed 82072K, reserved 1120256K
  class space    used 10160K, capacity 10814K, committed 10904K, reserved 1048576K
}
2022-08-07T09:29:37.955+0000: 39.900: [CMS-concurrent-mark: 0.186/0.196 secs] [Times: user=0.35 sys=0.11, real=0.19 secs] 
2022-08-07T09:29:37.955+0000: 39.900: [CMS-concurrent-preclean-start]
2022-08-07T09:29:37.966+0000: 39.910: Application time: 0.0364865 seconds
2022-08-07T09:29:37.970+0000: 39.915: Application time: 0.0033798 seconds
2022-08-07T09:29:37.974+0000: 39.919: Application time: 0.0038630 seconds
2022-08-07T09:29:37.976+0000: 39.921: Application time: 0.0019777 seconds
2022-08-07T09:29:37.988+0000: 39.933: [CMS-concurrent-preclean: 0.018/0.033 secs] [Times: user=0.05 sys=0.05, real=0.04 secs] 
2022-08-07T09:29:37.988+0000: 39.933: [CMS-concurrent-abortable-preclean-start]
2022-08-07T09:29:37.993+0000: 39.938: Application time: 0.0165716 seconds
2022-08-07T09:29:38.017+0000: 39.962: Application time: 0.0224476 seconds
2022-08-07T09:29:38.075+0000: 40.020: Application time: 0.0575911 seconds
2022-08-07T09:29:38.186+0000: 40.131: Application time: 0.1103279 seconds
2022-08-07T09:29:38.215+0000: 40.159: Application time: 0.0281807 seconds
{Heap before GC invocations=487 (full 62):
 par new generation   total 19008K, used 18278K [0x00000000c2600000, 0x00000000c3aa0000, 0x00000000d6e00000)
  eden space 16896K, 100% used [0x00000000c2600000, 0x00000000c3680000, 0x00000000c3680000)
  from space 2112K,  65% used [0x00000000c3890000, 0x00000000c39e9b48, 0x00000000c3aa0000)
  to   space 2112K,   0% used [0x00000000c3680000, 0x00000000c3680000, 0x00000000c3890000)
 concurrent mark-sweep generation total 101900K, used 61292K [0x00000000d6e00000, 0x00000000dd183000, 0x0000000100000000)
 Metaspace       used 79808K, capacity 83402K, committed 83480K, reserved 1122304K
  class space    used 10330K, capacity 11023K, committed 11032K, reserved 1048576K
2022-08-07T09:29:38.216+0000: 40.160: [GC (Allocation Failure) 2022-08-07T09:29:38.216+0000: 40.161: [ParNew: 18278K->2112K(19008K), 0.0141380 secs] 79571K->64529K(120908K), 0.0149968 secs] [Times: user=0.03 sys=0.00, real=0.02 secs] 
Heap after GC invocations=488 (full 62):
 par new generation   total 19008K, used 2112K [0x00000000c2600000, 0x00000000c3aa0000, 0x00000000d6e00000)
  eden space 16896K,   0% used [0x00000000c2600000, 0x00000000c2600000, 0x00000000c3680000)
  from space 2112K, 100% used [0x00000000c3680000, 0x00000000c3890000, 0x00000000c3890000)
  to   space 2112K,   0% used [0x00000000c3890000, 0x00000000c3890000, 0x00000000c3aa0000)
 concurrent mark-sweep generation total 101900K, used 62417K [0x00000000d6e00000, 0x00000000dd183000, 0x0000000100000000)
 Metaspace       used 79808K, capacity 83402K, committed 83480K, reserved 1122304K
  class space    used 10330K, capacity 11023K, committed 11032K, reserved 1048576K
}
2022-08-07T09:29:38.242+0000: 40.186: Application time: 0.0095144 seconds
2022-08-07T09:29:38.305+0000: 40.250: [CMS-concurrent-abortable-preclean: 0.093/0.317 secs] [Times: user=0.60 sys=0.16, real=0.31 secs] 
2022-08-07T09:29:38.306+0000: 40.251: Application time: 0.0634973 seconds
2022-08-07T09:29:38.306+0000: 40.251: [GC (CMS Final Remark) [YG occupancy: 14301 K (19008 K)]2022-08-07T09:29:38.307+0000: 40.252: [Rescan (parallel) , 0.0058400 secs]2022-08-07T09:29:38.313+0000: 40.258: [weak refs processing, 0.0004656 secs]2022-08-07T09:29:38.314+0000: 40.259: [class unloading, 0.0206339 secs]2022-08-07T09:29:38.335+0000: 40.280: [scrub symbol table, 0.0176355 secs]2022-08-07T09:29:38.353+0000: 40.298: [scrub string table, 0.0015408 secs][1 CMS-remark: 62417K(101900K)] 76718K(120908K), 0.0487525 secs] [Times: user=0.06 sys=0.01, real=0.05 secs] 
2022-08-07T09:29:38.356+0000: 40.301: [CMS-concurrent-sweep-start]
2022-08-07T09:29:38.386+0000: 40.331: [CMS-concurrent-sweep: 0.030/0.030 secs] [Times: user=0.09 sys=0.01, real=0.03 secs] 
2022-08-07T09:29:38.386+0000: 40.331: [CMS-concurrent-reset-start]
2022-08-07T09:29:38.387+0000: 40.332: [CMS-concurrent-reset: 0.001/0.001 secs] [Times: user=0.00 sys=0.01, real=0.01 secs] 
2022-08-07T09:29:38.392+0000: 40.337: Application time: 0.0365907 seconds
{Heap before GC invocations=488 (full 62):
 par new generation   total 19008K, used 19008K [0x00000000c2600000, 0x00000000c3aa0000, 0x00000000d6e00000)
  eden space 16896K, 100% used [0x00000000c2600000, 0x00000000c3680000, 0x00000000c3680000)
  from space 2112K, 100% used [0x00000000c3680000, 0x00000000c3890000, 0x00000000c3890000)
  to   space 2112K,   0% used [0x00000000c3890000, 0x00000000c3890000, 0x00000000c3aa0000)
 concurrent mark-sweep generation total 103960K, used 62374K [0x00000000d6e00000, 0x00000000dd386000, 0x0000000100000000)
 Metaspace       used 80092K, capacity 83684K, committed 83864K, reserved 1122304K
  class space    used 10369K, capacity 11054K, committed 11160K, reserved 1048576K
2022-08-07T09:29:38.393+0000: 40.338: [GC (Allocation Failure) 2022-08-07T09:29:38.393+0000: 40.338: [ParNew: 19008K->1961K(19008K), 0.0117116 secs] 81382K->66456K(122968K), 0.0126689 secs] [Times: user=0.03 sys=0.00, real=0.01 secs] 
Heap after GC invocations=489 (full 62):
 par new generation   total 19008K, used 1961K [0x00000000c2600000, 0x00000000c3aa0000, 0x00000000d6e00000)
  eden space 16896K,   0% used [0x00000000c2600000, 0x00000000c2600000, 0x00000000c3680000)
  from space 2112K,  92% used [0x00000000c3890000, 0x00000000c3a7a548, 0x00000000c3aa0000)
  to   space 2112K,   0% used [0x00000000c3680000, 0x00000000c3680000, 0x00000000c3890000)
 concurrent mark-sweep generation total 103960K, used 64495K [0x00000000d6e00000, 0x00000000dd386000, 0x0000000100000000)
 Metaspace       used 80092K, capacity 83684K, committed 83864K, reserved 1122304K
  class space    used 10369K, capacity 11054K, committed 11160K, reserved 1048576K
}
2022-08-07T09:29:38.407+0000: 40.352: Application time: 0.0007902 seconds
2022-08-07T09:29:38.408+0000: 40.352: [GC (CMS Initial Mark) [1 CMS-initial-mark: 64495K(103960K)] 66818K(122968K), 0.0029689 secs] [Times: user=0.00 sys=0.01, real=0.00 secs] 
2022-08-07T09:29:38.412+0000: 40.356: [CMS-concurrent-mark-start]
2022-08-07T09:29:38.546+0000: 40.491: [CMS-concurrent-mark: 0.134/0.134 secs] [Times: user=0.46 sys=0.04, real=0.13 secs] 
2022-08-07T09:29:38.547+0000: 40.492: [CMS-concurrent-preclean-start]
2022-08-07T09:29:38.558+0000: 40.503: [CMS-concurrent-preclean: 0.010/0.011 secs] [Times: user=0.03 sys=0.00, real=0.01 secs] 
2022-08-07T09:29:38.558+0000: 40.503: [CMS-concurrent-abortable-preclean-start]
2022-08-07T09:29:38.579+0000: 40.524: Application time: 0.1680184 seconds
{Heap before GC invocations=489 (full 63):
 par new generation   total 19008K, used 18857K [0x00000000c2600000, 0x00000000c3aa0000, 0x00000000d6e00000)
  eden space 16896K, 100% used [0x00000000c2600000, 0x00000000c3680000, 0x00000000c3680000)
  from space 2112K,  92% used [0x00000000c3890000, 0x00000000c3a7a548, 0x00000000c3aa0000)
  to   space 2112K,   0% used [0x00000000c3680000, 0x00000000c3680000, 0x00000000c3890000)
 concurrent mark-sweep generation total 103960K, used 64495K [0x00000000d6e00000, 0x00000000dd386000, 0x0000000100000000)
 Metaspace       used 80198K, capacity 83800K, committed 84120K, reserved 1122304K
  class space    used 10381K, capacity 11088K, committed 11160K, reserved 1048576K
2022-08-07T09:29:38.580+0000: 40.525: [GC (Allocation Failure) 2022-08-07T09:29:38.580+0000: 40.525: [ParNew: 18857K->1155K(19008K), 0.0043680 secs] 83352K->65650K(122968K), 0.0054110 secs] [Times: user=0.02 sys=0.00, real=0.00 secs] 
Heap after GC invocations=490 (full 63):
 par new generation   total 19008K, used 1155K [0x00000000c2600000, 0x00000000c3aa0000, 0x00000000d6e00000)
  eden space 16896K,   0% used [0x00000000c2600000, 0x00000000c2600000, 0x00000000c3680000)
  from space 2112K,  54% used [0x00000000c3680000, 0x00000000c37a0ca0, 0x00000000c3890000)
  to   space 2112K,   0% used [0x00000000c3890000, 0x00000000c3890000, 0x00000000c3aa0000)
 concurrent mark-sweep generation total 103960K, used 64495K [0x00000000d6e00000, 0x00000000dd386000, 0x0000000100000000)
 Metaspace       used 80198K, capacity 83800K, committed 84120K, reserved 1122304K
  class space    used 10381K, capacity 11088K, committed 11160K, reserved 1048576K
}
2022-08-07T09:29:38.751+0000: 40.696: [CMS-concurrent-abortable-preclean: 0.063/0.193 secs] [Times: user=0.40 sys=0.06, real=0.19 secs] 
2022-08-07T09:29:38.752+0000: 40.697: Application time: 0.1660440 seconds
2022-08-07T09:29:38.753+0000: 40.698: [GC (CMS Final Remark) [YG occupancy: 12642 K (19008 K)]2022-08-07T09:29:38.753+0000: 40.698: [Rescan (parallel) , 0.0084138 secs]2022-08-07T09:29:38.762+0000: 40.707: [weak refs processing, 0.0004775 secs]2022-08-07T09:29:38.763+0000: 40.707: [class unloading, 0.0296242 secs]2022-08-07T09:29:38.793+0000: 40.737: [scrub symbol table, 0.0297326 secs]2022-08-07T09:29:38.823+0000: 40.768: [scrub string table, 0.0016688 secs][1 CMS-remark: 64495K(103960K)] 77138K(122968K), 0.0722864 secs] [Times: user=0.16 sys=0.03, real=0.07 secs] 
2022-08-07T09:29:38.836+0000: 40.781: [CMS-concurrent-sweep-start]
2022-08-07T09:29:38.878+0000: 40.822: [CMS-concurrent-sweep: 0.042/0.042 secs] [Times: user=0.09 sys=0.05, real=0.05 secs] 
2022-08-07T09:29:38.879+0000: 40.824: [CMS-concurrent-reset-start]
2022-08-07T09:29:38.880+0000: 40.825: [CMS-concurrent-reset: 0.001/0.001 secs] [Times: user=0.00 sys=0.00, real=0.00 secs] 
2022-08-07T09:29:38.897+0000: 40.841: Application time: 0.0708651 seconds
{Heap before GC invocations=490 (full 63):
 par new generation   total 19008K, used 18051K [0x00000000c2600000, 0x00000000c3aa0000, 0x00000000d6e00000)
  eden space 16896K, 100% used [0x00000000c2600000, 0x00000000c3680000, 0x00000000c3680000)
  from space 2112K,  54% used [0x00000000c3680000, 0x00000000c37a0ca0, 0x00000000c3890000)
  to   space 2112K,   0% used [0x00000000c3890000, 0x00000000c3890000, 0x00000000c3aa0000)
 concurrent mark-sweep generation total 106884K, used 64129K [0x00000000d6e00000, 0x00000000dd661000, 0x0000000100000000)
 Metaspace       used 80586K, capacity 84178K, committed 84376K, reserved 1122304K
  class space    used 10439K, capacity 11151K, committed 11160K, reserved 1048576K
2022-08-07T09:29:38.897+0000: 40.842: [GC (Allocation Failure) 2022-08-07T09:29:38.897+0000: 40.842: [ParNew: 18051K->1688K(19008K), 0.0088145 secs] 82180K->65817K(125892K), 0.0097979 secs] [Times: user=0.02 sys=0.01, real=0.01 secs] 
Heap after GC invocations=491 (full 63):
 par new generation   total 19008K, used 1688K [0x00000000c2600000, 0x00000000c3aa0000, 0x00000000d6e00000)
  eden space 16896K,   0% used [0x00000000c2600000, 0x00000000c2600000, 0x00000000c3680000)
  from space 2112K,  79% used [0x00000000c3890000, 0x00000000c3a36248, 0x00000000c3aa0000)
  to   space 2112K,   0% used [0x00000000c3680000, 0x00000000c3680000, 0x00000000c3890000)
 concurrent mark-sweep generation total 106884K, used 64129K [0x00000000d6e00000, 0x00000000dd661000, 0x0000000100000000)
 Metaspace       used 80586K, capacity 84178K, committed 84376K, reserved 1122304K
  class space    used 10439K, capacity 11151K, committed 11160K, reserved 1048576K
}
2022-08-07T09:29:38.908+0000: 40.853: Application time: 0.0007364 seconds
2022-08-07T09:29:39.060+0000: 41.005: Application time: 0.1514017 seconds
{Heap before GC invocations=491 (full 63):
 par new generation   total 19008K, used 18584K [0x00000000c2600000, 0x00000000c3aa0000, 0x00000000d6e00000)
  eden space 16896K, 100% used [0x00000000c2600000, 0x00000000c3680000, 0x00000000c3680000)
  from space 2112K,  79% used [0x00000000c3890000, 0x00000000c3a36248, 0x00000000c3aa0000)
  to   space 2112K,   0% used [0x00000000c3680000, 0x00000000c3680000, 0x00000000c3890000)
 concurrent mark-sweep generation total 106884K, used 64129K [0x00000000d6e00000, 0x00000000dd661000, 0x0000000100000000)
 Metaspace       used 80993K, capacity 84562K, committed 84760K, reserved 1122304K
  class space    used 10505K, capacity 11215K, committed 11288K, reserved 1048576K
2022-08-07T09:29:39.061+0000: 41.006: [GC (Allocation Failure) 2022-08-07T09:29:39.062+0000: 41.006: [ParNew: 18584K->981K(19008K), 0.0046626 secs] 82713K->65201K(125892K), 0.0053161 secs] [Times: user=0.01 sys=0.00, real=0.01 secs] 
Heap after GC invocations=492 (full 63):
 par new generation   total 19008K, used 981K [0x00000000c2600000, 0x00000000c3aa0000, 0x00000000d6e00000)
  eden space 16896K,   0% used [0x00000000c2600000, 0x00000000c2600000, 0x00000000c3680000)
  from space 2112K,  46% used [0x00000000c3680000, 0x00000000c37755d8, 0x00000000c3890000)
  to   space 2112K,   0% used [0x00000000c3890000, 0x00000000c3890000, 0x00000000c3aa0000)
 concurrent mark-sweep generation total 106884K, used 64220K [0x00000000d6e00000, 0x00000000dd661000, 0x0000000100000000)
 Metaspace       used 80993K, capacity 84562K, committed 84760K, reserved 1122304K
  class space    used 10505K, capacity 11215K, committed 11288K, reserved 1048576K
}
2022-08-07T09:29:39.068+0000: 41.013: Application time: 0.0005517 seconds
2022-08-07T09:29:39.068+0000: 41.013: [GC (CMS Initial Mark) [1 CMS-initial-mark: 64220K(106884K)] 65560K(125892K), 0.0021555 secs] [Times: user=0.01 sys=0.00, real=0.00 secs] 
2022-08-07T09:29:39.071+0000: 41.016: [CMS-concurrent-mark-start]
2022-08-07T09:29:39.178+0000: 41.123: Application time: 0.1075105 seconds
{Heap before GC invocations=492 (full 64):
 par new generation   total 19008K, used 17877K [0x00000000c2600000, 0x00000000c3aa0000, 0x00000000d6e00000)
  eden space 16896K, 100% used [0x00000000c2600000, 0x00000000c3680000, 0x00000000c3680000)
  from space 2112K,  46% used [0x00000000c3680000, 0x00000000c37755d8, 0x00000000c3890000)
  to   space 2112K,   0% used [0x00000000c3890000, 0x00000000c3890000, 0x00000000c3aa0000)
 concurrent mark-sweep generation total 106884K, used 64220K [0x00000000d6e00000, 0x00000000dd661000, 0x0000000100000000)
 Metaspace       used 81267K, capacity 84830K, committed 85016K, reserved 1122304K
  class space    used 10539K, capacity 11219K, committed 11288K, reserved 1048576K
2022-08-07T09:29:39.183+0000: 41.128: [GC (Allocation Failure) 2022-08-07T09:29:39.184+0000: 41.128: [ParNew: 17877K->905K(19008K), 0.0052953 secs] 82097K->65125K(125892K), 0.0062100 secs] [Times: user=0.02 sys=0.00, real=0.01 secs] 
Heap after GC invocations=493 (full 64):
 par new generation   total 19008K, used 905K [0x00000000c2600000, 0x00000000c3aa0000, 0x00000000d6e00000)
  eden space 16896K,   0% used [0x00000000c2600000, 0x00000000c2600000, 0x00000000c3680000)
  from space 2112K,  42% used [0x00000000c3890000, 0x00000000c39726b8, 0x00000000c3aa0000)
  to   space 2112K,   0% used [0x00000000c3680000, 0x00000000c3680000, 0x00000000c3890000)
 concurrent mark-sweep generation total 106884K, used 64220K [0x00000000d6e00000, 0x00000000dd661000, 0x0000000100000000)
 Metaspace       used 81267K, capacity 84830K, committed 85016K, reserved 1122304K
  class space    used 10539K, capacity 11219K, committed 11288K, reserved 1048576K
}
2022-08-07T09:29:39.191+0000: 41.136: Application time: 0.0011628 seconds
2022-08-07T09:29:39.217+0000: 41.162: [CMS-concurrent-mark: 0.133/0.146 secs] [Times: user=0.48 sys=0.05, real=0.15 secs] 
2022-08-07T09:29:39.223+0000: 41.168: [CMS-concurrent-preclean-start]
2022-08-07T09:29:39.241+0000: 41.186: [CMS-concurrent-preclean: 0.011/0.018 secs] [Times: user=0.04 sys=0.01, real=0.02 secs] 
2022-08-07T09:29:39.255+0000: 41.200: [CMS-concurrent-abortable-preclean-start]
2022-08-07T09:29:39.290+0000: 41.235: Application time: 0.0975307 seconds
{Heap before GC invocations=493 (full 64):
 par new generation   total 19008K, used 17801K [0x00000000c2600000, 0x00000000c3aa0000, 0x00000000d6e00000)
  eden space 16896K, 100% used [0x00000000c2600000, 0x00000000c3680000, 0x00000000c3680000)
  from space 2112K,  42% used [0x00000000c3890000, 0x00000000c39726b8, 0x00000000c3aa0000)
  to   space 2112K,   0% used [0x00000000c3680000, 0x00000000c3680000, 0x00000000c3890000)
 concurrent mark-sweep generation total 106884K, used 64220K [0x00000000d6e00000, 0x00000000dd661000, 0x0000000100000000)
 Metaspace       used 81322K, capacity 84932K, committed 85016K, reserved 1122304K
  class space    used 10548K, capacity 11252K, committed 11288K, reserved 1048576K
2022-08-07T09:29:39.291+0000: 41.235: [GC (Allocation Failure) 2022-08-07T09:29:39.291+0000: 41.236: [ParNew: 17801K->1092K(19008K), 0.0057924 secs] 82021K->65312K(125892K), 0.0066324 secs] [Times: user=0.02 sys=0.00, real=0.01 secs] 
Heap after GC invocations=494 (full 64):
 par new generation   total 19008K, used 1092K [0x00000000c2600000, 0x00000000c3aa0000, 0x00000000d6e00000)
  eden space 16896K,   0% used [0x00000000c2600000, 0x00000000c2600000, 0x00000000c3680000)
  from space 2112K,  51% used [0x00000000c3680000, 0x00000000c37912e8, 0x00000000c3890000)
  to   space 2112K,   0% used [0x00000000c3890000, 0x00000000c3890000, 0x00000000c3aa0000)
 concurrent mark-sweep generation total 106884K, used 64220K [0x00000000d6e00000, 0x00000000dd661000, 0x0000000100000000)
 Metaspace       used 81322K, capacity 84932K, committed 85016K, reserved 1122304K
  class space    used 10548K, capacity 11252K, committed 11288K, reserved 1048576K
}
2022-08-07T09:29:39.338+0000: 41.282: [CMS-concurrent-abortable-preclean: 0.060/0.083 secs] [Times: user=0.24 sys=0.03, real=0.09 secs] 
2022-08-07T09:29:39.338+0000: 41.283: Application time: 0.0401529 seconds
2022-08-07T09:29:39.339+0000: 41.284: [GC (CMS Final Remark) [YG occupancy: 13543 K (19008 K)]2022-08-07T09:29:39.339+0000: 41.284: [Rescan (parallel) , 0.0047673 secs]2022-08-07T09:29:39.344+0000: 41.289: [weak refs processing, 0.0013444 secs]2022-08-07T09:29:39.346+0000: 41.291: [class unloading, 0.0167353 secs]2022-08-07T09:29:39.363+0000: 41.308: [scrub symbol table, 0.0196912 secs]2022-08-07T09:29:39.384+0000: 41.328: [scrub string table, 0.0012895 secs][1 CMS-remark: 64220K(106884K)] 77763K(125892K), 0.0465358 secs] [Times: user=0.09 sys=0.01, real=0.04 secs] 
2022-08-07T09:29:39.391+0000: 41.336: [CMS-concurrent-sweep-start]
2022-08-07T09:29:39.421+0000: 41.366: [CMS-concurrent-sweep: 0.030/0.030 secs] [Times: user=0.10 sys=0.00, real=0.03 secs] 
2022-08-07T09:29:39.423+0000: 41.367: [CMS-concurrent-reset-start]
2022-08-07T09:29:39.423+0000: 41.368: [CMS-concurrent-reset: 0.001/0.001 secs] [Times: user=0.00 sys=0.00, real=0.00 secs] 
2022-08-07T09:29:39.427+0000: 41.372: Application time: 0.0409992 seconds
{Heap before GC invocations=494 (full 64):
 par new generation   total 19008K, used 17988K [0x00000000c2600000, 0x00000000c3aa0000, 0x00000000d6e00000)
  eden space 16896K, 100% used [0x00000000c2600000, 0x00000000c3680000, 0x00000000c3680000)
  from space 2112K,  51% used [0x00000000c3680000, 0x00000000c37912e8, 0x00000000c3890000)
  to   space 2112K,   0% used [0x00000000c3890000, 0x00000000c3890000, 0x00000000c3aa0000)
 concurrent mark-sweep generation total 107076K, used 64200K [0x00000000d6e00000, 0x00000000dd691000, 0x0000000100000000)
 Metaspace       used 81346K, capacity 84878K, committed 85016K, reserved 1122304K
  class space    used 10546K, capacity 11243K, committed 11288K, reserved 1048576K
2022-08-07T09:29:39.428+0000: 41.372: [GC (Allocation Failure) 2022-08-07T09:29:39.429+0000: 41.373: [ParNew: 17988K->1409K(19008K), 0.0046712 secs] 82189K->65610K(126084K), 0.0060333 secs] [Times: user=0.02 sys=0.00, real=0.00 secs] 
Heap after GC invocations=495 (full 64):
 par new generation   total 19008K, used 1409K [0x00000000c2600000, 0x00000000c3aa0000, 0x00000000d6e00000)
  eden space 16896K,   0% used [0x00000000c2600000, 0x00000000c2600000, 0x00000000c3680000)
  from space 2112K,  66% used [0x00000000c3890000, 0x00000000c39f0510, 0x00000000c3aa0000)
  to   space 2112K,   0% used [0x00000000c3680000, 0x00000000c3680000, 0x00000000c3890000)
 concurrent mark-sweep generation total 107076K, used 64200K [0x00000000d6e00000, 0x00000000dd691000, 0x0000000100000000)
 Metaspace       used 81346K, capacity 84878K, committed 85016K, reserved 1122304K
  class space    used 10546K, capacity 11243K, committed 11288K, reserved 1048576K
}
2022-08-07T09:29:39.584+0000: 41.529: Application time: 0.1500664 seconds
{Heap before GC invocations=495 (full 64):
 par new generation   total 19008K, used 18305K [0x00000000c2600000, 0x00000000c3aa0000, 0x00000000d6e00000)
  eden space 16896K, 100% used [0x00000000c2600000, 0x00000000c3680000, 0x00000000c3680000)
  from space 2112K,  66% used [0x00000000c3890000, 0x00000000c39f0510, 0x00000000c3aa0000)
  to   space 2112K,   0% used [0x00000000c3680000, 0x00000000c3680000, 0x00000000c3890000)
 concurrent mark-sweep generation total 107076K, used 64200K [0x00000000d6e00000, 0x00000000dd691000, 0x0000000100000000)
 Metaspace       used 81561K, capacity 85106K, committed 85272K, reserved 1124352K
  class space    used 10569K, capacity 11253K, committed 11288K, reserved 1048576K
2022-08-07T09:29:39.585+0000: 41.530: [GC (Allocation Failure) 2022-08-07T09:29:39.586+0000: 41.530: [ParNew: 18305K->1901K(19008K), 0.0050260 secs] 82506K->66235K(126084K), 0.0058005 secs] [Times: user=0.01 sys=0.01, real=0.01 secs] 
Heap after GC invocations=496 (full 64):
 par new generation   total 19008K, used 1901K [0x00000000c2600000, 0x00000000c3aa0000, 0x00000000d6e00000)
  eden space 16896K,   0% used [0x00000000c2600000, 0x00000000c2600000, 0x00000000c3680000)
  from space 2112K,  90% used [0x00000000c3680000, 0x00000000c385b4b0, 0x00000000c3890000)
  to   space 2112K,   0% used [0x00000000c3890000, 0x00000000c3890000, 0x00000000c3aa0000)
 concurrent mark-sweep generation total 107076K, used 64334K [0x00000000d6e00000, 0x00000000dd691000, 0x0000000100000000)
 Metaspace       used 81561K, capacity 85106K, committed 85272K, reserved 1124352K
  class space    used 10569K, capacity 11253K, committed 11288K, reserved 1048576K
}
2022-08-07T09:29:39.592+0000: 41.537: Application time: 0.0002580 seconds
2022-08-07T09:29:39.593+0000: 41.537: [GC (CMS Initial Mark) [1 CMS-initial-mark: 64334K(107076K)] 66580K(126084K), 0.0029356 secs] [Times: user=0.00 sys=0.00, real=0.00 secs] 
2022-08-07T09:29:39.596+0000: 41.541: [CMS-concurrent-mark-start]
2022-08-07T09:29:39.677+0000: 41.621: Application time: 0.0806682 seconds
{Heap before GC invocations=496 (full 65):
 par new generation   total 19008K, used 18797K [0x00000000c2600000, 0x00000000c3aa0000, 0x00000000d6e00000)
  eden space 16896K, 100% used [0x00000000c2600000, 0x00000000c3680000, 0x00000000c3680000)
  from space 2112K,  90% used [0x00000000c3680000, 0x00000000c385b4b0, 0x00000000c3890000)
  to   space 2112K,   0% used [0x00000000c3890000, 0x00000000c3890000, 0x00000000c3aa0000)
 concurrent mark-sweep generation total 107076K, used 64334K [0x00000000d6e00000, 0x00000000dd691000, 0x0000000100000000)
 Metaspace       used 81655K, capacity 85202K, committed 85528K, reserved 1124352K
  class space    used 10583K, capacity 11285K, committed 11288K, reserved 1048576K
2022-08-07T09:29:39.677+0000: 41.622: [GC (Allocation Failure) 2022-08-07T09:29:39.678+0000: 41.623: [ParNew: 18797K->2023K(19008K), 0.0068500 secs] 83131K->66813K(126084K), 0.0086769 secs] [Times: user=0.02 sys=0.01, real=0.00 secs] 
Heap after GC invocations=497 (full 65):
 par new generation   total 19008K, used 2023K [0x00000000c2600000, 0x00000000c3aa0000, 0x00000000d6e00000)
  eden space 16896K,   0% used [0x00000000c2600000, 0x00000000c2600000, 0x00000000c3680000)
  from space 2112K,  95% used [0x00000000c3890000, 0x00000000c3a89c10, 0x00000000c3aa0000)
  to   space 2112K,   0% used [0x00000000c3680000, 0x00000000c3680000, 0x00000000c3890000)
 concurrent mark-sweep generation total 107076K, used 64790K [0x00000000d6e00000, 0x00000000dd691000, 0x0000000100000000)
 Metaspace       used 81655K, capacity 85202K, committed 85528K, reserved 1124352K
  class space    used 10583K, capacity 11285K, committed 11288K, reserved 1048576K
}
2022-08-07T09:29:39.687+0000: 41.631: Application time: 0.0003547 seconds
2022-08-07T09:29:39.712+0000: 41.657: Application time: 0.0251250 seconds
{Heap before GC invocations=497 (full 65):
 par new generation   total 19008K, used 18919K [0x00000000c2600000, 0x00000000c3aa0000, 0x00000000d6e00000)
  eden space 16896K, 100% used [0x00000000c2600000, 0x00000000c3680000, 0x00000000c3680000)
  from space 2112K,  95% used [0x00000000c3890000, 0x00000000c3a89c10, 0x00000000c3aa0000)
  to   space 2112K,   0% used [0x00000000c3680000, 0x00000000c3680000, 0x00000000c3890000)
 concurrent mark-sweep generation total 107076K, used 64790K [0x00000000d6e00000, 0x00000000dd691000, 0x0000000100000000)
 Metaspace       used 81661K, capacity 85202K, committed 85528K, reserved 1124352K
  class space    used 10584K, capacity 11285K, committed 11288K, reserved 1048576K
2022-08-07T09:29:39.713+0000: 41.658: [GC (Allocation Failure) 2022-08-07T09:29:39.714+0000: 41.658: [ParNew: 18919K->839K(19008K), 0.0139416 secs] 83709K->65919K(126084K), 0.0148560 secs] [Times: user=0.03 sys=0.00, real=0.02 secs] 
Heap after GC invocations=498 (full 65):
 par new generation   total 19008K, used 839K [0x00000000c2600000, 0x00000000c3aa0000, 0x00000000d6e00000)
  eden space 16896K,   0% used [0x00000000c2600000, 0x00000000c2600000, 0x00000000c3680000)
  from space 2112K,  39% used [0x00000000c3680000, 0x00000000c3751db8, 0x00000000c3890000)
  to   space 2112K,   0% used [0x00000000c3890000, 0x00000000c3890000, 0x00000000c3aa0000)
 concurrent mark-sweep generation total 107076K, used 65080K [0x00000000d6e00000, 0x00000000dd691000, 0x0000000100000000)
 Metaspace       used 81661K, capacity 85202K, committed 85528K, reserved 1124352K
  class space    used 10584K, capacity 11285K, committed 11288K, reserved 1048576K
}
2022-08-07T09:29:39.777+0000: 41.722: [CMS-concurrent-mark: 0.154/0.181 secs] [Times: user=0.50 sys=0.06, real=0.19 secs] 
2022-08-07T09:29:39.777+0000: 41.722: [CMS-concurrent-preclean-start]
2022-08-07T09:29:39.830+0000: 41.775: [CMS-concurrent-preclean: 0.035/0.053 secs] [Times: user=0.11 sys=0.03, real=0.05 secs] 
2022-08-07T09:29:39.842+0000: 41.787: Application time: 0.1133300 seconds
{Heap before GC invocations=498 (full 65):
 par new generation   total 19008K, used 17735K [0x00000000c2600000, 0x00000000c3aa0000, 0x00000000d6e00000)
  eden space 16896K, 100% used [0x00000000c2600000, 0x00000000c3680000, 0x00000000c3680000)
  from space 2112K,  39% used [0x00000000c3680000, 0x00000000c3751db8, 0x00000000c3890000)
  to   space 2112K,   0% used [0x00000000c3890000, 0x00000000c3890000, 0x00000000c3aa0000)
 concurrent mark-sweep generation total 107076K, used 65080K [0x00000000d6e00000, 0x00000000dd691000, 0x0000000100000000)
 Metaspace       used 81662K, capacity 85202K, committed 85528K, reserved 1124352K
  class space    used 10584K, capacity 11285K, committed 11288K, reserved 1048576K
2022-08-07T09:29:39.842+0000: 41.787: [GC (Allocation Failure) 2022-08-07T09:29:39.843+0000: 41.788: [ParNew: 17735K->701K(19008K), 0.0089074 secs] 82815K->65781K(126084K), 0.0097712 secs] [Times: user=0.02 sys=0.00, real=0.01 secs] 
Heap after GC invocations=499 (full 65):
 par new generation   total 19008K, used 701K [0x00000000c2600000, 0x00000000c3aa0000, 0x00000000d6e00000)
  eden space 16896K,   0% used [0x00000000c2600000, 0x00000000c2600000, 0x00000000c3680000)
  from space 2112K,  33% used [0x00000000c3890000, 0x00000000c393f580, 0x00000000c3aa0000)
  to   space 2112K,   0% used [0x00000000c3680000, 0x00000000c3680000, 0x00000000c3890000)
 concurrent mark-sweep generation total 107076K, used 65080K [0x00000000d6e00000, 0x00000000dd691000, 0x0000000100000000)
 Metaspace       used 81662K, capacity 85202K, committed 85528K, reserved 1124352K
  class space    used 10584K, capacity 11285K, committed 11288K, reserved 1048576K
}
2022-08-07T09:29:39.854+0000: 41.799: Application time: 0.0010179 seconds
2022-08-07T09:29:39.854+0000: 41.799: [GC (CMS Final Remark) [YG occupancy: 1060 K (19008 K)]2022-08-07T09:29:39.855+0000: 41.799: [Rescan (parallel) , 0.0122392 secs]2022-08-07T09:29:39.868+0000: 41.813: [weak refs processing, 0.0022782 secs]2022-08-07T09:29:39.871+0000: 41.816: [class unloading, 0.0241779 secs]2022-08-07T09:29:39.896+0000: 41.841: [scrub symbol table, 0.0354651 secs]2022-08-07T09:29:39.932+0000: 41.877: [scrub string table, 0.0021016 secs][1 CMS-remark: 65080K(107076K)] 66141K(126084K), 0.0806419 secs] [Times: user=0.13 sys=0.01, real=0.08 secs] 
2022-08-07T09:29:39.936+0000: 41.881: [CMS-concurrent-sweep-start]
2022-08-07T09:29:40.049+0000: 41.994: [CMS-concurrent-sweep: 0.112/0.113 secs] [Times: user=0.24 sys=0.07, real=0.12 secs] 
2022-08-07T09:29:40.049+0000: 41.994: [CMS-concurrent-reset-start]
2022-08-07T09:29:40.050+0000: 41.995: [CMS-concurrent-reset: 0.001/0.001 secs] [Times: user=0.00 sys=0.00, real=0.00 secs] 
2022-08-07T09:29:40.296+0000: 42.241: Application time: 0.3602186 seconds
{Heap before GC invocations=499 (full 65):
 par new generation   total 19008K, used 17597K [0x00000000c2600000, 0x00000000c3aa0000, 0x00000000d6e00000)
  eden space 16896K, 100% used [0x00000000c2600000, 0x00000000c3680000, 0x00000000c3680000)
  from space 2112K,  33% used [0x00000000c3890000, 0x00000000c393f580, 0x00000000c3aa0000)
  to   space 2112K,   0% used [0x00000000c3680000, 0x00000000c3680000, 0x00000000c3890000)
 concurrent mark-sweep generation total 108340K, used 65002K [0x00000000d6e00000, 0x00000000dd7cd000, 0x0000000100000000)
 Metaspace       used 81764K, capacity 85372K, committed 85656K, reserved 1124352K
  class space    used 10595K, capacity 11302K, committed 11416K, reserved 1048576K
2022-08-07T09:29:40.296+0000: 42.241: [GC (Allocation Failure) 2022-08-07T09:29:40.297+0000: 42.242: [ParNew: 17597K->2112K(19008K), 0.0185613 secs] 82599K->69374K(127348K), 0.0195772 secs] [Times: user=0.05 sys=0.01, real=0.02 secs] 
Heap after GC invocations=500 (full 65):
 par new generation   total 19008K, used 2112K [0x00000000c2600000, 0x00000000c3aa0000, 0x00000000d6e00000)
  eden space 16896K,   0% used [0x00000000c2600000, 0x00000000c2600000, 0x00000000c3680000)
  from space 2112K, 100% used [0x00000000c3680000, 0x00000000c3890000, 0x00000000c3890000)
  to   space 2112K,   0% used [0x00000000c3890000, 0x00000000c3890000, 0x00000000c3aa0000)
 concurrent mark-sweep generation total 108340K, used 67262K [0x00000000d6e00000, 0x00000000dd7cd000, 0x0000000100000000)
 Metaspace       used 81764K, capacity 85372K, committed 85656K, reserved 1124352K
  class space    used 10595K, capacity 11302K, committed 11416K, reserved 1048576K
}
2022-08-07T09:29:40.318+0000: 42.262: Application time: 0.0009388 seconds
2022-08-07T09:29:40.318+0000: 42.263: [GC (CMS Initial Mark) [1 CMS-initial-mark: 67262K(108340K)] 69746K(127348K), 0.0047013 secs] [Times: user=0.02 sys=0.00, real=0.00 secs] 
2022-08-07T09:29:40.324+0000: 42.269: [CMS-concurrent-mark-start]
2022-08-07T09:29:40.407+0000: 42.352: Application time: 0.0829274 seconds
{Heap before GC invocations=500 (full 66):
 par new generation   total 19008K, used 19008K [0x00000000c2600000, 0x00000000c3aa0000, 0x00000000d6e00000)
  eden space 16896K, 100% used [0x00000000c2600000, 0x00000000c3680000, 0x00000000c3680000)
  from space 2112K, 100% used [0x00000000c3680000, 0x00000000c3890000, 0x00000000c3890000)
  to   space 2112K,   0% used [0x00000000c3890000, 0x00000000c3890000, 0x00000000c3aa0000)
 concurrent mark-sweep generation total 108340K, used 67262K [0x00000000d6e00000, 0x00000000dd7cd000, 0x0000000100000000)
 Metaspace       used 81878K, capacity 85518K, committed 85656K, reserved 1124352K
  class space    used 10604K, capacity 11305K, committed 11416K, reserved 1048576K
2022-08-07T09:29:40.407+0000: 42.352: [GC (Allocation Failure) 2022-08-07T09:29:40.408+0000: 42.352: [ParNew: 19008K->1716K(19008K), 0.0215739 secs] 86270K->71122K(127348K), 0.0224756 secs] [Times: user=0.04 sys=0.00, real=0.02 secs] 
Heap after GC invocations=501 (full 66):
 par new generation   total 19008K, used 1716K [0x00000000c2600000, 0x00000000c3aa0000, 0x00000000d6e00000)
  eden space 16896K,   0% used [0x00000000c2600000, 0x00000000c2600000, 0x00000000c3680000)
  from space 2112K,  81% used [0x00000000c3890000, 0x00000000c3a3d2c0, 0x00000000c3aa0000)
  to   space 2112K,   0% used [0x00000000c3680000, 0x00000000c3680000, 0x00000000c3890000)
 concurrent mark-sweep generation total 108340K, used 69406K [0x00000000d6e00000, 0x00000000dd7cd000, 0x0000000100000000)
 Metaspace       used 81878K, capacity 85518K, committed 85656K, reserved 1124352K
  class space    used 10604K, capacity 11305K, committed 11416K, reserved 1048576K
}
2022-08-07T09:29:40.456+0000: 42.401: Application time: 0.0255958 seconds
{Heap before GC invocations=501 (full 66):
 par new generation   total 19008K, used 18612K [0x00000000c2600000, 0x00000000c3aa0000, 0x00000000d6e00000)
  eden space 16896K, 100% used [0x00000000c2600000, 0x00000000c3680000, 0x00000000c3680000)
  from space 2112K,  81% used [0x00000000c3890000, 0x00000000c3a3d2c0, 0x00000000c3aa0000)
  to   space 2112K,   0% used [0x00000000c3680000, 0x00000000c3680000, 0x00000000c3890000)
 concurrent mark-sweep generation total 108340K, used 69406K [0x00000000d6e00000, 0x00000000dd7cd000, 0x0000000100000000)
 Metaspace       used 81897K, capacity 85518K, committed 85656K, reserved 1124352K
  class space    used 10607K, capacity 11305K, committed 11416K, reserved 1048576K
2022-08-07T09:29:40.457+0000: 42.402: [GC (Allocation Failure) 2022-08-07T09:29:40.457+0000: 42.402: [ParNew: 18612K->340K(19008K), 0.0031846 secs] 88018K->69746K(127348K), 0.0040121 secs] [Times: user=0.01 sys=0.00, real=0.00 secs] 
Heap after GC invocations=502 (full 66):
 par new generation   total 19008K, used 340K [0x00000000c2600000, 0x00000000c3aa0000, 0x00000000d6e00000)
  eden space 16896K,   0% used [0x00000000c2600000, 0x00000000c2600000, 0x00000000c3680000)
  from space 2112K,  16% used [0x00000000c3680000, 0x00000000c36d5270, 0x00000000c3890000)
  to   space 2112K,   0% used [0x00000000c3890000, 0x00000000c3890000, 0x00000000c3aa0000)
 concurrent mark-sweep generation total 108340K, used 69406K [0x00000000d6e00000, 0x00000000dd7cd000, 0x0000000100000000)
 Metaspace       used 81897K, capacity 85518K, committed 85656K, reserved 1124352K
  class space    used 10607K, capacity 11305K, committed 11416K, reserved 1048576K
}
2022-08-07T09:29:40.492+0000: 42.437: Application time: 0.0298518 seconds
2022-08-07T09:29:40.492+0000: 42.437: Application time: 0.0003094 seconds
2022-08-07T09:29:40.493+0000: 42.438: Application time: 0.0003301 seconds
2022-08-07T09:29:40.495+0000: 42.439: Application time: 0.0008969 seconds
2022-08-07T09:29:40.499+0000: 42.444: Application time: 0.0034803 seconds
2022-08-07T09:29:40.500+0000: 42.445: Application time: 0.0005110 seconds
2022-08-07T09:29:40.500+0000: 42.445: Application time: 0.0001903 seconds
2022-08-07T09:29:40.511+0000: 42.456: [CMS-concurrent-mark: 0.156/0.187 secs] [Times: user=0.58 sys=0.05, real=0.19 secs] 
2022-08-07T09:29:40.512+0000: 42.457: [CMS-concurrent-preclean-start]
2022-08-07T09:29:40.536+0000: 42.481: Application time: 0.0351698 seconds
2022-08-07T09:29:40.546+0000: 42.491: Application time: 0.0093383 seconds
2022-08-07T09:29:40.546+0000: 42.491: Application time: 0.0001792 seconds
2022-08-07T09:29:40.549+0000: 42.494: [CMS-concurrent-preclean: 0.023/0.037 secs] [Times: user=0.10 sys=0.04, real=0.04 secs] 
2022-08-07T09:29:40.550+0000: 42.494: [CMS-concurrent-abortable-preclean-start]
2022-08-07T09:29:40.563+0000: 42.507: Application time: 0.0154147 seconds
{Heap before GC invocations=502 (full 66):
 par new generation   total 19008K, used 17236K [0x00000000c2600000, 0x00000000c3aa0000, 0x00000000d6e00000)
  eden space 16896K, 100% used [0x00000000c2600000, 0x00000000c3680000, 0x00000000c3680000)
  from space 2112K,  16% used [0x00000000c3680000, 0x00000000c36d5270, 0x00000000c3890000)
  to   space 2112K,   0% used [0x00000000c3890000, 0x00000000c3890000, 0x00000000c3aa0000)
 concurrent mark-sweep generation total 108340K, used 69406K [0x00000000d6e00000, 0x00000000dd7cd000, 0x0000000100000000)
 Metaspace       used 81993K, capacity 85612K, committed 85912K, reserved 1124352K
  class space    used 10621K, capacity 11310K, committed 11416K, reserved 1048576K
2022-08-07T09:29:40.563+0000: 42.508: [GC (Allocation Failure) 2022-08-07T09:29:40.564+0000: 42.508: [ParNew: 17236K->469K(19008K), 0.0040763 secs] 86642K->69876K(127348K), 0.0050813 secs] [Times: user=0.02 sys=0.00, real=0.01 secs] 
Heap after GC invocations=503 (full 66):
 par new generation   total 19008K, used 469K [0x00000000c2600000, 0x00000000c3aa0000, 0x00000000d6e00000)
  eden space 16896K,   0% used [0x00000000c2600000, 0x00000000c2600000, 0x00000000c3680000)
  from space 2112K,  22% used [0x00000000c3890000, 0x00000000c3905788, 0x00000000c3aa0000)
  to   space 2112K,   0% used [0x00000000c3680000, 0x00000000c3680000, 0x00000000c3890000)
 concurrent mark-sweep generation total 108340K, used 69406K [0x00000000d6e00000, 0x00000000dd7cd000, 0x0000000100000000)
 Metaspace       used 81993K, capacity 85612K, committed 85912K, reserved 1124352K
  class space    used 10621K, capacity 11310K, committed 11416K, reserved 1048576K
}
2022-08-07T09:29:40.623+0000: 42.568: Application time: 0.0539188 seconds
2022-08-07T09:29:40.678+0000: 42.623: Application time: 0.0541930 seconds
2022-08-07T09:29:40.696+0000: 42.641: [CMS-concurrent-abortable-preclean: 0.076/0.147 secs] [Times: user=0.37 sys=0.09, real=0.14 secs] 
2022-08-07T09:29:40.699+0000: 42.644: Application time: 0.0199334 seconds
2022-08-07T09:29:40.700+0000: 42.645: [GC (CMS Final Remark) [YG occupancy: 14553 K (19008 K)]2022-08-07T09:29:40.700+0000: 42.645: [Rescan (parallel) , 0.0228016 secs]2022-08-07T09:29:40.723+0000: 42.668: [weak refs processing, 0.0009528 secs]2022-08-07T09:29:40.725+0000: 42.670: [class unloading, 0.0321993 secs]2022-08-07T09:29:40.757+0000: 42.702: [scrub symbol table, 0.0290077 secs]2022-08-07T09:29:40.787+0000: 42.732: [scrub string table, 0.0014367 secs][1 CMS-remark: 69406K(108340K)] 83959K(127348K), 0.0888626 secs] [Times: user=0.10 sys=0.01, real=0.09 secs] 
2022-08-07T09:29:40.790+0000: 42.734: [CMS-concurrent-sweep-start]
2022-08-07T09:29:40.831+0000: 42.776: [CMS-concurrent-sweep: 0.042/0.042 secs] [Times: user=0.08 sys=0.02, real=0.04 secs] 
2022-08-07T09:29:40.832+0000: 42.777: [CMS-concurrent-reset-start]
2022-08-07T09:29:40.833+0000: 42.777: [CMS-concurrent-reset: 0.001/0.001 secs] [Times: user=0.00 sys=0.00, real=0.00 secs] 
2022-08-07T09:29:40.871+0000: 42.815: Application time: 0.0811308 seconds
{Heap before GC invocations=503 (full 66):
 par new generation   total 19008K, used 17365K [0x00000000c2600000, 0x00000000c3aa0000, 0x00000000d6e00000)
  eden space 16896K, 100% used [0x00000000c2600000, 0x00000000c3680000, 0x00000000c3680000)
  from space 2112K,  22% used [0x00000000c3890000, 0x00000000c3905788, 0x00000000c3aa0000)
  to   space 2112K,   0% used [0x00000000c3680000, 0x00000000c3680000, 0x00000000c3890000)
 concurrent mark-sweep generation total 111352K, used 66809K [0x00000000d6e00000, 0x00000000ddabe000, 0x0000000100000000)
 Metaspace       used 82460K, capacity 86096K, committed 86168K, reserved 1124352K
  class space    used 10682K, capacity 11384K, committed 11416K, reserved 1048576K
2022-08-07T09:29:40.873+0000: 42.817: [GC (Allocation Failure) 2022-08-07T09:29:40.874+0000: 42.819: [ParNew: 17365K->972K(19008K), 0.0075734 secs] 84175K->67782K(130360K), 0.0092208 secs] [Times: user=0.02 sys=0.00, real=0.01 secs] 
Heap after GC invocations=504 (full 66):
 par new generation   total 19008K, used 972K [0x00000000c2600000, 0x00000000c3aa0000, 0x00000000d6e00000)
  eden space 16896K,   0% used [0x00000000c2600000, 0x00000000c2600000, 0x00000000c3680000)
  from space 2112K,  46% used [0x00000000c3680000, 0x00000000c3773388, 0x00000000c3890000)
  to   space 2112K,   0% used [0x00000000c3890000, 0x00000000c3890000, 0x00000000c3aa0000)
 concurrent mark-sweep generation total 111352K, used 66809K [0x00000000d6e00000, 0x00000000ddabe000, 0x0000000100000000)
 Metaspace       used 82460K, capacity 86096K, committed 86168K, reserved 1124352K
  class space    used 10682K, capacity 11384K, committed 11416K, reserved 1048576K
}
2022-08-07T09:29:40.887+0000: 42.832: Application time: 0.0044099 seconds
2022-08-07T09:29:40.893+0000: 42.838: Application time: 0.0057466 seconds
2022-08-07T09:29:40.932+0000: 42.876: Application time: 0.0379019 seconds
2022-08-07T09:29:40.935+0000: 42.879: Application time: 0.0024889 seconds
2022-08-07T09:29:40.977+0000: 42.923: Application time: 0.0429564 seconds
2022-08-07T09:29:41.005+0000: 42.949: Application time: 0.0262893 seconds
{Heap before GC invocations=504 (full 66):
 par new generation   total 19008K, used 17868K [0x00000000c2600000, 0x00000000c3aa0000, 0x00000000d6e00000)
  eden space 16896K, 100% used [0x00000000c2600000, 0x00000000c3680000, 0x00000000c3680000)
  from space 2112K,  46% used [0x00000000c3680000, 0x00000000c3773388, 0x00000000c3890000)
  to   space 2112K,   0% used [0x00000000c3890000, 0x00000000c3890000, 0x00000000c3aa0000)
 concurrent mark-sweep generation total 111352K, used 66809K [0x00000000d6e00000, 0x00000000ddabe000, 0x0000000100000000)
 Metaspace       used 82919K, capacity 86560K, committed 86808K, reserved 1124352K
  class space    used 10742K, capacity 11452K, committed 11544K, reserved 1048576K
2022-08-07T09:29:41.005+0000: 42.950: [GC (Allocation Failure) 2022-08-07T09:29:41.006+0000: 42.950: [ParNew: 17868K->1131K(19008K), 0.0046804 secs] 84678K->67940K(130360K), 0.0056686 secs] [Times: user=0.02 sys=0.00, real=0.01 secs] 
Heap after GC invocations=505 (full 66):
 par new generation   total 19008K, used 1131K [0x00000000c2600000, 0x00000000c3aa0000, 0x00000000d6e00000)
  eden space 16896K,   0% used [0x00000000c2600000, 0x00000000c2600000, 0x00000000c3680000)
  from space 2112K,  53% used [0x00000000c3890000, 0x00000000c39aadc8, 0x00000000c3aa0000)
  to   space 2112K,   0% used [0x00000000c3680000, 0x00000000c3680000, 0x00000000c3890000)
 concurrent mark-sweep generation total 111352K, used 66809K [0x00000000d6e00000, 0x00000000ddabe000, 0x0000000100000000)
 Metaspace       used 82919K, capacity 86560K, committed 86808K, reserved 1124352K
  class space    used 10742K, capacity 11452K, committed 11544K, reserved 1048576K
}
2022-08-07T09:29:41.067+0000: 43.012: Application time: 0.0557934 seconds
{Heap before GC invocations=505 (full 66):
 par new generation   total 19008K, used 18027K [0x00000000c2600000, 0x00000000c3aa0000, 0x00000000d6e00000)
  eden space 16896K, 100% used [0x00000000c2600000, 0x00000000c3680000, 0x00000000c3680000)
  from space 2112K,  53% used [0x00000000c3890000, 0x00000000c39aadc8, 0x00000000c3aa0000)
  to   space 2112K,   0% used [0x00000000c3680000, 0x00000000c3680000, 0x00000000c3890000)
 concurrent mark-sweep generation total 111352K, used 66809K [0x00000000d6e00000, 0x00000000ddabe000, 0x0000000100000000)
 Metaspace       used 83355K, capacity 86976K, committed 87064K, reserved 1124352K
  class space    used 10791K, capacity 11484K, committed 11544K, reserved 1048576K
2022-08-07T09:29:41.068+0000: 43.013: [GC (Allocation Failure) 2022-08-07T09:29:41.069+0000: 43.014: [ParNew: 18027K->1584K(19008K), 0.0284339 secs] 84836K->68394K(130360K), 0.0306426 secs] [Times: user=0.06 sys=0.01, real=0.03 secs] 
Heap after GC invocations=506 (full 66):
 par new generation   total 19008K, used 1584K [0x00000000c2600000, 0x00000000c3aa0000, 0x00000000d6e00000)
  eden space 16896K,   0% used [0x00000000c2600000, 0x00000000c2600000, 0x00000000c3680000)
  from space 2112K,  75% used [0x00000000c3680000, 0x00000000c380c280, 0x00000000c3890000)
  to   space 2112K,   0% used [0x00000000c3890000, 0x00000000c3890000, 0x00000000c3aa0000)
 concurrent mark-sweep generation total 111352K, used 66809K [0x00000000d6e00000, 0x00000000ddabe000, 0x0000000100000000)
 Metaspace       used 83355K, capacity 86976K, committed 87064K, reserved 1124352K
  class space    used 10791K, capacity 11484K, committed 11544K, reserved 1048576K
}
2022-08-07T09:29:41.164+0000: 43.109: Application time: 0.0631593 seconds
{Heap before GC invocations=506 (full 66):
 par new generation   total 19008K, used 18480K [0x00000000c2600000, 0x00000000c3aa0000, 0x00000000d6e00000)
  eden space 16896K, 100% used [0x00000000c2600000, 0x00000000c3680000, 0x00000000c3680000)
  from space 2112K,  75% used [0x00000000c3680000, 0x00000000c380c280, 0x00000000c3890000)
  to   space 2112K,   0% used [0x00000000c3890000, 0x00000000c3890000, 0x00000000c3aa0000)
 concurrent mark-sweep generation total 111352K, used 66809K [0x00000000d6e00000, 0x00000000ddabe000, 0x0000000100000000)
 Metaspace       used 83728K, capacity 87456K, committed 87704K, reserved 1126400K
  class space    used 10844K, capacity 11580K, committed 11672K, reserved 1048576K
2022-08-07T09:29:41.165+0000: 43.109: [GC (Allocation Failure) 2022-08-07T09:29:41.165+0000: 43.110: [ParNew: 18480K->1392K(19008K), 0.0155279 secs] 85290K->68348K(130360K), 0.0161778 secs] [Times: user=0.05 sys=0.00, real=0.02 secs] 
Heap after GC invocations=507 (full 66):
 par new generation   total 19008K, used 1392K [0x00000000c2600000, 0x00000000c3aa0000, 0x00000000d6e00000)
  eden space 16896K,   0% used [0x00000000c2600000, 0x00000000c2600000, 0x00000000c3680000)
  from space 2112K,  65% used [0x00000000c3890000, 0x00000000c39ec078, 0x00000000c3aa0000)
  to   space 2112K,   0% used [0x00000000c3680000, 0x00000000c3680000, 0x00000000c3890000)
 concurrent mark-sweep generation total 111352K, used 66956K [0x00000000d6e00000, 0x00000000ddabe000, 0x0000000100000000)
 Metaspace       used 83728K, capacity 87456K, committed 87704K, reserved 1126400K
  class space    used 10844K, capacity 11580K, committed 11672K, reserved 1048576K
}
2022-08-07T09:29:41.182+0000: 43.127: Application time: 0.0005911 seconds
2022-08-07T09:29:41.182+0000: 43.127: [GC (CMS Initial Mark) [1 CMS-initial-mark: 66956K(111352K)] 68909K(130360K), 0.0048616 secs] [Times: user=0.01 sys=0.00, real=0.01 secs] 
2022-08-07T09:29:41.188+0000: 43.133: [CMS-concurrent-mark-start]
2022-08-07T09:29:41.194+0000: 43.139: Application time: 0.0059043 seconds
2022-08-07T09:29:41.196+0000: 43.140: Application time: 0.0014162 seconds
2022-08-07T09:29:41.198+0000: 43.143: Application time: 0.0020572 seconds
2022-08-07T09:29:41.237+0000: 43.182: Application time: 0.0385489 seconds
{Heap before GC invocations=507 (full 67):
 par new generation   total 19008K, used 18288K [0x00000000c2600000, 0x00000000c3aa0000, 0x00000000d6e00000)
  eden space 16896K, 100% used [0x00000000c2600000, 0x00000000c3680000, 0x00000000c3680000)
  from space 2112K,  65% used [0x00000000c3890000, 0x00000000c39ec078, 0x00000000c3aa0000)
  to   space 2112K,   0% used [0x00000000c3680000, 0x00000000c3680000, 0x00000000c3890000)
 concurrent mark-sweep generation total 111352K, used 66956K [0x00000000d6e00000, 0x00000000ddabe000, 0x0000000100000000)
 Metaspace       used 83784K, capacity 87520K, committed 87704K, reserved 1126400K
  class space    used 10851K, capacity 11580K, committed 11672K, reserved 1048576K
2022-08-07T09:29:41.238+0000: 43.183: [GC (Allocation Failure) 2022-08-07T09:29:41.239+0000: 43.184: [ParNew: 18288K->703K(19008K), 0.0077555 secs] 85244K->68096K(130360K), 0.0085482 secs] [Times: user=0.02 sys=0.00, real=0.01 secs] 
Heap after GC invocations=508 (full 67):
 par new generation   total 19008K, used 703K [0x00000000c2600000, 0x00000000c3aa0000, 0x00000000d6e00000)
  eden space 16896K,   0% used [0x00000000c2600000, 0x00000000c2600000, 0x00000000c3680000)
  from space 2112K,  33% used [0x00000000c3680000, 0x00000000c372fc60, 0x00000000c3890000)
  to   space 2112K,   0% used [0x00000000c3890000, 0x00000000c3890000, 0x00000000c3aa0000)
 concurrent mark-sweep generation total 111352K, used 67393K [0x00000000d6e00000, 0x00000000ddabe000, 0x0000000100000000)
 Metaspace       used 83784K, capacity 87520K, committed 87704K, reserved 1126400K
  class space    used 10851K, capacity 11580K, committed 11672K, reserved 1048576K
}
2022-08-07T09:29:41.318+0000: 43.263: [CMS-concurrent-mark: 0.119/0.130 secs] [Times: user=0.42 sys=0.05, real=0.13 secs] 
2022-08-07T09:29:41.318+0000: 43.263: [CMS-concurrent-preclean-start]
2022-08-07T09:29:41.342+0000: 43.287: Application time: 0.0942424 seconds
{Heap before GC invocations=508 (full 67):
 par new generation   total 19008K, used 17599K [0x00000000c2600000, 0x00000000c3aa0000, 0x00000000d6e00000)
  eden space 16896K, 100% used [0x00000000c2600000, 0x00000000c3680000, 0x00000000c3680000)
  from space 2112K,  33% used [0x00000000c3680000, 0x00000000c372fc60, 0x00000000c3890000)
  to   space 2112K,   0% used [0x00000000c3890000, 0x00000000c3890000, 0x00000000c3aa0000)
 concurrent mark-sweep generation total 111352K, used 67393K [0x00000000d6e00000, 0x00000000ddabe000, 0x0000000100000000)
 Metaspace       used 84102K, capacity 87854K, committed 87960K, reserved 1126400K
  class space    used 10895K, capacity 11623K, committed 11672K, reserved 1048576K
2022-08-07T09:29:41.342+0000: 43.287: [GC (Allocation Failure) 2022-08-07T09:29:41.345+0000: 43.290: [ParNew: 17599K->1188K(19008K), 0.0066921 secs] 84992K->68582K(130360K), 0.0100517 secs] [Times: user=0.03 sys=0.00, real=0.01 secs] 
Heap after GC invocations=509 (full 67):
 par new generation   total 19008K, used 1188K [0x00000000c2600000, 0x00000000c3aa0000, 0x00000000d6e00000)
  eden space 16896K,   0% used [0x00000000c2600000, 0x00000000c2600000, 0x00000000c3680000)
  from space 2112K,  56% used [0x00000000c3890000, 0x00000000c39b9318, 0x00000000c3aa0000)
  to   space 2112K,   0% used [0x00000000c3680000, 0x00000000c3680000, 0x00000000c3890000)
 concurrent mark-sweep generation total 111352K, used 67393K [0x00000000d6e00000, 0x00000000ddabe000, 0x0000000100000000)
 Metaspace       used 84102K, capacity 87854K, committed 87960K, reserved 1126400K
  class space    used 10895K, capacity 11623K, committed 11672K, reserved 1048576K
}
2022-08-07T09:29:41.369+0000: 43.313: Application time: 0.0153241 seconds
2022-08-07T09:29:41.374+0000: 43.319: Application time: 0.0049886 seconds
2022-08-07T09:29:41.416+0000: 43.361: [CMS-concurrent-preclean: 0.054/0.098 secs] [Times: user=0.20 sys=0.06, real=0.09 secs] 
2022-08-07T09:29:41.416+0000: 43.361: [CMS-concurrent-abortable-preclean-start]
2022-08-07T09:29:41.476+0000: 43.421: Application time: 0.0956458 seconds
{Heap before GC invocations=509 (full 67):
 par new generation   total 19008K, used 18084K [0x00000000c2600000, 0x00000000c3aa0000, 0x00000000d6e00000)
  eden space 16896K, 100% used [0x00000000c2600000, 0x00000000c3680000, 0x00000000c3680000)
  from space 2112K,  56% used [0x00000000c3890000, 0x00000000c39b9318, 0x00000000c3aa0000)
  to   space 2112K,   0% used [0x00000000c3680000, 0x00000000c3680000, 0x00000000c3890000)
 concurrent mark-sweep generation total 111352K, used 67393K [0x00000000d6e00000, 0x00000000ddabe000, 0x0000000100000000)
 Metaspace       used 84616K, capacity 88402K, committed 88600K, reserved 1126400K
  class space    used 10956K, capacity 11697K, committed 11800K, reserved 1048576K
2022-08-07T09:29:41.477+0000: 43.421: [GC (Allocation Failure) 2022-08-07T09:29:41.477+0000: 43.422: [ParNew: 18084K->1318K(19008K), 0.0071154 secs] 85478K->68712K(130360K), 0.0080136 secs] [Times: user=0.02 sys=0.00, real=0.00 secs] 
Heap after GC invocations=510 (full 67):
 par new generation   total 19008K, used 1318K [0x00000000c2600000, 0x00000000c3aa0000, 0x00000000d6e00000)
  eden space 16896K,   0% used [0x00000000c2600000, 0x00000000c2600000, 0x00000000c3680000)
  from space 2112K,  62% used [0x00000000c3680000, 0x00000000c37c9b60, 0x00000000c3890000)
  to   space 2112K,   0% used [0x00000000c3890000, 0x00000000c3890000, 0x00000000c3aa0000)
 concurrent mark-sweep generation total 111352K, used 67393K [0x00000000d6e00000, 0x00000000ddabe000, 0x0000000100000000)
 Metaspace       used 84616K, capacity 88402K, committed 88600K, reserved 1126400K
  class space    used 10956K, capacity 11697K, committed 11800K, reserved 1048576K
}
2022-08-07T09:29:41.508+0000: 43.453: Application time: 0.0229184 seconds
2022-08-07T09:29:41.527+0000: 43.471: [CMS-concurrent-abortable-preclean: 0.032/0.110 secs] [Times: user=0.21 sys=0.07, real=0.12 secs] 
2022-08-07T09:29:41.529+0000: 43.473: Application time: 0.0202259 seconds
2022-08-07T09:29:41.531+0000: 43.475: [GC (CMS Final Remark) [YG occupancy: 9943 K (19008 K)]2022-08-07T09:29:41.531+0000: 43.476: [Rescan (parallel) , 0.0047588 secs]2022-08-07T09:29:41.536+0000: 43.481: [weak refs processing, 0.0005743 secs]2022-08-07T09:29:41.537+0000: 43.482: [class unloading, 0.0206823 secs]2022-08-07T09:29:41.558+0000: 43.503: [scrub symbol table, 0.0213708 secs]2022-08-07T09:29:41.580+0000: 43.525: [scrub string table, 0.0015705 secs][1 CMS-remark: 67393K(111352K)] 77336K(130360K), 0.0579852 secs] [Times: user=0.09 sys=0.00, real=0.06 secs] 
2022-08-07T09:29:41.590+0000: 43.534: [CMS-concurrent-sweep-start]
2022-08-07T09:29:41.632+0000: 43.577: [CMS-concurrent-sweep: 0.042/0.042 secs] [Times: user=0.07 sys=0.02, real=0.04 secs] 
2022-08-07T09:29:41.632+0000: 43.577: [CMS-concurrent-reset-start]
2022-08-07T09:29:41.633+0000: 43.578: [CMS-concurrent-reset: 0.001/0.001 secs] [Times: user=0.00 sys=0.00, real=0.00 secs] 
2022-08-07T09:29:41.652+0000: 43.597: Application time: 0.0626787 seconds
2022-08-07T09:29:41.666+0000: 43.610: Application time: 0.0131862 seconds
2022-08-07T09:29:41.667+0000: 43.612: Application time: 0.0009454 seconds
{Heap before GC invocations=510 (full 67):
 par new generation   total 19008K, used 18214K [0x00000000c2600000, 0x00000000c3aa0000, 0x00000000d6e00000)
  eden space 16896K, 100% used [0x00000000c2600000, 0x00000000c3680000, 0x00000000c3680000)
  from space 2112K,  62% used [0x00000000c3680000, 0x00000000c37c9b60, 0x00000000c3890000)
  to   space 2112K,   0% used [0x00000000c3890000, 0x00000000c3890000, 0x00000000c3aa0000)
 concurrent mark-sweep generation total 111352K, used 56551K [0x00000000d6e00000, 0x00000000ddabe000, 0x0000000100000000)
 Metaspace       used 84951K, capacity 88742K, committed 89112K, reserved 1126400K
  class space    used 11002K, capacity 11729K, committed 11800K, reserved 1048576K
2022-08-07T09:29:41.667+0000: 43.612: [GC (Allocation Failure) 2022-08-07T09:29:41.668+0000: 43.612: [ParNew: 18214K->1176K(19008K), 0.0061976 secs] 74766K->57869K(130360K), 0.0070423 secs] [Times: user=0.01 sys=0.00, real=0.00 secs] 
Heap after GC invocations=511 (full 67):
 par new generation   total 19008K, used 1176K [0x00000000c2600000, 0x00000000c3aa0000, 0x00000000d6e00000)
  eden space 16896K,   0% used [0x00000000c2600000, 0x00000000c2600000, 0x00000000c3680000)
  from space 2112K,  55% used [0x00000000c3890000, 0x00000000c39b6228, 0x00000000c3aa0000)
  to   space 2112K,   0% used [0x00000000c3680000, 0x00000000c3680000, 0x00000000c3890000)
 concurrent mark-sweep generation total 111352K, used 56693K [0x00000000d6e00000, 0x00000000ddabe000, 0x0000000100000000)
 Metaspace       used 84951K, capacity 88742K, committed 89112K, reserved 1126400K
  class space    used 11002K, capacity 11729K, committed 11800K, reserved 1048576K
}
2022-08-07T09:29:42.130+0000: 44.074: Application time: 0.4547842 seconds
2022-08-07T09:29:42.130+0000: 44.075: Application time: 0.0001958 seconds
2022-08-07T09:29:42.135+0000: 44.080: Application time: 0.0051679 seconds
2022-08-07T09:29:42.154+0000: 44.098: Application time: 0.0161692 seconds
2022-08-07T09:29:42.158+0000: 44.105: Application time: 0.0060514 seconds
2022-08-07T09:29:42.161+0000: 44.106: Application time: 0.0004980 seconds
2022-08-07T09:29:42.163+0000: 44.108: Application time: 0.0006383 seconds
2022-08-07T09:29:42.164+0000: 44.108: Application time:: 128.363: Application time: 1.0004876 seconds
2022-08-07T09:29:29.853+0000: 129.363: Application time: 1.0002005 seconds
2022-08-07T09:29:33.854+0000: 133.365: Application time: 4.0008590 seconds
2022-08-07T09:29:34.854+0000: 134.365: Application time: 1.0001921 seconds
2022-08-07T09:29:37.325+0000: 136.835: Application time: 2.4700016 seconds
2022-08-07T09:29:38.326+0000: 137.836: Application time: 1.0004536 seconds
2022-08-07T09:29:39.326+0000: 138.837: Application time: 1.0002802 seconds
2022-08-07T09:29:39.685+0000: 139.196: Application time: 0.3589600 seconds
2022-08-07T09:29:41.689+0000: 141.199: Application time: 2.0029682 seconds
2022-08-07T09:29:43.689+0000: 143.200: Application time: 2.0003276 seconds
2022-08-07T09:29:44.690+0000: 144.200: Application time: 1.0002392 seconds
2022-08-07T09:29:45.690+0000: 145.201: Application time: 1.0003388 seconds
2022-08-07T09:29:47.305+0000: 146.849: Application time: 1.6478179 seconds
2022-08-07T09:29:48.308+0000: 147.852: Application time: 1.0023733 seconds
2022-08-07T09:29:55.309+0000: 154.854: Application time: 7.0020261 seconds
2022-08-07T09:29:56.292+0000: 155.837: Application time: 0.9821529 seconds
2022-08-07T09:29:56.309+0000: 155.853: Application time: 0.0164391 seconds
2022-08-07T09:29:57.310+0000: 156.854: Application time: 1.0003006 seconds
2022-08-07T09:29:57.348+0000: 156.892: Application time: 0.0383364 seconds
2022-08-07T09:29:58.352+0000: 157.896: Application time: 1.0036852 seconds
2022-08-07T09:29:59.353+0000: 158.897: Application time: 1.0001866 seconds
2022-08-07T09:30:01.019+0000: 160.563: Application time: 1.6657091 seconds
2022-08-07T09:30:01.026+0000: 160.570: Application time: 0.0036773 seconds
{Heap before GC invocations=526 (full 47):
 par new generation   total 19008K, used 18553K [0x00000000c2600000, 0x00000000c3aa0000, 0x00000000d6e00000)
  eden space 16896K, 100% used [0x00000000c2600000, 0x00000000c3680000, 0x00000000c3680000)
  from space 2112K,  78% used [0x00000000c3680000, 0x00000000c381e638, 0x00000000c3890000)
  to   space 2112K,   0% used [0x00000000c3890000, 0x00000000c3890000, 0x00000000c3aa0000)
 concurrent mark-sweep generation total 116648K, used 59863K [0x00000000d6e00000, 0x00000000ddfea000, 0x0000000100000000)
 Metaspace       used 88211K, capacity 92081K, committed 92364K, reserved 1130496K
  class space    used 11401K, capacity 12135K, committed 12236K, reserved 1048576K
2022-08-07T09:30:01.028+0000: 160.572: [GC (Allocation Failure) 2022-08-07T09:30:01.028+0000: 160.572: [ParNew: 18553K->933K(19008K), 0.0061935 secs] 78416K->60796K(135656K), 0.0068251 secs] [Times: user=0.01 sys=0.00, real=0.01 secs] 
Heap after GC invocations=527 (full 47):
 par new generation   total 19008K, used 933K [0x00000000c2600000, 0x00000000c3aa0000, 0x00000000d6e00000)
  eden space 16896K,   0% used [0x00000000c2600000, 0x00000000c2600000, 0x00000000c3680000)
  from space 2112K,  44% used [0x00000000c3890000, 0x00000000c3979608, 0x00000000c3aa0000)
  to   space 2112K,   0% used [0x00000000c3680000, 0x00000000c3680000, 0x00000000c3890000)
 concurrent mark-sweep generation total 116648K, used 59863K [0x00000000d6e00000, 0x00000000ddfea000, 0x0000000100000000)
 Metaspace       used 88211K, capacity 92081K, committed 92364K, reserved 1130496K
  class space    used 11401K, capacity 12135K, committed 12236K, reserved 1048576K
}
2022-08-07T09:30:01.045+0000: 160.589: Application time: 0.0098157 seconds
2022-08-07T09:30:01.045+0000: 160.590: Application time: 0.0002337 seconds
2022-08-07T09:30:02.046+0000: 161.590: Application time: 1.0004067 seconds
2022-08-07T09:30:02.049+0000: 161.594: Application time: 0.0030035 seconds
2022-08-07T09:30:02.050+0000: 161.598: Application time: 0.0041620 seconds
2022-08-07T09:30:02.058+0000: 161.602: Application time: 0.0043719 seconds
2022-08-07T09:30:03.059+0000: 162.603: Application time: 1.0002795 seconds
2022-08-07T09:30:08.060+0000: 167.604: Application time: 5.0009940 seconds
2022-08-07T09:30:08.064+0000: 167.608: Application time: 0.0037919 seconds
2022-08-07T09:30:09.065+0000: 168.609: Application time: 1.0002473 seconds
2022-08-07T09:30:10.076+0000: 169.620: Application time: 1.0104570 seconds
2022-08-07T09:30:12.076+0000: 171.620: Application time: 2.0004125 seconds
2022-08-07T09:30:16.077+0000: 175.621: Application time: 4.0006401 seconds
2022-08-07T09:30:17.626+0000: 177.204: Application time: 1.5827451 seconds
2022-08-07T09:30:23.628+0000: 183.206: Application time: 6.0017068 seconds
2022-08-07T09:30:26.630+0000: 186.208: Application time: 3.0016792 seconds
2022-08-07T09:30:27.389+0000: 186.966: Application time: 0.7580501 seconds
2022-08-07T09:30:28.389+0000: 187.967: Application time: 1.0001569 seconds
2022-08-07T09:30:32.398+0000: 191.976: Application time: 4.0090792 seconds
2022-08-07T09:30:36.399+0000: 195.977: Application time: 4.0007706 seconds
2022-08-07T09:30:37.407+0000: 196.985: Application time: 1.0078060 seconds
2022-08-07T09:30:37.419+0000: 196.997: Application time: 0.0111128 seconds
2022-08-07T09:30:38.419+0000: 197.997: Application time: 1.0002419 seconds
2022-08-07T09:30:39.420+0000: 198.998: Application time: 1.0002165 seconds
2022-08-07T09:30:40.420+0000: 199.998: Application time: 1.0002572 seconds
2022-08-07T09:30:41.421+0000: 200.999: Application time: 1.0002598 seconds
2022-08-07T09:30:43.423+0000: 203.001: Application time: 2.0023788 seconds
2022-08-07T09:30:45.424+0000: 205.002: Application time: 2.0006676 seconds
2022-08-07T09:30:46.425+0000: 206.003: Application time: 1.0002866 seconds
2022-08-07T09:30:47.335+0000: 206.946: Application time: 0.9433636 seconds
{Heap before GC invocations=527 (full 47):
 par new generation   total 19008K, used 17829K [0x00000000c2600000, 0x00000000c3aa0000, 0x00000000d6e00000)
  eden space 16896K, 100% used [0x00000000c2600000, 0x00000000c3680000, 0x00000000c3680000)
  from space 2112K,  44% used [0x00000000c3890000, 0x00000000c3979608, 0x00000000c3aa0000)
  to   space 2112K,   0% used [0x00000000c3680000, 0x00000000c3680000, 0x00000000c3890000)
 concurrent mark-sweep generation total 116648K, used 59863K [0x00000000d6e00000, 0x00000000ddfea000, 0x0000000100000000)
 Metaspace       used 88565K, capacity 92443K, committed 92620K, reserved 1130496K
  class space    used 11404K, capacity 12140K, committed 12236K, reserved 1048576K
2022-08-07T09:30:47.336+0000: 206.948: [GC (Allocation Failure) 2022-08-07T09:30:47.336+0000: 206.948: [ParNew: 17829K->753K(19008K), 0.0041639 secs] 77692K->60616K(135656K), 0.0048779 secs] [Times: user=0.01 sys=0.00, real=0.00 secs] 
Heap after GC invocations=528 (full 47):
 par new generation   total 19008K, used 753K [0x00000000c2600000, 0x00000000c3aa0000, 0x00000000d6e00000)
  eden space 16896K,   0% used [0x00000000c2600000, 0x00000000c2600000, 0x00000000c3680000)
  from space 2112K,  35% used [0x00000000c3680000, 0x00000000c373c6b8, 0x00000000c3890000)
  to   space 2112K,   0% used [0x00000000c3890000, 0x00000000c3890000, 0x00000000c3aa0000)
 concurrent mark-sweep generation total 116648K, used 59863K [0x00000000d6e00000, 0x00000000ddfea000, 0x0000000100000000)
 Metaspace       used 88565K, capacity 92443K, committed 92620K, reserved 1130496K
  class space    used 11404K, capacity 12140K, committed 12236K, reserved 1048576K
}
2022-08-07T09:30:48.342+0000: 207.953: Application time: 1.0003173 seconds
2022-08-07T09:30:48.428+0000: 208.039: Application time: 0.0858961 seconds
2022-08-07T09:30:53.437+0000: 213.048: Application time: 5.0085762 seconds
2022-08-07T09:30:54.437+0000: 214.049: Application time: 1.0002909 seconds
2022-08-07T09:30:56.438+0000: 216.050: Application time: 2.0005612 seconds
2022-08-07T09:30:57.438+0000: 217.050: Application time: 1.0002104 seconds
2022-08-07T09:30:58.472+0000: 218.084: Application time: 1.0329177 seconds
2022-08-07T09:31:00.473+0000: 220.085: Application time: 2.0004716 seconds
2022-08-07T09:31:01.473+0000: 221.085: Application time: 1.0002565 seconds
2022-08-07T09:31:03.475+0000: 223.087: Application time: 2.0010441 seconds
2022-08-07T09:31:06.476+0000: 226.088: Application time: 3.0007774 seconds
2022-08-07T09:31:07.480+0000: 227.092: Application time: 1.0041411 seconds
{Heap before GC invocations=528 (full 47):
 par new generation   total 19008K, used 17649K [0x00000000c2600000, 0x00000000c3aa0000, 0x00000000d6e00000)
  eden space 16896K, 100% used [0x00000000c2600000, 0x00000000c3680000, 0x00000000c3680000)
  from space 2112K,  35% used [0x00000000c3680000, 0x00000000c373c6b8, 0x00000000c3890000)
  to   space 2112K,   0% used [0x00000000c3890000, 0x00000000c3890000, 0x00000000c3aa0000)
 concurrent mark-sweep generation total 116648K, used 59863K [0x00000000d6e00000, 0x00000000ddfea000, 0x0000000100000000)
 Metaspace       used 88623K, capacity 92507K, committed 92876K, reserved 1130496K
  class space    used 11407K, capacity 12140K, committed 12236K, reserved 1048576K
2022-08-07T09:31:07.481+0000: 227.093: [GC (Allocation Failure) 2022-08-07T09:31:07.482+0000: 227.093: [ParNew: 17649K->1000K(19008K), 0.0044650 secs] 77512K->60863K(135656K), 0.0052669 secs] [Times: user=0.00 sys=0.00, real=0.01 secs] 
Heap after GC invocations=529 (full 47):
 par new generation   total 19008K, used 1000K [0x00000000c2600000, 0x00000000c3aa0000, 0x00000000d6e00000)
  eden space 16896K,   0% used [0x00000000c2600000, 0x00000000c2600000, 0x00000000c3680000)
  from space 2112K,  47% used [0x00000000c3890000, 0x00000000c398a0e8, 0x00000000c3aa0000)
  to   space 2112K,   0% used [0x00000000c3680000, 0x00000000c3680000, 0x00000000c3890000)
 concurrent mark-sweep generation total 116648K, used 59863K [0x00000000d6e00000, 0x00000000ddfea000, 0x0000000100000000)
 Metaspace       used 88623K, capacity 92507K, committed 92876K, reserved 1130496K
  class space    used 11407K, capacity 12140K, committed 12236K, reserved 1048576K
}
2022-08-07T09:31:08.488+0000: 228.099: Application time: 1.0004292 seconds
2022-08-07T09:31:09.488+0000: 229.100: Application time: 1.0002956 seconds
2022-08-07T09:31:10.489+0000: 230.100: Application time: 1.0004675 seconds
2022-08-07T09:31:11.489+0000: 231.101: Application time: 1.0002454 seconds
2022-08-07T09:31:13.478+0000: 233.090: Application time: 1.9892665 seconds
2022-08-07T09:31:18.437+0000: 238.091: Application time: 5.0009464 seconds
2022-08-07T09:31:19.437+0000: 239.092: Application time: 1.0004770 seconds
2022-08-07T09:31:20.438+0000: 240.093: Application time: 1.0002373 seconds
2022-08-07T09:31:21.438+0000: 241.093: Application time: 1.0003644 seconds
2022-08-07T09:31:22.439+0000: 242.094: Application time: 1.0002689 seconds
2022-08-07T09:31:23.439+0000: 243.094: Application time: 1.0001632 seconds
2022-08-07T09:31:24.440+0000: 244.094: Application time: 1.0002574 seconds
2022-08-07T09:31:26.226+0000: 245.881: Application time: 1.7858626 seconds
2022-08-07T09:31:27.227+0000: 246.882: Application time: 1.0014499 seconds
2022-08-07T09:31:28.228+0000: 247.883: Application time: 1.0002736 seconds
2022-08-07T09:31:29.229+0000: 248.883: Application time: 1.0004718 seconds
2022-08-07T09:31:33.231+0000: 252.886: Application time: 4.0021815 seconds
2022-08-07T09:31:34.232+0000: 253.886: Application time: 1.0002846 seconds
2022-08-07T09:31:38.234+0000: 257.889: Application time: 4.0023288 seconds
2022-08-07T09:31:39.234+0000: 258.889: Application time: 1.0001948 seconds
2022-08-07T09:31:40.236+0000: 259.890: Application time: 1.0008830 seconds
2022-08-07T09:31:41.236+0000: 260.891: Application time: 1.0002529 seconds
2022-08-07T09:31:42.237+0000: 261.892: Application time: 1.0011086 seconds
2022-08-07T09:31:46.239+0000: 265.893: Application time: 4.0010528 seconds
2022-08-07T09:31:53.534+0000: 273.225: Application time: 7.3310475 seconds
2022-08-07T09:31:54.535+0000: 274.226: Application time: 1.0006718 seconds
2022-08-07T09:31:57.536+0000: 277.227: Application time: 3.0011088 seconds
2022-08-07T09:32:00.537+0000: 280.228: Application time: 3.0007528 seconds
2022-08-07T09:32:01.009+0000: 280.699: Application time: 0.4707657 seconds
{Heap before GC invocations=529 (full 47):
 par new generation   total 19008K, used 17896K [0x00000000c2600000, 0x00000000c3aa0000, 0x00000000d6e00000)
  eden space 16896K, 100% used [0x00000000c2600000, 0x00000000c3680000, 0x00000000c3680000)
  from space 2112K,  47% used [0x00000000c3890000, 0x00000000c398a0e8, 0x00000000c3aa0000)
  to   space 2112K,   0% used [0x00000000c3680000, 0x00000000c3680000, 0x00000000c3890000)
 concurrent mark-sweep generation total 116648K, used 59863K [0x00000000d6e00000, 0x00000000ddfea000, 0x0000000100000000)
 Metaspace       used 88809K, capacity 92681K, committed 92876K, reserved 1130496K
  class space    used 11412K, capacity 12147K, committed 12236K, reserved 1048576K
2022-08-07T09:32:01.011+0000: 280.701: [GC (Allocation Failure) 2022-08-07T09:32:01.011+0000: 280.702: [ParNew: 17896K->1196K(19008K), 0.0051144 secs] 77759K->61059K(135656K), 0.0060442 secs] [Times: user=0.01 sys=0.00, real=0.01 secs] 
Heap after GC invocations=530 (full 47):
 par new generation   total 19008K, used 1196K [0x00000000c2600000, 0x00000000c3aa0000, 0x00000000d6e00000)
  eden space 16896K,   0% used [0x00000000c2600000, 0x00000000c2600000, 0x00000000c3680000)
  from space 2112K,  56% used [0x00000000c3680000, 0x00000000c37ab118, 0x00000000c3890000)
  to   space 2112K,   0% used [0x00000000c3890000, 0x00000000c3890000, 0x00000000c3aa0000)
 concurrent mark-sweep generation total 116648K, used 59863K [0x00000000d6e00000, 0x00000000ddfea000, 0x0000000100000000)
 Metaspace       used 88809K, capacity 92681K, committed 92876K, reserved 1130496K
  class space    used 11412K, capacity 12147K, committed 12236K, reserved 1048576K
}
2022-08-07T09:32:02.018+0000: 281.708: Application time: 1.0003233 seconds
2022-08-07T09:32:02.047+0000: 281.737: Application time: 0.0283732 seconds
2022-08-07T09:32:02.053+0000: 281.744: Application time: 0.0063762 seconds
2022-08-07T09:32:04.054+0000: 283.744: Application time: 2.0005371 seconds
2022-08-07T09:32:07.591+0000: 287.281: Application time: 3.5369514 seconds
2022-08-07T09:32:08.592+0000: 288.282: Application time: 1.0004593 seconds
2022-08-07T09:32:09.592+0000: 289.283: Application time: 1.0003158 seconds
2022-08-07T09:32:11.595+0000: 291.285: Application time: 2.0020688 seconds
2022-08-07T09:32:12.596+0000: 292.286: Application time: 1.0007030 seconds
2022-08-07T09:32:13.596+0000: 293.287: Application time: 1.0002992 seconds
2022-08-07T09:32:14.597+0000: 294.287: Application time: 1.0002120 seconds
2022-08-07T09:32:17.535+0000: 297.260: Application time: 2.9725504 seconds
2022-08-07T09:32:18.536+0000: 298.261: Application time: 1.0002954 seconds
2022-08-07T09:32:24.538+0000: 304.262: Application time: 6.0016659 seconds
2022-08-07T09:32:26.539+0000: 306.263: Application time: 2.0005774 seconds
2022-08-07T09:32:27.693+0000: 307.417: Application time: 1.1541049 seconds
2022-08-07T09:32:30.694+0000: 310.418: Application time: 3.0005989 seconds
2022-08-07T09:32:33.695+0000: 313.419: Application time: 3.0006241 seconds
2022-08-07T09:32:36.590+0000: 316.315: Application time: 2.8958691 seconds
{Heap before GC invocations=530 (full 47):
 par new generation   total 19008K, used 18092K [0x00000000c2600000, 0x00000000c3aa0000, 0x00000000d6e00000)
  eden space 16896K, 100% used [0x00000000c2600000, 0x00000000c3680000, 0x00000000c3680000)
  from space 2112K,  56% used [0x00000000c3680000, 0x00000000c37ab118, 0x00000000c3890000)
  to   space 2112K,   0% used [0x00000000c3890000, 0x00000000c3890000, 0x00000000c3aa0000)
 concurrent mark-sweep generation total 116648K, used 59863K [0x00000000d6e00000, 0x00000000ddfea000, 0x0000000100000000)
 Metaspace       used 88941K, capacity 92921K, committed 93132K, reserved 1130496K
  class space    used 11422K, capacity 12165K, committed 12236K, reserved 1048576K
2022-08-07T09:32:36.591+0000: 316.316: [GC (Allocation Failure) 2022-08-07T09:32:36.592+0000: 316.316: [ParNew: 18092K->1353K(19008K), 0.0079305 secs] 77955K->61217K(135656K), 0.0085820 secs] [Times: user=0.01 sys=0.00, real=0.01 secs] 
Heap after GC invocations=531 (full 47):
 par new generation   total 19008K, used 1353K [0x00000000c2600000, 0x00000000c3aa0000, 0x00000000d6e00000)
  eden space 16896K,   0% used [0x00000000c2600000, 0x00000000c2600000, 0x00000000c3680000)
  from space 2112K,  64% used [0x00000000c3890000, 0x00000000c39e2788, 0x00000000c3aa0000)
  to   space 2112K,   0% used [0x00000000c3680000, 0x00000000c3680000, 0x00000000c3890000)
 concurrent mark-sweep generation total 116648K, used 59863K [0x00000000d6e00000, 0x00000000ddfea000, 0x0000000100000000)
 Metaspace       used 88941K, capacity 92921K, committed 93132K, reserved 1130496K
  class space    used 11422K, capacity 12165K, committed 12236K, reserved 1048576K
}
2022-08-07T09:32:37.581+0000: 317.305: Application time: 0.9801253 seconds
2022-08-07T09:32:38.582+0000: 318.306: Application time: 1.0006019 seconds
2022-08-07T09:32:41.584+0000: 321.308: Application time: 3.0019018 seconds
2022-08-07T09:32:47.668+0000: 327.427: Application time: 6.1184332 seconds
2022-08-07T09:32:54.670+0000: 334.429: Application time: 7.0016016 seconds
2022-08-07T09:32:54.783+0000: 334.542: Application time: 0.1129363 seconds
2022-08-07T09:32:54.785+0000: 334.544: Application time: 0.0007654 seconds
2022-08-07T09:32:54.787+0000: 334.545: Application time: 0.0007292 seconds
2022-08-07T09:32:54.787+0000: 334.545: Application time: 0.0005242 seconds
2022-08-07T09:32:54.788+0000: 334.547: Application time: 0.0005950 seconds
2022-08-07T09:32:54.789+0000: 334.547: Application time: 0.0003107 seconds
2022-08-07T09:32:54.790+0000: 334.548: Application time: 0.0003726 seconds
2022-08-07T09:32:54.791+0000: 334.549: Application time: 0.0009638 seconds
2022-08-07T09:32:55.792+0000: 335.551: Application time: 1.0002385 seconds
2022-08-07T09:32:56.793+0000: 336.551: Application time: 1.0003984 seconds
2022-08-07T09:33:00.794+0000: 340.552: Application time: 4.0010739 seconds
2022-08-07T09:33:01.029+0000: 340.787: Application time: 0.2345593 seconds
{Heap before GC invocations=531 (full 47):
 par new generation   total 19008K, used 18249K [0x00000000c2600000, 0x00000000c3aa0000, 0x00000000d6e00000)
  eden space 16896K, 100% used [0x00000000c2600000, 0x00000000c3680000, 0x00000000c3680000)
  from space 2112K,  64% used [0x00000000c3890000, 0x00000000c39e2788, 0x00000000c3aa0000)
  to   space 2112K,   0% used [0x00000000c3680000, 0x00000000c3680000, 0x00000000c3890000)
 concurrent mark-sweep generation total 116648K, used 59863K [0x00000000d6e00000, 0x00000000ddfea000, 0x0000000100000000)
 Metaspace       used 88987K, capacity 93003K, committed 93132K, reserved 1130496K
  class space    used 11424K, capacity 12168K, committed 12236K, reserved 1048576K
2022-08-07T09:33:01.030+0000: 340.788: [GC (Allocation Failure) 2022-08-07T09:33:01.030+0000: 340.789: [ParNew: 18249K->1322K(19008K), 0.0047107 secs] 78113K->61185K(135656K), 0.0055233 secs] [Times: user=0.02 sys=0.00, real=0.00 secs] 
Heap after GC invocations=532 (full 47):
 par new generation   total 19008K, used 1322K [0x00000000c2600000, 0x00000000c3aa0000, 0x00000000d6e00000)
  eden space 16896K,   0% used [0x00000000c2600000, 0x00000000c2600000, 0x00000000c3680000)
  from space 2112K,  62% used [0x00000000c3680000, 0x00000000c37ca918, 0x00000000c3890000)
  to   space 2112K,   0% used [0x00000000c3890000, 0x00000000c3890000, 0x00000000c3aa0000)
 concurrent mark-sweep generation total 116648K, used 59863K [0x00000000d6e00000, 0x00000000ddfea000, 0x0000000100000000)
 Metaspace       used 88987K, capacity 93003K, committed 93132K, reserved 1130496K
  class space    used 11424K, capacity 12168K, committed 12236K, reserved 1048576K
}
2022-08-07T09:33:08.038+0000: 347.796: Application time: 7.0017625 seconds
2022-08-07T09:33:12.039+0000: 351.797: Application time: 4.0010143 seconds
2022-08-07T09:33:13.040+0000: 352.798: Application time: 1.0003077 seconds
2022-08-07T09:33:14.041+0000: 353.799: Application time: 1.0006083 seconds
2022-08-07T09:33:18.008+0000: 357.802: Application time: 4.0023571 seconds
2022-08-07T09:33:26.110+0000: 365.902: Application time: 8.0994942 seconds
2022-08-07T09:33:27.110+0000: 366.902: Application time: 1.0003225 seconds
2022-08-07T09:33:28.111+0000: 367.903: Application time: 1.0002355 seconds
2022-08-07T09:33:32.113+0000: 371.905: Application time: 4.0023119 seconds
2022-08-07T09:33:38.115+0000: 377.907: Application time: 6.0013512 seconds
2022-08-07T09:33:39.116+0000: 378.908: Application time: 1.0008568 seconds
2022-08-07T09:33:46.118+0000: 385.910: Application time: 7.0022089 seconds
2022-08-07T09:33:48.085+0000: 387.911: Application time: 2.0007912 seconds
2022-08-07T09:33:52.087+0000: 391.913: Application time: 4.0017916 seconds
2022-08-07T09:33:54.088+0000: 393.914: Application time: 2.0005477 seconds
2022-08-07T09:33:55.089+0000: 394.915: Application time: 1.0003731 seconds
2022-08-07T09:33:56.089+0000: 395.915: Application time: 1.0001387 seconds
2022-08-07T09:33:57.090+0000: 396.916: Application time: 1.0003219 seconds
2022-08-07T09:33:58.695+0000: 398.521: Application time: 1.6049811 seconds
2022-08-07T09:33:59.696+0000: 399.522: Application time: 1.0002781 seconds
2022-08-07T09:34:00.696+0000: 400.522: Application time: 1.0001639 seconds
2022-08-07T09:34:01.017+0000: 400.843: Application time: 0.3209753 seconds
{Heap before GC invocations=532 (full 47):
 par new generation   total 19008K, used 18218K [0x00000000c2600000, 0x00000000c3aa0000, 0x00000000d6e00000)
  eden space 16896K, 100% used [0x00000000c2600000, 0x00000000c3680000, 0x00000000c3680000)
  from space 2112K,  62% used [0x00000000c3680000, 0x00000000c37ca918, 0x00000000c3890000)
  to   space 2112K,   0% used [0x00000000c3890000, 0x00000000c3890000, 0x00000000c3aa0000)
 concurrent mark-sweep generation total 116648K, used 59863K [0x00000000d6e00000, 0x00000000ddfea000, 0x0000000100000000)
 Metaspace       used 89070K, capacity 93079K, committed 93388K, reserved 1130496K
  class space    used 11425K, capacity 12170K, committed 12236K, reserved 1048576K
2022-08-07T09:34:01.018+0000: 400.844: [GC (Allocation Failure) 2022-08-07T09:34:01.020+0000: 400.845: [ParNew: 18218K->1598K(19008K), 0.0050552 secs] 78081K->61461K(135656K), 0.0074363 secs] [Times: user=0.02 sys=0.00, real=0.01 secs] 
Heap after GC invocations=533 (full 47):
 par new generation   total 19008K, used 1598K [0x00000000c2600000, 0x00000000c3aa0000, 0x00000000d6e00000)
  eden space 16896K,   0% used [0x00000000c2600000, 0x00000000c2600000, 0x00000000c3680000)
  from space 2112K,  75% used [0x00000000c3890000, 0x00000000c3a1f838, 0x00000000c3aa0000)
  to   space 2112K,   0% used [0x00000000c3680000, 0x00000000c3680000, 0x00000000c3890000)
 concurrent mark-sweep generation total 116648K, used 59863K [0x00000000d6e00000, 0x00000000ddfea000, 0x0000000100000000)
 Metaspace       used 89070K, capacity 93079K, committed 93388K, reserved 1130496K
  class space    used 11425K, capacity 12170K, committed 12236K, reserved 1048576K
}
2022-08-07T09:34:01.034+0000: 400.860: Application time: 0.0076901 seconds
2022-08-07T09:34:02.037+0000: 401.863: Application time: 1.0016492 seconds
2022-08-07T09:34:02.045+0000: 401.870: Application time: 0.0070911 seconds
2022-08-07T09:34:02.045+0000: 401.871: Application time: 0.0001873 seconds
2022-08-07T09:34:08.048+0000: 407.875: Application time: 6.0036616 seconds
2022-08-07T09:34:08.717+0000: 408.543: Application time: 0.6676433 seconds
2022-08-07T09:34:11.717+0000: 411.543: Application time: 3.0005074 seconds
2022-08-07T09:34:14.718+0000: 414.544: Application time: 3.0005586 seconds
2022-08-07T09:34:18.713+0000: 418.573: Application time: 4.0282602 seconds
2022-08-07T09:34:21.714+0000: 421.574: Application time: 3.0011745 seconds
2022-08-07T09:34:24.715+0000: 424.575: Application time: 3.0009306 seconds
2022-08-07T09:34:26.716+0000: 426.576: Application time: 2.0003365 seconds
2022-08-07T09:34:27.729+0000: 427.589: Application time: 1.0133832 seconds
{Heap before GC invocations=533 (full 47):
 par new generation   total 19008K, used 18494K [0x00000000c2600000, 0x00000000c3aa0000, 0x00000000d6e00000)
  eden space 16896K, 100% used [0x00000000c2600000, 0x00000000c3680000, 0x00000000c3680000)
  from space 2112K,  75% used [0x00000000c3890000, 0x00000000c3a1f838, 0x00000000c3aa0000)
  to   space 2112K,   0% used [0x00000000c3680000, 0x00000000c3680000, 0x00000000c3890000)
 concurrent mark-sweep generation total 116648K, used 59863K [0x00000000d6e00000, 0x00000000ddfea000, 0x0000000100000000)
 Metaspace       used 89130K, capacity 93155K, committed 93388K, reserved 1130496K
  class space    used 11426K, capacity 12172K, committed 12236K, reserved 1048576K
2022-08-07T09:34:27.730+0000: 427.590: [GC (Allocation Failure) 2022-08-07T09:34:27.730+0000: 427.590: [ParNew: 18494K->1233K(19008K), 0.0038418 secs] 78357K->61096K(135656K), 0.0044856 secs] [Times: user=0.01 sys=0.01, real=0.00 secs] 
Heap after GC invocations=534 (full 47):
 par new generation   total 19008K, used 1233K [0x00000000c2600000, 0x00000000c3aa0000, 0x00000000d6e00000)
  eden space 16896K,   0% used [0x00000000c2600000, 0x00000000c2600000, 0x00000000c3680000)
  from space 2112K,  58% used [0x00000000c3680000, 0x00000000c37b4720, 0x00000000c3890000)
  to   space 2112K,   0% used [0x00000000c3890000, 0x00000000c3890000, 0x00000000c3aa0000)
 concurrent mark-sweep generation total 116648K, used 59863K [0x00000000d6e00000, 0x00000000ddfea000, 0x0000000100000000)
 Metaspace       used 89130K, capacity 93155K, committed 93388K, reserved 1130496K
  class space    used 11426K, capacity 12172K, committed 12236K, reserved 1048576K
}
2022-08-07T09:34:28.735+0000: 428.595: Application time: 1.0002752 seconds
2022-08-07T09:34:28.740+0000: 428.600: Application time: 0.0045516 seconds
2022-08-07T09:34:32.575+0000: 432.434: Application time: 3.8344376 seconds
2022-08-07T09:34:37.749+0000: 437.608: Application time: 5.1736371 seconds
2022-08-07T09:34:38.749+0000: 438.609: Application time: 1.0006315 seconds
2022-08-07T09:34:41.751+0000: 441.610: Application time: 3.0010109 seconds
2022-08-07T09:34:44.752+0000: 444.612: Application time: 3.0009939 seconds
2022-08-07T09:34:47.928+0000: 447.822: Application time: 3.2098555 seconds
2022-08-07T09:34:49.929+0000: 449.822: Application time: 2.0003355 seconds
2022-08-07T09:34:54.931+0000: 454.825: Application time: 5.0024462 seconds
2022-08-07T09:34:56.933+0000: 456.827: Application time: 2.0018740 seconds
2022-08-07T09:35:00.935+0000: 460.828: Application time: 4.0012269 seconds
2022-08-07T09:35:01.043+0000: 460.937: Application time: 0.1078470 seconds
{Heap before GC invocations=534 (full 47):
 par new generation   total 19008K, used 18129K [0x00000000c2600000, 0x00000000c3aa0000, 0x00000000d6e00000)
  eden space 16896K, 100% used [0x00000000c2600000, 0x00000000c3680000, 0x00000000c3680000)
  from space 2112K,  58% used [0x00000000c3680000, 0x00000000c37b4720, 0x00000000c3890000)
  to   space 2112K,   0% used [0x00000000c3890000, 0x00000000c3890000, 0x00000000c3aa0000)
 concurrent mark-sweep generation total 116648K, used 59863K [0x00000000d6e00000, 0x00000000ddfea000, 0x0000000100000000)
 Metaspace       used 89192K, capacity 93235K, committed 93388K, reserved 1130496K
  class space    used 11427K, capacity 12174K, committed 12236K, reserved 1048576K
2022-08-07T09:35:01.044+0000: 460.938: [GC (Allocation Failure) 2022-08-07T09:35:01.045+0000: 460.938: [ParNew: 18129K->1457K(19008K), 0.0044284 secs] 77992K->61506K(135656K), 0.0049625 secs] [Times: user=0.02 sys=0.00, real=0.00 secs] 
Heap after GC invocations=535 (full 47):
 par new generation   total 19008K, used 1457K [0x00000000c2600000, 0x00000000c3aa0000, 0x00000000d6e00000)
  eden space 16896K,   0% used [0x00000000c2600000, 0x00000000c2600000, 0x00000000c3680000)
  from space 2112K,  69% used [0x00000000c3890000, 0x00000000c39fc598, 0x00000000c3aa0000)
  to   space 2112K,   0% used [0x00000000c3680000, 0x00000000c3680000, 0x00000000c3890000)
 concurrent mark-sweep generation total 116648K, used 60048K [0x00000000d6e00000, 0x00000000ddfea000, 0x0000000100000000)
 Metaspace       used 89192K, capacity 93235K, committed 93388K, reserved 1130496K
  class space    used 11427K, capacity 12174K, committed 12236K, reserved 1048576K
}
2022-08-07T09:35:02.050+0000: 461.943: Application time: 1.0001151 seconds
2022-08-07T09:35:02.057+0000: 461.950: Application time: 0.0069032 seconds
2022-08-07T09:35:04.058+0000: 463.951: Application time: 2.0005876 seconds
2022-08-07T09:35:08.060+0000: 467.953: Application time: 4.0016160 seconds
2022-08-07T09:35:11.061+0000: 470.955: Application time: 3.0013534 seconds
2022-08-07T09:35:24.034+0000: 483.962: Application time: 13.0062698 seconds
2022-08-07T09:35:28.036+0000: 487.963: Application time: 4.0014743 seconds
2022-08-07T09:35:38.041+0000: 497.968: Application time: 10.0046897 seconds
2022-08-07T09:35:46.043+0000: 505.971: Application time: 8.0024254 seconds
2022-08-07T09:35:48.011+0000: 507.972: Application time: 2.0009707 seconds
2022-08-07T09:35:54.013+0000: 513.974: Application time: 6.0018717 seconds
2022-08-07T09:35:55.013+0000: 514.974: Application time: 1.0001891 seconds
2022-08-07T09:36:01.029+0000: 520.990: Application time: 6.0157351 seconds
{Heap before GC invocations=535 (full 47):
 par new generation   total 19008K, used 18353K [0x00000000c2600000, 0x00000000c3aa0000, 0x00000000d6e00000)
  eden space 16896K, 100% used [0x00000000c2600000, 0x00000000c3680000, 0x00000000c3680000)
  from space 2112K,  69% used [0x00000000c3890000, 0x00000000c39fc598, 0x00000000c3aa0000)
  to   space 2112K,   0% used [0x00000000c3680000, 0x00000000c3680000, 0x00000000c3890000)
 concurrent mark-sweep generation total 116648K, used 60048K [0x00000000d6e00000, 0x00000000ddfea000, 0x0000000100000000)
 Metaspace       used 89241K, capacity 93259K, committed 93388K, reserved 1130496K
  class space    used 11429K, capacity 12178K, committed 12236K, reserved 1048576K
2022-08-07T09:36:01.031+0000: 520.992: [GC (Allocation Failure) 2022-08-07T09:36:01.031+0000: 520.992: [ParNew: 18353K->1081K(19008K), 0.0044396 secs] 78402K->61213K(135656K), 0.0053886 secs] [Times: user=0.01 sys=0.00, real=0.01 secs] 
Heap after GC invocations=536 (full 47):
 par new generation   total 19008K, used 1081K [0x00000000c2600000, 0x00000000c3aa0000, 0x00000000d6e00000)
  eden space 16896K,   0% used [0x00000000c2600000, 0x00000000c2600000, 0x00000000c3680000)
  from space 2112K,  51% used [0x00000000c3680000, 0x00000000c378e460, 0x00000000c3890000)
  to   space 2112K,   0% used [0x00000000c3890000, 0x00000000c3890000, 0x00000000c3aa0000)
 concurrent mark-sweep generation total 116648K, used 60132K [0x00000000d6e00000, 0x00000000ddfea000, 0x0000000100000000)
 Metaspace       used 89241K, capacity 93259K, committed 93388K, reserved 1130496K
  class space    used 11429K, capacity 12178K, committed 12236K, reserved 1048576K
}
2022-08-07T09:36:02.037+0000: 521.998: Application time: 1.0003789 seconds
2022-08-07T09:36:05.038+0000: 524.999: Application time: 3.0008630 seconds
2022-08-07T09:36:08.040+0000: 528.001: Application time: 3.0010593 seconds
2022-08-07T09:36:08.293+0000: 528.254: Application time: 0.2528530 seconds
2022-08-07T09:36:11.295+0000: 531.257: Application time: 3.0028705 seconds
2022-08-07T09:36:17.848+0000: 537.843: Application time: 6.5857849 seconds
2022-08-07T09:36:18.849+0000: 538.844: Application time: 1.0005576 seconds
2022-08-07T09:36:24.853+0000: 544.847: Application time: 6.0032722 seconds
2022-08-07T09:36:28.467+0000: 548.462: Application time: 3.6147478 seconds
2022-08-07T09:36:31.754+0000: 551.749: Application time: 3.2864185 seconds
{Heap before GC invocations=536 (full 47):
 par new generation   total 19008K, used 17977K [0x00000000c2600000, 0x00000000c3aa0000, 0x00000000d6e00000)
  eden space 16896K, 100% used [0x00000000c2600000, 0x00000000c3680000, 0x00000000c3680000)
  from space 2112K,  51% used [0x00000000c3680000, 0x00000000c378e460, 0x00000000c3890000)
  to   space 2112K,   0% used [0x00000000c3890000, 0x00000000c3890000, 0x00000000c3aa0000)
 concurrent mark-sweep generation total 116648K, used 60132K [0x00000000d6e00000, 0x00000000ddfea000, 0x0000000100000000)
 Metaspace       used 89298K, capacity 93343K, committed 93644K, reserved 1130496K
  class space    used 11431K, capacity 12180K, committed 12236K, reserved 1048576K
2022-08-07T09:36:31.755+0000: 551.750: [GC (Allocation Failure) 2022-08-07T09:36:31.755+0000: 551.750: [ParNew: 17977K->912K(19008K), 0.0041523 secs] 78109K->61081K(135656K), 0.0050438 secs] [Times: user=0.01 sys=0.00, real=0.00 secs] 
Heap after GC invocations=537 (full 47):
 par new generation   total 19008K, used 912K [0x00000000c2600000, 0x00000000c3aa0000, 0x00000000d6e00000)
  eden space 16896K,   0% used [0x00000000c2600000, 0x00000000c2600000, 0x00000000c3680000)
  from space 2112K,  43% used [0x00000000c3890000, 0x00000000c39741a8, 0x00000000c3aa0000)
  to   space 2112K,   0% used [0x00000000c3680000, 0x00000000c3680000, 0x00000000c3890000)
 concurrent mark-sweep generation total 116648K, used 60168K [0x00000000d6e00000, 0x00000000ddfea000, 0x0000000100000000)
 Metaspace       used 89298K, capacity 93343K, committed 93644K, reserved 1130496K
  class space    used 11431K, capacity 12180K, committed 12236K, reserved 1048576K
}
2022-08-07T09:36:32.762+0000: 552.757: Application time: 1.0014573 seconds
2022-08-07T09:36:34.763+0000: 554.758: Application time: 2.0005303 seconds
2022-08-07T09:36:37.764+0000: 557.759: Application time: 3.0006556 seconds
2022-08-07T09:36:37.892+0000: 557.887: Application time: 0.1283616 seconds
2022-08-07T09:36:41.894+0000: 561.890: Application time: 4.0018314 seconds
2022-08-07T09:36:44.895+0000: 564.890: Application time: 3.0005457 seconds
2022-08-07T09:36:48.863+0000: 568.892: Application time: 4.0012548 seconds
2022-08-07T09:36:48.890+0000: 568.918: Application time: 0.0262614 seconds
2022-08-07T09:36:54.893+0000: 574.922: Application time: 6.0034141 seconds
2022-08-07T09:36:56.896+0000: 576.924: Application time: 2.0019280 seconds
2022-08-07T09:36:58.914+0000: 578.942: Application time: 2.0179699 seconds
2022-08-07T09:37:01.051+0000: 581.079: Application time: 2.1367938 seconds
{Heap before GC invocations=537 (full 47):
 par new generation   total 19008K, used 17808K [0x00000000c2600000, 0x00000000c3aa0000, 0x00000000d6e00000)
  eden space 16896K, 100% used [0x00000000c2600000, 0x00000000c3680000, 0x00000000c3680000)
  from space 2112K,  43% used [0x00000000c3890000, 0x00000000c39741a8, 0x00000000c3aa0000)
  to   space 2112K,   0% used [0x00000000c3680000, 0x00000000c3680000, 0x00000000c3890000)
 concurrent mark-sweep generation total 116648K, used 60168K [0x00000000d6e00000, 0x00000000ddfea000, 0x0000000100000000)
 Metaspace       used 89352K, capacity 93347K, committed 93644K, reserved 1130496K
  class space    used 11431K, capacity 12180K, committed 12236K, reserved 1048576K
2022-08-07T09:37:01.053+0000: 581.081: [GC (Allocation Failure) 2022-08-07T09:37:01.053+0000: 581.082: [ParNew: 17808K->898K(19008K), 0.0052077 secs] 77977K->61134K(135656K), 0.0058046 secs] [Times: user=0.01 sys=0.00, real=0.01 secs] 
Heap after GC invocations=538 (full 47):
 par new generation   total 19008K, used 898K [0x00000000c2600000, 0x00000000c3aa0000, 0x00000000d6e00000)
  eden space 16896K,   0% used [0x00000000c2600000, 0x00000000c2600000, 0x00000000c3680000)
  from space 2112K,  42% used [0x00000000c3680000, 0x00000000c3760b98, 0x00000000c3890000)
  to   space 2112K,   0% used [0x00000000c3890000, 0x00000000c3890000, 0x00000000c3aa0000)
 concurrent mark-sweep generation total 116648K, used 60236K [0x00000000d6e00000, 0x00000000ddfea000, 0x0000000100000000)
 Metaspace       used 89352K, capacity 93347K, committed 93644K, reserved 1130496K
  class space    used 11431K, capacity 12180K, committed 12236K, reserved 1048576K
}
2022-08-07T09:37:02.060+0000: 582.088: Application time: 1.0003807 seconds
2022-08-07T09:37:02.063+0000: 582.092: Application time: 0.0036112 seconds
2022-08-07T09:37:02.064+0000: 582.093: Application time: 0.0005178 seconds
2022-08-07T09:37:02.065+0000: 582.093: Application time: 0.0002869 seconds
2022-08-07T09:37:05.068+0000: 585.097: Application time: 3.0032477 seconds
2022-08-07T09:37:07.069+0000: 587.098: Application time: 2.0005496 seconds
2022-08-07T09:37:08.069+0000: 588.098: Application time: 1.0002253 seconds
2022-08-07T09:37:08.936+0000: 588.965: Application time: 0.8662413 seconds
2022-08-07T09:37:10.937+0000: 590.966: Application time: 2.0007542 seconds
2022-08-07T09:37:14.939+0000: 594.968: Application time: 4.0021677 seconds
2022-08-07T09:37:16.906+0000: 596.969: Application time: 2.0006307 seconds
2022-08-07T09:37:18.907+0000: 598.970: Application time: 2.0005784 seconds
2022-08-07T09:37:18.927+0000: 598.989: Application time: 0.0194675 seconds
2022-08-07T09:37:25.929+0000: 605.991: Application time: 7.0016396 seconds
2022-08-07T09:37:26.930+0000: 606.993: Application time: 1.0013232 seconds
2022-08-07T09:37:27.902+0000: 607.965: Application time: 0.9719057 seconds
2022-08-07T09:37:28.903+0000: 608.966: Application time: 1.0001757 seconds
2022-08-07T09:37:32.413+0000: 612.475: Application time: 3.5095129 seconds
2022-08-07T09:37:37.414+0000: 617.477: Application time: 5.0015351 seconds
2022-08-07T09:37:37.963+0000: 618.025: Application time: 0.5478525 seconds
2022-08-07T09:37:38.963+0000: 619.026: Application time: 1.0002364 seconds
2022-08-07T09:37:39.964+0000: 620.026: Application time: 1.0001227 seconds
2022-08-07T09:37:40.964+0000: 621.027: Application time: 1.0003620 seconds
2022-08-07T09:37:43.967+0000: 624.029: Application time: 3.0021663 seconds
2022-08-07T09:37:45.968+0000: 626.030: Application time: 2.0003846 seconds
2022-08-07T09:37:46.934+0000: 627.031: Application time: 1.0001819 seconds
2022-08-07T09:37:48.935+0000: 629.031: Application time: 2.0003763 seconds
2022-08-07T09:37:56.939+0000: 637.035: Application time: 8.0039843 seconds
2022-08-07T09:38:00.941+0000: 641.037: Application time: 4.0019313 seconds
2022-08-07T09:38:01.043+0000: 641.140: Application time: 0.1019005 seconds
{Heap before GC invocations=538 (full 47):
 par new generation   total 19008K, used 17794K [0x00000000c2600000, 0x00000000c3aa0000, 0x00000000d6e00000)
  eden space 16896K, 100% used [0x00000000c2600000, 0x00000000c3680000, 0x00000000c3680000)
  from space 2112K,  42% used [0x00000000c3680000, 0x00000000c3760b98, 0x00000000c3890000)
  to   space 2112K,   0% used [0x00000000c3890000, 0x00000000c3890000, 0x00000000c3aa0000)
 concurrent mark-sweep generation total 116648K, used 60236K [0x00000000d6e00000, 0x00000000ddfea000, 0x0000000100000000)
 Metaspace       used 89432K, capacity 93411K, committed 93644K, reserved 1130496K
  class space    used 11431K, capacity 12180K, committed 12236K, reserved 1048576K
2022-08-07T09:38:01.045+0000: 641.141: [GC (Allocation Failure) 2022-08-07T09:38:01.045+0000: 641.141: [ParNew: 17794K->842K(19008K), 0.0065666 secs] 78030K->61176K(135656K), 0.0078099 secs] [Times: user=0.01 sys=0.00, real=0.01 secs] 
Heap after GC invocations=539 (full 47):
 par new generation   total 19008K, used 842K [0x00000000c2600000, 0x00000000c3aa0000, 0x00000000d6e00000)
  eden space 16896K,   0% used [0x00000000c2600000, 0x00000000c2600000, 0x00000000c3680000)
  from space 2112K,  39% used [0x00000000c3890000, 0x00000000c3962860, 0x00000000c3aa0000)
  to   space 2112K,   0% used [0x00000000c3680000, 0x00000000c3680000, 0x00000000c3890000)
 concurrent mark-sweep generation total 116648K, used 60334K [0x00000000d6e00000, 0x00000000ddfea000, 0x0000000100000000)
 Metaspace       used 89432K, capacity 93411K, committed 93644K, reserved 1130496K
  class space    used 11431K, capacity 12180K, committed 12236K, reserved 1048576K
}
2022-08-07T09:38:02.054+0000: 642.150: Application time: 1.0004268 seconds
2022-08-07T09:38:06.056+0000: 646.152: Application time: 4.0021517 seconds
2022-08-07T09:38:08.057+0000: 648.153: Application time: 2.0008129 seconds
2022-08-07T09:38:09.059+0000: 649.155: Application time: 1.0010869 seconds
2022-08-07T09:38:11.059+0000: 651.157: Application time: 2.0014532 seconds
2022-08-07T09:38:15.062+0000: 655.158: Application time: 4.0013947 seconds
2022-08-07T09:38:26.035+0000: 666.165: Application time: 11.0059602 seconds
2022-08-07T09:38:27.035+0000: 667.165: Application time: 1.0003920 seconds
2022-08-07T09:38:28.016+0000: 668.146: Application time: 0.9809604 seconds
{Heap before GC invocations=539 (full 47):
 par new generation   total 19008K, used 17738K [0x00000000c2600000, 0x00000000c3aa0000, 0x00000000d6e00000)
  eden space 16896K, 100% used [0x00000000c2600000, 0x00000000c3680000, 0x00000000c3680000)
  from space 2112K,  39% used [0x00000000c3890000, 0x00000000c3962860, 0x00000000c3aa0000)
  to   space 2112K,   0% used [0x00000000c3680000, 0x00000000c3680000, 0x00000000c3890000)
 concurrent mark-sweep generation total 116648K, used 60334K [0x00000000d6e00000, 0x00000000ddfea000, 0x0000000100000000)
 Metaspace       used 89463K, capacity 93539K, committed 93644K, reserved 1130496K
  class space    used 11431K, capacity 12180K, committed 12236K, reserved 1048576K
2022-08-07T09:38:28.018+0000: 668.148: [GC (Allocation Failure) 2022-08-07T09:38:28.019+0000: 668.149: [ParNew: 17738K->758K(19008K), 0.0050995 secs] 78072K->61140K(135656K), 0.0063519 secs] [Times: user=0.01 sys=0.01, real=0.00 secs] 
Heap after GC invocations=540 (full 47):
 par new generation   total 19008K, used 758K [0x00000000c2600000, 0x00000000c3aa0000, 0x00000000d6e00000)
  eden space 16896K,   0% used [0x00000000c2600000, 0x00000000c2600000, 0x00000000c3680000)
  from space 2112K,  35% used [0x00000000c3680000, 0x00000000c373da30, 0x00000000c3890000)
  to   space 2112K,   0% used [0x00000000c3890000, 0x00000000c3890000, 0x00000000c3aa0000)
 concurrent mark-sweep generation total 116648K, used 60381K [0x00000000d6e00000, 0x00000000ddfea000, 0x0000000100000000)
 Metaspace       used 89463K, capacity 93539K, committed 93644K, reserved 1130496K
  class space    used 11431K, capacity 12180K, committed 12236K, reserved 1048576K
}
2022-08-07T09:38:38.029+0000: 678.159: Application time: 10.0039447 seconds
2022-08-07T09:38:39.030+0000: 679.160: Application time: 1.0002299 seconds
2022-08-07T09:38:39.158+0000: 679.288: Application time: 0.1283873 seconds
2022-08-07T09:38:40.159+0000: 680.289: Application time: 1.0005081 seconds
2022-08-07T09:38:48.032+0000: 688.197: Application time: 7.9074646 seconds
2022-08-07T09:38:52.034+0000: 692.198: Application time: 4.0008234 seconds
2022-08-07T09:38:53.035+0000: 693.199: Application time: 1.0009843 seconds
2022-08-07T09:38:54.036+0000: 694.200: Application time: 1.0003048 seconds
2022-08-07T09:38:55.036+0000: 695.200: Application time: 1.0004100 seconds
2022-08-07T09:38:56.037+0000: 696.201: Application time: 1.0003846 seconds
2022-08-07T09:38:57.038+0000: 697.201: Application time: 1.0004096 seconds
2022-08-07T09:38:58.337+0000: 698.501: Application time: 1.2995937 seconds
2022-08-07T09:39:01.070+0000: 701.234: Application time: 2.7326158 seconds
2022-08-07T09:39:01.078+0000: 701.241: Application time: 0.0058872 seconds
{Heap before GC invocations=540 (full 47):
 par new generation   total 19008K, used 17654K [0x00000000c2600000, 0x00000000c3aa0000, 0x00000000d6e00000)
  eden space 16896K, 100% used [0x00000000c2600000, 0x00000000c3680000, 0x00000000c3680000)
  from space 2112K,  35% used [0x00000000c3680000, 0x00000000c373da30, 0x00000000c3890000)
  to   space 2112K,   0% used [0x00000000c3890000, 0x00000000c3890000, 0x00000000c3aa0000)
 concurrent mark-sweep generation total 116648K, used 60381K [0x00000000d6e00000, 0x00000000ddfea000, 0x0000000100000000)
 Metaspace       used 89495K, capacity 93543K, committed 93644K, reserved 1130496K
  class space    used 11431K, capacity 12180K, committed 12236K, reserved 1048576K
2022-08-07T09:39:01.079+0000: 701.243: [GC (Allocation Failure) 2022-08-07T09:39:01.080+0000: 701.244: [ParNew: 17654K->685K(19008K), 0.0051140 secs] 78036K->61075K(135656K), 0.0064076 secs] [Times: user=0.01 sys=0.00, real=0.01 secs] 
Heap after GC invocations=541 (full 47):
 par new generation   total 19008K, used 685K [0x00000000c2600000, 0x00000000c3aa0000, 0x00000000d6e00000)
  eden space 16896K,   0% used [0x00000000c2600000, 0x00000000c2600000, 0x00000000c3680000)
  from space 2112K,  32% used [0x00000000c3890000, 0x00000000c393b718, 0x00000000c3aa0000)
  to   space 2112K,   0% used [0x00000000c3680000, 0x00000000c3680000, 0x00000000c3890000)
 concurrent mark-sweep generation total 116648K, used 60389K [0x00000000d6e00000, 0x00000000ddfea000, 0x0000000100000000)
 Metaspace       used 89495K, capacity 93543K, committed 93644K, reserved 1130496K
  class space    used 11431K, capacity 12180K, committed 12236K, reserved 1048576K
}
2022-08-07T09:39:02.075+0000: 702.238: Application time: 0.9880840 seconds
2022-08-07T09:39:02.075+0000: 702.239: Application time: 0.0001161 seconds
2022-08-07T09:39:02.094+0000: 702.258: Application time: 0.0191300 seconds
2022-08-07T09:39:02.095+0000: 702.258: Application time: 0.0001189 seconds
2022-08-07T09:39:05.096+0000: 705.261: Application time: 3.0025433 seconds
2022-08-07T09:39:08.098+0000: 708.262: Application time: 3.0007977 seconds
2022-08-07T09:39:09.099+0000: 709.263: Application time: 1.0004166 seconds
2022-08-07T09:39:09.128+0000: 709.292: Application time: 0.0284179 seconds
2022-08-07T09:39:15.131+0000: 715.295: Application time: 6.0028687 seconds
2022-08-07T09:39:18.066+0000: 718.263: Application time: 2.9683970 seconds
2022-08-07T09:39:25.068+0000: 725.266: Application time: 7.0025373 seconds
2022-08-07T09:39:26.069+0000: 726.266: Application time: 1.0002402 seconds
2022-08-07T09:39:28.298+0000: 728.496: Application time: 2.2289435 seconds
2022-08-07T09:39:32.299+0000: 732.497: Application time: 4.0008397 seconds
2022-08-07T09:39:38.116+0000: 738.314: Application time: 5.8169152 seconds
2022-08-07T09:39:39.117+0000: 739.315: Application time: 1.0005836 seconds
2022-08-07T09:39:45.119+0000: 745.316: Application time: 6.0016405 seconds
2022-08-07T09:39:49.116+0000: 749.348: Application time: 4.0312429 seconds
2022-08-07T09:39:57.119+0000: 757.351: Application time: 8.0029534 seconds
2022-08-07T09:39:59.120+0000: 759.352: Application time: 2.0004029 seconds
2022-08-07T09:39:59.139+0000: 759.370: Application time: 0.0184786 seconds
2022-08-07T09:40:01.053+0000: 761.284: Application time: 1.9138617 seconds
{Heap before GC invocations=541 (full 47):
 par new generation   total 19008K, used 17581K [0x00000000c2600000, 0x00000000c3aa0000, 0x00000000d6e00000)
  eden space 16896K, 100% used [0x00000000c2600000, 0x00000000c3680000, 0x00000000c3680000)
  from space 2112K,  32% used [0x00000000c3890000, 0x00000000c393b718, 0x00000000c3aa0000)
  to   space 2112K,   0% used [0x00000000c3680000, 0x00000000c3680000, 0x00000000c3890000)
 concurrent mark-sweep generation total 116648K, used 60389K [0x00000000d6e00000, 0x00000000ddfea000, 0x0000000100000000)
 Metaspace       used 89518K, capacity 93543K, committed 93644K, reserved 1130496K
  class space    used 11431K, capacity 12180K, committed 12236K, reserved 1048576K
2022-08-07T09:40:01.054+0000: 761.285: [GC (Allocation Failure) 2022-08-07T09:40:01.055+0000: 761.286: [ParNew: 17581K->656K(19008K), 0.0051985 secs] 77971K->61058K(135656K), 0.0067518 secs] [Times: user=0.01 sys=0.00, real=0.01 secs] 
Heap after GC invocations=542 (full 47):
 par new generation   total 19008K, used 656K [0x00000000c2600000, 0x00000000c3aa0000, 0x00000000d6e00000)
  eden space 16896K,   0% used [0x00000000c2600000, 0x00000000c2600000, 0x00000000c3680000)
  from space 2112K,  31% used [0x00000000c3680000, 0x00000000c3724078, 0x00000000c3890000)
  to   space 2112K,   0% used [0x00000000c3890000, 0x00000000c3890000, 0x00000000c3aa0000)
 concurrent mark-sweep generation total 116648K, used 60402K [0x00000000d6e00000, 0x00000000ddfea000, 0x0000000100000000)
 Metaspace       used 89518K, capacity 93543K, committed 93644K, reserved 1130496K
  class space    used 11431K, capacity 12180K, committed 12236K, reserved 1048576K
}
2022-08-07T09:40:02.062+0000: 762.293: Application time: 1.0004829 seconds
2022-08-07T09:40:02.079+0000: 762.311: Application time: 0.0172872 seconds
2022-08-07T09:40:02.083+0000: 762.314: Application time: 0.0034503 seconds
2022-08-07T09:40:05.085+0000: 765.316: Application time: 3.0012009 seconds
2022-08-07T09:40:08.086+0000: 768.318: Application time: 3.0013197 seconds
2022-08-07T09:40:09.087+0000: 769.318: Application time: 1.0004240 seconds
2022-08-07T09:40:11.088+0000: 771.319: Application time: 2.0005990 seconds
2022-08-07T09:40:15.089+0000: 775.321: Application time: 4.0011562 seconds
2022-08-07T09:40:19.057+0000: 779.322: Application time: 4.0015436 seconds
2022-08-07T09:40:25.062+0000: 785.327: Application time: 6.0049445 seconds
2022-08-07T09:40:26.063+0000: 786.329: Application time: 1.0009106 seconds
2022-08-07T09:40:27.064+0000: 787.329: Application time: 1.0003422 seconds
2022-08-07T09:40:28.168+0000: 788.433: Application time: 1.1039629 seconds
{Heap before GC invocations=542 (full 47):
 par new generation   total 19008K, used 17552K [0x00000000c2600000, 0x00000000c3aa0000, 0x00000000d6e00000)
  eden space 16896K, 100% used [0x00000000c2600000, 0x00000000c3680000, 0x00000000c3680000)
  from space 2112K,  31% used [0x00000000c3680000, 0x00000000c3724078, 0x00000000c3890000)
  to   space 2112K,   0% used [0x00000000c3890000, 0x00000000c3890000, 0x00000000c3aa0000)
 concurrent mark-sweep generation total 116648K, used 60402K [0x00000000d6e00000, 0x00000000ddfea000, 0x0000000100000000)
 Metaspace       used 89571K, capacity 93607K, committed 93900K, reserved 1130496K
  class space    used 11431K, capacity 12180K, committed 12236K, reserved 1048576K
2022-08-07T09:40:28.169+0000: 788.435: [GC (Allocation Failure) 2022-08-07T09:40:28.170+0000: 788.435: [ParNew: 17552K->782K(19008K), 0.0045471 secs] 77954K->61211K(135656K), 0.0052926 secs] [Times: user=0.01 sys=0.00, real=0.01 secs] 
Heap after GC invocations=543 (full 47):
 par new generation   total 19008K, used 782K [0x00000000c2600000, 0x00000000c3aa0000, 0x00000000d6e00000)
  eden space 16896K,   0% used [0x00000000c2600000, 0x00000000c2600000, 0x00000000c3680000)
  from space 2112K,  37% used [0x00000000c3890000, 0x00000000c39538b8, 0x00000000c3aa0000)
  to   space 2112K,   0% used [0x00000000c3680000, 0x00000000c3680000, 0x00000000c3890000)
 concurrent mark-sweep generation total 116648K, used 60429K [0x00000000d6e00000, 0x00000000ddfea000, 0x0000000100000000)
 Metaspace       used 89571K, capacity 93607K, committed 93900K, reserved 1130496K
  class space    used 11431K, capacity 12180K, committed 12236K, reserved 1048576K
}
2022-08-07T09:40:29.176+0000: 789.442: Application time: 1.0009180 seconds
2022-08-07T09:40:38.182+0000: 798.447: Application time: 9.0051932 seconds
2022-08-07T09:40:39.182+0000: 799.448: Application time: 1.0003160 seconds
2022-08-07T09:40:45.185+0000: 805.450: Application time: 6.0020351 seconds
2022-08-07T09:40:53.155+0000: 813.455: Application time: 8.0048779 seconds
2022-08-07T09:40:55.157+0000: 815.456: Application time: 2.0004550 seconds
2022-08-07T09:40:56.157+0000: 816.456: Application time: 1.0004048 seconds
2022-08-07T09:41:00.158+0000: 820.457: Application time: 4.0008015 seconds
2022-08-07T09:41:01.075+0000: 821.374: Application time: 0.9163406 seconds
{Heap before GC invocations=543 (full 47):
 par new generation   total 19008K, used 17678K [0x00000000c2600000, 0x00000000c3aa0000, 0x00000000d6e00000)
  eden space 16896K, 100% used [0x00000000c2600000, 0x00000000c3680000, 0x00000000c3680000)
  from space 2112K,  37% used [0x00000000c3890000, 0x00000000c39538b8, 0x00000000c3aa0000)
  to   space 2112K,   0% used [0x00000000c3680000, 0x00000000c3680000, 0x00000000c3890000)
 concurrent mark-sweep generation total 116648K, used 60429K [0x00000000d6e00000, 0x00000000ddfea000, 0x0000000100000000)
 Metaspace       used 89700K, capacity 93771K, committed 93900K, reserved 1130496K
  class space    used 11435K, capacity 12186K, committed 12236K, reserved 1048576K
2022-08-07T09:41:01.076+0000: 821.375: [GC (Allocation Failure) 2022-08-07T09:41:01.076+0000: 821.375: [ParNew: 17678K->869K(19008K), 0.0032225 secs] 78107K->61319K(135656K), 0.0037564 secs] [Times: user=0.01 sys=0.00, real=0.01 secs] 
Heap after GC invocations=544 (full 47):
 par new generation   total 19008K, used 869K [0x00000000c2600000, 0x00000000c3aa0000, 0x00000000d6e00000)
  eden space 16896K,   0% used [0x00000000c2600000, 0x00000000c2600000, 0x00000000c3680000)
  from space 2112K,  41% used [0x00000000c3680000, 0x00000000c3759610, 0x00000000c3890000)
  to   space 2112K,   0% used [0x00000000c3890000, 0x00000000c3890000, 0x00000000c3aa0000)
 concurrent mark-sweep generation total 116648K, used 60450K [0x00000000d6e00000, 0x00000000ddfea000, 0x0000000100000000)
 Metaspace       used 89700K, capacity 93771K, committed 93900K, reserved 1130496K
  class space    used 11435K, capacity 12186K, committed 12236K, reserved 1048576K
}
2022-08-07T09:41:05.082+0000: 825.381: Application time: 4.0015014 seconds
2022-08-07T09:41:08.083+0000: 828.382: Application time: 3.0008178 seconds
2022-08-07T09:41:09.083+0000: 829.383: Application time: 1.0002012 seconds
2022-08-07T09:41:09.099+0000: 829.398: Application time: 0.0148579 seconds
2022-08-07T09:41:11.099+0000: 831.399: Application time: 2.0014253 seconds
2022-08-07T09:41:18.627+0000: 838.960: Application time: 7.5607109 seconds
2022-08-07T09:41:28.678+0000: 849.011: Application time: 10.0500493 seconds
2022-08-07T09:41:37.683+0000: 858.015: Application time: 9.0044934 seconds
2022-08-07T09:41:38.683+0000: 859.016: Application time: 1.0002909 seconds
2022-08-07T09:41:38.989+0000: 859.321: Application time: 0.3051691 seconds
2022-08-07T09:41:48.260+0000: 868.626: Application time: 9.3047549 seconds
2022-08-07T09:41:59.164+0000: 879.530: Application time: 10.9038399 seconds
2022-08-07T09:42:01.065+0000: 881.432: Application time: 1.9012531 seconds
{Heap before GC invocations=544 (full 47):
 par new generation   total 19008K, used 17765K [0x00000000c2600000, 0x00000000c3aa0000, 0x00000000d6e00000)
  eden space 16896K, 100% used [0x00000000c2600000, 0x00000000c3680000, 0x00000000c3680000)
  from space 2112K,  41% used [0x00000000c3680000, 0x00000000c3759610, 0x00000000c3890000)
  to   space 2112K,   0% used [0x00000000c3890000, 0x00000000c3890000, 0x00000000c3aa0000)
 concurrent mark-sweep generation total 116648K, used 60450K [0x00000000d6e00000, 0x00000000ddfea000, 0x0000000100000000)
 Metaspace       used 89736K, capacity 93771K, committed 93900K, reserved 1130496K
  class space    used 11435K, capacity 12186K, committed 12236K, reserved 1048576K
2022-08-07T09:42:01.067+0000: 881.434: [GC (Allocation Failure) 2022-08-07T09:42:01.068+0000: 881.434: [ParNew: 17765K->630K(19008K), 0.0040761 secs] 78215K->61086K(135656K), 0.0051630 secs] [Times: user=0.01 sys=0.00, real=0.01 secs] 
Heap after GC invocations=545 (full 47):
 par new generation   total 19008K, used 630K [0x00000000c2600000, 0x00000000c3aa0000, 0x00000000d6e00000)
  eden space 16896K,   0% used [0x00000000c2600000, 0x00000000c2600000, 0x00000000c3680000)
  from space 2112K,  29% used [0x00000000c3890000, 0x00000000c392d9a0, 0x00000000c3aa0000)
  to   space 2112K,   0% used [0x00000000c3680000, 0x00000000c3680000, 0x00000000c3890000)
 concurrent mark-sweep generation total 116648K, used 60455K [0x00000000d6e00000, 0x00000000ddfea000, 0x0000000100000000)
 Metaspace       used 89736K, capacity 93771K, committed 93900K, reserved 1130496K
  class space    used 11435K, capacity 12186K, committed 12236K, reserved 1048576K
}
2022-08-07T09:42:02.073+0000: 882.440: Application time: 1.0002990 seconds
2022-08-07T09:42:02.089+0000: 882.455: Application time: 0.0152363 seconds
2022-08-07T09:42:02.095+0000: 882.461: Application time: 0.0055864 seconds
2022-08-07T09:42:05.096+0000: 885.462: Application time: 3.0008283 seconds
2022-08-07T09:42:08.956+0000: 889.324: Application time: 3.8617495 seconds
2022-08-07T09:42:18.291+0000: 898.691: Application time: 9.3666894 seconds
2022-08-07T09:42:19.291+0000: 899.692: Application time: 1.0001882 seconds
2022-08-07T09:42:26.293+0000: 906.693: Application time: 7.0012364 seconds
2022-08-07T09:42:27.293+0000: 907.694: Application time: 1.0002578 seconds
2022-08-07T09:42:28.293+0000: 908.694: Application time: 1.0002065 seconds
2022-08-07T09:42:29.135+0000: 909.536: Application time: 0.8416509 seconds
2022-08-07T09:42:31.791+0000: 912.191: Application time: 2.6553260 seconds
{Heap before GC invocations=545 (full 47):
 par new generation   total 19008K, used 17526K [0x00000000c2600000, 0x00000000c3aa0000, 0x00000000d6e00000)
  eden space 16896K, 100% used [0x00000000c2600000, 0x00000000c3680000, 0x00000000c3680000)
  from space 2112K,  29% used [0x00000000c3890000, 0x00000000c392d9a0, 0x00000000c3aa0000)
  to   space 2112K,   0% used [0x00000000c3680000, 0x00000000c3680000, 0x00000000c3890000)
 concurrent mark-sweep generation total 116648K, used 60455K [0x00000000d6e00000, 0x00000000ddfea000, 0x0000000100000000)
 Metaspace       used 89765K, capacity 93839K, committed 93900K, reserved 1130496K
  class space    used 11435K, capacity 12186K, committed 12236K, reserved 1048576K
2022-08-07T09:42:31.792+0000: 912.192: [GC (Allocation Failure) 2022-08-07T09:42:31.792+0000: 912.193: [ParNew: 17526K->716K(19008K), 0.0072527 secs] 77982K->61175K(135656K), 0.0078887 secs] [Times: user=0.01 sys=0.00, real=0.01 secs] 
Heap after GC invocations=546 (full 47):
 par new generation   total 19008K, used 716K [0x00000000c2600000, 0x00000000c3aa0000, 0x00000000d6e00000)
  eden space 16896K,   0% used [0x00000000c2600000, 0x00000000c2600000, 0x00000000c3680000)
  from space 2112K,  33% used [0x00000000c3680000, 0x00000000c3733088, 0x00000000c3890000)
  to   space 2112K,   0% used [0x00000000c3890000, 0x00000000c3890000, 0x00000000c3aa0000)
 concurrent mark-sweep generation total 116648K, used 60459K [0x00000000d6e00000, 0x00000000ddfea000, 0x0000000100000000)
 Metaspace       used 89765K, capacity 93839K, committed 93900K, reserved 1130496K
  class space    used 11435K, capacity 12186K, committed 12236K, reserved 1048576K
}
2022-08-07T09:42:32.801+0000: 913.202: Application time: 1.0007227 seconds
2022-08-07T09:42:37.805+0000: 918.206: Application time: 5.0041841 seconds
2022-08-07T09:42:38.343+0000: 918.744: Application time: 0.5373661 seconds
2022-08-07T09:42:41.344+0000: 921.744: Application time: 3.0004895 seconds
2022-08-07T09:42:45.345+0000: 925.746: Application time: 4.0010415 seconds
2022-08-07T09:42:47.312+0000: 927.746: Application time: 2.0004214 seconds
2022-08-07T09:42:49.313+0000: 929.747: Application time: 2.0003986 seconds
2022-08-07T09:42:49.345+0000: 929.780: Application time: 0.0326940 seconds
2022-08-07T09:42:59.367+0000: 939.801: Application time: 10.0210993 seconds
2022-08-07T09:43:00.279+0000: 940.713: Application time: 0.9122080 seconds
2022-08-07T09:43:01.088+0000: 941.522: Application time: 0.8022629 seconds
{Heap before GC invocations=546 (full 47):
 par new generation   total 19008K, used 17612K [0x00000000c2600000, 0x00000000c3aa0000, 0x00000000d6e00000)
  eden space 16896K, 100% used [0x00000000c2600000, 0x00000000c3680000, 0x00000000c3680000)
  from space 2112K,  33% used [0x00000000c3680000, 0x00000000c3733088, 0x00000000c3890000)
  to   space 2112K,   0% used [0x00000000c3890000, 0x00000000c3890000, 0x00000000c3aa0000)
 concurrent mark-sweep generation total 116648K, used 60459K [0x00000000d6e00000, 0x00000000ddfea000, 0x0000000100000000)
 Metaspace       used 89806K, capacity 93851K, committed 93900K, reserved 1130496K
  class space    used 11436K, capacity 12188K, committed 12236K, reserved 1048576K
2022-08-07T09:43:01.089+0000: 941.523: [GC (Allocation Failure) 2022-08-07T09:43:01.089+0000: 941.524: [ParNew: 17612K->586K(19008K), 0.0046010 secs] 78071K->61048K(135656K), 0.0052729 secs] [Times: user=0.01 sys=0.00, real=0.01 secs] 
Heap after GC invocations=547 (full 47):
 : 834.048: Application time: 1.2936575 seconds
2022-08-07T09:42:51.180+0000: 834.048: Application time: 0.0001137 seconds
2022-08-07T09:42:52.180+0000: 835.049: Application time: 1.0003196 seconds
2022-08-07T09:42:55.182+0000: 838.051: Application time: 3.0017110 seconds
2022-08-07T09:42:58.183+0000: 841.052: Application time: 3.0009314 seconds
2022-08-07T09:43:05.186+0000: 848.054: Application time: 7.0023014 seconds
2022-08-07T09:43:09.187+0000: 852.055: Application time: 4.0008060 seconds
2022-08-07T09:43:37.167+0000: 880.069: Application time: 28.0128988 seconds
2022-08-07T09:43:39.168+0000: 882.071: Application time: 2.0015867 seconds
2022-08-07T09:43:52.142+0000: 895.078: Application time: 13.0068213 seconds
2022-08-07T09:43:52.142+0000: 895.078: Application time: 0.0002473 seconds
2022-08-07T09:43:53.143+0000: 896.079: Application time: 1.0003032 seconds
2022-08-07T09:43:55.143+0000: 898.080: Application time: 2.0005144 seconds
2022-08-07T09:44:09.148+0000: 912.084: Application time: 14.0046660 seconds
2022-08-07T09:44:30.124+0000: 933.094: Application time: 21.0086414 seconds
2022-08-07T09:44:39.126+0000: 942.096: Application time: 9.0020037 seconds
2022-08-07T09:44:40.127+0000: 943.096: Application time: 1.0002145 seconds
2022-08-07T09:44:45.128+0000: 948.098: Application time: 5.0015375 seconds
2022-08-07T09:44:46.095+0000: 949.099: Application time: 1.0003261 seconds
2022-08-07T09:44:53.098+0000: 956.102: Application time: 7.0024029 seconds
2022-08-07T09:44:53.098+0000: 956.102: Application time: 0.0003165 seconds
2022-08-07T09:44:54.099+0000: 957.103: Application time: 1.0004424 seconds
2022-08-07T09:44:55.100+0000: 958.104: Application time: 1.0004208 seconds
2022-08-07T09:44:56.579+0000: 959.583: Application time: 1.4785257 seconds
{Heap before GC invocations=529 (full 67):
 par new generation   total 19008K, used 18067K [0x00000000c2600000, 0x00000000c3aa0000, 0x00000000d6e00000)
  eden space 16896K, 100% used [0x00000000c2600000, 0x00000000c3680000, 0x00000000c3680000)
  from space 2112K,  55% used [0x00000000c3890000, 0x00000000c39b4e10, 0x00000000c3aa0000)
  to   space 2112K,   0% used [0x00000000c3680000, 0x00000000c3680000, 0x00000000c3890000)
 concurrent mark-sweep generation total 111352K, used 59318K [0x00000000d6e00000, 0x00000000ddabe000, 0x0000000100000000)
 Metaspace       used 90269K, capacity 94431K, committed 94488K, reserved 1132544K
  class space    used 11524K, capacity 12288K, committed 12312K, reserved 1048576K
2022-08-07T09:44:56.580+0000: 959.584: [GC (Allocation Failure) 2022-08-07T09:44:56.581+0000: 959.584: [ParNew: 18067K->1561K(19008K), 0.0035941 secs] 77386K->60880K(130360K), 0.0047318 secs] [Times: user=0.01 sys=0.00, real=0.00 secs] 
Heap after GC invocations=530 (full 67):
 par new generation   total 19008K, used 1561K [0x00000000c2600000, 0x00000000c3aa0000, 0x00000000d6e00000)
  eden space 16896K,   0% used [0x00000000c2600000, 0x00000000c2600000, 0x00000000c3680000)
  from space 2112K,  73% used [0x00000000c3680000, 0x00000000c3806640, 0x00000000c3890000)
  to   space 2112K,   0% used [0x00000000c3890000, 0x00000000c3890000, 0x00000000c3aa0000)
 concurrent mark-sweep generation total 111352K, used 59318K [0x00000000d6e00000, 0x00000000ddabe000, 0x0000000100000000)
 Metaspace       used 90269K, capacity 94431K, committed 94488K, reserved 1132544K
  class space    used 11524K, capacity 12288K, committed 12312K, reserved 1048576K
}
2022-08-07T09:44:57.586+0000: 960.589: Application time: 1.0002262 seconds
2022-08-07T09:45:05.588+0000: 968.591: Application time: 8.0015526 seconds
2022-08-07T09:45:11.589+0000: 974.593: Application time: 6.0011675 seconds
2022-08-07T09:45:35.560+0000: 998.597: Application time: 24.0042648 seconds
2022-08-07T09:45:38.560+0000: 1001.598: Application time: 3.0009552 seconds
2022-08-07T09:45:39.561+0000: 1002.599: Application time: 1.0002629 seconds
2022-08-07T09:45:45.529+0000: 1008.600: Application time: 6.0009201 seconds
2022-08-07T09:45:54.052+0000: 1017.123: Application time: 8.5228821 seconds
2022-08-07T09:45:54.052+0000: 1017.124: Application time: 0.0003538 seconds
2022-08-07T09:45:55.053+0000: 1018.124: Application time: 1.0003481 seconds
2022-08-07T09:45:57.054+0000: 1020.125: Application time: 2.0006525 seconds
2022-08-07T09:46:09.057+0000: 1032.129: Application time: 12.0032733 seconds
2022-08-07T09:46:11.060+0000: 1034.131: Application time: 2.0024209 seconds
2022-08-07T09:46:39.038+0000: 1062.143: Application time: 28.0116346 seconds
2022-08-07T09:46:52.006+0000: 1075.148: Application time: 13.0047522 seconds
2022-08-07T09:46:55.018+0000: 1078.160: Application time: 3.0118689 seconds
2022-08-07T09:46:55.018+0000: 1078.161: Application time: 0.0002778 seconds
2022-08-07T09:46:56.019+0000: 1079.161: Application time: 1.0001990 seconds
2022-08-07T09:46:57.020+0000: 1080.162: Application time: 1.0003672 seconds
2022-08-07T09:47:09.026+0000: 1092.168: Application time: 12.0059189 seconds
2022-08-07T09:47:11.027+0000: 1094.169: Application time: 2.0009956 seconds
2022-08-07T09:47:26.988+0000: 1110.176: Application time: 16.0059111 seconds
2022-08-07T09:47:36.557+0000: 1119.745: Application time: 9.5691045 seconds
2022-08-07T09:47:36.558+0000: 1119.746: Application time: 0.0003814 seconds
2022-08-07T09:47:38.210+0000: 1121.398: Application time: 1.6525129 seconds
{Heap before GC invocations=530 (full 67):
 par new generation   total 19008K, used 18457K [0x00000000c2600000, 0x00000000c3aa0000, 0x00000000d6e00000)
  eden space 16896K, 100% used [0x00000000c2600000, 0x00000000c3680000, 0x00000000c3680000)
  from space 2112K,  73% used [0x00000000c3680000, 0x00000000c3806640, 0x00000000c3890000)
  to   space 2112K,   0% used [0x00000000c3890000, 0x00000000c3890000, 0x00000000c3aa0000)
 concurrent mark-sweep generation total 111352K, used 59318K [0x00000000d6e00000, 0x00000000ddabe000, 0x0000000100000000)
 Metaspace       used 90343K, capacity 94467K, committed 94488K, reserved 1132544K
  class space    used 11527K, capacity 12294K, committed 12312K, reserved 1048576K
2022-08-07T09:47:38.211+0000: 1121.399: [GC (Allocation Failure) 2022-08-07T09:47:38.212+0000: 1121.399: [ParNew: 18457K->1432K(19008K), 0.0031265 secs] 77776K->60751K(130360K), 0.0037745 secs] [Times: user=0.01 sys=0.01, real=0.01 secs] 
Heap after GC invocations=531 (full 67):
 par new generation   total 19008K, used 1432K [0x00000000c2600000, 0x00000000c3aa0000, 0x00000000d6e00000)
  eden space 16896K,   0% used [0x00000000c2600000, 0x00000000c2600000, 0x00000000c3680000)
  from space 2112K,  67% used [0x00000000c3890000, 0x00000000c39f61c8, 0x00000000c3aa0000)
  to   space 2112K,   0% used [0x00000000c3680000, 0x00000000c3680000, 0x00000000c3890000)
 concurrent mark-sweep generation total 111352K, used 59318K [0x00000000d6e00000, 0x00000000ddabe000, 0x0000000100000000)
 Metaspace       used 90343K, capacity 94467K, committed 94488K, reserved 1132544K
  class space    used 11527K, capacity 12294K, committed 12312K, reserved 1048576K
}
2022-08-07T09:47:39.216+0000: 1122.404: Application time: 1.0002780 seconds
2022-08-07T09:47:41.218+0000: 1124.405: Application time: 2.0015067 seconds
2022-08-07T09:47:45.240+0000: 1128.428: Application time: 4.0220511 seconds
2022-08-07T09:47:52.208+0000: 1135.431: Application time: 7.0032779 seconds
2022-08-07T09:47:53.208+0000: 1136.432: Application time: 1.0006935 seconds
2022-08-07T09:47:55.970+0000: 1139.193: Application time: 2.7607403 seconds
2022-08-07T09:47:55.970+0000: 1139.193: Application time: 0.0002063 seconds
2022-08-07T09:47:56.971+0000: 1140.194: Application time: 1.0002117 seconds
2022-08-07T09:48:10.977+0000: 1154.200: Application time: 14.0058278 seconds
2022-08-07T09:48:15.946+0000: 1159.203: Application time: 5.0024695 seconds
2022-08-07T09:48:18.947+0000: 1162.204: Application time: 3.0009736 seconds
2022-08-07T09:48:25.948+0000: 1169.205: Application time: 7.0008676 seconds
2022-08-07T09:48:26.948+0000: 1170.206: Application time: 1.0002041 seconds
2022-08-07T09:48:27.949+0000: 1171.206: Application time: 1.0002043 seconds
2022-08-07T09:48:28.950+0000: 1172.207: Application time: 1.0005706 seconds
2022-08-07T09:48:29.951+0000: 1173.208: Application time: 1.0009116 seconds
2022-08-07T09:48:36.955+0000: 1180.212: Application time: 7.0034864 seconds
2022-08-07T09:48:37.955+0000: 1181.212: Application time: 1.0001964 seconds
2022-08-07T09:48:38.956+0000: 1182.213: Application time: 1.0002622 seconds
2022-08-07T09:48:45.924+0000: 1189.215: Application time: 7.0017782 seconds
2022-08-07T09:48:56.934+0000: 1200.225: Application time: 11.0092335 seconds
2022-08-07T09:48:56.934+0000: 1200.225: Application time: 0.0003400 seconds
2022-08-07T09:48:57.935+0000: 1201.226: Application time: 1.0001854 seconds
2022-08-07T09:49:00.936+0000: 1204.227: Application time: 3.0006676 seconds
2022-08-07T09:49:06.939+0000: 1210.230: Application time: 6.0034847 seconds
2022-08-07T09:49:07.940+0000: 1211.231: Application time: 1.0002170 seconds
2022-08-07T09:49:08.940+0000: 1212.231: Application time: 1.0002181 seconds
2022-08-07T09:49:10.941+0000: 1214.232: Application time: 2.0003379 seconds
2022-08-07T09:49:15.910+0000: 1219.235: Application time: 5.0021320 seconds
2022-08-07T09:49:23.912+0000: 1227.237: Application time: 8.0019798 seconds
2022-08-07T09:49:25.913+0000: 1229.238: Application time: 2.0008075 seconds
2022-08-07T09:49:26.914+0000: 1230.239: Application time: 1.0005470 seconds
2022-08-07T09:49:27.915+0000: 1231.240: Application time: 1.0002347 seconds
2022-08-07T09:49:32.916+0000: 1236.241: Application time: 5.0008628 seconds
2022-08-07T09:49:38.918+0000: 1242.243: Application time: 6.0021175 seconds
2022-08-07T09:49:40.920+0000: 1244.245: Application time: 2.0011403 seconds
2022-08-07T09:49:45.888+0000: 1249.247: Application time: 5.0016316 seconds
2022-08-07T09:49:48.889+0000: 1252.248: Application time: 3.0007553 seconds
2022-08-07T09:49:56.893+0000: 1260.252: Application time: 8.0037349 seconds
2022-08-07T09:49:57.894+0000: 1261.253: Application time: 1.0006535 seconds
2022-08-07T09:49:57.895+0000: 1261.253: Application time: 0.0002015 seconds
2022-08-07T09:49:58.895+0000: 1262.254: Application time: 1.0002224 seconds
2022-08-07T09:50:05.897+0000: 1269.256: Application time: 7.0018597 seconds
2022-08-07T09:50:08.898+0000: 1272.256: Application time: 3.0004874 seconds
2022-08-07T09:50:18.867+0000: 1282.260: Application time: 10.0031502 seconds
2022-08-07T09:50:26.206+0000: 1289.599: Application time: 7.3384520 seconds
{Heap before GC invocations=531 (full 67):
 par new generation   total 19008K, used 18328K [0x00000000c2600000, 0x00000000c3aa0000, 0x00000000d6e00000)
  eden space 16896K, 100% used [0x00000000c2600000, 0x00000000c3680000, 0x00000000c3680000)
  from space 2112K,  67% used [0x00000000c3890000, 0x00000000c39f61c8, 0x00000000c3aa0000)
  to   space 2112K,   0% used [0x00000000c3680000, 0x00000000c3680000, 0x00000000c3890000)
 concurrent mark-sweep generation total 111352K, used 59318K [0x00000000d6e00000, 0x00000000ddabe000, 0x0000000100000000)
 Metaspace       used 90567K, capacity 94743K, committed 95000K, reserved 1132544K
  class space    used 11528K, capacity 12294K, committed 12312K, reserved 1048576K
2022-08-07T09:50:26.207+0000: 1289.599: [GC (Allocation Failure) 2022-08-07T09:50:26.207+0000: 1289.599: [ParNew: 18328K->1447K(19008K), 0.0031908 secs] 77647K->60765K(130360K), 0.0039553 secs] [Times: user=0.01 sys=0.00, real=0.01 secs] 
Heap after GC invocations=532 (full 67):
 par new generation   total 19008K, used 1447K [0x00000000c2600000, 0x00000000c3aa0000, 0x00000000d6e00000)
  eden space 16896K,   0% used [0x00000000c2600000, 0x00000000c2600000, 0x00000000c3680000)
  from space 2112K,  68% used [0x00000000c3680000, 0x00000000c37e9cb8, 0x00000000c3890000)
  to   space 2112K,   0% used [0x00000000c3890000, 0x00000000c3890000, 0x00000000c3aa0000)
 concurrent mark-sweep generation total 111352K, used 59318K [0x00000000d6e00000, 0x00000000ddabe000, 0x0000000100000000)
 Metaspace       used 90567K, capacity 94743K, committed 95000K, reserved 1132544K
  class space    used 11528K, capacity 12294K, committed 12312K, reserved 1048576K
}
2022-08-07T09:50:38.215+0000: 1301.607: Application time: 12.0036598 seconds
2022-08-07T09:50:39.215+0000: 1302.608: Application time: 1.0001987 seconds
2022-08-07T09:50:41.217+0000: 1304.609: Application time: 2.0010941 seconds
2022-08-07T09:50:46.184+0000: 1309.610: Application time: 5.0013200 seconds
2022-08-07T09:50:58.849+0000: 1322.283: Application time: 12.6721333 seconds
2022-08-07T09:50:58.857+0000: 1322.283: Application time: 0.0001066 seconds
2022-08-07T09:50:59.858+0000: 1323.284: Application time: 1.0011514 seconds
2022-08-07T09:51:08.861+0000: 1332.288: Application time: 9.0030505 seconds
2022-08-07T09:51:25.835+0000: 1349.296: Application time: 17.0077136 seconds
2022-08-07T09:51:26.837+0000: 1350.297: Application time: 1.0010371 seconds
2022-08-07T09:51:30.838+0000: 1354.298: Application time: 4.0014336 seconds
2022-08-07T09:51:38.840+0000: 1362.300: Application time: 8.0017755 seconds
2022-08-07T09:51:45.808+0000: 1369.302: Application time: 7.0012982 seconds
2022-08-07T09:51:51.811+0000: 1375.304: Application time: 6.0021362 seconds
2022-08-07T09:51:56.812+0000: 1380.306: Application time: 5.0014382 seconds
2022-08-07T09:51:59.808+0000: 1383.302: Application time: 2.9954589 seconds
2022-08-07T09:51:59.809+0000: 1383.303: Application time: 0.0001333 seconds
2022-08-07T09:52:00.809+0000: 1384.303: Application time: 1.0002558 seconds
2022-08-07T09:52:05.811+0000: 1389.305: Application time: 5.0012081 seconds
2022-08-07T09:52:08.812+0000: 1392.306: Application time: 3.0005112 seconds
2022-08-07T09:52:10.813+0000: 1394.306: Application time: 2.0004298 seconds
2022-08-07T09:52:15.780+0000: 1399.308: Application time: 5.0010800 seconds
2022-08-07T09:52:26.784+0000: 1410.312: Application time: 11.0036500 seconds
2022-08-07T09:52:28.785+0000: 1412.312: Application time: 2.0003894 seconds
2022-08-07T09:52:33.786+0000: 1417.314: Application time: 5.0013929 seconds
2022-08-07T09:52:35.787+0000: 1419.315: Application time: 2.0003248 seconds
2022-08-07T09:52:36.218+0000: 1419.746: Application time: 0.4309441 seconds
2022-08-07T09:52:39.219+0000: 1422.747: Application time: 3.0004483 seconds
2022-08-07T09:52:46.188+0000: 1429.750: Application time: 7.0026127 seconds
2022-08-07T09:52:53.190+0000: 1436.752: Application time: 7.0020940 seconds
2022-08-07T09:53:00.767+0000: 1444.328: Application time: 7.5762182 seconds
2022-08-07T09:53:00.767+0000: 1444.329: Application time: 0.0007642 seconds
2022-08-07T09:53:01.769+0000: 1445.330: Application time: 1.0003488 seconds
2022-08-07T09:53:05.770+0000: 1449.331: Application time: 4.0012153 seconds
2022-08-07T09:53:08.352+0000: 1451.914: Application time: 2.5820895 seconds
{Heap before GC invocations=532 (full 67):
 par new generation   total 19008K, used 18343K [0x00000000c2600000, 0x00000000c3aa0000, 0x00000000d6e00000)
  eden space 16896K, 100% used [0x00000000c2600000, 0x00000000c3680000, 0x00000000c3680000)
  from space 2112K,  68% used [0x00000000c3680000, 0x00000000c37e9cb8, 0x00000000c3890000)
  to   space 2112K,   0% used [0x00000000c3890000, 0x00000000c3890000, 0x00000000c3aa0000)
 concurrent mark-sweep generation total 111352K, used 59318K [0x00000000d6e00000, 0x00000000ddabe000, 0x0000000100000000)
 Metaspace       used 90687K, capacity 94815K, committed 95000K, reserved 1132544K
  class space    used 11528K, capacity 12294K, committed 12312K, reserved 1048576K
2022-08-07T09:53:08.352+0000: 1451.914: [GC (Allocation Failure) 2022-08-07T09:53:08.353+0000: 1451.914: [ParNew: 18343K->1540K(19008K), 0.0031833 secs] 77661K->60858K(130360K), 0.0039484 secs] [Times: user=0.01 sys=0.00, real=0.00 secs] 
Heap after GC invocations=533 (full 67):
 par new generation   total 19008K, used 1540K [0x00000000c2600000, 0x00000000c3aa0000, 0x00000000d6e00000)
  eden space 16896K,   0% used [0x00000000c2600000, 0x00000000c2600000, 0x00000000c3680000)
  from space 2112K,  72% used [0x00000000c3890000, 0x00000000c3a110c0, 0x00000000c3aa0000)
  to   space 2112K,   0% used [0x00000000c3680000, 0x00000000c3680000, 0x00000000c3890000)
 concurrent mark-sweep generation total 111352K, used 59318K [0x00000000d6e00000, 0x00000000ddabe000, 0x0000000100000000)
 Metaspace       used 90687K, capacity 94815K, committed 95000K, reserved 1132544K
  class space    used 11528K, capacity 12294K, committed 12312K, reserved 1048576K
}
2022-08-07T09:53:11.358+0000: 1454.919: Application time: 3.0006175 seconds
2022-08-07T09:53:19.325+0000: 1462.921: Application time: 8.0012733 seconds
2022-08-07T09:53:26.327+0000: 1469.922: Application time: 7.0011345 seconds
2022-08-07T09:53:28.327+0000: 1471.922: Application time: 2.0003460 seconds
2022-08-07T09:53:41.329+0000: 1484.925: Application time: 13.0023685 seconds
2022-08-07T09:53:42.330+0000: 1485.926: Application time: 1.0002244 seconds
2022-08-07T09:53:56.299+0000: 1499.928: Application time: 14.0022754 seconds
2022-08-07T09:54:01.726+0000: 1505.356: Application time: 5.4272857 seconds
2022-08-07T09:54:01.727+0000: 1505.356: Application time: 0.0002109 seconds
2022-08-07T09:54:08.730+0000: 1512.359: Application time: 7.0025039 seconds
2022-08-07T09:54:10.731+0000: 1514.360: Application time: 2.0003598 seconds
2022-08-07T09:54:25.703+0000: 1529.366: Application time: 15.0060350 seconds
2022-08-07T09:54:26.704+0000: 1530.367: Application time: 1.0002330 seconds
2022-08-07T09:54:30.705+0000: 1534.368: Application time: 4.0016333 seconds
2022-08-07T09:54:36.708+0000: 1540.371: Application time: 6.0019353 seconds
2022-08-07T09:54:37.711+0000: 1541.374: Application time: 1.0030977 seconds
2022-08-07T09:54:38.712+0000: 1542.375: Application time: 1.0003030 seconds
2022-08-07T09:54:41.713+0000: 1545.376: Application time: 3.0009047 seconds
2022-08-07T09:54:56.686+0000: 1560.382: Application time: 15.0050217 seconds
2022-08-07T09:55:02.682+0000: 1566.378: Application time: 5.9956923 seconds
2022-08-07T09:55:02.682+0000: 1566.379: Application time: 0.0001224 seconds
2022-08-07T09:55:03.682+0000: 1567.379: Application time: 1.0004518 seconds
2022-08-07T09:55:06.683+0000: 1570.380: Application time: 3.0005294 seconds
2022-08-07T09:55:07.786+0000: 1571.483: Application time: 1.1028922 seconds
2022-08-07T09:55:07.789+0000: 1571.485: Application time: 0.0019232 seconds
2022-08-07T09:55:08.236+0000: 1571.933: Application time: 0.4471709 seconds
2022-08-07T09:55:08.239+0000: 1571.935: Application time: 0.0024091 seconds
2022-08-07T09:55:09.239+0000: 1572.936: Application time: 1.0003099 seconds
2022-08-07T09:55:16.207+0000: 1579.937: Application time: 7.0011549 seconds
2022-08-07T09:55:25.970+0000: 1589.700: Application time: 9.7630812 seconds
2022-08-07T09:55:26.971+0000: 1590.701: Application time: 1.0004599 seconds
2022-08-07T09:55:27.971+0000: 1591.702: Application time: 1.0007757 seconds
2022-08-07T09:55:37.976+0000: 1601.707: Application time: 10.0041438 seconds
2022-08-07T09:55:40.978+0000: 1604.709: Application time: 3.0016261 seconds
2022-08-07T09:55:55.951+0000: 1619.715: Application time: 15.0061361 seconds
2022-08-07T09:55:56.449+0000: 1620.213: Application time: 0.4981123 seconds
{Heap before GC invocations=533 (full 67):
 par new generation   total 19008K, used 18436K [0x00000000c2600000, 0x00000000c3aa0000, 0x00000000d6e00000)
  eden space 16896K, 100% used [0x00000000c2600000, 0x00000000c3680000, 0x00000000c3680000)
  from space 2112K,  72% used [0x00000000c3890000, 0x00000000c3a110c0, 0x00000000c3aa0000)
  to   space 2112K,   0% used [0x00000000c3680000, 0x00000000c3680000, 0x00000000c3890000)
 concurrent mark-sweep generation total 111352K, used 59318K [0x00000000d6e00000, 0x00000000ddabe000, 0x0000000100000000)
 Metaspace       used 90839K, capacity 94943K, committed 95000K, reserved 1132544K
  class space    used 11528K, capacity 12294K, committed 12312K, reserved 1048576K
2022-08-07T09:55:56.450+0000: 1620.214: [GC (Allocation Failure) 2022-08-07T09:55:56.450+0000: 1620.214: [ParNew: 18436K->1344K(19008K), 0.0034957 secs] 77754K->60840K(130360K), 0.0042641 secs] [Times: user=0.01 sys=0.00, real=0.00 secs] 
Heap after GC invocations=534 (full 67):
 par new generation   total 19008K, used 1344K [0x00000000c2600000, 0x00000000c3aa0000, 0x00000000d6e00000)
  eden space 16896K,   0% used [0x00000000c2600000, 0x00000000c2600000, 0x00000000c3680000)
  from space 2112K,  63% used [0x00000000c3680000, 0x00000000c37d00e0, 0x00000000c3890000)
  to   space 2112K,   0% used [0x00000000c3890000, 0x00000000c3890000, 0x00000000c3aa0000)
 concurrent mark-sweep generation total 111352K, used 59496K [0x00000000d6e00000, 0x00000000ddabe000, 0x0000000100000000)
 Metaspace       used 90839K, capacity 94943K, committed 95000K, reserved 1132544K
  class space    used 11528K, capacity 12294K, committed 12312K, reserved 1048576K
}
2022-08-07T09:55:58.456+0000: 1622.220: Application time: 2.0012813 seconds
2022-08-07T09:55:59.456+0000: 1623.221: Application time: 1.0002694 seconds
2022-08-07T09:56:03.641+0000: 1627.405: Application time: 4.1839256 seconds
2022-08-07T09:56:03.641+0000: 1627.405: Application time: 0.0001293 seconds
2022-08-07T09:56:04.641+0000: 1628.406: Application time: 1.0005477 seconds
2022-08-07T09:56:08.643+0000: 1632.407: Application time: 4.0011116 seconds
2022-08-07T09:56:18.613+0000: 1642.411: Application time: 10.0035102 seconds
2022-08-07T09:56:27.617+0000: 1651.415: Application time: 9.0033070 seconds
2022-08-07T09:56:32.620+0000: 1656.418: Application time: 5.0025936 seconds
2022-08-07T09:56:38.622+0000: 1662.420: Application time: 6.0014773 seconds
2022-08-07T09:56:46.592+0000: 1670.424: Application time: 8.0032964 seconds
2022-08-07T09:56:50.594+0000: 1674.426: Application time: 4.0018530 seconds
2022-08-07T09:56:56.598+0000: 1680.429: Application time: 6.0027984 seconds
2022-08-07T09:57:04.601+0000: 1688.433: Application time: 8.0032909 seconds
2022-08-07T09:57:04.602+0000: 1688.434: Application time: 0.0000931 seconds
2022-08-07T09:57:06.602+0000: 1690.434: Application time: 2.0004495 seconds
2022-08-07T09:57:27.579+0000: 1711.445: Application time: 21.0102948 seconds
2022-08-07T09:57:28.581+0000: 1712.446: Application time: 1.0012580 seconds
2022-08-07T09:57:30.582+0000: 1714.448: Application time: 2.0004723 seconds
2022-08-07T09:57:30.880+0000: 1714.746: Application time: 0.2977874 seconds
2022-08-07T09:57:32.881+0000: 1716.747: Application time: 2.0007033 seconds
2022-08-07T09:57:35.882+0000: 1719.747: Application time: 2.9999409 seconds
2022-08-07T09:57:36.882+0000: 1720.748: Application time: 1.0002889 seconds
2022-08-07T09:57:37.883+0000: 1721.748: Application time: 1.0002069 seconds
2022-08-07T09:57:38.883+0000: 1722.749: Application time: 1.0002109 seconds
2022-08-07T09:58:05.570+0000: 1749.470: Application time: 26.7207566 seconds
2022-08-07T09:58:05.571+0000: 1749.470: Application time: 0.0001688 seconds
2022-08-07T09:58:06.571+0000: 1750.471: Application time: 1.0001936 seconds
2022-08-07T09:58:08.572+0000: 1752.471: Application time: 2.0005985 seconds
2022-08-07T09:58:16.544+0000: 1760.477: Application time: 8.0055594 seconds
2022-08-07T09:58:27.548+0000: 1771.482: Application time: 11.0035790 seconds
2022-08-07T09:58:31.324+0000: 1775.257: Application time: 3.7745189 seconds
2022-08-07T09:58:31.325+0000: 1775.258: Application time: 0.0001745 seconds
2022-08-07T09:58:31.328+0000: 1775.261: Application time: 0.0003011 seconds
2022-08-07T09:58:31.329+0000: 1775.263: Application time: 0.0016449 seconds
2022-08-07T09:58:31.335+0000: 1775.269: Application time: 0.0054367 seconds
2022-08-07T09:58:31.342+0000: 1775.275: Application time: 0.0066094 seconds
2022-08-07T09:58:34.580+0000: 1778.513: Application time: 3.2375517 seconds
2022-08-07T09:58:34.580+0000: 1778.514: Application time: 0.0001520 seconds
2022-08-07T09:58:34.581+0000: 1778.514: Application time: 0.0002648 seconds
2022-08-07T09:58:35.582+0000: 1779.515: Application time: 1.0004179 seconds
2022-08-07T09:58:37.582+0000: 1781.516: Application time: 2.0004096 seconds
2022-08-07T09:58:37.587+0000: 1781.520: Application time: 0.0041528 seconds
{Heap before GC invocations=534 (full 67):
 par new generation   total 19008K, used 18240K [0x00000000c2600000, 0x00000000c3aa0000, 0x00000000d6e00000)
  eden space 16896K, 100% used [0x00000000c2600000, 0x00000000c3680000, 0x00000000c3680000)
  from space 2112K,  63% used [0x00000000c3680000, 0x00000000c37d00e0, 0x00000000c3890000)
  to   space 2112K,   0% used [0x00000000c3890000, 0x00000000c3890000, 0x00000000c3aa0000)
 concurrent mark-sweep generation total 111352K, used 59496K [0x00000000d6e00000, 0x00000000ddabe000, 0x0000000100000000)
 Metaspace       used 90973K, capacity 95143K, committed 95256K, reserved 1132544K
  class space    used 11530K, capacity 12296K, committed 12312K, reserved 1048576K
2022-08-07T09:58:37.588+0000: 1781.521: [GC (Allocation Failure) 2022-08-07T09:58:37.588+0000: 1781.521: [ParNew: 18240K->1506K(19008K), 0.0032270 secs] 77736K->61153K(130360K), 0.0039677 secs] [Times: user=0.01 sys=0.00, real=0.01 secs] 
Heap after GC invocations=535 (full 67):
 par new generation   total 19008K, used 1506K [0x00000000c2600000, 0x00000000c3aa0000, 0x00000000d6e00000)
  eden space 16896K,   0% used [0x00000000c2600000, 0x00000000c2600000, 0x00000000c3680000)
  from space 2112K,  71% used [0x00000000c3890000, 0x00000000c3a08990, 0x00000000c3aa0000)
  to   space 2112K,   0% used [0x00000000c3680000, 0x00000000c3680000, 0x00000000c3890000)
 concurrent mark-sweep generation total 111352K, used 59646K [0x00000000d6e00000, 0x00000000ddabe000, 0x0000000100000000)
 Metaspace       used 90973K, capacity 95143K, committed 95256K, reserved 1132544K
  class space    used 11530K, capacity 12296K, committed 12312K, reserved 1048576K
}
2022-08-07T09:58:39.582+0000: 1783.516: Application time: 1.9900182 seconds
2022-08-07T09:58:39.589+0000: 1783.522: Application time: 0.0066187 seconds
2022-08-07T09:58:39.706+0000: 1783.639: Application time: 0.1165443 seconds
2022-08-07T09:58:39.706+0000: 1783.640: Application time: 0.0002110 seconds
2022-08-07T09:58:39.709+0000: 1783.643: Application time: 0.0028488 seconds
2022-08-07T09:58:41.710+0000: 1785.644: Application time: 2.0006121 seconds
2022-08-07T09:58:42.036+0000: 1785.969: Application time: 0.3251964 seconds
2022-08-07T09:58:42.037+0000: 1785.970: Application time: 0.0002027 seconds
2022-08-07T09:58:42.037+0000: 1785.970: Application time: 0.0001354 seconds
2022-08-07T09:58:42.037+0000: 1785.971: Application time: 0.0002274 seconds
2022-08-07T09:58:42.038+0000: 1785.971: Application time: 0.0002868 seconds
2022-08-07T09:58:42.039+0000: 1785.972: Application time: 0.0002573 seconds
2022-08-07T09:58:44.026+0000: 1787.960: Application time: 1.9875782 seconds
2022-08-07T09:58:44.027+0000: 1787.960: Application time: 0.0002803 seconds
2022-08-07T09:58:44.028+0000: 1787.961: Application time: 0.0003936 seconds
2022-08-07T09:58:44.042+0000: 1787.975: Application time: 0.0137870 seconds
2022-08-07T09:58:44.042+0000: 1787.976: Application time: 0.0001480 seconds
2022-08-07T09:58:44.043+0000: 1787.976: Application time: 0.0001321 seconds
2022-08-07T09:58:44.043+0000: 1787.976: Application time: 0.0001064 seconds
2022-08-07T09:58:44.043+0000: 1787.977: Application time: 0.0001591 seconds
2022-08-07T09:58:44.044+0000: 1787.977: Application time: 0.0002296 seconds
2022-08-07T09:58:48.995+0000: 1792.962: Application time: 4.9847339 seconds
2022-08-07T09:58:49.005+0000: 1792.972: Application time: 0.0099620 seconds
2022-08-07T09:58:56.184+0000: 1800.151: Application time: 7.1782920 seconds
2022-08-07T09:58:57.033+0000: 1801.001: Application time: 0.8493470 seconds
2022-08-07T09:58:57.034+0000: 1801.001: Application time: 0.0003178 seconds
2022-08-07T09:58:57.035+0000: 1801.002: Application time: 0.0003240 seconds
2022-08-07T09:58:57.035+0000: 1801.002: Application time: 0.0001578 seconds
2022-08-07T09:58:57.035+0000: 1801.002: Application time: 0.0002583 seconds
2022-08-07T09:58:57.036+0000: 1801.003: Application time: 0.0001895 seconds
2022-08-07T09:59:00.040+0000: 1804.007: Application time: 3.0041132 seconds
2022-08-07T09:59:00.041+0000: 1804.008: Application time: 0.0005840 seconds
2022-08-07T09:59:00.042+0000: 1804.009: Application time: 0.0002272 seconds
2022-08-07T09:59:00.042+0000: 1804.010: Application time: 0.0002980 seconds
2022-08-07T09:59:00.043+0000: 1804.010: Application time: 0.0002548 seconds
2022-08-07T09:59:00.044+0000: 1804.011: Application time: 0.0002145 seconds
2022-08-07T09:59:00.044+0000: 1804.012: Application time: 0.0004879 seconds
2022-08-07T09:59:00.046+0000: 1804.013: Application time: 0.0008049 seconds
2022-08-07T09:59:08.047+0000: 1812.014: Application time: 8.0013844 seconds
2022-08-07T09:59:08.061+0000: 1812.028: Application time: 0.0133942 seconds
2022-08-07T09:59:08.061+0000: 1812.028: Application time: 0.0002146 seconds
2022-08-07T09:59:08.062+0000: 1812.029: Application time: 0.0001653 seconds
2022-08-07T09:59:08.062+0000: 1812.029: Application time: 0.0001512 seconds
2022-08-07T09:59:08.062+0000: 1812.029: Application time: 0.0002842 seconds
2022-08-07T09:59:08.063+0000: 1812.030: Application time: 0.0002093 seconds
2022-08-07T09:59:08.162+0000: 1812.129: Application time: 0.0990672 seconds
2022-08-07T09:59:08.174+0000: 1812.141: Application time: 0.0110398 seconds
2022-08-07T09:59:18.277+0000: 1822.278: Application time: 10.1370820 seconds
2022-08-07T09:59:19.278+0000: 1823.279: Application time: 1.0011022 seconds
2022-08-07T09:59:38.284+0000: 1842.285: Application time: 19.0054506 seconds
2022-08-07T09:59:40.285+0000: 1844.286: Application time: 2.0004257 seconds
2022-08-07T09:59:56.258+0000: 1860.293: Application time: 16.0068469 seconds
2022-08-07T10:00:06.263+0000: 1870.298: Application time: 10.0045202 seconds
2022-08-07T10:00:08.264+0000: 1872.299: Application time: 2.0007465 seconds
2022-08-07T10:00:10.266+0000: 1874.301: Application time: 2.0018522 seconds
2022-08-07T10:00:11.267+0000: 1875.301: Application time: 1.0006134 seconds
2022-08-07T10:00:16.236+0000: 1880.304: Application time: 5.0027304 seconds
2022-08-07T10:00:18.237+0000: 1882.305: Application time: 2.0006044 seconds
2022-08-07T10:00:26.239+0000: 1890.307: Application time: 8.0020070 seconds
2022-08-07T10:00:27.239+0000: 1891.308: Application time: 1.0002465 seconds
2022-08-07T10:00:38.247+0000: 1902.316: Application time: 11.0077122 seconds
2022-08-07T10:00:40.248+0000: 1904.317: Application time: 2.0010116 seconds
2022-08-07T10:00:47.220+0000: 1911.322: Application time: 7.0051406 seconds
2022-08-07T10:00:56.223+0000: 1920.325: Application time: 9.0024085 seconds
2022-08-07T10:01:01.231+0000: 1925.333: Application time: 5.0083279 seconds
2022-08-07T10:01:08.236+0000: 1932.338: Application time: 7.0039129 seconds
2022-08-07T10:01:08.439+0000: 1932.541: Application time: 0.2032704 seconds
2022-08-07T10:01:08.440+0000: 1932.542: Application time: 0.0002967 seconds
2022-08-07T10:01:09.440+0000: 1933.542: Application time: 1.0001742 seconds
2022-08-07T10:01:17.194+0000: 1941.330: Application time: 7.7870489 seconds
{Heap before GC invocations=535 (full 67):
 par new generation   total 19008K, used 18402K [0x00000000c2600000, 0x00000000c3aa0000, 0x00000000d6e00000)
  eden space 16896K, 100% used [0x00000000c2600000, 0x00000000c3680000, 0x00000000c3680000)
  from space 2112K,  71% used [0x00000000c3890000, 0x00000000c3a08990, 0x00000000c3aa0000)
  to   space 2112K,   0% used [0x00000000c3680000, 0x00000000c3680000, 0x00000000c3890000)
 concurrent mark-sweep generation total 111352K, used 59646K [0x00000000d6e00000, 0x00000000ddabe000, 0x0000000100000000)
 Metaspace       used 91068K, capacity 95289K, committed 95512K, reserved 1132544K
  class space    used 11531K, capacity 12299K, committed 12312K, reserved 1048576K
2022-08-07T10:01:17.194+0000: 1941.330: [GC (Allocation Failure) 2022-08-07T10:01:17.195+0000: 1941.331: [ParNew: 18402K->2112K(19008K), 0.0031874 secs] 78049K->61827K(130360K), 0.0041147 secs] [Times: user=0.01 sys=0.00, real=0.01 secs] 
Heap after GC invocations=536 (full 67):
 par new generation   total 19008K, used 2112K [0x00000000c2600000, 0x00000000c3aa0000, 0x00000000d6e00000)
  eden space 16896K,   0% used [0x00000000c2600000, 0x00000000c2600000, 0x00000000c3680000)
  from space 2112K, 100% used [0x00000000c3680000, 0x00000000c3890000, 0x00000000c3890000)
  to   space 2112K,   0% used [0x00000000c3890000, 0x00000000c3890000, 0x00000000c3aa0000)
 concurrent mark-sweep generation total 111352K, used 59715K [0x00000000d6e00000, 0x00000000ddabe000, 0x0000000100000000)
 Metaspace       used 91068K, capacity 95289K, committed 95512K, reserved 1132544K
  class space    used 11531K, capacity 12299K, committed 12312K, reserved 1048576K
}
2022-08-07T10:01:26.201+0000: 1950.337: Application time: 9.0022299 seconds
2022-08-07T10:01:37.206+0000: 1961.342: Application time: 11.0043014 seconds
2022-08-07T10:01:38.207+0000: 1962.343: Application time: 1.0004648 seconds
2022-08-07T10:01:40.207+0000: 1964.343: Application time: 2.0005325 seconds
2022-08-07T10:01:56.180+0000: 1980.350: Application time: 16.0063120 seconds
2022-08-07T10:01:57.181+0000: 1981.350: Application time: 1.0002052 seconds
2022-08-07T10:02:08.185+0000: 1992.354: Application time: 11.0038313 seconds
2022-08-07T10:02:09.405+0000: 1993.575: Application time: 1.2202848 seconds
2022-08-07T10:02:09.405+0000: 1993.575: Application time: 0.0001105 seconds
2022-08-07T10:02:16.363+0000: 2000.579: Application time: 7.0036033 seconds
2022-08-07T10:02:18.365+0000: 2002.581: Application time: 2.0003420 seconds
2022-08-07T10:02:21.366+0000: 2005.582: Application time: 3.0007659 seconds
2022-08-07T10:02:26.368+0000: 2010.584: Application time: 5.0015089 seconds
2022-08-07T10:02:27.369+0000: 2011.585: Application time: 1.0007177 seconds
2022-08-07T10:02:28.370+0000: 2012.586: Application time: 1.0001958 seconds
2022-08-07T10:02:35.530+0000: 2019.746: Application time: 7.1594621 seconds
2022-08-07T10:02:35.531+0000: 2019.747: Application time: 0.0007431 seconds
2022-08-07T10:02:36.531+0000: 2020.747: Application time: 1.0003120 seconds
000c3890000, 0x00000000c3aa0000)
 concurrent mark-sweep generation total 116648K, used 60568K [0x00000000d6e00000, 0x00000000ddfea000, 0x0000000100000000)
 Metaspace       used 90354K, capacity 94473K, committed 94668K, reserved 1132544K
  class space    used 11437K, capacity 12191K, committed 12236K, reserved 1048576K
}
2022-08-07T09:52:02.113+0000: 1483.172: Application time: 1.0004772 seconds
2022-08-07T09:52:02.129+0000: 1483.189: Application time: 0.0165152 seconds
2022-08-07T09:52:02.131+0000: 1483.190: Application time: 0.0004597 seconds
2022-08-07T09:52:02.135+0000: 1483.195: Application time: 0.0041978 seconds
2022-08-07T09:52:02.135+0000: 1483.196: Application time: 0.0006962 seconds
2022-08-07T09:52:09.364+0000: 1490.423: Application time: 7.2276153 seconds
2022-08-07T09:52:25.333+0000: 1506.426: Application time: 16.0024897 seconds
2022-08-07T09:52:26.333+0000: 1507.427: Application time: 1.0002495 seconds
2022-08-07T09:52:32.341+0000: 1513.434: Application time: 6.0072356 seconds
{Heap before GC invocations=560 (full 47):
 par new generation   total 19008K, used 17641K [0x00000000c2600000, 0x00000000c3aa0000, 0x00000000d6e00000)
  eden space 16896K, 100% used [0x00000000c2600000, 0x00000000c3680000, 0x00000000c3680000)
  from space 2112K,  35% used [0x00000000c3680000, 0x00000000c373a7e0, 0x00000000c3890000)
  to   space 2112K,   0% used [0x00000000c3890000, 0x00000000c3890000, 0x00000000c3aa0000)
 concurrent mark-sweep generation total 116648K, used 60568K [0x00000000d6e00000, 0x00000000ddfea000, 0x0000000100000000)
 Metaspace       used 90377K, capacity 94473K, committed 94668K, reserved 1132544K
  class space    used 11438K, capacity 12191K, committed 12236K, reserved 1048576K
2022-08-07T09:52:32.342+0000: 1513.435: [GC (Allocation Failure) 2022-08-07T09:52:32.342+0000: 1513.436: [ParNew: 17641K->767K(19008K), 0.0027459 secs] 78210K->61336K(135656K), 0.0034610 secs] [Times: user=0.00 sys=0.00, real=0.01 secs] 
Heap after GC invocations=561 (full 47):
 par new generation   total 19008K, used 767K [0x00000000c2600000, 0x00000000c3aa0000, 0x00000000d6e00000)
  eden space 16896K,   0% used [0x00000000c2600000, 0x00000000c2600000, 0x00000000c3680000)
  from space 2112K,  36% used [0x00000000c3890000, 0x00000000c394fda8, 0x00000000c3aa0000)
  to   space 2112K,   0% used [0x00000000c3680000, 0x00000000c3680000, 0x00000000c3890000)
 concurrent mark-sweep generation total 116648K, used 60568K [0x00000000d6e00000, 0x00000000ddfea000, 0x0000000100000000)
 Metaspace       used 90377K, capacity 94473K, committed 94668K, reserved 1132544K
  class space    used 11438K, capacity 12191K, committed 12236K, reserved 1048576K
}
2022-08-07T09:52:37.347+0000: 1518.440: Application time: 5.0010144 seconds
2022-08-07T09:52:40.347+0000: 1521.441: Application time: 3.0004037 seconds
2022-08-07T09:52:44.373+0000: 1525.467: Application time: 4.0253731 seconds
2022-08-07T09:52:44.373+0000: 1525.467: Application time: 0.0001247 seconds
2022-08-07T09:52:44.374+0000: 1525.468: Application time: 0.0008194 seconds
2022-08-07T09:52:44.375+0000: 1525.468: Application time: 0.0002344 seconds
2022-08-07T09:52:44.375+0000: 1525.469: Application time: 0.0002353 seconds
2022-08-07T09:52:44.376+0000: 1525.470: Application time: 0.0006484 seconds
2022-08-07T09:52:49.221+0000: 1530.349: Application time: 4.8790697 seconds
2022-08-07T09:52:50.222+0000: 1531.349: Application time: 1.0002587 seconds
2022-08-07T09:53:00.224+0000: 1541.351: Application time: 10.0015170 seconds
2022-08-07T09:53:01.120+0000: 1542.247: Application time: 0.8958004 seconds
{Heap before GC invocations=561 (full 47):
 par new generation   total 19008K, used 17663K [0x00000000c2600000, 0x00000000c3aa0000, 0x00000000d6e00000)
  eden space 16896K, 100% used [0x00000000c2600000, 0x00000000c3680000, 0x00000000c3680000)
  from space 2112K,  36% used [0x00000000c3890000, 0x00000000c394fda8, 0x00000000c3aa0000)
  to   space 2112K,   0% used [0x00000000c3680000, 0x00000000c3680000, 0x00000000c3890000)
 concurrent mark-sweep generation total 116648K, used 60568K [0x00000000d6e00000, 0x00000000ddfea000, 0x0000000100000000)
 Metaspace       used 90379K, capacity 94473K, committed 94668K, reserved 1132544K
  class space    used 11438K, capacity 12191K, committed 12236K, reserved 1048576K
2022-08-07T09:53:01.121+0000: 1542.248: [GC (Allocation Failure) 2022-08-07T09:53:01.121+0000: 1542.249: [ParNew: 17663K->846K(19008K), 0.0029255 secs] 78232K->61416K(135656K), 0.0035561 secs] [Times: user=0.01 sys=0.00, real=0.00 secs] 
Heap after GC invocations=562 (full 47):
 par new generation   total 19008K, used 846K [0x00000000c2600000, 0x00000000c3aa0000, 0x00000000d6e00000)
  eden space 16896K,   0% used [0x00000000c2600000, 0x00000000c2600000, 0x00000000c3680000)
  from space 2112K,  40% used [0x00000000c3680000, 0x00000000c3753988, 0x00000000c3890000)
  to   space 2112K,   0% used [0x00000000c3890000, 0x00000000c3890000, 0x00000000c3aa0000)
 concurrent mark-sweep generation total 116648K, used 60569K [0x00000000d6e00000, 0x00000000ddfea000, 0x0000000100000000)
 Metaspace       used 90379K, capacity 94473K, committed 94668K, reserved 1132544K
  class space    used 11438K, capacity 12191K, committed 12236K, reserved 1048576K
}
2022-08-07T09:53:07.127+0000: 1548.254: Application time: 6.0017089 seconds
2022-08-07T09:53:09.127+0000: 1550.255: Application time: 2.0004239 seconds
2022-08-07T09:53:19.101+0000: 1560.262: Application time: 10.0071656 seconds
2022-08-07T09:53:26.106+0000: 1567.267: Application time: 7.0044864 seconds
2022-08-07T09:53:29.108+0000: 1570.269: Application time: 3.0020358 seconds
2022-08-07T09:53:31.109+0000: 1572.270: Application time: 2.0010522 seconds
2022-08-07T09:53:36.851+0000: 1578.012: Application time: 5.7417941 seconds
2022-08-07T09:53:36.854+0000: 1578.015: Application time: 0.0020816 seconds
2022-08-07T09:53:37.276+0000: 1578.437: Application time: 0.4222936 seconds
2022-08-07T09:53:37.279+0000: 1578.440: Application time: 0.0024486 seconds
2022-08-07T09:53:40.280+0000: 1581.441: Application time: 3.0005391 seconds
2022-08-07T09:53:45.247+0000: 1586.442: Application time: 5.0007341 seconds
2022-08-07T09:53:56.249+0000: 1597.444: Application time: 11.0019879 seconds
2022-08-07T09:53:59.250+0000: 1600.444: Application time: 3.0005209 seconds
2022-08-07T09:53:59.474+0000: 1600.668: Application time: 0.2238125 seconds
2022-08-07T09:54:01.120+0000: 1602.315: Application time: 1.6458089 seconds
{Heap before GC invocations=562 (full 47):
 par new generation   total 19008K, used 17742K [0x00000000c2600000, 0x00000000c3aa0000, 0x00000000d6e00000)
  eden space 16896K, 100% used [0x00000000c2600000, 0x00000000c3680000, 0x00000000c3680000)
  from space 2112K,  40% used [0x00000000c3680000, 0x00000000c3753988, 0x00000000c3890000)
  to   space 2112K,   0% used [0x00000000c3890000, 0x00000000c3890000, 0x00000000c3aa0000)
 concurrent mark-sweep generation total 116648K, used 60569K [0x00000000d6e00000, 0x00000000ddfea000, 0x0000000100000000)
 Metaspace       used 90398K, capacity 94473K, committed 94668K, reserved 1132544K
  class space    used 11438K, capacity 12191K, committed 12236K, reserved 1048576K
2022-08-07T09:54:01.121+0000: 1602.316: [GC (Allocation Failure) 2022-08-07T09:54:01.121+0000: 1602.316: [ParNew: 17742K->761K(19008K), 0.0086896 secs] 78312K->61346K(135656K), 0.0094831 secs] [Times: user=0.01 sys=0.00, real=0.01 secs] 
Heap after GC invocations=563 (full 47):
 par new generation   total 19008K, used 761K [0x00000000c2600000, 0x00000000c3aa0000, 0x00000000d6e00000)
  eden space 16896K,   0% used [0x00000000c2600000, 0x00000000c2600000, 0x00000000c3680000)
  from space 2112K,  36% used [0x00000000c3890000, 0x00000000c394e460, 0x00000000c3aa0000)
  to   space 2112K,   0% used [0x00000000c3680000, 0x00000000c3680000, 0x00000000c3890000)
 concurrent mark-sweep generation total 116648K, used 60584K [0x00000000d6e00000, 0x00000000ddfea000, 0x0000000100000000)
 Metaspace       used 90398K, capacity 94473K, committed 94668K, reserved 1132544K
  class space    used 11438K, capacity 12191K, committed 12236K, reserved 1048576K
}
2022-08-07T09:54:02.132+0000: 1603.327: Application time: 1.0007688 seconds
2022-08-07T09:54:02.145+0000: 1603.340: Application time: 0.0127345 seconds
2022-08-07T09:54:02.146+0000: 1603.341: Application time: 0.0003645 seconds
2022-08-07T09:54:02.153+0000: 1603.348: Application time: 0.0064511 seconds
2022-08-07T09:54:06.154+0000: 1607.350: Application time: 4.0015899 seconds
2022-08-07T09:54:07.155+0000: 1608.350: Application time: 1.0003185 seconds
2022-08-07T09:54:09.156+0000: 1610.351: Application time: 2.0004652 seconds
2022-08-07T09:54:09.252+0000: 1610.447: Application time: 0.0960142 seconds
2022-08-07T09:54:19.708+0000: 1620.937: Application time: 10.4894753 seconds
2022-08-07T09:54:25.711+0000: 1626.939: Application time: 6.0021901 seconds
2022-08-07T09:54:30.129+0000: 1631.357: Application time: 4.4176643 seconds
2022-08-07T09:54:31.846+0000: 1633.075: Application time: 1.7173364 seconds
{Heap before GC invocations=563 (full 47):
 par new generation   total 19008K, used 17657K [0x00000000c2600000, 0x00000000c3aa0000, 0x00000000d6e00000)
  eden space 16896K, 100% used [0x00000000c2600000, 0x00000000c3680000, 0x00000000c3680000)
  from space 2112K,  36% used [0x00000000c3890000, 0x00000000c394e460, 0x00000000c3aa0000)
  to   space 2112K,   0% used [0x00000000c3680000, 0x00000000c3680000, 0x00000000c3890000)
 concurrent mark-sweep generation total 116648K, used 60584K [0x00000000d6e00000, 0x00000000ddfea000, 0x0000000100000000)
 Metaspace       used 90410K, capacity 94473K, committed 94668K, reserved 1132544K
  class space    used 11438K, capacity 12191K, committed 12236K, reserved 1048576K
2022-08-07T09:54:31.847+0000: 1633.076: [GC (Allocation Failure) 2022-08-07T09:54:31.847+0000: 1633.076: [ParNew: 17657K->823K(19008K), 0.0042926 secs] 78242K->61415K(135656K), 0.0051277 secs] [Times: user=0.01 sys=0.00, real=0.01 secs] 
Heap after GC invocations=564 (full 47):
 par new generation   total 19008K, used 823K [0x00000000c2600000, 0x00000000c3aa0000, 0x00000000d6e00000)
  eden space 16896K,   0% used [0x00000000c2600000, 0x00000000c2600000, 0x00000000c3680000)
  from space 2112K,  39% used [0x00000000c3680000, 0x00000000c374df98, 0x00000000c3890000)
  to   space 2112K,   0% used [0x00000000c3890000, 0x00000000c3890000, 0x00000000c3aa0000)
 concurrent mark-sweep generation total 116648K, used 60591K [0x00000000d6e00000, 0x00000000ddfea000, 0x0000000100000000)
 Metaspace       used 90410K, capacity 94473K, committed 94668K, reserved 1132544K
  class space    used 11438K, capacity 12191K, committed 12236K, reserved 1048576K
}
2022-08-07T09:54:36.854+0000: 1638.083: Application time: 5.0014738 seconds
2022-08-07T09:54:40.152+0000: 1641.380: Application time: 3.2973747 seconds
2022-08-07T09:54:46.119+0000: 1647.382: Application time: 6.0010819 seconds
2022-08-07T09:54:50.140+0000: 1651.402: Application time: 4.0205437 seconds
2022-08-07T09:55:00.161+0000: 1661.423: Application time: 10.0207542 seconds
2022-08-07T09:55:01.138+0000: 1662.401: Application time: 0.9769447 seconds
{Heap before GC invocations=564 (full 47):
 par new generation   total 19008K, used 17719K [0x00000000c2600000, 0x00000000c3aa0000, 0x00000000d6e00000)
  eden space 16896K, 100% used [0x00000000c2600000, 0x00000000c3680000, 0x00000000c3680000)
  from space 2112K,  39% used [0x00000000c3680000, 0x00000000c374df98, 0x00000000c3890000)
  to   space 2112K,   0% used [0x00000000c3890000, 0x00000000c3890000, 0x00000000c3aa0000)
 concurrent mark-sweep generation total 116648K, used 60591K [0x00000000d6e00000, 0x00000000ddfea000, 0x0000000100000000)
 Metaspace       used 90418K, capacity 94473K, committed 94668K, reserved 1132544K
  class space    used 11438K, capacity 12191K, committed 12236K, reserved 1048576K
2022-08-07T09:55:01.139+0000: 1662.401: [GC (Allocation Failure) 2022-08-07T09:55:01.139+0000: 1662.402: [ParNew: 17719K->955K(19008K), 0.0063686 secs] 78311K->61554K(135656K), 0.0074259 secs] [Times: user=0.01 sys=0.00, real=0.01 secs] 
Heap after GC invocations=565 (full 47):
 par new generation   total 19008K, used 955K [0x00000000c2600000, 0x00000000c3aa0000, 0x00000000d6e00000)
  eden space 16896K,   0% used [0x00000000c2600000, 0x00000000c2600000, 0x00000000c3680000)
  from space 2112K,  45% used [0x00000000c3890000, 0x00000000c397ef28, 0x00000000c3aa0000)
  to   space 2112K,   0% used [0x00000000c3680000, 0x00000000c3680000, 0x00000000c3890000)
 concurrent mark-sweep generation total 116648K, used 60599K [0x00000000d6e00000, 0x00000000ddfea000, 0x0000000100000000)
 Metaspace       used 90418K, capacity 94473K, committed 94668K, reserved 1132544K
  class space    used 11438K, capacity 12191K, committed 12236K, reserved 1048576K
}
2022-08-07T09:55:02.138+0000: 1663.401: Application time: 0.9914978 seconds
2022-08-07T09:55:26.109+0000: 1687.405: Application time: 24.0039209 seconds
2022-08-07T09:55:45.079+0000: 1706.409: Application time: 19.0033078 seconds
2022-08-07T09:55:50.080+0000: 1711.410: Application time: 5.0008128 seconds
2022-08-07T09:55:51.080+0000: 1712.411: Application time: 1.0006016 seconds
2022-08-07T09:55:55.082+0000: 1716.412: Application time: 4.0006266 seconds
2022-08-07T09:55:56.082+0000: 1717.412: Application time: 1.0001922 seconds
2022-08-07T09:56:00.083+0000: 1721.413: Application time: 4.0007284 seconds
2022-08-07T09:56:01.083+0000: 1722.413: Application time: 1.0001507 seconds
2022-08-07T09:56:01.136+0000: 1722.466: Application time: 0.0520067 seconds
{Heap before GC invocations=565 (full 47):
 par new generation   total 19008K, used 17851K [0x00000000c2600000, 0x00000000c3aa0000, 0x00000000d6e00000)
  eden space 16896K, 100% used [0x00000000c2600000, 0x00000000c3680000, 0x00000000c3680000)
  from space 2112K,  45% used [0x00000000c3890000, 0x00000000c397ef28, 0x00000000c3aa0000)
  to   space 2112K,   0% used [0x00000000c3680000, 0x00000000c3680000, 0x00000000c3890000)
 concurrent mark-sweep generation total 116648K, used 60599K [0x00000000d6e00000, 0x00000000ddfea000, 0x0000000100000000)
 Metaspace       used 90475K, capacity 94537K, committed 94668K, reserved 1132544K
  class space    used 11438K, capacity 12191K, committed 12236K, reserved 1048576K
2022-08-07T09:56:01.137+0000: 1722.467: [GC (Allocation Failure) 2022-08-07T09:56:01.137+0000: 1722.467: [ParNew: 17851K->648K(19008K), 0.0075206 secs] 78450K->61275K(135656K), 0.0089642 secs] [Times: user=0.01 sys=0.01, real=0.01 secs] 
Heap after GC invocations=566 (full 47):
 par new generation   total 19008K, used 648K [0x00000000c2600000, 0x00000000c3aa0000, 0x00000000d6e00000)
  eden space 16896K,   0% used [0x00000000c2600000, 0x00000000c2600000, 0x00000000c3680000)
  from space 2112K,  30% used [0x00000000c3680000, 0x00000000c3722220, 0x00000000c3890000)
  to   space 2112K,   0% used [0x00000000c3890000, 0x00000000c3890000, 0x00000000c3aa0000)
 concurrent mark-sweep generation total 116648K, used 60626K [0x00000000d6e00000, 0x00000000ddfea000, 0x0000000100000000)
 Metaspace       used 90475K, capacity 94537K, committed 94668K, reserved 1132544K
  class space    used 11438K, capacity 12191K, committed 12236K, reserved 1048576K
}
2022-08-07T09:56:02.147+0000: 1723.477: Application time: 1.0003170 seconds
2022-08-07T09:56:07.148+0000: 1728.478: Application time: 5.0008019 seconds
2022-08-07T09:56:09.897+0000: 1731.228: Application time: 2.7492141 seconds
2022-08-07T09:56:19.223+0000: 1740.587: Application time: 9.3595827 seconds
2022-08-07T09:56:20.224+0000: 1741.588: Application time: 1.0006417 seconds
2022-08-07T09:56:29.916+0000: 1751.280: Application time: 9.6912718 seconds
2022-08-07T09:56:37.920+0000: 1759.284: Application time: 8.0043578 seconds
2022-08-07T09:56:39.277+0000: 1760.641: Application time: 1.3566581 seconds
{Heap before GC invocations=566 (full 47):
 par new generation   total 19008K, used 17544K [0x00000000c2600000, 0x00000000c3aa0000, 0x00000000d6e00000)
  eden space 16896K, 100% used [0x00000000c2600000, 0x00000000c3680000, 0x00000000c3680000)
  from space 2112K,  30% used [0x00000000c3680000, 0x00000000c3722220, 0x00000000c3890000)
  to   space 2112K,   0% used [0x00000000c3890000, 0x00000000c3890000, 0x00000000c3aa0000)
 concurrent mark-sweep generation total 116648K, used 60626K [0x00000000d6e00000, 0x00000000ddfea000, 0x0000000100000000)
 Metaspace       used 90481K, capacity 94537K, committed 94668K, reserved 1132544K
  class space    used 11438K, capacity 12191K, committed 12236K, reserved 1048576K
2022-08-07T09:56:39.277+0000: 1760.641: [GC (Allocation Failure) 2022-08-07T09:56:39.278+0000: 1760.642: [ParNew: 17544K->606K(19008K), 0.0037787 secs] 78171K->61233K(135656K), 0.0046216 secs] [Times: user=0.01 sys=0.00, real=0.00 secs] 
Heap after GC invocations=567 (full 47):
 par new generation   total 19008K, used 606K [0x00000000c2600000, 0x00000000c3aa0000, 0x00000000d6e00000)
  eden space 16896K,   0% used [0x00000000c2600000, 0x00000000c2600000, 0x00000000c3680000)
  from space 2112K,  28% used [0x00000000c3890000, 0x00000000c3927968, 0x00000000c3aa0000)
  to   space 2112K,   0% used [0x00000000c3680000, 0x00000000c3680000, 0x00000000c3890000)
 concurrent mark-sweep generation total 116648K, used 60627K [0x00000000d6e00000, 0x00000000ddfea000, 0x0000000100000000)
 Metaspace       used 90481K, capacity 94537K, committed 94668K, reserved 1132544K
  class space    used 11438K, capacity 12191K, committed 12236K, reserved 1048576K
}
2022-08-07T09:56:40.106+0000: 1761.470: Application time: 0.8237491 seconds
2022-08-07T09:56:49.930+0000: 1771.328: Application time: 9.8571835 seconds
2022-08-07T09:56:52.931+0000: 1774.329: Application time: 3.0005840 seconds
2022-08-07T09:56:59.295+0000: 1780.692: Application time: 6.3634564 seconds
2022-08-07T09:57:00.216+0000: 1781.615: Application time: 0.9224963 seconds
2022-08-07T09:57:00.218+0000: 1781.615: Application time: 0.0001154 seconds
2022-08-07T09:57:00.218+0000: 1781.616: Application time: 0.0002825 seconds
2022-08-07T09:57:00.220+0000: 1781.618: Application time: 0.0014094 seconds
2022-08-07T09:57:00.228+0000: 1781.626: Application time: 0.0076969 seconds
2022-08-07T09:57:00.557+0000: 1781.954: Application time: 0.3284343 seconds
2022-08-07T09:57:00.557+0000: 1781.955: Application time: 0.0002863 seconds
2022-08-07T09:57:00.558+0000: 1781.956: Application time: 0.0002024 seconds
2022-08-07T09:57:01.151+0000: 1782.548: Application time: 0.5875351 seconds
{Heap before GC invocations=567 (full 47):
 par new generation   total 19008K, used 17502K [0x00000000c2600000, 0x00000000c3aa0000, 0x00000000d6e00000)
  eden space 16896K, 100% used [0x00000000c2600000, 0x00000000c3680000, 0x00000000c3680000)
  from space 2112K,  28% used [0x00000000c3890000, 0x00000000c3927968, 0x00000000c3aa0000)
  to   space 2112K,   0% used [0x00000000c3680000, 0x00000000c3680000, 0x00000000c3890000)
 concurrent mark-sweep generation total 116648K, used 60627K [0x00000000d6e00000, 0x00000000ddfea000, 0x0000000100000000)
 Metaspace       used 90498K, capacity 94545K, committed 94668K, reserved 1132544K
  class space    used 11439K, capacity 12193K, committed 12236K, reserved 1048576K
2022-08-07T09:57:01.152+0000: 1782.549: [GC (Allocation Failure) 2022-08-07T09:57:01.152+0000: 1782.550: [ParNew: 17502K->875K(19008K), 0.0059795 secs] 78129K->61504K(135656K), 0.0066335 secs] [Times: user=0.01 sys=0.00, real=0.00 secs] 
Heap after GC invocations=568 (full 47):
 par new generation   total 19008K, used 875K [0x00000000c2600000, 0x00000000c3aa0000, 0x00000000d6e00000)
  eden space 16896K,   0% used [0x00000000c2600000, 0x00000000c2600000, 0x00000000c3680000)
  from space 2112K,  41% used [0x00000000c3680000, 0x00000000c375ad78, 0x00000000c3890000)
  to   space 2112K,   0% used [0x00000000c3890000, 0x00000000c3890000, 0x00000000c3aa0000)
 concurrent mark-sweep generation total 116648K, used 60628K [0x00000000d6e00000, 0x00000000ddfea000, 0x0000000100000000)
 Metaspace       used 90498K, capacity 94545K, committed 94668K, reserved 1132544K
  class space    used 11439K, capacity 12193K, committed 12236K, reserved 1048576K
}
2022-08-07T09:57:02.151+0000: 1783.548: Application time: 0.9916372 seconds
2022-08-07T09:57:02.165+0000: 1783.563: Application time: 0.0137704 seconds
2022-08-07T09:57:05.564+0000: 1786.961: Application time: 3.3984616 seconds
2022-08-07T09:57:05.581+0000: 1786.979: Application time: 0.0168584 seconds
2022-08-07T09:57:06.305+0000: 1787.705: Application time: 0.7257542 seconds
2022-08-07T09:57:06.307+0000: 1787.705: Application time: 0.0001019 seconds
2022-08-07T09:57:06.307+0000: 1787.705: Application time: 0.0001948 seconds
2022-08-07T09:57:07.086+0000: 1788.483: Application time: 0.7780597 seconds
2022-08-07T09:57:07.086+0000: 1788.484: Application time: 0.0003176 seconds
2022-08-07T09:57:07.087+0000: 1788.485: Application time: 0.0002085 seconds
2022-08-07T09:57:10.079+0000: 1791.476: Application time: 2.9915601 seconds
2022-08-07T09:57:12.088+0000: 1793.485: Application time: 2.0088928 seconds
2022-08-07T09:57:12.094+0000: 1793.492: Application time: 0.0059074 seconds
2022-08-07T09:57:15.061+0000: 1796.492: Application time: 3.0005071 seconds
2022-08-07T09:57:19.453+0000: 1800.885: Application time: 4.3924376 seconds
2022-08-07T09:57:19.454+0000: 1800.885: Application time: 0.0001171 seconds
2022-08-07T09:57:19.454+0000: 1800.886: Application time: 0.0001281 seconds
2022-08-07T09:57:19.963+0000: 1801.394: Application time: 0.5080470 seconds
2022-08-07T09:57:20.728+0000: 1802.159: Application time: 0.7644423 seconds
2022-08-07T09:57:20.728+0000: 1802.160: Application time: 0.0001683 seconds
2022-08-07T09:57:20.729+0000: 1802.160: Application time: 0.0001431 seconds
2022-08-07T09:57:20.729+0000: 1802.161: Application time: 0.0001172 seconds
2022-08-07T09:57:20.730+0000: 1802.161: Application time: 0.0002048 seconds
2022-08-07T09:57:20.730+0000: 1802.162: Application time: 0.0002455 seconds
2022-08-07T09:57:25.559+0000: 1806.991: Application time: 4.8290337 seconds
2022-08-07T09:57:25.565+0000: 1806.996: Application time: 0.0050860 seconds
2022-08-07T09:57:26.570+0000: 1808.001: Application time: 1.0045097 seconds
2022-08-07T09:57:26.748+0000: 1808.180: Application time: 0.1781662 seconds
2022-08-07T09:57:26.748+0000: 1808.180: Application time: 0.0001194 seconds
2022-08-07T09:57:26.749+0000: 1808.180: Application time: 0.0001404 seconds
2022-08-07T09:57:26.749+0000: 1808.181: Application time: 0.0001230 seconds
2022-08-07T09:57:26.750+0000: 1808.181: Application time: 0.0005845 seconds
2022-08-07T09:57:26.751+0000: 1808.183: Application time: 0.0008454 seconds
2022-08-07T09:57:29.270+0000: 1810.701: Application time: 2.5186589 seconds
2022-08-07T09:57:30.270+0000: 1811.702: Application time: 1.0003180 seconds
2022-08-07T09:57:30.942+0000: 1812.373: Application time: 0.6714007 seconds
2022-08-07T09:57:30.948+0000: 1812.380: Application time: 0.0063953 seconds
2022-08-07T09:57:31.949+0000: 1813.381: Application time: 1.0002701 seconds
2022-08-07T09:57:32.761+0000: 1814.193: Application time: 0.8123476 seconds
2022-08-07T09:57:32.762+0000: 1814.194: Application time: 0.0001918 seconds
2022-08-07T09:57:32.762+0000: 1814.194: Application time: 0.0002335 seconds
2022-08-07T09:57:32.763+0000: 1814.194: Application time: 0.0001900 seconds
2022-08-07T09:57:32.763+0000: 1814.195: Application time: 0.0002517 seconds
2022-08-07T09:57:32.764+0000: 1814.195: Application time: 0.0003745 seconds
2022-08-07T09:57:36.765+0000: 1818.197: Application time: 4.0014465 seconds
2022-08-07T09:57:37.606+0000: 1819.037: Application time: 0.8386898 seconds
2022-08-07T09:57:37.613+0000: 1819.044: Application time: 0.0070910 seconds
2022-08-07T09:57:40.356+0000: 1821.787: Application time: 2.7426591 seconds
2022-08-07T09:57:44.067+0000: 1825.498: Application time: 3.7106137 seconds
2022-08-07T09:57:50.342+0000: 1831.807: Application time: 6.3091569 seconds
2022-08-07T09:58:00.367+0000: 1841.832: Application time: 10.0246513 seconds
2022-08-07T09:58:01.141+0000: 1842.606: Application time: 0.7731744 seconds
{Heap before GC invocations=568 (full 47):
 par new generation   total 19008K, used 17771K [0x00000000c2600000, 0x00000000c3aa0000, 0x00000000d6e00000)
  eden space 16896K, 100% used [0x00000000c2600000, 0x00000000c3680000, 0x00000000c3680000)
  from space 2112K,  41% used [0x00000000c3680000, 0x00000000c375ad78, 0x00000000c3890000)
  to   space 2112K,   0% used [0x00000000c3890000, 0x00000000c3890000, 0x00000000c3aa0000)
 concurrent mark-sweep generation total 116648K, used 60628K [0x00000000d6e00000, 0x00000000ddfea000, 0x0000000100000000)
 Metaspace       used 90564K, capacity 94631K, committed 94924K, reserved 1132544K
  class space    used 11441K, capacity 12196K, committed 12236K, reserved 1048576K
2022-08-07T09:58:01.144+0000: 1842.609: [GC (Allocation Failure) 2022-08-07T09:58:01.144+0000: 1842.610: [ParNew: 17771K->1636K(19008K), 0.0071457 secs] 78400K->62267K(135656K), 0.0081007 secs] [Times: user=0.02 sys=0.00, real=0.01 secs] 
Heap after GC invocations=569 (full 47):
 par new generation   total 19008K, used 1636K [0x00000000c2600000, 0x00000000c3aa0000, 0x00000000d6e00000)
  eden space 16896K,   0% used [0x00000000c2600000, 0x00000000c2600000, 0x00000000c3680000)
  from space 2112K,  77% used [0x00000000c3890000, 0x00000000c3a29220, 0x00000000c3aa0000)
  to   space 2112K,   0% used [0x00000000c3680000, 0x00000000c3680000, 0x00000000c3890000)
 concurrent mark-sweep generation total 116648K, used 60630K [0x00000000d6e00000, 0x00000000ddfea000, 0x0000000100000000)
 Metaspace       used 90564K, capacity 94631K, committed 94924K, reserved 1132544K
  class space    used 11441K, capacity 12196K, committed 12236K, reserved 1048576K
}
2022-08-07T09:58:02.172+0000: 1843.638: Application time: 1.0192291 seconds
2022-08-07T09:58:26.143+0000: 1867.642: Application time: 24.0037501 seconds
2022-08-07T09:58:29.397+0000: 1870.896: Application time: 3.2538814 seconds
{Heap before GC invocations=569 (full 47):
 par new generation   total 19008K, used 18532K [0x00000000c2600000, 0x00000000c3aa0000, 0x00000000d6e00000)
  eden space 16896K, 100% used [0x00000000c2600000, 0x00000000c3680000, 0x00000000c3680000)
  from space 2112K,  77% used [0x00000000c3890000, 0x00000000c3a29220, 0x00000000c3aa0000)
  to   space 2112K,   0% used [0x00000000c3680000, 0x00000000c3680000, 0x00000000c3890000)
 concurrent mark-sweep generation total 116648K, used 60630K [0x00000000d6e00000, 0x00000000ddfea000, 0x0000000100000000)
 Metaspace       used 90574K, capacity 94631K, committed 94924K, reserved 1132544K
  class space    used 11441K, capacity 12196K, committed 12236K, reserved 1048576K
2022-08-07T09:58:29.398+0000: 1870.897: [GC (Allocation Failure) 2022-08-07T09:58:29.398+0000: 1870.897: [ParNew: 18532K->1322K(19008K), 0.0051849 secs] 79163K->62099K(135656K), 0.0061556 secs] [Times: user=0.02 sys=0.00, real=0.01 secs] 
Heap after GC invocations=570 (full 47):
 par new generation   total 19008K, used 1322K [0x00000000c2600000, 0x00000000c3aa0000, 0x00000000d6e00000)
  eden space 16896K,   0% used [0x00000000c2600000, 0x00000000c2600000, 0x00000000c3680000)
  from space 2112K,  62% used [0x00000000c3680000, 0x00000000c37caac0, 0x00000000c3890000)
  to   space 2112K,   0% used [0x00000000c3890000, 0x00000000c3890000, 0x00000000c3aa0000)
 concurrent mark-sweep generation total 116648K, used 60777K [0x00000000d6e00000, 0x00000000ddfea000, 0x0000000100000000)
 Metaspace       used 90574K, capacity 94631K, committed 94924K, reserved 1132544K
  class space    used 11441K, capacity 12196K, committed 12236K, reserved 1048576K
}
2022-08-07T09:58:30.405+0000: 1871.904: Application time: 1.0001828 seconds
2022-08-07T09:58:50.389+0000: 1891.922: Application time: 20.0183702 seconds
2022-08-07T09:59:01.156+0000: 1902.689: Application time: 10.7662662 seconds
{Heap before GC invocations=570 (full 47):
 par new generation   total 19008K, used 18218K [0x00000000c2600000, 0x00000000c3aa0000, 0x00000000d6e00000)
  eden space 16896K, 100% used [0x00000000c2600000, 0x00000000c3680000, 0x00000000c3680000)
  from space 2112K,  62% used [0x00000000c3680000, 0x00000000c37caac0, 0x00000000c3890000)
  to   space 2112K,   0% used [0x00000000c3890000, 0x00000000c3890000, 0x00000000c3aa0000)
 concurrent mark-sweep generation total 116648K, used 60777K [0x00000000d6e00000, 0x00000000ddfea000, 0x0000000100000000)
 Metaspace       used 90578K, capacity 94631K, committed 94924K, reserved 1132544K
  class space    used 11441K, capacity 12196K, committed 12236K, reserved 1048576K
2022-08-07T09:59:01.157+0000: 1902.690: [GC (Allocation Failure) 2022-08-07T09:59:01.158+0000: 1902.690: [ParNew: 18218K->1571K(19008K), 0.0044603 secs] 78995K->62348K(135656K), 0.0051024 secs] [Times: user=0.01 sys=0.00, real=0.00 secs] 
Heap after GC invocations=571 (full 47):
 par new generation   total 19008K, used 1571K [0x00000000c2600000, 0x00000000c3aa0000, 0x00000000d6e00000)
  eden space 16896K,   0% used [0x00000000c2600000, 0x00000000c2600000, 0x00000000c3680000)
  from space 2112K,  74% used [0x00000000c3890000, 0x00000000c3a18d98, 0x00000000c3aa0000)
  to   space 2112K,   0% used [0x00000000c3680000, 0x00000000c3680000, 0x00000000c3890000)
 concurrent mark-sweep generation total 116648K, used 60777K [0x00000000d6e00000, 0x00000000ddfea000, 0x0000000100000000)
 Metaspace       used 90578K, capacity 94631K, committed 94924K, reserved 1132544K
  class space    used 11441K, capacity 12196K, committed 12236K, reserved 1048576K
}
2022-08-07T09:59:07.164+0000: 1908.697: Application time: 6.0013724 seconds
2022-08-07T09:59:10.122+0000: 1911.655: Application time: 2.9580338 seconds
2022-08-07T09:59:17.090+0000: 1918.657: Application time: 7.0013175 seconds
2022-08-07T09:59:19.435+0000: 1921.002: Application time: 2.3445286 seconds
2022-08-07T09:59:25.437+0000: 1927.005: Application time: 6.0028096 seconds
2022-08-07T09:59:30.140+0000: 1931.707: Application time: 4.7016698 seconds
2022-08-07T09:59:39.934+0000: 1941.501: Application time: 9.7939126 seconds
2022-08-07T09:59:42.937+0000: 1944.503: Application time: 3.0022501 seconds
2022-08-07T09:59:43.937+0000: 1945.504: Application time: 1.0002927 seconds
2022-08-07T09:59:44.904+0000: 1946.504: Application time: 1.0001562 seconds
2022-08-07T09:59:46.904+0000: 1948.505: Application time: 2.0004349 seconds
2022-08-07T09:59:48.905+0000: 1950.506: Application time: 2.0004922 seconds
2022-08-07T09:59:50.150+0000: 1951.750: Application time: 1.2445620 seconds
2022-08-07T09:59:53.151+0000: 1954.751: Application time: 3.0006974 seconds
2022-08-07T09:59:55.151+0000: 1956.752: Application time: 2.0004526 seconds
2022-08-07T10:00:00.129+0000: 1961.729: Application time: 4.9768936 seconds
2022-08-07T10:00:01.150+0000: 1962.751: Application time: 1.0215172 seconds
{Heap before GC invocations=571 (full 47):
 par new generation   total 19008K, used 18467K [0x00000000c2600000, 0x00000000c3aa0000, 0x00000000d6e00000)
  eden space 16896K, 100% used [0x00000000c2600000, 0x00000000c3680000, 0x00000000c3680000)
  from space 2112K,  74% used [0x00000000c3890000, 0x00000000c3a18d98, 0x00000000c3aa0000)
  to   space 2112K,   0% used [0x00000000c3680000, 0x00000000c3680000, 0x00000000c3890000)
 concurrent mark-sweep generation total 116648K, used 60777K [0x00000000d6e00000, 0x00000000ddfea000, 0x0000000100000000)
 Metaspace       used 90641K, capacity 94695K, committed 94924K, reserved 1132544K
  class space    used 11441K, capacity 12196K, committed 12236K, reserved 1048576K
2022-08-07T10:00:01.152+0000: 1962.752: [GC (Allocation Failure) 2022-08-07T10:00:01.152+0000: 1962.753: [ParNew: 18467K->1900K(19008K), 0.0051393 secs] 79244K->62679K(135656K), 0.0066369 secs] [Times: user=0.01 sys=0.00, real=0.01 secs] 
Heap after GC invocations=572 (full 47):
 par new generation   total 19008K, used 1900K [0x00000000c2600000, 0x00000000c3aa0000, 0x00000000d6e00000)
  eden space 16896K,   0% used [0x00000000c2600000, 0x00000000c2600000, 0x00000000c3680000)
  from space 2112K,  89% used [0x00000000c3680000, 0x00000000c385b270, 0x00000000c3890000)
  to   space 2112K,   0% used [0x00000000c3890000, 0x00000000c3890000, 0x00000000c3aa0000)
 concurrent mark-sweep generation total 116648K, used 60778K [0x00000000d6e00000, 0x00000000ddfea000, 0x0000000100000000)
 Metaspace       used 90641K, capacity 94695K, committed 94924K, reserved 1132544K
  class space    used 11441K, capacity 12196K, committed 12236K, reserved 1048576K
}
2022-08-07T10:00:02.159+0000: 1963.760: Application time: 1.0002374 seconds
2022-08-07T10:00:02.174+0000: 1963.774: Application time: 0.0142415 seconds
2022-08-07T10:00:02.174+0000: 1963.775: Application time: 0.0001630 seconds
2022-08-07T10:00:02.177+0000: 1963.777: Application time: 0.0022769 seconds
2022-08-07T10:00:02.177+0000: 1963.778: Application time: 0.0005264 seconds
2022-08-07T10:00:07.179+0000: 1968.780: Application time: 5.0012759 seconds
2022-08-07T10:00:09.903+0000: 1971.504: Application time: 2.7237300 seconds
2022-08-07T10:00:20.209+0000: 1981.843: Application time: 10.3394342 seconds
2022-08-07T10:00:25.212+0000: 1986.847: Application time: 5.0029962 seconds
2022-08-07T10:00:26.444+0000: 1988.078: Application time: 1.2311074 seconds
2022-08-07T10:00:26.448+0000: 1988.082: Application time: 0.0036173 seconds
2022-08-07T10:00:26.448+0000: 1988.083: Application time: 0.0003017 seconds
2022-08-07T10:00:31.885+0000: 1993.520: Application time: 5.4365063 seconds
{Heap before GC invocations=572 (full 47):
 par new generation   total 19008K, used 18796K [0x00000000c2600000, 0x00000000c3aa0000, 0x00000000d6e00000)
  eden space 16896K, 100% used [0x00000000c2600000, 0x00000000c3680000, 0x00000000c3680000)
  from space 2112K,  89% used [0x00000000c3680000, 0x00000000c385b270, 0x00000000c3890000)
  to   space 2112K,   0% used [0x00000000c3890000, 0x00000000c3890000, 0x00000000c3aa0000)
 concurrent mark-sweep generation total 116648K, used 60778K [0x00000000d6e00000, 0x00000000ddfea000, 0x0000000100000000)
 Metaspace       used 90682K, capacity 94759K, committed 94924K, reserved 1132544K
  class space    used 11441K, capacity 12196K, committed 12236K, reserved 1048576K
2022-08-07T10:00:31.886+0000: 1993.520: [GC (Allocation Failure) 2022-08-07T10:00:31.887+0000: 1993.521: [ParNew: 18796K->1737K(19008K), 0.0035270 secs] 79575K->62655K(135656K), 0.0048754 secs] [Times: user=0.01 sys=0.00, real=0.00 secs] 
Heap after GC invocations=573 (full 47):
 par new generation   total 19008K, used 1737K [0x00000000c2600000, 0x00000000c3aa0000, 0x00000000d6e00000)
  eden space 16896K,   0% used [0x00000000c2600000, 0x00000000c2600000, 0x00000000c3680000)
  from space 2112K,  82% used [0x00000000c3890000, 0x00000000c3a42568, 0x00000000c3aa0000)
  to   space 2112K,   0% used [0x00000000c3680000, 0x00000000c3680000, 0x00000000c3890000)
 concurrent mark-sweep generation total 116648K, used 60917K [0x00000000d6e00000, 0x00000000ddfea000, 0x0000000100000000)
 Metaspace       used 90682K, capacity 94759K, committed 94924K, reserved 1132544K
  class space    used 11441K, capacity 12196K, committed 12236K, reserved 1048576K
}
2022-08-07T10:00:32.893+0000: 1994.527: Application time: 1.0007424 seconds
2022-08-07T10:00:36.894+0000: 1998.528: Application time: 4.0007812 seconds
2022-08-07T10:00:39.895+0000: 2001.529: Application time: 3.0007951 seconds
2022-08-07T10:00:41.895+0000: 2003.530: Application time: 2.0002890 seconds
2022-08-07T10:00:43.897+0000: 2005.533: Application time: 2.0028321 seconds
2022-08-07T10:01:01.177+0000: 2022.845: Application time: 17.3118849 seconds
{Heap before GC invocations=573 (full 47):
 par new generation   total 19008K, used 18633K [0x00000000c2600000, 0x00000000c3aa0000, 0x00000000d6e00000)
  eden space 16896K, 100% used [0x00000000c2600000, 0x00000000c3680000, 0x00000000c3680000)
  from space 2112K,  82% used [0x00000000c3890000, 0x00000000c3a42568, 0x00000000c3aa0000)
  to   space 2112K,   0% used [0x00000000c3680000, 0x00000000c3680000, 0x00000000c3890000)
 concurrent mark-sweep generation total 116648K, used 60917K [0x00000000d6e00000, 0x00000000ddfea000, 0x0000000100000000)
 Metaspace       used 90705K, capacity 94759K, committed 94924K, reserved 1132544K
  class space    used 11441K, capacity 12196K, committed 12236K, reserved 1048576K
2022-08-07T10:01:01.178+0000: 2022.846: [GC (Allocation Failure) 2022-08-07T10:01:01.178+0000: 2022.846: [ParNew: 18633K->1321K(19008K), 0.0053695 secs] 79551K->62239K(135656K), 0.0062523 secs] [Times: user=0.01 sys=0.00, real=0.01 secs] 
Heap after GC invocations=574 (full 47):
 par new generation   total 19008K, used 1321K [0x00000000c2600000, 0x00000000c3aa0000, 0x00000000d6e00000)
  eden space 16896K,   0% used [0x00000000c2600000, 0x00000000c2600000, 0x00000000c3680000)
  from space 2112K,  62% used [0x00000000c3680000, 0x00000000c37ca4c8, 0x00000000c3890000)
  to   space 2112K,   0% used [0x00000000c3890000, 0x00000000c3890000, 0x00000000c3aa0000)
 concurrent mark-sweep generation total 116648K, used 60917K [0x00000000d6e00000, 0x00000000ddfea000, 0x0000000100000000)
 Metaspace       used 90705K, capacity 94759K, committed 94924K, reserved 1132544K
  class space    used 11441K, capacity 12196K, committed 12236K, reserved 1048576K
}
2022-08-07T10:01:02.185+0000: 2023.853: Application time: 1.0001879 seconds
2022-08-07T10:01:07.187+0000: 2028.855: Application time: 5.0014736 seconds
2022-08-07T10:01:10.188+0000: 2031.856: Application time: 3.0009167 seconds
2022-08-07T10:01:23.158+0000: 2044.860: Application time: 13.0035816 seconds
2022-08-07T10:01:25.159+0000: 2046.861: Application time: 2.0013289 seconds
2022-08-07T10:01:26.160+0000: 2047.862: Application time: 1.0002459 seconds
2022-08-07T10:01:30.304+0000: 2052.005: Application time: 4.1431154 seconds
2022-08-07T10:01:32.604+0000: 2054.306: Application time: 2.3004301 seconds
2022-08-07T10:01:33.605+0000: 2055.307: Application time: 1.0003685 seconds
2022-08-07T10:01:37.607+0000: 2059.308: Application time: 4.0014546 seconds
2022-08-07T10:01:40.623+0000: 2062.325: Application time: 3.0161386 seconds
2022-08-07T10:01:50.608+0000: 2072.344: Application time: 10.0189016 seconds
2022-08-07T10:01:52.609+0000: 2074.345: Application time: 2.0006441 seconds
2022-08-07T10:02:00.613+0000: 2082.348: Application time: 8.0031950 seconds
2022-08-07T10:02:00.630+0000: 2082.366: Application time: 0.0175900 seconds
2022-08-07T10:02:01.114+0000: 2082.850: Application time: 0.4836815 seconds
{Heap before GC invocations=574 (full 47):
 par new generation   total 19008K, used 18217K [0x00000000c2600000, 0x00000000c3aa0000, 0x00000000d6e00000)
  eden space 16896K, 100% used [0x00000000c2600000, 0x00000000c3680000, 0x00000000c3680000)
  from space 2112K,  62% used [0x00000000c3680000, 0x00000000c37ca4c8, 0x00000000c3890000)
  to   space 2112K,   0% used [0x00000000c3890000, 0x00000000c3890000, 0x00000000c3aa0000)
 concurrent mark-sweep generation total 116648K, used 60917K [0x00000000d6e00000, 0x00000000ddfea000, 0x0000000100000000)
 Metaspace       used 90722K, capacity 94759K, committed 94924K, reserved 1132544K
  class space    used 11441K, capacity 12196K, committed 12236K, reserved 1048576K
2022-08-07T10:02:01.116+0000: 2082.851: [GC (Allocation Failure) 2022-08-07T10:02:01.116+0000: 2082.852: [ParNew: 18217K->1606K(19008K), 0.0032955 secs] 79135K->62524K(135656K), 0.0041101 secs] [Times: user=0.01 sys=0.00, real=0.00 secs] 
Heap after GC invocations=575 (full 47):
 par new generation   total 19008K, used 1606K [0x00000000c2600000, 0x00000000c3aa0000, 0x00000000d6e00000)
  eden space 16896K,   0% used [0x00000000c2600000, 0x00000000c2600000, 0x00000000c3680000)
  from space 2112K,  76% used [0x00000000c3890000, 0x00000000c3a21848, 0x00000000c3aa0000)
  to   space 2112K,   0% used [0x00000000c3680000, 0x00000000c3680000, 0x00000000c3890000)
 concurrent mark-sweep generation total 116648K, used 60917K [0x00000000d6e00000, 0x00000000ddfea000, 0x0000000100000000)
 Metaspace       used 90722K, capacity 94759K, committed 94924K, reserved 1132544K
  class space    used 11441K, capacity 12196K, committed 12236K, reserved 1048576K
}
2022-08-07T10:02:02.121+0000: 2083.856: Application time: 1.0002417 seconds
2022-08-07T10:02:02.184+0000: 2083.920: Application time: 0.0634487 seconds
2022-08-07T10:02:02.185+0000: 2083.921: Application time: 0.0002253 seconds
2022-08-07T10:02:02.187+0000: 2083.922: Application time: 0.0016035 seconds
2022-08-07T10:02:02.187+0000: 2083.923: Application time: 0.0006632 seconds
2022-08-07T10:02:07.189+0000: 2088.925: Application time: 5.0016900 seconds
2022-08-07T10:02:09.190+0000: 2090.926: Application time: 2.0005098 seconds
2022-08-07T10:02:10.191+0000: 2091.926: Application time: 1.0002474 seconds
2022-08-07T10:02:10.652+0000: 2092.388: Application time: 0.4612298 seconds
2022-08-07T10:02:16.610+0000: 2098.392: Application time: 6.0038783 seconds
2022-08-07T10:02:19.625+0000: 2101.407: Application time: 3.0146135 seconds
{Heap before GC invocations=575 (full 47):
 par new generation   total 19008K, used 18502K [0x00000000c2600000, 0x00000000c3aa0000, 0x00000000d6e00000)
  eden space 16896K, 100% used [0x00000000c2600000, 0x00000000c3680000, 0x00000000c3680000)
  from space 2112K,  76% used [0x00000000c3890000, 0x00000000c3a21848, 0x00000000c3aa0000)
  to   space 2112K,   0% used [0x00000000c3680000, 0x00000000c3680000, 0x00000000c3890000)
 concurrent mark-sweep generation total 116648K, used 60917K [0x00000000d6e00000, 0x00000000ddfea000, 0x0000000100000000)
 Metaspace       used 90738K, capacity 94823K, committed 94924K, reserved 1132544K
  class space    used 11441K, capacity 12196K, committed 12236K, reserved 1048576K
2022-08-07T10:02:19.626+0000: 2101.408: [GC (Allocation Failure) 2022-08-07T10:02:19.627+0000: 2101.408: [ParNew: 18502K->1240K(19008K), 0.0030653 secs] 79420K->62158K(135656K), 0.0037505 secs] [Times: user=0.00 sys=0.01, real=0.00 secs] 
Heap after GC invocations=576 (full 47):
 par new generation   total 19008K, used 1240K [0x00000000c2600000, 0x00000000c3aa0000, 0x00000000d6e00000)
  eden space 16896K,   0% used [0x00000000c2600000, 0x00000000c2600000, 0x00000000c3680000)
  from space 2112K,  58% used [0x00000000c3680000, 0x00000000c37b61d8, 0x00000000c3890000)
  to   space 2112K,   0% used [0x00000000c3890000, 0x00000000c3890000, 0x00000000c3aa0000)
 concurrent mark-sweep generation total 116648K, used 60917K [0x00000000d6e00000, 0x00000000ddfea000, 0x0000000100000000)
 Metaspace       used 90738K, capacity 94823K, committed 94924K, reserved 1132544K
  class space    used 11441K, capacity 12196K, committed 12236K, reserved 1048576K
}
2022-08-07T10:02:20.633+0000: 2102.415: Application time: 1.0025536 seconds
2022-08-07T10:02:24.635+0000: 2106.416: Application time: 4.0011357 seconds
2022-08-07T10:02:25.635+0000: 2107.417: Application time: 1.0002389 seconds
2022-08-07T10:02:30.657+0000: 2112.438: Application time: 5.0213398 seconds
2022-08-07T10:02:40.678+0000: 2122.461: Application time: 10.0220520 seconds
2022-08-07T10:02:44.642+0000: 2126.463: Application time: 4.0023136 seconds
2022-08-07T10:02:50.662+0000: 2132.483: Application time: 6.0191589 seconds
2022-08-07T10:02:52.662+0000: 2134.483: Application time: 2.0006396 seconds
2022-08-07T10:02:56.666+0000: 2138.487: Application time: 4.0028467 seconds
2022-08-07T10:03:00.683+0000: 2142.504: Application time: 4.0177223 seconds
2022-08-07T10:03:01.161+0000: 2142.982: Application time: 0.4776189 seconds
{Heap before GC invocations=576 (full 47):
 par new generation   total 19008K, used 18136K [0x00000000c2600000, 0x00000000c3aa0000, 0x00000000d6e00000)
  eden space 16896K, 100% used [0x00000000c2600000, 0x00000000c3680000, 0x00000000c3680000)
  from space 2112K,  58% used [0x00000000c3680000, 0x00000000c37b61d8, 0x00000000c3890000)
  to   space 2112K,   0% used [0x00000000c3890000, 0x00000000c3890000, 0x00000000c3aa0000)
 concurrent mark-sweep generation total 116648K, used 60917K [0x00000000d6e00000, 0x00000000ddfea000, 0x0000000100000000)
 Metaspace       used 90748K, capacity 94823K, committed 94924K, reserved 1132544K
  class space    used 11442K, capacity 12196K, committed 12236K, reserved 1048576K
2022-08-07T10:03:01.162+0000: 2142.983: [GC (Allocation Failure) 2022-08-07T10:03:01.163+0000: 2142.984: [ParNew: 18136K->1694K(19008K), 0.0031578 secs] 79054K->62611K(135656K), 0.0038788 secs] [Times: user=0.00 sys=0.00, real=0.01 secs] 
Heap after GC invocations=577 (full 47):
 par new generation   total 19008K, used 1694K [0x00000000c2600000, 0x00000000c3aa0000, 0x00000000d6e00000)
  eden space 16896K,   0% used [0x00000000c2600000, 0x00000000c2600000, 0x00000000c3680000)
  from space 2112K,  80% used [0x00000000c3890000, 0x00000000c3a37808, 0x00000000c3aa0000)
  to   space 2112K,   0% used [0x00000000c3680000, 0x00000000c3680000, 0x00000000c3890000)
 concurrent mark-sweep generation total 116648K, used 60917K [0x00000000d6e00000, 0x00000000ddfea000, 0x0000000100000000)
 Metaspace       used 90748K, capacity 94823K, committed 94924K, reserved 1132544K
  class space    used 11442K, capacity 12196K, committed 12236K, reserved 1048576K
}
2022-08-07T10:03:02.172+0000: 2143.993: Application time: 1.0053672 seconds
2022-08-07T10:03:07.174+0000: 2148.995: Application time: 5.0008208 seconds
2022-08-07T10:03:14.175+0000: 2155.996: Application time: 7.0013275 seconds
2022-08-07T10:03:23.147+0000: 2165.003: Application time: 9.0063574 seconds
2022-08-07T10:03:25.149+0000: 2167.006: Application time: 2.0027938 seconds
2022-08-07T10:03:27.151+0000: 2169.006: Application time: 2.0005000 seconds
2022-08-07T10:03:30.151+0000: 2172.007: Application time: 3.0006658 seconds
2022-08-07T10:03:40.153+0000: 2182.009: Application time: 10.0016023 seconds
2022-08-07T10:03:49.719+0000: 2191.609: Application time: 9.5995975 seconds
{Heap before GC invocations=577 (full 47):
 par new generation   total 19008K, used 18590K [0x00000000c2600000, 0x00000000c3aa0000, 0x00000000d6e00000)
  eden space 16896K, 100% used [0x00000000c2600000, 0x00000000c3680000, 0x00000000c3680000)
  from space 2112K,  80% used [0x00000000c3890000, 0x00000000c3a37808, 0x00000000c3aa0000)
  to   space 2112K,   0% used [0x00000000c3680000, 0x00000000c3680000, 0x00000000c3890000)
 concurrent mark-sweep generation total 116648K, used 60917K [0x00000000d6e00000, 0x00000000ddfea000, 0x0000000100000000)
 Metaspace       used 90750K, capacity 94823K, committed 94924K, reserved 1132544K
  class space    used 11442K, capacity 12196K, committed 12236K, reserved 1048576K
2022-08-07T10:03:49.720+0000: 2191.610: [GC (Allocation Failure) 2022-08-07T10:03:49.721+0000: 2191.610: [ParNew: 18590K->1012K(19008K), 0.0037820 secs] 79507K->62481K(135656K), 0.0045824 secs] [Times: user=0.01 sys=0.00, real=0.00 secs] 
